

================================================================
== Vitis HLS Report for 'entry_proc58'
================================================================
* Date:           Tue Aug 11 09:18:26 2026

* Version:        2023.2 (Build 4023990 on Oct 11 2023)
* Project:        proj_int4_decoder_xo
* Solution:       solution1 (Vitis Kernel Flow Target)
* Product family: virtexuplus
* Target device:  xcu250-figd2104-2L-e


================================================================
== Performance Estimates
================================================================
+ Timing: 
    * Summary: 
    +--------+---------+----------+------------+
    |  Clock |  Target | Estimated| Uncertainty|
    +--------+---------+----------+------------+
    |ap_clk  |  3.33 ns|  1.217 ns|     0.90 ns|
    +--------+---------+----------+------------+

+ Latency: 
    * Summary: 
    +---------+---------+----------+----------+-----+-----+---------+
    |  Latency (cycles) |  Latency (absolute) |  Interval | Pipeline|
    |   min   |   max   |    min   |    max   | min | max |   Type  |
    +---------+---------+----------+----------+-----+-----+---------+
    |        0|        0|      0 ns|      0 ns|    0|    0|       no|
    +---------+---------+----------+----------+-----+-----+---------+

    + Detail: 
        * Instance: 
        N/A

        * Loop: 
        N/A



================================================================
== Utilization Estimates
================================================================
* Summary: 
+---------------------+---------+-------+---------+---------+------+
|         Name        | BRAM_18K|  DSP  |    FF   |   LUT   | URAM |
+---------------------+---------+-------+---------+---------+------+
|DSP                  |        -|      -|        -|        -|     -|
|Expression           |        -|      -|        0|        2|     -|
|FIFO                 |        -|      -|        -|        -|     -|
|Instance             |        -|      -|        -|        -|     -|
|Memory               |        -|      -|        -|        -|     -|
|Multiplexer          |        -|      -|        -|      117|     -|
|Register             |        -|      -|        2|        -|     -|
+---------------------+---------+-------+---------+---------+------+
|Total                |        0|      0|        2|      119|     0|
+---------------------+---------+-------+---------+---------+------+
|Available SLR        |     1344|   3072|   864000|   432000|   320|
+---------------------+---------+-------+---------+---------+------+
|Utilization SLR (%)  |        0|      0|       ~0|       ~0|     0|
+---------------------+---------+-------+---------+---------+------+
|Available            |     5376|  12288|  3456000|  1728000|  1280|
+---------------------+---------+-------+---------+---------+------+
|Utilization (%)      |        0|      0|       ~0|       ~0|     0|
+---------------------+---------+-------+---------+---------+------+

+ Detail: 
    * Instance: 
    N/A

    * DSP: 
    N/A

    * Memory: 
    N/A

    * FIFO: 
    N/A

    * Expression: 
    +-----------------+----------+----+---+----+------------+------------+
    |  Variable Name  | Operation| DSP| FF| LUT| Bitwidth P0| Bitwidth P1|
    +-----------------+----------+----+---+----+------------+------------+
    |ap_block_state1  |        or|   0|  0|   2|           1|           1|
    +-----------------+----------+----+---+----+------------+------------+
    |Total            |          |   0|  0|   2|           1|           1|
    +-----------------+----------+----+---+----+------------+------------+

    * Multiplexer: 
    +-----------------------------------+----+-----------+-----+-----------+
    |                Name               | LUT| Input Size| Bits| Total Bits|
    +-----------------------------------+----+-----------+-----+-----------+
    |ap_done                            |   9|          2|    1|          2|
    |controller_layer_index_in_c_blk_n  |   9|          2|    1|          2|
    |controller_linear_mode_in_c_blk_n  |   9|          2|    1|          2|
    |controller_run_linear_in_c_blk_n   |   9|          2|    1|          2|
    |idx_c_blk_n                        |   9|          2|    1|          2|
    |logits_pe0_c_blk_n                 |   9|          2|    1|          2|
    |logits_pe1_c_blk_n                 |   9|          2|    1|          2|
    |logits_pe2_c_blk_n                 |   9|          2|    1|          2|
    |logits_pe3_c_blk_n                 |   9|          2|    1|          2|
    |weight_bank0_c_blk_n               |   9|          2|    1|          2|
    |weight_bank1_c_blk_n               |   9|          2|    1|          2|
    |weight_bank2_c_blk_n               |   9|          2|    1|          2|
    |weight_bank3_c_blk_n               |   9|          2|    1|          2|
    +-----------------------------------+----+-----------+-----+-----------+
    |Total                              | 117|         26|   13|         26|
    +-----------------------------------+----+-----------+-----+-----------+

    * Register: 
    +-------------+---+----+-----+-----------+
    |     Name    | FF| LUT| Bits| Const Bits|
    +-------------+---+----+-----+-----------+
    |ap_CS_fsm    |  1|   0|    1|          0|
    |ap_done_reg  |  1|   0|    1|          0|
    +-------------+---+----+-----+-----------+
    |Total        |  2|   0|    2|          0|
    +-------------+---+----+-----+-----------+



================================================================
== Interface
================================================================
* Summary: 
+--------------------------------------------+-----+-----+------------+-----------------------------+--------------+
|                  RTL Ports                 | Dir | Bits|  Protocol  |        Source Object        |    C Type    |
+--------------------------------------------+-----+-----+------------+-----------------------------+--------------+
|ap_clk                                      |   in|    1|  ap_ctrl_hs|                 entry_proc58|  return value|
|ap_rst                                      |   in|    1|  ap_ctrl_hs|                 entry_proc58|  return value|
|ap_start                                    |   in|    1|  ap_ctrl_hs|                 entry_proc58|  return value|
|ap_done                                     |  out|    1|  ap_ctrl_hs|                 entry_proc58|  return value|
|ap_continue                                 |   in|    1|  ap_ctrl_hs|                 entry_proc58|  return value|
|ap_idle                                     |  out|    1|  ap_ctrl_hs|                 entry_proc58|  return value|
|ap_ready                                    |  out|    1|  ap_ctrl_hs|                 entry_proc58|  return value|
|weight_bank0                                |   in|   64|     ap_none|                 weight_bank0|        scalar|
|weight_bank0_c_din                          |  out|   64|     ap_fifo|               weight_bank0_c|       pointer|
|weight_bank0_c_num_data_valid               |   in|    3|     ap_fifo|               weight_bank0_c|       pointer|
|weight_bank0_c_fifo_cap                     |   in|    3|     ap_fifo|               weight_bank0_c|       pointer|
|weight_bank0_c_full_n                       |   in|    1|     ap_fifo|               weight_bank0_c|       pointer|
|weight_bank0_c_write                        |  out|    1|     ap_fifo|               weight_bank0_c|       pointer|
|weight_bank1                                |   in|   64|     ap_none|                 weight_bank1|        scalar|
|weight_bank1_c_din                          |  out|   64|     ap_fifo|               weight_bank1_c|       pointer|
|weight_bank1_c_num_data_valid               |   in|    3|     ap_fifo|               weight_bank1_c|       pointer|
|weight_bank1_c_fifo_cap                     |   in|    3|     ap_fifo|               weight_bank1_c|       pointer|
|weight_bank1_c_full_n                       |   in|    1|     ap_fifo|               weight_bank1_c|       pointer|
|weight_bank1_c_write                        |  out|    1|     ap_fifo|               weight_bank1_c|       pointer|
|weight_bank2                                |   in|   64|     ap_none|                 weight_bank2|        scalar|
|weight_bank2_c_din                          |  out|   64|     ap_fifo|               weight_bank2_c|       pointer|
|weight_bank2_c_num_data_valid               |   in|    3|     ap_fifo|               weight_bank2_c|       pointer|
|weight_bank2_c_fifo_cap                     |   in|    3|     ap_fifo|               weight_bank2_c|       pointer|
|weight_bank2_c_full_n                       |   in|    1|     ap_fifo|               weight_bank2_c|       pointer|
|weight_bank2_c_write                        |  out|    1|     ap_fifo|               weight_bank2_c|       pointer|
|weight_bank3                                |   in|   64|     ap_none|                 weight_bank3|        scalar|
|weight_bank3_c_din                          |  out|   64|     ap_fifo|               weight_bank3_c|       pointer|
|weight_bank3_c_num_data_valid               |   in|    3|     ap_fifo|               weight_bank3_c|       pointer|
|weight_bank3_c_fifo_cap                     |   in|    3|     ap_fifo|               weight_bank3_c|       pointer|
|weight_bank3_c_full_n                       |   in|    1|     ap_fifo|               weight_bank3_c|       pointer|
|weight_bank3_c_write                        |  out|    1|     ap_fifo|               weight_bank3_c|       pointer|
|logits_pe0                                  |   in|   64|     ap_none|                   logits_pe0|        scalar|
|logits_pe0_c_din                            |  out|   64|     ap_fifo|                 logits_pe0_c|       pointer|
|logits_pe0_c_num_data_valid                 |   in|    3|     ap_fifo|                 logits_pe0_c|       pointer|
|logits_pe0_c_fifo_cap                       |   in|    3|     ap_fifo|                 logits_pe0_c|       pointer|
|logits_pe0_c_full_n                         |   in|    1|     ap_fifo|                 logits_pe0_c|       pointer|
|logits_pe0_c_write                          |  out|    1|     ap_fifo|                 logits_pe0_c|       pointer|
|logits_pe1                                  |   in|   64|     ap_none|                   logits_pe1|        scalar|
|logits_pe1_c_din                            |  out|   64|     ap_fifo|                 logits_pe1_c|       pointer|
|logits_pe1_c_num_data_valid                 |   in|    3|     ap_fifo|                 logits_pe1_c|       pointer|
|logits_pe1_c_fifo_cap                       |   in|    3|     ap_fifo|                 logits_pe1_c|       pointer|
|logits_pe1_c_full_n                         |   in|    1|     ap_fifo|                 logits_pe1_c|       pointer|
|logits_pe1_c_write                          |  out|    1|     ap_fifo|                 logits_pe1_c|       pointer|
|logits_pe2                                  |   in|   64|     ap_none|                   logits_pe2|        scalar|
|logits_pe2_c_din                            |  out|   64|     ap_fifo|                 logits_pe2_c|       pointer|
|logits_pe2_c_num_data_valid                 |   in|    3|     ap_fifo|                 logits_pe2_c|       pointer|
|logits_pe2_c_fifo_cap                       |   in|    3|     ap_fifo|                 logits_pe2_c|       pointer|
|logits_pe2_c_full_n                         |   in|    1|     ap_fifo|                 logits_pe2_c|       pointer|
|logits_pe2_c_write                          |  out|    1|     ap_fifo|                 logits_pe2_c|       pointer|
|logits_pe3                                  |   in|   64|     ap_none|                   logits_pe3|        scalar|
|logits_pe3_c_din                            |  out|   64|     ap_fifo|                 logits_pe3_c|       pointer|
|logits_pe3_c_num_data_valid                 |   in|    3|     ap_fifo|                 logits_pe3_c|       pointer|
|logits_pe3_c_fifo_cap                       |   in|    3|     ap_fifo|                 logits_pe3_c|       pointer|
|logits_pe3_c_full_n                         |   in|    1|     ap_fifo|                 logits_pe3_c|       pointer|
|logits_pe3_c_write                          |  out|    1|     ap_fifo|                 logits_pe3_c|       pointer|
|p_read                                      |   in|    1|     ap_none|                       p_read|        scalar|
|controller_run_linear_in_c_din              |  out|    1|     ap_fifo|   controller_run_linear_in_c|       pointer|
|controller_run_linear_in_c_num_data_valid   |   in|    3|     ap_fifo|   controller_run_linear_in_c|       pointer|
|controller_run_linear_in_c_fifo_cap         |   in|    3|     ap_fifo|   controller_run_linear_in_c|       pointer|
|controller_run_linear_in_c_full_n           |   in|    1|     ap_fifo|   controller_run_linear_in_c|       pointer|
|controller_run_linear_in_c_write            |  out|    1|     ap_fifo|   controller_run_linear_in_c|       pointer|
|p_read1                                     |   in|    3|     ap_none|                      p_read1|        scalar|
|controller_linear_mode_in_c_din             |  out|    3|     ap_fifo|  controller_linear_mode_in_c|       pointer|
|controller_linear_mode_in_c_num_data_valid  |   in|    3|     ap_fifo|  controller_linear_mode_in_c|       pointer|
|controller_linear_mode_in_c_fifo_cap        |   in|    3|     ap_fifo|  controller_linear_mode_in_c|       pointer|
|controller_linear_mode_in_c_full_n          |   in|    1|     ap_fifo|  controller_linear_mode_in_c|       pointer|
|controller_linear_mode_in_c_write           |  out|    1|     ap_fifo|  controller_linear_mode_in_c|       pointer|
|p_read2                                     |   in|    6|     ap_none|                      p_read2|        scalar|
|controller_layer_index_in_c_din             |  out|    6|     ap_fifo|  controller_layer_index_in_c|       pointer|
|controller_layer_index_in_c_num_data_valid  |   in|    3|     ap_fifo|  controller_layer_index_in_c|       pointer|
|controller_layer_index_in_c_fifo_cap        |   in|    3|     ap_fifo|  controller_layer_index_in_c|       pointer|
|controller_layer_index_in_c_full_n          |   in|    1|     ap_fifo|  controller_layer_index_in_c|       pointer|
|controller_layer_index_in_c_write           |  out|    1|     ap_fifo|  controller_layer_index_in_c|       pointer|
|idx                                         |   in|   13|     ap_none|                          idx|        scalar|
|idx_c_din                                   |  out|   13|     ap_fifo|                        idx_c|       pointer|
|idx_c_num_data_valid                        |   in|    3|     ap_fifo|                        idx_c|       pointer|
|idx_c_fifo_cap                              |   in|    3|     ap_fifo|                        idx_c|       pointer|
|idx_c_full_n                                |   in|    1|     ap_fifo|                        idx_c|       pointer|
|idx_c_write                                 |  out|    1|     ap_fifo|                        idx_c|       pointer|
+--------------------------------------------+-----+-----+------------+-----------------------------+--------------+

============================================================
+ Verbose Summary: Synthesis Manager
============================================================
InlineROM: 1
ExposeGlobal: 0
============================================================
+ Verbose Summary: CDFG Model
============================================================
IsTopModel: 0
ResetActiveHigh: 1
IsCombinational: 2
IsDatapathOnly: 0
HasWiredReturn: 1
HasMFsm: 0
HasVarLatency: 0
IsPipeline: 0
IsRtlPipelined: 0
IsInstanceOverlapped: 0
IsDontTouch: 0
HasImplIP: 0
IsGatedGlobalClock: 0


============================================================
+ Verbose Summary: Schedule
============================================================
* Number of FSM states : 1
* Pipeline : 0
* Dataflow Pipeline: 0

* FSM state transitions: 
1 --> 

* FSM state operations: 

State 1 <SV = 0> <Delay = 1.21>
ST_1 : Operation 2 [1/1] (0.00ns)   --->   "%specinterface_ln0 = specinterface void @_ssdm_op_SpecInterface, i13 %idx_c, void @ap_fifo_str, i32 0, i32 0, void @p_str, i32 0, i32 0, void @p_str, void @p_str, void @p_str, i32 2, i32 2, i32 16, i32 16, void @p_str, void @ScalarProp_str, i32 4294967295, i32 0"   --->   Operation 2 'specinterface' 'specinterface_ln0' <Predicate = true> <Delay = 0.00>
ST_1 : Operation 3 [1/1] (0.00ns)   --->   "%idx_read = read i13 @_ssdm_op_Read.ap_auto.i13, i13 %idx"   --->   Operation 3 'read' 'idx_read' <Predicate = true> <Delay = 0.00>
ST_1 : Operation 4 [1/1] (0.00ns)   --->   "%p_read211 = read i6 @_ssdm_op_Read.ap_auto.i6, i6 %p_read2"   --->   Operation 4 'read' 'p_read211' <Predicate = true> <Delay = 0.00>
ST_1 : Operation 5 [1/1] (0.00ns)   --->   "%p_read110 = read i3 @_ssdm_op_Read.ap_auto.i3, i3 %p_read1"   --->   Operation 5 'read' 'p_read110' <Predicate = true> <Delay = 0.00>
ST_1 : Operation 6 [1/1] (0.00ns)   --->   "%p_read_20 = read i1 @_ssdm_op_Read.ap_auto.i1, i1 %p_read"   --->   Operation 6 'read' 'p_read_20' <Predicate = true> <Delay = 0.00>
ST_1 : Operation 7 [1/1] (0.00ns)   --->   "%logits_pe3_read = read i64 @_ssdm_op_Read.ap_auto.i64, i64 %logits_pe3"   --->   Operation 7 'read' 'logits_pe3_read' <Predicate = true> <Delay = 0.00>
ST_1 : Operation 8 [1/1] (0.00ns)   --->   "%logits_pe2_read = read i64 @_ssdm_op_Read.ap_auto.i64, i64 %logits_pe2"   --->   Operation 8 'read' 'logits_pe2_read' <Predicate = true> <Delay = 0.00>
ST_1 : Operation 9 [1/1] (0.00ns)   --->   "%logits_pe1_read = read i64 @_ssdm_op_Read.ap_auto.i64, i64 %logits_pe1"   --->   Operation 9 'read' 'logits_pe1_read' <Predicate = true> <Delay = 0.00>
ST_1 : Operation 10 [1/1] (0.00ns)   --->   "%logits_pe0_read = read i64 @_ssdm_op_Read.ap_auto.i64, i64 %logits_pe0"   --->   Operation 10 'read' 'logits_pe0_read' <Predicate = true> <Delay = 0.00>
ST_1 : Operation 11 [1/1] (0.00ns)   --->   "%weight_bank3_read = read i64 @_ssdm_op_Read.ap_auto.i64, i64 %weight_bank3"   --->   Operation 11 'read' 'weight_bank3_read' <Predicate = true> <Delay = 0.00>
ST_1 : Operation 12 [1/1] (0.00ns)   --->   "%weight_bank2_read = read i64 @_ssdm_op_Read.ap_auto.i64, i64 %weight_bank2"   --->   Operation 12 'read' 'weight_bank2_read' <Predicate = true> <Delay = 0.00>
ST_1 : Operation 13 [1/1] (0.00ns)   --->   "%weight_bank1_read = read i64 @_ssdm_op_Read.ap_auto.i64, i64 %weight_bank1"   --->   Operation 13 'read' 'weight_bank1_read' <Predicate = true> <Delay = 0.00>
ST_1 : Operation 14 [1/1] (0.00ns)   --->   "%weight_bank0_read = read i64 @_ssdm_op_Read.ap_auto.i64, i64 %weight_bank0"   --->   Operation 14 'read' 'weight_bank0_read' <Predicate = true> <Delay = 0.00>
ST_1 : Operation 15 [1/1] (1.21ns)   --->   "%write_ln0 = write void @_ssdm_op_Write.ap_fifo.i13P0A, i13 %idx_c, i13 %idx_read"   --->   Operation 15 'write' 'write_ln0' <Predicate = true> <Delay = 1.21> <CoreInst = "FIFO_SRL">   --->   Core 81 'FIFO_SRL' <Latency = 0> <II = 1> <Delay = 1.33> <Storage> <Opcode : 'read' 'write' 'nbread' 'nbwrite'> <Ports = 0> <Width = 13> <Depth = 3> <FIFO>
ST_1 : Operation 16 [1/1] (0.00ns)   --->   "%specinterface_ln0 = specinterface void @_ssdm_op_SpecInterface, i6 %controller_layer_index_in_c, void @ap_fifo_str, i32 0, i32 0, void @p_str, i32 0, i32 0, void @p_str, void @p_str, void @p_str, i32 2, i32 2, i32 16, i32 16, void @p_str, void @ScalarProp_str, i32 4294967295, i32 0"   --->   Operation 16 'specinterface' 'specinterface_ln0' <Predicate = true> <Delay = 0.00>
ST_1 : Operation 17 [1/1] (1.21ns)   --->   "%write_ln0 = write void @_ssdm_op_Write.ap_fifo.i6P0A, i6 %controller_layer_index_in_c, i6 %p_read211"   --->   Operation 17 'write' 'write_ln0' <Predicate = true> <Delay = 1.21> <CoreInst = "FIFO_SRL">   --->   Core 81 'FIFO_SRL' <Latency = 0> <II = 1> <Delay = 1.36> <Storage> <Opcode : 'read' 'write' 'nbread' 'nbwrite'> <Ports = 0> <Width = 6> <Depth = 3> <FIFO>
ST_1 : Operation 18 [1/1] (0.00ns)   --->   "%specinterface_ln0 = specinterface void @_ssdm_op_SpecInterface, i3 %controller_linear_mode_in_c, void @ap_fifo_str, i32 0, i32 0, void @p_str, i32 0, i32 0, void @p_str, void @p_str, void @p_str, i32 2, i32 2, i32 16, i32 16, void @p_str, void @ScalarProp_str, i32 4294967295, i32 0"   --->   Operation 18 'specinterface' 'specinterface_ln0' <Predicate = true> <Delay = 0.00>
ST_1 : Operation 19 [1/1] (1.21ns)   --->   "%write_ln0 = write void @_ssdm_op_Write.ap_fifo.i3P0A, i3 %controller_linear_mode_in_c, i3 %p_read110"   --->   Operation 19 'write' 'write_ln0' <Predicate = true> <Delay = 1.21> <CoreInst = "FIFO_SRL">   --->   Core 81 'FIFO_SRL' <Latency = 0> <II = 1> <Delay = 1.39> <Storage> <Opcode : 'read' 'write' 'nbread' 'nbwrite'> <Ports = 0> <Width = 3> <Depth = 3> <FIFO>
ST_1 : Operation 20 [1/1] (0.00ns)   --->   "%specinterface_ln0 = specinterface void @_ssdm_op_SpecInterface, i1 %controller_run_linear_in_c, void @ap_fifo_str, i32 0, i32 0, void @p_str, i32 0, i32 0, void @p_str, void @p_str, void @p_str, i32 2, i32 2, i32 16, i32 16, void @p_str, void @ScalarProp_str, i32 4294967295, i32 0"   --->   Operation 20 'specinterface' 'specinterface_ln0' <Predicate = true> <Delay = 0.00>
ST_1 : Operation 21 [1/1] (1.21ns)   --->   "%write_ln0 = write void @_ssdm_op_Write.ap_fifo.i1P0A, i1 %controller_run_linear_in_c, i1 %p_read_20"   --->   Operation 21 'write' 'write_ln0' <Predicate = true> <Delay = 1.21> <CoreInst = "FIFO_SRL">   --->   Core 81 'FIFO_SRL' <Latency = 0> <II = 1> <Delay = 1.35> <Storage> <Opcode : 'read' 'write' 'nbread' 'nbwrite'> <Ports = 0> <Width = 1> <Depth = 3> <FIFO>
ST_1 : Operation 22 [1/1] (0.00ns)   --->   "%specinterface_ln0 = specinterface void @_ssdm_op_SpecInterface, i64 %logits_pe3_c, void @ap_fifo_str, i32 0, i32 0, void @p_str, i32 0, i32 0, void @p_str, void @p_str, void @p_str, i32 2, i32 2, i32 16, i32 16, void @p_str, void @ScalarProp_str, i32 4294967295, i32 0"   --->   Operation 22 'specinterface' 'specinterface_ln0' <Predicate = true> <Delay = 0.00>
ST_1 : Operation 23 [1/1] (1.21ns)   --->   "%write_ln0 = write void @_ssdm_op_Write.ap_fifo.i64P0A, i64 %logits_pe3_c, i64 %logits_pe3_read"   --->   Operation 23 'write' 'write_ln0' <Predicate = true> <Delay = 1.21> <CoreInst = "FIFO_SRL">   --->   Core 81 'FIFO_SRL' <Latency = 0> <II = 1> <Delay = 1.41> <Storage> <Opcode : 'read' 'write' 'nbread' 'nbwrite'> <Ports = 0> <Width = 64> <Depth = 3> <FIFO>
ST_1 : Operation 24 [1/1] (0.00ns)   --->   "%specinterface_ln0 = specinterface void @_ssdm_op_SpecInterface, i64 %logits_pe2_c, void @ap_fifo_str, i32 0, i32 0, void @p_str, i32 0, i32 0, void @p_str, void @p_str, void @p_str, i32 2, i32 2, i32 16, i32 16, void @p_str, void @ScalarProp_str, i32 4294967295, i32 0"   --->   Operation 24 'specinterface' 'specinterface_ln0' <Predicate = true> <Delay = 0.00>
ST_1 : Operation 25 [1/1] (1.21ns)   --->   "%write_ln0 = write void @_ssdm_op_Write.ap_fifo.i64P0A, i64 %logits_pe2_c, i64 %logits_pe2_read"   --->   Operation 25 'write' 'write_ln0' <Predicate = true> <Delay = 1.21> <CoreInst = "FIFO_SRL">   --->   Core 81 'FIFO_SRL' <Latency = 0> <II = 1> <Delay = 1.41> <Storage> <Opcode : 'read' 'write' 'nbread' 'nbwrite'> <Ports = 0> <Width = 64> <Depth = 3> <FIFO>
ST_1 : Operation 26 [1/1] (0.00ns)   --->   "%specinterface_ln0 = specinterface void @_ssdm_op_SpecInterface, i64 %logits_pe1_c, void @ap_fifo_str, i32 0, i32 0, void @p_str, i32 0, i32 0, void @p_str, void @p_str, void @p_str, i32 2, i32 2, i32 16, i32 16, void @p_str, void @ScalarProp_str, i32 4294967295, i32 0"   --->   Operation 26 'specinterface' 'specinterface_ln0' <Predicate = true> <Delay = 0.00>
ST_1 : Operation 27 [1/1] (1.21ns)   --->   "%write_ln0 = write void @_ssdm_op_Write.ap_fifo.i64P0A, i64 %logits_pe1_c, i64 %logits_pe1_read"   --->   Operation 27 'write' 'write_ln0' <Predicate = true> <Delay = 1.21> <CoreInst = "FIFO_SRL">   --->   Core 81 'FIFO_SRL' <Latency = 0> <II = 1> <Delay = 1.41> <Storage> <Opcode : 'read' 'write' 'nbread' 'nbwrite'> <Ports = 0> <Width = 64> <Depth = 3> <FIFO>
ST_1 : Operation 28 [1/1] (0.00ns)   --->   "%specinterface_ln0 = specinterface void @_ssdm_op_SpecInterface, i64 %logits_pe0_c, void @ap_fifo_str, i32 0, i32 0, void @p_str, i32 0, i32 0, void @p_str, void @p_str, void @p_str, i32 2, i32 2, i32 16, i32 16, void @p_str, void @ScalarProp_str, i32 4294967295, i32 0"   --->   Operation 28 'specinterface' 'specinterface_ln0' <Predicate = true> <Delay = 0.00>
ST_1 : Operation 29 [1/1] (1.21ns)   --->   "%write_ln0 = write void @_ssdm_op_Write.ap_fifo.i64P0A, i64 %logits_pe0_c, i64 %logits_pe0_read"   --->   Operation 29 'write' 'write_ln0' <Predicate = true> <Delay = 1.21> <CoreInst = "FIFO_SRL">   --->   Core 81 'FIFO_SRL' <Latency = 0> <II = 1> <Delay = 1.41> <Storage> <Opcode : 'read' 'write' 'nbread' 'nbwrite'> <Ports = 0> <Width = 64> <Depth = 3> <FIFO>
ST_1 : Operation 30 [1/1] (0.00ns)   --->   "%specinterface_ln0 = specinterface void @_ssdm_op_SpecInterface, i64 %weight_bank3_c, void @ap_fifo_str, i32 0, i32 0, void @p_str, i32 0, i32 0, void @p_str, void @p_str, void @p_str, i32 2, i32 2, i32 16, i32 16, void @p_str, void @ScalarProp_str, i32 4294967295, i32 0"   --->   Operation 30 'specinterface' 'specinterface_ln0' <Predicate = true> <Delay = 0.00>
ST_1 : Operation 31 [1/1] (1.21ns)   --->   "%write_ln0 = write void @_ssdm_op_Write.ap_fifo.i64P0A, i64 %weight_bank3_c, i64 %weight_bank3_read"   --->   Operation 31 'write' 'write_ln0' <Predicate = true> <Delay = 1.21> <CoreInst = "FIFO_SRL">   --->   Core 81 'FIFO_SRL' <Latency = 0> <II = 1> <Delay = 1.41> <Storage> <Opcode : 'read' 'write' 'nbread' 'nbwrite'> <Ports = 0> <Width = 64> <Depth = 3> <FIFO>
ST_1 : Operation 32 [1/1] (0.00ns)   --->   "%specinterface_ln0 = specinterface void @_ssdm_op_SpecInterface, i64 %weight_bank2_c, void @ap_fifo_str, i32 0, i32 0, void @p_str, i32 0, i32 0, void @p_str, void @p_str, void @p_str, i32 2, i32 2, i32 16, i32 16, void @p_str, void @ScalarProp_str, i32 4294967295, i32 0"   --->   Operation 32 'specinterface' 'specinterface_ln0' <Predicate = true> <Delay = 0.00>
ST_1 : Operation 33 [1/1] (1.21ns)   --->   "%write_ln0 = write void @_ssdm_op_Write.ap_fifo.i64P0A, i64 %weight_bank2_c, i64 %weight_bank2_read"   --->   Operation 33 'write' 'write_ln0' <Predicate = true> <Delay = 1.21> <CoreInst = "FIFO_SRL">   --->   Core 81 'FIFO_SRL' <Latency = 0> <II = 1> <Delay = 1.41> <Storage> <Opcode : 'read' 'write' 'nbread' 'nbwrite'> <Ports = 0> <Width = 64> <Depth = 3> <FIFO>
ST_1 : Operation 34 [1/1] (0.00ns)   --->   "%specinterface_ln0 = specinterface void @_ssdm_op_SpecInterface, i64 %weight_bank1_c, void @ap_fifo_str, i32 0, i32 0, void @p_str, i32 0, i32 0, void @p_str, void @p_str, void @p_str, i32 2, i32 2, i32 16, i32 16, void @p_str, void @ScalarProp_str, i32 4294967295, i32 0"   --->   Operation 34 'specinterface' 'specinterface_ln0' <Predicate = true> <Delay = 0.00>
ST_1 : Operation 35 [1/1] (1.21ns)   --->   "%write_ln0 = write void @_ssdm_op_Write.ap_fifo.i64P0A, i64 %weight_bank1_c, i64 %weight_bank1_read"   --->   Operation 35 'write' 'write_ln0' <Predicate = true> <Delay = 1.21> <CoreInst = "FIFO_SRL">   --->   Core 81 'FIFO_SRL' <Latency = 0> <II = 1> <Delay = 1.41> <Storage> <Opcode : 'read' 'write' 'nbread' 'nbwrite'> <Ports = 0> <Width = 64> <Depth = 3> <FIFO>
ST_1 : Operation 36 [1/1] (0.00ns)   --->   "%specinterface_ln0 = specinterface void @_ssdm_op_SpecInterface, i64 %weight_bank0_c, void @ap_fifo_str, i32 0, i32 0, void @p_str, i32 0, i32 0, void @p_str, void @p_str, void @p_str, i32 2, i32 2, i32 16, i32 16, void @p_str, void @ScalarProp_str, i32 4294967295, i32 0"   --->   Operation 36 'specinterface' 'specinterface_ln0' <Predicate = true> <Delay = 0.00>
ST_1 : Operation 37 [1/1] (1.21ns)   --->   "%write_ln0 = write void @_ssdm_op_Write.ap_fifo.i64P0A, i64 %weight_bank0_c, i64 %weight_bank0_read"   --->   Operation 37 'write' 'write_ln0' <Predicate = true> <Delay = 1.21> <CoreInst = "FIFO_SRL">   --->   Core 81 'FIFO_SRL' <Latency = 0> <II = 1> <Delay = 1.41> <Storage> <Opcode : 'read' 'write' 'nbread' 'nbwrite'> <Ports = 0> <Width = 64> <Depth = 3> <FIFO>
ST_1 : Operation 38 [1/1] (0.00ns)   --->   "%ret_ln0 = ret"   --->   Operation 38 'ret' 'ret_ln0' <Predicate = true> <Delay = 0.00>


============================================================
+ Verbose Summary: Binding
============================================================
STG Binding: 
---------------- STG Properties BEGIN ----------------
- Is combinational: 0
- Is one-state seq: 1
- Is datapath-only: 0
- Is pipelined: 0
- Is top level: 0
Port [ Return ] is wired: 1; IO mode=ap_ctrl_hs:ce=0
Port [ weight_bank0]:  wired=1; compound=0; hidden=0; nouse=0; global=0; static=0; extern=0; dir=0; type=0; pingpong=0; private_global=0; IO mode=ap_none:ce=0
Port [ weight_bank0_c]:  wired=1; compound=1; hidden=0; nouse=0; global=0; static=0; extern=0; dir=1; type=3; pingpong=0; private_global=0; IO mode=ap_fifo:ce=0
Port [ weight_bank1]:  wired=1; compound=0; hidden=0; nouse=0; global=0; static=0; extern=0; dir=0; type=0; pingpong=0; private_global=0; IO mode=ap_none:ce=0
Port [ weight_bank1_c]:  wired=1; compound=1; hidden=0; nouse=0; global=0; static=0; extern=0; dir=1; type=3; pingpong=0; private_global=0; IO mode=ap_fifo:ce=0
Port [ weight_bank2]:  wired=1; compound=0; hidden=0; nouse=0; global=0; static=0; extern=0; dir=0; type=0; pingpong=0; private_global=0; IO mode=ap_none:ce=0
Port [ weight_bank2_c]:  wired=1; compound=1; hidden=0; nouse=0; global=0; static=0; extern=0; dir=1; type=3; pingpong=0; private_global=0; IO mode=ap_fifo:ce=0
Port [ weight_bank3]:  wired=1; compound=0; hidden=0; nouse=0; global=0; static=0; extern=0; dir=0; type=0; pingpong=0; private_global=0; IO mode=ap_none:ce=0
Port [ weight_bank3_c]:  wired=1; compound=1; hidden=0; nouse=0; global=0; static=0; extern=0; dir=1; type=3; pingpong=0; private_global=0; IO mode=ap_fifo:ce=0
Port [ logits_pe0]:  wired=1; compound=0; hidden=0; nouse=0; global=0; static=0; extern=0; dir=0; type=0; pingpong=0; private_global=0; IO mode=ap_none:ce=0
Port [ logits_pe0_c]:  wired=1; compound=1; hidden=0; nouse=0; global=0; static=0; extern=0; dir=1; type=3; pingpong=0; private_global=0; IO mode=ap_fifo:ce=0
Port [ logits_pe1]:  wired=1; compound=0; hidden=0; nouse=0; global=0; static=0; extern=0; dir=0; type=0; pingpong=0; private_global=0; IO mode=ap_none:ce=0
Port [ logits_pe1_c]:  wired=1; compound=1; hidden=0; nouse=0; global=0; static=0; extern=0; dir=1; type=3; pingpong=0; private_global=0; IO mode=ap_fifo:ce=0
Port [ logits_pe2]:  wired=1; compound=0; hidden=0; nouse=0; global=0; static=0; extern=0; dir=0; type=0; pingpong=0; private_global=0; IO mode=ap_none:ce=0
Port [ logits_pe2_c]:  wired=1; compound=1; hidden=0; nouse=0; global=0; static=0; extern=0; dir=1; type=3; pingpong=0; private_global=0; IO mode=ap_fifo:ce=0
Port [ logits_pe3]:  wired=1; compound=0; hidden=0; nouse=0; global=0; static=0; extern=0; dir=0; type=0; pingpong=0; private_global=0; IO mode=ap_none:ce=0
Port [ logits_pe3_c]:  wired=1; compound=1; hidden=0; nouse=0; global=0; static=0; extern=0; dir=1; type=3; pingpong=0; private_global=0; IO mode=ap_fifo:ce=0
Port [ p_read]:  wired=1; compound=0; hidden=0; nouse=0; global=0; static=0; extern=0; dir=0; type=0; pingpong=0; private_global=0; IO mode=ap_none:ce=0
Port [ controller_run_linear_in_c]:  wired=1; compound=1; hidden=0; nouse=0; global=0; static=0; extern=0; dir=1; type=3; pingpong=0; private_global=0; IO mode=ap_fifo:ce=0
Port [ p_read1]:  wired=1; compound=0; hidden=0; nouse=0; global=0; static=0; extern=0; dir=0; type=0; pingpong=0; private_global=0; IO mode=ap_none:ce=0
Port [ controller_linear_mode_in_c]:  wired=1; compound=1; hidden=0; nouse=0; global=0; static=0; extern=0; dir=1; type=3; pingpong=0; private_global=0; IO mode=ap_fifo:ce=0
Port [ p_read2]:  wired=1; compound=0; hidden=0; nouse=0; global=0; static=0; extern=0; dir=0; type=0; pingpong=0; private_global=0; IO mode=ap_none:ce=0
Port [ controller_layer_index_in_c]:  wired=1; compound=1; hidden=0; nouse=0; global=0; static=0; extern=0; dir=1; type=3; pingpong=0; private_global=0; IO mode=ap_fifo:ce=0
Port [ idx]:  wired=1; compound=0; hidden=0; nouse=0; global=0; static=0; extern=0; dir=0; type=0; pingpong=0; private_global=0; IO mode=ap_none:ce=0
Port [ idx_c]:  wired=1; compound=1; hidden=0; nouse=0; global=0; static=0; extern=0; dir=1; type=3; pingpong=0; private_global=0; IO mode=ap_fifo:ce=0
---------------- STG Properties END ------------------

---------------- Datapath Model BEGIN ----------------

<LifeTime>
<method=bitvector/>
specinterface_ln0 (specinterface) [ 00]
idx_read          (read         ) [ 00]
p_read211         (read         ) [ 00]
p_read110         (read         ) [ 00]
p_read_20         (read         ) [ 00]
logits_pe3_read   (read         ) [ 00]
logits_pe2_read   (read         ) [ 00]
logits_pe1_read   (read         ) [ 00]
logits_pe0_read   (read         ) [ 00]
weight_bank3_read (read         ) [ 00]
weight_bank2_read (read         ) [ 00]
weight_bank1_read (read         ) [ 00]
weight_bank0_read (read         ) [ 00]
write_ln0         (write        ) [ 00]
specinterface_ln0 (specinterface) [ 00]
write_ln0         (write        ) [ 00]
specinterface_ln0 (specinterface) [ 00]
write_ln0         (write        ) [ 00]
specinterface_ln0 (specinterface) [ 00]
write_ln0         (write        ) [ 00]
specinterface_ln0 (specinterface) [ 00]
write_ln0         (write        ) [ 00]
specinterface_ln0 (specinterface) [ 00]
write_ln0         (write        ) [ 00]
specinterface_ln0 (specinterface) [ 00]
write_ln0         (write        ) [ 00]
specinterface_ln0 (specinterface) [ 00]
write_ln0         (write        ) [ 00]
specinterface_ln0 (specinterface) [ 00]
write_ln0         (write        ) [ 00]
specinterface_ln0 (specinterface) [ 00]
write_ln0         (write        ) [ 00]
specinterface_ln0 (specinterface) [ 00]
write_ln0         (write        ) [ 00]
specinterface_ln0 (specinterface) [ 00]
write_ln0         (write        ) [ 00]
ret_ln0           (ret          ) [ 00]
</LifeTime>

<model>

<comp_list>
<comp id="0" class="1000" name="weight_bank0">
<pin_list>
<pin id="1" dir="1" index="0" bw="1" slack="0"/>
</pin_list>
<bind>
<StgValue><ssdm name="weight_bank0"/></StgValue>
</bind>
</comp>

<comp id="2" class="1000" name="weight_bank0_c">
<pin_list>
<pin id="3" dir="1" index="0" bw="1" slack="0"/>
</pin_list>
<bind>
<StgValue><ssdm name="weight_bank0_c"/></StgValue>
</bind>
</comp>

<comp id="4" class="1000" name="weight_bank1">
<pin_list>
<pin id="5" dir="1" index="0" bw="1" slack="0"/>
</pin_list>
<bind>
<StgValue><ssdm name="weight_bank1"/></StgValue>
</bind>
</comp>

<comp id="6" class="1000" name="weight_bank1_c">
<pin_list>
<pin id="7" dir="1" index="0" bw="1" slack="0"/>
</pin_list>
<bind>
<StgValue><ssdm name="weight_bank1_c"/></StgValue>
</bind>
</comp>

<comp id="8" class="1000" name="weight_bank2">
<pin_list>
<pin id="9" dir="1" index="0" bw="1" slack="0"/>
</pin_list>
<bind>
<StgValue><ssdm name="weight_bank2"/></StgValue>
</bind>
</comp>

<comp id="10" class="1000" name="weight_bank2_c">
<pin_list>
<pin id="11" dir="1" index="0" bw="1" slack="0"/>
</pin_list>
<bind>
<StgValue><ssdm name="weight_bank2_c"/></StgValue>
</bind>
</comp>

<comp id="12" class="1000" name="weight_bank3">
<pin_list>
<pin id="13" dir="1" index="0" bw="1" slack="0"/>
</pin_list>
<bind>
<StgValue><ssdm name="weight_bank3"/></StgValue>
</bind>
</comp>

<comp id="14" class="1000" name="weight_bank3_c">
<pin_list>
<pin id="15" dir="1" index="0" bw="1" slack="0"/>
</pin_list>
<bind>
<StgValue><ssdm name="weight_bank3_c"/></StgValue>
</bind>
</comp>

<comp id="16" class="1000" name="logits_pe0">
<pin_list>
<pin id="17" dir="1" index="0" bw="1" slack="0"/>
</pin_list>
<bind>
<StgValue><ssdm name="logits_pe0"/></StgValue>
</bind>
</comp>

<comp id="18" class="1000" name="logits_pe0_c">
<pin_list>
<pin id="19" dir="1" index="0" bw="1" slack="0"/>
</pin_list>
<bind>
<StgValue><ssdm name="logits_pe0_c"/></StgValue>
</bind>
</comp>

<comp id="20" class="1000" name="logits_pe1">
<pin_list>
<pin id="21" dir="1" index="0" bw="1" slack="0"/>
</pin_list>
<bind>
<StgValue><ssdm name="logits_pe1"/></StgValue>
</bind>
</comp>

<comp id="22" class="1000" name="logits_pe1_c">
<pin_list>
<pin id="23" dir="1" index="0" bw="1" slack="0"/>
</pin_list>
<bind>
<StgValue><ssdm name="logits_pe1_c"/></StgValue>
</bind>
</comp>

<comp id="24" class="1000" name="logits_pe2">
<pin_list>
<pin id="25" dir="1" index="0" bw="1" slack="0"/>
</pin_list>
<bind>
<StgValue><ssdm name="logits_pe2"/></StgValue>
</bind>
</comp>

<comp id="26" class="1000" name="logits_pe2_c">
<pin_list>
<pin id="27" dir="1" index="0" bw="1" slack="0"/>
</pin_list>
<bind>
<StgValue><ssdm name="logits_pe2_c"/></StgValue>
</bind>
</comp>

<comp id="28" class="1000" name="logits_pe3">
<pin_list>
<pin id="29" dir="1" index="0" bw="1" slack="0"/>
</pin_list>
<bind>
<StgValue><ssdm name="logits_pe3"/></StgValue>
</bind>
</comp>

<comp id="30" class="1000" name="logits_pe3_c">
<pin_list>
<pin id="31" dir="1" index="0" bw="1" slack="0"/>
</pin_list>
<bind>
<StgValue><ssdm name="logits_pe3_c"/></StgValue>
</bind>
</comp>

<comp id="32" class="1000" name="p_read">
<pin_list>
<pin id="33" dir="1" index="0" bw="1" slack="0"/>
</pin_list>
<bind>
<StgValue><ssdm name="p_read"/></StgValue>
</bind>
</comp>

<comp id="34" class="1000" name="controller_run_linear_in_c">
<pin_list>
<pin id="35" dir="1" index="0" bw="1" slack="0"/>
</pin_list>
<bind>
<StgValue><ssdm name="controller_run_linear_in_c"/></StgValue>
</bind>
</comp>

<comp id="36" class="1000" name="p_read1">
<pin_list>
<pin id="37" dir="1" index="0" bw="1" slack="0"/>
</pin_list>
<bind>
<StgValue><ssdm name="p_read1"/></StgValue>
</bind>
</comp>

<comp id="38" class="1000" name="controller_linear_mode_in_c">
<pin_list>
<pin id="39" dir="1" index="0" bw="1" slack="0"/>
</pin_list>
<bind>
<StgValue><ssdm name="controller_linear_mode_in_c"/></StgValue>
</bind>
</comp>

<comp id="40" class="1000" name="p_read2">
<pin_list>
<pin id="41" dir="1" index="0" bw="1" slack="0"/>
</pin_list>
<bind>
<StgValue><ssdm name="p_read2"/></StgValue>
</bind>
</comp>

<comp id="42" class="1000" name="controller_layer_index_in_c">
<pin_list>
<pin id="43" dir="1" index="0" bw="1" slack="0"/>
</pin_list>
<bind>
<StgValue><ssdm name="controller_layer_index_in_c"/></StgValue>
</bind>
</comp>

<comp id="44" class="1000" name="idx">
<pin_list>
<pin id="45" dir="1" index="0" bw="1" slack="0"/>
</pin_list>
<bind>
<StgValue><ssdm name="idx"/></StgValue>
</bind>
</comp>

<comp id="46" class="1000" name="idx_c">
<pin_list>
<pin id="47" dir="1" index="0" bw="1" slack="0"/>
</pin_list>
<bind>
<StgValue><ssdm name="idx_c"/></StgValue>
</bind>
</comp>

<comp id="48" class="1001" name="const_48">
<pin_list>
<pin id="49" dir="1" index="0" bw="1" slack="2147483647"/>
</pin_list>
<bind>
<StgValue><ssdm name="_ssdm_op_SpecInterface"/></StgValue>
</bind>
</comp>

<comp id="50" class="1001" name="const_50">
<pin_list>
<pin id="51" dir="1" index="0" bw="1" slack="2147483647"/>
</pin_list>
<bind>
<StgValue><ssdm name="ap_fifo_str"/></StgValue>
</bind>
</comp>

<comp id="52" class="1001" name="const_52">
<pin_list>
<pin id="53" dir="1" index="0" bw="1" slack="2147483647"/>
</pin_list>
<bind>
<StgValue><ssdm name=""/></StgValue>
</bind>
</comp>

<comp id="54" class="1001" name="const_54">
<pin_list>
<pin id="55" dir="1" index="0" bw="1" slack="2147483647"/>
</pin_list>
<bind>
<StgValue><ssdm name="p_str"/></StgValue>
</bind>
</comp>

<comp id="56" class="1001" name="const_56">
<pin_list>
<pin id="57" dir="1" index="0" bw="1" slack="2147483647"/>
</pin_list>
<bind>
<StgValue><ssdm name=""/></StgValue>
</bind>
</comp>

<comp id="58" class="1001" name="const_58">
<pin_list>
<pin id="59" dir="1" index="0" bw="1" slack="2147483647"/>
</pin_list>
<bind>
<StgValue><ssdm name=""/></StgValue>
</bind>
</comp>

<comp id="60" class="1001" name="const_60">
<pin_list>
<pin id="61" dir="1" index="0" bw="1" slack="2147483647"/>
</pin_list>
<bind>
<StgValue><ssdm name="ScalarProp_str"/></StgValue>
</bind>
</comp>

<comp id="62" class="1001" name="const_62">
<pin_list>
<pin id="63" dir="1" index="0" bw="1" slack="2147483647"/>
</pin_list>
<bind>
<StgValue><ssdm name=""/></StgValue>
</bind>
</comp>

<comp id="64" class="1001" name="const_64">
<pin_list>
<pin id="65" dir="1" index="0" bw="1" slack="0"/>
</pin_list>
<bind>
<StgValue><ssdm name="_ssdm_op_Read.ap_auto.i13"/></StgValue>
</bind>
</comp>

<comp id="66" class="1001" name="const_66">
<pin_list>
<pin id="67" dir="1" index="0" bw="1" slack="0"/>
</pin_list>
<bind>
<StgValue><ssdm name="_ssdm_op_Read.ap_auto.i6"/></StgValue>
</bind>
</comp>

<comp id="68" class="1001" name="const_68">
<pin_list>
<pin id="69" dir="1" index="0" bw="1" slack="0"/>
</pin_list>
<bind>
<StgValue><ssdm name="_ssdm_op_Read.ap_auto.i3"/></StgValue>
</bind>
</comp>

<comp id="70" class="1001" name="const_70">
<pin_list>
<pin id="71" dir="1" index="0" bw="1" slack="0"/>
</pin_list>
<bind>
<StgValue><ssdm name="_ssdm_op_Read.ap_auto.i1"/></StgValue>
</bind>
</comp>

<comp id="72" class="1001" name="const_72">
<pin_list>
<pin id="73" dir="1" index="0" bw="1" slack="0"/>
</pin_list>
<bind>
<StgValue><ssdm name="_ssdm_op_Read.ap_auto.i64"/></StgValue>
</bind>
</comp>

<comp id="74" class="1001" name="const_74">
<pin_list>
<pin id="75" dir="1" index="0" bw="1" slack="0"/>
</pin_list>
<bind>
<StgValue><ssdm name="_ssdm_op_Write.ap_fifo.i13P0A"/></StgValue>
</bind>
</comp>

<comp id="76" class="1001" name="const_76">
<pin_list>
<pin id="77" dir="1" index="0" bw="1" slack="0"/>
</pin_list>
<bind>
<StgValue><ssdm name="_ssdm_op_Write.ap_fifo.i6P0A"/></StgValue>
</bind>
</comp>

<comp id="78" class="1001" name="const_78">
<pin_list>
<pin id="79" dir="1" index="0" bw="1" slack="0"/>
</pin_list>
<bind>
<StgValue><ssdm name="_ssdm_op_Write.ap_fifo.i3P0A"/></StgValue>
</bind>
</comp>

<comp id="80" class="1001" name="const_80">
<pin_list>
<pin id="81" dir="1" index="0" bw="1" slack="0"/>
</pin_list>
<bind>
<StgValue><ssdm name="_ssdm_op_Write.ap_fifo.i1P0A"/></StgValue>
</bind>
</comp>

<comp id="82" class="1001" name="const_82">
<pin_list>
<pin id="83" dir="1" index="0" bw="1" slack="0"/>
</pin_list>
<bind>
<StgValue><ssdm name="_ssdm_op_Write.ap_fifo.i64P0A"/></StgValue>
</bind>
</comp>

<comp id="84" class="1004" name="idx_read_read_fu_84">
<pin_list>
<pin id="85" dir="0" index="0" bw="13" slack="0"/>
<pin id="86" dir="0" index="1" bw="13" slack="0"/>
<pin id="87" dir="1" index="2" bw="13" slack="0"/>
</pin_list>
<bind>
<opcode="read(1150) " fcode="read"/>
<opset="idx_read/1 "/>
</bind>
</comp>

<comp id="90" class="1004" name="p_read211_read_fu_90">
<pin_list>
<pin id="91" dir="0" index="0" bw="6" slack="0"/>
<pin id="92" dir="0" index="1" bw="6" slack="0"/>
<pin id="93" dir="1" index="2" bw="6" slack="0"/>
</pin_list>
<bind>
<opcode="read(1150) " fcode="read"/>
<opset="p_read211/1 "/>
</bind>
</comp>

<comp id="96" class="1004" name="p_read110_read_fu_96">
<pin_list>
<pin id="97" dir="0" index="0" bw="3" slack="0"/>
<pin id="98" dir="0" index="1" bw="3" slack="0"/>
<pin id="99" dir="1" index="2" bw="3" slack="0"/>
</pin_list>
<bind>
<opcode="read(1150) " fcode="read"/>
<opset="p_read110/1 "/>
</bind>
</comp>

<comp id="102" class="1004" name="p_read_20_read_fu_102">
<pin_list>
<pin id="103" dir="0" index="0" bw="1" slack="0"/>
<pin id="104" dir="0" index="1" bw="1" slack="0"/>
<pin id="105" dir="1" index="2" bw="1" slack="0"/>
</pin_list>
<bind>
<opcode="read(1150) " fcode="read"/>
<opset="p_read_20/1 "/>
</bind>
</comp>

<comp id="108" class="1004" name="logits_pe3_read_read_fu_108">
<pin_list>
<pin id="109" dir="0" index="0" bw="64" slack="0"/>
<pin id="110" dir="0" index="1" bw="64" slack="0"/>
<pin id="111" dir="1" index="2" bw="64" slack="0"/>
</pin_list>
<bind>
<opcode="read(1150) " fcode="read"/>
<opset="logits_pe3_read/1 "/>
</bind>
</comp>

<comp id="114" class="1004" name="logits_pe2_read_read_fu_114">
<pin_list>
<pin id="115" dir="0" index="0" bw="64" slack="0"/>
<pin id="116" dir="0" index="1" bw="64" slack="0"/>
<pin id="117" dir="1" index="2" bw="64" slack="0"/>
</pin_list>
<bind>
<opcode="read(1150) " fcode="read"/>
<opset="logits_pe2_read/1 "/>
</bind>
</comp>

<comp id="120" class="1004" name="logits_pe1_read_read_fu_120">
<pin_list>
<pin id="121" dir="0" index="0" bw="64" slack="0"/>
<pin id="122" dir="0" index="1" bw="64" slack="0"/>
<pin id="123" dir="1" index="2" bw="64" slack="0"/>
</pin_list>
<bind>
<opcode="read(1150) " fcode="read"/>
<opset="logits_pe1_read/1 "/>
</bind>
</comp>

<comp id="126" class="1004" name="logits_pe0_read_read_fu_126">
<pin_list>
<pin id="127" dir="0" index="0" bw="64" slack="0"/>
<pin id="128" dir="0" index="1" bw="64" slack="0"/>
<pin id="129" dir="1" index="2" bw="64" slack="0"/>
</pin_list>
<bind>
<opcode="read(1150) " fcode="read"/>
<opset="logits_pe0_read/1 "/>
</bind>
</comp>

<comp id="132" class="1004" name="weight_bank3_read_read_fu_132">
<pin_list>
<pin id="133" dir="0" index="0" bw="64" slack="0"/>
<pin id="134" dir="0" index="1" bw="64" slack="0"/>
<pin id="135" dir="1" index="2" bw="64" slack="0"/>
</pin_list>
<bind>
<opcode="read(1150) " fcode="read"/>
<opset="weight_bank3_read/1 "/>
</bind>
</comp>

<comp id="138" class="1004" name="weight_bank2_read_read_fu_138">
<pin_list>
<pin id="139" dir="0" index="0" bw="64" slack="0"/>
<pin id="140" dir="0" index="1" bw="64" slack="0"/>
<pin id="141" dir="1" index="2" bw="64" slack="0"/>
</pin_list>
<bind>
<opcode="read(1150) " fcode="read"/>
<opset="weight_bank2_read/1 "/>
</bind>
</comp>

<comp id="144" class="1004" name="weight_bank1_read_read_fu_144">
<pin_list>
<pin id="145" dir="0" index="0" bw="64" slack="0"/>
<pin id="146" dir="0" index="1" bw="64" slack="0"/>
<pin id="147" dir="1" index="2" bw="64" slack="0"/>
</pin_list>
<bind>
<opcode="read(1150) " fcode="read"/>
<opset="weight_bank1_read/1 "/>
</bind>
</comp>

<comp id="150" class="1004" name="weight_bank0_read_read_fu_150">
<pin_list>
<pin id="151" dir="0" index="0" bw="64" slack="0"/>
<pin id="152" dir="0" index="1" bw="64" slack="0"/>
<pin id="153" dir="1" index="2" bw="64" slack="0"/>
</pin_list>
<bind>
<opcode="read(1150) " fcode="read"/>
<opset="weight_bank0_read/1 "/>
</bind>
</comp>

<comp id="156" class="1004" name="write_ln0_write_fu_156">
<pin_list>
<pin id="157" dir="0" index="0" bw="0" slack="0"/>
<pin id="158" dir="0" index="1" bw="13" slack="0"/>
<pin id="159" dir="0" index="2" bw="13" slack="0"/>
<pin id="160" dir="1" index="3" bw="0" slack="2147483647"/>
</pin_list>
<bind>
<opcode="write(1151) " fcode="write"/>
<opset="write_ln0/1 "/>
</bind>
</comp>

<comp id="164" class="1004" name="write_ln0_write_fu_164">
<pin_list>
<pin id="165" dir="0" index="0" bw="0" slack="0"/>
<pin id="166" dir="0" index="1" bw="6" slack="0"/>
<pin id="167" dir="0" index="2" bw="6" slack="0"/>
<pin id="168" dir="1" index="3" bw="0" slack="2147483647"/>
</pin_list>
<bind>
<opcode="write(1151) " fcode="write"/>
<opset="write_ln0/1 "/>
</bind>
</comp>

<comp id="172" class="1004" name="write_ln0_write_fu_172">
<pin_list>
<pin id="173" dir="0" index="0" bw="0" slack="0"/>
<pin id="174" dir="0" index="1" bw="3" slack="0"/>
<pin id="175" dir="0" index="2" bw="3" slack="0"/>
<pin id="176" dir="1" index="3" bw="0" slack="2147483647"/>
</pin_list>
<bind>
<opcode="write(1151) " fcode="write"/>
<opset="write_ln0/1 "/>
</bind>
</comp>

<comp id="180" class="1004" name="write_ln0_write_fu_180">
<pin_list>
<pin id="181" dir="0" index="0" bw="0" slack="0"/>
<pin id="182" dir="0" index="1" bw="1" slack="0"/>
<pin id="183" dir="0" index="2" bw="1" slack="0"/>
<pin id="184" dir="1" index="3" bw="0" slack="2147483647"/>
</pin_list>
<bind>
<opcode="write(1151) " fcode="write"/>
<opset="write_ln0/1 "/>
</bind>
</comp>

<comp id="188" class="1004" name="write_ln0_write_fu_188">
<pin_list>
<pin id="189" dir="0" index="0" bw="0" slack="0"/>
<pin id="190" dir="0" index="1" bw="64" slack="0"/>
<pin id="191" dir="0" index="2" bw="64" slack="0"/>
<pin id="192" dir="1" index="3" bw="0" slack="2147483647"/>
</pin_list>
<bind>
<opcode="write(1151) " fcode="write"/>
<opset="write_ln0/1 "/>
</bind>
</comp>

<comp id="196" class="1004" name="write_ln0_write_fu_196">
<pin_list>
<pin id="197" dir="0" index="0" bw="0" slack="0"/>
<pin id="198" dir="0" index="1" bw="64" slack="0"/>
<pin id="199" dir="0" index="2" bw="64" slack="0"/>
<pin id="200" dir="1" index="3" bw="0" slack="2147483647"/>
</pin_list>
<bind>
<opcode="write(1151) " fcode="write"/>
<opset="write_ln0/1 "/>
</bind>
</comp>

<comp id="204" class="1004" name="write_ln0_write_fu_204">
<pin_list>
<pin id="205" dir="0" index="0" bw="0" slack="0"/>
<pin id="206" dir="0" index="1" bw="64" slack="0"/>
<pin id="207" dir="0" index="2" bw="64" slack="0"/>
<pin id="208" dir="1" index="3" bw="0" slack="2147483647"/>
</pin_list>
<bind>
<opcode="write(1151) " fcode="write"/>
<opset="write_ln0/1 "/>
</bind>
</comp>

<comp id="212" class="1004" name="write_ln0_write_fu_212">
<pin_list>
<pin id="213" dir="0" index="0" bw="0" slack="0"/>
<pin id="214" dir="0" index="1" bw="64" slack="0"/>
<pin id="215" dir="0" index="2" bw="64" slack="0"/>
<pin id="216" dir="1" index="3" bw="0" slack="2147483647"/>
</pin_list>
<bind>
<opcode="write(1151) " fcode="write"/>
<opset="write_ln0/1 "/>
</bind>
</comp>

<comp id="220" class="1004" name="write_ln0_write_fu_220">
<pin_list>
<pin id="221" dir="0" index="0" bw="0" slack="0"/>
<pin id="222" dir="0" index="1" bw="64" slack="0"/>
<pin id="223" dir="0" index="2" bw="64" slack="0"/>
<pin id="224" dir="1" index="3" bw="0" slack="2147483647"/>
</pin_list>
<bind>
<opcode="write(1151) " fcode="write"/>
<opset="write_ln0/1 "/>
</bind>
</comp>

<comp id="228" class="1004" name="write_ln0_write_fu_228">
<pin_list>
<pin id="229" dir="0" index="0" bw="0" slack="0"/>
<pin id="230" dir="0" index="1" bw="64" slack="0"/>
<pin id="231" dir="0" index="2" bw="64" slack="0"/>
<pin id="232" dir="1" index="3" bw="0" slack="2147483647"/>
</pin_list>
<bind>
<opcode="write(1151) " fcode="write"/>
<opset="write_ln0/1 "/>
</bind>
</comp>

<comp id="236" class="1004" name="write_ln0_write_fu_236">
<pin_list>
<pin id="237" dir="0" index="0" bw="0" slack="0"/>
<pin id="238" dir="0" index="1" bw="64" slack="0"/>
<pin id="239" dir="0" index="2" bw="64" slack="0"/>
<pin id="240" dir="1" index="3" bw="0" slack="2147483647"/>
</pin_list>
<bind>
<opcode="write(1151) " fcode="write"/>
<opset="write_ln0/1 "/>
</bind>
</comp>

<comp id="244" class="1004" name="write_ln0_write_fu_244">
<pin_list>
<pin id="245" dir="0" index="0" bw="0" slack="0"/>
<pin id="246" dir="0" index="1" bw="64" slack="0"/>
<pin id="247" dir="0" index="2" bw="64" slack="0"/>
<pin id="248" dir="1" index="3" bw="0" slack="2147483647"/>
</pin_list>
<bind>
<opcode="write(1151) " fcode="write"/>
<opset="write_ln0/1 "/>
</bind>
</comp>

</comp_list>

<net_list>
<net id="88"><net_src comp="64" pin="0"/><net_sink comp="84" pin=0"/></net>

<net id="89"><net_src comp="44" pin="0"/><net_sink comp="84" pin=1"/></net>

<net id="94"><net_src comp="66" pin="0"/><net_sink comp="90" pin=0"/></net>

<net id="95"><net_src comp="40" pin="0"/><net_sink comp="90" pin=1"/></net>

<net id="100"><net_src comp="68" pin="0"/><net_sink comp="96" pin=0"/></net>

<net id="101"><net_src comp="36" pin="0"/><net_sink comp="96" pin=1"/></net>

<net id="106"><net_src comp="70" pin="0"/><net_sink comp="102" pin=0"/></net>

<net id="107"><net_src comp="32" pin="0"/><net_sink comp="102" pin=1"/></net>

<net id="112"><net_src comp="72" pin="0"/><net_sink comp="108" pin=0"/></net>

<net id="113"><net_src comp="28" pin="0"/><net_sink comp="108" pin=1"/></net>

<net id="118"><net_src comp="72" pin="0"/><net_sink comp="114" pin=0"/></net>

<net id="119"><net_src comp="24" pin="0"/><net_sink comp="114" pin=1"/></net>

<net id="124"><net_src comp="72" pin="0"/><net_sink comp="120" pin=0"/></net>

<net id="125"><net_src comp="20" pin="0"/><net_sink comp="120" pin=1"/></net>

<net id="130"><net_src comp="72" pin="0"/><net_sink comp="126" pin=0"/></net>

<net id="131"><net_src comp="16" pin="0"/><net_sink comp="126" pin=1"/></net>

<net id="136"><net_src comp="72" pin="0"/><net_sink comp="132" pin=0"/></net>

<net id="137"><net_src comp="12" pin="0"/><net_sink comp="132" pin=1"/></net>

<net id="142"><net_src comp="72" pin="0"/><net_sink comp="138" pin=0"/></net>

<net id="143"><net_src comp="8" pin="0"/><net_sink comp="138" pin=1"/></net>

<net id="148"><net_src comp="72" pin="0"/><net_sink comp="144" pin=0"/></net>

<net id="149"><net_src comp="4" pin="0"/><net_sink comp="144" pin=1"/></net>

<net id="154"><net_src comp="72" pin="0"/><net_sink comp="150" pin=0"/></net>

<net id="155"><net_src comp="0" pin="0"/><net_sink comp="150" pin=1"/></net>

<net id="161"><net_src comp="74" pin="0"/><net_sink comp="156" pin=0"/></net>

<net id="162"><net_src comp="46" pin="0"/><net_sink comp="156" pin=1"/></net>

<net id="163"><net_src comp="84" pin="2"/><net_sink comp="156" pin=2"/></net>

<net id="169"><net_src comp="76" pin="0"/><net_sink comp="164" pin=0"/></net>

<net id="170"><net_src comp="42" pin="0"/><net_sink comp="164" pin=1"/></net>

<net id="171"><net_src comp="90" pin="2"/><net_sink comp="164" pin=2"/></net>

<net id="177"><net_src comp="78" pin="0"/><net_sink comp="172" pin=0"/></net>

<net id="178"><net_src comp="38" pin="0"/><net_sink comp="172" pin=1"/></net>

<net id="179"><net_src comp="96" pin="2"/><net_sink comp="172" pin=2"/></net>

<net id="185"><net_src comp="80" pin="0"/><net_sink comp="180" pin=0"/></net>

<net id="186"><net_src comp="34" pin="0"/><net_sink comp="180" pin=1"/></net>

<net id="187"><net_src comp="102" pin="2"/><net_sink comp="180" pin=2"/></net>

<net id="193"><net_src comp="82" pin="0"/><net_sink comp="188" pin=0"/></net>

<net id="194"><net_src comp="30" pin="0"/><net_sink comp="188" pin=1"/></net>

<net id="195"><net_src comp="108" pin="2"/><net_sink comp="188" pin=2"/></net>

<net id="201"><net_src comp="82" pin="0"/><net_sink comp="196" pin=0"/></net>

<net id="202"><net_src comp="26" pin="0"/><net_sink comp="196" pin=1"/></net>

<net id="203"><net_src comp="114" pin="2"/><net_sink comp="196" pin=2"/></net>

<net id="209"><net_src comp="82" pin="0"/><net_sink comp="204" pin=0"/></net>

<net id="210"><net_src comp="22" pin="0"/><net_sink comp="204" pin=1"/></net>

<net id="211"><net_src comp="120" pin="2"/><net_sink comp="204" pin=2"/></net>

<net id="217"><net_src comp="82" pin="0"/><net_sink comp="212" pin=0"/></net>

<net id="218"><net_src comp="18" pin="0"/><net_sink comp="212" pin=1"/></net>

<net id="219"><net_src comp="126" pin="2"/><net_sink comp="212" pin=2"/></net>

<net id="225"><net_src comp="82" pin="0"/><net_sink comp="220" pin=0"/></net>

<net id="226"><net_src comp="14" pin="0"/><net_sink comp="220" pin=1"/></net>

<net id="227"><net_src comp="132" pin="2"/><net_sink comp="220" pin=2"/></net>

<net id="233"><net_src comp="82" pin="0"/><net_sink comp="228" pin=0"/></net>

<net id="234"><net_src comp="10" pin="0"/><net_sink comp="228" pin=1"/></net>

<net id="235"><net_src comp="138" pin="2"/><net_sink comp="228" pin=2"/></net>

<net id="241"><net_src comp="82" pin="0"/><net_sink comp="236" pin=0"/></net>

<net id="242"><net_src comp="6" pin="0"/><net_sink comp="236" pin=1"/></net>

<net id="243"><net_src comp="144" pin="2"/><net_sink comp="236" pin=2"/></net>

<net id="249"><net_src comp="82" pin="0"/><net_sink comp="244" pin=0"/></net>

<net id="250"><net_src comp="2" pin="0"/><net_sink comp="244" pin=1"/></net>

<net id="251"><net_src comp="150" pin="2"/><net_sink comp="244" pin=2"/></net>

</net_list>

</model> 
---------------- Datapath Model END ------------------

* FSMD analyzer results:
  - Output states:
	Port: weight_bank0_c | {1 }
	Port: weight_bank1_c | {1 }
	Port: weight_bank2_c | {1 }
	Port: weight_bank3_c | {1 }
	Port: logits_pe0_c | {1 }
	Port: logits_pe1_c | {1 }
	Port: logits_pe2_c | {1 }
	Port: logits_pe3_c | {1 }
	Port: controller_run_linear_in_c | {1 }
	Port: controller_linear_mode_in_c | {1 }
	Port: controller_layer_index_in_c | {1 }
	Port: idx_c | {1 }
 - Input state : 
	Port: entry_proc58 : weight_bank0 | {1 }
	Port: entry_proc58 : weight_bank0_c | {}
	Port: entry_proc58 : weight_bank1 | {1 }
	Port: entry_proc58 : weight_bank1_c | {}
	Port: entry_proc58 : weight_bank2 | {1 }
	Port: entry_proc58 : weight_bank2_c | {}
	Port: entry_proc58 : weight_bank3 | {1 }
	Port: entry_proc58 : weight_bank3_c | {}
	Port: entry_proc58 : logits_pe0 | {1 }
	Port: entry_proc58 : logits_pe0_c | {}
	Port: entry_proc58 : logits_pe1 | {1 }
	Port: entry_proc58 : logits_pe1_c | {}
	Port: entry_proc58 : logits_pe2 | {1 }
	Port: entry_proc58 : logits_pe2_c | {}
	Port: entry_proc58 : logits_pe3 | {1 }
	Port: entry_proc58 : logits_pe3_c | {}
	Port: entry_proc58 : p_read | {1 }
	Port: entry_proc58 : controller_run_linear_in_c | {}
	Port: entry_proc58 : p_read1 | {1 }
	Port: entry_proc58 : controller_linear_mode_in_c | {}
	Port: entry_proc58 : p_read2 | {1 }
	Port: entry_proc58 : controller_layer_index_in_c | {}
	Port: entry_proc58 : idx | {1 }
	Port: entry_proc58 : idx_c | {}
  - Chain level:
	State 1


============================================================
+ Verbose Summary: Datapath Resource usage 
============================================================

* Functional unit list:
|----------|-------------------------------|
| Operation|        Functional Unit        |
|----------|-------------------------------|
|          |      idx_read_read_fu_84      |
|          |      p_read211_read_fu_90     |
|          |      p_read110_read_fu_96     |
|          |     p_read_20_read_fu_102     |
|          |  logits_pe3_read_read_fu_108  |
|   read   |  logits_pe2_read_read_fu_114  |
|          |  logits_pe1_read_read_fu_120  |
|          |  logits_pe0_read_read_fu_126  |
|          | weight_bank3_read_read_fu_132 |
|          | weight_bank2_read_read_fu_138 |
|          | weight_bank1_read_read_fu_144 |
|          | weight_bank0_read_read_fu_150 |
|----------|-------------------------------|
|          |     write_ln0_write_fu_156    |
|          |     write_ln0_write_fu_164    |
|          |     write_ln0_write_fu_172    |
|          |     write_ln0_write_fu_180    |
|          |     write_ln0_write_fu_188    |
|   write  |     write_ln0_write_fu_196    |
|          |     write_ln0_write_fu_204    |
|          |     write_ln0_write_fu_212    |
|          |     write_ln0_write_fu_220    |
|          |     write_ln0_write_fu_228    |
|          |     write_ln0_write_fu_236    |
|          |     write_ln0_write_fu_244    |
|----------|-------------------------------|
|   Total  |                               |
|----------|-------------------------------|

Memories:
N/A

* Register list:
N/A

* Multiplexer (MUX) list: 
|--------|------|------|------|--------|
|  Comp  |  Pin | Size |  BW  | S x BW |
|--------|------|------|------|--------|
|  Total |      |      |      |    0   |
|--------|------|------|------|--------|



* Summary:
+-----------+
|           |
+-----------+
|  Function |
|   Memory  |
|Multiplexer|
|  Register |
+-----------+
|   Total   |
+-----------+
