

================================================================
== Vitis HLS Report for 'entry_proc57'
================================================================
* Date:           Tue Aug 11 09:18:07 2026

* Version:        2023.2 (Build 4023990 on Oct 11 2023)
* Project:        proj_int4_decoder_xo
* Solution:       solution1 (Vitis Kernel Flow Target)
* Product family: virtexuplus
* Target device:  xcu250-figd2104-2L-e


================================================================
== Performance Estimates
================================================================
+ Timing: 
    * Summary: 
    +--------+---------+----------+------------+
    |  Clock |  Target | Estimated| Uncertainty|
    +--------+---------+----------+------------+
    |ap_clk  |  3.33 ns|  1.206 ns|     0.90 ns|
    +--------+---------+----------+------------+

+ Latency: 
    * Summary: 
    +---------+---------+----------+----------+-----+-----+---------+
    |  Latency (cycles) |  Latency (absolute) |  Interval | Pipeline|
    |   min   |   max   |    min   |    max   | min | max |   Type  |
    +---------+---------+----------+----------+-----+-----+---------+
    |        0|        0|      0 ns|      0 ns|    0|    0|       no|
    +---------+---------+----------+----------+-----+-----+---------+

    + Detail: 
        * Instance: 
        N/A

        * Loop: 
        N/A



================================================================
== Utilization Estimates
================================================================
* Summary: 
+---------------------+---------+-------+---------+---------+------+
|         Name        | BRAM_18K|  DSP  |    FF   |   LUT   | URAM |
+---------------------+---------+-------+---------+---------+------+
|DSP                  |        -|      -|        -|        -|     -|
|Expression           |        -|      -|        0|        2|     -|
|FIFO                 |        -|      -|        -|        -|     -|
|Instance             |        -|      -|        -|        -|     -|
|Memory               |        -|      -|        -|        -|     -|
|Multiplexer          |        -|      -|        -|       54|     -|
|Register             |        -|      -|        2|        -|     -|
+---------------------+---------+-------+---------+---------+------+
|Total                |        0|      0|        2|       56|     0|
+---------------------+---------+-------+---------+---------+------+
|Available SLR        |     1344|   3072|   864000|   432000|   320|
+---------------------+---------+-------+---------+---------+------+
|Utilization SLR (%)  |        0|      0|       ~0|       ~0|     0|
+---------------------+---------+-------+---------+---------+------+
|Available            |     5376|  12288|  3456000|  1728000|  1280|
+---------------------+---------+-------+---------+---------+------+
|Utilization (%)      |        0|      0|       ~0|       ~0|     0|
+---------------------+---------+-------+---------+---------+------+

+ Detail: 
    * Instance: 
    N/A

    * DSP: 
    N/A

    * Memory: 
    N/A

    * FIFO: 
    N/A

    * Expression: 
    +-----------------+----------+----+---+----+------------+------------+
    |  Variable Name  | Operation| DSP| FF| LUT| Bitwidth P0| Bitwidth P1|
    +-----------------+----------+----+---+----+------------+------------+
    |ap_block_state1  |        or|   0|  0|   2|           1|           1|
    +-----------------+----------+----+---+----+------------+------------+
    |Total            |          |   0|  0|   2|           1|           1|
    +-----------------+----------+----+---+----+------------+------------+

    * Multiplexer: 
    +-------------------------------+----+-----------+-----+-----------+
    |              Name             | LUT| Input Size| Bits| Total Bits|
    +-------------------------------+----+-----------+-----+-----------+
    |ap_done                        |   9|          2|    1|          2|
    |current_record_0_val1_c_blk_n  |   9|          2|    1|          2|
    |current_record_1_val2_c_blk_n  |   9|          2|    1|          2|
    |current_record_2_val3_c_blk_n  |   9|          2|    1|          2|
    |current_record_3_val4_c_blk_n  |   9|          2|    1|          2|
    |current_record_4_val5_c_blk_n  |   9|          2|    1|          2|
    +-------------------------------+----+-----------+-----+-----------+
    |Total                          |  54|         12|    6|         12|
    +-------------------------------+----+-----------+-----+-----------+

    * Register: 
    +-------------+---+----+-----+-----------+
    |     Name    | FF| LUT| Bits| Const Bits|
    +-------------+---+----+-----+-----------+
    |ap_CS_fsm    |  1|   0|    1|          0|
    |ap_done_reg  |  1|   0|    1|          0|
    +-------------+---+----+-----+-----------+
    |Total        |  2|   0|    2|          0|
    +-------------+---+----+-----+-----------+



================================================================
== Interface
================================================================
* Summary: 
+----------------------------------------+-----+-----+------------+-------------------------+--------------+
|                RTL Ports               | Dir | Bits|  Protocol  |      Source Object      |    C Type    |
+----------------------------------------+-----+-----+------------+-------------------------+--------------+
|ap_clk                                  |   in|    1|  ap_ctrl_hs|             entry_proc57|  return value|
|ap_rst                                  |   in|    1|  ap_ctrl_hs|             entry_proc57|  return value|
|ap_start                                |   in|    1|  ap_ctrl_hs|             entry_proc57|  return value|
|ap_done                                 |  out|    1|  ap_ctrl_hs|             entry_proc57|  return value|
|ap_continue                             |   in|    1|  ap_ctrl_hs|             entry_proc57|  return value|
|ap_idle                                 |  out|    1|  ap_ctrl_hs|             entry_proc57|  return value|
|ap_ready                                |  out|    1|  ap_ctrl_hs|             entry_proc57|  return value|
|current_record_0_val1                   |   in|  512|     ap_none|    current_record_0_val1|        scalar|
|current_record_0_val1_c_din             |  out|  512|     ap_fifo|  current_record_0_val1_c|       pointer|
|current_record_0_val1_c_num_data_valid  |   in|    3|     ap_fifo|  current_record_0_val1_c|       pointer|
|current_record_0_val1_c_fifo_cap        |   in|    3|     ap_fifo|  current_record_0_val1_c|       pointer|
|current_record_0_val1_c_full_n          |   in|    1|     ap_fifo|  current_record_0_val1_c|       pointer|
|current_record_0_val1_c_write           |  out|    1|     ap_fifo|  current_record_0_val1_c|       pointer|
|current_record_1_val2                   |   in|  512|     ap_none|    current_record_1_val2|        scalar|
|current_record_1_val2_c_din             |  out|  512|     ap_fifo|  current_record_1_val2_c|       pointer|
|current_record_1_val2_c_num_data_valid  |   in|    3|     ap_fifo|  current_record_1_val2_c|       pointer|
|current_record_1_val2_c_fifo_cap        |   in|    3|     ap_fifo|  current_record_1_val2_c|       pointer|
|current_record_1_val2_c_full_n          |   in|    1|     ap_fifo|  current_record_1_val2_c|       pointer|
|current_record_1_val2_c_write           |  out|    1|     ap_fifo|  current_record_1_val2_c|       pointer|
|current_record_2_val3                   |   in|  512|     ap_none|    current_record_2_val3|        scalar|
|current_record_2_val3_c_din             |  out|  512|     ap_fifo|  current_record_2_val3_c|       pointer|
|current_record_2_val3_c_num_data_valid  |   in|    3|     ap_fifo|  current_record_2_val3_c|       pointer|
|current_record_2_val3_c_fifo_cap        |   in|    3|     ap_fifo|  current_record_2_val3_c|       pointer|
|current_record_2_val3_c_full_n          |   in|    1|     ap_fifo|  current_record_2_val3_c|       pointer|
|current_record_2_val3_c_write           |  out|    1|     ap_fifo|  current_record_2_val3_c|       pointer|
|current_record_3_val4                   |   in|  512|     ap_none|    current_record_3_val4|        scalar|
|current_record_3_val4_c_din             |  out|  512|     ap_fifo|  current_record_3_val4_c|       pointer|
|current_record_3_val4_c_num_data_valid  |   in|    3|     ap_fifo|  current_record_3_val4_c|       pointer|
|current_record_3_val4_c_fifo_cap        |   in|    3|     ap_fifo|  current_record_3_val4_c|       pointer|
|current_record_3_val4_c_full_n          |   in|    1|     ap_fifo|  current_record_3_val4_c|       pointer|
|current_record_3_val4_c_write           |  out|    1|     ap_fifo|  current_record_3_val4_c|       pointer|
|current_record_4_val5                   |   in|  512|     ap_none|    current_record_4_val5|        scalar|
|current_record_4_val5_c_din             |  out|  512|     ap_fifo|  current_record_4_val5_c|       pointer|
|current_record_4_val5_c_num_data_valid  |   in|    3|     ap_fifo|  current_record_4_val5_c|       pointer|
|current_record_4_val5_c_fifo_cap        |   in|    3|     ap_fifo|  current_record_4_val5_c|       pointer|
|current_record_4_val5_c_full_n          |   in|    1|     ap_fifo|  current_record_4_val5_c|       pointer|
|current_record_4_val5_c_write           |  out|    1|     ap_fifo|  current_record_4_val5_c|       pointer|
+----------------------------------------+-----+-----+------------+-------------------------+--------------+

============================================================
+ Verbose Summary: Synthesis Manager
============================================================
InlineROM: 1
ExposeGlobal: 0
============================================================
+ Verbose Summary: CDFG Model
============================================================
IsTopModel: 0
ResetActiveHigh: 1
IsCombinational: 2
IsDatapathOnly: 0
HasWiredReturn: 1
HasMFsm: 0
HasVarLatency: 0
IsPipeline: 0
IsRtlPipelined: 0
IsInstanceOverlapped: 0
IsDontTouch: 0
HasImplIP: 0
IsGatedGlobalClock: 0


============================================================
+ Verbose Summary: Schedule
============================================================
* Number of FSM states : 1
* Pipeline : 0
* Dataflow Pipeline: 0

* FSM state transitions: 
1 --> 

* FSM state operations: 

State 1 <SV = 0> <Delay = 1.20>
ST_1 : Operation 2 [1/1] (0.00ns)   --->   "%specinterface_ln0 = specinterface void @_ssdm_op_SpecInterface, i512 %current_record_4_val5_c, void @ap_fifo_str, i32 0, i32 0, void @p_str, i32 0, i32 0, void @p_str, void @p_str, void @p_str, i32 2, i32 2, i32 16, i32 16, void @p_str, void @ScalarProp_str, i32 4294967295, i32 0"   --->   Operation 2 'specinterface' 'specinterface_ln0' <Predicate = true> <Delay = 0.00>
ST_1 : Operation 3 [1/1] (0.00ns)   --->   "%current_record_4_val5_read = read i512 @_ssdm_op_Read.ap_auto.i512, i512 %current_record_4_val5"   --->   Operation 3 'read' 'current_record_4_val5_read' <Predicate = true> <Delay = 0.00>
ST_1 : Operation 4 [1/1] (0.00ns)   --->   "%current_record_3_val4_read = read i512 @_ssdm_op_Read.ap_auto.i512, i512 %current_record_3_val4"   --->   Operation 4 'read' 'current_record_3_val4_read' <Predicate = true> <Delay = 0.00>
ST_1 : Operation 5 [1/1] (0.00ns)   --->   "%current_record_2_val3_read = read i512 @_ssdm_op_Read.ap_auto.i512, i512 %current_record_2_val3"   --->   Operation 5 'read' 'current_record_2_val3_read' <Predicate = true> <Delay = 0.00>
ST_1 : Operation 6 [1/1] (0.00ns)   --->   "%current_record_1_val2_read = read i512 @_ssdm_op_Read.ap_auto.i512, i512 %current_record_1_val2"   --->   Operation 6 'read' 'current_record_1_val2_read' <Predicate = true> <Delay = 0.00>
ST_1 : Operation 7 [1/1] (0.00ns)   --->   "%current_record_0_val1_read = read i512 @_ssdm_op_Read.ap_auto.i512, i512 %current_record_0_val1"   --->   Operation 7 'read' 'current_record_0_val1_read' <Predicate = true> <Delay = 0.00>
ST_1 : Operation 8 [1/1] (1.20ns)   --->   "%write_ln0 = write void @_ssdm_op_Write.ap_fifo.i512P0A, i512 %current_record_4_val5_c, i512 %current_record_4_val5_read"   --->   Operation 8 'write' 'write_ln0' <Predicate = true> <Delay = 1.20> <CoreInst = "FIFO">   --->   Core 78 'FIFO' <Latency = 0> <II = 1> <Delay = 1.20> <Storage> <Opcode : 'read' 'write' 'nbread' 'nbwrite'> <Ports = 0> <Width = 512> <Depth = 3> <FIFO>
ST_1 : Operation 9 [1/1] (0.00ns)   --->   "%specinterface_ln0 = specinterface void @_ssdm_op_SpecInterface, i512 %current_record_3_val4_c, void @ap_fifo_str, i32 0, i32 0, void @p_str, i32 0, i32 0, void @p_str, void @p_str, void @p_str, i32 2, i32 2, i32 16, i32 16, void @p_str, void @ScalarProp_str, i32 4294967295, i32 0"   --->   Operation 9 'specinterface' 'specinterface_ln0' <Predicate = true> <Delay = 0.00>
ST_1 : Operation 10 [1/1] (1.20ns)   --->   "%write_ln0 = write void @_ssdm_op_Write.ap_fifo.i512P0A, i512 %current_record_3_val4_c, i512 %current_record_3_val4_read"   --->   Operation 10 'write' 'write_ln0' <Predicate = true> <Delay = 1.20> <CoreInst = "FIFO">   --->   Core 78 'FIFO' <Latency = 0> <II = 1> <Delay = 1.20> <Storage> <Opcode : 'read' 'write' 'nbread' 'nbwrite'> <Ports = 0> <Width = 512> <Depth = 3> <FIFO>
ST_1 : Operation 11 [1/1] (0.00ns)   --->   "%specinterface_ln0 = specinterface void @_ssdm_op_SpecInterface, i512 %current_record_2_val3_c, void @ap_fifo_str, i32 0, i32 0, void @p_str, i32 0, i32 0, void @p_str, void @p_str, void @p_str, i32 2, i32 2, i32 16, i32 16, void @p_str, void @ScalarProp_str, i32 4294967295, i32 0"   --->   Operation 11 'specinterface' 'specinterface_ln0' <Predicate = true> <Delay = 0.00>
ST_1 : Operation 12 [1/1] (1.20ns)   --->   "%write_ln0 = write void @_ssdm_op_Write.ap_fifo.i512P0A, i512 %current_record_2_val3_c, i512 %current_record_2_val3_read"   --->   Operation 12 'write' 'write_ln0' <Predicate = true> <Delay = 1.20> <CoreInst = "FIFO">   --->   Core 78 'FIFO' <Latency = 0> <II = 1> <Delay = 1.20> <Storage> <Opcode : 'read' 'write' 'nbread' 'nbwrite'> <Ports = 0> <Width = 512> <Depth = 3> <FIFO>
ST_1 : Operation 13 [1/1] (0.00ns)   --->   "%specinterface_ln0 = specinterface void @_ssdm_op_SpecInterface, i512 %current_record_1_val2_c, void @ap_fifo_str, i32 0, i32 0, void @p_str, i32 0, i32 0, void @p_str, void @p_str, void @p_str, i32 2, i32 2, i32 16, i32 16, void @p_str, void @ScalarProp_str, i32 4294967295, i32 0"   --->   Operation 13 'specinterface' 'specinterface_ln0' <Predicate = true> <Delay = 0.00>
ST_1 : Operation 14 [1/1] (1.20ns)   --->   "%write_ln0 = write void @_ssdm_op_Write.ap_fifo.i512P0A, i512 %current_record_1_val2_c, i512 %current_record_1_val2_read"   --->   Operation 14 'write' 'write_ln0' <Predicate = true> <Delay = 1.20> <CoreInst = "FIFO">   --->   Core 78 'FIFO' <Latency = 0> <II = 1> <Delay = 1.20> <Storage> <Opcode : 'read' 'write' 'nbread' 'nbwrite'> <Ports = 0> <Width = 512> <Depth = 3> <FIFO>
ST_1 : Operation 15 [1/1] (0.00ns)   --->   "%specinterface_ln0 = specinterface void @_ssdm_op_SpecInterface, i512 %current_record_0_val1_c, void @ap_fifo_str, i32 0, i32 0, void @p_str, i32 0, i32 0, void @p_str, void @p_str, void @p_str, i32 2, i32 2, i32 16, i32 16, void @p_str, void @ScalarProp_str, i32 4294967295, i32 0"   --->   Operation 15 'specinterface' 'specinterface_ln0' <Predicate = true> <Delay = 0.00>
ST_1 : Operation 16 [1/1] (1.20ns)   --->   "%write_ln0 = write void @_ssdm_op_Write.ap_fifo.i512P0A, i512 %current_record_0_val1_c, i512 %current_record_0_val1_read"   --->   Operation 16 'write' 'write_ln0' <Predicate = true> <Delay = 1.20> <CoreInst = "FIFO">   --->   Core 78 'FIFO' <Latency = 0> <II = 1> <Delay = 1.20> <Storage> <Opcode : 'read' 'write' 'nbread' 'nbwrite'> <Ports = 0> <Width = 512> <Depth = 3> <FIFO>
ST_1 : Operation 17 [1/1] (0.00ns)   --->   "%ret_ln0 = ret"   --->   Operation 17 'ret' 'ret_ln0' <Predicate = true> <Delay = 0.00>


============================================================
+ Verbose Summary: Binding
============================================================
STG Binding: 
---------------- STG Properties BEGIN ----------------
- Is combinational: 0
- Is one-state seq: 1
- Is datapath-only: 0
- Is pipelined: 0
- Is top level: 0
Port [ Return ] is wired: 1; IO mode=ap_ctrl_hs:ce=0
Port [ current_record_0_val1]:  wired=1; compound=0; hidden=0; nouse=0; global=0; static=0; extern=0; dir=0; type=0; pingpong=0; private_global=0; IO mode=ap_none:ce=0
Port [ current_record_0_val1_c]:  wired=1; compound=1; hidden=0; nouse=0; global=0; static=0; extern=0; dir=1; type=3; pingpong=0; private_global=0; IO mode=ap_fifo:ce=0
Port [ current_record_1_val2]:  wired=1; compound=0; hidden=0; nouse=0; global=0; static=0; extern=0; dir=0; type=0; pingpong=0; private_global=0; IO mode=ap_none:ce=0
Port [ current_record_1_val2_c]:  wired=1; compound=1; hidden=0; nouse=0; global=0; static=0; extern=0; dir=1; type=3; pingpong=0; private_global=0; IO mode=ap_fifo:ce=0
Port [ current_record_2_val3]:  wired=1; compound=0; hidden=0; nouse=0; global=0; static=0; extern=0; dir=0; type=0; pingpong=0; private_global=0; IO mode=ap_none:ce=0
Port [ current_record_2_val3_c]:  wired=1; compound=1; hidden=0; nouse=0; global=0; static=0; extern=0; dir=1; type=3; pingpong=0; private_global=0; IO mode=ap_fifo:ce=0
Port [ current_record_3_val4]:  wired=1; compound=0; hidden=0; nouse=0; global=0; static=0; extern=0; dir=0; type=0; pingpong=0; private_global=0; IO mode=ap_none:ce=0
Port [ current_record_3_val4_c]:  wired=1; compound=1; hidden=0; nouse=0; global=0; static=0; extern=0; dir=1; type=3; pingpong=0; private_global=0; IO mode=ap_fifo:ce=0
Port [ current_record_4_val5]:  wired=1; compound=0; hidden=0; nouse=0; global=0; static=0; extern=0; dir=0; type=0; pingpong=0; private_global=0; IO mode=ap_none:ce=0
Port [ current_record_4_val5_c]:  wired=1; compound=1; hidden=0; nouse=0; global=0; static=0; extern=0; dir=1; type=3; pingpong=0; private_global=0; IO mode=ap_fifo:ce=0
---------------- STG Properties END ------------------

---------------- Datapath Model BEGIN ----------------

<LifeTime>
<method=bitvector/>
specinterface_ln0          (specinterface) [ 00]
current_record_4_val5_read (read         ) [ 00]
current_record_3_val4_read (read         ) [ 00]
current_record_2_val3_read (read         ) [ 00]
current_record_1_val2_read (read         ) [ 00]
current_record_0_val1_read (read         ) [ 00]
write_ln0                  (write        ) [ 00]
specinterface_ln0          (specinterface) [ 00]
write_ln0                  (write        ) [ 00]
specinterface_ln0          (specinterface) [ 00]
write_ln0                  (write        ) [ 00]
specinterface_ln0          (specinterface) [ 00]
write_ln0                  (write        ) [ 00]
specinterface_ln0          (specinterface) [ 00]
write_ln0                  (write        ) [ 00]
ret_ln0                    (ret          ) [ 00]
</LifeTime>

<model>

<comp_list>
<comp id="0" class="1000" name="current_record_0_val1">
<pin_list>
<pin id="1" dir="1" index="0" bw="1" slack="0"/>
</pin_list>
<bind>
<StgValue><ssdm name="current_record_0_val1"/></StgValue>
</bind>
</comp>

<comp id="2" class="1000" name="current_record_0_val1_c">
<pin_list>
<pin id="3" dir="1" index="0" bw="1" slack="0"/>
</pin_list>
<bind>
<StgValue><ssdm name="current_record_0_val1_c"/></StgValue>
</bind>
</comp>

<comp id="4" class="1000" name="current_record_1_val2">
<pin_list>
<pin id="5" dir="1" index="0" bw="1" slack="0"/>
</pin_list>
<bind>
<StgValue><ssdm name="current_record_1_val2"/></StgValue>
</bind>
</comp>

<comp id="6" class="1000" name="current_record_1_val2_c">
<pin_list>
<pin id="7" dir="1" index="0" bw="1" slack="0"/>
</pin_list>
<bind>
<StgValue><ssdm name="current_record_1_val2_c"/></StgValue>
</bind>
</comp>

<comp id="8" class="1000" name="current_record_2_val3">
<pin_list>
<pin id="9" dir="1" index="0" bw="1" slack="0"/>
</pin_list>
<bind>
<StgValue><ssdm name="current_record_2_val3"/></StgValue>
</bind>
</comp>

<comp id="10" class="1000" name="current_record_2_val3_c">
<pin_list>
<pin id="11" dir="1" index="0" bw="1" slack="0"/>
</pin_list>
<bind>
<StgValue><ssdm name="current_record_2_val3_c"/></StgValue>
</bind>
</comp>

<comp id="12" class="1000" name="current_record_3_val4">
<pin_list>
<pin id="13" dir="1" index="0" bw="1" slack="0"/>
</pin_list>
<bind>
<StgValue><ssdm name="current_record_3_val4"/></StgValue>
</bind>
</comp>

<comp id="14" class="1000" name="current_record_3_val4_c">
<pin_list>
<pin id="15" dir="1" index="0" bw="1" slack="0"/>
</pin_list>
<bind>
<StgValue><ssdm name="current_record_3_val4_c"/></StgValue>
</bind>
</comp>

<comp id="16" class="1000" name="current_record_4_val5">
<pin_list>
<pin id="17" dir="1" index="0" bw="1" slack="0"/>
</pin_list>
<bind>
<StgValue><ssdm name="current_record_4_val5"/></StgValue>
</bind>
</comp>

<comp id="18" class="1000" name="current_record_4_val5_c">
<pin_list>
<pin id="19" dir="1" index="0" bw="1" slack="0"/>
</pin_list>
<bind>
<StgValue><ssdm name="current_record_4_val5_c"/></StgValue>
</bind>
</comp>

<comp id="20" class="1001" name="const_20">
<pin_list>
<pin id="21" dir="1" index="0" bw="1" slack="2147483647"/>
</pin_list>
<bind>
<StgValue><ssdm name="_ssdm_op_SpecInterface"/></StgValue>
</bind>
</comp>

<comp id="22" class="1001" name="const_22">
<pin_list>
<pin id="23" dir="1" index="0" bw="1" slack="2147483647"/>
</pin_list>
<bind>
<StgValue><ssdm name="ap_fifo_str"/></StgValue>
</bind>
</comp>

<comp id="24" class="1001" name="const_24">
<pin_list>
<pin id="25" dir="1" index="0" bw="1" slack="2147483647"/>
</pin_list>
<bind>
<StgValue><ssdm name=""/></StgValue>
</bind>
</comp>

<comp id="26" class="1001" name="const_26">
<pin_list>
<pin id="27" dir="1" index="0" bw="1" slack="2147483647"/>
</pin_list>
<bind>
<StgValue><ssdm name="p_str"/></StgValue>
</bind>
</comp>

<comp id="28" class="1001" name="const_28">
<pin_list>
<pin id="29" dir="1" index="0" bw="1" slack="2147483647"/>
</pin_list>
<bind>
<StgValue><ssdm name=""/></StgValue>
</bind>
</comp>

<comp id="30" class="1001" name="const_30">
<pin_list>
<pin id="31" dir="1" index="0" bw="1" slack="2147483647"/>
</pin_list>
<bind>
<StgValue><ssdm name=""/></StgValue>
</bind>
</comp>

<comp id="32" class="1001" name="const_32">
<pin_list>
<pin id="33" dir="1" index="0" bw="1" slack="2147483647"/>
</pin_list>
<bind>
<StgValue><ssdm name="ScalarProp_str"/></StgValue>
</bind>
</comp>

<comp id="34" class="1001" name="const_34">
<pin_list>
<pin id="35" dir="1" index="0" bw="1" slack="2147483647"/>
</pin_list>
<bind>
<StgValue><ssdm name=""/></StgValue>
</bind>
</comp>

<comp id="36" class="1001" name="const_36">
<pin_list>
<pin id="37" dir="1" index="0" bw="1" slack="0"/>
</pin_list>
<bind>
<StgValue><ssdm name="_ssdm_op_Read.ap_auto.i512"/></StgValue>
</bind>
</comp>

<comp id="38" class="1001" name="const_38">
<pin_list>
<pin id="39" dir="1" index="0" bw="1" slack="0"/>
</pin_list>
<bind>
<StgValue><ssdm name="_ssdm_op_Write.ap_fifo.i512P0A"/></StgValue>
</bind>
</comp>

<comp id="40" class="1004" name="current_record_4_val5_read_read_fu_40">
<pin_list>
<pin id="41" dir="0" index="0" bw="512" slack="0"/>
<pin id="42" dir="0" index="1" bw="512" slack="0"/>
<pin id="43" dir="1" index="2" bw="512" slack="0"/>
</pin_list>
<bind>
<opcode="read(1150) " fcode="read"/>
<opset="current_record_4_val5_read/1 "/>
</bind>
</comp>

<comp id="46" class="1004" name="current_record_3_val4_read_read_fu_46">
<pin_list>
<pin id="47" dir="0" index="0" bw="512" slack="0"/>
<pin id="48" dir="0" index="1" bw="512" slack="0"/>
<pin id="49" dir="1" index="2" bw="512" slack="0"/>
</pin_list>
<bind>
<opcode="read(1150) " fcode="read"/>
<opset="current_record_3_val4_read/1 "/>
</bind>
</comp>

<comp id="52" class="1004" name="current_record_2_val3_read_read_fu_52">
<pin_list>
<pin id="53" dir="0" index="0" bw="512" slack="0"/>
<pin id="54" dir="0" index="1" bw="512" slack="0"/>
<pin id="55" dir="1" index="2" bw="512" slack="0"/>
</pin_list>
<bind>
<opcode="read(1150) " fcode="read"/>
<opset="current_record_2_val3_read/1 "/>
</bind>
</comp>

<comp id="58" class="1004" name="current_record_1_val2_read_read_fu_58">
<pin_list>
<pin id="59" dir="0" index="0" bw="512" slack="0"/>
<pin id="60" dir="0" index="1" bw="512" slack="0"/>
<pin id="61" dir="1" index="2" bw="512" slack="0"/>
</pin_list>
<bind>
<opcode="read(1150) " fcode="read"/>
<opset="current_record_1_val2_read/1 "/>
</bind>
</comp>

<comp id="64" class="1004" name="current_record_0_val1_read_read_fu_64">
<pin_list>
<pin id="65" dir="0" index="0" bw="512" slack="0"/>
<pin id="66" dir="0" index="1" bw="512" slack="0"/>
<pin id="67" dir="1" index="2" bw="512" slack="0"/>
</pin_list>
<bind>
<opcode="read(1150) " fcode="read"/>
<opset="current_record_0_val1_read/1 "/>
</bind>
</comp>

<comp id="70" class="1004" name="write_ln0_write_fu_70">
<pin_list>
<pin id="71" dir="0" index="0" bw="0" slack="0"/>
<pin id="72" dir="0" index="1" bw="512" slack="0"/>
<pin id="73" dir="0" index="2" bw="512" slack="0"/>
<pin id="74" dir="1" index="3" bw="0" slack="2147483647"/>
</pin_list>
<bind>
<opcode="write(1151) " fcode="write"/>
<opset="write_ln0/1 "/>
</bind>
</comp>

<comp id="78" class="1004" name="write_ln0_write_fu_78">
<pin_list>
<pin id="79" dir="0" index="0" bw="0" slack="0"/>
<pin id="80" dir="0" index="1" bw="512" slack="0"/>
<pin id="81" dir="0" index="2" bw="512" slack="0"/>
<pin id="82" dir="1" index="3" bw="0" slack="2147483647"/>
</pin_list>
<bind>
<opcode="write(1151) " fcode="write"/>
<opset="write_ln0/1 "/>
</bind>
</comp>

<comp id="86" class="1004" name="write_ln0_write_fu_86">
<pin_list>
<pin id="87" dir="0" index="0" bw="0" slack="0"/>
<pin id="88" dir="0" index="1" bw="512" slack="0"/>
<pin id="89" dir="0" index="2" bw="512" slack="0"/>
<pin id="90" dir="1" index="3" bw="0" slack="2147483647"/>
</pin_list>
<bind>
<opcode="write(1151) " fcode="write"/>
<opset="write_ln0/1 "/>
</bind>
</comp>

<comp id="94" class="1004" name="write_ln0_write_fu_94">
<pin_list>
<pin id="95" dir="0" index="0" bw="0" slack="0"/>
<pin id="96" dir="0" index="1" bw="512" slack="0"/>
<pin id="97" dir="0" index="2" bw="512" slack="0"/>
<pin id="98" dir="1" index="3" bw="0" slack="2147483647"/>
</pin_list>
<bind>
<opcode="write(1151) " fcode="write"/>
<opset="write_ln0/1 "/>
</bind>
</comp>

<comp id="102" class="1004" name="write_ln0_write_fu_102">
<pin_list>
<pin id="103" dir="0" index="0" bw="0" slack="0"/>
<pin id="104" dir="0" index="1" bw="512" slack="0"/>
<pin id="105" dir="0" index="2" bw="512" slack="0"/>
<pin id="106" dir="1" index="3" bw="0" slack="2147483647"/>
</pin_list>
<bind>
<opcode="write(1151) " fcode="write"/>
<opset="write_ln0/1 "/>
</bind>
</comp>

</comp_list>

<net_list>
<net id="44"><net_src comp="36" pin="0"/><net_sink comp="40" pin=0"/></net>

<net id="45"><net_src comp="16" pin="0"/><net_sink comp="40" pin=1"/></net>

<net id="50"><net_src comp="36" pin="0"/><net_sink comp="46" pin=0"/></net>

<net id="51"><net_src comp="12" pin="0"/><net_sink comp="46" pin=1"/></net>

<net id="56"><net_src comp="36" pin="0"/><net_sink comp="52" pin=0"/></net>

<net id="57"><net_src comp="8" pin="0"/><net_sink comp="52" pin=1"/></net>

<net id="62"><net_src comp="36" pin="0"/><net_sink comp="58" pin=0"/></net>

<net id="63"><net_src comp="4" pin="0"/><net_sink comp="58" pin=1"/></net>

<net id="68"><net_src comp="36" pin="0"/><net_sink comp="64" pin=0"/></net>

<net id="69"><net_src comp="0" pin="0"/><net_sink comp="64" pin=1"/></net>

<net id="75"><net_src comp="38" pin="0"/><net_sink comp="70" pin=0"/></net>

<net id="76"><net_src comp="18" pin="0"/><net_sink comp="70" pin=1"/></net>

<net id="77"><net_src comp="40" pin="2"/><net_sink comp="70" pin=2"/></net>

<net id="83"><net_src comp="38" pin="0"/><net_sink comp="78" pin=0"/></net>

<net id="84"><net_src comp="14" pin="0"/><net_sink comp="78" pin=1"/></net>

<net id="85"><net_src comp="46" pin="2"/><net_sink comp="78" pin=2"/></net>

<net id="91"><net_src comp="38" pin="0"/><net_sink comp="86" pin=0"/></net>

<net id="92"><net_src comp="10" pin="0"/><net_sink comp="86" pin=1"/></net>

<net id="93"><net_src comp="52" pin="2"/><net_sink comp="86" pin=2"/></net>

<net id="99"><net_src comp="38" pin="0"/><net_sink comp="94" pin=0"/></net>

<net id="100"><net_src comp="6" pin="0"/><net_sink comp="94" pin=1"/></net>

<net id="101"><net_src comp="58" pin="2"/><net_sink comp="94" pin=2"/></net>

<net id="107"><net_src comp="38" pin="0"/><net_sink comp="102" pin=0"/></net>

<net id="108"><net_src comp="2" pin="0"/><net_sink comp="102" pin=1"/></net>

<net id="109"><net_src comp="64" pin="2"/><net_sink comp="102" pin=2"/></net>

</net_list>

</model> 
---------------- Datapath Model END ------------------

* FSMD analyzer results:
  - Output states:
	Port: current_record_0_val1_c | {1 }
	Port: current_record_1_val2_c | {1 }
	Port: current_record_2_val3_c | {1 }
	Port: current_record_3_val4_c | {1 }
	Port: current_record_4_val5_c | {1 }
 - Input state : 
	Port: entry_proc57 : current_record_0_val1 | {1 }
	Port: entry_proc57 : current_record_0_val1_c | {}
	Port: entry_proc57 : current_record_1_val2 | {1 }
	Port: entry_proc57 : current_record_1_val2_c | {}
	Port: entry_proc57 : current_record_2_val3 | {1 }
	Port: entry_proc57 : current_record_2_val3_c | {}
	Port: entry_proc57 : current_record_3_val4 | {1 }
	Port: entry_proc57 : current_record_3_val4_c | {}
	Port: entry_proc57 : current_record_4_val5 | {1 }
	Port: entry_proc57 : current_record_4_val5_c | {}
  - Chain level:
	State 1


============================================================
+ Verbose Summary: Datapath Resource usage 
============================================================

* Functional unit list:
|----------|---------------------------------------|
| Operation|            Functional Unit            |
|----------|---------------------------------------|
|          | current_record_4_val5_read_read_fu_40 |
|          | current_record_3_val4_read_read_fu_46 |
|   read   | current_record_2_val3_read_read_fu_52 |
|          | current_record_1_val2_read_read_fu_58 |
|          | current_record_0_val1_read_read_fu_64 |
|----------|---------------------------------------|
|          |         write_ln0_write_fu_70         |
|          |         write_ln0_write_fu_78         |
|   write  |         write_ln0_write_fu_86         |
|          |         write_ln0_write_fu_94         |
|          |         write_ln0_write_fu_102        |
|----------|---------------------------------------|
|   Total  |                                       |
|----------|---------------------------------------|

Memories:
N/A

* Register list:
N/A

* Multiplexer (MUX) list: 
|--------|------|------|------|--------|
|  Comp  |  Pin | Size |  BW  | S x BW |
|--------|------|------|------|--------|
|  Total |      |      |      |    0   |
|--------|------|------|------|--------|



* Summary:
+-----------+
|           |
+-----------+
|  Function |
|   Memory  |
|Multiplexer|
|  Register |
+-----------+
|   Total   |
+-----------+
