C:\KLTN\u250\proj_int4_decoder_xo\solution1\.autopilot\db\gemv2_pack_bench.pp.0.cpp:1317:7: warning: Added loop label VITIS_LOOP_1207_1:   [xilinx-label-all-loops]
      for (i = 0; i < __N - 1; ++i) {
      ^~~
      VITIS_LOOP_1207_1: 
C:\KLTN\u250\proj_int4_decoder_xo\solution1\.autopilot\db\gemv2_pack_bench.pp.0.cpp:1317:7: note: FIX-IT applied suggested code changes
C:\KLTN\u250\proj_int4_decoder_xo\solution1\.autopilot\db\gemv2_pack_bench.pp.0.cpp:2291:5: warning: Added loop label VITIS_LOOP_676_1:   [xilinx-label-all-loops]
    for (unsigned i = low; i != high; ++i) {
    ^~~
    VITIS_LOOP_676_1: 
C:\KLTN\u250\proj_int4_decoder_xo\solution1\.autopilot\db\gemv2_pack_bench.pp.0.cpp:2291:5: note: FIX-IT applied suggested code changes
C:\KLTN\u250\proj_int4_decoder_xo\solution1\.autopilot\db\gemv2_pack_bench.pp.0.cpp:2305:5: warning: Added loop label VITIS_LOOP_690_1:   [xilinx-label-all-loops]
    for (unsigned i = low; i != high; ++i) {
    ^~~
    VITIS_LOOP_690_1: 
C:\KLTN\u250\proj_int4_decoder_xo\solution1\.autopilot\db\gemv2_pack_bench.pp.0.cpp:2305:5: note: FIX-IT applied suggested code changes
C:\KLTN\u250\proj_int4_decoder_xo\solution1\.autopilot\db\gemv2_pack_bench.pp.0.cpp:2319:5: warning: Added loop label VITIS_LOOP_704_1:   [xilinx-label-all-loops]
    for (unsigned i = low; i != high; ++i) {
    ^~~
    VITIS_LOOP_704_1: 
C:\KLTN\u250\proj_int4_decoder_xo\solution1\.autopilot\db\gemv2_pack_bench.pp.0.cpp:2319:5: note: FIX-IT applied suggested code changes
C:\KLTN\u250\proj_int4_decoder_xo\solution1\.autopilot\db\gemv2_pack_bench.pp.0.cpp:3948:7: warning: Added loop label VITIS_LOOP_1247_1:   [xilinx-label-all-loops]
      for (i = 0; i < __N - 1; ++i) {
      ^~~
      VITIS_LOOP_1247_1: 
C:\KLTN\u250\proj_int4_decoder_xo\solution1\.autopilot\db\gemv2_pack_bench.pp.0.cpp:3948:7: note: FIX-IT applied suggested code changes
