C:\KLTN\u250\proj_int4_decoder_xo\solution1\.autopilot\db\gemv_tile_pe.pp.0.cpp:1317:7: warning: Added loop label VITIS_LOOP_1207_1:   [xilinx-label-all-loops]
      for (i = 0; i < __N - 1; ++i) {
      ^~~
      VITIS_LOOP_1207_1: 
C:\KLTN\u250\proj_int4_decoder_xo\solution1\.autopilot\db\gemv_tile_pe.pp.0.cpp:1317:7: note: FIX-IT applied suggested code changes
C:\KLTN\u250\proj_int4_decoder_xo\solution1\.autopilot\db\gemv_tile_pe.pp.0.cpp:2291:5: warning: Added loop label VITIS_LOOP_676_1:   [xilinx-label-all-loops]
    for (unsigned i = low; i != high; ++i) {
    ^~~
    VITIS_LOOP_676_1: 
C:\KLTN\u250\proj_int4_decoder_xo\solution1\.autopilot\db\gemv_tile_pe.pp.0.cpp:2291:5: note: FIX-IT applied suggested code changes
C:\KLTN\u250\proj_int4_decoder_xo\solution1\.autopilot\db\gemv_tile_pe.pp.0.cpp:2305:5: warning: Added loop label VITIS_LOOP_690_1:   [xilinx-label-all-loops]
    for (unsigned i = low; i != high; ++i) {
    ^~~
    VITIS_LOOP_690_1: 
C:\KLTN\u250\proj_int4_decoder_xo\solution1\.autopilot\db\gemv_tile_pe.pp.0.cpp:2305:5: note: FIX-IT applied suggested code changes
C:\KLTN\u250\proj_int4_decoder_xo\solution1\.autopilot\db\gemv_tile_pe.pp.0.cpp:2319:5: warning: Added loop label VITIS_LOOP_704_1:   [xilinx-label-all-loops]
    for (unsigned i = low; i != high; ++i) {
    ^~~
    VITIS_LOOP_704_1: 
C:\KLTN\u250\proj_int4_decoder_xo\solution1\.autopilot\db\gemv_tile_pe.pp.0.cpp:2319:5: note: FIX-IT applied suggested code changes
C:\KLTN\u250\proj_int4_decoder_xo\solution1\.autopilot\db\gemv_tile_pe.pp.0.cpp:3948:7: warning: Added loop label VITIS_LOOP_1247_1:   [xilinx-label-all-loops]
      for (i = 0; i < __N - 1; ++i) {
      ^~~
      VITIS_LOOP_1247_1: 
C:\KLTN\u250\proj_int4_decoder_xo\solution1\.autopilot\db\gemv_tile_pe.pp.0.cpp:3948:7: note: FIX-IT applied suggested code changes
C:\KLTN\u250\proj_int4_decoder_xo\solution1\.autopilot\db\gemv_tile_pe.pp.0.cpp:6690:57: error: Invalid Directive: for current device, ram_1p + bram is invalid combination for BIND_STORAGE's option 'type + impl' [clang-diagnostic-error]
#pragma HLS BIND_STORAGE variable=activation_cache type=ram_1p impl=bram
                                                        ^
C:\KLTN\u250\proj_int4_decoder_xo\solution1\.autopilot\db\gemv_tile_pe.pp.0.cpp:7133:59: error: Invalid Directive: for current device, fifo + bram is invalid combination for BIND_STORAGE's option 'type + impl' [clang-diagnostic-error]
#pragma HLS BIND_STORAGE variable=group_block_stream type=fifo impl=bram
                                                          ^
C:\KLTN\u250\proj_int4_decoder_xo\solution1\.autopilot\db\gemv_tile_pe.pp.0.cpp:7206:57: error: Invalid Directive: for current device, ram_1p + bram is invalid combination for BIND_STORAGE's option 'type + impl' [clang-diagnostic-error]
#pragma HLS BIND_STORAGE variable=activation_cache type=ram_1p impl=bram
                                                        ^
C:\KLTN\u250\proj_int4_decoder_xo\solution1\.autopilot\db\gemv_tile_pe.pp.0.cpp:7207:63: error: Invalid Directive: for current device, ram_1p + bram is invalid combination for BIND_STORAGE's option 'type + impl' [clang-diagnostic-error]
#pragma HLS BIND_STORAGE variable=activation_scale_cache type=ram_1p impl=bram
                                                              ^
C:\KLTN\u250\proj_int4_decoder_xo\solution1\.autopilot\db\gemv_tile_pe.pp.0.cpp:7208:59: error: Invalid Directive: for current device, ram_1p + bram is invalid combination for BIND_STORAGE's option 'type + impl' [clang-diagnostic-error]
#pragma HLS BIND_STORAGE variable=weight_scale_cache type=ram_1p impl=bram
                                                          ^
