

================================================================
== Vitis HLS Report for 'int4_write_outputs_Pipeline_fused_residual_add_loop'
================================================================
* Date:           Tue Aug 11 09:17:46 2026

* Version:        2023.2 (Build 4023990 on Oct 11 2023)
* Project:        proj_int4_decoder_xo
* Solution:       solution1 (Vitis Kernel Flow Target)
* Product family: virtexuplus
* Target device:  xcu250-figd2104-2L-e


================================================================
== Performance Estimates
================================================================
+ Timing: 
    * Summary: 
    +--------+---------+----------+------------+
    |  Clock |  Target | Estimated| Uncertainty|
    +--------+---------+----------+------------+
    |ap_clk  |  3.33 ns|  2.342 ns|     0.90 ns|
    +--------+---------+----------+------------+

+ Latency: 
    * Summary: 
    +---------+---------+-----------+-----------+-----+-----+---------+
    |  Latency (cycles) |   Latency (absolute)  |  Interval | Pipeline|
    |   min   |   max   |    min    |    max    | min | max |   Type  |
    +---------+---------+-----------+-----------+-----+-----+---------+
    |       24|       24|  79.992 ns|  79.992 ns|   24|   24|       no|
    +---------+---------+-----------+-----------+-----+-----+---------+

    + Detail: 
        * Instance: 
        N/A

        * Loop: 
        +---------------------------+---------+---------+----------+-----------+-----------+------+----------+
        |                           |  Latency (cycles) | Iteration|  Initiation Interval  | Trip |          |
        |         Loop Name         |   min   |   max   |  Latency |  achieved |   target  | Count| Pipelined|
        +---------------------------+---------+---------+----------+-----------+-----------+------+----------+
        |- fused_residual_add_loop  |       22|       22|         8|          1|          1|    16|       yes|
        +---------------------------+---------+---------+----------+-----------+-----------+------+----------+

============================================================
+ Verbose Summary: Synthesis Manager
============================================================
InlineROM: 1
ExposeGlobal: 0
============================================================
+ Verbose Summary: CDFG Model
============================================================
IsTopModel: 0
ResetActiveHigh: 1
IsCombinational: 0
IsDatapathOnly: 0
HasWiredReturn: 1
HasMFsm: 2
HasVarLatency: 1
IsPipeline: 0
IsRtlPipelined: 0
IsInstanceOverlapped: 0
IsDontTouch: 0
HasImplIP: 0
IsGatedGlobalClock: 0

+ Individual pipeline summary: 
  * Pipeline-0: initiation interval (II) = 1, depth = 8


============================================================
+ Verbose Summary: Schedule
============================================================
* Number of FSM states : 8
* Pipeline : 1
  Pipeline-0 : II = 1, D = 8, States = { 1 2 3 4 5 6 7 8 }
* Dataflow Pipeline: 0

* FSM state transitions: 
1 --> 2 
2 --> 3 
3 --> 4 
4 --> 5 
5 --> 6 
6 --> 7 
7 --> 8 
8 --> 

* FSM state operations: 

State 1 <SV = 0> <Delay = 1.48>
ST_1 : Operation 11 [1/1] (0.00ns)   --->   "%lane = alloca i32 1" [source/int4_linear_controller.cpp:747->source/int4_linear_controller.cpp:919]   --->   Operation 11 'alloca' 'lane' <Predicate = true> <Delay = 0.00>
ST_1 : Operation 12 [1/1] (0.00ns)   --->   "%empty = alloca i32 1"   --->   Operation 12 'alloca' 'empty' <Predicate = true> <Delay = 0.00>
ST_1 : Operation 13 [1/1] (0.00ns)   --->   "%empty_778 = alloca i32 1"   --->   Operation 13 'alloca' 'empty_778' <Predicate = true> <Delay = 0.00>
ST_1 : Operation 14 [1/1] (0.00ns)   --->   "%empty_779 = alloca i32 1"   --->   Operation 14 'alloca' 'empty_779' <Predicate = true> <Delay = 0.00>
ST_1 : Operation 15 [1/1] (0.00ns)   --->   "%empty_780 = alloca i32 1"   --->   Operation 15 'alloca' 'empty_780' <Predicate = true> <Delay = 0.00>
ST_1 : Operation 16 [1/1] (0.00ns)   --->   "%empty_781 = alloca i32 1"   --->   Operation 16 'alloca' 'empty_781' <Predicate = true> <Delay = 0.00>
ST_1 : Operation 17 [1/1] (0.00ns)   --->   "%empty_782 = alloca i32 1"   --->   Operation 17 'alloca' 'empty_782' <Predicate = true> <Delay = 0.00>
ST_1 : Operation 18 [1/1] (0.00ns)   --->   "%empty_783 = alloca i32 1"   --->   Operation 18 'alloca' 'empty_783' <Predicate = true> <Delay = 0.00>
ST_1 : Operation 19 [1/1] (0.00ns)   --->   "%empty_784 = alloca i32 1"   --->   Operation 19 'alloca' 'empty_784' <Predicate = true> <Delay = 0.00>
ST_1 : Operation 20 [1/1] (0.00ns)   --->   "%empty_785 = alloca i32 1"   --->   Operation 20 'alloca' 'empty_785' <Predicate = true> <Delay = 0.00>
ST_1 : Operation 21 [1/1] (0.00ns)   --->   "%empty_786 = alloca i32 1"   --->   Operation 21 'alloca' 'empty_786' <Predicate = true> <Delay = 0.00>
ST_1 : Operation 22 [1/1] (0.00ns)   --->   "%empty_787 = alloca i32 1"   --->   Operation 22 'alloca' 'empty_787' <Predicate = true> <Delay = 0.00>
ST_1 : Operation 23 [1/1] (0.00ns)   --->   "%empty_788 = alloca i32 1"   --->   Operation 23 'alloca' 'empty_788' <Predicate = true> <Delay = 0.00>
ST_1 : Operation 24 [1/1] (0.00ns)   --->   "%empty_789 = alloca i32 1"   --->   Operation 24 'alloca' 'empty_789' <Predicate = true> <Delay = 0.00>
ST_1 : Operation 25 [1/1] (0.00ns)   --->   "%empty_790 = alloca i32 1"   --->   Operation 25 'alloca' 'empty_790' <Predicate = true> <Delay = 0.00>
ST_1 : Operation 26 [1/1] (0.00ns)   --->   "%empty_791 = alloca i32 1"   --->   Operation 26 'alloca' 'empty_791' <Predicate = true> <Delay = 0.00>
ST_1 : Operation 27 [1/1] (0.00ns)   --->   "%empty_792 = alloca i32 1"   --->   Operation 27 'alloca' 'empty_792' <Predicate = true> <Delay = 0.00>
ST_1 : Operation 28 [1/1] (0.00ns)   --->   "%branch_values_60_read = read i32 @_ssdm_op_Read.ap_auto.float, i32 %branch_values_60"   --->   Operation 28 'read' 'branch_values_60_read' <Predicate = true> <Delay = 0.00>
ST_1 : Operation 29 [1/1] (0.00ns)   --->   "%branch_values_59_read = read i32 @_ssdm_op_Read.ap_auto.float, i32 %branch_values_59"   --->   Operation 29 'read' 'branch_values_59_read' <Predicate = true> <Delay = 0.00>
ST_1 : Operation 30 [1/1] (0.00ns)   --->   "%branch_values_58_read = read i32 @_ssdm_op_Read.ap_auto.float, i32 %branch_values_58"   --->   Operation 30 'read' 'branch_values_58_read' <Predicate = true> <Delay = 0.00>
ST_1 : Operation 31 [1/1] (0.00ns)   --->   "%branch_values_57_read = read i32 @_ssdm_op_Read.ap_auto.float, i32 %branch_values_57"   --->   Operation 31 'read' 'branch_values_57_read' <Predicate = true> <Delay = 0.00>
ST_1 : Operation 32 [1/1] (0.00ns)   --->   "%branch_values_56_read = read i32 @_ssdm_op_Read.ap_auto.float, i32 %branch_values_56"   --->   Operation 32 'read' 'branch_values_56_read' <Predicate = true> <Delay = 0.00>
ST_1 : Operation 33 [1/1] (0.00ns)   --->   "%branch_values_55_read = read i32 @_ssdm_op_Read.ap_auto.float, i32 %branch_values_55"   --->   Operation 33 'read' 'branch_values_55_read' <Predicate = true> <Delay = 0.00>
ST_1 : Operation 34 [1/1] (0.00ns)   --->   "%branch_values_54_read = read i32 @_ssdm_op_Read.ap_auto.float, i32 %branch_values_54"   --->   Operation 34 'read' 'branch_values_54_read' <Predicate = true> <Delay = 0.00>
ST_1 : Operation 35 [1/1] (0.00ns)   --->   "%branch_values_53_read = read i32 @_ssdm_op_Read.ap_auto.float, i32 %branch_values_53"   --->   Operation 35 'read' 'branch_values_53_read' <Predicate = true> <Delay = 0.00>
ST_1 : Operation 36 [1/1] (0.00ns)   --->   "%branch_values_52_read = read i32 @_ssdm_op_Read.ap_auto.float, i32 %branch_values_52"   --->   Operation 36 'read' 'branch_values_52_read' <Predicate = true> <Delay = 0.00>
ST_1 : Operation 37 [1/1] (0.00ns)   --->   "%branch_values_51_read = read i32 @_ssdm_op_Read.ap_auto.float, i32 %branch_values_51"   --->   Operation 37 'read' 'branch_values_51_read' <Predicate = true> <Delay = 0.00>
ST_1 : Operation 38 [1/1] (0.00ns)   --->   "%branch_values_50_read = read i32 @_ssdm_op_Read.ap_auto.float, i32 %branch_values_50"   --->   Operation 38 'read' 'branch_values_50_read' <Predicate = true> <Delay = 0.00>
ST_1 : Operation 39 [1/1] (0.00ns)   --->   "%branch_values_49_read = read i32 @_ssdm_op_Read.ap_auto.float, i32 %branch_values_49"   --->   Operation 39 'read' 'branch_values_49_read' <Predicate = true> <Delay = 0.00>
ST_1 : Operation 40 [1/1] (0.00ns)   --->   "%branch_values_48_read = read i32 @_ssdm_op_Read.ap_auto.float, i32 %branch_values_48"   --->   Operation 40 'read' 'branch_values_48_read' <Predicate = true> <Delay = 0.00>
ST_1 : Operation 41 [1/1] (0.00ns)   --->   "%branch_values_47_read = read i32 @_ssdm_op_Read.ap_auto.float, i32 %branch_values_47"   --->   Operation 41 'read' 'branch_values_47_read' <Predicate = true> <Delay = 0.00>
ST_1 : Operation 42 [1/1] (0.00ns)   --->   "%branch_values_46_read = read i32 @_ssdm_op_Read.ap_auto.float, i32 %branch_values_46"   --->   Operation 42 'read' 'branch_values_46_read' <Predicate = true> <Delay = 0.00>
ST_1 : Operation 43 [1/1] (0.00ns)   --->   "%branch_values_read = read i32 @_ssdm_op_Read.ap_auto.float, i32 %branch_values"   --->   Operation 43 'read' 'branch_values_read' <Predicate = true> <Delay = 0.00>
ST_1 : Operation 44 [1/1] (0.00ns)   --->   "%residual_values_60_read = read i32 @_ssdm_op_Read.ap_auto.float, i32 %residual_values_60"   --->   Operation 44 'read' 'residual_values_60_read' <Predicate = true> <Delay = 0.00>
ST_1 : Operation 45 [1/1] (0.00ns)   --->   "%residual_values_59_read = read i32 @_ssdm_op_Read.ap_auto.float, i32 %residual_values_59"   --->   Operation 45 'read' 'residual_values_59_read' <Predicate = true> <Delay = 0.00>
ST_1 : Operation 46 [1/1] (0.00ns)   --->   "%residual_values_58_read = read i32 @_ssdm_op_Read.ap_auto.float, i32 %residual_values_58"   --->   Operation 46 'read' 'residual_values_58_read' <Predicate = true> <Delay = 0.00>
ST_1 : Operation 47 [1/1] (0.00ns)   --->   "%residual_values_57_read = read i32 @_ssdm_op_Read.ap_auto.float, i32 %residual_values_57"   --->   Operation 47 'read' 'residual_values_57_read' <Predicate = true> <Delay = 0.00>
ST_1 : Operation 48 [1/1] (0.00ns)   --->   "%residual_values_56_read = read i32 @_ssdm_op_Read.ap_auto.float, i32 %residual_values_56"   --->   Operation 48 'read' 'residual_values_56_read' <Predicate = true> <Delay = 0.00>
ST_1 : Operation 49 [1/1] (0.00ns)   --->   "%residual_values_55_read = read i32 @_ssdm_op_Read.ap_auto.float, i32 %residual_values_55"   --->   Operation 49 'read' 'residual_values_55_read' <Predicate = true> <Delay = 0.00>
ST_1 : Operation 50 [1/1] (0.00ns)   --->   "%residual_values_54_read = read i32 @_ssdm_op_Read.ap_auto.float, i32 %residual_values_54"   --->   Operation 50 'read' 'residual_values_54_read' <Predicate = true> <Delay = 0.00>
ST_1 : Operation 51 [1/1] (0.00ns)   --->   "%residual_values_53_read = read i32 @_ssdm_op_Read.ap_auto.float, i32 %residual_values_53"   --->   Operation 51 'read' 'residual_values_53_read' <Predicate = true> <Delay = 0.00>
ST_1 : Operation 52 [1/1] (0.00ns)   --->   "%residual_values_52_read = read i32 @_ssdm_op_Read.ap_auto.float, i32 %residual_values_52"   --->   Operation 52 'read' 'residual_values_52_read' <Predicate = true> <Delay = 0.00>
ST_1 : Operation 53 [1/1] (0.00ns)   --->   "%residual_values_51_read = read i32 @_ssdm_op_Read.ap_auto.float, i32 %residual_values_51"   --->   Operation 53 'read' 'residual_values_51_read' <Predicate = true> <Delay = 0.00>
ST_1 : Operation 54 [1/1] (0.00ns)   --->   "%residual_values_50_read = read i32 @_ssdm_op_Read.ap_auto.float, i32 %residual_values_50"   --->   Operation 54 'read' 'residual_values_50_read' <Predicate = true> <Delay = 0.00>
ST_1 : Operation 55 [1/1] (0.00ns)   --->   "%residual_values_49_read = read i32 @_ssdm_op_Read.ap_auto.float, i32 %residual_values_49"   --->   Operation 55 'read' 'residual_values_49_read' <Predicate = true> <Delay = 0.00>
ST_1 : Operation 56 [1/1] (0.00ns)   --->   "%residual_values_48_read = read i32 @_ssdm_op_Read.ap_auto.float, i32 %residual_values_48"   --->   Operation 56 'read' 'residual_values_48_read' <Predicate = true> <Delay = 0.00>
ST_1 : Operation 57 [1/1] (0.00ns)   --->   "%residual_values_47_read = read i32 @_ssdm_op_Read.ap_auto.float, i32 %residual_values_47"   --->   Operation 57 'read' 'residual_values_47_read' <Predicate = true> <Delay = 0.00>
ST_1 : Operation 58 [1/1] (0.00ns)   --->   "%residual_values_46_read = read i32 @_ssdm_op_Read.ap_auto.float, i32 %residual_values_46"   --->   Operation 58 'read' 'residual_values_46_read' <Predicate = true> <Delay = 0.00>
ST_1 : Operation 59 [1/1] (0.00ns)   --->   "%residual_values_read = read i32 @_ssdm_op_Read.ap_auto.float, i32 %residual_values"   --->   Operation 59 'read' 'residual_values_read' <Predicate = true> <Delay = 0.00>
ST_1 : Operation 60 [1/1] (0.38ns)   --->   "%store_ln747 = store i5 0, i5 %lane" [source/int4_linear_controller.cpp:747->source/int4_linear_controller.cpp:919]   --->   Operation 60 'store' 'store_ln747' <Predicate = true> <Delay = 0.38>
ST_1 : Operation 61 [1/1] (0.00ns)   --->   "%br_ln0 = br void %for.inc40.i"   --->   Operation 61 'br' 'br_ln0' <Predicate = true> <Delay = 0.00>
ST_1 : Operation 62 [1/1] (0.00ns)   --->   "%lane_3 = load i5 %lane" [source/int4_linear_controller.cpp:747->source/int4_linear_controller.cpp:919]   --->   Operation 62 'load' 'lane_3' <Predicate = true> <Delay = 0.00>
ST_1 : Operation 63 [1/1] (0.70ns)   --->   "%icmp_ln748 = icmp_eq  i5 %lane_3, i5 16" [source/int4_linear_controller.cpp:748->source/int4_linear_controller.cpp:919]   --->   Operation 63 'icmp' 'icmp_ln748' <Predicate = true> <Delay = 0.70> <CoreInst = "Cmp">   --->   Core 9 'Cmp' <Latency = 0> <II = 1> <Delay = 0.70> <FuncUnit> <Opcode : 'icmp'> <InPorts = 2> <OutPorts = 1>
ST_1 : Operation 64 [1/1] (0.70ns)   --->   "%add_ln749 = add i5 %lane_3, i5 1" [source/int4_linear_controller.cpp:749->source/int4_linear_controller.cpp:919]   --->   Operation 64 'add' 'add_ln749' <Predicate = true> <Delay = 0.70> <CoreInst = "Adder">   --->   Core 1 'Adder' <Latency = 0> <II = 1> <Delay = 0.70> <FuncUnit> <Opcode : 'add' 'sub'> <InPorts = 2> <OutPorts = 1>
ST_1 : Operation 65 [1/1] (0.00ns)   --->   "%br_ln747 = br i1 %icmp_ln748, void %for.inc40.split.i, void %for.inc55.i.exitStub" [source/int4_linear_controller.cpp:747->source/int4_linear_controller.cpp:919]   --->   Operation 65 'br' 'br_ln747' <Predicate = true> <Delay = 0.00>
ST_1 : Operation 66 [1/1] (0.00ns)   --->   "%trunc_ln747 = trunc i5 %lane_3" [source/int4_linear_controller.cpp:747->source/int4_linear_controller.cpp:919]   --->   Operation 66 'trunc' 'trunc_ln747' <Predicate = (!icmp_ln748)> <Delay = 0.00>
ST_1 : Operation 67 [1/1] (0.49ns)   --->   "%tmp_i = sparsemux i32 @_ssdm_op_SparseMux.ap_auto.16f32.f32.i4, i4 0, i32 %residual_values_read, i4 1, i32 %residual_values_46_read, i4 2, i32 %residual_values_47_read, i4 3, i32 %residual_values_48_read, i4 4, i32 %residual_values_49_read, i4 5, i32 %residual_values_50_read, i4 6, i32 %residual_values_51_read, i4 7, i32 %residual_values_52_read, i4 8, i32 %residual_values_53_read, i4 9, i32 %residual_values_54_read, i4 10, i32 %residual_values_55_read, i4 11, i32 %residual_values_56_read, i4 12, i32 %residual_values_57_read, i4 13, i32 %residual_values_58_read, i4 14, i32 %residual_values_59_read, i4 15, i32 %residual_values_60_read, i32 <undef>, i4 %trunc_ln747" [source/int4_linear_controller.cpp:752->source/int4_linear_controller.cpp:919]   --->   Operation 67 'sparsemux' 'tmp_i' <Predicate = (!icmp_ln748)> <Delay = 0.49> <CoreInst = "SparseMux">   --->   Core 147 'SparseMux' <Latency = 0> <II = 1> <Delay = 0.49> <FuncUnit> <Opcode : 'sparsemux'> <InPorts = 2> <OutPorts = 1>
ST_1 : Operation 68 [1/1] (0.49ns)   --->   "%tmp_i_793 = sparsemux i32 @_ssdm_op_SparseMux.ap_auto.16f32.f32.i4, i4 0, i32 %branch_values_read, i4 1, i32 %branch_values_46_read, i4 2, i32 %branch_values_47_read, i4 3, i32 %branch_values_48_read, i4 4, i32 %branch_values_49_read, i4 5, i32 %branch_values_50_read, i4 6, i32 %branch_values_51_read, i4 7, i32 %branch_values_52_read, i4 8, i32 %branch_values_53_read, i4 9, i32 %branch_values_54_read, i4 10, i32 %branch_values_55_read, i4 11, i32 %branch_values_56_read, i4 12, i32 %branch_values_57_read, i4 13, i32 %branch_values_58_read, i4 14, i32 %branch_values_59_read, i4 15, i32 %branch_values_60_read, i32 <undef>, i4 %trunc_ln747" [source/int4_linear_controller.cpp:752->source/int4_linear_controller.cpp:919]   --->   Operation 68 'sparsemux' 'tmp_i_793' <Predicate = (!icmp_ln748)> <Delay = 0.49> <CoreInst = "SparseMux">   --->   Core 147 'SparseMux' <Latency = 0> <II = 1> <Delay = 0.49> <FuncUnit> <Opcode : 'sparsemux'> <InPorts = 2> <OutPorts = 1>
ST_1 : Operation 69 [1/1] (0.67ns)   --->   "%switch_ln751 = switch i4 %trunc_ln747, void %arrayidx39.case.15.i, i4 0, void %for.inc40.split.i.arrayidx39.exit.i_crit_edge, i4 1, void %for.inc40.split.i.arrayidx39.exit.i_crit_edge62, i4 2, void %arrayidx39.case.2.i, i4 3, void %arrayidx39.case.3.i, i4 4, void %arrayidx39.case.4.i, i4 5, void %arrayidx39.case.5.i, i4 6, void %arrayidx39.case.6.i, i4 7, void %arrayidx39.case.7.i, i4 8, void %arrayidx39.case.8.i, i4 9, void %arrayidx39.case.9.i, i4 10, void %arrayidx39.case.10.i, i4 11, void %arrayidx39.case.11.i, i4 12, void %arrayidx39.case.12.i, i4 13, void %arrayidx39.case.13.i, i4 14, void %arrayidx39.case.14.i" [source/int4_linear_controller.cpp:751->source/int4_linear_controller.cpp:919]   --->   Operation 69 'switch' 'switch_ln751' <Predicate = (!icmp_ln748)> <Delay = 0.67>
ST_1 : Operation 70 [1/1] (0.38ns)   --->   "%store_ln747 = store i5 %add_ln749, i5 %lane" [source/int4_linear_controller.cpp:747->source/int4_linear_controller.cpp:919]   --->   Operation 70 'store' 'store_ln747' <Predicate = (!icmp_ln748)> <Delay = 0.38>
ST_1 : Operation 71 [1/1] (0.00ns)   --->   "%br_ln747 = br void %for.inc40.i" [source/int4_linear_controller.cpp:747->source/int4_linear_controller.cpp:919]   --->   Operation 71 'br' 'br_ln747' <Predicate = (!icmp_ln748)> <Delay = 0.00>

State 2 <SV = 1> <Delay = 2.34>
ST_2 : Operation 72 [7/7] (2.34ns)   --->   "%sums = fadd i32 %tmp_i, i32 %tmp_i_793" [source/int4_linear_controller.cpp:752->source/int4_linear_controller.cpp:919]   --->   Operation 72 'fadd' 'sums' <Predicate = true> <Delay = 2.34> <CoreInst = "FAddSub_fulldsp">   --->   Core 18 'FAddSub_fulldsp' <Latency = 6> <II = 1> <Delay = 2.34> <FuncUnit> <Opcode : 'fadd' 'fsub'> <InPorts = 2> <OutPorts = 1>

State 3 <SV = 2> <Delay = 2.34>
ST_3 : Operation 73 [6/7] (2.34ns)   --->   "%sums = fadd i32 %tmp_i, i32 %tmp_i_793" [source/int4_linear_controller.cpp:752->source/int4_linear_controller.cpp:919]   --->   Operation 73 'fadd' 'sums' <Predicate = true> <Delay = 2.34> <CoreInst = "FAddSub_fulldsp">   --->   Core 18 'FAddSub_fulldsp' <Latency = 6> <II = 1> <Delay = 2.34> <FuncUnit> <Opcode : 'fadd' 'fsub'> <InPorts = 2> <OutPorts = 1>

State 4 <SV = 3> <Delay = 2.34>
ST_4 : Operation 74 [5/7] (2.34ns)   --->   "%sums = fadd i32 %tmp_i, i32 %tmp_i_793" [source/int4_linear_controller.cpp:752->source/int4_linear_controller.cpp:919]   --->   Operation 74 'fadd' 'sums' <Predicate = true> <Delay = 2.34> <CoreInst = "FAddSub_fulldsp">   --->   Core 18 'FAddSub_fulldsp' <Latency = 6> <II = 1> <Delay = 2.34> <FuncUnit> <Opcode : 'fadd' 'fsub'> <InPorts = 2> <OutPorts = 1>

State 5 <SV = 4> <Delay = 2.34>
ST_5 : Operation 75 [4/7] (2.34ns)   --->   "%sums = fadd i32 %tmp_i, i32 %tmp_i_793" [source/int4_linear_controller.cpp:752->source/int4_linear_controller.cpp:919]   --->   Operation 75 'fadd' 'sums' <Predicate = true> <Delay = 2.34> <CoreInst = "FAddSub_fulldsp">   --->   Core 18 'FAddSub_fulldsp' <Latency = 6> <II = 1> <Delay = 2.34> <FuncUnit> <Opcode : 'fadd' 'fsub'> <InPorts = 2> <OutPorts = 1>

State 6 <SV = 5> <Delay = 2.34>
ST_6 : Operation 76 [3/7] (2.34ns)   --->   "%sums = fadd i32 %tmp_i, i32 %tmp_i_793" [source/int4_linear_controller.cpp:752->source/int4_linear_controller.cpp:919]   --->   Operation 76 'fadd' 'sums' <Predicate = true> <Delay = 2.34> <CoreInst = "FAddSub_fulldsp">   --->   Core 18 'FAddSub_fulldsp' <Latency = 6> <II = 1> <Delay = 2.34> <FuncUnit> <Opcode : 'fadd' 'fsub'> <InPorts = 2> <OutPorts = 1>

State 7 <SV = 6> <Delay = 2.34>
ST_7 : Operation 77 [2/7] (2.34ns)   --->   "%sums = fadd i32 %tmp_i, i32 %tmp_i_793" [source/int4_linear_controller.cpp:752->source/int4_linear_controller.cpp:919]   --->   Operation 77 'fadd' 'sums' <Predicate = true> <Delay = 2.34> <CoreInst = "FAddSub_fulldsp">   --->   Core 18 'FAddSub_fulldsp' <Latency = 6> <II = 1> <Delay = 2.34> <FuncUnit> <Opcode : 'fadd' 'fsub'> <InPorts = 2> <OutPorts = 1>
ST_7 : Operation 114 [1/1] (0.00ns)   --->   "%p_load64 = load i32 %empty"   --->   Operation 114 'load' 'p_load64' <Predicate = (icmp_ln748)> <Delay = 0.00>
ST_7 : Operation 115 [1/1] (0.00ns)   --->   "%p_load63 = load i32 %empty_778"   --->   Operation 115 'load' 'p_load63' <Predicate = (icmp_ln748)> <Delay = 0.00>
ST_7 : Operation 116 [1/1] (0.00ns)   --->   "%p_load61 = load i32 %empty_779"   --->   Operation 116 'load' 'p_load61' <Predicate = (icmp_ln748)> <Delay = 0.00>
ST_7 : Operation 117 [1/1] (0.00ns)   --->   "%p_load60 = load i32 %empty_780"   --->   Operation 117 'load' 'p_load60' <Predicate = (icmp_ln748)> <Delay = 0.00>
ST_7 : Operation 118 [1/1] (0.00ns)   --->   "%p_load59 = load i32 %empty_781"   --->   Operation 118 'load' 'p_load59' <Predicate = (icmp_ln748)> <Delay = 0.00>
ST_7 : Operation 119 [1/1] (0.00ns)   --->   "%p_load58 = load i32 %empty_782"   --->   Operation 119 'load' 'p_load58' <Predicate = (icmp_ln748)> <Delay = 0.00>
ST_7 : Operation 120 [1/1] (0.00ns)   --->   "%p_load57 = load i32 %empty_783"   --->   Operation 120 'load' 'p_load57' <Predicate = (icmp_ln748)> <Delay = 0.00>
ST_7 : Operation 121 [1/1] (0.00ns)   --->   "%p_load56 = load i32 %empty_784"   --->   Operation 121 'load' 'p_load56' <Predicate = (icmp_ln748)> <Delay = 0.00>
ST_7 : Operation 122 [1/1] (0.00ns)   --->   "%p_load55 = load i32 %empty_785"   --->   Operation 122 'load' 'p_load55' <Predicate = (icmp_ln748)> <Delay = 0.00>
ST_7 : Operation 123 [1/1] (0.00ns)   --->   "%p_load54 = load i32 %empty_786"   --->   Operation 123 'load' 'p_load54' <Predicate = (icmp_ln748)> <Delay = 0.00>
ST_7 : Operation 124 [1/1] (0.00ns)   --->   "%p_load53 = load i32 %empty_787"   --->   Operation 124 'load' 'p_load53' <Predicate = (icmp_ln748)> <Delay = 0.00>
ST_7 : Operation 125 [1/1] (0.00ns)   --->   "%p_load52 = load i32 %empty_788"   --->   Operation 125 'load' 'p_load52' <Predicate = (icmp_ln748)> <Delay = 0.00>
ST_7 : Operation 126 [1/1] (0.00ns)   --->   "%p_load51 = load i32 %empty_789"   --->   Operation 126 'load' 'p_load51' <Predicate = (icmp_ln748)> <Delay = 0.00>
ST_7 : Operation 127 [1/1] (0.00ns)   --->   "%p_load50 = load i32 %empty_790"   --->   Operation 127 'load' 'p_load50' <Predicate = (icmp_ln748)> <Delay = 0.00>
ST_7 : Operation 128 [1/1] (0.00ns)   --->   "%p_load49 = load i32 %empty_791"   --->   Operation 128 'load' 'p_load49' <Predicate = (icmp_ln748)> <Delay = 0.00>
ST_7 : Operation 129 [1/1] (0.00ns)   --->   "%p_load = load i32 %empty_792"   --->   Operation 129 'load' 'p_load' <Predicate = (icmp_ln748)> <Delay = 0.00>
ST_7 : Operation 130 [1/1] (0.00ns)   --->   "%write_ln0 = write void @_ssdm_op_Write.ap_auto.floatP0A, i32 %p_out, i32 %p_load"   --->   Operation 130 'write' 'write_ln0' <Predicate = (icmp_ln748)> <Delay = 0.00>
ST_7 : Operation 131 [1/1] (0.00ns)   --->   "%write_ln0 = write void @_ssdm_op_Write.ap_auto.floatP0A, i32 %p_out1, i32 %p_load49"   --->   Operation 131 'write' 'write_ln0' <Predicate = (icmp_ln748)> <Delay = 0.00>
ST_7 : Operation 132 [1/1] (0.00ns)   --->   "%write_ln0 = write void @_ssdm_op_Write.ap_auto.floatP0A, i32 %p_out2, i32 %p_load50"   --->   Operation 132 'write' 'write_ln0' <Predicate = (icmp_ln748)> <Delay = 0.00>
ST_7 : Operation 133 [1/1] (0.00ns)   --->   "%write_ln0 = write void @_ssdm_op_Write.ap_auto.floatP0A, i32 %p_out3, i32 %p_load51"   --->   Operation 133 'write' 'write_ln0' <Predicate = (icmp_ln748)> <Delay = 0.00>
ST_7 : Operation 134 [1/1] (0.00ns)   --->   "%write_ln0 = write void @_ssdm_op_Write.ap_auto.floatP0A, i32 %p_out4, i32 %p_load52"   --->   Operation 134 'write' 'write_ln0' <Predicate = (icmp_ln748)> <Delay = 0.00>
ST_7 : Operation 135 [1/1] (0.00ns)   --->   "%write_ln0 = write void @_ssdm_op_Write.ap_auto.floatP0A, i32 %p_out5, i32 %p_load53"   --->   Operation 135 'write' 'write_ln0' <Predicate = (icmp_ln748)> <Delay = 0.00>
ST_7 : Operation 136 [1/1] (0.00ns)   --->   "%write_ln0 = write void @_ssdm_op_Write.ap_auto.floatP0A, i32 %p_out6, i32 %p_load54"   --->   Operation 136 'write' 'write_ln0' <Predicate = (icmp_ln748)> <Delay = 0.00>
ST_7 : Operation 137 [1/1] (0.00ns)   --->   "%write_ln0 = write void @_ssdm_op_Write.ap_auto.floatP0A, i32 %p_out7, i32 %p_load55"   --->   Operation 137 'write' 'write_ln0' <Predicate = (icmp_ln748)> <Delay = 0.00>
ST_7 : Operation 138 [1/1] (0.00ns)   --->   "%write_ln0 = write void @_ssdm_op_Write.ap_auto.floatP0A, i32 %p_out8, i32 %p_load56"   --->   Operation 138 'write' 'write_ln0' <Predicate = (icmp_ln748)> <Delay = 0.00>
ST_7 : Operation 139 [1/1] (0.00ns)   --->   "%write_ln0 = write void @_ssdm_op_Write.ap_auto.floatP0A, i32 %p_out9, i32 %p_load57"   --->   Operation 139 'write' 'write_ln0' <Predicate = (icmp_ln748)> <Delay = 0.00>
ST_7 : Operation 140 [1/1] (0.00ns)   --->   "%write_ln0 = write void @_ssdm_op_Write.ap_auto.floatP0A, i32 %p_out10, i32 %p_load58"   --->   Operation 140 'write' 'write_ln0' <Predicate = (icmp_ln748)> <Delay = 0.00>
ST_7 : Operation 141 [1/1] (0.00ns)   --->   "%write_ln0 = write void @_ssdm_op_Write.ap_auto.floatP0A, i32 %p_out11, i32 %p_load59"   --->   Operation 141 'write' 'write_ln0' <Predicate = (icmp_ln748)> <Delay = 0.00>
ST_7 : Operation 142 [1/1] (0.00ns)   --->   "%write_ln0 = write void @_ssdm_op_Write.ap_auto.floatP0A, i32 %p_out12, i32 %p_load60"   --->   Operation 142 'write' 'write_ln0' <Predicate = (icmp_ln748)> <Delay = 0.00>
ST_7 : Operation 143 [1/1] (0.00ns)   --->   "%write_ln0 = write void @_ssdm_op_Write.ap_auto.floatP0A, i32 %p_out13, i32 %p_load61"   --->   Operation 143 'write' 'write_ln0' <Predicate = (icmp_ln748)> <Delay = 0.00>
ST_7 : Operation 144 [1/1] (0.00ns)   --->   "%write_ln0 = write void @_ssdm_op_Write.ap_auto.floatP0A, i32 %p_out14, i32 %p_load63"   --->   Operation 144 'write' 'write_ln0' <Predicate = (icmp_ln748)> <Delay = 0.00>
ST_7 : Operation 145 [1/1] (0.00ns)   --->   "%write_ln0 = write void @_ssdm_op_Write.ap_auto.floatP0A, i32 %p_out15, i32 %p_load64"   --->   Operation 145 'write' 'write_ln0' <Predicate = (icmp_ln748)> <Delay = 0.00>
ST_7 : Operation 146 [1/1] (0.00ns)   --->   "%ret_ln0 = ret"   --->   Operation 146 'ret' 'ret_ln0' <Predicate = (icmp_ln748)> <Delay = 0.00>

State 8 <SV = 7> <Delay = 2.34>
ST_8 : Operation 78 [1/1] (0.00ns)   --->   "%specpipeline_ln750 = specpipeline void @_ssdm_op_SpecPipeline, i32 1, i32 0, i32 0, i32 0, void @empty_418" [source/int4_linear_controller.cpp:750->source/int4_linear_controller.cpp:919]   --->   Operation 78 'specpipeline' 'specpipeline_ln750' <Predicate = true> <Delay = 0.00>
ST_8 : Operation 79 [1/1] (0.00ns)   --->   "%speclooptripcount_ln747 = speclooptripcount void @_ssdm_op_SpecLoopTripCount, i64 16, i64 16, i64 16" [source/int4_linear_controller.cpp:747->source/int4_linear_controller.cpp:919]   --->   Operation 79 'speclooptripcount' 'speclooptripcount_ln747' <Predicate = true> <Delay = 0.00>
ST_8 : Operation 80 [1/1] (0.00ns)   --->   "%specloopname_ln747 = specloopname void @_ssdm_op_SpecLoopName, void @empty_457" [source/int4_linear_controller.cpp:747->source/int4_linear_controller.cpp:919]   --->   Operation 80 'specloopname' 'specloopname_ln747' <Predicate = true> <Delay = 0.00>
ST_8 : Operation 81 [1/7] (2.34ns)   --->   "%sums = fadd i32 %tmp_i, i32 %tmp_i_793" [source/int4_linear_controller.cpp:752->source/int4_linear_controller.cpp:919]   --->   Operation 81 'fadd' 'sums' <Predicate = true> <Delay = 2.34> <CoreInst = "FAddSub_fulldsp">   --->   Core 18 'FAddSub_fulldsp' <Latency = 6> <II = 1> <Delay = 2.34> <FuncUnit> <Opcode : 'fadd' 'fsub'> <InPorts = 2> <OutPorts = 1>
ST_8 : Operation 82 [1/1] (0.00ns)   --->   "%store_ln752 = store i32 %sums, i32 %empty_791" [source/int4_linear_controller.cpp:752->source/int4_linear_controller.cpp:919]   --->   Operation 82 'store' 'store_ln752' <Predicate = (trunc_ln747 == 14)> <Delay = 0.00>
ST_8 : Operation 83 [1/1] (0.00ns)   --->   "%br_ln751 = br void %arrayidx39.exit.i" [source/int4_linear_controller.cpp:751->source/int4_linear_controller.cpp:919]   --->   Operation 83 'br' 'br_ln751' <Predicate = (trunc_ln747 == 14)> <Delay = 0.00>
ST_8 : Operation 84 [1/1] (0.00ns)   --->   "%store_ln752 = store i32 %sums, i32 %empty_790" [source/int4_linear_controller.cpp:752->source/int4_linear_controller.cpp:919]   --->   Operation 84 'store' 'store_ln752' <Predicate = (trunc_ln747 == 13)> <Delay = 0.00>
ST_8 : Operation 85 [1/1] (0.00ns)   --->   "%br_ln751 = br void %arrayidx39.exit.i" [source/int4_linear_controller.cpp:751->source/int4_linear_controller.cpp:919]   --->   Operation 85 'br' 'br_ln751' <Predicate = (trunc_ln747 == 13)> <Delay = 0.00>
ST_8 : Operation 86 [1/1] (0.00ns)   --->   "%store_ln752 = store i32 %sums, i32 %empty_789" [source/int4_linear_controller.cpp:752->source/int4_linear_controller.cpp:919]   --->   Operation 86 'store' 'store_ln752' <Predicate = (trunc_ln747 == 12)> <Delay = 0.00>
ST_8 : Operation 87 [1/1] (0.00ns)   --->   "%br_ln751 = br void %arrayidx39.exit.i" [source/int4_linear_controller.cpp:751->source/int4_linear_controller.cpp:919]   --->   Operation 87 'br' 'br_ln751' <Predicate = (trunc_ln747 == 12)> <Delay = 0.00>
ST_8 : Operation 88 [1/1] (0.00ns)   --->   "%store_ln752 = store i32 %sums, i32 %empty_788" [source/int4_linear_controller.cpp:752->source/int4_linear_controller.cpp:919]   --->   Operation 88 'store' 'store_ln752' <Predicate = (trunc_ln747 == 11)> <Delay = 0.00>
ST_8 : Operation 89 [1/1] (0.00ns)   --->   "%br_ln751 = br void %arrayidx39.exit.i" [source/int4_linear_controller.cpp:751->source/int4_linear_controller.cpp:919]   --->   Operation 89 'br' 'br_ln751' <Predicate = (trunc_ln747 == 11)> <Delay = 0.00>
ST_8 : Operation 90 [1/1] (0.00ns)   --->   "%store_ln752 = store i32 %sums, i32 %empty_787" [source/int4_linear_controller.cpp:752->source/int4_linear_controller.cpp:919]   --->   Operation 90 'store' 'store_ln752' <Predicate = (trunc_ln747 == 10)> <Delay = 0.00>
ST_8 : Operation 91 [1/1] (0.00ns)   --->   "%br_ln751 = br void %arrayidx39.exit.i" [source/int4_linear_controller.cpp:751->source/int4_linear_controller.cpp:919]   --->   Operation 91 'br' 'br_ln751' <Predicate = (trunc_ln747 == 10)> <Delay = 0.00>
ST_8 : Operation 92 [1/1] (0.00ns)   --->   "%store_ln752 = store i32 %sums, i32 %empty_786" [source/int4_linear_controller.cpp:752->source/int4_linear_controller.cpp:919]   --->   Operation 92 'store' 'store_ln752' <Predicate = (trunc_ln747 == 9)> <Delay = 0.00>
ST_8 : Operation 93 [1/1] (0.00ns)   --->   "%br_ln751 = br void %arrayidx39.exit.i" [source/int4_linear_controller.cpp:751->source/int4_linear_controller.cpp:919]   --->   Operation 93 'br' 'br_ln751' <Predicate = (trunc_ln747 == 9)> <Delay = 0.00>
ST_8 : Operation 94 [1/1] (0.00ns)   --->   "%store_ln752 = store i32 %sums, i32 %empty_785" [source/int4_linear_controller.cpp:752->source/int4_linear_controller.cpp:919]   --->   Operation 94 'store' 'store_ln752' <Predicate = (trunc_ln747 == 8)> <Delay = 0.00>
ST_8 : Operation 95 [1/1] (0.00ns)   --->   "%br_ln751 = br void %arrayidx39.exit.i" [source/int4_linear_controller.cpp:751->source/int4_linear_controller.cpp:919]   --->   Operation 95 'br' 'br_ln751' <Predicate = (trunc_ln747 == 8)> <Delay = 0.00>
ST_8 : Operation 96 [1/1] (0.00ns)   --->   "%store_ln752 = store i32 %sums, i32 %empty_784" [source/int4_linear_controller.cpp:752->source/int4_linear_controller.cpp:919]   --->   Operation 96 'store' 'store_ln752' <Predicate = (trunc_ln747 == 7)> <Delay = 0.00>
ST_8 : Operation 97 [1/1] (0.00ns)   --->   "%br_ln751 = br void %arrayidx39.exit.i" [source/int4_linear_controller.cpp:751->source/int4_linear_controller.cpp:919]   --->   Operation 97 'br' 'br_ln751' <Predicate = (trunc_ln747 == 7)> <Delay = 0.00>
ST_8 : Operation 98 [1/1] (0.00ns)   --->   "%store_ln752 = store i32 %sums, i32 %empty_783" [source/int4_linear_controller.cpp:752->source/int4_linear_controller.cpp:919]   --->   Operation 98 'store' 'store_ln752' <Predicate = (trunc_ln747 == 6)> <Delay = 0.00>
ST_8 : Operation 99 [1/1] (0.00ns)   --->   "%br_ln751 = br void %arrayidx39.exit.i" [source/int4_linear_controller.cpp:751->source/int4_linear_controller.cpp:919]   --->   Operation 99 'br' 'br_ln751' <Predicate = (trunc_ln747 == 6)> <Delay = 0.00>
ST_8 : Operation 100 [1/1] (0.00ns)   --->   "%store_ln752 = store i32 %sums, i32 %empty_782" [source/int4_linear_controller.cpp:752->source/int4_linear_controller.cpp:919]   --->   Operation 100 'store' 'store_ln752' <Predicate = (trunc_ln747 == 5)> <Delay = 0.00>
ST_8 : Operation 101 [1/1] (0.00ns)   --->   "%br_ln751 = br void %arrayidx39.exit.i" [source/int4_linear_controller.cpp:751->source/int4_linear_controller.cpp:919]   --->   Operation 101 'br' 'br_ln751' <Predicate = (trunc_ln747 == 5)> <Delay = 0.00>
ST_8 : Operation 102 [1/1] (0.00ns)   --->   "%store_ln752 = store i32 %sums, i32 %empty_781" [source/int4_linear_controller.cpp:752->source/int4_linear_controller.cpp:919]   --->   Operation 102 'store' 'store_ln752' <Predicate = (trunc_ln747 == 4)> <Delay = 0.00>
ST_8 : Operation 103 [1/1] (0.00ns)   --->   "%br_ln751 = br void %arrayidx39.exit.i" [source/int4_linear_controller.cpp:751->source/int4_linear_controller.cpp:919]   --->   Operation 103 'br' 'br_ln751' <Predicate = (trunc_ln747 == 4)> <Delay = 0.00>
ST_8 : Operation 104 [1/1] (0.00ns)   --->   "%store_ln752 = store i32 %sums, i32 %empty_780" [source/int4_linear_controller.cpp:752->source/int4_linear_controller.cpp:919]   --->   Operation 104 'store' 'store_ln752' <Predicate = (trunc_ln747 == 3)> <Delay = 0.00>
ST_8 : Operation 105 [1/1] (0.00ns)   --->   "%br_ln751 = br void %arrayidx39.exit.i" [source/int4_linear_controller.cpp:751->source/int4_linear_controller.cpp:919]   --->   Operation 105 'br' 'br_ln751' <Predicate = (trunc_ln747 == 3)> <Delay = 0.00>
ST_8 : Operation 106 [1/1] (0.00ns)   --->   "%store_ln752 = store i32 %sums, i32 %empty_779" [source/int4_linear_controller.cpp:752->source/int4_linear_controller.cpp:919]   --->   Operation 106 'store' 'store_ln752' <Predicate = (trunc_ln747 == 2)> <Delay = 0.00>
ST_8 : Operation 107 [1/1] (0.00ns)   --->   "%br_ln751 = br void %arrayidx39.exit.i" [source/int4_linear_controller.cpp:751->source/int4_linear_controller.cpp:919]   --->   Operation 107 'br' 'br_ln751' <Predicate = (trunc_ln747 == 2)> <Delay = 0.00>
ST_8 : Operation 108 [1/1] (0.00ns)   --->   "%store_ln752 = store i32 %sums, i32 %empty_778" [source/int4_linear_controller.cpp:752->source/int4_linear_controller.cpp:919]   --->   Operation 108 'store' 'store_ln752' <Predicate = (trunc_ln747 == 1)> <Delay = 0.00>
ST_8 : Operation 109 [1/1] (0.00ns)   --->   "%br_ln751 = br void %arrayidx39.exit.i" [source/int4_linear_controller.cpp:751->source/int4_linear_controller.cpp:919]   --->   Operation 109 'br' 'br_ln751' <Predicate = (trunc_ln747 == 1)> <Delay = 0.00>
ST_8 : Operation 110 [1/1] (0.00ns)   --->   "%store_ln752 = store i32 %sums, i32 %empty" [source/int4_linear_controller.cpp:752->source/int4_linear_controller.cpp:919]   --->   Operation 110 'store' 'store_ln752' <Predicate = (trunc_ln747 == 0)> <Delay = 0.00>
ST_8 : Operation 111 [1/1] (0.00ns)   --->   "%br_ln751 = br void %arrayidx39.exit.i" [source/int4_linear_controller.cpp:751->source/int4_linear_controller.cpp:919]   --->   Operation 111 'br' 'br_ln751' <Predicate = (trunc_ln747 == 0)> <Delay = 0.00>
ST_8 : Operation 112 [1/1] (0.00ns)   --->   "%store_ln752 = store i32 %sums, i32 %empty_792" [source/int4_linear_controller.cpp:752->source/int4_linear_controller.cpp:919]   --->   Operation 112 'store' 'store_ln752' <Predicate = (trunc_ln747 == 15)> <Delay = 0.00>
ST_8 : Operation 113 [1/1] (0.00ns)   --->   "%br_ln751 = br void %arrayidx39.exit.i" [source/int4_linear_controller.cpp:751->source/int4_linear_controller.cpp:919]   --->   Operation 113 'br' 'br_ln751' <Predicate = (trunc_ln747 == 15)> <Delay = 0.00>


============================================================
+ Verbose Summary: Timing violations
============================================================
Target clock period: 3.333ns, clock uncertainty: 0.900ns.

 <State 1>: 1.481ns
The critical path consists of the following:
	'store' operation 0 bit ('store_ln747', source/int4_linear_controller.cpp:747->source/int4_linear_controller.cpp:919) of constant 0 on local variable 'lane', source/int4_linear_controller.cpp:747->source/int4_linear_controller.cpp:919 [98]  (0.387 ns)
	'load' operation 5 bit ('lane', source/int4_linear_controller.cpp:747->source/int4_linear_controller.cpp:919) on local variable 'lane', source/int4_linear_controller.cpp:747->source/int4_linear_controller.cpp:919 [101]  (0.000 ns)
	'icmp' operation 1 bit ('icmp_ln748', source/int4_linear_controller.cpp:748->source/int4_linear_controller.cpp:919) [102]  (0.707 ns)
	'store' operation 0 bit ('store_ln747', source/int4_linear_controller.cpp:747->source/int4_linear_controller.cpp:919) of variable 'add_ln749', source/int4_linear_controller.cpp:749->source/int4_linear_controller.cpp:919 on local variable 'lane', source/int4_linear_controller.cpp:747->source/int4_linear_controller.cpp:919 [163]  (0.387 ns)

 <State 2>: 2.342ns
The critical path consists of the following:
	'fadd' operation 32 bit ('sums', source/int4_linear_controller.cpp:752->source/int4_linear_controller.cpp:919) [112]  (2.342 ns)

 <State 3>: 2.342ns
The critical path consists of the following:
	'fadd' operation 32 bit ('sums', source/int4_linear_controller.cpp:752->source/int4_linear_controller.cpp:919) [112]  (2.342 ns)

 <State 4>: 2.342ns
The critical path consists of the following:
	'fadd' operation 32 bit ('sums', source/int4_linear_controller.cpp:752->source/int4_linear_controller.cpp:919) [112]  (2.342 ns)

 <State 5>: 2.342ns
The critical path consists of the following:
	'fadd' operation 32 bit ('sums', source/int4_linear_controller.cpp:752->source/int4_linear_controller.cpp:919) [112]  (2.342 ns)

 <State 6>: 2.342ns
The critical path consists of the following:
	'fadd' operation 32 bit ('sums', source/int4_linear_controller.cpp:752->source/int4_linear_controller.cpp:919) [112]  (2.342 ns)

 <State 7>: 2.342ns
The critical path consists of the following:
	'fadd' operation 32 bit ('sums', source/int4_linear_controller.cpp:752->source/int4_linear_controller.cpp:919) [112]  (2.342 ns)

 <State 8>: 2.342ns
The critical path consists of the following:
	'fadd' operation 32 bit ('sums', source/int4_linear_controller.cpp:752->source/int4_linear_controller.cpp:919) [112]  (2.342 ns)
	'store' operation 0 bit ('store_ln752', source/int4_linear_controller.cpp:752->source/int4_linear_controller.cpp:919) of variable 'sums', source/int4_linear_controller.cpp:752->source/int4_linear_controller.cpp:919 on local variable 'empty_780' [148]  (0.000 ns)


============================================================
+ Verbose Summary: Binding
============================================================
N/A
* FSMD analyzer results:
  - Output states:
 - Input state : 
  - Chain level:
	State 1
	State 2
	State 3
	State 4
	State 5
	State 6
	State 7
	State 8


============================================================
+ Verbose Summary: Datapath Resource usage 
============================================================
N/A
