

================================================================
== Vitis HLS Report for 'int4_rms_sumsq_four_pes'
================================================================
* Date:           Tue Aug 11 09:17:13 2026

* Version:        2023.2 (Build 4023990 on Oct 11 2023)
* Project:        proj_int4_decoder_xo
* Solution:       solution1 (Vitis Kernel Flow Target)
* Product family: virtexuplus
* Target device:  xcu250-figd2104-2L-e


================================================================
== Performance Estimates
================================================================
+ Timing: 
    * Summary: 
    +--------+---------+----------+------------+
    |  Clock |  Target | Estimated| Uncertainty|
    +--------+---------+----------+------------+
    |ap_clk  |  3.33 ns|  2.602 ns|     0.90 ns|
    +--------+---------+----------+------------+

+ Latency: 
    * Summary: 
    +---------+---------+-----------+-----------+------+------+----------+
    |  Latency (cycles) |   Latency (absolute)  |   Interval  | Pipeline |
    |   min   |   max   |    min    |    max    |  min |  max |   Type   |
    +---------+---------+-----------+-----------+------+------+----------+
    |     4175|     4175|  13.915 us|  13.915 us|  4176|  4176|  dataflow|
    +---------+---------+-----------+-----------+------+------+----------+

    + Detail: 
        * Instance: 
        N/A

        * Loop: 
        N/A

============================================================
+ Verbose Summary: Synthesis Manager
============================================================
InlineROM: 1
ExposeGlobal: 0
============================================================
+ Verbose Summary: CDFG Model
============================================================
IsTopModel: 0
ResetActiveHigh: 1
IsCombinational: 2
IsDatapathOnly: 0
HasWiredReturn: 1
HasMFsm: 0
HasVarLatency: 1
IsPipeline: 0
IsRtlPipelined: 0
IsInstanceOverlapped: 0
IsDontTouch: 0
HasImplIP: 0
IsGatedGlobalClock: 0


============================================================
+ Verbose Summary: Schedule
============================================================
* Number of FSM states : 4
* Pipeline : 0
* Dataflow Pipeline: 1
  DF-Pipeline-0: Size = 4, States = { 1 2 3 4 }

* FSM state transitions: 
1 --> 2 
2 --> 3 
3 --> 4 
4 --> 

* FSM state operations: 

State 1 <SV = 0> <Delay = 0.00>
ST_1 : Operation 5 [1/1] (0.00ns)   --->   "%partial_0 = alloca i64 1" [source/int4_decoder_blocks.cpp:312]   --->   Operation 5 'alloca' 'partial_0' <Predicate = true> <Delay = 0.00> <CoreInst = "FIFO_SRL">   --->   Core 81 'FIFO_SRL' <Latency = 0> <II = 1> <Delay = 1.39> <Storage> <Opcode : 'read' 'write' 'nbread' 'nbwrite'> <Ports = 0> <Width = 32> <Depth = 2> <FIFO>
ST_1 : Operation 6 [1/1] (0.00ns)   --->   "%partial_1 = alloca i64 1" [source/int4_decoder_blocks.cpp:313]   --->   Operation 6 'alloca' 'partial_1' <Predicate = true> <Delay = 0.00> <CoreInst = "FIFO_SRL">   --->   Core 81 'FIFO_SRL' <Latency = 0> <II = 1> <Delay = 1.39> <Storage> <Opcode : 'read' 'write' 'nbread' 'nbwrite'> <Ports = 0> <Width = 32> <Depth = 2> <FIFO>
ST_1 : Operation 7 [1/1] (0.00ns)   --->   "%partial_2 = alloca i64 1" [source/int4_decoder_blocks.cpp:314]   --->   Operation 7 'alloca' 'partial_2' <Predicate = true> <Delay = 0.00> <CoreInst = "FIFO_SRL">   --->   Core 81 'FIFO_SRL' <Latency = 0> <II = 1> <Delay = 1.39> <Storage> <Opcode : 'read' 'write' 'nbread' 'nbwrite'> <Ports = 0> <Width = 32> <Depth = 2> <FIFO>
ST_1 : Operation 8 [1/1] (0.00ns)   --->   "%partial_3 = alloca i64 1" [source/int4_decoder_blocks.cpp:315]   --->   Operation 8 'alloca' 'partial_3' <Predicate = true> <Delay = 0.00> <CoreInst = "FIFO_SRL">   --->   Core 81 'FIFO_SRL' <Latency = 0> <II = 1> <Delay = 1.39> <Storage> <Opcode : 'read' 'write' 'nbread' 'nbwrite'> <Ports = 0> <Width = 32> <Depth = 2> <FIFO>
ST_1 : Operation 9 [2/2] (0.00ns)   --->   "%call_ln321 = call void @int4_rms_sumsq_pe, i512 %input_pe0, i32 %partial_0" [source/int4_decoder_blocks.cpp:321]   --->   Operation 9 'call' 'call_ln321' <Predicate = true> <Delay = 0.00> <CoreType = "Generic">   --->   Core 0 '' <Latency = 0> <II = 1> <Delay = 1.00> <Generic> <Opcode : >
ST_1 : Operation 10 [2/2] (0.00ns)   --->   "%call_ln322 = call void @int4_rms_sumsq_pe.10, i512 %input_pe1, i32 %partial_1" [source/int4_decoder_blocks.cpp:322]   --->   Operation 10 'call' 'call_ln322' <Predicate = true> <Delay = 0.00> <CoreType = "Generic">   --->   Core 0 '' <Latency = 0> <II = 1> <Delay = 1.00> <Generic> <Opcode : >
ST_1 : Operation 11 [2/2] (0.00ns)   --->   "%call_ln323 = call void @int4_rms_sumsq_pe.11, i512 %input_pe2, i32 %partial_2" [source/int4_decoder_blocks.cpp:323]   --->   Operation 11 'call' 'call_ln323' <Predicate = true> <Delay = 0.00> <CoreType = "Generic">   --->   Core 0 '' <Latency = 0> <II = 1> <Delay = 1.00> <Generic> <Opcode : >
ST_1 : Operation 12 [2/2] (0.00ns)   --->   "%call_ln324 = call void @int4_rms_sumsq_pe.12, i512 %input_pe3, i32 %partial_3" [source/int4_decoder_blocks.cpp:324]   --->   Operation 12 'call' 'call_ln324' <Predicate = true> <Delay = 0.00> <CoreType = "Generic">   --->   Core 0 '' <Latency = 0> <II = 1> <Delay = 1.00> <Generic> <Opcode : >

State 2 <SV = 1> <Delay = 0.00>
ST_2 : Operation 13 [1/2] (0.00ns)   --->   "%call_ln321 = call void @int4_rms_sumsq_pe, i512 %input_pe0, i32 %partial_0" [source/int4_decoder_blocks.cpp:321]   --->   Operation 13 'call' 'call_ln321' <Predicate = true> <Delay = 0.00> <CoreType = "Generic">   --->   Core 0 '' <Latency = 0> <II = 1> <Delay = 1.00> <Generic> <Opcode : >
ST_2 : Operation 14 [1/2] (0.00ns)   --->   "%call_ln322 = call void @int4_rms_sumsq_pe.10, i512 %input_pe1, i32 %partial_1" [source/int4_decoder_blocks.cpp:322]   --->   Operation 14 'call' 'call_ln322' <Predicate = true> <Delay = 0.00> <CoreType = "Generic">   --->   Core 0 '' <Latency = 0> <II = 1> <Delay = 1.00> <Generic> <Opcode : >
ST_2 : Operation 15 [1/2] (0.00ns)   --->   "%call_ln323 = call void @int4_rms_sumsq_pe.11, i512 %input_pe2, i32 %partial_2" [source/int4_decoder_blocks.cpp:323]   --->   Operation 15 'call' 'call_ln323' <Predicate = true> <Delay = 0.00> <CoreType = "Generic">   --->   Core 0 '' <Latency = 0> <II = 1> <Delay = 1.00> <Generic> <Opcode : >
ST_2 : Operation 16 [1/2] (0.00ns)   --->   "%call_ln324 = call void @int4_rms_sumsq_pe.12, i512 %input_pe3, i32 %partial_3" [source/int4_decoder_blocks.cpp:324]   --->   Operation 16 'call' 'call_ln324' <Predicate = true> <Delay = 0.00> <CoreType = "Generic">   --->   Core 0 '' <Latency = 0> <II = 1> <Delay = 1.00> <Generic> <Opcode : >

State 3 <SV = 2> <Delay = 0.00>
ST_3 : Operation 17 [2/2] (0.00ns)   --->   "%call_ln325 = call void @int4_rms_merge_and_rsqrt, i32 %partial_0, i32 %partial_1, i32 %partial_2, i32 %partial_3, i32 %reciprocal_rms" [source/int4_decoder_blocks.cpp:325]   --->   Operation 17 'call' 'call_ln325' <Predicate = true> <Delay = 0.00> <CoreType = "Generic">   --->   Core 0 '' <Latency = 0> <II = 1> <Delay = 1.00> <Generic> <Opcode : >

State 4 <SV = 3> <Delay = 2.30>
ST_4 : Operation 18 [1/1] (0.00ns)   --->   "%specdataflowpipeline_ln310 = specdataflowpipeline void @_ssdm_op_SpecDataflowPipeline, i32 4294967295, i32 1, void @empty_418" [source/int4_decoder_blocks.cpp:310]   --->   Operation 18 'specdataflowpipeline' 'specdataflowpipeline_ln310' <Predicate = true> <Delay = 0.00>
ST_4 : Operation 19 [1/1] (0.00ns)   --->   "%specmemcore_ln0 = specmemcore void @_ssdm_op_SpecMemCore, i512 %input_pe0, i64 666, i64 22, i64 18446744073709551615"   --->   Operation 19 'specmemcore' 'specmemcore_ln0' <Predicate = true> <Delay = 0.00>
ST_4 : Operation 20 [1/1] (0.00ns)   --->   "%specmemcore_ln0 = specmemcore void @_ssdm_op_SpecMemCore, i512 %input_pe1, i64 666, i64 22, i64 18446744073709551615"   --->   Operation 20 'specmemcore' 'specmemcore_ln0' <Predicate = true> <Delay = 0.00>
ST_4 : Operation 21 [1/1] (0.00ns)   --->   "%specmemcore_ln0 = specmemcore void @_ssdm_op_SpecMemCore, i512 %input_pe2, i64 666, i64 22, i64 18446744073709551615"   --->   Operation 21 'specmemcore' 'specmemcore_ln0' <Predicate = true> <Delay = 0.00>
ST_4 : Operation 22 [1/1] (0.00ns)   --->   "%specmemcore_ln0 = specmemcore void @_ssdm_op_SpecMemCore, i512 %input_pe3, i64 666, i64 22, i64 18446744073709551615"   --->   Operation 22 'specmemcore' 'specmemcore_ln0' <Predicate = true> <Delay = 0.00>
ST_4 : Operation 23 [1/1] (0.00ns)   --->   "%empty = specchannel i32 @_ssdm_op_SpecChannel, void @partial_0_str, i32 1, void @p_str, void @p_str, i32 2, i32 2, i32 %partial_0, i32 %partial_0"   --->   Operation 23 'specchannel' 'empty' <Predicate = true> <Delay = 0.00>
ST_4 : Operation 24 [1/1] (0.00ns)   --->   "%specinterface_ln0 = specinterface void @_ssdm_op_SpecInterface, i32 %partial_0, void @empty_447, i32 0, i32 0, void @empty_418, i32 0, i32 0, void @empty_418, void @empty_418, void @empty_418, i32 0, i32 0, i32 0, i32 0, void @empty_418, void @empty_418, i32 4294967295, i32 0"   --->   Operation 24 'specinterface' 'specinterface_ln0' <Predicate = true> <Delay = 0.00>
ST_4 : Operation 25 [1/1] (0.00ns)   --->   "%empty_923 = specchannel i32 @_ssdm_op_SpecChannel, void @partial_1_str, i32 1, void @p_str, void @p_str, i32 2, i32 2, i32 %partial_1, i32 %partial_1"   --->   Operation 25 'specchannel' 'empty_923' <Predicate = true> <Delay = 0.00>
ST_4 : Operation 26 [1/1] (0.00ns)   --->   "%specinterface_ln0 = specinterface void @_ssdm_op_SpecInterface, i32 %partial_1, void @empty_447, i32 0, i32 0, void @empty_418, i32 0, i32 0, void @empty_418, void @empty_418, void @empty_418, i32 0, i32 0, i32 0, i32 0, void @empty_418, void @empty_418, i32 4294967295, i32 0"   --->   Operation 26 'specinterface' 'specinterface_ln0' <Predicate = true> <Delay = 0.00>
ST_4 : Operation 27 [1/1] (0.00ns)   --->   "%empty_924 = specchannel i32 @_ssdm_op_SpecChannel, void @partial_2_str, i32 1, void @p_str, void @p_str, i32 2, i32 2, i32 %partial_2, i32 %partial_2"   --->   Operation 27 'specchannel' 'empty_924' <Predicate = true> <Delay = 0.00>
ST_4 : Operation 28 [1/1] (0.00ns)   --->   "%specinterface_ln0 = specinterface void @_ssdm_op_SpecInterface, i32 %partial_2, void @empty_447, i32 0, i32 0, void @empty_418, i32 0, i32 0, void @empty_418, void @empty_418, void @empty_418, i32 0, i32 0, i32 0, i32 0, void @empty_418, void @empty_418, i32 4294967295, i32 0"   --->   Operation 28 'specinterface' 'specinterface_ln0' <Predicate = true> <Delay = 0.00>
ST_4 : Operation 29 [1/1] (0.00ns)   --->   "%empty_925 = specchannel i32 @_ssdm_op_SpecChannel, void @partial_3_str, i32 1, void @p_str, void @p_str, i32 2, i32 2, i32 %partial_3, i32 %partial_3"   --->   Operation 29 'specchannel' 'empty_925' <Predicate = true> <Delay = 0.00>
ST_4 : Operation 30 [1/1] (0.00ns)   --->   "%specinterface_ln0 = specinterface void @_ssdm_op_SpecInterface, i32 %partial_3, void @empty_447, i32 0, i32 0, void @empty_418, i32 0, i32 0, void @empty_418, void @empty_418, void @empty_418, i32 0, i32 0, i32 0, i32 0, void @empty_418, void @empty_418, i32 4294967295, i32 0"   --->   Operation 30 'specinterface' 'specinterface_ln0' <Predicate = true> <Delay = 0.00>
ST_4 : Operation 31 [1/2] (2.30ns)   --->   "%call_ln325 = call void @int4_rms_merge_and_rsqrt, i32 %partial_0, i32 %partial_1, i32 %partial_2, i32 %partial_3, i32 %reciprocal_rms" [source/int4_decoder_blocks.cpp:325]   --->   Operation 31 'call' 'call_ln325' <Predicate = true> <Delay = 2.30> <CoreType = "Generic">   --->   Core 0 '' <Latency = 0> <II = 1> <Delay = 1.00> <Generic> <Opcode : >
ST_4 : Operation 32 [1/1] (0.00ns)   --->   "%ret_ln328 = ret" [source/int4_decoder_blocks.cpp:328]   --->   Operation 32 'ret' 'ret_ln328' <Predicate = true> <Delay = 0.00>


============================================================
+ Verbose Summary: Timing violations
============================================================
Target clock period: 3.333ns, clock uncertainty: 0.900ns.

 <State 1>: 0.000ns
The critical path consists of the following:

 <State 2>: 0.000ns
The critical path consists of the following:

 <State 3>: 0.000ns
The critical path consists of the following:

 <State 4>: 2.307ns
The critical path consists of the following:
	'call' operation 0 bit ('call_ln325', source/int4_decoder_blocks.cpp:325) to 'int4_rms_merge_and_rsqrt' [27]  (2.307 ns)


============================================================
+ Verbose Summary: Binding
============================================================
N/A
* FSMD analyzer results:
  - Output states:
 - Input state : 
  - Chain level:
	State 1
	State 2
	State 3
	State 4


============================================================
+ Verbose Summary: Datapath Resource usage 
============================================================
N/A
