

================================================================
== Vitis HLS Report for 'int4_swiglu_gather_streams_Pipeline_swiglu_stream_group_loop'
================================================================
* Date:           Tue Aug 11 09:17:07 2026

* Version:        2023.2 (Build 4023990 on Oct 11 2023)
* Project:        proj_int4_decoder_xo
* Solution:       solution1 (Vitis Kernel Flow Target)
* Product family: virtexuplus
* Target device:  xcu250-figd2104-2L-e


================================================================
== Performance Estimates
================================================================
+ Timing: 
    * Summary: 
    +--------+---------+----------+------------+
    |  Clock |  Target | Estimated| Uncertainty|
    +--------+---------+----------+------------+
    |ap_clk  |  3.33 ns|  1.669 ns|     0.90 ns|
    +--------+---------+----------+------------+

+ Latency: 
    * Summary: 
    +---------+---------+-----------+-----------+-----+-----+---------+
    |  Latency (cycles) |   Latency (absolute)  |  Interval | Pipeline|
    |   min   |   max   |    min    |    max    | min | max |   Type  |
    +---------+---------+-----------+-----------+-----+-----+---------+
    |        7|        7|  23.331 ns|  23.331 ns|    7|    7|       no|
    +---------+---------+-----------+-----------+-----+-----+---------+

    + Detail: 
        * Instance: 
        N/A

        * Loop: 
        +----------------------------+---------+---------+----------+-----------+-----------+------+----------+
        |                            |  Latency (cycles) | Iteration|  Initiation Interval  | Trip |          |
        |          Loop Name         |   min   |   max   |  Latency |  achieved |   target  | Count| Pipelined|
        +----------------------------+---------+---------+----------+-----------+-----------+------+----------+
        |- swiglu_stream_group_loop  |        5|        5|         3|          1|          1|     4|       yes|
        +----------------------------+---------+---------+----------+-----------+-----------+------+----------+

============================================================
+ Verbose Summary: Synthesis Manager
============================================================
InlineROM: 1
ExposeGlobal: 0
============================================================
+ Verbose Summary: CDFG Model
============================================================
IsTopModel: 0
ResetActiveHigh: 1
IsCombinational: 0
IsDatapathOnly: 0
HasWiredReturn: 1
HasMFsm: 2
HasVarLatency: 1
IsPipeline: 0
IsRtlPipelined: 0
IsInstanceOverlapped: 0
IsDontTouch: 0
HasImplIP: 0
IsGatedGlobalClock: 0

+ Individual pipeline summary: 
  * Pipeline-0: initiation interval (II) = 1, depth = 3


============================================================
+ Verbose Summary: Schedule
============================================================
* Number of FSM states : 3
* Pipeline : 1
  Pipeline-0 : II = 1, D = 3, States = { 1 2 3 }
* Dataflow Pipeline: 0

* FSM state transitions: 
1 --> 2 
2 --> 3 
3 --> 

* FSM state operations: 

State 1 <SV = 0> <Delay = 1.34>
ST_1 : Operation 6 [1/1] (0.00ns)   --->   "%group = alloca i32 1" [source/int4_decoder_blocks.cpp:958]   --->   Operation 6 'alloca' 'group' <Predicate = true> <Delay = 0.00>
ST_1 : Operation 7 [1/1] (0.00ns)   --->   "%specmemcore_ln0 = specmemcore void @_ssdm_op_SpecMemCore, i32 %scale_stream, i64 666, i64 10, i64 18446744073709551615"   --->   Operation 7 'specmemcore' 'specmemcore_ln0' <Predicate = true> <Delay = 0.00>
ST_1 : Operation 8 [1/1] (0.00ns)   --->   "%specmemcore_ln0 = specmemcore void @_ssdm_op_SpecMemCore, i480 %quantized_stream, i64 666, i64 8, i64 18446744073709551615"   --->   Operation 8 'specmemcore' 'specmemcore_ln0' <Predicate = true> <Delay = 0.00>
ST_1 : Operation 9 [1/1] (0.00ns)   --->   "%specmemcore_ln0 = specmemcore void @_ssdm_op_SpecMemCore, i480 %quantized_pe0, i64 666, i64 8, i64 18446744073709551615"   --->   Operation 9 'specmemcore' 'specmemcore_ln0' <Predicate = true> <Delay = 0.00>
ST_1 : Operation 10 [1/1] (0.00ns)   --->   "%specmemcore_ln0 = specmemcore void @_ssdm_op_SpecMemCore, i480 %quantized_pe1, i64 666, i64 8, i64 18446744073709551615"   --->   Operation 10 'specmemcore' 'specmemcore_ln0' <Predicate = true> <Delay = 0.00>
ST_1 : Operation 11 [1/1] (0.00ns)   --->   "%specmemcore_ln0 = specmemcore void @_ssdm_op_SpecMemCore, i480 %quantized_pe2, i64 666, i64 8, i64 18446744073709551615"   --->   Operation 11 'specmemcore' 'specmemcore_ln0' <Predicate = true> <Delay = 0.00>
ST_1 : Operation 12 [1/1] (0.00ns)   --->   "%specmemcore_ln0 = specmemcore void @_ssdm_op_SpecMemCore, i480 %quantized_pe3, i64 666, i64 8, i64 18446744073709551615"   --->   Operation 12 'specmemcore' 'specmemcore_ln0' <Predicate = true> <Delay = 0.00>
ST_1 : Operation 13 [1/1] (0.00ns)   --->   "%specmemcore_ln0 = specmemcore void @_ssdm_op_SpecMemCore, i32 %scale_pe0, i64 666, i64 10, i64 18446744073709551615"   --->   Operation 13 'specmemcore' 'specmemcore_ln0' <Predicate = true> <Delay = 0.00>
ST_1 : Operation 14 [1/1] (0.00ns)   --->   "%specmemcore_ln0 = specmemcore void @_ssdm_op_SpecMemCore, i32 %scale_pe1, i64 666, i64 10, i64 18446744073709551615"   --->   Operation 14 'specmemcore' 'specmemcore_ln0' <Predicate = true> <Delay = 0.00>
ST_1 : Operation 15 [1/1] (0.00ns)   --->   "%specmemcore_ln0 = specmemcore void @_ssdm_op_SpecMemCore, i32 %scale_pe2, i64 666, i64 10, i64 18446744073709551615"   --->   Operation 15 'specmemcore' 'specmemcore_ln0' <Predicate = true> <Delay = 0.00>
ST_1 : Operation 16 [1/1] (0.00ns)   --->   "%specmemcore_ln0 = specmemcore void @_ssdm_op_SpecMemCore, i32 %scale_pe3, i64 666, i64 10, i64 18446744073709551615"   --->   Operation 16 'specmemcore' 'specmemcore_ln0' <Predicate = true> <Delay = 0.00>
ST_1 : Operation 17 [1/1] (0.00ns)   --->   "%specinterface_ln0 = specinterface void @_ssdm_op_SpecInterface, i32 %scale_stream, void @empty_447, i32 0, i32 0, void @empty_418, i32 0, i32 0, void @empty_418, void @empty_418, void @empty_418, i32 0, i32 0, i32 0, i32 0, void @empty_418, void @empty_418, i32 4294967295, i32 0"   --->   Operation 17 'specinterface' 'specinterface_ln0' <Predicate = true> <Delay = 0.00>
ST_1 : Operation 18 [1/1] (0.00ns)   --->   "%specinterface_ln0 = specinterface void @_ssdm_op_SpecInterface, i480 %quantized_stream, void @empty_447, i32 0, i32 0, void @empty_418, i32 0, i32 0, void @empty_418, void @empty_418, void @empty_418, i32 0, i32 0, i32 0, i32 0, void @empty_418, void @empty_418, i32 4294967295, i32 0"   --->   Operation 18 'specinterface' 'specinterface_ln0' <Predicate = true> <Delay = 0.00>
ST_1 : Operation 19 [1/1] (0.00ns)   --->   "%specinterface_ln0 = specinterface void @_ssdm_op_SpecInterface, i480 %quantized_pe0, void @empty_447, i32 0, i32 0, void @empty_418, i32 0, i32 0, void @empty_418, void @empty_418, void @empty_418, i32 0, i32 0, i32 0, i32 0, void @empty_418, void @empty_418, i32 4294967295, i32 0"   --->   Operation 19 'specinterface' 'specinterface_ln0' <Predicate = true> <Delay = 0.00>
ST_1 : Operation 20 [1/1] (0.00ns)   --->   "%specinterface_ln0 = specinterface void @_ssdm_op_SpecInterface, i480 %quantized_pe1, void @empty_447, i32 0, i32 0, void @empty_418, i32 0, i32 0, void @empty_418, void @empty_418, void @empty_418, i32 0, i32 0, i32 0, i32 0, void @empty_418, void @empty_418, i32 4294967295, i32 0"   --->   Operation 20 'specinterface' 'specinterface_ln0' <Predicate = true> <Delay = 0.00>
ST_1 : Operation 21 [1/1] (0.00ns)   --->   "%specinterface_ln0 = specinterface void @_ssdm_op_SpecInterface, i480 %quantized_pe2, void @empty_447, i32 0, i32 0, void @empty_418, i32 0, i32 0, void @empty_418, void @empty_418, void @empty_418, i32 0, i32 0, i32 0, i32 0, void @empty_418, void @empty_418, i32 4294967295, i32 0"   --->   Operation 21 'specinterface' 'specinterface_ln0' <Predicate = true> <Delay = 0.00>
ST_1 : Operation 22 [1/1] (0.00ns)   --->   "%specinterface_ln0 = specinterface void @_ssdm_op_SpecInterface, i480 %quantized_pe3, void @empty_447, i32 0, i32 0, void @empty_418, i32 0, i32 0, void @empty_418, void @empty_418, void @empty_418, i32 0, i32 0, i32 0, i32 0, void @empty_418, void @empty_418, i32 4294967295, i32 0"   --->   Operation 22 'specinterface' 'specinterface_ln0' <Predicate = true> <Delay = 0.00>
ST_1 : Operation 23 [1/1] (0.00ns)   --->   "%specinterface_ln0 = specinterface void @_ssdm_op_SpecInterface, i32 %scale_pe0, void @empty_447, i32 0, i32 0, void @empty_418, i32 0, i32 0, void @empty_418, void @empty_418, void @empty_418, i32 0, i32 0, i32 0, i32 0, void @empty_418, void @empty_418, i32 4294967295, i32 0"   --->   Operation 23 'specinterface' 'specinterface_ln0' <Predicate = true> <Delay = 0.00>
ST_1 : Operation 24 [1/1] (0.00ns)   --->   "%specinterface_ln0 = specinterface void @_ssdm_op_SpecInterface, i32 %scale_pe1, void @empty_447, i32 0, i32 0, void @empty_418, i32 0, i32 0, void @empty_418, void @empty_418, void @empty_418, i32 0, i32 0, i32 0, i32 0, void @empty_418, void @empty_418, i32 4294967295, i32 0"   --->   Operation 24 'specinterface' 'specinterface_ln0' <Predicate = true> <Delay = 0.00>
ST_1 : Operation 25 [1/1] (0.00ns)   --->   "%specinterface_ln0 = specinterface void @_ssdm_op_SpecInterface, i32 %scale_pe2, void @empty_447, i32 0, i32 0, void @empty_418, i32 0, i32 0, void @empty_418, void @empty_418, void @empty_418, i32 0, i32 0, i32 0, i32 0, void @empty_418, void @empty_418, i32 4294967295, i32 0"   --->   Operation 25 'specinterface' 'specinterface_ln0' <Predicate = true> <Delay = 0.00>
ST_1 : Operation 26 [1/1] (0.00ns)   --->   "%specinterface_ln0 = specinterface void @_ssdm_op_SpecInterface, i32 %scale_pe3, void @empty_447, i32 0, i32 0, void @empty_418, i32 0, i32 0, void @empty_418, void @empty_418, void @empty_418, i32 0, i32 0, i32 0, i32 0, void @empty_418, void @empty_418, i32 4294967295, i32 0"   --->   Operation 26 'specinterface' 'specinterface_ln0' <Predicate = true> <Delay = 0.00>
ST_1 : Operation 27 [1/1] (0.00ns)   --->   "%select_ln946_read = read i3 @_ssdm_op_Read.ap_auto.i3, i3 %select_ln946" [source/int4_decoder_blocks.cpp:931]   --->   Operation 27 'read' 'select_ln946_read' <Predicate = true> <Delay = 0.00>
ST_1 : Operation 28 [1/1] (0.38ns)   --->   "%store_ln958 = store i3 0, i3 %group" [source/int4_decoder_blocks.cpp:958]   --->   Operation 28 'store' 'store_ln958' <Predicate = true> <Delay = 0.38>
ST_1 : Operation 29 [1/1] (0.00ns)   --->   "%br_ln0 = br void %for.body9"   --->   Operation 29 'br' 'br_ln0' <Predicate = true> <Delay = 0.00>
ST_1 : Operation 30 [1/1] (0.00ns)   --->   "%group_7 = load i3 %group" [source/int4_decoder_blocks.cpp:961]   --->   Operation 30 'load' 'group_7' <Predicate = true> <Delay = 0.00>
ST_1 : Operation 31 [1/1] (0.57ns)   --->   "%icmp_ln959 = icmp_eq  i3 %group_7, i3 4" [source/int4_decoder_blocks.cpp:959]   --->   Operation 31 'icmp' 'icmp_ln959' <Predicate = true> <Delay = 0.57> <CoreInst = "Cmp">   --->   Core 9 'Cmp' <Latency = 0> <II = 1> <Delay = 0.57> <FuncUnit> <Opcode : 'icmp'> <InPorts = 2> <OutPorts = 1>
ST_1 : Operation 32 [1/1] (0.57ns)   --->   "%group_8 = add i3 %group_7, i3 1" [source/int4_decoder_blocks.cpp:961]   --->   Operation 32 'add' 'group_8' <Predicate = true> <Delay = 0.57> <CoreInst = "Adder">   --->   Core 1 'Adder' <Latency = 0> <II = 1> <Delay = 0.57> <FuncUnit> <Opcode : 'add' 'sub'> <InPorts = 2> <OutPorts = 1>
ST_1 : Operation 33 [1/1] (0.00ns)   --->   "%br_ln958 = br i1 %icmp_ln959, void %for.body9.split, void %for.inc27.loopexit.exitStub" [source/int4_decoder_blocks.cpp:958]   --->   Operation 33 'br' 'br_ln958' <Predicate = true> <Delay = 0.00>
ST_1 : Operation 34 [1/1] (0.00ns)   --->   "%specpipeline_ln962 = specpipeline void @_ssdm_op_SpecPipeline, i32 1, i32 0, i32 0, i32 0, void @empty_418" [source/int4_decoder_blocks.cpp:962]   --->   Operation 34 'specpipeline' 'specpipeline_ln962' <Predicate = (!icmp_ln959)> <Delay = 0.00>
ST_1 : Operation 35 [1/1] (0.00ns)   --->   "%speclooptripcount_ln958 = speclooptripcount void @_ssdm_op_SpecLoopTripCount, i64 4, i64 4, i64 4" [source/int4_decoder_blocks.cpp:958]   --->   Operation 35 'speclooptripcount' 'speclooptripcount_ln958' <Predicate = (!icmp_ln959)> <Delay = 0.00>
ST_1 : Operation 36 [1/1] (0.00ns)   --->   "%specloopname_ln958 = specloopname void @_ssdm_op_SpecLoopName, void @empty_486" [source/int4_decoder_blocks.cpp:958]   --->   Operation 36 'specloopname' 'specloopname_ln958' <Predicate = (!icmp_ln959)> <Delay = 0.00>
ST_1 : Operation 37 [1/1] (0.67ns)   --->   "%switch_ln965 = switch i3 %select_ln946_read, void %if.else21, i3 0, void %if.then11, i3 1, void %if.then13, i3 2, void %if.then18" [source/int4_decoder_blocks.cpp:965]   --->   Operation 37 'switch' 'switch_ln965' <Predicate = (!icmp_ln959)> <Delay = 0.67>
ST_1 : Operation 38 [1/1] (0.38ns)   --->   "%store_ln958 = store i3 %group_8, i3 %group" [source/int4_decoder_blocks.cpp:958]   --->   Operation 38 'store' 'store_ln958' <Predicate = (!icmp_ln959)> <Delay = 0.38>

State 2 <SV = 1> <Delay = 1.66>
ST_2 : Operation 39 [1/1] (1.21ns)   --->   "%quantized_18 = read i480 @_ssdm_op_Read.ap_fifo.volatile.i480P0A, i480 %quantized_pe2" [source/int4_decoder_blocks.cpp:972]   --->   Operation 39 'read' 'quantized_18' <Predicate = (!icmp_ln959 & select_ln946_read == 2)> <Delay = 1.21> <CoreInst = "FIFO_BRAM">   --->   Core 79 'FIFO_BRAM' <Latency = 0> <II = 1> <Delay = 1.42> <Storage> <Opcode : 'read' 'write' 'nbread' 'nbwrite'> <Ports = 0> <Width = 480> <Depth = 4> <FIFO>
ST_2 : Operation 40 [1/1] (1.21ns)   --->   "%scale_6 = read i32 @_ssdm_op_Read.ap_fifo.volatile.i32P0A, i32 %scale_pe2" [source/int4_decoder_blocks.cpp:973]   --->   Operation 40 'read' 'scale_6' <Predicate = (!icmp_ln959 & select_ln946_read == 2)> <Delay = 1.21> <CoreInst = "FIFO_SRL">   --->   Core 81 'FIFO_SRL' <Latency = 0> <II = 1> <Delay = 1.46> <Storage> <Opcode : 'read' 'write' 'nbread' 'nbwrite'> <Ports = 0> <Width = 32> <Depth = 4> <FIFO>
ST_2 : Operation 41 [1/1] (0.45ns)   --->   "%br_ln974 = br void %for.inc" [source/int4_decoder_blocks.cpp:974]   --->   Operation 41 'br' 'br_ln974' <Predicate = (!icmp_ln959 & select_ln946_read == 2)> <Delay = 0.45>
ST_2 : Operation 42 [1/1] (1.21ns)   --->   "%quantized_17 = read i480 @_ssdm_op_Read.ap_fifo.volatile.i480P0A, i480 %quantized_pe1" [source/int4_decoder_blocks.cpp:969]   --->   Operation 42 'read' 'quantized_17' <Predicate = (!icmp_ln959 & select_ln946_read == 1)> <Delay = 1.21> <CoreInst = "FIFO_BRAM">   --->   Core 79 'FIFO_BRAM' <Latency = 0> <II = 1> <Delay = 1.42> <Storage> <Opcode : 'read' 'write' 'nbread' 'nbwrite'> <Ports = 0> <Width = 480> <Depth = 4> <FIFO>
ST_2 : Operation 43 [1/1] (1.21ns)   --->   "%scale_5 = read i32 @_ssdm_op_Read.ap_fifo.volatile.i32P0A, i32 %scale_pe1" [source/int4_decoder_blocks.cpp:970]   --->   Operation 43 'read' 'scale_5' <Predicate = (!icmp_ln959 & select_ln946_read == 1)> <Delay = 1.21> <CoreInst = "FIFO_SRL">   --->   Core 81 'FIFO_SRL' <Latency = 0> <II = 1> <Delay = 1.46> <Storage> <Opcode : 'read' 'write' 'nbread' 'nbwrite'> <Ports = 0> <Width = 32> <Depth = 4> <FIFO>
ST_2 : Operation 44 [1/1] (0.45ns)   --->   "%br_ln971 = br void %for.inc" [source/int4_decoder_blocks.cpp:971]   --->   Operation 44 'br' 'br_ln971' <Predicate = (!icmp_ln959 & select_ln946_read == 1)> <Delay = 0.45>
ST_2 : Operation 45 [1/1] (1.21ns)   --->   "%quantized_16 = read i480 @_ssdm_op_Read.ap_fifo.volatile.i480P0A, i480 %quantized_pe0" [source/int4_decoder_blocks.cpp:966]   --->   Operation 45 'read' 'quantized_16' <Predicate = (!icmp_ln959 & select_ln946_read == 0)> <Delay = 1.21> <CoreInst = "FIFO_BRAM">   --->   Core 79 'FIFO_BRAM' <Latency = 0> <II = 1> <Delay = 1.42> <Storage> <Opcode : 'read' 'write' 'nbread' 'nbwrite'> <Ports = 0> <Width = 480> <Depth = 4> <FIFO>
ST_2 : Operation 46 [1/1] (1.21ns)   --->   "%scale_4 = read i32 @_ssdm_op_Read.ap_fifo.volatile.i32P0A, i32 %scale_pe0" [source/int4_decoder_blocks.cpp:967]   --->   Operation 46 'read' 'scale_4' <Predicate = (!icmp_ln959 & select_ln946_read == 0)> <Delay = 1.21> <CoreInst = "FIFO_SRL">   --->   Core 81 'FIFO_SRL' <Latency = 0> <II = 1> <Delay = 1.46> <Storage> <Opcode : 'read' 'write' 'nbread' 'nbwrite'> <Ports = 0> <Width = 32> <Depth = 4> <FIFO>
ST_2 : Operation 47 [1/1] (0.45ns)   --->   "%br_ln968 = br void %for.inc" [source/int4_decoder_blocks.cpp:968]   --->   Operation 47 'br' 'br_ln968' <Predicate = (!icmp_ln959 & select_ln946_read == 0)> <Delay = 0.45>
ST_2 : Operation 48 [1/1] (1.21ns)   --->   "%quantized = read i480 @_ssdm_op_Read.ap_fifo.volatile.i480P0A, i480 %quantized_pe3" [source/int4_decoder_blocks.cpp:975]   --->   Operation 48 'read' 'quantized' <Predicate = (!icmp_ln959 & select_ln946_read != 0 & select_ln946_read != 1 & select_ln946_read != 2)> <Delay = 1.21> <CoreInst = "FIFO_BRAM">   --->   Core 79 'FIFO_BRAM' <Latency = 0> <II = 1> <Delay = 1.42> <Storage> <Opcode : 'read' 'write' 'nbread' 'nbwrite'> <Ports = 0> <Width = 480> <Depth = 4> <FIFO>
ST_2 : Operation 49 [1/1] (1.21ns)   --->   "%scale = read i32 @_ssdm_op_Read.ap_fifo.volatile.i32P0A, i32 %scale_pe3" [source/int4_decoder_blocks.cpp:976]   --->   Operation 49 'read' 'scale' <Predicate = (!icmp_ln959 & select_ln946_read != 0 & select_ln946_read != 1 & select_ln946_read != 2)> <Delay = 1.21> <CoreInst = "FIFO_SRL">   --->   Core 81 'FIFO_SRL' <Latency = 0> <II = 1> <Delay = 1.46> <Storage> <Opcode : 'read' 'write' 'nbread' 'nbwrite'> <Ports = 0> <Width = 32> <Depth = 4> <FIFO>
ST_2 : Operation 50 [1/1] (0.45ns)   --->   "%br_ln0 = br void %for.inc"   --->   Operation 50 'br' 'br_ln0' <Predicate = (!icmp_ln959 & select_ln946_read != 0 & select_ln946_read != 1 & select_ln946_read != 2)> <Delay = 0.45>
ST_2 : Operation 56 [1/1] (0.00ns)   --->   "%ret_ln0 = ret"   --->   Operation 56 'ret' 'ret_ln0' <Predicate = (icmp_ln959)> <Delay = 0.00>

State 3 <SV = 2> <Delay = 1.21>
ST_3 : Operation 51 [1/1] (0.00ns)   --->   "%quantized_19 = phi i480 %quantized_16, void %if.then11, i480 %quantized_17, void %if.then13, i480 %quantized_18, void %if.then18, i480 %quantized, void %if.else21"   --->   Operation 51 'phi' 'quantized_19' <Predicate = true> <Delay = 0.00>
ST_3 : Operation 52 [1/1] (0.00ns)   --->   "%p_0 = phi i32 %scale_4, void %if.then11, i32 %scale_5, void %if.then13, i32 %scale_6, void %if.then18, i32 %scale, void %if.else21"   --->   Operation 52 'phi' 'p_0' <Predicate = true> <Delay = 0.00>
ST_3 : Operation 53 [1/1] (1.21ns)   --->   "%write_ln978 = write void @_ssdm_op_Write.ap_fifo.volatile.i480P0A, i480 %quantized_stream, i480 %quantized_19" [source/int4_decoder_blocks.cpp:978]   --->   Operation 53 'write' 'write_ln978' <Predicate = true> <Delay = 1.21> <CoreInst = "FIFO_BRAM">   --->   Core 79 'FIFO_BRAM' <Latency = 0> <II = 1> <Delay = 1.42> <Storage> <Opcode : 'read' 'write' 'nbread' 'nbwrite'> <Ports = 0> <Width = 480> <Depth = 4> <FIFO>
ST_3 : Operation 54 [1/1] (1.21ns)   --->   "%write_ln979 = write void @_ssdm_op_Write.ap_fifo.volatile.i32P0A, i32 %scale_stream, i32 %p_0" [source/int4_decoder_blocks.cpp:979]   --->   Operation 54 'write' 'write_ln979' <Predicate = true> <Delay = 1.21> <CoreInst = "FIFO_SRL">   --->   Core 81 'FIFO_SRL' <Latency = 0> <II = 1> <Delay = 1.46> <Storage> <Opcode : 'read' 'write' 'nbread' 'nbwrite'> <Ports = 0> <Width = 32> <Depth = 4> <FIFO>
ST_3 : Operation 55 [1/1] (0.00ns)   --->   "%br_ln958 = br void %for.body9" [source/int4_decoder_blocks.cpp:958]   --->   Operation 55 'br' 'br_ln958' <Predicate = true> <Delay = 0.00>


============================================================
+ Verbose Summary: Timing violations
============================================================
Target clock period: 3.333ns, clock uncertainty: 0.900ns.

 <State 1>: 1.346ns
The critical path consists of the following:
	'store' operation 0 bit ('store_ln958', source/int4_decoder_blocks.cpp:958) of constant 0 on local variable 'group', source/int4_decoder_blocks.cpp:958 [34]  (0.387 ns)
	'load' operation 3 bit ('group', source/int4_decoder_blocks.cpp:961) on local variable 'group', source/int4_decoder_blocks.cpp:958 [37]  (0.000 ns)
	'add' operation 3 bit ('group', source/int4_decoder_blocks.cpp:961) [39]  (0.572 ns)
	'store' operation 0 bit ('store_ln958', source/int4_decoder_blocks.cpp:958) of variable 'group', source/int4_decoder_blocks.cpp:961 on local variable 'group', source/int4_decoder_blocks.cpp:958 [67]  (0.387 ns)

 <State 2>: 1.669ns
The critical path consists of the following:
	fifo read operation ('quantized', source/int4_decoder_blocks.cpp:972) on port 'quantized_pe2' (source/int4_decoder_blocks.cpp:972) [47]  (1.217 ns)
	multiplexor before 'phi' operation 480 bit ('quantized') with incoming values : ('quantized', source/int4_decoder_blocks.cpp:972) ('quantized', source/int4_decoder_blocks.cpp:969) ('quantized', source/int4_decoder_blocks.cpp:966) ('quantized', source/int4_decoder_blocks.cpp:975) [63]  (0.453 ns)

 <State 3>: 1.217ns
The critical path consists of the following:
	'phi' operation 480 bit ('quantized') with incoming values : ('quantized', source/int4_decoder_blocks.cpp:972) ('quantized', source/int4_decoder_blocks.cpp:969) ('quantized', source/int4_decoder_blocks.cpp:966) ('quantized', source/int4_decoder_blocks.cpp:975) [63]  (0.000 ns)
	fifo write operation ('write_ln978', source/int4_decoder_blocks.cpp:978) on port 'quantized_stream' (source/int4_decoder_blocks.cpp:978) [65]  (1.217 ns)


============================================================
+ Verbose Summary: Binding
============================================================
N/A
* FSMD analyzer results:
  - Output states:
 - Input state : 
  - Chain level:
	State 1
	State 2
	State 3


============================================================
+ Verbose Summary: Datapath Resource usage 
============================================================
N/A
