

================================================================
== Vitis HLS Report for 'int4_pack_dequantized_outputs_4_Pipeline_pack_dequantized_value_loop'
================================================================
* Date:           Tue Aug 11 09:17:38 2026

* Version:        2023.2 (Build 4023990 on Oct 11 2023)
* Project:        proj_int4_decoder_xo
* Solution:       solution1 (Vitis Kernel Flow Target)
* Product family: virtexuplus
* Target device:  xcu250-figd2104-2L-e


================================================================
== Performance Estimates
================================================================
+ Timing: 
    * Summary: 
    +--------+---------+----------+------------+
    |  Clock |  Target | Estimated| Uncertainty|
    +--------+---------+----------+------------+
    |ap_clk  |  3.33 ns|  2.324 ns|     0.90 ns|
    +--------+---------+----------+------------+

+ Latency: 
    * Summary: 
    +---------+---------+----------+-----------+------+------+---------+
    |  Latency (cycles) |  Latency (absolute)  |   Interval  | Pipeline|
    |   min   |   max   |    min   |    max    |  min |  max |   Type  |
    +---------+---------+----------+-----------+------+------+---------+
    |     1029|     8069|  3.430 us|  26.894 us|  1029|  8069|       no|
    +---------+---------+----------+-----------+------+------+---------+

    + Detail: 
        * Instance: 
        N/A

        * Loop: 
        +-------------------------------+---------+---------+----------+-----------+-----------+-------------+----------+
        |                               |  Latency (cycles) | Iteration|  Initiation Interval  |     Trip    |          |
        |           Loop Name           |   min   |   max   |  Latency |  achieved |   target  |    Count    | Pipelined|
        +-------------------------------+---------+---------+----------+-----------+-----------+-------------+----------+
        |- pack_dequantized_value_loop  |     1027|     8067|         5|          1|          1|  1024 ~ 8064|       yes|
        +-------------------------------+---------+---------+----------+-----------+-----------+-------------+----------+

============================================================
+ Verbose Summary: Synthesis Manager
============================================================
InlineROM: 1
ExposeGlobal: 0
============================================================
+ Verbose Summary: CDFG Model
============================================================
IsTopModel: 0
ResetActiveHigh: 1
IsCombinational: 0
IsDatapathOnly: 0
HasWiredReturn: 1
HasMFsm: 2
HasVarLatency: 1
IsPipeline: 0
IsRtlPipelined: 0
IsInstanceOverlapped: 0
IsDontTouch: 0
HasImplIP: 0
IsGatedGlobalClock: 0

+ Individual pipeline summary: 
  * Pipeline-0: initiation interval (II) = 1, depth = 5


============================================================
+ Verbose Summary: Schedule
============================================================
* Number of FSM states : 5
* Pipeline : 1
  Pipeline-0 : II = 1, D = 5, States = { 1 2 3 4 5 }
* Dataflow Pipeline: 0

* FSM state transitions: 
1 --> 2 
2 --> 3 
3 --> 4 
4 --> 5 
5 --> 

* FSM state operations: 

State 1 <SV = 0> <Delay = 1.52>
ST_1 : Operation 8 [1/1] (0.00ns)   --->   "%final_block = alloca i32 1" [source/int4_linear_controller.cpp:662->source/int4_linear_controller.cpp:914]   --->   Operation 8 'alloca' 'final_block' <Predicate = true> <Delay = 0.00>
ST_1 : Operation 9 [1/1] (0.00ns)   --->   "%packed = alloca i32 1" [source/int4_linear_controller.cpp:663->source/int4_linear_controller.cpp:914]   --->   Operation 9 'alloca' 'packed' <Predicate = true> <Delay = 0.00>
ST_1 : Operation 10 [1/1] (0.00ns)   --->   "%value_index = alloca i32 1" [source/int4_linear_controller.cpp:666->source/int4_linear_controller.cpp:914]   --->   Operation 10 'alloca' 'value_index' <Predicate = true> <Delay = 0.00>
ST_1 : Operation 11 [1/1] (0.00ns)   --->   "%specmemcore_ln0 = specmemcore void @_ssdm_op_SpecMemCore, i128 %final_block_stream, i64 666, i64 8, i64 18446744073709551615"   --->   Operation 11 'specmemcore' 'specmemcore_ln0' <Predicate = true> <Delay = 0.00>
ST_1 : Operation 12 [1/1] (0.00ns)   --->   "%specmemcore_ln0 = specmemcore void @_ssdm_op_SpecMemCore, i512 %output_stream, i64 666, i64 8, i64 18446744073709551615"   --->   Operation 12 'specmemcore' 'specmemcore_ln0' <Predicate = true> <Delay = 0.00>
ST_1 : Operation 13 [1/1] (0.00ns)   --->   "%specinterface_ln0 = specinterface void @_ssdm_op_SpecInterface, i128 %final_block_stream, void @empty_447, i32 0, i32 0, void @empty_418, i32 0, i32 0, void @empty_418, void @empty_418, void @empty_418, i32 0, i32 0, i32 0, i32 0, void @empty_418, void @empty_418, i32 4294967295, i32 0"   --->   Operation 13 'specinterface' 'specinterface_ln0' <Predicate = true> <Delay = 0.00>
ST_1 : Operation 14 [1/1] (0.00ns)   --->   "%specinterface_ln0 = specinterface void @_ssdm_op_SpecInterface, i512 %output_stream, void @empty_447, i32 0, i32 0, void @empty_418, i32 0, i32 0, void @empty_418, void @empty_418, void @empty_418, i32 0, i32 0, i32 0, i32 0, void @empty_418, void @empty_418, i32 4294967295, i32 0"   --->   Operation 14 'specinterface' 'specinterface_ln0' <Predicate = true> <Delay = 0.00>
ST_1 : Operation 15 [1/1] (0.00ns)   --->   "%p_read15 = read i1 @_ssdm_op_Read.ap_auto.i1, i1 %p_read" [source/int4_linear_controller.cpp:654->source/int4_linear_controller.cpp:914]   --->   Operation 15 'read' 'p_read15' <Predicate = true> <Delay = 0.00>
ST_1 : Operation 16 [1/1] (0.00ns)   --->   "%shl_ln_read = read i13 @_ssdm_op_Read.ap_auto.i13, i13 %shl_ln" [source/int4_linear_controller.cpp:654->source/int4_linear_controller.cpp:914]   --->   Operation 16 'read' 'shl_ln_read' <Predicate = true> <Delay = 0.00>
ST_1 : Operation 17 [1/1] (0.38ns)   --->   "%store_ln666 = store i13 0, i13 %value_index" [source/int4_linear_controller.cpp:666->source/int4_linear_controller.cpp:914]   --->   Operation 17 'store' 'store_ln666' <Predicate = true> <Delay = 0.38>
ST_1 : Operation 18 [1/1] (0.38ns)   --->   "%store_ln663 = store i480 0, i480 %packed" [source/int4_linear_controller.cpp:663->source/int4_linear_controller.cpp:914]   --->   Operation 18 'store' 'store_ln663' <Predicate = true> <Delay = 0.38>
ST_1 : Operation 19 [1/1] (0.38ns)   --->   "%store_ln662 = store i96 0, i96 %final_block" [source/int4_linear_controller.cpp:662->source/int4_linear_controller.cpp:914]   --->   Operation 19 'store' 'store_ln662' <Predicate = true> <Delay = 0.38>
ST_1 : Operation 20 [1/1] (0.00ns)   --->   "%br_ln0 = br void %for.body.i"   --->   Operation 20 'br' 'br_ln0' <Predicate = true> <Delay = 0.00>
ST_1 : Operation 21 [1/1] (0.00ns)   --->   "%value_index_5 = load i13 %value_index" [source/int4_linear_controller.cpp:667->source/int4_linear_controller.cpp:914]   --->   Operation 21 'load' 'value_index_5' <Predicate = true> <Delay = 0.00>
ST_1 : Operation 22 [1/1] (0.75ns)   --->   "%icmp_ln666 = icmp_eq  i13 %value_index_5, i13 %shl_ln_read" [source/int4_linear_controller.cpp:666->source/int4_linear_controller.cpp:914]   --->   Operation 22 'icmp' 'icmp_ln666' <Predicate = true> <Delay = 0.75> <CoreInst = "Cmp">   --->   Core 9 'Cmp' <Latency = 0> <II = 1> <Delay = 0.75> <FuncUnit> <Opcode : 'icmp'> <InPorts = 2> <OutPorts = 1>
ST_1 : Operation 23 [1/1] (0.75ns)   --->   "%value_index_6 = add i13 %value_index_5, i13 1" [source/int4_linear_controller.cpp:668->source/int4_linear_controller.cpp:914]   --->   Operation 23 'add' 'value_index_6' <Predicate = true> <Delay = 0.75> <CoreInst = "Adder">   --->   Core 1 'Adder' <Latency = 0> <II = 1> <Delay = 0.75> <FuncUnit> <Opcode : 'add' 'sub'> <InPorts = 2> <OutPorts = 1>
ST_1 : Operation 24 [1/1] (0.00ns)   --->   "%br_ln666 = br i1 %icmp_ln666, void %for.body.split.i, void %int4_pack_dequantized_outputs.4.exit.exitStub" [source/int4_linear_controller.cpp:666->source/int4_linear_controller.cpp:914]   --->   Operation 24 'br' 'br_ln666' <Predicate = true> <Delay = 0.00>
ST_1 : Operation 25 [1/1] (0.00ns)   --->   "%trunc_ln667 = trunc i13 %value_index_5" [source/int4_linear_controller.cpp:667->source/int4_linear_controller.cpp:914]   --->   Operation 25 'trunc' 'trunc_ln667' <Predicate = (!icmp_ln666)> <Delay = 0.00>
ST_1 : Operation 26 [1/1] (0.00ns)   --->   "%trunc_ln667_3 = trunc i13 %value_index_5" [source/int4_linear_controller.cpp:667->source/int4_linear_controller.cpp:914]   --->   Operation 26 'trunc' 'trunc_ln667_3' <Predicate = (!icmp_ln666)> <Delay = 0.00>
ST_1 : Operation 27 [1/1] (0.43ns)   --->   "%icmp_ln671 = icmp_eq  i2 %trunc_ln667_3, i2 0" [source/int4_linear_controller.cpp:671->source/int4_linear_controller.cpp:914]   --->   Operation 27 'icmp' 'icmp_ln671' <Predicate = (!icmp_ln666)> <Delay = 0.43> <CoreInst = "Cmp">   --->   Core 9 'Cmp' <Latency = 0> <II = 1> <Delay = 0.43> <FuncUnit> <Opcode : 'icmp'> <InPorts = 2> <OutPorts = 1>
ST_1 : Operation 28 [1/1] (0.70ns)   --->   "%icmp_ln682 = icmp_eq  i4 %trunc_ln667, i4 15" [source/int4_linear_controller.cpp:682->source/int4_linear_controller.cpp:914]   --->   Operation 28 'icmp' 'icmp_ln682' <Predicate = (!icmp_ln666)> <Delay = 0.70> <CoreInst = "Cmp">   --->   Core 9 'Cmp' <Latency = 0> <II = 1> <Delay = 0.70> <FuncUnit> <Opcode : 'icmp'> <InPorts = 2> <OutPorts = 1>
ST_1 : Operation 29 [1/1] (0.00ns)   --->   "%br_ln682 = br i1 %icmp_ln682, void %for.inc.i, void %if.then9.i" [source/int4_linear_controller.cpp:682->source/int4_linear_controller.cpp:914]   --->   Operation 29 'br' 'br_ln682' <Predicate = (!icmp_ln666)> <Delay = 0.00>
ST_1 : Operation 30 [1/1] (0.38ns)   --->   "%store_ln666 = store i13 %value_index_6, i13 %value_index" [source/int4_linear_controller.cpp:666->source/int4_linear_controller.cpp:914]   --->   Operation 30 'store' 'store_ln666' <Predicate = (!icmp_ln666)> <Delay = 0.38>

State 2 <SV = 1> <Delay = 2.31>
ST_2 : Operation 31 [1/1] (0.00ns)   --->   "%final_block_load = load i96 %final_block" [source/int4_linear_controller.cpp:667->source/int4_linear_controller.cpp:914]   --->   Operation 31 'load' 'final_block_load' <Predicate = (!icmp_ln666)> <Delay = 0.00>
ST_2 : Operation 32 [1/1] (0.00ns)   --->   "%zext_ln667 = zext i96 %final_block_load" [source/int4_linear_controller.cpp:667->source/int4_linear_controller.cpp:914]   --->   Operation 32 'zext' 'zext_ln667' <Predicate = (!icmp_ln666)> <Delay = 0.00>
ST_2 : Operation 33 [1/1] (0.00ns)   --->   "%specpipeline_ln669 = specpipeline void @_ssdm_op_SpecPipeline, i32 1, i32 0, i32 0, i32 0, void @empty_418" [source/int4_linear_controller.cpp:669->source/int4_linear_controller.cpp:914]   --->   Operation 33 'specpipeline' 'specpipeline_ln669' <Predicate = (!icmp_ln666)> <Delay = 0.00>
ST_2 : Operation 34 [1/1] (0.00ns)   --->   "%speclooptripcount_ln670 = speclooptripcount void @_ssdm_op_SpecLoopTripCount, i64 1024, i64 8064, i64 4544" [source/int4_linear_controller.cpp:670->source/int4_linear_controller.cpp:914]   --->   Operation 34 'speclooptripcount' 'speclooptripcount_ln670' <Predicate = (!icmp_ln666)> <Delay = 0.00>
ST_2 : Operation 35 [1/1] (0.00ns)   --->   "%specloopname_ln666 = specloopname void @_ssdm_op_SpecLoopName, void @empty_452" [source/int4_linear_controller.cpp:666->source/int4_linear_controller.cpp:914]   --->   Operation 35 'specloopname' 'specloopname_ln666' <Predicate = (!icmp_ln666)> <Delay = 0.00>
ST_2 : Operation 36 [1/1] (0.38ns)   --->   "%br_ln671 = br i1 %icmp_ln671, void %_ZrSILi512ELb0EER11ap_int_baseIXT_EXT0_EES2_i.exit.i_ifconv, void %if.then.i" [source/int4_linear_controller.cpp:671->source/int4_linear_controller.cpp:914]   --->   Operation 36 'br' 'br_ln671' <Predicate = (!icmp_ln666)> <Delay = 0.38>
ST_2 : Operation 37 [1/1] (1.21ns)   --->   "%final_block_5 = read i128 @_ssdm_op_Read.ap_fifo.volatile.i128P0A, i128 %final_block_stream" [source/int4_linear_controller.cpp:672->source/int4_linear_controller.cpp:914]   --->   Operation 37 'read' 'final_block_5' <Predicate = (!icmp_ln666 & icmp_ln671)> <Delay = 1.21> <CoreInst = "FIFO_BRAM">   --->   Core 79 'FIFO_BRAM' <Latency = 0> <II = 1> <Delay = 1.28> <Storage> <Opcode : 'read' 'write' 'nbread' 'nbwrite'> <Ports = 0> <Width = 128> <Depth = 32> <FIFO>
ST_2 : Operation 38 [1/1] (0.38ns)   --->   "%br_ln673 = br void %_ZrSILi512ELb0EER11ap_int_baseIXT_EXT0_EES2_i.exit.i_ifconv" [source/int4_linear_controller.cpp:673->source/int4_linear_controller.cpp:914]   --->   Operation 38 'br' 'br_ln673' <Predicate = (!icmp_ln666 & icmp_ln671)> <Delay = 0.38>
ST_2 : Operation 39 [1/1] (0.00ns)   --->   "%final_block_4 = phi i128 %final_block_5, void %if.then.i, i128 %zext_ln667, void %for.body.split.i"   --->   Operation 39 'phi' 'final_block_4' <Predicate = true> <Delay = 0.00>
ST_2 : Operation 40 [1/1] (0.00ns)   --->   "%trunc_ln = partselect i96 @_ssdm_op_PartSelect.i96.i128.i32.i32, i128 %final_block_4, i32 32, i32 127" [source/int4_linear_controller.cpp:663->source/int4_linear_controller.cpp:914]   --->   Operation 40 'partselect' 'trunc_ln' <Predicate = true> <Delay = 0.00>
ST_2 : Operation 41 [1/1] (0.00ns)   --->   "%negative = bitselect i1 @_ssdm_op_BitSelect.i1.i128.i32, i128 %final_block_4, i32 31" [source/int4_linear_controller.cpp:75->source/int4_linear_controller.cpp:679->source/int4_linear_controller.cpp:914]   --->   Operation 41 'bitselect' 'negative' <Predicate = true> <Delay = 0.00>
ST_2 : Operation 42 [1/1] (0.00ns)   --->   "%exponent = partselect i8 @_ssdm_op_PartSelect.i8.i128.i32.i32, i128 %final_block_4, i32 23, i32 30" [source/int4_linear_controller.cpp:76->source/int4_linear_controller.cpp:679->source/int4_linear_controller.cpp:914]   --->   Operation 42 'partselect' 'exponent' <Predicate = true> <Delay = 0.00>
ST_2 : Operation 43 [1/1] (0.00ns)   --->   "%fraction = trunc i128 %final_block_4" [source/int4_linear_controller.cpp:77->source/int4_linear_controller.cpp:679->source/int4_linear_controller.cpp:914]   --->   Operation 43 'trunc' 'fraction' <Predicate = true> <Delay = 0.00>
ST_2 : Operation 44 [1/1] (0.70ns)   --->   "%icmp_ln82 = icmp_ult  i8 %exponent, i8 109" [source/int4_linear_controller.cpp:82->source/int4_linear_controller.cpp:679->source/int4_linear_controller.cpp:914]   --->   Operation 44 'icmp' 'icmp_ln82' <Predicate = true> <Delay = 0.70> <CoreInst = "Cmp">   --->   Core 9 'Cmp' <Latency = 0> <II = 1> <Delay = 0.70> <FuncUnit> <Opcode : 'icmp'> <InPorts = 2> <OutPorts = 1>
ST_2 : Operation 45 [1/1] (0.70ns)   --->   "%icmp_ln85 = icmp_ugt  i8 %exponent, i8 140" [source/int4_linear_controller.cpp:85->source/int4_linear_controller.cpp:679->source/int4_linear_controller.cpp:914]   --->   Operation 45 'icmp' 'icmp_ln85' <Predicate = true> <Delay = 0.70> <CoreInst = "Cmp">   --->   Core 9 'Cmp' <Latency = 0> <II = 1> <Delay = 0.70> <FuncUnit> <Opcode : 'icmp'> <InPorts = 2> <OutPorts = 1>
ST_2 : Operation 46 [1/1] (0.70ns)   --->   "%icmp_ln94 = icmp_ugt  i8 %exponent, i8 132" [source/int4_linear_controller.cpp:94->source/int4_linear_controller.cpp:679->source/int4_linear_controller.cpp:914]   --->   Operation 46 'icmp' 'icmp_ln94' <Predicate = true> <Delay = 0.70> <CoreInst = "Cmp">   --->   Core 9 'Cmp' <Latency = 0> <II = 1> <Delay = 0.70> <FuncUnit> <Opcode : 'icmp'> <InPorts = 2> <OutPorts = 1>
ST_2 : Operation 47 [1/1] (0.00ns)   --->   "%trunc_ln_i = partselect i4 @_ssdm_op_PartSelect.i4.i128.i32.i32, i128 %final_block_4, i32 23, i32 26" [source/int4_linear_controller.cpp:96->source/int4_linear_controller.cpp:679->source/int4_linear_controller.cpp:914]   --->   Operation 47 'partselect' 'trunc_ln_i' <Predicate = true> <Delay = 0.00>
ST_2 : Operation 48 [1/1] (0.00ns)   --->   "%trunc_ln2_i = partselect i5 @_ssdm_op_PartSelect.i5.i128.i32.i32, i128 %final_block_4, i32 23, i32 27" [source/int4_linear_controller.cpp:100->source/int4_linear_controller.cpp:679->source/int4_linear_controller.cpp:914]   --->   Operation 48 'partselect' 'trunc_ln2_i' <Predicate = true> <Delay = 0.00>
ST_2 : Operation 49 [1/1] (0.70ns)   --->   "%right_shift = sub i5 5, i5 %trunc_ln2_i" [source/int4_linear_controller.cpp:100->source/int4_linear_controller.cpp:679->source/int4_linear_controller.cpp:914]   --->   Operation 49 'sub' 'right_shift' <Predicate = true> <Delay = 0.70> <CoreInst = "Adder">   --->   Core 1 'Adder' <Latency = 0> <II = 1> <Delay = 0.70> <FuncUnit> <Opcode : 'add' 'sub'> <InPorts = 2> <OutPorts = 1>
ST_2 : Operation 50 [1/1] (0.38ns)   --->   "%store_ln662 = store i96 %trunc_ln, i96 %final_block" [source/int4_linear_controller.cpp:662->source/int4_linear_controller.cpp:914]   --->   Operation 50 'store' 'store_ln662' <Predicate = true> <Delay = 0.38>

State 3 <SV = 2> <Delay = 1.72>
ST_3 : Operation 51 [1/1] (0.00ns)   --->   "%significand = bitconcatenate i24 @_ssdm_op_BitConcatenate.i24.i1.i23, i1 1, i23 %fraction" [source/int4_linear_controller.cpp:97->source/int4_linear_controller.cpp:679->source/int4_linear_controller.cpp:914]   --->   Operation 51 'bitconcatenate' 'significand' <Predicate = true> <Delay = 0.00>
ST_3 : Operation 52 [1/1] (0.00ns)   --->   "%zext_ln102 = zext i5 %right_shift" [source/int4_linear_controller.cpp:102->source/int4_linear_controller.cpp:679->source/int4_linear_controller.cpp:914]   --->   Operation 52 'zext' 'zext_ln102' <Predicate = (!icmp_ln94)> <Delay = 0.00>
ST_3 : Operation 53 [1/1] (0.00ns)   --->   "%zext_ln102_2 = zext i5 %right_shift" [source/int4_linear_controller.cpp:102->source/int4_linear_controller.cpp:679->source/int4_linear_controller.cpp:914]   --->   Operation 53 'zext' 'zext_ln102_2' <Predicate = (!icmp_ln94)> <Delay = 0.00>
ST_3 : Operation 54 [1/1] (0.59ns)   --->   "%shl_ln104 = shl i32 1, i32 %zext_ln102" [source/int4_linear_controller.cpp:104->source/int4_linear_controller.cpp:679->source/int4_linear_controller.cpp:914]   --->   Operation 54 'shl' 'shl_ln104' <Predicate = (!icmp_ln94)> <Delay = 0.59> <CoreInst = "Shifter">   --->   Core 75 'Shifter' <Latency = 0> <II = 1> <Delay = 0.59> <FuncUnit> <Opcode : 'shl' 'lshr' 'ashr'> <InPorts = 2> <OutPorts = 1>
ST_3 : Operation 55 [1/1] (0.00ns)   --->   "%trunc_ln104 = trunc i32 %shl_ln104" [source/int4_linear_controller.cpp:104->source/int4_linear_controller.cpp:679->source/int4_linear_controller.cpp:914]   --->   Operation 55 'trunc' 'trunc_ln104' <Predicate = (!icmp_ln94)> <Delay = 0.00>
ST_3 : Operation 56 [1/1] (0.83ns)   --->   "%remainder_mask = add i24 %trunc_ln104, i24 16777215" [source/int4_linear_controller.cpp:104->source/int4_linear_controller.cpp:679->source/int4_linear_controller.cpp:914]   --->   Operation 56 'add' 'remainder_mask' <Predicate = (!icmp_ln94)> <Delay = 0.83> <CoreInst = "Adder">   --->   Core 1 'Adder' <Latency = 0> <II = 1> <Delay = 0.83> <FuncUnit> <Opcode : 'add' 'sub'> <InPorts = 2> <OutPorts = 1>
ST_3 : Operation 57 [1/1] (0.30ns)   --->   "%remainder = and i24 %remainder_mask, i24 %significand" [source/int4_linear_controller.cpp:106->source/int4_linear_controller.cpp:679->source/int4_linear_controller.cpp:914]   --->   Operation 57 'and' 'remainder' <Predicate = (!icmp_ln94)> <Delay = 0.30> <CoreInst = "LogicGate">   --->   Core 74 'LogicGate' <Latency = 0> <II = 1> <Delay = 0.30> <FuncUnit> <Opcode : 'and' 'or' 'xor'> <InPorts = 2> <OutPorts = 1>
ST_3 : Operation 58 [1/1] (0.70ns)   --->   "%add_ln108 = add i6 %zext_ln102_2, i6 63" [source/int4_linear_controller.cpp:108->source/int4_linear_controller.cpp:679->source/int4_linear_controller.cpp:914]   --->   Operation 58 'add' 'add_ln108' <Predicate = (!icmp_ln94)> <Delay = 0.70> <CoreInst = "Adder">   --->   Core 1 'Adder' <Latency = 0> <II = 1> <Delay = 0.70> <FuncUnit> <Opcode : 'add' 'sub'> <InPorts = 2> <OutPorts = 1>
ST_3 : Operation 59 [1/1] (0.00ns)   --->   "%tmp_269 = bitselect i1 @_ssdm_op_BitSelect.i1.i6.i32, i6 %add_ln108, i32 5" [source/int4_linear_controller.cpp:108->source/int4_linear_controller.cpp:679->source/int4_linear_controller.cpp:914]   --->   Operation 59 'bitselect' 'tmp_269' <Predicate = (!icmp_ln94)> <Delay = 0.00>
ST_3 : Operation 60 [1/1] (0.70ns)   --->   "%sub_ln108 = sub i6 1, i6 %zext_ln102_2" [source/int4_linear_controller.cpp:108->source/int4_linear_controller.cpp:679->source/int4_linear_controller.cpp:914]   --->   Operation 60 'sub' 'sub_ln108' <Predicate = (!icmp_ln94)> <Delay = 0.70> <CoreInst = "Adder">   --->   Core 1 'Adder' <Latency = 0> <II = 1> <Delay = 0.70> <FuncUnit> <Opcode : 'add' 'sub'> <InPorts = 2> <OutPorts = 1>
ST_3 : Operation 61 [1/1] (0.00ns)   --->   "%sext_ln108 = sext i6 %sub_ln108" [source/int4_linear_controller.cpp:108->source/int4_linear_controller.cpp:679->source/int4_linear_controller.cpp:914]   --->   Operation 61 'sext' 'sext_ln108' <Predicate = (!icmp_ln94)> <Delay = 0.00>
ST_3 : Operation 62 [1/1] (0.62ns)   --->   "%lshr_ln108 = lshr i32 1, i32 %sext_ln108" [source/int4_linear_controller.cpp:108->source/int4_linear_controller.cpp:679->source/int4_linear_controller.cpp:914]   --->   Operation 62 'lshr' 'lshr_ln108' <Predicate = (!icmp_ln94)> <Delay = 0.62> <CoreInst = "Shifter">   --->   Core 75 'Shifter' <Latency = 0> <II = 1> <Delay = 0.62> <FuncUnit> <Opcode : 'shl' 'lshr' 'ashr'> <InPorts = 2> <OutPorts = 1>
ST_3 : Operation 63 [1/1] (0.00ns)   --->   "%trunc_ln108 = trunc i32 %lshr_ln108" [source/int4_linear_controller.cpp:108->source/int4_linear_controller.cpp:679->source/int4_linear_controller.cpp:914]   --->   Operation 63 'trunc' 'trunc_ln108' <Predicate = (!icmp_ln94)> <Delay = 0.00>
ST_3 : Operation 64 [1/1] (0.00ns)   --->   "%trunc_ln108_5 = trunc i6 %add_ln108" [source/int4_linear_controller.cpp:108->source/int4_linear_controller.cpp:679->source/int4_linear_controller.cpp:914]   --->   Operation 64 'trunc' 'trunc_ln108_5' <Predicate = (!icmp_ln94)> <Delay = 0.00>
ST_3 : Operation 65 [1/1] (0.00ns)   --->   "%zext_ln108 = zext i5 %trunc_ln108_5" [source/int4_linear_controller.cpp:108->source/int4_linear_controller.cpp:679->source/int4_linear_controller.cpp:914]   --->   Operation 65 'zext' 'zext_ln108' <Predicate = (!icmp_ln94)> <Delay = 0.00>
ST_3 : Operation 66 [1/1] (0.59ns)   --->   "%shl_ln108 = shl i31 1, i31 %zext_ln108" [source/int4_linear_controller.cpp:108->source/int4_linear_controller.cpp:679->source/int4_linear_controller.cpp:914]   --->   Operation 66 'shl' 'shl_ln108' <Predicate = (!icmp_ln94)> <Delay = 0.59> <CoreInst = "Shifter">   --->   Core 75 'Shifter' <Latency = 0> <II = 1> <Delay = 0.59> <FuncUnit> <Opcode : 'shl' 'lshr' 'ashr'> <InPorts = 2> <OutPorts = 1>
ST_3 : Operation 67 [1/1] (0.00ns)   --->   "%trunc_ln108_6 = trunc i31 %shl_ln108" [source/int4_linear_controller.cpp:108->source/int4_linear_controller.cpp:679->source/int4_linear_controller.cpp:914]   --->   Operation 67 'trunc' 'trunc_ln108_6' <Predicate = (!icmp_ln94)> <Delay = 0.00>
ST_3 : Operation 68 [1/1] (0.35ns)   --->   "%halfway = select i1 %tmp_269, i25 %trunc_ln108, i25 %trunc_ln108_6" [source/int4_linear_controller.cpp:108->source/int4_linear_controller.cpp:679->source/int4_linear_controller.cpp:914]   --->   Operation 68 'select' 'halfway' <Predicate = (!icmp_ln94)> <Delay = 0.35> <CoreInst = "Sel">   --->   Core 73 'Sel' <Latency = 0> <II = 1> <Delay = 0.35> <FuncUnit> <Opcode : 'select'> <InPorts = 3> <OutPorts = 1>

State 4 <SV = 3> <Delay = 2.22>
ST_4 : Operation 69 [1/1] (0.00ns) (grouped into LUT with out node select_ln82)   --->   "%fp32_bits = trunc i128 %final_block_4" [source/int4_linear_controller.cpp:674->source/int4_linear_controller.cpp:914]   --->   Operation 69 'trunc' 'fp32_bits' <Predicate = (!p_read15)> <Delay = 0.00>
ST_4 : Operation 70 [1/1] (0.00ns)   --->   "%zext_ln97 = zext i24 %significand" [source/int4_linear_controller.cpp:97->source/int4_linear_controller.cpp:679->source/int4_linear_controller.cpp:914]   --->   Operation 70 'zext' 'zext_ln97' <Predicate = true> <Delay = 0.00>
ST_4 : Operation 71 [1/1] (0.70ns)   --->   "%left_shift = add i4 %trunc_ln_i, i4 11" [source/int4_linear_controller.cpp:96->source/int4_linear_controller.cpp:679->source/int4_linear_controller.cpp:914]   --->   Operation 71 'add' 'left_shift' <Predicate = (icmp_ln94)> <Delay = 0.70> <CoreInst = "Adder">   --->   Core 1 'Adder' <Latency = 0> <II = 1> <Delay = 0.70> <FuncUnit> <Opcode : 'add' 'sub'> <InPorts = 2> <OutPorts = 1>
ST_4 : Operation 72 [1/1] (0.00ns)   --->   "%zext_ln97_2 = zext i4 %left_shift" [source/int4_linear_controller.cpp:97->source/int4_linear_controller.cpp:679->source/int4_linear_controller.cpp:914]   --->   Operation 72 'zext' 'zext_ln97_2' <Predicate = (icmp_ln94)> <Delay = 0.00>
ST_4 : Operation 73 [1/1] (0.92ns)   --->   "%magnitude = shl i32 %zext_ln97, i32 %zext_ln97_2" [source/int4_linear_controller.cpp:97->source/int4_linear_controller.cpp:679->source/int4_linear_controller.cpp:914]   --->   Operation 73 'shl' 'magnitude' <Predicate = (icmp_ln94)> <Delay = 0.92> <CoreInst = "Shifter">   --->   Core 75 'Shifter' <Latency = 0> <II = 1> <Delay = 0.92> <FuncUnit> <Opcode : 'shl' 'lshr' 'ashr'> <InPorts = 2> <OutPorts = 1>
ST_4 : Operation 74 [1/1] (0.92ns)   --->   "%quotient = lshr i32 %zext_ln97, i32 %zext_ln102" [source/int4_linear_controller.cpp:102->source/int4_linear_controller.cpp:679->source/int4_linear_controller.cpp:914]   --->   Operation 74 'lshr' 'quotient' <Predicate = (!icmp_ln94)> <Delay = 0.92> <CoreInst = "Shifter">   --->   Core 75 'Shifter' <Latency = 0> <II = 1> <Delay = 0.92> <FuncUnit> <Opcode : 'shl' 'lshr' 'ashr'> <InPorts = 2> <OutPorts = 1>
ST_4 : Operation 75 [1/1] (0.00ns) (grouped into LUT with out node magnitude_22)   --->   "%trunc_ln101 = trunc i32 %quotient" [source/int4_linear_controller.cpp:101->source/int4_linear_controller.cpp:679->source/int4_linear_controller.cpp:914]   --->   Operation 75 'trunc' 'trunc_ln101' <Predicate = (!icmp_ln94)> <Delay = 0.00>
ST_4 : Operation 76 [1/1] (0.00ns)   --->   "%zext_ln105 = zext i24 %remainder" [source/int4_linear_controller.cpp:105->source/int4_linear_controller.cpp:679->source/int4_linear_controller.cpp:914]   --->   Operation 76 'zext' 'zext_ln105' <Predicate = (!icmp_ln94)> <Delay = 0.00>
ST_4 : Operation 77 [1/1] (0.83ns)   --->   "%icmp_ln110 = icmp_ugt  i25 %zext_ln105, i25 %halfway" [source/int4_linear_controller.cpp:110->source/int4_linear_controller.cpp:679->source/int4_linear_controller.cpp:914]   --->   Operation 77 'icmp' 'icmp_ln110' <Predicate = (!icmp_ln94)> <Delay = 0.83> <CoreInst = "Cmp">   --->   Core 9 'Cmp' <Latency = 0> <II = 1> <Delay = 0.83> <FuncUnit> <Opcode : 'icmp'> <InPorts = 2> <OutPorts = 1>
ST_4 : Operation 78 [1/1] (0.00ns) (grouped into LUT with out node magnitude_22)   --->   "%trunc_ln110 = trunc i32 %quotient" [source/int4_linear_controller.cpp:110->source/int4_linear_controller.cpp:679->source/int4_linear_controller.cpp:914]   --->   Operation 78 'trunc' 'trunc_ln110' <Predicate = (!icmp_ln94)> <Delay = 0.00>
ST_4 : Operation 79 [1/1] (0.83ns)   --->   "%icmp_ln111 = icmp_eq  i25 %zext_ln105, i25 %halfway" [source/int4_linear_controller.cpp:111->source/int4_linear_controller.cpp:679->source/int4_linear_controller.cpp:914]   --->   Operation 79 'icmp' 'icmp_ln111' <Predicate = (!icmp_ln94)> <Delay = 0.83> <CoreInst = "Cmp">   --->   Core 9 'Cmp' <Latency = 0> <II = 1> <Delay = 0.83> <FuncUnit> <Opcode : 'icmp'> <InPorts = 2> <OutPorts = 1>
ST_4 : Operation 80 [1/1] (0.00ns) (grouped into LUT with out node magnitude_22)   --->   "%and_ln111 = and i1 %icmp_ln111, i1 %trunc_ln101" [source/int4_linear_controller.cpp:111->source/int4_linear_controller.cpp:679->source/int4_linear_controller.cpp:914]   --->   Operation 80 'and' 'and_ln111' <Predicate = (!icmp_ln94)> <Delay = 0.00> <CoreInst = "LogicGate">   --->   Core 74 'LogicGate' <Latency = 0> <II = 1> <Delay = 0.12> <FuncUnit> <Opcode : 'and' 'or' 'xor'> <InPorts = 2> <OutPorts = 1>
ST_4 : Operation 81 [1/1] (0.00ns) (grouped into LUT with out node magnitude_22)   --->   "%or_ln110 = or i1 %icmp_ln110, i1 %and_ln111" [source/int4_linear_controller.cpp:110->source/int4_linear_controller.cpp:679->source/int4_linear_controller.cpp:914]   --->   Operation 81 'or' 'or_ln110' <Predicate = (!icmp_ln94)> <Delay = 0.00> <CoreInst = "LogicGate">   --->   Core 74 'LogicGate' <Latency = 0> <II = 1> <Delay = 0.12> <FuncUnit> <Opcode : 'and' 'or' 'xor'> <InPorts = 2> <OutPorts = 1>
ST_4 : Operation 82 [1/1] (0.00ns) (grouped into LUT with out node magnitude_22)   --->   "%zext_ln113 = zext i1 %or_ln110" [source/int4_linear_controller.cpp:113->source/int4_linear_controller.cpp:679->source/int4_linear_controller.cpp:914]   --->   Operation 82 'zext' 'zext_ln113' <Predicate = (!icmp_ln94)> <Delay = 0.00>
ST_4 : Operation 83 [1/1] (0.83ns) (out node of the LUT)   --->   "%magnitude_22 = add i25 %trunc_ln110, i25 %zext_ln113" [source/int4_linear_controller.cpp:113->source/int4_linear_controller.cpp:679->source/int4_linear_controller.cpp:914]   --->   Operation 83 'add' 'magnitude_22' <Predicate = (!icmp_ln94)> <Delay = 0.83> <CoreInst = "Adder">   --->   Core 1 'Adder' <Latency = 0> <II = 1> <Delay = 0.83> <FuncUnit> <Opcode : 'add' 'sub'> <InPorts = 2> <OutPorts = 1>
ST_4 : Operation 84 [1/1] (0.00ns)   --->   "%zext_ln93 = zext i25 %magnitude_22" [source/int4_linear_controller.cpp:93->source/int4_linear_controller.cpp:679->source/int4_linear_controller.cpp:914]   --->   Operation 84 'zext' 'zext_ln93' <Predicate = (!icmp_ln94)> <Delay = 0.00>
ST_4 : Operation 85 [1/1] (0.22ns)   --->   "%magnitude_23 = select i1 %icmp_ln94, i32 %magnitude, i32 %zext_ln93" [source/int4_linear_controller.cpp:94->source/int4_linear_controller.cpp:679->source/int4_linear_controller.cpp:914]   --->   Operation 85 'select' 'magnitude_23' <Predicate = true> <Delay = 0.22> <CoreInst = "Sel">   --->   Core 73 'Sel' <Latency = 0> <II = 1> <Delay = 0.22> <FuncUnit> <Opcode : 'select'> <InPorts = 3> <OutPorts = 1>
ST_4 : Operation 86 [1/1] (0.00ns) (grouped into LUT with out node select_ln82)   --->   "%sel_tmp1 = select i1 %p_read15, i32 %magnitude_23, i32 %fp32_bits" [source/int4_linear_controller.cpp:654->source/int4_linear_controller.cpp:914]   --->   Operation 86 'select' 'sel_tmp1' <Predicate = true> <Delay = 0.00> <CoreInst = "Sel">   --->   Core 73 'Sel' <Latency = 0> <II = 1> <Delay = 0.22> <FuncUnit> <Opcode : 'select'> <InPorts = 3> <OutPorts = 1>
ST_4 : Operation 87 [1/1] (0.00ns) (grouped into LUT with out node select_ln82)   --->   "%and_ln82 = and i1 %icmp_ln82, i1 %p_read15" [source/int4_linear_controller.cpp:82->source/int4_linear_controller.cpp:679->source/int4_linear_controller.cpp:914]   --->   Operation 87 'and' 'and_ln82' <Predicate = true> <Delay = 0.00> <CoreInst = "LogicGate">   --->   Core 74 'LogicGate' <Latency = 0> <II = 1> <Delay = 0.12> <FuncUnit> <Opcode : 'and' 'or' 'xor'> <InPorts = 2> <OutPorts = 1>
ST_4 : Operation 88 [1/1] (0.22ns) (out node of the LUT)   --->   "%select_ln82 = select i1 %and_ln82, i32 0, i32 %sel_tmp1" [source/int4_linear_controller.cpp:82->source/int4_linear_controller.cpp:679->source/int4_linear_controller.cpp:914]   --->   Operation 88 'select' 'select_ln82' <Predicate = true> <Delay = 0.22> <CoreInst = "Sel">   --->   Core 73 'Sel' <Latency = 0> <II = 1> <Delay = 0.22> <FuncUnit> <Opcode : 'select'> <InPorts = 3> <OutPorts = 1>
ST_4 : Operation 89 [1/1] (0.00ns) (grouped into LUT with out node and_ln82_2)   --->   "%xor_ln82 = xor i1 %icmp_ln82, i1 1" [source/int4_linear_controller.cpp:82->source/int4_linear_controller.cpp:679->source/int4_linear_controller.cpp:914]   --->   Operation 89 'xor' 'xor_ln82' <Predicate = true> <Delay = 0.00> <CoreInst = "LogicGate">   --->   Core 74 'LogicGate' <Latency = 0> <II = 1> <Delay = 0.12> <FuncUnit> <Opcode : 'and' 'or' 'xor'> <InPorts = 2> <OutPorts = 1>
ST_4 : Operation 90 [1/1] (0.12ns) (out node of the LUT)   --->   "%and_ln82_2 = and i1 %p_read15, i1 %xor_ln82" [source/int4_linear_controller.cpp:82->source/int4_linear_controller.cpp:679->source/int4_linear_controller.cpp:914]   --->   Operation 90 'and' 'and_ln82_2' <Predicate = true> <Delay = 0.12> <CoreInst = "LogicGate">   --->   Core 74 'LogicGate' <Latency = 0> <II = 1> <Delay = 0.12> <FuncUnit> <Opcode : 'and' 'or' 'xor'> <InPorts = 2> <OutPorts = 1>
ST_4 : Operation 108 [1/1] (0.00ns)   --->   "%ret_ln0 = ret"   --->   Operation 108 'ret' 'ret_ln0' <Predicate = (icmp_ln666)> <Delay = 0.00>

State 5 <SV = 4> <Delay = 2.32>
ST_5 : Operation 91 [1/1] (0.00ns)   --->   "%packed_load_3 = load i480 %packed" [source/int4_linear_controller.cpp:677->source/int4_linear_controller.cpp:914]   --->   Operation 91 'load' 'packed_load_3' <Predicate = true> <Delay = 0.00>
ST_5 : Operation 92 [1/1] (0.00ns) (grouped into LUT with out node select_ln75)   --->   "%select_ln86 = select i1 %negative, i32 2147483648, i32 2147483647" [source/int4_linear_controller.cpp:86->source/int4_linear_controller.cpp:679->source/int4_linear_controller.cpp:914]   --->   Operation 92 'select' 'select_ln86' <Predicate = true> <Delay = 0.00> <CoreInst = "Sel">   --->   Core 73 'Sel' <Latency = 0> <II = 1> <Delay = 0.22> <FuncUnit> <Opcode : 'select'> <InPorts = 3> <OutPorts = 1>
ST_5 : Operation 93 [1/1] (0.88ns)   --->   "%signed_raw = sub i32 0, i32 %magnitude_23" [source/int4_linear_controller.cpp:119->source/int4_linear_controller.cpp:679->source/int4_linear_controller.cpp:914]   --->   Operation 93 'sub' 'signed_raw' <Predicate = true> <Delay = 0.88> <CoreInst = "Adder">   --->   Core 1 'Adder' <Latency = 0> <II = 1> <Delay = 0.88> <FuncUnit> <Opcode : 'add' 'sub'> <InPorts = 2> <OutPorts = 1>
ST_5 : Operation 94 [1/1] (0.00ns) (grouped into LUT with out node select_ln75)   --->   "%and_ln85 = and i1 %and_ln82_2, i1 %icmp_ln85" [source/int4_linear_controller.cpp:85->source/int4_linear_controller.cpp:679->source/int4_linear_controller.cpp:914]   --->   Operation 94 'and' 'and_ln85' <Predicate = true> <Delay = 0.00> <CoreInst = "LogicGate">   --->   Core 74 'LogicGate' <Latency = 0> <II = 1> <Delay = 0.12> <FuncUnit> <Opcode : 'and' 'or' 'xor'> <InPorts = 2> <OutPorts = 1>
ST_5 : Operation 95 [1/1] (0.00ns) (grouped into LUT with out node select_ln75)   --->   "%select_ln85 = select i1 %and_ln85, i32 %select_ln86, i32 %select_ln82" [source/int4_linear_controller.cpp:85->source/int4_linear_controller.cpp:679->source/int4_linear_controller.cpp:914]   --->   Operation 95 'select' 'select_ln85' <Predicate = true> <Delay = 0.00> <CoreInst = "Sel">   --->   Core 73 'Sel' <Latency = 0> <II = 1> <Delay = 0.22> <FuncUnit> <Opcode : 'select'> <InPorts = 3> <OutPorts = 1>
ST_5 : Operation 96 [1/1] (0.00ns) (grouped into LUT with out node and_ln75_2)   --->   "%xor_ln85 = xor i1 %icmp_ln85, i1 1" [source/int4_linear_controller.cpp:85->source/int4_linear_controller.cpp:679->source/int4_linear_controller.cpp:914]   --->   Operation 96 'xor' 'xor_ln85' <Predicate = true> <Delay = 0.00> <CoreInst = "LogicGate">   --->   Core 74 'LogicGate' <Latency = 0> <II = 1> <Delay = 0.12> <FuncUnit> <Opcode : 'and' 'or' 'xor'> <InPorts = 2> <OutPorts = 1>
ST_5 : Operation 97 [1/1] (0.00ns) (grouped into LUT with out node and_ln75_2)   --->   "%and_ln75 = and i1 %negative, i1 %xor_ln85" [source/int4_linear_controller.cpp:75->source/int4_linear_controller.cpp:679->source/int4_linear_controller.cpp:914]   --->   Operation 97 'and' 'and_ln75' <Predicate = true> <Delay = 0.00> <CoreInst = "LogicGate">   --->   Core 74 'LogicGate' <Latency = 0> <II = 1> <Delay = 0.12> <FuncUnit> <Opcode : 'and' 'or' 'xor'> <InPorts = 2> <OutPorts = 1>
ST_5 : Operation 98 [1/1] (0.12ns) (out node of the LUT)   --->   "%and_ln75_2 = and i1 %and_ln75, i1 %and_ln82_2" [source/int4_linear_controller.cpp:75->source/int4_linear_controller.cpp:679->source/int4_linear_controller.cpp:914]   --->   Operation 98 'and' 'and_ln75_2' <Predicate = true> <Delay = 0.12> <CoreInst = "LogicGate">   --->   Core 74 'LogicGate' <Latency = 0> <II = 1> <Delay = 0.12> <FuncUnit> <Opcode : 'and' 'or' 'xor'> <InPorts = 2> <OutPorts = 1>
ST_5 : Operation 99 [1/1] (0.22ns) (out node of the LUT)   --->   "%select_ln75 = select i1 %and_ln75_2, i32 %signed_raw, i32 %select_ln85" [source/int4_linear_controller.cpp:75->source/int4_linear_controller.cpp:679->source/int4_linear_controller.cpp:914]   --->   Operation 99 'select' 'select_ln75' <Predicate = true> <Delay = 0.22> <CoreInst = "Sel">   --->   Core 73 'Sel' <Latency = 0> <II = 1> <Delay = 0.22> <FuncUnit> <Opcode : 'select'> <InPorts = 3> <OutPorts = 1>
ST_5 : Operation 100 [1/1] (0.00ns)   --->   "%packed_10 = bitconcatenate i512 @_ssdm_op_BitConcatenate.i512.i32.i480, i32 %select_ln75, i480 %packed_load_3" [source/int4_linear_controller.cpp:677->source/int4_linear_controller.cpp:914]   --->   Operation 100 'bitconcatenate' 'packed_10' <Predicate = true> <Delay = 0.00>
ST_5 : Operation 101 [1/1] (1.21ns)   --->   "%write_ln684 = write void @_ssdm_op_Write.ap_fifo.volatile.i512P0A, i512 %output_stream, i512 %packed_10" [source/int4_linear_controller.cpp:684->source/int4_linear_controller.cpp:914]   --->   Operation 101 'write' 'write_ln684' <Predicate = (icmp_ln682)> <Delay = 1.21> <CoreInst = "FIFO_BRAM">   --->   Core 79 'FIFO_BRAM' <Latency = 0> <II = 1> <Delay = 1.30> <Storage> <Opcode : 'read' 'write' 'nbread' 'nbwrite'> <Ports = 0> <Width = 512> <Depth = 16> <FIFO>
ST_5 : Operation 102 [1/1] (0.00ns)   --->   "%br_ln685 = br void %for.inc.i" [source/int4_linear_controller.cpp:685->source/int4_linear_controller.cpp:914]   --->   Operation 102 'br' 'br_ln685' <Predicate = (icmp_ln682)> <Delay = 0.00>
ST_5 : Operation 103 [1/1] (0.00ns)   --->   "%packed_load = load i480 %packed" [source/int4_linear_controller.cpp:666->source/int4_linear_controller.cpp:914]   --->   Operation 103 'load' 'packed_load' <Predicate = true> <Delay = 0.00>
ST_5 : Operation 104 [1/1] (0.00ns)   --->   "%tmp = partselect i448 @_ssdm_op_PartSelect.i448.i480.i32.i32, i480 %packed_load, i32 32, i32 479" [source/int4_linear_controller.cpp:666->source/int4_linear_controller.cpp:914]   --->   Operation 104 'partselect' 'tmp' <Predicate = true> <Delay = 0.00>
ST_5 : Operation 105 [1/1] (0.00ns)   --->   "%trunc_ln8 = bitconcatenate i480 @_ssdm_op_BitConcatenate.i480.i32.i448, i32 %select_ln75, i448 %tmp" [source/int4_linear_controller.cpp:666->source/int4_linear_controller.cpp:914]   --->   Operation 105 'bitconcatenate' 'trunc_ln8' <Predicate = true> <Delay = 0.00>
ST_5 : Operation 106 [1/1] (0.38ns)   --->   "%store_ln663 = store i480 %trunc_ln8, i480 %packed" [source/int4_linear_controller.cpp:663->source/int4_linear_controller.cpp:914]   --->   Operation 106 'store' 'store_ln663' <Predicate = true> <Delay = 0.38>
ST_5 : Operation 107 [1/1] (0.00ns)   --->   "%br_ln666 = br void %for.body.i" [source/int4_linear_controller.cpp:666->source/int4_linear_controller.cpp:914]   --->   Operation 107 'br' 'br_ln666' <Predicate = true> <Delay = 0.00>


============================================================
+ Verbose Summary: Timing violations
============================================================
Target clock period: 3.333ns, clock uncertainty: 0.900ns.

 <State 1>: 1.529ns
The critical path consists of the following:
	'store' operation 0 bit ('store_ln666', source/int4_linear_controller.cpp:666->source/int4_linear_controller.cpp:914) of constant 0 on local variable 'value_index', source/int4_linear_controller.cpp:666->source/int4_linear_controller.cpp:914 [14]  (0.387 ns)
	'load' operation 13 bit ('value_index', source/int4_linear_controller.cpp:667->source/int4_linear_controller.cpp:914) on local variable 'value_index', source/int4_linear_controller.cpp:666->source/int4_linear_controller.cpp:914 [19]  (0.000 ns)
	'icmp' operation 1 bit ('icmp_ln666', source/int4_linear_controller.cpp:666->source/int4_linear_controller.cpp:914) [20]  (0.755 ns)
	'store' operation 0 bit ('store_ln666', source/int4_linear_controller.cpp:666->source/int4_linear_controller.cpp:914) of variable 'value_index', source/int4_linear_controller.cpp:668->source/int4_linear_controller.cpp:914 on local variable 'value_index', source/int4_linear_controller.cpp:666->source/int4_linear_controller.cpp:914 [107]  (0.387 ns)

 <State 2>: 2.311ns
The critical path consists of the following:
	fifo read operation ('final_block', source/int4_linear_controller.cpp:672->source/int4_linear_controller.cpp:914) on port 'final_block_stream' (source/int4_linear_controller.cpp:672->source/int4_linear_controller.cpp:914) [34]  (1.217 ns)
	multiplexor before 'phi' operation 128 bit ('final_block') with incoming values : ('zext_ln667', source/int4_linear_controller.cpp:667->source/int4_linear_controller.cpp:914) ('final_block', source/int4_linear_controller.cpp:672->source/int4_linear_controller.cpp:914) [37]  (0.387 ns)
	'phi' operation 128 bit ('final_block') with incoming values : ('zext_ln667', source/int4_linear_controller.cpp:667->source/int4_linear_controller.cpp:914) ('final_block', source/int4_linear_controller.cpp:672->source/int4_linear_controller.cpp:914) [37]  (0.000 ns)
	'sub' operation 5 bit ('right_shift', source/int4_linear_controller.cpp:100->source/int4_linear_controller.cpp:679->source/int4_linear_controller.cpp:914) [55]  (0.707 ns)

 <State 3>: 1.730ns
The critical path consists of the following:
	'shl' operation 32 bit ('shl_ln104', source/int4_linear_controller.cpp:104->source/int4_linear_controller.cpp:679->source/int4_linear_controller.cpp:914) [60]  (0.592 ns)
	'add' operation 24 bit ('remainder_mask', source/int4_linear_controller.cpp:104->source/int4_linear_controller.cpp:679->source/int4_linear_controller.cpp:914) [62]  (0.833 ns)
	'and' operation 24 bit ('remainder', source/int4_linear_controller.cpp:106->source/int4_linear_controller.cpp:679->source/int4_linear_controller.cpp:914) [63]  (0.305 ns)

 <State 4>: 2.221ns
The critical path consists of the following:
	'lshr' operation 32 bit ('quotient', source/int4_linear_controller.cpp:102->source/int4_linear_controller.cpp:679->source/int4_linear_controller.cpp:914) [58]  (0.928 ns)
	'and' operation 1 bit ('and_ln111', source/int4_linear_controller.cpp:111->source/int4_linear_controller.cpp:679->source/int4_linear_controller.cpp:914) [79]  (0.000 ns)
	'or' operation 1 bit ('or_ln110', source/int4_linear_controller.cpp:110->source/int4_linear_controller.cpp:679->source/int4_linear_controller.cpp:914) [80]  (0.000 ns)
	'add' operation 25 bit ('magnitude', source/int4_linear_controller.cpp:113->source/int4_linear_controller.cpp:679->source/int4_linear_controller.cpp:914) [82]  (0.838 ns)
	'select' operation 32 bit ('magnitude', source/int4_linear_controller.cpp:94->source/int4_linear_controller.cpp:679->source/int4_linear_controller.cpp:914) [84]  (0.227 ns)
	'select' operation 32 bit ('sel_tmp1', source/int4_linear_controller.cpp:654->source/int4_linear_controller.cpp:914) [86]  (0.000 ns)
	'select' operation 32 bit ('select_ln82', source/int4_linear_controller.cpp:82->source/int4_linear_controller.cpp:679->source/int4_linear_controller.cpp:914) [88]  (0.227 ns)

 <State 5>: 2.324ns
The critical path consists of the following:
	'sub' operation 32 bit ('signed_raw', source/int4_linear_controller.cpp:119->source/int4_linear_controller.cpp:679->source/int4_linear_controller.cpp:914) [85]  (0.880 ns)
	'select' operation 32 bit ('select_ln75', source/int4_linear_controller.cpp:75->source/int4_linear_controller.cpp:679->source/int4_linear_controller.cpp:914) [96]  (0.227 ns)
	fifo write operation ('write_ln684', source/int4_linear_controller.cpp:684->source/int4_linear_controller.cpp:914) on port 'output_stream' (source/int4_linear_controller.cpp:684->source/int4_linear_controller.cpp:914) [101]  (1.217 ns)


============================================================
+ Verbose Summary: Binding
============================================================
N/A
* FSMD analyzer results:
  - Output states:
 - Input state : 
  - Chain level:
	State 1
	State 2
	State 3
	State 4
	State 5


============================================================
+ Verbose Summary: Datapath Resource usage 
============================================================
N/A
