

================================================================
== Vitis HLS Report for 'int4_stream_pe_inputs_18'
================================================================
* Date:           Tue Aug 11 09:17:34 2026

* Version:        2023.2 (Build 4023990 on Oct 11 2023)
* Project:        proj_int4_decoder_xo
* Solution:       solution1 (Vitis Kernel Flow Target)
* Product family: virtexuplus
* Target device:  xcu250-figd2104-2L-e


================================================================
== Performance Estimates
================================================================
+ Timing: 
    * Summary: 
    +--------+---------+----------+------------+
    |  Clock |  Target | Estimated| Uncertainty|
    +--------+---------+----------+------------+
    |ap_clk  |  3.33 ns|  2.433 ns|     0.90 ns|
    +--------+---------+----------+------------+

+ Latency: 
    * Summary: 
    +---------+---------+----------+----------+-------+--------+---------+
    |  Latency (cycles) |  Latency (absolute) |    Interval    | Pipeline|
    |   min   |   max   |    min   |    max   |  min  |   max  |   Type  |
    +---------+---------+----------+----------+-------+--------+---------+
    |    32842|   258122|  0.109 ms|  0.860 ms|  32842|  258122|       no|
    +---------+---------+----------+----------+-------+--------+---------+

    + Detail: 
        * Instance: 
        N/A

        * Loop: 
        +---------------------------+---------+---------+----------+-----------+-----------+----------------+----------+
        |                           |  Latency (cycles) | Iteration|  Initiation Interval  |      Trip      |          |
        |         Loop Name         |   min   |   max   |  Latency |  achieved |   target  |      Count     | Pipelined|
        +---------------------------+---------+---------+----------+-----------+-----------+----------------+----------+
        |- stream_weight_word_loop  |    32840|   258120|        74|          1|          1|  32768 ~ 258048|       yes|
        +---------------------------+---------+---------+----------+-----------+-----------+----------------+----------+

============================================================
+ Verbose Summary: Synthesis Manager
============================================================
InlineROM: 1
ExposeGlobal: 0
============================================================
+ Verbose Summary: CDFG Model
============================================================
IsTopModel: 0
ResetActiveHigh: 1
IsCombinational: 2
IsDatapathOnly: 0
HasWiredReturn: 1
HasMFsm: 2
HasVarLatency: 1
IsPipeline: 0
IsRtlPipelined: 0
IsInstanceOverlapped: 0
IsDontTouch: 0
HasImplIP: 0
IsGatedGlobalClock: 0

+ Individual pipeline summary: 
  * Pipeline-0: initiation interval (II) = 1, depth = 74


============================================================
+ Verbose Summary: Schedule
============================================================
* Number of FSM states : 74
* Pipeline : 1
  Pipeline-0 : II = 1, D = 74, States = { 1 2 3 4 5 6 7 8 9 10 11 12 13 14 15 16 17 18 19 20 21 22 23 24 25 26 27 28 29 30 31 32 33 34 35 36 37 38 39 40 41 42 43 44 45 46 47 48 49 50 51 52 53 54 55 56 57 58 59 60 61 62 63 64 65 66 67 68 69 70 71 72 73 74 }
* Dataflow Pipeline: 0

* FSM state transitions: 
1 --> 2 
2 --> 3 
3 --> 4 
4 --> 5 
5 --> 6 
6 --> 7 
7 --> 8 
8 --> 9 
9 --> 10 
10 --> 11 
11 --> 12 
12 --> 13 
13 --> 14 
14 --> 15 
15 --> 16 
16 --> 17 
17 --> 18 
18 --> 19 
19 --> 20 
20 --> 21 
21 --> 22 
22 --> 23 
23 --> 24 
24 --> 25 
25 --> 26 
26 --> 27 
27 --> 28 
28 --> 29 
29 --> 30 
30 --> 31 
31 --> 32 
32 --> 33 
33 --> 34 
34 --> 35 
35 --> 36 
36 --> 37 
37 --> 38 
38 --> 39 
39 --> 40 
40 --> 41 
41 --> 42 
42 --> 43 
43 --> 44 
44 --> 45 
45 --> 46 
46 --> 47 
47 --> 48 
48 --> 49 
49 --> 50 
50 --> 51 
51 --> 52 
52 --> 53 
53 --> 54 
54 --> 55 
55 --> 56 
56 --> 57 
57 --> 58 
58 --> 59 
59 --> 60 
60 --> 61 
61 --> 62 
62 --> 63 
63 --> 64 
64 --> 65 
65 --> 66 
66 --> 67 
67 --> 68 
68 --> 69 
69 --> 70 
70 --> 71 
71 --> 72 
72 --> 73 
73 --> 74 
74 --> 

* FSM state operations: 

State 1 <SV = 0> <Delay = 1.58>
ST_1 : Operation 77 [1/1] (0.00ns)   --->   "%word = alloca i32 1" [source/int4_linear_controller.cpp:440->source/int4_linear_controller.cpp:873]   --->   Operation 77 'alloca' 'word' <Predicate = true> <Delay = 0.00>
ST_1 : Operation 78 [1/1] (0.00ns)   --->   "%specmemcore_ln0 = specmemcore void @_ssdm_op_SpecMemCore, i512 %weight_stream, i64 666, i64 11, i64 18446744073709551615"   --->   Operation 78 'specmemcore' 'specmemcore_ln0' <Predicate = true> <Delay = 0.00>
ST_1 : Operation 79 [1/1] (0.00ns)   --->   "%specinterface_ln0 = specinterface void @_ssdm_op_SpecInterface, i512 %weight_stream, void @empty_447, i32 0, i32 0, void @empty_418, i32 0, i32 0, void @empty_418, void @empty_418, void @empty_418, i32 0, i32 0, i32 0, i32 0, void @empty_418, void @empty_418, i32 4294967295, i32 0"   --->   Operation 79 'specinterface' 'specinterface_ln0' <Predicate = true> <Delay = 0.00>
ST_1 : Operation 80 [1/1] (0.00ns)   --->   "%specinterface_ln0 = specinterface void @_ssdm_op_SpecInterface, i512 %gmem2, void @empty_417, i32 0, i32 0, void @empty_418, i32 64, i32 13043328, void @empty_422, void @empty_420, void @empty_418, i32 8, i32 2, i32 256, i32 64, void @empty_418, void @empty_418, i32 4294967295, i32 0"   --->   Operation 80 'specinterface' 'specinterface_ln0' <Predicate = true> <Delay = 0.00>
ST_1 : Operation 81 [1/1] (0.00ns)   --->   "%idx_read = read i25 @_ssdm_op_Read.ap_auto.i25, i25 %idx" [source/int4_linear_controller.cpp:398->source/int4_linear_controller.cpp:873]   --->   Operation 81 'read' 'idx_read' <Predicate = true> <Delay = 0.00>
ST_1 : Operation 82 [1/1] (1.21ns)   --->   "%p_read_6 = read i12 @_ssdm_op_Read.ap_auto.i12, i12 %p_read" [source/int4_linear_controller.cpp:398->source/int4_linear_controller.cpp:873]   --->   Operation 82 'read' 'p_read_6' <Predicate = true> <Delay = 1.21> <CoreInst = "FIFO_SRL">   --->   Core 81 'FIFO_SRL' <Latency = 0> <II = 1> <Delay = 1.42> <Storage> <Opcode : 'read' 'write' 'nbread' 'nbwrite'> <Ports = 0> <Width = -1> <Depth = -1> <FIFO>
ST_1 : Operation 83 [1/1] (0.00ns)   --->   "%weight_mem_read = read i64 @_ssdm_op_Read.ap_auto.i64, i64 %weight_mem" [source/int4_linear_controller.cpp:398->source/int4_linear_controller.cpp:873]   --->   Operation 83 'read' 'weight_mem_read' <Predicate = true> <Delay = 0.00>
ST_1 : Operation 84 [1/1] (0.00ns)   --->   "%total_words = bitconcatenate i20 @_ssdm_op_BitConcatenate.i20.i12.i8, i12 %p_read_6, i8 0" [source/int4_linear_controller.cpp:440->source/int4_linear_controller.cpp:873]   --->   Operation 84 'bitconcatenate' 'total_words' <Predicate = true> <Delay = 0.00>
ST_1 : Operation 85 [1/1] (0.00ns)   --->   "%zext_ln440_2 = zext i20 %total_words" [source/int4_linear_controller.cpp:440->source/int4_linear_controller.cpp:873]   --->   Operation 85 'zext' 'zext_ln440_2' <Predicate = true> <Delay = 0.00>
ST_1 : Operation 86 [1/1] (0.38ns)   --->   "%store_ln440 = store i20 0, i20 %word" [source/int4_linear_controller.cpp:440->source/int4_linear_controller.cpp:873]   --->   Operation 86 'store' 'store_ln440' <Predicate = true> <Delay = 0.38>
ST_1 : Operation 87 [1/1] (0.38ns)   --->   "%br_ln440 = br void %for.inc.i" [source/int4_linear_controller.cpp:440->source/int4_linear_controller.cpp:873]   --->   Operation 87 'br' 'br_ln440' <Predicate = true> <Delay = 0.38>
ST_1 : Operation 88 [1/1] (0.00ns)   --->   "%first_iter_0 = phi i1 0, void %for.inc.split.i, i1 1, void %entry"   --->   Operation 88 'phi' 'first_iter_0' <Predicate = true> <Delay = 0.00>
ST_1 : Operation 89 [1/1] (0.00ns)   --->   "%word_13 = load i20 %word" [source/int4_linear_controller.cpp:440->source/int4_linear_controller.cpp:873]   --->   Operation 89 'load' 'word_13' <Predicate = true> <Delay = 0.00>
ST_1 : Operation 90 [1/1] (0.80ns)   --->   "%icmp_ln440 = icmp_eq  i20 %word_13, i20 %total_words" [source/int4_linear_controller.cpp:440->source/int4_linear_controller.cpp:873]   --->   Operation 90 'icmp' 'icmp_ln440' <Predicate = true> <Delay = 0.80> <CoreInst = "Cmp">   --->   Core 9 'Cmp' <Latency = 0> <II = 1> <Delay = 0.80> <FuncUnit> <Opcode : 'icmp'> <InPorts = 2> <OutPorts = 1>
ST_1 : Operation 91 [1/1] (0.80ns)   --->   "%add_ln440_2 = add i20 %word_13, i20 1" [source/int4_linear_controller.cpp:440->source/int4_linear_controller.cpp:873]   --->   Operation 91 'add' 'add_ln440_2' <Predicate = true> <Delay = 0.80> <CoreInst = "Adder">   --->   Core 1 'Adder' <Latency = 0> <II = 1> <Delay = 0.80> <FuncUnit> <Opcode : 'add' 'sub'> <InPorts = 2> <OutPorts = 1>
ST_1 : Operation 92 [1/1] (0.00ns)   --->   "%br_ln440 = br i1 %icmp_ln440, void %new.body.for.inc.i, void %int4_stream_pe_inputs.18.exit" [source/int4_linear_controller.cpp:440->source/int4_linear_controller.cpp:873]   --->   Operation 92 'br' 'br_ln440' <Predicate = true> <Delay = 0.00>
ST_1 : Operation 93 [1/1] (0.00ns)   --->   "%shl_ln = bitconcatenate i31 @_ssdm_op_BitConcatenate.i31.i25.i6, i25 %idx_read, i6 0" [source/int4_linear_controller.cpp:440->source/int4_linear_controller.cpp:873]   --->   Operation 93 'bitconcatenate' 'shl_ln' <Predicate = (!icmp_ln440)> <Delay = 0.00>
ST_1 : Operation 94 [1/1] (0.00ns)   --->   "%zext_ln440 = zext i31 %shl_ln" [source/int4_linear_controller.cpp:440->source/int4_linear_controller.cpp:873]   --->   Operation 94 'zext' 'zext_ln440' <Predicate = (!icmp_ln440)> <Delay = 0.00>
ST_1 : Operation 95 [1/1] (1.14ns)   --->   "%add_ln440 = add i64 %zext_ln440, i64 %weight_mem_read" [source/int4_linear_controller.cpp:440->source/int4_linear_controller.cpp:873]   --->   Operation 95 'add' 'add_ln440' <Predicate = (!icmp_ln440)> <Delay = 1.14> <CoreInst = "Adder">   --->   Core 1 'Adder' <Latency = 0> <II = 1> <Delay = 1.14> <FuncUnit> <Opcode : 'add' 'sub'> <InPorts = 2> <OutPorts = 1>
ST_1 : Operation 96 [1/1] (0.00ns)   --->   "%trunc_ln = partselect i58 @_ssdm_op_PartSelect.i58.i64.i32.i32, i64 %add_ln440, i32 6, i32 63" [source/int4_linear_controller.cpp:440->source/int4_linear_controller.cpp:873]   --->   Operation 96 'partselect' 'trunc_ln' <Predicate = (!icmp_ln440)> <Delay = 0.00>
ST_1 : Operation 97 [1/1] (0.00ns)   --->   "%br_ln440 = br i1 %first_iter_0, void %for.inc.split.i, void %for.first.iter.for.inc.i" [source/int4_linear_controller.cpp:440->source/int4_linear_controller.cpp:873]   --->   Operation 97 'br' 'br_ln440' <Predicate = (!icmp_ln440)> <Delay = 0.00>
ST_1 : Operation 98 [1/1] (0.38ns)   --->   "%store_ln440 = store i20 %add_ln440_2, i20 %word" [source/int4_linear_controller.cpp:440->source/int4_linear_controller.cpp:873]   --->   Operation 98 'store' 'store_ln440' <Predicate = (!icmp_ln440)> <Delay = 0.38>
ST_1 : Operation 99 [1/1] (0.00ns)   --->   "%br_ln440 = br void %for.inc.i" [source/int4_linear_controller.cpp:440->source/int4_linear_controller.cpp:873]   --->   Operation 99 'br' 'br_ln440' <Predicate = (!icmp_ln440)> <Delay = 0.00>

State 2 <SV = 1> <Delay = 2.43>
ST_2 : Operation 100 [1/1] (0.00ns)   --->   "%sext_ln440 = sext i58 %trunc_ln" [source/int4_linear_controller.cpp:440->source/int4_linear_controller.cpp:873]   --->   Operation 100 'sext' 'sext_ln440' <Predicate = true> <Delay = 0.00>
ST_2 : Operation 101 [1/1] (0.00ns)   --->   "%gmem2_addr = getelementptr i512 %gmem2, i64 %sext_ln440" [source/int4_linear_controller.cpp:440->source/int4_linear_controller.cpp:873]   --->   Operation 101 'getelementptr' 'gmem2_addr' <Predicate = true> <Delay = 0.00>
ST_2 : Operation 102 [71/71] (2.43ns)   --->   "%empty = readreq i1 @_ssdm_op_ReadReq.m_axi.p1i512, i512 %gmem2_addr, i32 %zext_ln440_2" [source/int4_linear_controller.cpp:440->source/int4_linear_controller.cpp:873]   --->   Operation 102 'readreq' 'empty' <Predicate = (first_iter_0)> <Delay = 2.43> <CoreInst = "m_axi">   --->   Core 121 'm_axi' <Latency = 0> <II = 1> <Delay = 1.00> <Adapter> <Opcode : 'read' 'write' 'readreq' 'writereq' 'writeresp'>

State 3 <SV = 2> <Delay = 2.43>
ST_3 : Operation 103 [70/71] (2.43ns)   --->   "%empty = readreq i1 @_ssdm_op_ReadReq.m_axi.p1i512, i512 %gmem2_addr, i32 %zext_ln440_2" [source/int4_linear_controller.cpp:440->source/int4_linear_controller.cpp:873]   --->   Operation 103 'readreq' 'empty' <Predicate = (first_iter_0)> <Delay = 2.43> <CoreInst = "m_axi">   --->   Core 121 'm_axi' <Latency = 0> <II = 1> <Delay = 1.00> <Adapter> <Opcode : 'read' 'write' 'readreq' 'writereq' 'writeresp'>

State 4 <SV = 3> <Delay = 2.43>
ST_4 : Operation 104 [69/71] (2.43ns)   --->   "%empty = readreq i1 @_ssdm_op_ReadReq.m_axi.p1i512, i512 %gmem2_addr, i32 %zext_ln440_2" [source/int4_linear_controller.cpp:440->source/int4_linear_controller.cpp:873]   --->   Operation 104 'readreq' 'empty' <Predicate = (first_iter_0)> <Delay = 2.43> <CoreInst = "m_axi">   --->   Core 121 'm_axi' <Latency = 0> <II = 1> <Delay = 1.00> <Adapter> <Opcode : 'read' 'write' 'readreq' 'writereq' 'writeresp'>

State 5 <SV = 4> <Delay = 2.43>
ST_5 : Operation 105 [68/71] (2.43ns)   --->   "%empty = readreq i1 @_ssdm_op_ReadReq.m_axi.p1i512, i512 %gmem2_addr, i32 %zext_ln440_2" [source/int4_linear_controller.cpp:440->source/int4_linear_controller.cpp:873]   --->   Operation 105 'readreq' 'empty' <Predicate = (first_iter_0)> <Delay = 2.43> <CoreInst = "m_axi">   --->   Core 121 'm_axi' <Latency = 0> <II = 1> <Delay = 1.00> <Adapter> <Opcode : 'read' 'write' 'readreq' 'writereq' 'writeresp'>

State 6 <SV = 5> <Delay = 2.43>
ST_6 : Operation 106 [67/71] (2.43ns)   --->   "%empty = readreq i1 @_ssdm_op_ReadReq.m_axi.p1i512, i512 %gmem2_addr, i32 %zext_ln440_2" [source/int4_linear_controller.cpp:440->source/int4_linear_controller.cpp:873]   --->   Operation 106 'readreq' 'empty' <Predicate = (first_iter_0)> <Delay = 2.43> <CoreInst = "m_axi">   --->   Core 121 'm_axi' <Latency = 0> <II = 1> <Delay = 1.00> <Adapter> <Opcode : 'read' 'write' 'readreq' 'writereq' 'writeresp'>

State 7 <SV = 6> <Delay = 2.43>
ST_7 : Operation 107 [66/71] (2.43ns)   --->   "%empty = readreq i1 @_ssdm_op_ReadReq.m_axi.p1i512, i512 %gmem2_addr, i32 %zext_ln440_2" [source/int4_linear_controller.cpp:440->source/int4_linear_controller.cpp:873]   --->   Operation 107 'readreq' 'empty' <Predicate = (first_iter_0)> <Delay = 2.43> <CoreInst = "m_axi">   --->   Core 121 'm_axi' <Latency = 0> <II = 1> <Delay = 1.00> <Adapter> <Opcode : 'read' 'write' 'readreq' 'writereq' 'writeresp'>

State 8 <SV = 7> <Delay = 2.43>
ST_8 : Operation 108 [65/71] (2.43ns)   --->   "%empty = readreq i1 @_ssdm_op_ReadReq.m_axi.p1i512, i512 %gmem2_addr, i32 %zext_ln440_2" [source/int4_linear_controller.cpp:440->source/int4_linear_controller.cpp:873]   --->   Operation 108 'readreq' 'empty' <Predicate = (first_iter_0)> <Delay = 2.43> <CoreInst = "m_axi">   --->   Core 121 'm_axi' <Latency = 0> <II = 1> <Delay = 1.00> <Adapter> <Opcode : 'read' 'write' 'readreq' 'writereq' 'writeresp'>

State 9 <SV = 8> <Delay = 2.43>
ST_9 : Operation 109 [64/71] (2.43ns)   --->   "%empty = readreq i1 @_ssdm_op_ReadReq.m_axi.p1i512, i512 %gmem2_addr, i32 %zext_ln440_2" [source/int4_linear_controller.cpp:440->source/int4_linear_controller.cpp:873]   --->   Operation 109 'readreq' 'empty' <Predicate = (first_iter_0)> <Delay = 2.43> <CoreInst = "m_axi">   --->   Core 121 'm_axi' <Latency = 0> <II = 1> <Delay = 1.00> <Adapter> <Opcode : 'read' 'write' 'readreq' 'writereq' 'writeresp'>

State 10 <SV = 9> <Delay = 2.43>
ST_10 : Operation 110 [63/71] (2.43ns)   --->   "%empty = readreq i1 @_ssdm_op_ReadReq.m_axi.p1i512, i512 %gmem2_addr, i32 %zext_ln440_2" [source/int4_linear_controller.cpp:440->source/int4_linear_controller.cpp:873]   --->   Operation 110 'readreq' 'empty' <Predicate = (first_iter_0)> <Delay = 2.43> <CoreInst = "m_axi">   --->   Core 121 'm_axi' <Latency = 0> <II = 1> <Delay = 1.00> <Adapter> <Opcode : 'read' 'write' 'readreq' 'writereq' 'writeresp'>

State 11 <SV = 10> <Delay = 2.43>
ST_11 : Operation 111 [62/71] (2.43ns)   --->   "%empty = readreq i1 @_ssdm_op_ReadReq.m_axi.p1i512, i512 %gmem2_addr, i32 %zext_ln440_2" [source/int4_linear_controller.cpp:440->source/int4_linear_controller.cpp:873]   --->   Operation 111 'readreq' 'empty' <Predicate = (first_iter_0)> <Delay = 2.43> <CoreInst = "m_axi">   --->   Core 121 'm_axi' <Latency = 0> <II = 1> <Delay = 1.00> <Adapter> <Opcode : 'read' 'write' 'readreq' 'writereq' 'writeresp'>

State 12 <SV = 11> <Delay = 2.43>
ST_12 : Operation 112 [61/71] (2.43ns)   --->   "%empty = readreq i1 @_ssdm_op_ReadReq.m_axi.p1i512, i512 %gmem2_addr, i32 %zext_ln440_2" [source/int4_linear_controller.cpp:440->source/int4_linear_controller.cpp:873]   --->   Operation 112 'readreq' 'empty' <Predicate = (first_iter_0)> <Delay = 2.43> <CoreInst = "m_axi">   --->   Core 121 'm_axi' <Latency = 0> <II = 1> <Delay = 1.00> <Adapter> <Opcode : 'read' 'write' 'readreq' 'writereq' 'writeresp'>

State 13 <SV = 12> <Delay = 2.43>
ST_13 : Operation 113 [60/71] (2.43ns)   --->   "%empty = readreq i1 @_ssdm_op_ReadReq.m_axi.p1i512, i512 %gmem2_addr, i32 %zext_ln440_2" [source/int4_linear_controller.cpp:440->source/int4_linear_controller.cpp:873]   --->   Operation 113 'readreq' 'empty' <Predicate = (first_iter_0)> <Delay = 2.43> <CoreInst = "m_axi">   --->   Core 121 'm_axi' <Latency = 0> <II = 1> <Delay = 1.00> <Adapter> <Opcode : 'read' 'write' 'readreq' 'writereq' 'writeresp'>

State 14 <SV = 13> <Delay = 2.43>
ST_14 : Operation 114 [59/71] (2.43ns)   --->   "%empty = readreq i1 @_ssdm_op_ReadReq.m_axi.p1i512, i512 %gmem2_addr, i32 %zext_ln440_2" [source/int4_linear_controller.cpp:440->source/int4_linear_controller.cpp:873]   --->   Operation 114 'readreq' 'empty' <Predicate = (first_iter_0)> <Delay = 2.43> <CoreInst = "m_axi">   --->   Core 121 'm_axi' <Latency = 0> <II = 1> <Delay = 1.00> <Adapter> <Opcode : 'read' 'write' 'readreq' 'writereq' 'writeresp'>

State 15 <SV = 14> <Delay = 2.43>
ST_15 : Operation 115 [58/71] (2.43ns)   --->   "%empty = readreq i1 @_ssdm_op_ReadReq.m_axi.p1i512, i512 %gmem2_addr, i32 %zext_ln440_2" [source/int4_linear_controller.cpp:440->source/int4_linear_controller.cpp:873]   --->   Operation 115 'readreq' 'empty' <Predicate = (first_iter_0)> <Delay = 2.43> <CoreInst = "m_axi">   --->   Core 121 'm_axi' <Latency = 0> <II = 1> <Delay = 1.00> <Adapter> <Opcode : 'read' 'write' 'readreq' 'writereq' 'writeresp'>

State 16 <SV = 15> <Delay = 2.43>
ST_16 : Operation 116 [57/71] (2.43ns)   --->   "%empty = readreq i1 @_ssdm_op_ReadReq.m_axi.p1i512, i512 %gmem2_addr, i32 %zext_ln440_2" [source/int4_linear_controller.cpp:440->source/int4_linear_controller.cpp:873]   --->   Operation 116 'readreq' 'empty' <Predicate = (first_iter_0)> <Delay = 2.43> <CoreInst = "m_axi">   --->   Core 121 'm_axi' <Latency = 0> <II = 1> <Delay = 1.00> <Adapter> <Opcode : 'read' 'write' 'readreq' 'writereq' 'writeresp'>

State 17 <SV = 16> <Delay = 2.43>
ST_17 : Operation 117 [56/71] (2.43ns)   --->   "%empty = readreq i1 @_ssdm_op_ReadReq.m_axi.p1i512, i512 %gmem2_addr, i32 %zext_ln440_2" [source/int4_linear_controller.cpp:440->source/int4_linear_controller.cpp:873]   --->   Operation 117 'readreq' 'empty' <Predicate = (first_iter_0)> <Delay = 2.43> <CoreInst = "m_axi">   --->   Core 121 'm_axi' <Latency = 0> <II = 1> <Delay = 1.00> <Adapter> <Opcode : 'read' 'write' 'readreq' 'writereq' 'writeresp'>

State 18 <SV = 17> <Delay = 2.43>
ST_18 : Operation 118 [55/71] (2.43ns)   --->   "%empty = readreq i1 @_ssdm_op_ReadReq.m_axi.p1i512, i512 %gmem2_addr, i32 %zext_ln440_2" [source/int4_linear_controller.cpp:440->source/int4_linear_controller.cpp:873]   --->   Operation 118 'readreq' 'empty' <Predicate = (first_iter_0)> <Delay = 2.43> <CoreInst = "m_axi">   --->   Core 121 'm_axi' <Latency = 0> <II = 1> <Delay = 1.00> <Adapter> <Opcode : 'read' 'write' 'readreq' 'writereq' 'writeresp'>

State 19 <SV = 18> <Delay = 2.43>
ST_19 : Operation 119 [54/71] (2.43ns)   --->   "%empty = readreq i1 @_ssdm_op_ReadReq.m_axi.p1i512, i512 %gmem2_addr, i32 %zext_ln440_2" [source/int4_linear_controller.cpp:440->source/int4_linear_controller.cpp:873]   --->   Operation 119 'readreq' 'empty' <Predicate = (first_iter_0)> <Delay = 2.43> <CoreInst = "m_axi">   --->   Core 121 'm_axi' <Latency = 0> <II = 1> <Delay = 1.00> <Adapter> <Opcode : 'read' 'write' 'readreq' 'writereq' 'writeresp'>

State 20 <SV = 19> <Delay = 2.43>
ST_20 : Operation 120 [53/71] (2.43ns)   --->   "%empty = readreq i1 @_ssdm_op_ReadReq.m_axi.p1i512, i512 %gmem2_addr, i32 %zext_ln440_2" [source/int4_linear_controller.cpp:440->source/int4_linear_controller.cpp:873]   --->   Operation 120 'readreq' 'empty' <Predicate = (first_iter_0)> <Delay = 2.43> <CoreInst = "m_axi">   --->   Core 121 'm_axi' <Latency = 0> <II = 1> <Delay = 1.00> <Adapter> <Opcode : 'read' 'write' 'readreq' 'writereq' 'writeresp'>

State 21 <SV = 20> <Delay = 2.43>
ST_21 : Operation 121 [52/71] (2.43ns)   --->   "%empty = readreq i1 @_ssdm_op_ReadReq.m_axi.p1i512, i512 %gmem2_addr, i32 %zext_ln440_2" [source/int4_linear_controller.cpp:440->source/int4_linear_controller.cpp:873]   --->   Operation 121 'readreq' 'empty' <Predicate = (first_iter_0)> <Delay = 2.43> <CoreInst = "m_axi">   --->   Core 121 'm_axi' <Latency = 0> <II = 1> <Delay = 1.00> <Adapter> <Opcode : 'read' 'write' 'readreq' 'writereq' 'writeresp'>

State 22 <SV = 21> <Delay = 2.43>
ST_22 : Operation 122 [51/71] (2.43ns)   --->   "%empty = readreq i1 @_ssdm_op_ReadReq.m_axi.p1i512, i512 %gmem2_addr, i32 %zext_ln440_2" [source/int4_linear_controller.cpp:440->source/int4_linear_controller.cpp:873]   --->   Operation 122 'readreq' 'empty' <Predicate = (first_iter_0)> <Delay = 2.43> <CoreInst = "m_axi">   --->   Core 121 'm_axi' <Latency = 0> <II = 1> <Delay = 1.00> <Adapter> <Opcode : 'read' 'write' 'readreq' 'writereq' 'writeresp'>

State 23 <SV = 22> <Delay = 2.43>
ST_23 : Operation 123 [50/71] (2.43ns)   --->   "%empty = readreq i1 @_ssdm_op_ReadReq.m_axi.p1i512, i512 %gmem2_addr, i32 %zext_ln440_2" [source/int4_linear_controller.cpp:440->source/int4_linear_controller.cpp:873]   --->   Operation 123 'readreq' 'empty' <Predicate = (first_iter_0)> <Delay = 2.43> <CoreInst = "m_axi">   --->   Core 121 'm_axi' <Latency = 0> <II = 1> <Delay = 1.00> <Adapter> <Opcode : 'read' 'write' 'readreq' 'writereq' 'writeresp'>

State 24 <SV = 23> <Delay = 2.43>
ST_24 : Operation 124 [49/71] (2.43ns)   --->   "%empty = readreq i1 @_ssdm_op_ReadReq.m_axi.p1i512, i512 %gmem2_addr, i32 %zext_ln440_2" [source/int4_linear_controller.cpp:440->source/int4_linear_controller.cpp:873]   --->   Operation 124 'readreq' 'empty' <Predicate = (first_iter_0)> <Delay = 2.43> <CoreInst = "m_axi">   --->   Core 121 'm_axi' <Latency = 0> <II = 1> <Delay = 1.00> <Adapter> <Opcode : 'read' 'write' 'readreq' 'writereq' 'writeresp'>

State 25 <SV = 24> <Delay = 2.43>
ST_25 : Operation 125 [48/71] (2.43ns)   --->   "%empty = readreq i1 @_ssdm_op_ReadReq.m_axi.p1i512, i512 %gmem2_addr, i32 %zext_ln440_2" [source/int4_linear_controller.cpp:440->source/int4_linear_controller.cpp:873]   --->   Operation 125 'readreq' 'empty' <Predicate = (first_iter_0)> <Delay = 2.43> <CoreInst = "m_axi">   --->   Core 121 'm_axi' <Latency = 0> <II = 1> <Delay = 1.00> <Adapter> <Opcode : 'read' 'write' 'readreq' 'writereq' 'writeresp'>

State 26 <SV = 25> <Delay = 2.43>
ST_26 : Operation 126 [47/71] (2.43ns)   --->   "%empty = readreq i1 @_ssdm_op_ReadReq.m_axi.p1i512, i512 %gmem2_addr, i32 %zext_ln440_2" [source/int4_linear_controller.cpp:440->source/int4_linear_controller.cpp:873]   --->   Operation 126 'readreq' 'empty' <Predicate = (first_iter_0)> <Delay = 2.43> <CoreInst = "m_axi">   --->   Core 121 'm_axi' <Latency = 0> <II = 1> <Delay = 1.00> <Adapter> <Opcode : 'read' 'write' 'readreq' 'writereq' 'writeresp'>

State 27 <SV = 26> <Delay = 2.43>
ST_27 : Operation 127 [46/71] (2.43ns)   --->   "%empty = readreq i1 @_ssdm_op_ReadReq.m_axi.p1i512, i512 %gmem2_addr, i32 %zext_ln440_2" [source/int4_linear_controller.cpp:440->source/int4_linear_controller.cpp:873]   --->   Operation 127 'readreq' 'empty' <Predicate = (first_iter_0)> <Delay = 2.43> <CoreInst = "m_axi">   --->   Core 121 'm_axi' <Latency = 0> <II = 1> <Delay = 1.00> <Adapter> <Opcode : 'read' 'write' 'readreq' 'writereq' 'writeresp'>

State 28 <SV = 27> <Delay = 2.43>
ST_28 : Operation 128 [45/71] (2.43ns)   --->   "%empty = readreq i1 @_ssdm_op_ReadReq.m_axi.p1i512, i512 %gmem2_addr, i32 %zext_ln440_2" [source/int4_linear_controller.cpp:440->source/int4_linear_controller.cpp:873]   --->   Operation 128 'readreq' 'empty' <Predicate = (first_iter_0)> <Delay = 2.43> <CoreInst = "m_axi">   --->   Core 121 'm_axi' <Latency = 0> <II = 1> <Delay = 1.00> <Adapter> <Opcode : 'read' 'write' 'readreq' 'writereq' 'writeresp'>

State 29 <SV = 28> <Delay = 2.43>
ST_29 : Operation 129 [44/71] (2.43ns)   --->   "%empty = readreq i1 @_ssdm_op_ReadReq.m_axi.p1i512, i512 %gmem2_addr, i32 %zext_ln440_2" [source/int4_linear_controller.cpp:440->source/int4_linear_controller.cpp:873]   --->   Operation 129 'readreq' 'empty' <Predicate = (first_iter_0)> <Delay = 2.43> <CoreInst = "m_axi">   --->   Core 121 'm_axi' <Latency = 0> <II = 1> <Delay = 1.00> <Adapter> <Opcode : 'read' 'write' 'readreq' 'writereq' 'writeresp'>

State 30 <SV = 29> <Delay = 2.43>
ST_30 : Operation 130 [43/71] (2.43ns)   --->   "%empty = readreq i1 @_ssdm_op_ReadReq.m_axi.p1i512, i512 %gmem2_addr, i32 %zext_ln440_2" [source/int4_linear_controller.cpp:440->source/int4_linear_controller.cpp:873]   --->   Operation 130 'readreq' 'empty' <Predicate = (first_iter_0)> <Delay = 2.43> <CoreInst = "m_axi">   --->   Core 121 'm_axi' <Latency = 0> <II = 1> <Delay = 1.00> <Adapter> <Opcode : 'read' 'write' 'readreq' 'writereq' 'writeresp'>

State 31 <SV = 30> <Delay = 2.43>
ST_31 : Operation 131 [42/71] (2.43ns)   --->   "%empty = readreq i1 @_ssdm_op_ReadReq.m_axi.p1i512, i512 %gmem2_addr, i32 %zext_ln440_2" [source/int4_linear_controller.cpp:440->source/int4_linear_controller.cpp:873]   --->   Operation 131 'readreq' 'empty' <Predicate = (first_iter_0)> <Delay = 2.43> <CoreInst = "m_axi">   --->   Core 121 'm_axi' <Latency = 0> <II = 1> <Delay = 1.00> <Adapter> <Opcode : 'read' 'write' 'readreq' 'writereq' 'writeresp'>

State 32 <SV = 31> <Delay = 2.43>
ST_32 : Operation 132 [41/71] (2.43ns)   --->   "%empty = readreq i1 @_ssdm_op_ReadReq.m_axi.p1i512, i512 %gmem2_addr, i32 %zext_ln440_2" [source/int4_linear_controller.cpp:440->source/int4_linear_controller.cpp:873]   --->   Operation 132 'readreq' 'empty' <Predicate = (first_iter_0)> <Delay = 2.43> <CoreInst = "m_axi">   --->   Core 121 'm_axi' <Latency = 0> <II = 1> <Delay = 1.00> <Adapter> <Opcode : 'read' 'write' 'readreq' 'writereq' 'writeresp'>

State 33 <SV = 32> <Delay = 2.43>
ST_33 : Operation 133 [40/71] (2.43ns)   --->   "%empty = readreq i1 @_ssdm_op_ReadReq.m_axi.p1i512, i512 %gmem2_addr, i32 %zext_ln440_2" [source/int4_linear_controller.cpp:440->source/int4_linear_controller.cpp:873]   --->   Operation 133 'readreq' 'empty' <Predicate = (first_iter_0)> <Delay = 2.43> <CoreInst = "m_axi">   --->   Core 121 'm_axi' <Latency = 0> <II = 1> <Delay = 1.00> <Adapter> <Opcode : 'read' 'write' 'readreq' 'writereq' 'writeresp'>

State 34 <SV = 33> <Delay = 2.43>
ST_34 : Operation 134 [39/71] (2.43ns)   --->   "%empty = readreq i1 @_ssdm_op_ReadReq.m_axi.p1i512, i512 %gmem2_addr, i32 %zext_ln440_2" [source/int4_linear_controller.cpp:440->source/int4_linear_controller.cpp:873]   --->   Operation 134 'readreq' 'empty' <Predicate = (first_iter_0)> <Delay = 2.43> <CoreInst = "m_axi">   --->   Core 121 'm_axi' <Latency = 0> <II = 1> <Delay = 1.00> <Adapter> <Opcode : 'read' 'write' 'readreq' 'writereq' 'writeresp'>

State 35 <SV = 34> <Delay = 2.43>
ST_35 : Operation 135 [38/71] (2.43ns)   --->   "%empty = readreq i1 @_ssdm_op_ReadReq.m_axi.p1i512, i512 %gmem2_addr, i32 %zext_ln440_2" [source/int4_linear_controller.cpp:440->source/int4_linear_controller.cpp:873]   --->   Operation 135 'readreq' 'empty' <Predicate = (first_iter_0)> <Delay = 2.43> <CoreInst = "m_axi">   --->   Core 121 'm_axi' <Latency = 0> <II = 1> <Delay = 1.00> <Adapter> <Opcode : 'read' 'write' 'readreq' 'writereq' 'writeresp'>

State 36 <SV = 35> <Delay = 2.43>
ST_36 : Operation 136 [37/71] (2.43ns)   --->   "%empty = readreq i1 @_ssdm_op_ReadReq.m_axi.p1i512, i512 %gmem2_addr, i32 %zext_ln440_2" [source/int4_linear_controller.cpp:440->source/int4_linear_controller.cpp:873]   --->   Operation 136 'readreq' 'empty' <Predicate = (first_iter_0)> <Delay = 2.43> <CoreInst = "m_axi">   --->   Core 121 'm_axi' <Latency = 0> <II = 1> <Delay = 1.00> <Adapter> <Opcode : 'read' 'write' 'readreq' 'writereq' 'writeresp'>

State 37 <SV = 36> <Delay = 2.43>
ST_37 : Operation 137 [36/71] (2.43ns)   --->   "%empty = readreq i1 @_ssdm_op_ReadReq.m_axi.p1i512, i512 %gmem2_addr, i32 %zext_ln440_2" [source/int4_linear_controller.cpp:440->source/int4_linear_controller.cpp:873]   --->   Operation 137 'readreq' 'empty' <Predicate = (first_iter_0)> <Delay = 2.43> <CoreInst = "m_axi">   --->   Core 121 'm_axi' <Latency = 0> <II = 1> <Delay = 1.00> <Adapter> <Opcode : 'read' 'write' 'readreq' 'writereq' 'writeresp'>

State 38 <SV = 37> <Delay = 2.43>
ST_38 : Operation 138 [35/71] (2.43ns)   --->   "%empty = readreq i1 @_ssdm_op_ReadReq.m_axi.p1i512, i512 %gmem2_addr, i32 %zext_ln440_2" [source/int4_linear_controller.cpp:440->source/int4_linear_controller.cpp:873]   --->   Operation 138 'readreq' 'empty' <Predicate = (first_iter_0)> <Delay = 2.43> <CoreInst = "m_axi">   --->   Core 121 'm_axi' <Latency = 0> <II = 1> <Delay = 1.00> <Adapter> <Opcode : 'read' 'write' 'readreq' 'writereq' 'writeresp'>

State 39 <SV = 38> <Delay = 2.43>
ST_39 : Operation 139 [34/71] (2.43ns)   --->   "%empty = readreq i1 @_ssdm_op_ReadReq.m_axi.p1i512, i512 %gmem2_addr, i32 %zext_ln440_2" [source/int4_linear_controller.cpp:440->source/int4_linear_controller.cpp:873]   --->   Operation 139 'readreq' 'empty' <Predicate = (first_iter_0)> <Delay = 2.43> <CoreInst = "m_axi">   --->   Core 121 'm_axi' <Latency = 0> <II = 1> <Delay = 1.00> <Adapter> <Opcode : 'read' 'write' 'readreq' 'writereq' 'writeresp'>

State 40 <SV = 39> <Delay = 2.43>
ST_40 : Operation 140 [33/71] (2.43ns)   --->   "%empty = readreq i1 @_ssdm_op_ReadReq.m_axi.p1i512, i512 %gmem2_addr, i32 %zext_ln440_2" [source/int4_linear_controller.cpp:440->source/int4_linear_controller.cpp:873]   --->   Operation 140 'readreq' 'empty' <Predicate = (first_iter_0)> <Delay = 2.43> <CoreInst = "m_axi">   --->   Core 121 'm_axi' <Latency = 0> <II = 1> <Delay = 1.00> <Adapter> <Opcode : 'read' 'write' 'readreq' 'writereq' 'writeresp'>

State 41 <SV = 40> <Delay = 2.43>
ST_41 : Operation 141 [32/71] (2.43ns)   --->   "%empty = readreq i1 @_ssdm_op_ReadReq.m_axi.p1i512, i512 %gmem2_addr, i32 %zext_ln440_2" [source/int4_linear_controller.cpp:440->source/int4_linear_controller.cpp:873]   --->   Operation 141 'readreq' 'empty' <Predicate = (first_iter_0)> <Delay = 2.43> <CoreInst = "m_axi">   --->   Core 121 'm_axi' <Latency = 0> <II = 1> <Delay = 1.00> <Adapter> <Opcode : 'read' 'write' 'readreq' 'writereq' 'writeresp'>

State 42 <SV = 41> <Delay = 2.43>
ST_42 : Operation 142 [31/71] (2.43ns)   --->   "%empty = readreq i1 @_ssdm_op_ReadReq.m_axi.p1i512, i512 %gmem2_addr, i32 %zext_ln440_2" [source/int4_linear_controller.cpp:440->source/int4_linear_controller.cpp:873]   --->   Operation 142 'readreq' 'empty' <Predicate = (first_iter_0)> <Delay = 2.43> <CoreInst = "m_axi">   --->   Core 121 'm_axi' <Latency = 0> <II = 1> <Delay = 1.00> <Adapter> <Opcode : 'read' 'write' 'readreq' 'writereq' 'writeresp'>

State 43 <SV = 42> <Delay = 2.43>
ST_43 : Operation 143 [30/71] (2.43ns)   --->   "%empty = readreq i1 @_ssdm_op_ReadReq.m_axi.p1i512, i512 %gmem2_addr, i32 %zext_ln440_2" [source/int4_linear_controller.cpp:440->source/int4_linear_controller.cpp:873]   --->   Operation 143 'readreq' 'empty' <Predicate = (first_iter_0)> <Delay = 2.43> <CoreInst = "m_axi">   --->   Core 121 'm_axi' <Latency = 0> <II = 1> <Delay = 1.00> <Adapter> <Opcode : 'read' 'write' 'readreq' 'writereq' 'writeresp'>

State 44 <SV = 43> <Delay = 2.43>
ST_44 : Operation 144 [29/71] (2.43ns)   --->   "%empty = readreq i1 @_ssdm_op_ReadReq.m_axi.p1i512, i512 %gmem2_addr, i32 %zext_ln440_2" [source/int4_linear_controller.cpp:440->source/int4_linear_controller.cpp:873]   --->   Operation 144 'readreq' 'empty' <Predicate = (first_iter_0)> <Delay = 2.43> <CoreInst = "m_axi">   --->   Core 121 'm_axi' <Latency = 0> <II = 1> <Delay = 1.00> <Adapter> <Opcode : 'read' 'write' 'readreq' 'writereq' 'writeresp'>

State 45 <SV = 44> <Delay = 2.43>
ST_45 : Operation 145 [28/71] (2.43ns)   --->   "%empty = readreq i1 @_ssdm_op_ReadReq.m_axi.p1i512, i512 %gmem2_addr, i32 %zext_ln440_2" [source/int4_linear_controller.cpp:440->source/int4_linear_controller.cpp:873]   --->   Operation 145 'readreq' 'empty' <Predicate = (first_iter_0)> <Delay = 2.43> <CoreInst = "m_axi">   --->   Core 121 'm_axi' <Latency = 0> <II = 1> <Delay = 1.00> <Adapter> <Opcode : 'read' 'write' 'readreq' 'writereq' 'writeresp'>

State 46 <SV = 45> <Delay = 2.43>
ST_46 : Operation 146 [27/71] (2.43ns)   --->   "%empty = readreq i1 @_ssdm_op_ReadReq.m_axi.p1i512, i512 %gmem2_addr, i32 %zext_ln440_2" [source/int4_linear_controller.cpp:440->source/int4_linear_controller.cpp:873]   --->   Operation 146 'readreq' 'empty' <Predicate = (first_iter_0)> <Delay = 2.43> <CoreInst = "m_axi">   --->   Core 121 'm_axi' <Latency = 0> <II = 1> <Delay = 1.00> <Adapter> <Opcode : 'read' 'write' 'readreq' 'writereq' 'writeresp'>

State 47 <SV = 46> <Delay = 2.43>
ST_47 : Operation 147 [26/71] (2.43ns)   --->   "%empty = readreq i1 @_ssdm_op_ReadReq.m_axi.p1i512, i512 %gmem2_addr, i32 %zext_ln440_2" [source/int4_linear_controller.cpp:440->source/int4_linear_controller.cpp:873]   --->   Operation 147 'readreq' 'empty' <Predicate = (first_iter_0)> <Delay = 2.43> <CoreInst = "m_axi">   --->   Core 121 'm_axi' <Latency = 0> <II = 1> <Delay = 1.00> <Adapter> <Opcode : 'read' 'write' 'readreq' 'writereq' 'writeresp'>

State 48 <SV = 47> <Delay = 2.43>
ST_48 : Operation 148 [25/71] (2.43ns)   --->   "%empty = readreq i1 @_ssdm_op_ReadReq.m_axi.p1i512, i512 %gmem2_addr, i32 %zext_ln440_2" [source/int4_linear_controller.cpp:440->source/int4_linear_controller.cpp:873]   --->   Operation 148 'readreq' 'empty' <Predicate = (first_iter_0)> <Delay = 2.43> <CoreInst = "m_axi">   --->   Core 121 'm_axi' <Latency = 0> <II = 1> <Delay = 1.00> <Adapter> <Opcode : 'read' 'write' 'readreq' 'writereq' 'writeresp'>

State 49 <SV = 48> <Delay = 2.43>
ST_49 : Operation 149 [24/71] (2.43ns)   --->   "%empty = readreq i1 @_ssdm_op_ReadReq.m_axi.p1i512, i512 %gmem2_addr, i32 %zext_ln440_2" [source/int4_linear_controller.cpp:440->source/int4_linear_controller.cpp:873]   --->   Operation 149 'readreq' 'empty' <Predicate = (first_iter_0)> <Delay = 2.43> <CoreInst = "m_axi">   --->   Core 121 'm_axi' <Latency = 0> <II = 1> <Delay = 1.00> <Adapter> <Opcode : 'read' 'write' 'readreq' 'writereq' 'writeresp'>

State 50 <SV = 49> <Delay = 2.43>
ST_50 : Operation 150 [23/71] (2.43ns)   --->   "%empty = readreq i1 @_ssdm_op_ReadReq.m_axi.p1i512, i512 %gmem2_addr, i32 %zext_ln440_2" [source/int4_linear_controller.cpp:440->source/int4_linear_controller.cpp:873]   --->   Operation 150 'readreq' 'empty' <Predicate = (first_iter_0)> <Delay = 2.43> <CoreInst = "m_axi">   --->   Core 121 'm_axi' <Latency = 0> <II = 1> <Delay = 1.00> <Adapter> <Opcode : 'read' 'write' 'readreq' 'writereq' 'writeresp'>

State 51 <SV = 50> <Delay = 2.43>
ST_51 : Operation 151 [22/71] (2.43ns)   --->   "%empty = readreq i1 @_ssdm_op_ReadReq.m_axi.p1i512, i512 %gmem2_addr, i32 %zext_ln440_2" [source/int4_linear_controller.cpp:440->source/int4_linear_controller.cpp:873]   --->   Operation 151 'readreq' 'empty' <Predicate = (first_iter_0)> <Delay = 2.43> <CoreInst = "m_axi">   --->   Core 121 'm_axi' <Latency = 0> <II = 1> <Delay = 1.00> <Adapter> <Opcode : 'read' 'write' 'readreq' 'writereq' 'writeresp'>

State 52 <SV = 51> <Delay = 2.43>
ST_52 : Operation 152 [21/71] (2.43ns)   --->   "%empty = readreq i1 @_ssdm_op_ReadReq.m_axi.p1i512, i512 %gmem2_addr, i32 %zext_ln440_2" [source/int4_linear_controller.cpp:440->source/int4_linear_controller.cpp:873]   --->   Operation 152 'readreq' 'empty' <Predicate = (first_iter_0)> <Delay = 2.43> <CoreInst = "m_axi">   --->   Core 121 'm_axi' <Latency = 0> <II = 1> <Delay = 1.00> <Adapter> <Opcode : 'read' 'write' 'readreq' 'writereq' 'writeresp'>

State 53 <SV = 52> <Delay = 2.43>
ST_53 : Operation 153 [20/71] (2.43ns)   --->   "%empty = readreq i1 @_ssdm_op_ReadReq.m_axi.p1i512, i512 %gmem2_addr, i32 %zext_ln440_2" [source/int4_linear_controller.cpp:440->source/int4_linear_controller.cpp:873]   --->   Operation 153 'readreq' 'empty' <Predicate = (first_iter_0)> <Delay = 2.43> <CoreInst = "m_axi">   --->   Core 121 'm_axi' <Latency = 0> <II = 1> <Delay = 1.00> <Adapter> <Opcode : 'read' 'write' 'readreq' 'writereq' 'writeresp'>

State 54 <SV = 53> <Delay = 2.43>
ST_54 : Operation 154 [19/71] (2.43ns)   --->   "%empty = readreq i1 @_ssdm_op_ReadReq.m_axi.p1i512, i512 %gmem2_addr, i32 %zext_ln440_2" [source/int4_linear_controller.cpp:440->source/int4_linear_controller.cpp:873]   --->   Operation 154 'readreq' 'empty' <Predicate = (first_iter_0)> <Delay = 2.43> <CoreInst = "m_axi">   --->   Core 121 'm_axi' <Latency = 0> <II = 1> <Delay = 1.00> <Adapter> <Opcode : 'read' 'write' 'readreq' 'writereq' 'writeresp'>

State 55 <SV = 54> <Delay = 2.43>
ST_55 : Operation 155 [18/71] (2.43ns)   --->   "%empty = readreq i1 @_ssdm_op_ReadReq.m_axi.p1i512, i512 %gmem2_addr, i32 %zext_ln440_2" [source/int4_linear_controller.cpp:440->source/int4_linear_controller.cpp:873]   --->   Operation 155 'readreq' 'empty' <Predicate = (first_iter_0)> <Delay = 2.43> <CoreInst = "m_axi">   --->   Core 121 'm_axi' <Latency = 0> <II = 1> <Delay = 1.00> <Adapter> <Opcode : 'read' 'write' 'readreq' 'writereq' 'writeresp'>

State 56 <SV = 55> <Delay = 2.43>
ST_56 : Operation 156 [17/71] (2.43ns)   --->   "%empty = readreq i1 @_ssdm_op_ReadReq.m_axi.p1i512, i512 %gmem2_addr, i32 %zext_ln440_2" [source/int4_linear_controller.cpp:440->source/int4_linear_controller.cpp:873]   --->   Operation 156 'readreq' 'empty' <Predicate = (first_iter_0)> <Delay = 2.43> <CoreInst = "m_axi">   --->   Core 121 'm_axi' <Latency = 0> <II = 1> <Delay = 1.00> <Adapter> <Opcode : 'read' 'write' 'readreq' 'writereq' 'writeresp'>

State 57 <SV = 56> <Delay = 2.43>
ST_57 : Operation 157 [16/71] (2.43ns)   --->   "%empty = readreq i1 @_ssdm_op_ReadReq.m_axi.p1i512, i512 %gmem2_addr, i32 %zext_ln440_2" [source/int4_linear_controller.cpp:440->source/int4_linear_controller.cpp:873]   --->   Operation 157 'readreq' 'empty' <Predicate = (first_iter_0)> <Delay = 2.43> <CoreInst = "m_axi">   --->   Core 121 'm_axi' <Latency = 0> <II = 1> <Delay = 1.00> <Adapter> <Opcode : 'read' 'write' 'readreq' 'writereq' 'writeresp'>

State 58 <SV = 57> <Delay = 2.43>
ST_58 : Operation 158 [15/71] (2.43ns)   --->   "%empty = readreq i1 @_ssdm_op_ReadReq.m_axi.p1i512, i512 %gmem2_addr, i32 %zext_ln440_2" [source/int4_linear_controller.cpp:440->source/int4_linear_controller.cpp:873]   --->   Operation 158 'readreq' 'empty' <Predicate = (first_iter_0)> <Delay = 2.43> <CoreInst = "m_axi">   --->   Core 121 'm_axi' <Latency = 0> <II = 1> <Delay = 1.00> <Adapter> <Opcode : 'read' 'write' 'readreq' 'writereq' 'writeresp'>

State 59 <SV = 58> <Delay = 2.43>
ST_59 : Operation 159 [14/71] (2.43ns)   --->   "%empty = readreq i1 @_ssdm_op_ReadReq.m_axi.p1i512, i512 %gmem2_addr, i32 %zext_ln440_2" [source/int4_linear_controller.cpp:440->source/int4_linear_controller.cpp:873]   --->   Operation 159 'readreq' 'empty' <Predicate = (first_iter_0)> <Delay = 2.43> <CoreInst = "m_axi">   --->   Core 121 'm_axi' <Latency = 0> <II = 1> <Delay = 1.00> <Adapter> <Opcode : 'read' 'write' 'readreq' 'writereq' 'writeresp'>

State 60 <SV = 59> <Delay = 2.43>
ST_60 : Operation 160 [13/71] (2.43ns)   --->   "%empty = readreq i1 @_ssdm_op_ReadReq.m_axi.p1i512, i512 %gmem2_addr, i32 %zext_ln440_2" [source/int4_linear_controller.cpp:440->source/int4_linear_controller.cpp:873]   --->   Operation 160 'readreq' 'empty' <Predicate = (first_iter_0)> <Delay = 2.43> <CoreInst = "m_axi">   --->   Core 121 'm_axi' <Latency = 0> <II = 1> <Delay = 1.00> <Adapter> <Opcode : 'read' 'write' 'readreq' 'writereq' 'writeresp'>

State 61 <SV = 60> <Delay = 2.43>
ST_61 : Operation 161 [12/71] (2.43ns)   --->   "%empty = readreq i1 @_ssdm_op_ReadReq.m_axi.p1i512, i512 %gmem2_addr, i32 %zext_ln440_2" [source/int4_linear_controller.cpp:440->source/int4_linear_controller.cpp:873]   --->   Operation 161 'readreq' 'empty' <Predicate = (first_iter_0)> <Delay = 2.43> <CoreInst = "m_axi">   --->   Core 121 'm_axi' <Latency = 0> <II = 1> <Delay = 1.00> <Adapter> <Opcode : 'read' 'write' 'readreq' 'writereq' 'writeresp'>

State 62 <SV = 61> <Delay = 2.43>
ST_62 : Operation 162 [11/71] (2.43ns)   --->   "%empty = readreq i1 @_ssdm_op_ReadReq.m_axi.p1i512, i512 %gmem2_addr, i32 %zext_ln440_2" [source/int4_linear_controller.cpp:440->source/int4_linear_controller.cpp:873]   --->   Operation 162 'readreq' 'empty' <Predicate = (first_iter_0)> <Delay = 2.43> <CoreInst = "m_axi">   --->   Core 121 'm_axi' <Latency = 0> <II = 1> <Delay = 1.00> <Adapter> <Opcode : 'read' 'write' 'readreq' 'writereq' 'writeresp'>

State 63 <SV = 62> <Delay = 2.43>
ST_63 : Operation 163 [10/71] (2.43ns)   --->   "%empty = readreq i1 @_ssdm_op_ReadReq.m_axi.p1i512, i512 %gmem2_addr, i32 %zext_ln440_2" [source/int4_linear_controller.cpp:440->source/int4_linear_controller.cpp:873]   --->   Operation 163 'readreq' 'empty' <Predicate = (first_iter_0)> <Delay = 2.43> <CoreInst = "m_axi">   --->   Core 121 'm_axi' <Latency = 0> <II = 1> <Delay = 1.00> <Adapter> <Opcode : 'read' 'write' 'readreq' 'writereq' 'writeresp'>

State 64 <SV = 63> <Delay = 2.43>
ST_64 : Operation 164 [9/71] (2.43ns)   --->   "%empty = readreq i1 @_ssdm_op_ReadReq.m_axi.p1i512, i512 %gmem2_addr, i32 %zext_ln440_2" [source/int4_linear_controller.cpp:440->source/int4_linear_controller.cpp:873]   --->   Operation 164 'readreq' 'empty' <Predicate = (first_iter_0)> <Delay = 2.43> <CoreInst = "m_axi">   --->   Core 121 'm_axi' <Latency = 0> <II = 1> <Delay = 1.00> <Adapter> <Opcode : 'read' 'write' 'readreq' 'writereq' 'writeresp'>

State 65 <SV = 64> <Delay = 2.43>
ST_65 : Operation 165 [8/71] (2.43ns)   --->   "%empty = readreq i1 @_ssdm_op_ReadReq.m_axi.p1i512, i512 %gmem2_addr, i32 %zext_ln440_2" [source/int4_linear_controller.cpp:440->source/int4_linear_controller.cpp:873]   --->   Operation 165 'readreq' 'empty' <Predicate = (first_iter_0)> <Delay = 2.43> <CoreInst = "m_axi">   --->   Core 121 'm_axi' <Latency = 0> <II = 1> <Delay = 1.00> <Adapter> <Opcode : 'read' 'write' 'readreq' 'writereq' 'writeresp'>

State 66 <SV = 65> <Delay = 2.43>
ST_66 : Operation 166 [7/71] (2.43ns)   --->   "%empty = readreq i1 @_ssdm_op_ReadReq.m_axi.p1i512, i512 %gmem2_addr, i32 %zext_ln440_2" [source/int4_linear_controller.cpp:440->source/int4_linear_controller.cpp:873]   --->   Operation 166 'readreq' 'empty' <Predicate = (first_iter_0)> <Delay = 2.43> <CoreInst = "m_axi">   --->   Core 121 'm_axi' <Latency = 0> <II = 1> <Delay = 1.00> <Adapter> <Opcode : 'read' 'write' 'readreq' 'writereq' 'writeresp'>

State 67 <SV = 66> <Delay = 2.43>
ST_67 : Operation 167 [6/71] (2.43ns)   --->   "%empty = readreq i1 @_ssdm_op_ReadReq.m_axi.p1i512, i512 %gmem2_addr, i32 %zext_ln440_2" [source/int4_linear_controller.cpp:440->source/int4_linear_controller.cpp:873]   --->   Operation 167 'readreq' 'empty' <Predicate = (first_iter_0)> <Delay = 2.43> <CoreInst = "m_axi">   --->   Core 121 'm_axi' <Latency = 0> <II = 1> <Delay = 1.00> <Adapter> <Opcode : 'read' 'write' 'readreq' 'writereq' 'writeresp'>

State 68 <SV = 67> <Delay = 2.43>
ST_68 : Operation 168 [5/71] (2.43ns)   --->   "%empty = readreq i1 @_ssdm_op_ReadReq.m_axi.p1i512, i512 %gmem2_addr, i32 %zext_ln440_2" [source/int4_linear_controller.cpp:440->source/int4_linear_controller.cpp:873]   --->   Operation 168 'readreq' 'empty' <Predicate = (first_iter_0)> <Delay = 2.43> <CoreInst = "m_axi">   --->   Core 121 'm_axi' <Latency = 0> <II = 1> <Delay = 1.00> <Adapter> <Opcode : 'read' 'write' 'readreq' 'writereq' 'writeresp'>

State 69 <SV = 68> <Delay = 2.43>
ST_69 : Operation 169 [4/71] (2.43ns)   --->   "%empty = readreq i1 @_ssdm_op_ReadReq.m_axi.p1i512, i512 %gmem2_addr, i32 %zext_ln440_2" [source/int4_linear_controller.cpp:440->source/int4_linear_controller.cpp:873]   --->   Operation 169 'readreq' 'empty' <Predicate = (first_iter_0)> <Delay = 2.43> <CoreInst = "m_axi">   --->   Core 121 'm_axi' <Latency = 0> <II = 1> <Delay = 1.00> <Adapter> <Opcode : 'read' 'write' 'readreq' 'writereq' 'writeresp'>

State 70 <SV = 69> <Delay = 2.43>
ST_70 : Operation 170 [3/71] (2.43ns)   --->   "%empty = readreq i1 @_ssdm_op_ReadReq.m_axi.p1i512, i512 %gmem2_addr, i32 %zext_ln440_2" [source/int4_linear_controller.cpp:440->source/int4_linear_controller.cpp:873]   --->   Operation 170 'readreq' 'empty' <Predicate = (first_iter_0)> <Delay = 2.43> <CoreInst = "m_axi">   --->   Core 121 'm_axi' <Latency = 0> <II = 1> <Delay = 1.00> <Adapter> <Opcode : 'read' 'write' 'readreq' 'writereq' 'writeresp'>

State 71 <SV = 70> <Delay = 2.43>
ST_71 : Operation 171 [2/71] (2.43ns)   --->   "%empty = readreq i1 @_ssdm_op_ReadReq.m_axi.p1i512, i512 %gmem2_addr, i32 %zext_ln440_2" [source/int4_linear_controller.cpp:440->source/int4_linear_controller.cpp:873]   --->   Operation 171 'readreq' 'empty' <Predicate = (first_iter_0)> <Delay = 2.43> <CoreInst = "m_axi">   --->   Core 121 'm_axi' <Latency = 0> <II = 1> <Delay = 1.00> <Adapter> <Opcode : 'read' 'write' 'readreq' 'writereq' 'writeresp'>

State 72 <SV = 71> <Delay = 2.43>
ST_72 : Operation 172 [1/71] (2.43ns)   --->   "%empty = readreq i1 @_ssdm_op_ReadReq.m_axi.p1i512, i512 %gmem2_addr, i32 %zext_ln440_2" [source/int4_linear_controller.cpp:440->source/int4_linear_controller.cpp:873]   --->   Operation 172 'readreq' 'empty' <Predicate = (first_iter_0)> <Delay = 2.43> <CoreInst = "m_axi">   --->   Core 121 'm_axi' <Latency = 0> <II = 1> <Delay = 1.00> <Adapter> <Opcode : 'read' 'write' 'readreq' 'writereq' 'writeresp'>
ST_72 : Operation 173 [1/1] (0.00ns)   --->   "%br_ln440 = br void %for.inc.split.i" [source/int4_linear_controller.cpp:440->source/int4_linear_controller.cpp:873]   --->   Operation 173 'br' 'br_ln440' <Predicate = (first_iter_0)> <Delay = 0.00>

State 73 <SV = 72> <Delay = 2.43>
ST_73 : Operation 174 [1/1] (2.43ns)   --->   "%gmem2_addr_read = read i512 @_ssdm_op_Read.m_axi.p1i512, i512 %gmem2_addr" [source/int4_linear_controller.cpp:443->source/int4_linear_controller.cpp:873]   --->   Operation 174 'read' 'gmem2_addr_read' <Predicate = (!icmp_ln440)> <Delay = 2.43> <CoreInst = "m_axi">   --->   Core 121 'm_axi' <Latency = 0> <II = 1> <Delay = 1.00> <Adapter> <Opcode : 'read' 'write' 'readreq' 'writereq' 'writeresp'>
ST_73 : Operation 179 [1/1] (0.00ns)   --->   "%ret_ln873 = ret" [source/int4_linear_controller.cpp:873]   --->   Operation 179 'ret' 'ret_ln873' <Predicate = (icmp_ln440)> <Delay = 0.00>

State 74 <SV = 73> <Delay = 1.21>
ST_74 : Operation 175 [1/1] (0.00ns)   --->   "%specpipeline_ln441 = specpipeline void @_ssdm_op_SpecPipeline, i32 1, i32 0, i32 0, i32 0, void @empty_418" [source/int4_linear_controller.cpp:441->source/int4_linear_controller.cpp:873]   --->   Operation 175 'specpipeline' 'specpipeline_ln441' <Predicate = (!icmp_ln440)> <Delay = 0.00>
ST_74 : Operation 176 [1/1] (0.00ns)   --->   "%speclooptripcount_ln442 = speclooptripcount void @_ssdm_op_SpecLoopTripCount, i64 32768, i64 258048, i64 145408" [source/int4_linear_controller.cpp:442->source/int4_linear_controller.cpp:873]   --->   Operation 176 'speclooptripcount' 'speclooptripcount_ln442' <Predicate = (!icmp_ln440)> <Delay = 0.00>
ST_74 : Operation 177 [1/1] (0.00ns)   --->   "%specloopname_ln440 = specloopname void @_ssdm_op_SpecLoopName, void @empty_490" [source/int4_linear_controller.cpp:440->source/int4_linear_controller.cpp:873]   --->   Operation 177 'specloopname' 'specloopname_ln440' <Predicate = (!icmp_ln440)> <Delay = 0.00>
ST_74 : Operation 178 [1/1] (1.21ns)   --->   "%write_ln443 = write void @_ssdm_op_Write.ap_fifo.volatile.i512P0A, i512 %weight_stream, i512 %gmem2_addr_read" [source/int4_linear_controller.cpp:443->source/int4_linear_controller.cpp:873]   --->   Operation 178 'write' 'write_ln443' <Predicate = (!icmp_ln440)> <Delay = 1.21> <CoreInst = "FIFO_URAM">   --->   Core 82 'FIFO_URAM' <Latency = 0> <II = 1> <Delay = 2.39> <Storage> <Opcode : 'read' 'write' 'nbread' 'nbwrite'> <Ports = 0> <Width = 512> <Depth = 16384> <FIFO>


============================================================
+ Verbose Summary: Timing violations
============================================================
Target clock period: 3.333ns, clock uncertainty: 0.900ns.

 <State 1>: 1.583ns
The critical path consists of the following:
	'store' operation 0 bit ('store_ln440', source/int4_linear_controller.cpp:440->source/int4_linear_controller.cpp:873) of constant 0 on local variable 'word', source/int4_linear_controller.cpp:440->source/int4_linear_controller.cpp:873 [15]  (0.387 ns)
	'load' operation 20 bit ('word', source/int4_linear_controller.cpp:440->source/int4_linear_controller.cpp:873) on local variable 'word', source/int4_linear_controller.cpp:440->source/int4_linear_controller.cpp:873 [19]  (0.000 ns)
	'add' operation 20 bit ('add_ln440_2', source/int4_linear_controller.cpp:440->source/int4_linear_controller.cpp:873) [21]  (0.809 ns)
	'store' operation 0 bit ('store_ln440', source/int4_linear_controller.cpp:440->source/int4_linear_controller.cpp:873) of variable 'add_ln440_2', source/int4_linear_controller.cpp:440->source/int4_linear_controller.cpp:873 on local variable 'word', source/int4_linear_controller.cpp:440->source/int4_linear_controller.cpp:873 [40]  (0.387 ns)

 <State 2>: 2.433ns
The critical path consists of the following:
	'getelementptr' operation 512 bit ('gmem2_addr', source/int4_linear_controller.cpp:440->source/int4_linear_controller.cpp:873) [29]  (0.000 ns)
	bus request operation ('empty', source/int4_linear_controller.cpp:440->source/int4_linear_controller.cpp:873) on port 'gmem2' (source/int4_linear_controller.cpp:440->source/int4_linear_controller.cpp:873) [32]  (2.433 ns)

 <State 3>: 2.433ns
The critical path consists of the following:
	bus request operation ('empty', source/int4_linear_controller.cpp:440->source/int4_linear_controller.cpp:873) on port 'gmem2' (source/int4_linear_controller.cpp:440->source/int4_linear_controller.cpp:873) [32]  (2.433 ns)

 <State 4>: 2.433ns
The critical path consists of the following:
	bus request operation ('empty', source/int4_linear_controller.cpp:440->source/int4_linear_controller.cpp:873) on port 'gmem2' (source/int4_linear_controller.cpp:440->source/int4_linear_controller.cpp:873) [32]  (2.433 ns)

 <State 5>: 2.433ns
The critical path consists of the following:
	bus request operation ('empty', source/int4_linear_controller.cpp:440->source/int4_linear_controller.cpp:873) on port 'gmem2' (source/int4_linear_controller.cpp:440->source/int4_linear_controller.cpp:873) [32]  (2.433 ns)

 <State 6>: 2.433ns
The critical path consists of the following:
	bus request operation ('empty', source/int4_linear_controller.cpp:440->source/int4_linear_controller.cpp:873) on port 'gmem2' (source/int4_linear_controller.cpp:440->source/int4_linear_controller.cpp:873) [32]  (2.433 ns)

 <State 7>: 2.433ns
The critical path consists of the following:
	bus request operation ('empty', source/int4_linear_controller.cpp:440->source/int4_linear_controller.cpp:873) on port 'gmem2' (source/int4_linear_controller.cpp:440->source/int4_linear_controller.cpp:873) [32]  (2.433 ns)

 <State 8>: 2.433ns
The critical path consists of the following:
	bus request operation ('empty', source/int4_linear_controller.cpp:440->source/int4_linear_controller.cpp:873) on port 'gmem2' (source/int4_linear_controller.cpp:440->source/int4_linear_controller.cpp:873) [32]  (2.433 ns)

 <State 9>: 2.433ns
The critical path consists of the following:
	bus request operation ('empty', source/int4_linear_controller.cpp:440->source/int4_linear_controller.cpp:873) on port 'gmem2' (source/int4_linear_controller.cpp:440->source/int4_linear_controller.cpp:873) [32]  (2.433 ns)

 <State 10>: 2.433ns
The critical path consists of the following:
	bus request operation ('empty', source/int4_linear_controller.cpp:440->source/int4_linear_controller.cpp:873) on port 'gmem2' (source/int4_linear_controller.cpp:440->source/int4_linear_controller.cpp:873) [32]  (2.433 ns)

 <State 11>: 2.433ns
The critical path consists of the following:
	bus request operation ('empty', source/int4_linear_controller.cpp:440->source/int4_linear_controller.cpp:873) on port 'gmem2' (source/int4_linear_controller.cpp:440->source/int4_linear_controller.cpp:873) [32]  (2.433 ns)

 <State 12>: 2.433ns
The critical path consists of the following:
	bus request operation ('empty', source/int4_linear_controller.cpp:440->source/int4_linear_controller.cpp:873) on port 'gmem2' (source/int4_linear_controller.cpp:440->source/int4_linear_controller.cpp:873) [32]  (2.433 ns)

 <State 13>: 2.433ns
The critical path consists of the following:
	bus request operation ('empty', source/int4_linear_controller.cpp:440->source/int4_linear_controller.cpp:873) on port 'gmem2' (source/int4_linear_controller.cpp:440->source/int4_linear_controller.cpp:873) [32]  (2.433 ns)

 <State 14>: 2.433ns
The critical path consists of the following:
	bus request operation ('empty', source/int4_linear_controller.cpp:440->source/int4_linear_controller.cpp:873) on port 'gmem2' (source/int4_linear_controller.cpp:440->source/int4_linear_controller.cpp:873) [32]  (2.433 ns)

 <State 15>: 2.433ns
The critical path consists of the following:
	bus request operation ('empty', source/int4_linear_controller.cpp:440->source/int4_linear_controller.cpp:873) on port 'gmem2' (source/int4_linear_controller.cpp:440->source/int4_linear_controller.cpp:873) [32]  (2.433 ns)

 <State 16>: 2.433ns
The critical path consists of the following:
	bus request operation ('empty', source/int4_linear_controller.cpp:440->source/int4_linear_controller.cpp:873) on port 'gmem2' (source/int4_linear_controller.cpp:440->source/int4_linear_controller.cpp:873) [32]  (2.433 ns)

 <State 17>: 2.433ns
The critical path consists of the following:
	bus request operation ('empty', source/int4_linear_controller.cpp:440->source/int4_linear_controller.cpp:873) on port 'gmem2' (source/int4_linear_controller.cpp:440->source/int4_linear_controller.cpp:873) [32]  (2.433 ns)

 <State 18>: 2.433ns
The critical path consists of the following:
	bus request operation ('empty', source/int4_linear_controller.cpp:440->source/int4_linear_controller.cpp:873) on port 'gmem2' (source/int4_linear_controller.cpp:440->source/int4_linear_controller.cpp:873) [32]  (2.433 ns)

 <State 19>: 2.433ns
The critical path consists of the following:
	bus request operation ('empty', source/int4_linear_controller.cpp:440->source/int4_linear_controller.cpp:873) on port 'gmem2' (source/int4_linear_controller.cpp:440->source/int4_linear_controller.cpp:873) [32]  (2.433 ns)

 <State 20>: 2.433ns
The critical path consists of the following:
	bus request operation ('empty', source/int4_linear_controller.cpp:440->source/int4_linear_controller.cpp:873) on port 'gmem2' (source/int4_linear_controller.cpp:440->source/int4_linear_controller.cpp:873) [32]  (2.433 ns)

 <State 21>: 2.433ns
The critical path consists of the following:
	bus request operation ('empty', source/int4_linear_controller.cpp:440->source/int4_linear_controller.cpp:873) on port 'gmem2' (source/int4_linear_controller.cpp:440->source/int4_linear_controller.cpp:873) [32]  (2.433 ns)

 <State 22>: 2.433ns
The critical path consists of the following:
	bus request operation ('empty', source/int4_linear_controller.cpp:440->source/int4_linear_controller.cpp:873) on port 'gmem2' (source/int4_linear_controller.cpp:440->source/int4_linear_controller.cpp:873) [32]  (2.433 ns)

 <State 23>: 2.433ns
The critical path consists of the following:
	bus request operation ('empty', source/int4_linear_controller.cpp:440->source/int4_linear_controller.cpp:873) on port 'gmem2' (source/int4_linear_controller.cpp:440->source/int4_linear_controller.cpp:873) [32]  (2.433 ns)

 <State 24>: 2.433ns
The critical path consists of the following:
	bus request operation ('empty', source/int4_linear_controller.cpp:440->source/int4_linear_controller.cpp:873) on port 'gmem2' (source/int4_linear_controller.cpp:440->source/int4_linear_controller.cpp:873) [32]  (2.433 ns)

 <State 25>: 2.433ns
The critical path consists of the following:
	bus request operation ('empty', source/int4_linear_controller.cpp:440->source/int4_linear_controller.cpp:873) on port 'gmem2' (source/int4_linear_controller.cpp:440->source/int4_linear_controller.cpp:873) [32]  (2.433 ns)

 <State 26>: 2.433ns
The critical path consists of the following:
	bus request operation ('empty', source/int4_linear_controller.cpp:440->source/int4_linear_controller.cpp:873) on port 'gmem2' (source/int4_linear_controller.cpp:440->source/int4_linear_controller.cpp:873) [32]  (2.433 ns)

 <State 27>: 2.433ns
The critical path consists of the following:
	bus request operation ('empty', source/int4_linear_controller.cpp:440->source/int4_linear_controller.cpp:873) on port 'gmem2' (source/int4_linear_controller.cpp:440->source/int4_linear_controller.cpp:873) [32]  (2.433 ns)

 <State 28>: 2.433ns
The critical path consists of the following:
	bus request operation ('empty', source/int4_linear_controller.cpp:440->source/int4_linear_controller.cpp:873) on port 'gmem2' (source/int4_linear_controller.cpp:440->source/int4_linear_controller.cpp:873) [32]  (2.433 ns)

 <State 29>: 2.433ns
The critical path consists of the following:
	bus request operation ('empty', source/int4_linear_controller.cpp:440->source/int4_linear_controller.cpp:873) on port 'gmem2' (source/int4_linear_controller.cpp:440->source/int4_linear_controller.cpp:873) [32]  (2.433 ns)

 <State 30>: 2.433ns
The critical path consists of the following:
	bus request operation ('empty', source/int4_linear_controller.cpp:440->source/int4_linear_controller.cpp:873) on port 'gmem2' (source/int4_linear_controller.cpp:440->source/int4_linear_controller.cpp:873) [32]  (2.433 ns)

 <State 31>: 2.433ns
The critical path consists of the following:
	bus request operation ('empty', source/int4_linear_controller.cpp:440->source/int4_linear_controller.cpp:873) on port 'gmem2' (source/int4_linear_controller.cpp:440->source/int4_linear_controller.cpp:873) [32]  (2.433 ns)

 <State 32>: 2.433ns
The critical path consists of the following:
	bus request operation ('empty', source/int4_linear_controller.cpp:440->source/int4_linear_controller.cpp:873) on port 'gmem2' (source/int4_linear_controller.cpp:440->source/int4_linear_controller.cpp:873) [32]  (2.433 ns)

 <State 33>: 2.433ns
The critical path consists of the following:
	bus request operation ('empty', source/int4_linear_controller.cpp:440->source/int4_linear_controller.cpp:873) on port 'gmem2' (source/int4_linear_controller.cpp:440->source/int4_linear_controller.cpp:873) [32]  (2.433 ns)

 <State 34>: 2.433ns
The critical path consists of the following:
	bus request operation ('empty', source/int4_linear_controller.cpp:440->source/int4_linear_controller.cpp:873) on port 'gmem2' (source/int4_linear_controller.cpp:440->source/int4_linear_controller.cpp:873) [32]  (2.433 ns)

 <State 35>: 2.433ns
The critical path consists of the following:
	bus request operation ('empty', source/int4_linear_controller.cpp:440->source/int4_linear_controller.cpp:873) on port 'gmem2' (source/int4_linear_controller.cpp:440->source/int4_linear_controller.cpp:873) [32]  (2.433 ns)

 <State 36>: 2.433ns
The critical path consists of the following:
	bus request operation ('empty', source/int4_linear_controller.cpp:440->source/int4_linear_controller.cpp:873) on port 'gmem2' (source/int4_linear_controller.cpp:440->source/int4_linear_controller.cpp:873) [32]  (2.433 ns)

 <State 37>: 2.433ns
The critical path consists of the following:
	bus request operation ('empty', source/int4_linear_controller.cpp:440->source/int4_linear_controller.cpp:873) on port 'gmem2' (source/int4_linear_controller.cpp:440->source/int4_linear_controller.cpp:873) [32]  (2.433 ns)

 <State 38>: 2.433ns
The critical path consists of the following:
	bus request operation ('empty', source/int4_linear_controller.cpp:440->source/int4_linear_controller.cpp:873) on port 'gmem2' (source/int4_linear_controller.cpp:440->source/int4_linear_controller.cpp:873) [32]  (2.433 ns)

 <State 39>: 2.433ns
The critical path consists of the following:
	bus request operation ('empty', source/int4_linear_controller.cpp:440->source/int4_linear_controller.cpp:873) on port 'gmem2' (source/int4_linear_controller.cpp:440->source/int4_linear_controller.cpp:873) [32]  (2.433 ns)

 <State 40>: 2.433ns
The critical path consists of the following:
	bus request operation ('empty', source/int4_linear_controller.cpp:440->source/int4_linear_controller.cpp:873) on port 'gmem2' (source/int4_linear_controller.cpp:440->source/int4_linear_controller.cpp:873) [32]  (2.433 ns)

 <State 41>: 2.433ns
The critical path consists of the following:
	bus request operation ('empty', source/int4_linear_controller.cpp:440->source/int4_linear_controller.cpp:873) on port 'gmem2' (source/int4_linear_controller.cpp:440->source/int4_linear_controller.cpp:873) [32]  (2.433 ns)

 <State 42>: 2.433ns
The critical path consists of the following:
	bus request operation ('empty', source/int4_linear_controller.cpp:440->source/int4_linear_controller.cpp:873) on port 'gmem2' (source/int4_linear_controller.cpp:440->source/int4_linear_controller.cpp:873) [32]  (2.433 ns)

 <State 43>: 2.433ns
The critical path consists of the following:
	bus request operation ('empty', source/int4_linear_controller.cpp:440->source/int4_linear_controller.cpp:873) on port 'gmem2' (source/int4_linear_controller.cpp:440->source/int4_linear_controller.cpp:873) [32]  (2.433 ns)

 <State 44>: 2.433ns
The critical path consists of the following:
	bus request operation ('empty', source/int4_linear_controller.cpp:440->source/int4_linear_controller.cpp:873) on port 'gmem2' (source/int4_linear_controller.cpp:440->source/int4_linear_controller.cpp:873) [32]  (2.433 ns)

 <State 45>: 2.433ns
The critical path consists of the following:
	bus request operation ('empty', source/int4_linear_controller.cpp:440->source/int4_linear_controller.cpp:873) on port 'gmem2' (source/int4_linear_controller.cpp:440->source/int4_linear_controller.cpp:873) [32]  (2.433 ns)

 <State 46>: 2.433ns
The critical path consists of the following:
	bus request operation ('empty', source/int4_linear_controller.cpp:440->source/int4_linear_controller.cpp:873) on port 'gmem2' (source/int4_linear_controller.cpp:440->source/int4_linear_controller.cpp:873) [32]  (2.433 ns)

 <State 47>: 2.433ns
The critical path consists of the following:
	bus request operation ('empty', source/int4_linear_controller.cpp:440->source/int4_linear_controller.cpp:873) on port 'gmem2' (source/int4_linear_controller.cpp:440->source/int4_linear_controller.cpp:873) [32]  (2.433 ns)

 <State 48>: 2.433ns
The critical path consists of the following:
	bus request operation ('empty', source/int4_linear_controller.cpp:440->source/int4_linear_controller.cpp:873) on port 'gmem2' (source/int4_linear_controller.cpp:440->source/int4_linear_controller.cpp:873) [32]  (2.433 ns)

 <State 49>: 2.433ns
The critical path consists of the following:
	bus request operation ('empty', source/int4_linear_controller.cpp:440->source/int4_linear_controller.cpp:873) on port 'gmem2' (source/int4_linear_controller.cpp:440->source/int4_linear_controller.cpp:873) [32]  (2.433 ns)

 <State 50>: 2.433ns
The critical path consists of the following:
	bus request operation ('empty', source/int4_linear_controller.cpp:440->source/int4_linear_controller.cpp:873) on port 'gmem2' (source/int4_linear_controller.cpp:440->source/int4_linear_controller.cpp:873) [32]  (2.433 ns)

 <State 51>: 2.433ns
The critical path consists of the following:
	bus request operation ('empty', source/int4_linear_controller.cpp:440->source/int4_linear_controller.cpp:873) on port 'gmem2' (source/int4_linear_controller.cpp:440->source/int4_linear_controller.cpp:873) [32]  (2.433 ns)

 <State 52>: 2.433ns
The critical path consists of the following:
	bus request operation ('empty', source/int4_linear_controller.cpp:440->source/int4_linear_controller.cpp:873) on port 'gmem2' (source/int4_linear_controller.cpp:440->source/int4_linear_controller.cpp:873) [32]  (2.433 ns)

 <State 53>: 2.433ns
The critical path consists of the following:
	bus request operation ('empty', source/int4_linear_controller.cpp:440->source/int4_linear_controller.cpp:873) on port 'gmem2' (source/int4_linear_controller.cpp:440->source/int4_linear_controller.cpp:873) [32]  (2.433 ns)

 <State 54>: 2.433ns
The critical path consists of the following:
	bus request operation ('empty', source/int4_linear_controller.cpp:440->source/int4_linear_controller.cpp:873) on port 'gmem2' (source/int4_linear_controller.cpp:440->source/int4_linear_controller.cpp:873) [32]  (2.433 ns)

 <State 55>: 2.433ns
The critical path consists of the following:
	bus request operation ('empty', source/int4_linear_controller.cpp:440->source/int4_linear_controller.cpp:873) on port 'gmem2' (source/int4_linear_controller.cpp:440->source/int4_linear_controller.cpp:873) [32]  (2.433 ns)

 <State 56>: 2.433ns
The critical path consists of the following:
	bus request operation ('empty', source/int4_linear_controller.cpp:440->source/int4_linear_controller.cpp:873) on port 'gmem2' (source/int4_linear_controller.cpp:440->source/int4_linear_controller.cpp:873) [32]  (2.433 ns)

 <State 57>: 2.433ns
The critical path consists of the following:
	bus request operation ('empty', source/int4_linear_controller.cpp:440->source/int4_linear_controller.cpp:873) on port 'gmem2' (source/int4_linear_controller.cpp:440->source/int4_linear_controller.cpp:873) [32]  (2.433 ns)

 <State 58>: 2.433ns
The critical path consists of the following:
	bus request operation ('empty', source/int4_linear_controller.cpp:440->source/int4_linear_controller.cpp:873) on port 'gmem2' (source/int4_linear_controller.cpp:440->source/int4_linear_controller.cpp:873) [32]  (2.433 ns)

 <State 59>: 2.433ns
The critical path consists of the following:
	bus request operation ('empty', source/int4_linear_controller.cpp:440->source/int4_linear_controller.cpp:873) on port 'gmem2' (source/int4_linear_controller.cpp:440->source/int4_linear_controller.cpp:873) [32]  (2.433 ns)

 <State 60>: 2.433ns
The critical path consists of the following:
	bus request operation ('empty', source/int4_linear_controller.cpp:440->source/int4_linear_controller.cpp:873) on port 'gmem2' (source/int4_linear_controller.cpp:440->source/int4_linear_controller.cpp:873) [32]  (2.433 ns)

 <State 61>: 2.433ns
The critical path consists of the following:
	bus request operation ('empty', source/int4_linear_controller.cpp:440->source/int4_linear_controller.cpp:873) on port 'gmem2' (source/int4_linear_controller.cpp:440->source/int4_linear_controller.cpp:873) [32]  (2.433 ns)

 <State 62>: 2.433ns
The critical path consists of the following:
	bus request operation ('empty', source/int4_linear_controller.cpp:440->source/int4_linear_controller.cpp:873) on port 'gmem2' (source/int4_linear_controller.cpp:440->source/int4_linear_controller.cpp:873) [32]  (2.433 ns)

 <State 63>: 2.433ns
The critical path consists of the following:
	bus request operation ('empty', source/int4_linear_controller.cpp:440->source/int4_linear_controller.cpp:873) on port 'gmem2' (source/int4_linear_controller.cpp:440->source/int4_linear_controller.cpp:873) [32]  (2.433 ns)

 <State 64>: 2.433ns
The critical path consists of the following:
	bus request operation ('empty', source/int4_linear_controller.cpp:440->source/int4_linear_controller.cpp:873) on port 'gmem2' (source/int4_linear_controller.cpp:440->source/int4_linear_controller.cpp:873) [32]  (2.433 ns)

 <State 65>: 2.433ns
The critical path consists of the following:
	bus request operation ('empty', source/int4_linear_controller.cpp:440->source/int4_linear_controller.cpp:873) on port 'gmem2' (source/int4_linear_controller.cpp:440->source/int4_linear_controller.cpp:873) [32]  (2.433 ns)

 <State 66>: 2.433ns
The critical path consists of the following:
	bus request operation ('empty', source/int4_linear_controller.cpp:440->source/int4_linear_controller.cpp:873) on port 'gmem2' (source/int4_linear_controller.cpp:440->source/int4_linear_controller.cpp:873) [32]  (2.433 ns)

 <State 67>: 2.433ns
The critical path consists of the following:
	bus request operation ('empty', source/int4_linear_controller.cpp:440->source/int4_linear_controller.cpp:873) on port 'gmem2' (source/int4_linear_controller.cpp:440->source/int4_linear_controller.cpp:873) [32]  (2.433 ns)

 <State 68>: 2.433ns
The critical path consists of the following:
	bus request operation ('empty', source/int4_linear_controller.cpp:440->source/int4_linear_controller.cpp:873) on port 'gmem2' (source/int4_linear_controller.cpp:440->source/int4_linear_controller.cpp:873) [32]  (2.433 ns)

 <State 69>: 2.433ns
The critical path consists of the following:
	bus request operation ('empty', source/int4_linear_controller.cpp:440->source/int4_linear_controller.cpp:873) on port 'gmem2' (source/int4_linear_controller.cpp:440->source/int4_linear_controller.cpp:873) [32]  (2.433 ns)

 <State 70>: 2.433ns
The critical path consists of the following:
	bus request operation ('empty', source/int4_linear_controller.cpp:440->source/int4_linear_controller.cpp:873) on port 'gmem2' (source/int4_linear_controller.cpp:440->source/int4_linear_controller.cpp:873) [32]  (2.433 ns)

 <State 71>: 2.433ns
The critical path consists of the following:
	bus request operation ('empty', source/int4_linear_controller.cpp:440->source/int4_linear_controller.cpp:873) on port 'gmem2' (source/int4_linear_controller.cpp:440->source/int4_linear_controller.cpp:873) [32]  (2.433 ns)

 <State 72>: 2.433ns
The critical path consists of the following:
	bus request operation ('empty', source/int4_linear_controller.cpp:440->source/int4_linear_controller.cpp:873) on port 'gmem2' (source/int4_linear_controller.cpp:440->source/int4_linear_controller.cpp:873) [32]  (2.433 ns)

 <State 73>: 2.433ns
The critical path consists of the following:
	bus read operation ('gmem2_addr_read', source/int4_linear_controller.cpp:443->source/int4_linear_controller.cpp:873) on port 'gmem2' (source/int4_linear_controller.cpp:443->source/int4_linear_controller.cpp:873) [38]  (2.433 ns)

 <State 74>: 1.217ns
The critical path consists of the following:
	fifo write operation ('write_ln443', source/int4_linear_controller.cpp:443->source/int4_linear_controller.cpp:873) on port 'weight_stream' (source/int4_linear_controller.cpp:443->source/int4_linear_controller.cpp:873) [39]  (1.217 ns)


============================================================
+ Verbose Summary: Binding
============================================================
N/A
* FSMD analyzer results:
  - Output states:
 - Input state : 
  - Chain level:
	State 1
	State 2
	State 3
	State 4
	State 5
	State 6
	State 7
	State 8
	State 9
	State 10
	State 11
	State 12
	State 13
	State 14
	State 15
	State 16
	State 17
	State 18
	State 19
	State 20
	State 21
	State 22
	State 23
	State 24
	State 25
	State 26
	State 27
	State 28
	State 29
	State 30
	State 31
	State 32
	State 33
	State 34
	State 35
	State 36
	State 37
	State 38
	State 39
	State 40
	State 41
	State 42
	State 43
	State 44
	State 45
	State 46
	State 47
	State 48
	State 49
	State 50
	State 51
	State 52
	State 53
	State 54
	State 55
	State 56
	State 57
	State 58
	State 59
	State 60
	State 61
	State 62
	State 63
	State 64
	State 65
	State 66
	State 67
	State 68
	State 69
	State 70
	State 71
	State 72
	State 73
	State 74


============================================================
+ Verbose Summary: Datapath Resource usage 
============================================================
N/A
