

================================================================
== Vitis HLS Report for 'int4_run_pe_dataflow_0_Block_entry2_proc20'
================================================================
* Date:           Tue Aug 11 09:17:20 2026

* Version:        2023.2 (Build 4023990 on Oct 11 2023)
* Project:        proj_int4_decoder_xo
* Solution:       solution1 (Vitis Kernel Flow Target)
* Product family: virtexuplus
* Target device:  xcu250-figd2104-2L-e


================================================================
== Performance Estimates
================================================================
+ Timing: 
    * Summary: 
    +--------+---------+----------+------------+
    |  Clock |  Target | Estimated| Uncertainty|
    +--------+---------+----------+------------+
    |ap_clk  |  3.33 ns|  1.230 ns|     0.90 ns|
    +--------+---------+----------+------------+

+ Latency: 
    * Summary: 
    +---------+---------+----------+----------+-----+-----+---------+
    |  Latency (cycles) |  Latency (absolute) |  Interval | Pipeline|
    |   min   |   max   |    min   |    max   | min | max |   Type  |
    +---------+---------+----------+----------+-----+-----+---------+
    |        1|        1|  3.333 ns|  3.333 ns|    1|    1|       no|
    +---------+---------+----------+----------+-----+-----+---------+

    + Detail: 
        * Instance: 
        N/A

        * Loop: 
        N/A

============================================================
+ Verbose Summary: Synthesis Manager
============================================================
InlineROM: 1
ExposeGlobal: 0
============================================================
+ Verbose Summary: CDFG Model
============================================================
IsTopModel: 0
ResetActiveHigh: 1
IsCombinational: 2
IsDatapathOnly: 0
HasWiredReturn: 1
HasMFsm: 0
HasVarLatency: 1
IsPipeline: 0
IsRtlPipelined: 0
IsInstanceOverlapped: 0
IsDontTouch: 0
HasImplIP: 0
IsGatedGlobalClock: 0


============================================================
+ Verbose Summary: Schedule
============================================================
* Number of FSM states : 2
* Pipeline : 0
* Dataflow Pipeline: 0

* FSM state transitions: 
1 --> 2 
2 --> 

* FSM state operations: 

State 1 <SV = 0> <Delay = 1.21>
ST_1 : Operation 3 [1/1] (1.21ns)   --->   "%command = read i14 @_ssdm_op_Read.ap_fifo.volatile.i14P0A, i14 %linear_command_pe0" [source/int4_linear_controller.cpp:830]   --->   Operation 3 'read' 'command' <Predicate = true> <Delay = 1.21> <CoreInst = "FIFO_SRL">   --->   Core 81 'FIFO_SRL' <Latency = 0> <II = 1> <Delay = 1.34> <Storage> <Opcode : 'read' 'write' 'nbread' 'nbwrite'> <Ports = 0> <Width = 14> <Depth = 2> <FIFO>
ST_1 : Operation 4 [1/1] (0.00ns)   --->   "%local_tiles = trunc i14 %command" [source/int4_linear_controller.cpp:831]   --->   Operation 4 'trunc' 'local_tiles' <Predicate = true> <Delay = 0.00>
ST_1 : Operation 5 [1/1] (0.00ns)   --->   "%input_tiles = partselect i6 @_ssdm_op_PartSelect.i6.i14.i32.i32, i14 %command, i32 6, i32 11" [source/int4_linear_controller.cpp:832]   --->   Operation 5 'partselect' 'input_tiles' <Predicate = true> <Delay = 0.00>
ST_1 : Operation 6 [1/1] (0.00ns)   --->   "%output_fxp = bitselect i1 @_ssdm_op_BitSelect.i1.i14.i32, i14 %command, i32 12" [source/int4_linear_controller.cpp:833]   --->   Operation 6 'bitselect' 'output_fxp' <Predicate = true> <Delay = 0.00>
ST_1 : Operation 7 [1/1] (0.00ns)   --->   "%fuse_residual = bitselect i1 @_ssdm_op_BitSelect.i1.i14.i32, i14 %command, i32 13" [source/int4_linear_controller.cpp:834]   --->   Operation 7 'bitselect' 'fuse_residual' <Predicate = true> <Delay = 0.00>

State 2 <SV = 1> <Delay = 1.23>
ST_2 : Operation 8 [1/1] (0.00ns)   --->   "%specmemcore_ln0 = specmemcore void @_ssdm_op_SpecMemCore, i14 %linear_command_pe0, i64 666, i64 10, i64 18446744073709551615"   --->   Operation 8 'specmemcore' 'specmemcore_ln0' <Predicate = true> <Delay = 0.00>
ST_2 : Operation 9 [1/1] (0.00ns)   --->   "%specinterface_ln0 = specinterface void @_ssdm_op_SpecInterface, i14 %linear_command_pe0, void @empty_447, i32 0, i32 0, void @empty_418, i32 0, i32 0, void @empty_418, void @empty_418, void @empty_418, i32 0, i32 0, i32 0, i32 0, void @empty_418, void @empty_418, i32 4294967295, i32 0"   --->   Operation 9 'specinterface' 'specinterface_ln0' <Predicate = true> <Delay = 0.00>
ST_2 : Operation 10 [1/1] (0.00ns)   --->   "%zext_ln867 = zext i6 %local_tiles" [source/int4_linear_controller.cpp:867]   --->   Operation 10 'zext' 'zext_ln867' <Predicate = true> <Delay = 0.00>
ST_2 : Operation 11 [1/1] (0.00ns)   --->   "%zext_ln867_4 = zext i6 %input_tiles" [source/int4_linear_controller.cpp:867]   --->   Operation 11 'zext' 'zext_ln867_4' <Predicate = true> <Delay = 0.00>
ST_2 : Operation 12 [1/1] (1.23ns)   --->   "%tile_count = mul i12 %zext_ln867_4, i12 %zext_ln867" [source/int4_linear_controller.cpp:867]   --->   Operation 12 'mul' 'tile_count' <Predicate = true> <Delay = 1.23> <CoreInst = "Multiplier">   --->   Core 3 'Multiplier' <Latency = 0> <II = 1> <Delay = 1.23> <FuncUnit> <Opcode : 'mul'> <InPorts = 2> <OutPorts = 1>
ST_2 : Operation 13 [1/1] (0.00ns)   --->   "%mrv = insertvalue i26 <undef>, i12 %tile_count" [source/int4_linear_controller.cpp:867]   --->   Operation 13 'insertvalue' 'mrv' <Predicate = true> <Delay = 0.00>
ST_2 : Operation 14 [1/1] (0.00ns)   --->   "%mrv_1 = insertvalue i26 %mrv, i1 %output_fxp" [source/int4_linear_controller.cpp:867]   --->   Operation 14 'insertvalue' 'mrv_1' <Predicate = true> <Delay = 0.00>
ST_2 : Operation 15 [1/1] (0.00ns)   --->   "%mrv_2 = insertvalue i26 %mrv_1, i1 %fuse_residual" [source/int4_linear_controller.cpp:867]   --->   Operation 15 'insertvalue' 'mrv_2' <Predicate = true> <Delay = 0.00>
ST_2 : Operation 16 [1/1] (0.00ns)   --->   "%mrv_3 = insertvalue i26 %mrv_2, i6 %input_tiles" [source/int4_linear_controller.cpp:867]   --->   Operation 16 'insertvalue' 'mrv_3' <Predicate = true> <Delay = 0.00>
ST_2 : Operation 17 [1/1] (0.00ns)   --->   "%mrv_4 = insertvalue i26 %mrv_3, i6 %local_tiles" [source/int4_linear_controller.cpp:867]   --->   Operation 17 'insertvalue' 'mrv_4' <Predicate = true> <Delay = 0.00>
ST_2 : Operation 18 [1/1] (0.00ns)   --->   "%ret_ln867 = ret i26 %mrv_4" [source/int4_linear_controller.cpp:867]   --->   Operation 18 'ret' 'ret_ln867' <Predicate = true> <Delay = 0.00>


============================================================
+ Verbose Summary: Binding
============================================================
STG Binding: 
---------------- STG Properties BEGIN ----------------
- Is combinational: 0
- Is one-state seq: 0
- Is datapath-only: 0
- Is pipelined: 0
- Is top level: 0
Port [ Return ] is wired: 1; IO mode=ap_ctrl_hs:ce=0
Port [ linear_command_pe0]:  wired=1; compound=1; hidden=0; nouse=0; global=0; static=0; extern=0; dir=0; type=3; pingpong=0; private_global=0; IO mode=ap_fifo:ce=0
---------------- STG Properties END ------------------

---------------- Datapath Model BEGIN ----------------

<LifeTime>
<method=bitvector/>
command           (read         ) [ 000]
local_tiles       (trunc        ) [ 001]
input_tiles       (partselect   ) [ 001]
output_fxp        (bitselect    ) [ 001]
fuse_residual     (bitselect    ) [ 001]
specmemcore_ln0   (specmemcore  ) [ 000]
specinterface_ln0 (specinterface) [ 000]
zext_ln867        (zext         ) [ 000]
zext_ln867_4      (zext         ) [ 000]
tile_count        (mul          ) [ 000]
mrv               (insertvalue  ) [ 000]
mrv_1             (insertvalue  ) [ 000]
mrv_2             (insertvalue  ) [ 000]
mrv_3             (insertvalue  ) [ 000]
mrv_4             (insertvalue  ) [ 000]
ret_ln867         (ret          ) [ 000]
</LifeTime>

<model>

<comp_list>
<comp id="0" class="1000" name="linear_command_pe0">
<pin_list>
<pin id="1" dir="1" index="0" bw="1" slack="0"/>
</pin_list>
<bind>
<StgValue><ssdm name="linear_command_pe0"/></StgValue>
</bind>
</comp>

<comp id="2" class="1001" name="const_2">
<pin_list>
<pin id="3" dir="1" index="0" bw="1" slack="0"/>
</pin_list>
<bind>
<StgValue><ssdm name="_ssdm_op_Read.ap_fifo.volatile.i14P0A"/></StgValue>
</bind>
</comp>

<comp id="4" class="1001" name="const_4">
<pin_list>
<pin id="5" dir="1" index="0" bw="1" slack="0"/>
</pin_list>
<bind>
<StgValue><ssdm name="_ssdm_op_PartSelect.i6.i14.i32.i32"/></StgValue>
</bind>
</comp>

<comp id="6" class="1001" name="const_6">
<pin_list>
<pin id="7" dir="1" index="0" bw="1" slack="0"/>
</pin_list>
<bind>
<StgValue><ssdm name=""/></StgValue>
</bind>
</comp>

<comp id="8" class="1001" name="const_8">
<pin_list>
<pin id="9" dir="1" index="0" bw="1" slack="0"/>
</pin_list>
<bind>
<StgValue><ssdm name=""/></StgValue>
</bind>
</comp>

<comp id="10" class="1001" name="const_10">
<pin_list>
<pin id="11" dir="1" index="0" bw="1" slack="0"/>
</pin_list>
<bind>
<StgValue><ssdm name="_ssdm_op_BitSelect.i1.i14.i32"/></StgValue>
</bind>
</comp>

<comp id="12" class="1001" name="const_12">
<pin_list>
<pin id="13" dir="1" index="0" bw="1" slack="0"/>
</pin_list>
<bind>
<StgValue><ssdm name=""/></StgValue>
</bind>
</comp>

<comp id="14" class="1001" name="const_14">
<pin_list>
<pin id="15" dir="1" index="0" bw="1" slack="0"/>
</pin_list>
<bind>
<StgValue><ssdm name=""/></StgValue>
</bind>
</comp>

<comp id="16" class="1001" name="const_16">
<pin_list>
<pin id="17" dir="1" index="0" bw="1" slack="2147483647"/>
</pin_list>
<bind>
<StgValue><ssdm name="_ssdm_op_SpecMemCore"/></StgValue>
</bind>
</comp>

<comp id="18" class="1001" name="const_18">
<pin_list>
<pin id="19" dir="1" index="0" bw="1" slack="2147483647"/>
</pin_list>
<bind>
<StgValue><ssdm name=""/></StgValue>
</bind>
</comp>

<comp id="20" class="1001" name="const_20">
<pin_list>
<pin id="21" dir="1" index="0" bw="1" slack="2147483647"/>
</pin_list>
<bind>
<StgValue><ssdm name=""/></StgValue>
</bind>
</comp>

<comp id="22" class="1001" name="const_22">
<pin_list>
<pin id="23" dir="1" index="0" bw="1" slack="2147483647"/>
</pin_list>
<bind>
<StgValue><ssdm name=""/></StgValue>
</bind>
</comp>

<comp id="24" class="1001" name="const_24">
<pin_list>
<pin id="25" dir="1" index="0" bw="1" slack="2147483647"/>
</pin_list>
<bind>
<StgValue><ssdm name="_ssdm_op_SpecInterface"/></StgValue>
</bind>
</comp>

<comp id="26" class="1001" name="const_26">
<pin_list>
<pin id="27" dir="1" index="0" bw="1" slack="2147483647"/>
</pin_list>
<bind>
<StgValue><ssdm name="empty_447"/></StgValue>
</bind>
</comp>

<comp id="28" class="1001" name="const_28">
<pin_list>
<pin id="29" dir="1" index="0" bw="1" slack="2147483647"/>
</pin_list>
<bind>
<StgValue><ssdm name=""/></StgValue>
</bind>
</comp>

<comp id="30" class="1001" name="const_30">
<pin_list>
<pin id="31" dir="1" index="0" bw="1" slack="2147483647"/>
</pin_list>
<bind>
<StgValue><ssdm name="empty_418"/></StgValue>
</bind>
</comp>

<comp id="32" class="1001" name="const_32">
<pin_list>
<pin id="33" dir="1" index="0" bw="1" slack="2147483647"/>
</pin_list>
<bind>
<StgValue><ssdm name=""/></StgValue>
</bind>
</comp>

<comp id="34" class="1001" name="const_34">
<pin_list>
<pin id="35" dir="1" index="0" bw="1" slack="0"/>
</pin_list>
<bind>
<StgValue><ssdm name=""/></StgValue>
</bind>
</comp>

<comp id="36" class="1004" name="command_read_fu_36">
<pin_list>
<pin id="37" dir="0" index="0" bw="14" slack="0"/>
<pin id="38" dir="0" index="1" bw="14" slack="0"/>
<pin id="39" dir="1" index="2" bw="14" slack="0"/>
</pin_list>
<bind>
<opcode="read(1150) " fcode="read"/>
<opset="command/1 "/>
</bind>
</comp>

<comp id="42" class="1004" name="local_tiles_fu_42">
<pin_list>
<pin id="43" dir="0" index="0" bw="14" slack="0"/>
<pin id="44" dir="1" index="1" bw="6" slack="1"/>
</pin_list>
<bind>
<opcode="trunc(33) " fcode="trunc"/>
<opset="local_tiles/1 "/>
</bind>
</comp>

<comp id="46" class="1004" name="input_tiles_fu_46">
<pin_list>
<pin id="47" dir="0" index="0" bw="6" slack="0"/>
<pin id="48" dir="0" index="1" bw="14" slack="0"/>
<pin id="49" dir="0" index="2" bw="4" slack="0"/>
<pin id="50" dir="0" index="3" bw="5" slack="0"/>
<pin id="51" dir="1" index="4" bw="6" slack="1"/>
</pin_list>
<bind>
<opcode="partselect(1002) " fcode="partselect"/>
<opset="input_tiles/1 "/>
</bind>
</comp>

<comp id="56" class="1004" name="output_fxp_fu_56">
<pin_list>
<pin id="57" dir="0" index="0" bw="1" slack="0"/>
<pin id="58" dir="0" index="1" bw="14" slack="0"/>
<pin id="59" dir="0" index="2" bw="5" slack="0"/>
<pin id="60" dir="1" index="3" bw="1" slack="1"/>
</pin_list>
<bind>
<opcode="bitselect(1000) " fcode="bitselect"/>
<opset="output_fxp/1 "/>
</bind>
</comp>

<comp id="64" class="1004" name="fuse_residual_fu_64">
<pin_list>
<pin id="65" dir="0" index="0" bw="1" slack="0"/>
<pin id="66" dir="0" index="1" bw="14" slack="0"/>
<pin id="67" dir="0" index="2" bw="5" slack="0"/>
<pin id="68" dir="1" index="3" bw="1" slack="1"/>
</pin_list>
<bind>
<opcode="bitselect(1000) " fcode="bitselect"/>
<opset="fuse_residual/1 "/>
</bind>
</comp>

<comp id="72" class="1004" name="zext_ln867_fu_72">
<pin_list>
<pin id="73" dir="0" index="0" bw="6" slack="1"/>
<pin id="74" dir="1" index="1" bw="12" slack="0"/>
</pin_list>
<bind>
<opcode="zext(34) " fcode="zext"/>
<opset="zext_ln867/2 "/>
</bind>
</comp>

<comp id="75" class="1004" name="zext_ln867_4_fu_75">
<pin_list>
<pin id="76" dir="0" index="0" bw="6" slack="1"/>
<pin id="77" dir="1" index="1" bw="12" slack="0"/>
</pin_list>
<bind>
<opcode="zext(34) " fcode="zext"/>
<opset="zext_ln867_4/2 "/>
</bind>
</comp>

<comp id="78" class="1004" name="tile_count_fu_78">
<pin_list>
<pin id="79" dir="0" index="0" bw="6" slack="0"/>
<pin id="80" dir="0" index="1" bw="6" slack="0"/>
<pin id="81" dir="1" index="2" bw="12" slack="0"/>
</pin_list>
<bind>
<opcode="mul(12) " fcode="mul"/>
<opset="tile_count/2 "/>
</bind>
</comp>

<comp id="84" class="1004" name="mrv_fu_84">
<pin_list>
<pin id="85" dir="0" index="0" bw="26" slack="0"/>
<pin id="86" dir="0" index="1" bw="12" slack="0"/>
<pin id="87" dir="1" index="2" bw="26" slack="0"/>
</pin_list>
<bind>
<opcode="insertvalue(57) " fcode="insertvalue"/>
<opset="mrv/2 "/>
</bind>
</comp>

<comp id="90" class="1004" name="mrv_1_fu_90">
<pin_list>
<pin id="91" dir="0" index="0" bw="26" slack="0"/>
<pin id="92" dir="0" index="1" bw="1" slack="1"/>
<pin id="93" dir="1" index="2" bw="26" slack="0"/>
</pin_list>
<bind>
<opcode="insertvalue(57) " fcode="insertvalue"/>
<opset="mrv_1/2 "/>
</bind>
</comp>

<comp id="95" class="1004" name="mrv_2_fu_95">
<pin_list>
<pin id="96" dir="0" index="0" bw="26" slack="0"/>
<pin id="97" dir="0" index="1" bw="1" slack="1"/>
<pin id="98" dir="1" index="2" bw="26" slack="0"/>
</pin_list>
<bind>
<opcode="insertvalue(57) " fcode="insertvalue"/>
<opset="mrv_2/2 "/>
</bind>
</comp>

<comp id="100" class="1004" name="mrv_3_fu_100">
<pin_list>
<pin id="101" dir="0" index="0" bw="26" slack="0"/>
<pin id="102" dir="0" index="1" bw="6" slack="1"/>
<pin id="103" dir="1" index="2" bw="26" slack="0"/>
</pin_list>
<bind>
<opcode="insertvalue(57) " fcode="insertvalue"/>
<opset="mrv_3/2 "/>
</bind>
</comp>

<comp id="105" class="1004" name="mrv_4_fu_105">
<pin_list>
<pin id="106" dir="0" index="0" bw="26" slack="0"/>
<pin id="107" dir="0" index="1" bw="6" slack="1"/>
<pin id="108" dir="1" index="2" bw="26" slack="2147483647"/>
</pin_list>
<bind>
<opcode="insertvalue(57) " fcode="insertvalue"/>
<opset="mrv_4/2 "/>
</bind>
</comp>

<comp id="110" class="1005" name="local_tiles_reg_110">
<pin_list>
<pin id="111" dir="0" index="0" bw="6" slack="1"/>
<pin id="112" dir="1" index="1" bw="6" slack="1"/>
</pin_list>
<bind>
<opset="local_tiles "/>
</bind>
</comp>

<comp id="116" class="1005" name="input_tiles_reg_116">
<pin_list>
<pin id="117" dir="0" index="0" bw="6" slack="1"/>
<pin id="118" dir="1" index="1" bw="6" slack="1"/>
</pin_list>
<bind>
<opset="input_tiles "/>
</bind>
</comp>

<comp id="122" class="1005" name="output_fxp_reg_122">
<pin_list>
<pin id="123" dir="0" index="0" bw="1" slack="1"/>
<pin id="124" dir="1" index="1" bw="1" slack="1"/>
</pin_list>
<bind>
<opset="output_fxp "/>
</bind>
</comp>

<comp id="127" class="1005" name="fuse_residual_reg_127">
<pin_list>
<pin id="128" dir="0" index="0" bw="1" slack="1"/>
<pin id="129" dir="1" index="1" bw="1" slack="1"/>
</pin_list>
<bind>
<opset="fuse_residual "/>
</bind>
</comp>

</comp_list>

<net_list>
<net id="40"><net_src comp="2" pin="0"/><net_sink comp="36" pin=0"/></net>

<net id="41"><net_src comp="0" pin="0"/><net_sink comp="36" pin=1"/></net>

<net id="45"><net_src comp="36" pin="2"/><net_sink comp="42" pin=0"/></net>

<net id="52"><net_src comp="4" pin="0"/><net_sink comp="46" pin=0"/></net>

<net id="53"><net_src comp="36" pin="2"/><net_sink comp="46" pin=1"/></net>

<net id="54"><net_src comp="6" pin="0"/><net_sink comp="46" pin=2"/></net>

<net id="55"><net_src comp="8" pin="0"/><net_sink comp="46" pin=3"/></net>

<net id="61"><net_src comp="10" pin="0"/><net_sink comp="56" pin=0"/></net>

<net id="62"><net_src comp="36" pin="2"/><net_sink comp="56" pin=1"/></net>

<net id="63"><net_src comp="12" pin="0"/><net_sink comp="56" pin=2"/></net>

<net id="69"><net_src comp="10" pin="0"/><net_sink comp="64" pin=0"/></net>

<net id="70"><net_src comp="36" pin="2"/><net_sink comp="64" pin=1"/></net>

<net id="71"><net_src comp="14" pin="0"/><net_sink comp="64" pin=2"/></net>

<net id="82"><net_src comp="75" pin="1"/><net_sink comp="78" pin=0"/></net>

<net id="83"><net_src comp="72" pin="1"/><net_sink comp="78" pin=1"/></net>

<net id="88"><net_src comp="34" pin="0"/><net_sink comp="84" pin=0"/></net>

<net id="89"><net_src comp="78" pin="2"/><net_sink comp="84" pin=1"/></net>

<net id="94"><net_src comp="84" pin="2"/><net_sink comp="90" pin=0"/></net>

<net id="99"><net_src comp="90" pin="2"/><net_sink comp="95" pin=0"/></net>

<net id="104"><net_src comp="95" pin="2"/><net_sink comp="100" pin=0"/></net>

<net id="109"><net_src comp="100" pin="2"/><net_sink comp="105" pin=0"/></net>

<net id="113"><net_src comp="42" pin="1"/><net_sink comp="110" pin=0"/></net>

<net id="114"><net_src comp="110" pin="1"/><net_sink comp="72" pin=0"/></net>

<net id="115"><net_src comp="110" pin="1"/><net_sink comp="105" pin=1"/></net>

<net id="119"><net_src comp="46" pin="4"/><net_sink comp="116" pin=0"/></net>

<net id="120"><net_src comp="116" pin="1"/><net_sink comp="75" pin=0"/></net>

<net id="121"><net_src comp="116" pin="1"/><net_sink comp="100" pin=1"/></net>

<net id="125"><net_src comp="56" pin="3"/><net_sink comp="122" pin=0"/></net>

<net id="126"><net_src comp="122" pin="1"/><net_sink comp="90" pin=1"/></net>

<net id="130"><net_src comp="64" pin="3"/><net_sink comp="127" pin=0"/></net>

<net id="131"><net_src comp="127" pin="1"/><net_sink comp="95" pin=1"/></net>

</net_list>

</model> 
---------------- Datapath Model END ------------------

* FSMD analyzer results:
  - Output states:
 - Input state : 
	Port: int4_run_pe_dataflow<0>_Block_entry2_proc20 : linear_command_pe0 | {1 }
  - Chain level:
	State 1
	State 2
		tile_count : 1
		mrv : 2
		mrv_1 : 3
		mrv_2 : 4
		mrv_3 : 5
		mrv_4 : 6
		ret_ln867 : 7


============================================================
+ Verbose Summary: Datapath Resource usage 
============================================================

* Functional unit list:
|----------|---------------------|---------|---------|---------|
| Operation|   Functional Unit   |   DSP   |    FF   |   LUT   |
|----------|---------------------|---------|---------|---------|
|    mul   |   tile_count_fu_78  |    0    |    0    |    23   |
|----------|---------------------|---------|---------|---------|
|   read   |  command_read_fu_36 |    0    |    0    |    0    |
|----------|---------------------|---------|---------|---------|
|   trunc  |  local_tiles_fu_42  |    0    |    0    |    0    |
|----------|---------------------|---------|---------|---------|
|partselect|  input_tiles_fu_46  |    0    |    0    |    0    |
|----------|---------------------|---------|---------|---------|
| bitselect|   output_fxp_fu_56  |    0    |    0    |    0    |
|          | fuse_residual_fu_64 |    0    |    0    |    0    |
|----------|---------------------|---------|---------|---------|
|   zext   |   zext_ln867_fu_72  |    0    |    0    |    0    |
|          |  zext_ln867_4_fu_75 |    0    |    0    |    0    |
|----------|---------------------|---------|---------|---------|
|          |      mrv_fu_84      |    0    |    0    |    0    |
|          |     mrv_1_fu_90     |    0    |    0    |    0    |
|insertvalue|     mrv_2_fu_95     |    0    |    0    |    0    |
|          |     mrv_3_fu_100    |    0    |    0    |    0    |
|          |     mrv_4_fu_105    |    0    |    0    |    0    |
|----------|---------------------|---------|---------|---------|
|   Total  |                     |    0    |    0    |    23   |
|----------|---------------------|---------|---------|---------|

Memories:
N/A

* Register list:
+---------------------+--------+
|                     |   FF   |
+---------------------+--------+
|fuse_residual_reg_127|    1   |
| input_tiles_reg_116 |    6   |
| local_tiles_reg_110 |    6   |
|  output_fxp_reg_122 |    1   |
+---------------------+--------+
|        Total        |   14   |
+---------------------+--------+

* Multiplexer (MUX) list: 
|--------|------|------|------|--------|
|  Comp  |  Pin | Size |  BW  | S x BW |
|--------|------|------|------|--------|
|  Total |      |      |      |    0   |
|--------|------|------|------|--------|



* Summary:
+-----------+--------+--------+--------+
|           |   DSP  |   FF   |   LUT  |
+-----------+--------+--------+--------+
|  Function |    0   |    0   |   23   |
|   Memory  |    -   |    -   |    -   |
|Multiplexer|    -   |    -   |    -   |
|  Register |    -   |   14   |    -   |
+-----------+--------+--------+--------+
|   Total   |    0   |   14   |   23   |
+-----------+--------+--------+--------+
