

================================================================
== Vitis HLS Report for 'int4_rms_normalize_quantize_pe_14'
================================================================
* Date:           Tue Aug 11 09:17:16 2026

* Version:        2023.2 (Build 4023990 on Oct 11 2023)
* Project:        proj_int4_decoder_xo
* Solution:       solution1 (Vitis Kernel Flow Target)
* Product family: virtexuplus
* Target device:  xcu250-figd2104-2L-e


================================================================
== Performance Estimates
================================================================
+ Timing: 
    * Summary: 
    +--------+---------+----------+------------+
    |  Clock |  Target | Estimated| Uncertainty|
    +--------+---------+----------+------------+
    |ap_clk  |  3.33 ns|  2.466 ns|     0.90 ns|
    +--------+---------+----------+------------+

+ Latency: 
    * Summary: 
    +---------+---------+-----------+-----------+------+------+---------+
    |  Latency (cycles) |   Latency (absolute)  |   Interval  | Pipeline|
    |   min   |   max   |    min    |    max    |  min |  max |   Type  |
    +---------+---------+-----------+-----------+------+------+---------+
    |     3713|     3713|  12.375 us|  12.375 us|  3713|  3713|       no|
    +---------+---------+-----------+-----------+------+------+---------+

    + Detail: 
        * Instance: 
        +---------------------------------------------------------------------------------------------+----------------------------------------------------------------------------------+---------+---------+----------+----------+-----+-----+---------+
        |                                                                                             |                                                                                  |  Latency (cycles) |  Latency (absolute) |  Interval | Pipeline|
        |                                           Instance                                          |                                      Module                                      |   min   |   max   |    min   |    max   | min | max |   Type  |
        +---------------------------------------------------------------------------------------------+----------------------------------------------------------------------------------+---------+---------+----------+----------+-----+-----+---------+
        |grp_int4_rms_normalize_quantize_pe_14_Pipeline_normalize_word_loop_normalize_lane_lo_fu_124  |int4_rms_normalize_quantize_pe_14_Pipeline_normalize_word_loop_normalize_lane_lo  |       44|       44|  0.147 us|  0.147 us|   44|   44|       no|
        |grp_int4_rms_normalize_quantize_pe_14_Pipeline_quantize_reverse_loop_fu_137                  |int4_rms_normalize_quantize_pe_14_Pipeline_quantize_reverse_loop                  |       53|       53|  0.177 us|  0.177 us|   53|   53|       no|
        +---------------------------------------------------------------------------------------------+----------------------------------------------------------------------------------+---------+---------+----------+----------+-----+-----+---------+

        * Loop: 
        +------------------------+---------+---------+----------+-----------+-----------+------+----------+
        |                        |  Latency (cycles) | Iteration|  Initiation Interval  | Trip |          |
        |        Loop Name       |   min   |   max   |  Latency |  achieved |   target  | Count| Pipelined|
        +------------------------+---------+---------+----------+-----------+-----------+------+----------+
        |- normalize_group_loop  |     3712|     3712|       116|          -|          -|    32|        no|
        +------------------------+---------+---------+----------+-----------+-----------+------+----------+

============================================================
+ Verbose Summary: Synthesis Manager
============================================================
InlineROM: 1
ExposeGlobal: 0
============================================================
+ Verbose Summary: CDFG Model
============================================================
IsTopModel: 0
ResetActiveHigh: 1
IsCombinational: 2
IsDatapathOnly: 0
HasWiredReturn: 1
HasMFsm: 0
HasVarLatency: 1
IsPipeline: 0
IsRtlPipelined: 0
IsInstanceOverlapped: 0
IsDontTouch: 0
HasImplIP: 0
IsGatedGlobalClock: 0


============================================================
+ Verbose Summary: Schedule
============================================================
* Number of FSM states : 20
* Pipeline : 0
* Dataflow Pipeline: 0

* FSM state transitions: 
1 --> 2 
2 --> 3 
3 --> 4 
4 --> 5 
5 --> 6 
6 --> 7 
7 --> 8 
8 --> 9 
9 --> 10 
10 --> 11 
11 --> 12 
12 --> 13 
13 --> 14 
14 --> 15 
15 --> 16 
16 --> 17 
17 --> 18 
18 --> 19 
19 --> 20 
20 --> 2 

* FSM state operations: 

State 1 <SV = 0> <Delay = 1.19>
ST_1 : Operation 21 [1/1] (0.00ns)   --->   "%group = alloca i32 1" [source/int4_decoder_blocks.cpp:116]   --->   Operation 21 'alloca' 'group' <Predicate = true> <Delay = 0.00>
ST_1 : Operation 22 [1/1] (0.00ns)   --->   "%idx_read = read i13 @_ssdm_op_Read.ap_auto.i13, i13 %idx"   --->   Operation 22 'read' 'idx_read' <Predicate = true> <Delay = 0.00>
ST_1 : Operation 23 [1/1] (0.00ns)   --->   "%reciprocal_rms_read = read i32 @_ssdm_op_Read.ap_auto.float, i32 %reciprocal_rms"   --->   Operation 23 'read' 'reciprocal_rms_read' <Predicate = true> <Delay = 0.00>
ST_1 : Operation 24 [1/1] (0.00ns)   --->   "%quantized_word_loc = alloca i64 1"   --->   Operation 24 'alloca' 'quantized_word_loc' <Predicate = true> <Delay = 0.00>
ST_1 : Operation 25 [1/1] (0.00ns)   --->   "%max_abs_bits_6_loc = alloca i64 1"   --->   Operation 25 'alloca' 'max_abs_bits_6_loc' <Predicate = true> <Delay = 0.00>
ST_1 : Operation 26 [1/1] (0.00ns)   --->   "%specmemcore_ln0 = specmemcore void @_ssdm_op_SpecMemCore, i480 %quantized_pe2, i64 666, i64 8, i64 18446744073709551615"   --->   Operation 26 'specmemcore' 'specmemcore_ln0' <Predicate = true> <Delay = 0.00>
ST_1 : Operation 27 [1/1] (0.00ns)   --->   "%specmemcore_ln0 = specmemcore void @_ssdm_op_SpecMemCore, i512 %input_r, i64 666, i64 22, i64 18446744073709551615"   --->   Operation 27 'specmemcore' 'specmemcore_ln0' <Predicate = true> <Delay = 0.00>
ST_1 : Operation 28 [1/1] (0.00ns)   --->   "%specmemcore_ln0 = specmemcore void @_ssdm_op_SpecMemCore, i512 %model_norm_cache2, i64 666, i64 20, i64 18446744073709551615"   --->   Operation 28 'specmemcore' 'specmemcore_ln0' <Predicate = true> <Delay = 0.00>
ST_1 : Operation 29 [1/1] (0.00ns)   --->   "%specinterface_ln0 = specinterface void @_ssdm_op_SpecInterface, i32 %scale_pe2, void @empty_447, i32 0, i32 0, void @empty_418, i32 0, i32 0, void @empty_418, void @empty_418, void @empty_418, i32 0, i32 0, i32 0, i32 0, void @empty_418, void @empty_418, i32 4294967295, i32 0"   --->   Operation 29 'specinterface' 'specinterface_ln0' <Predicate = true> <Delay = 0.00>
ST_1 : Operation 30 [1/1] (0.00ns)   --->   "%specinterface_ln0 = specinterface void @_ssdm_op_SpecInterface, i480 %quantized_pe2, void @empty_447, i32 0, i32 0, void @empty_418, i32 0, i32 0, void @empty_418, void @empty_418, void @empty_418, i32 0, i32 0, i32 0, i32 0, void @empty_418, void @empty_418, i32 4294967295, i32 0"   --->   Operation 30 'specinterface' 'specinterface_ln0' <Predicate = true> <Delay = 0.00>
ST_1 : Operation 31 [1/1] (1.19ns)   --->   "%normalized = alloca i64 1" [source/int4_decoder_blocks.cpp:109]   --->   Operation 31 'alloca' 'normalized' <Predicate = true> <Delay = 1.19> <CoreInst = "RAM_1P_BRAM">   --->   Core 90 'RAM_1P_BRAM' <Latency = 1> <II = 1> <Delay = 1.19> <Storage> <Opcode : 'load' 'store'> <Ports = 1> <Width = 32> <Depth = 32> <RAM>
ST_1 : Operation 32 [1/1] (0.00ns)   --->   "%specmemcore_ln113 = specmemcore void @_ssdm_op_SpecMemCore, i32 %normalized, i64 666, i64 18, i64 1" [source/int4_decoder_blocks.cpp:113]   --->   Operation 32 'specmemcore' 'specmemcore_ln113' <Predicate = true> <Delay = 0.00>
ST_1 : Operation 33 [1/1] (0.38ns)   --->   "%store_ln116 = store i6 0, i6 %group" [source/int4_decoder_blocks.cpp:116]   --->   Operation 33 'store' 'store_ln116' <Predicate = true> <Delay = 0.38>
ST_1 : Operation 34 [1/1] (0.00ns)   --->   "%br_ln116 = br void %normalize_word_loop" [source/int4_decoder_blocks.cpp:116]   --->   Operation 34 'br' 'br_ln116' <Predicate = true> <Delay = 0.00>

State 2 <SV = 1> <Delay = 1.09>
ST_2 : Operation 35 [1/1] (0.00ns)   --->   "%group_10 = load i6 %group"   --->   Operation 35 'load' 'group_10' <Predicate = true> <Delay = 0.00>
ST_2 : Operation 36 [1/1] (0.70ns)   --->   "%icmp_ln117 = icmp_eq  i6 %group_10, i6 32" [source/int4_decoder_blocks.cpp:117]   --->   Operation 36 'icmp' 'icmp_ln117' <Predicate = true> <Delay = 0.70> <CoreInst = "Cmp">   --->   Core 9 'Cmp' <Latency = 0> <II = 1> <Delay = 0.70> <FuncUnit> <Opcode : 'icmp'> <InPorts = 2> <OutPorts = 1>
ST_2 : Operation 37 [1/1] (0.70ns)   --->   "%add_ln118 = add i6 %group_10, i6 1" [source/int4_decoder_blocks.cpp:118]   --->   Operation 37 'add' 'add_ln118' <Predicate = true> <Delay = 0.70> <CoreInst = "Adder">   --->   Core 1 'Adder' <Latency = 0> <II = 1> <Delay = 0.70> <FuncUnit> <Opcode : 'add' 'sub'> <InPorts = 2> <OutPorts = 1>
ST_2 : Operation 38 [1/1] (0.00ns)   --->   "%br_ln116 = br i1 %icmp_ln117, void %normalize_word_loop.split, void %for.end62" [source/int4_decoder_blocks.cpp:116]   --->   Operation 38 'br' 'br_ln116' <Predicate = true> <Delay = 0.00>
ST_2 : Operation 39 [1/1] (0.00ns)   --->   "%empty = shl i6 %group_10, i6 1"   --->   Operation 39 'shl' 'empty' <Predicate = (!icmp_ln117)> <Delay = 0.00>
ST_2 : Operation 40 [2/2] (0.00ns)   --->   "%call_ln0 = call void @int4_rms_normalize_quantize_pe.14_Pipeline_normalize_word_loop_normalize_lane_lo, i6 %empty, i512 %input_r, i13 %idx_read, i32 %reciprocal_rms_read, i32 %normalized, i32 %max_abs_bits_6_loc, i512 %model_norm_cache2"   --->   Operation 40 'call' 'call_ln0' <Predicate = (!icmp_ln117)> <Delay = 0.00> <CoreType = "Generic">   --->   Core 0 '' <Latency = 0> <II = 1> <Delay = 1.00> <Generic> <Opcode : >
ST_2 : Operation 41 [1/1] (0.38ns)   --->   "%store_ln116 = store i6 %add_ln118, i6 %group" [source/int4_decoder_blocks.cpp:116]   --->   Operation 41 'store' 'store_ln116' <Predicate = (!icmp_ln117)> <Delay = 0.38>
ST_2 : Operation 42 [1/1] (0.00ns)   --->   "%ret_ln194 = ret" [source/int4_decoder_blocks.cpp:194]   --->   Operation 42 'ret' 'ret_ln194' <Predicate = (icmp_ln117)> <Delay = 0.00>

State 3 <SV = 2> <Delay = 0.00>
ST_3 : Operation 43 [1/2] (0.00ns)   --->   "%call_ln0 = call void @int4_rms_normalize_quantize_pe.14_Pipeline_normalize_word_loop_normalize_lane_lo, i6 %empty, i512 %input_r, i13 %idx_read, i32 %reciprocal_rms_read, i32 %normalized, i32 %max_abs_bits_6_loc, i512 %model_norm_cache2"   --->   Operation 43 'call' 'call_ln0' <Predicate = true> <Delay = 0.00> <CoreType = "Generic">   --->   Core 0 '' <Latency = 0> <II = 1> <Delay = 1.00> <Generic> <Opcode : >

State 4 <SV = 3> <Delay = 1.64>
ST_4 : Operation 44 [1/1] (0.00ns)   --->   "%max_abs_bits_6_loc_load = load i32 %max_abs_bits_6_loc"   --->   Operation 44 'load' 'max_abs_bits_6_loc_load' <Predicate = true> <Delay = 0.00>
ST_4 : Operation 45 [1/1] (0.00ns)   --->   "%max_abs = bitcast i32 %max_abs_bits_6_loc_load" [source/int4_decoder_blocks.cpp:16->source/int4_decoder_blocks.cpp:161]   --->   Operation 45 'bitcast' 'max_abs' <Predicate = true> <Delay = 0.00>
ST_4 : Operation 46 [1/1] (0.00ns)   --->   "%tmp_62 = partselect i8 @_ssdm_op_PartSelect.i8.i32.i32.i32, i32 %max_abs_bits_6_loc_load, i32 23, i32 30" [source/int4_decoder_blocks.cpp:163]   --->   Operation 46 'partselect' 'tmp_62' <Predicate = true> <Delay = 0.00>
ST_4 : Operation 47 [1/1] (0.00ns)   --->   "%trunc_ln163 = trunc i32 %max_abs_bits_6_loc_load" [source/int4_decoder_blocks.cpp:163]   --->   Operation 47 'trunc' 'trunc_ln163' <Predicate = true> <Delay = 0.00>
ST_4 : Operation 48 [1/1] (0.70ns)   --->   "%icmp_ln163 = icmp_ne  i8 %tmp_62, i8 255" [source/int4_decoder_blocks.cpp:163]   --->   Operation 48 'icmp' 'icmp_ln163' <Predicate = true> <Delay = 0.70> <CoreInst = "Cmp">   --->   Core 9 'Cmp' <Latency = 0> <II = 1> <Delay = 0.70> <FuncUnit> <Opcode : 'icmp'> <InPorts = 2> <OutPorts = 1>
ST_4 : Operation 49 [1/1] (0.82ns)   --->   "%icmp_ln163_2 = icmp_eq  i23 %trunc_ln163, i23 0" [source/int4_decoder_blocks.cpp:163]   --->   Operation 49 'icmp' 'icmp_ln163_2' <Predicate = true> <Delay = 0.82> <CoreInst = "Cmp">   --->   Core 9 'Cmp' <Latency = 0> <II = 1> <Delay = 0.82> <FuncUnit> <Opcode : 'icmp'> <InPorts = 2> <OutPorts = 1>
ST_4 : Operation 50 [2/2] (1.64ns)   --->   "%tmp_63 = fcmp_oeq  i32 %max_abs, i32 0" [source/int4_decoder_blocks.cpp:163]   --->   Operation 50 'fcmp' 'tmp_63' <Predicate = true> <Delay = 1.64> <CoreInst = "FCompare">   --->   Core 19 'FCompare' <Latency = 1> <II = 1> <Delay = 1.64> <FuncUnit> <Opcode : 'fcmp'> <InPorts = 2> <OutPorts = 1>

State 5 <SV = 4> <Delay = 1.77>
ST_5 : Operation 51 [1/1] (0.00ns) (grouped into LUT with out node and_ln163)   --->   "%or_ln163 = or i1 %icmp_ln163_2, i1 %icmp_ln163" [source/int4_decoder_blocks.cpp:163]   --->   Operation 51 'or' 'or_ln163' <Predicate = true> <Delay = 0.00> <CoreInst = "LogicGate">   --->   Core 74 'LogicGate' <Latency = 0> <II = 1> <Delay = 0.12> <FuncUnit> <Opcode : 'and' 'or' 'xor'> <InPorts = 2> <OutPorts = 1>
ST_5 : Operation 52 [1/2] (1.64ns)   --->   "%tmp_63 = fcmp_oeq  i32 %max_abs, i32 0" [source/int4_decoder_blocks.cpp:163]   --->   Operation 52 'fcmp' 'tmp_63' <Predicate = true> <Delay = 1.64> <CoreInst = "FCompare">   --->   Core 19 'FCompare' <Latency = 1> <II = 1> <Delay = 1.64> <FuncUnit> <Opcode : 'fcmp'> <InPorts = 2> <OutPorts = 1>
ST_5 : Operation 53 [1/1] (0.12ns) (out node of the LUT)   --->   "%and_ln163 = and i1 %or_ln163, i1 %tmp_63" [source/int4_decoder_blocks.cpp:163]   --->   Operation 53 'and' 'and_ln163' <Predicate = true> <Delay = 0.12> <CoreInst = "LogicGate">   --->   Core 74 'LogicGate' <Latency = 0> <II = 1> <Delay = 0.12> <FuncUnit> <Opcode : 'and' 'or' 'xor'> <InPorts = 2> <OutPorts = 1>

State 6 <SV = 5> <Delay = 2.32>
ST_6 : Operation 54 [12/12] (2.32ns)   --->   "%div = fdiv i32 16383, i32 %max_abs" [source/int4_decoder_blocks.cpp:169]   --->   Operation 54 'fdiv' 'div' <Predicate = (!and_ln163)> <Delay = 2.32> <CoreInst = "FDiv">   --->   Core 20 'FDiv' <Latency = 11> <II = 1> <Delay = 2.32> <FuncUnit> <Opcode : 'fdiv' 'frem'> <InPorts = 2> <OutPorts = 1>

State 7 <SV = 6> <Delay = 2.32>
ST_7 : Operation 55 [11/12] (2.32ns)   --->   "%div = fdiv i32 16383, i32 %max_abs" [source/int4_decoder_blocks.cpp:169]   --->   Operation 55 'fdiv' 'div' <Predicate = (!and_ln163)> <Delay = 2.32> <CoreInst = "FDiv">   --->   Core 20 'FDiv' <Latency = 11> <II = 1> <Delay = 2.32> <FuncUnit> <Opcode : 'fdiv' 'frem'> <InPorts = 2> <OutPorts = 1>

State 8 <SV = 7> <Delay = 2.32>
ST_8 : Operation 56 [10/12] (2.32ns)   --->   "%div = fdiv i32 16383, i32 %max_abs" [source/int4_decoder_blocks.cpp:169]   --->   Operation 56 'fdiv' 'div' <Predicate = (!and_ln163)> <Delay = 2.32> <CoreInst = "FDiv">   --->   Core 20 'FDiv' <Latency = 11> <II = 1> <Delay = 2.32> <FuncUnit> <Opcode : 'fdiv' 'frem'> <InPorts = 2> <OutPorts = 1>

State 9 <SV = 8> <Delay = 2.32>
ST_9 : Operation 57 [9/12] (2.32ns)   --->   "%div = fdiv i32 16383, i32 %max_abs" [source/int4_decoder_blocks.cpp:169]   --->   Operation 57 'fdiv' 'div' <Predicate = (!and_ln163)> <Delay = 2.32> <CoreInst = "FDiv">   --->   Core 20 'FDiv' <Latency = 11> <II = 1> <Delay = 2.32> <FuncUnit> <Opcode : 'fdiv' 'frem'> <InPorts = 2> <OutPorts = 1>

State 10 <SV = 9> <Delay = 2.32>
ST_10 : Operation 58 [8/12] (2.32ns)   --->   "%div = fdiv i32 16383, i32 %max_abs" [source/int4_decoder_blocks.cpp:169]   --->   Operation 58 'fdiv' 'div' <Predicate = (!and_ln163)> <Delay = 2.32> <CoreInst = "FDiv">   --->   Core 20 'FDiv' <Latency = 11> <II = 1> <Delay = 2.32> <FuncUnit> <Opcode : 'fdiv' 'frem'> <InPorts = 2> <OutPorts = 1>

State 11 <SV = 10> <Delay = 2.32>
ST_11 : Operation 59 [7/12] (2.32ns)   --->   "%div = fdiv i32 16383, i32 %max_abs" [source/int4_decoder_blocks.cpp:169]   --->   Operation 59 'fdiv' 'div' <Predicate = (!and_ln163)> <Delay = 2.32> <CoreInst = "FDiv">   --->   Core 20 'FDiv' <Latency = 11> <II = 1> <Delay = 2.32> <FuncUnit> <Opcode : 'fdiv' 'frem'> <InPorts = 2> <OutPorts = 1>

State 12 <SV = 11> <Delay = 2.32>
ST_12 : Operation 60 [6/12] (2.32ns)   --->   "%div = fdiv i32 16383, i32 %max_abs" [source/int4_decoder_blocks.cpp:169]   --->   Operation 60 'fdiv' 'div' <Predicate = (!and_ln163)> <Delay = 2.32> <CoreInst = "FDiv">   --->   Core 20 'FDiv' <Latency = 11> <II = 1> <Delay = 2.32> <FuncUnit> <Opcode : 'fdiv' 'frem'> <InPorts = 2> <OutPorts = 1>

State 13 <SV = 12> <Delay = 2.32>
ST_13 : Operation 61 [5/12] (2.32ns)   --->   "%div = fdiv i32 16383, i32 %max_abs" [source/int4_decoder_blocks.cpp:169]   --->   Operation 61 'fdiv' 'div' <Predicate = (!and_ln163)> <Delay = 2.32> <CoreInst = "FDiv">   --->   Core 20 'FDiv' <Latency = 11> <II = 1> <Delay = 2.32> <FuncUnit> <Opcode : 'fdiv' 'frem'> <InPorts = 2> <OutPorts = 1>

State 14 <SV = 13> <Delay = 2.32>
ST_14 : Operation 62 [4/4] (2.32ns)   --->   "%mul = fmul i32 %max_abs, i32 6.10389e-05" [source/int4_decoder_blocks.cpp:165]   --->   Operation 62 'fmul' 'mul' <Predicate = (!and_ln163)> <Delay = 2.32> <CoreInst = "FMul_maxdsp">   --->   Core 30 'FMul_maxdsp' <Latency = 3> <II = 1> <Delay = 2.32> <FuncUnit> <Opcode : 'fmul'> <InPorts = 2> <OutPorts = 1>
ST_14 : Operation 63 [4/12] (2.32ns)   --->   "%div = fdiv i32 16383, i32 %max_abs" [source/int4_decoder_blocks.cpp:169]   --->   Operation 63 'fdiv' 'div' <Predicate = (!and_ln163)> <Delay = 2.32> <CoreInst = "FDiv">   --->   Core 20 'FDiv' <Latency = 11> <II = 1> <Delay = 2.32> <FuncUnit> <Opcode : 'fdiv' 'frem'> <InPorts = 2> <OutPorts = 1>

State 15 <SV = 14> <Delay = 2.32>
ST_15 : Operation 64 [3/4] (2.32ns)   --->   "%mul = fmul i32 %max_abs, i32 6.10389e-05" [source/int4_decoder_blocks.cpp:165]   --->   Operation 64 'fmul' 'mul' <Predicate = (!and_ln163)> <Delay = 2.32> <CoreInst = "FMul_maxdsp">   --->   Core 30 'FMul_maxdsp' <Latency = 3> <II = 1> <Delay = 2.32> <FuncUnit> <Opcode : 'fmul'> <InPorts = 2> <OutPorts = 1>
ST_15 : Operation 65 [3/12] (2.32ns)   --->   "%div = fdiv i32 16383, i32 %max_abs" [source/int4_decoder_blocks.cpp:169]   --->   Operation 65 'fdiv' 'div' <Predicate = (!and_ln163)> <Delay = 2.32> <CoreInst = "FDiv">   --->   Core 20 'FDiv' <Latency = 11> <II = 1> <Delay = 2.32> <FuncUnit> <Opcode : 'fdiv' 'frem'> <InPorts = 2> <OutPorts = 1>

State 16 <SV = 15> <Delay = 2.32>
ST_16 : Operation 66 [2/4] (2.32ns)   --->   "%mul = fmul i32 %max_abs, i32 6.10389e-05" [source/int4_decoder_blocks.cpp:165]   --->   Operation 66 'fmul' 'mul' <Predicate = (!and_ln163)> <Delay = 2.32> <CoreInst = "FMul_maxdsp">   --->   Core 30 'FMul_maxdsp' <Latency = 3> <II = 1> <Delay = 2.32> <FuncUnit> <Opcode : 'fmul'> <InPorts = 2> <OutPorts = 1>
ST_16 : Operation 67 [2/12] (2.32ns)   --->   "%div = fdiv i32 16383, i32 %max_abs" [source/int4_decoder_blocks.cpp:169]   --->   Operation 67 'fdiv' 'div' <Predicate = (!and_ln163)> <Delay = 2.32> <CoreInst = "FDiv">   --->   Core 20 'FDiv' <Latency = 11> <II = 1> <Delay = 2.32> <FuncUnit> <Opcode : 'fdiv' 'frem'> <InPorts = 2> <OutPorts = 1>

State 17 <SV = 16> <Delay = 2.32>
ST_17 : Operation 68 [1/4] (2.32ns)   --->   "%mul = fmul i32 %max_abs, i32 6.10389e-05" [source/int4_decoder_blocks.cpp:165]   --->   Operation 68 'fmul' 'mul' <Predicate = (!and_ln163)> <Delay = 2.32> <CoreInst = "FMul_maxdsp">   --->   Core 30 'FMul_maxdsp' <Latency = 3> <II = 1> <Delay = 2.32> <FuncUnit> <Opcode : 'fmul'> <InPorts = 2> <OutPorts = 1>
ST_17 : Operation 69 [1/12] (2.32ns)   --->   "%div = fdiv i32 16383, i32 %max_abs" [source/int4_decoder_blocks.cpp:169]   --->   Operation 69 'fdiv' 'div' <Predicate = (!and_ln163)> <Delay = 2.32> <CoreInst = "FDiv">   --->   Core 20 'FDiv' <Latency = 11> <II = 1> <Delay = 2.32> <FuncUnit> <Opcode : 'fdiv' 'frem'> <InPorts = 2> <OutPorts = 1>

State 18 <SV = 17> <Delay = 0.22>
ST_18 : Operation 70 [1/1] (0.00ns)   --->   "%bitcast_ln166 = bitcast i32 %mul" [source/int4_decoder_blocks.cpp:166]   --->   Operation 70 'bitcast' 'bitcast_ln166' <Predicate = (!and_ln163)> <Delay = 0.00>
ST_18 : Operation 71 [1/1] (0.22ns)   --->   "%select_ln166 = select i1 %and_ln163, i32 0, i32 %bitcast_ln166" [source/int4_decoder_blocks.cpp:166]   --->   Operation 71 'select' 'select_ln166' <Predicate = true> <Delay = 0.22> <CoreInst = "Sel">   --->   Core 73 'Sel' <Latency = 0> <II = 1> <Delay = 0.22> <FuncUnit> <Opcode : 'select'> <InPorts = 3> <OutPorts = 1>
ST_18 : Operation 72 [1/1] (0.22ns)   --->   "%inverse_scale = select i1 %and_ln163, i32 0, i32 %div" [source/int4_decoder_blocks.cpp:169]   --->   Operation 72 'select' 'inverse_scale' <Predicate = true> <Delay = 0.22> <CoreInst = "Sel">   --->   Core 73 'Sel' <Latency = 0> <II = 1> <Delay = 0.22> <FuncUnit> <Opcode : 'select'> <InPorts = 3> <OutPorts = 1>
ST_18 : Operation 73 [2/2] (0.00ns)   --->   "%call_ln169 = call void @int4_rms_normalize_quantize_pe.14_Pipeline_quantize_reverse_loop, i32 %normalized, i32 %inverse_scale, i480 %quantized_word_loc" [source/int4_decoder_blocks.cpp:169]   --->   Operation 73 'call' 'call_ln169' <Predicate = true> <Delay = 0.00> <CoreType = "Generic">   --->   Core 0 '' <Latency = 0> <II = 1> <Delay = 1.00> <Generic> <Opcode : >

State 19 <SV = 18> <Delay = 0.00>
ST_19 : Operation 74 [1/2] (0.00ns)   --->   "%call_ln169 = call void @int4_rms_normalize_quantize_pe.14_Pipeline_quantize_reverse_loop, i32 %normalized, i32 %inverse_scale, i480 %quantized_word_loc" [source/int4_decoder_blocks.cpp:169]   --->   Operation 74 'call' 'call_ln169' <Predicate = true> <Delay = 0.00> <CoreType = "Generic">   --->   Core 0 '' <Latency = 0> <II = 1> <Delay = 1.00> <Generic> <Opcode : >

State 20 <SV = 19> <Delay = 1.21>
ST_20 : Operation 75 [1/1] (0.00ns)   --->   "%speclooptripcount_ln116 = speclooptripcount void @_ssdm_op_SpecLoopTripCount, i64 32, i64 32, i64 32" [source/int4_decoder_blocks.cpp:116]   --->   Operation 75 'speclooptripcount' 'speclooptripcount_ln116' <Predicate = true> <Delay = 0.00>
ST_20 : Operation 76 [1/1] (0.00ns)   --->   "%specloopname_ln116 = specloopname void @_ssdm_op_SpecLoopName, void @empty_489" [source/int4_decoder_blocks.cpp:116]   --->   Operation 76 'specloopname' 'specloopname_ln116' <Predicate = true> <Delay = 0.00>
ST_20 : Operation 77 [1/1] (1.21ns)   --->   "%write_ln166 = write void @_ssdm_op_Write.ap_fifo.volatile.i32P0A, i32 %scale_pe2, i32 %select_ln166" [source/int4_decoder_blocks.cpp:166]   --->   Operation 77 'write' 'write_ln166' <Predicate = true> <Delay = 1.21> <CoreInst = "FIFO_SRL">   --->   Core 81 'FIFO_SRL' <Latency = 0> <II = 1> <Delay = 1.46> <Storage> <Opcode : 'read' 'write' 'nbread' 'nbwrite'> <Ports = 0> <Width = 32> <Depth = 4> <FIFO>
ST_20 : Operation 78 [1/1] (0.00ns)   --->   "%quantized_word_loc_load = load i480 %quantized_word_loc"   --->   Operation 78 'load' 'quantized_word_loc_load' <Predicate = true> <Delay = 0.00>
ST_20 : Operation 79 [1/1] (1.21ns)   --->   "%write_ln192 = write void @_ssdm_op_Write.ap_fifo.volatile.i480P0A, i480 %quantized_pe2, i480 %quantized_word_loc_load" [source/int4_decoder_blocks.cpp:192]   --->   Operation 79 'write' 'write_ln192' <Predicate = true> <Delay = 1.21> <CoreInst = "FIFO_BRAM">   --->   Core 79 'FIFO_BRAM' <Latency = 0> <II = 1> <Delay = 1.42> <Storage> <Opcode : 'read' 'write' 'nbread' 'nbwrite'> <Ports = 0> <Width = 480> <Depth = 4> <FIFO>
ST_20 : Operation 80 [1/1] (0.00ns)   --->   "%br_ln116 = br void %normalize_word_loop" [source/int4_decoder_blocks.cpp:116]   --->   Operation 80 'br' 'br_ln116' <Predicate = true> <Delay = 0.00>


============================================================
+ Verbose Summary: Binding
============================================================
STG Binding: 
---------------- STG Properties BEGIN ----------------
- Is combinational: 0
- Is one-state seq: 0
- Is datapath-only: 0
- Is pipelined: 0
- Is top level: 0
Port [ Return ] is wired: 1; IO mode=ap_ctrl_hs:ce=0
Port [ input_r]:  wired=1; compound=1; hidden=0; nouse=0; global=0; static=0; extern=0; dir=0; type=1; pingpong=0; private_global=0; MemPort=[13]; IO mode=ap_memory:ce=0
Port [ reciprocal_rms]:  wired=1; compound=0; hidden=0; nouse=0; global=0; static=0; extern=0; dir=0; type=0; pingpong=0; private_global=0; IO mode=ap_none:ce=0
Port [ quantized_pe2]:  wired=1; compound=1; hidden=0; nouse=0; global=0; static=0; extern=0; dir=1; type=3; pingpong=0; private_global=0; IO mode=ap_fifo:ce=0
Port [ scale_pe2]:  wired=1; compound=1; hidden=0; nouse=0; global=0; static=0; extern=0; dir=1; type=3; pingpong=0; private_global=0; IO mode=ap_fifo:ce=0
Port [ idx]:  wired=1; compound=0; hidden=0; nouse=0; global=0; static=0; extern=0; dir=0; type=0; pingpong=0; private_global=0; IO mode=ap_none:ce=0
Port [ model_norm_cache2]:  wired=1; compound=1; hidden=0; nouse=0; global=1; static=1; extern=0; dir=0; type=1; pingpong=0; private_global=0; MemPort=[1]; IO mode=ap_memory:ce=0
---------------- STG Properties END ------------------

---------------- Datapath Model BEGIN ----------------

<LifeTime>
<method=bitvector/>
group                   (alloca           ) [ 011111111111111111111]
idx_read                (read             ) [ 001111111111111111111]
reciprocal_rms_read     (read             ) [ 001111111111111111111]
quantized_word_loc      (alloca           ) [ 001111111111111111111]
max_abs_bits_6_loc      (alloca           ) [ 001111111111111111111]
specmemcore_ln0         (specmemcore      ) [ 000000000000000000000]
specmemcore_ln0         (specmemcore      ) [ 000000000000000000000]
specmemcore_ln0         (specmemcore      ) [ 000000000000000000000]
specinterface_ln0       (specinterface    ) [ 000000000000000000000]
specinterface_ln0       (specinterface    ) [ 000000000000000000000]
normalized              (alloca           ) [ 001111111111111111111]
specmemcore_ln113       (specmemcore      ) [ 000000000000000000000]
store_ln116             (store            ) [ 000000000000000000000]
br_ln116                (br               ) [ 000000000000000000000]
group_10                (load             ) [ 000000000000000000000]
icmp_ln117              (icmp             ) [ 001111111111111111111]
add_ln118               (add              ) [ 000000000000000000000]
br_ln116                (br               ) [ 000000000000000000000]
empty                   (shl              ) [ 000100000000000000000]
store_ln116             (store            ) [ 000000000000000000000]
ret_ln194               (ret              ) [ 000000000000000000000]
call_ln0                (call             ) [ 000000000000000000000]
max_abs_bits_6_loc_load (load             ) [ 000000000000000000000]
max_abs                 (bitcast          ) [ 000001111111111111000]
tmp_62                  (partselect       ) [ 000000000000000000000]
trunc_ln163             (trunc            ) [ 000000000000000000000]
icmp_ln163              (icmp             ) [ 000001000000000000000]
icmp_ln163_2            (icmp             ) [ 000001000000000000000]
or_ln163                (or               ) [ 000000000000000000000]
tmp_63                  (fcmp             ) [ 000000000000000000000]
and_ln163               (and              ) [ 000000111111111111100]
mul                     (fmul             ) [ 000000000000000000100]
div                     (fdiv             ) [ 000000000000000000100]
bitcast_ln166           (bitcast          ) [ 000000000000000000000]
select_ln166            (select           ) [ 000000000000000000011]
inverse_scale           (select           ) [ 000000000000000000010]
call_ln169              (call             ) [ 000000000000000000000]
speclooptripcount_ln116 (speclooptripcount) [ 000000000000000000000]
specloopname_ln116      (specloopname     ) [ 000000000000000000000]
write_ln166             (write            ) [ 000000000000000000000]
quantized_word_loc_load (load             ) [ 000000000000000000000]
write_ln192             (write            ) [ 000000000000000000000]
br_ln116                (br               ) [ 000000000000000000000]
</LifeTime>

<model>

<comp_list>
<comp id="0" class="1000" name="input_r">
<pin_list>
<pin id="1" dir="1" index="0" bw="1" slack="0"/>
</pin_list>
<bind>
<StgValue><ssdm name="input_r"/><MemPortTyVec>1 3 </MemPortTyVec>
</StgValue>
</bind>
</comp>

<comp id="2" class="1000" name="reciprocal_rms">
<pin_list>
<pin id="3" dir="1" index="0" bw="1" slack="0"/>
</pin_list>
<bind>
<StgValue><ssdm name="reciprocal_rms"/></StgValue>
</bind>
</comp>

<comp id="4" class="1000" name="quantized_pe2">
<pin_list>
<pin id="5" dir="1" index="0" bw="1" slack="0"/>
</pin_list>
<bind>
<StgValue><ssdm name="quantized_pe2"/></StgValue>
</bind>
</comp>

<comp id="6" class="1000" name="scale_pe2">
<pin_list>
<pin id="7" dir="1" index="0" bw="1" slack="0"/>
</pin_list>
<bind>
<StgValue><ssdm name="scale_pe2"/></StgValue>
</bind>
</comp>

<comp id="8" class="1000" name="idx">
<pin_list>
<pin id="9" dir="1" index="0" bw="1" slack="0"/>
</pin_list>
<bind>
<StgValue><ssdm name="idx"/></StgValue>
</bind>
</comp>

<comp id="10" class="1000" name="model_norm_cache2">
<pin_list>
<pin id="11" dir="1" index="0" bw="1" slack="0"/>
</pin_list>
<bind>
<StgValue><ssdm name="model_norm_cache2"/><MemPortTyVec>1 </MemPortTyVec>
</StgValue>
</bind>
</comp>

<comp id="12" class="1001" name="const_12">
<pin_list>
<pin id="13" dir="1" index="0" bw="1" slack="0"/>
</pin_list>
<bind>
<StgValue><ssdm name=""/></StgValue>
</bind>
</comp>

<comp id="14" class="1001" name="const_14">
<pin_list>
<pin id="15" dir="1" index="0" bw="1" slack="0"/>
</pin_list>
<bind>
<StgValue><ssdm name="_ssdm_op_Read.ap_auto.i13"/></StgValue>
</bind>
</comp>

<comp id="16" class="1001" name="const_16">
<pin_list>
<pin id="17" dir="1" index="0" bw="1" slack="0"/>
</pin_list>
<bind>
<StgValue><ssdm name="_ssdm_op_Read.ap_auto.float"/></StgValue>
</bind>
</comp>

<comp id="18" class="1001" name="const_18">
<pin_list>
<pin id="19" dir="1" index="0" bw="1" slack="0"/>
</pin_list>
<bind>
<StgValue><ssdm name=""/></StgValue>
</bind>
</comp>

<comp id="20" class="1001" name="const_20">
<pin_list>
<pin id="21" dir="1" index="0" bw="1" slack="2147483647"/>
</pin_list>
<bind>
<StgValue><ssdm name="_ssdm_op_SpecMemCore"/></StgValue>
</bind>
</comp>

<comp id="22" class="1001" name="const_22">
<pin_list>
<pin id="23" dir="1" index="0" bw="1" slack="2147483647"/>
</pin_list>
<bind>
<StgValue><ssdm name=""/></StgValue>
</bind>
</comp>

<comp id="24" class="1001" name="const_24">
<pin_list>
<pin id="25" dir="1" index="0" bw="1" slack="2147483647"/>
</pin_list>
<bind>
<StgValue><ssdm name=""/></StgValue>
</bind>
</comp>

<comp id="26" class="1001" name="const_26">
<pin_list>
<pin id="27" dir="1" index="0" bw="1" slack="2147483647"/>
</pin_list>
<bind>
<StgValue><ssdm name=""/></StgValue>
</bind>
</comp>

<comp id="28" class="1001" name="const_28">
<pin_list>
<pin id="29" dir="1" index="0" bw="1" slack="2147483647"/>
</pin_list>
<bind>
<StgValue><ssdm name=""/></StgValue>
</bind>
</comp>

<comp id="30" class="1001" name="const_30">
<pin_list>
<pin id="31" dir="1" index="0" bw="1" slack="2147483647"/>
</pin_list>
<bind>
<StgValue><ssdm name=""/></StgValue>
</bind>
</comp>

<comp id="32" class="1001" name="const_32">
<pin_list>
<pin id="33" dir="1" index="0" bw="1" slack="2147483647"/>
</pin_list>
<bind>
<StgValue><ssdm name="_ssdm_op_SpecInterface"/></StgValue>
</bind>
</comp>

<comp id="34" class="1001" name="const_34">
<pin_list>
<pin id="35" dir="1" index="0" bw="1" slack="2147483647"/>
</pin_list>
<bind>
<StgValue><ssdm name="empty_447"/></StgValue>
</bind>
</comp>

<comp id="36" class="1001" name="const_36">
<pin_list>
<pin id="37" dir="1" index="0" bw="1" slack="0"/>
</pin_list>
<bind>
<StgValue><ssdm name=""/></StgValue>
</bind>
</comp>

<comp id="38" class="1001" name="const_38">
<pin_list>
<pin id="39" dir="1" index="0" bw="1" slack="2147483647"/>
</pin_list>
<bind>
<StgValue><ssdm name="empty_418"/></StgValue>
</bind>
</comp>

<comp id="40" class="1001" name="const_40">
<pin_list>
<pin id="41" dir="1" index="0" bw="1" slack="2147483647"/>
</pin_list>
<bind>
<StgValue><ssdm name=""/></StgValue>
</bind>
</comp>

<comp id="42" class="1001" name="const_42">
<pin_list>
<pin id="43" dir="1" index="0" bw="1" slack="2147483647"/>
</pin_list>
<bind>
<StgValue><ssdm name=""/></StgValue>
</bind>
</comp>

<comp id="44" class="1001" name="const_44">
<pin_list>
<pin id="45" dir="1" index="0" bw="1" slack="0"/>
</pin_list>
<bind>
<StgValue><ssdm name=""/></StgValue>
</bind>
</comp>

<comp id="46" class="1001" name="const_46">
<pin_list>
<pin id="47" dir="1" index="0" bw="1" slack="0"/>
</pin_list>
<bind>
<StgValue><ssdm name=""/></StgValue>
</bind>
</comp>

<comp id="48" class="1001" name="const_48">
<pin_list>
<pin id="49" dir="1" index="0" bw="1" slack="0"/>
</pin_list>
<bind>
<StgValue><ssdm name=""/></StgValue>
</bind>
</comp>

<comp id="50" class="1001" name="const_50">
<pin_list>
<pin id="51" dir="1" index="0" bw="1" slack="0"/>
</pin_list>
<bind>
<StgValue><ssdm name="int4_rms_normalize_quantize_pe.14_Pipeline_normalize_word_loop_normalize_lane_lo"/></StgValue>
</bind>
</comp>

<comp id="52" class="1001" name="const_52">
<pin_list>
<pin id="53" dir="1" index="0" bw="1" slack="0"/>
</pin_list>
<bind>
<StgValue><ssdm name="_ssdm_op_PartSelect.i8.i32.i32.i32"/></StgValue>
</bind>
</comp>

<comp id="54" class="1001" name="const_54">
<pin_list>
<pin id="55" dir="1" index="0" bw="1" slack="0"/>
</pin_list>
<bind>
<StgValue><ssdm name=""/></StgValue>
</bind>
</comp>

<comp id="56" class="1001" name="const_56">
<pin_list>
<pin id="57" dir="1" index="0" bw="1" slack="0"/>
</pin_list>
<bind>
<StgValue><ssdm name=""/></StgValue>
</bind>
</comp>

<comp id="58" class="1001" name="const_58">
<pin_list>
<pin id="59" dir="1" index="0" bw="1" slack="0"/>
</pin_list>
<bind>
<StgValue><ssdm name=""/></StgValue>
</bind>
</comp>

<comp id="60" class="1001" name="const_60">
<pin_list>
<pin id="61" dir="1" index="0" bw="1" slack="0"/>
</pin_list>
<bind>
<StgValue><ssdm name=""/></StgValue>
</bind>
</comp>

<comp id="62" class="1001" name="const_62">
<pin_list>
<pin id="63" dir="1" index="0" bw="1" slack="0"/>
</pin_list>
<bind>
<StgValue><ssdm name=""/></StgValue>
</bind>
</comp>

<comp id="64" class="1001" name="const_64">
<pin_list>
<pin id="65" dir="1" index="0" bw="1" slack="0"/>
</pin_list>
<bind>
<StgValue><ssdm name=""/></StgValue>
</bind>
</comp>

<comp id="66" class="1001" name="const_66">
<pin_list>
<pin id="67" dir="1" index="0" bw="1" slack="0"/>
</pin_list>
<bind>
<StgValue><ssdm name=""/></StgValue>
</bind>
</comp>

<comp id="68" class="1001" name="const_68">
<pin_list>
<pin id="69" dir="1" index="0" bw="1" slack="0"/>
</pin_list>
<bind>
<StgValue><ssdm name="int4_rms_normalize_quantize_pe.14_Pipeline_quantize_reverse_loop"/></StgValue>
</bind>
</comp>

<comp id="70" class="1001" name="const_70">
<pin_list>
<pin id="71" dir="1" index="0" bw="1" slack="2147483647"/>
</pin_list>
<bind>
<StgValue><ssdm name="_ssdm_op_SpecLoopTripCount"/></StgValue>
</bind>
</comp>

<comp id="72" class="1001" name="const_72">
<pin_list>
<pin id="73" dir="1" index="0" bw="1" slack="2147483647"/>
</pin_list>
<bind>
<StgValue><ssdm name=""/></StgValue>
</bind>
</comp>

<comp id="74" class="1001" name="const_74">
<pin_list>
<pin id="75" dir="1" index="0" bw="1" slack="2147483647"/>
</pin_list>
<bind>
<StgValue><ssdm name="_ssdm_op_SpecLoopName"/></StgValue>
</bind>
</comp>

<comp id="76" class="1001" name="const_76">
<pin_list>
<pin id="77" dir="1" index="0" bw="1" slack="2147483647"/>
</pin_list>
<bind>
<StgValue><ssdm name="empty_489"/></StgValue>
</bind>
</comp>

<comp id="78" class="1001" name="const_78">
<pin_list>
<pin id="79" dir="1" index="0" bw="1" slack="0"/>
</pin_list>
<bind>
<StgValue><ssdm name="_ssdm_op_Write.ap_fifo.volatile.i32P0A"/></StgValue>
</bind>
</comp>

<comp id="80" class="1001" name="const_80">
<pin_list>
<pin id="81" dir="1" index="0" bw="1" slack="0"/>
</pin_list>
<bind>
<StgValue><ssdm name="_ssdm_op_Write.ap_fifo.volatile.i480P0A"/></StgValue>
</bind>
</comp>

<comp id="82" class="1004" name="group_fu_82">
<pin_list>
<pin id="83" dir="0" index="0" bw="1" slack="0"/>
<pin id="84" dir="1" index="1" bw="6" slack="0"/>
</pin_list>
<bind>
<opcode="alloca(26) " fcode="alloca"/>
<opset="group/1 "/>
</bind>
</comp>

<comp id="86" class="1004" name="quantized_word_loc_fu_86">
<pin_list>
<pin id="87" dir="0" index="0" bw="1" slack="0"/>
<pin id="88" dir="1" index="1" bw="480" slack="17"/>
</pin_list>
<bind>
<opcode="alloca(26) " fcode="alloca"/>
<opset="quantized_word_loc/1 "/>
</bind>
</comp>

<comp id="90" class="1004" name="max_abs_bits_6_loc_fu_90">
<pin_list>
<pin id="91" dir="0" index="0" bw="1" slack="0"/>
<pin id="92" dir="1" index="1" bw="32" slack="1"/>
</pin_list>
<bind>
<opcode="alloca(26) " fcode="alloca"/>
<opset="max_abs_bits_6_loc/1 "/>
</bind>
</comp>

<comp id="94" class="1004" name="normalized_alloca_fu_94">
<pin_list>
<pin id="95" dir="0" index="0" bw="1" slack="0"/>
<pin id="96" dir="1" index="1" bw="32" slack="2147483647"/>
</pin_list>
<bind>
<opcode="alloca(26) " fcode="alloca"/>
<opset="normalized/1 "/>
</bind>
</comp>

<comp id="98" class="1004" name="idx_read_read_fu_98">
<pin_list>
<pin id="99" dir="0" index="0" bw="13" slack="0"/>
<pin id="100" dir="0" index="1" bw="13" slack="0"/>
<pin id="101" dir="1" index="2" bw="13" slack="1"/>
</pin_list>
<bind>
<opcode="read(1150) " fcode="read"/>
<opset="idx_read/1 "/>
</bind>
</comp>

<comp id="104" class="1004" name="reciprocal_rms_read_read_fu_104">
<pin_list>
<pin id="105" dir="0" index="0" bw="32" slack="0"/>
<pin id="106" dir="0" index="1" bw="32" slack="0"/>
<pin id="107" dir="1" index="2" bw="32" slack="1"/>
</pin_list>
<bind>
<opcode="read(1150) " fcode="read"/>
<opset="reciprocal_rms_read/1 "/>
</bind>
</comp>

<comp id="110" class="1004" name="write_ln166_write_fu_110">
<pin_list>
<pin id="111" dir="0" index="0" bw="0" slack="0"/>
<pin id="112" dir="0" index="1" bw="32" slack="0"/>
<pin id="113" dir="0" index="2" bw="32" slack="2"/>
<pin id="114" dir="1" index="3" bw="0" slack="2147483647"/>
</pin_list>
<bind>
<opcode="write(1151) " fcode="write"/>
<opset="write_ln166/20 "/>
</bind>
</comp>

<comp id="117" class="1004" name="write_ln192_write_fu_117">
<pin_list>
<pin id="118" dir="0" index="0" bw="0" slack="0"/>
<pin id="119" dir="0" index="1" bw="480" slack="0"/>
<pin id="120" dir="0" index="2" bw="480" slack="0"/>
<pin id="121" dir="1" index="3" bw="0" slack="2147483647"/>
</pin_list>
<bind>
<opcode="write(1151) " fcode="write"/>
<opset="write_ln192/20 "/>
</bind>
</comp>

<comp id="124" class="1004" name="grp_int4_rms_normalize_quantize_pe_14_Pipeline_normalize_word_loop_normalize_lane_lo_fu_124">
<pin_list>
<pin id="125" dir="0" index="0" bw="0" slack="0"/>
<pin id="126" dir="0" index="1" bw="6" slack="0"/>
<pin id="127" dir="0" index="2" bw="512" slack="0"/>
<pin id="128" dir="0" index="3" bw="13" slack="1"/>
<pin id="129" dir="0" index="4" bw="32" slack="1"/>
<pin id="130" dir="0" index="5" bw="32" slack="2147483647"/>
<pin id="131" dir="0" index="6" bw="32" slack="1"/>
<pin id="132" dir="0" index="7" bw="512" slack="0"/>
<pin id="133" dir="1" index="8" bw="0" slack="2147483647"/>
</pin_list>
<bind>
<opcode="call(48) " fcode="call"/>
<opset="call_ln0/2 "/>
</bind>
</comp>

<comp id="137" class="1004" name="grp_int4_rms_normalize_quantize_pe_14_Pipeline_quantize_reverse_loop_fu_137">
<pin_list>
<pin id="138" dir="0" index="0" bw="0" slack="0"/>
<pin id="139" dir="0" index="1" bw="32" slack="2147483647"/>
<pin id="140" dir="0" index="2" bw="32" slack="0"/>
<pin id="141" dir="0" index="3" bw="480" slack="17"/>
<pin id="142" dir="1" index="4" bw="0" slack="2147483647"/>
</pin_list>
<bind>
<opcode="call(48) " fcode="call"/>
<opset="call_ln169/18 "/>
</bind>
</comp>

<comp id="144" class="1004" name="grp_fu_144">
<pin_list>
<pin id="145" dir="0" index="0" bw="32" slack="10"/>
<pin id="146" dir="0" index="1" bw="32" slack="0"/>
<pin id="147" dir="1" index="2" bw="32" slack="1"/>
</pin_list>
<bind>
<opcode="fmul(13) " fcode="fmul"/>
<opset="mul/14 "/>
</bind>
</comp>

<comp id="149" class="1004" name="grp_fu_149">
<pin_list>
<pin id="150" dir="0" index="0" bw="32" slack="0"/>
<pin id="151" dir="0" index="1" bw="32" slack="2"/>
<pin id="152" dir="1" index="2" bw="32" slack="1"/>
</pin_list>
<bind>
<opcode="fdiv(16) " fcode="fdiv"/>
<opset="div/6 "/>
</bind>
</comp>

<comp id="154" class="1004" name="grp_fu_154">
<pin_list>
<pin id="155" dir="0" index="0" bw="32" slack="0"/>
<pin id="156" dir="0" index="1" bw="32" slack="0"/>
<pin id="157" dir="1" index="2" bw="1" slack="0"/>
</pin_list>
<bind>
<opcode="fcmp(46) " fcode="fcmp"/>
<opset="tmp_63/4 "/>
</bind>
</comp>

<comp id="159" class="1004" name="store_ln116_store_fu_159">
<pin_list>
<pin id="160" dir="0" index="0" bw="1" slack="0"/>
<pin id="161" dir="0" index="1" bw="6" slack="0"/>
<pin id="162" dir="1" index="2" bw="0" slack="2147483647"/>
</pin_list>
<bind>
<opcode="store(28) " fcode="store"/>
<opset="store_ln116/1 "/>
</bind>
</comp>

<comp id="164" class="1004" name="group_10_load_fu_164">
<pin_list>
<pin id="165" dir="0" index="0" bw="6" slack="1"/>
<pin id="166" dir="1" index="1" bw="6" slack="0"/>
</pin_list>
<bind>
<opcode="load(27) " fcode="load"/>
<opset="group_10/2 "/>
</bind>
</comp>

<comp id="167" class="1004" name="icmp_ln117_fu_167">
<pin_list>
<pin id="168" dir="0" index="0" bw="6" slack="0"/>
<pin id="169" dir="0" index="1" bw="6" slack="0"/>
<pin id="170" dir="1" index="2" bw="1" slack="2147483647"/>
</pin_list>
<bind>
<opcode="icmp(45) " fcode="icmp"/>
<opset="icmp_ln117/2 "/>
</bind>
</comp>

<comp id="173" class="1004" name="add_ln118_fu_173">
<pin_list>
<pin id="174" dir="0" index="0" bw="6" slack="0"/>
<pin id="175" dir="0" index="1" bw="1" slack="0"/>
<pin id="176" dir="1" index="2" bw="6" slack="0"/>
</pin_list>
<bind>
<opcode="add(8) " fcode="add"/>
<opset="add_ln118/2 "/>
</bind>
</comp>

<comp id="179" class="1004" name="empty_fu_179">
<pin_list>
<pin id="180" dir="0" index="0" bw="6" slack="0"/>
<pin id="181" dir="0" index="1" bw="1" slack="0"/>
<pin id="182" dir="1" index="2" bw="6" slack="0"/>
</pin_list>
<bind>
<opcode="shl(20) " fcode="shl"/>
<opset="empty/2 "/>
</bind>
</comp>

<comp id="186" class="1004" name="store_ln116_store_fu_186">
<pin_list>
<pin id="187" dir="0" index="0" bw="6" slack="0"/>
<pin id="188" dir="0" index="1" bw="6" slack="1"/>
<pin id="189" dir="1" index="2" bw="0" slack="2147483647"/>
</pin_list>
<bind>
<opcode="store(28) " fcode="store"/>
<opset="store_ln116/2 "/>
</bind>
</comp>

<comp id="191" class="1004" name="max_abs_bits_6_loc_load_load_fu_191">
<pin_list>
<pin id="192" dir="0" index="0" bw="32" slack="3"/>
<pin id="193" dir="1" index="1" bw="32" slack="0"/>
</pin_list>
<bind>
<opcode="load(27) " fcode="load"/>
<opset="max_abs_bits_6_loc_load/4 "/>
</bind>
</comp>

<comp id="194" class="1004" name="max_abs_fu_194">
<pin_list>
<pin id="195" dir="0" index="0" bw="32" slack="0"/>
<pin id="196" dir="1" index="1" bw="32" slack="0"/>
</pin_list>
<bind>
<opcode="bitcast(44) " fcode="bitcast"/>
<opset="max_abs/4 "/>
</bind>
</comp>

<comp id="199" class="1004" name="tmp_62_fu_199">
<pin_list>
<pin id="200" dir="0" index="0" bw="8" slack="0"/>
<pin id="201" dir="0" index="1" bw="32" slack="0"/>
<pin id="202" dir="0" index="2" bw="6" slack="0"/>
<pin id="203" dir="0" index="3" bw="6" slack="0"/>
<pin id="204" dir="1" index="4" bw="8" slack="0"/>
</pin_list>
<bind>
<opcode="partselect(1002) " fcode="partselect"/>
<opset="tmp_62/4 "/>
</bind>
</comp>

<comp id="209" class="1004" name="trunc_ln163_fu_209">
<pin_list>
<pin id="210" dir="0" index="0" bw="32" slack="0"/>
<pin id="211" dir="1" index="1" bw="23" slack="0"/>
</pin_list>
<bind>
<opcode="trunc(33) " fcode="trunc"/>
<opset="trunc_ln163/4 "/>
</bind>
</comp>

<comp id="213" class="1004" name="icmp_ln163_fu_213">
<pin_list>
<pin id="214" dir="0" index="0" bw="8" slack="0"/>
<pin id="215" dir="0" index="1" bw="1" slack="0"/>
<pin id="216" dir="1" index="2" bw="1" slack="1"/>
</pin_list>
<bind>
<opcode="icmp(45) " fcode="icmp"/>
<opset="icmp_ln163/4 "/>
</bind>
</comp>

<comp id="219" class="1004" name="icmp_ln163_2_fu_219">
<pin_list>
<pin id="220" dir="0" index="0" bw="23" slack="0"/>
<pin id="221" dir="0" index="1" bw="1" slack="0"/>
<pin id="222" dir="1" index="2" bw="1" slack="1"/>
</pin_list>
<bind>
<opcode="icmp(45) " fcode="icmp"/>
<opset="icmp_ln163_2/4 "/>
</bind>
</comp>

<comp id="225" class="1004" name="or_ln163_fu_225">
<pin_list>
<pin id="226" dir="0" index="0" bw="1" slack="1"/>
<pin id="227" dir="0" index="1" bw="1" slack="1"/>
<pin id="228" dir="1" index="2" bw="1" slack="0"/>
</pin_list>
<bind>
<opcode="or(24) " fcode="or"/>
<opset="or_ln163/5 "/>
</bind>
</comp>

<comp id="229" class="1004" name="and_ln163_fu_229">
<pin_list>
<pin id="230" dir="0" index="0" bw="1" slack="0"/>
<pin id="231" dir="0" index="1" bw="1" slack="0"/>
<pin id="232" dir="1" index="2" bw="1" slack="1"/>
</pin_list>
<bind>
<opcode="and(23) " fcode="and"/>
<opset="and_ln163/5 "/>
</bind>
</comp>

<comp id="235" class="1004" name="bitcast_ln166_fu_235">
<pin_list>
<pin id="236" dir="0" index="0" bw="32" slack="1"/>
<pin id="237" dir="1" index="1" bw="32" slack="0"/>
</pin_list>
<bind>
<opcode="bitcast(44) " fcode="bitcast"/>
<opset="bitcast_ln166/18 "/>
</bind>
</comp>

<comp id="238" class="1004" name="select_ln166_fu_238">
<pin_list>
<pin id="239" dir="0" index="0" bw="1" slack="13"/>
<pin id="240" dir="0" index="1" bw="1" slack="0"/>
<pin id="241" dir="0" index="2" bw="32" slack="0"/>
<pin id="242" dir="1" index="3" bw="32" slack="2"/>
</pin_list>
<bind>
<opcode="select(49) " fcode="select"/>
<opset="select_ln166/18 "/>
</bind>
</comp>

<comp id="245" class="1004" name="inverse_scale_fu_245">
<pin_list>
<pin id="246" dir="0" index="0" bw="1" slack="13"/>
<pin id="247" dir="0" index="1" bw="32" slack="0"/>
<pin id="248" dir="0" index="2" bw="32" slack="1"/>
<pin id="249" dir="1" index="3" bw="32" slack="0"/>
</pin_list>
<bind>
<opcode="select(49) " fcode="select"/>
<opset="inverse_scale/18 "/>
</bind>
</comp>

<comp id="252" class="1004" name="quantized_word_loc_load_load_fu_252">
<pin_list>
<pin id="253" dir="0" index="0" bw="480" slack="19"/>
<pin id="254" dir="1" index="1" bw="480" slack="0"/>
</pin_list>
<bind>
<opcode="load(27) " fcode="load"/>
<opset="quantized_word_loc_load/20 "/>
</bind>
</comp>

<comp id="256" class="1005" name="group_reg_256">
<pin_list>
<pin id="257" dir="0" index="0" bw="6" slack="0"/>
<pin id="258" dir="1" index="1" bw="6" slack="0"/>
</pin_list>
<bind>
<opset="group "/>
</bind>
</comp>

<comp id="263" class="1005" name="idx_read_reg_263">
<pin_list>
<pin id="264" dir="0" index="0" bw="13" slack="1"/>
<pin id="265" dir="1" index="1" bw="13" slack="1"/>
</pin_list>
<bind>
<opset="idx_read "/>
</bind>
</comp>

<comp id="268" class="1005" name="reciprocal_rms_read_reg_268">
<pin_list>
<pin id="269" dir="0" index="0" bw="32" slack="1"/>
<pin id="270" dir="1" index="1" bw="32" slack="1"/>
</pin_list>
<bind>
<opset="reciprocal_rms_read "/>
</bind>
</comp>

<comp id="273" class="1005" name="quantized_word_loc_reg_273">
<pin_list>
<pin id="274" dir="0" index="0" bw="480" slack="17"/>
<pin id="275" dir="1" index="1" bw="480" slack="17"/>
</pin_list>
<bind>
<opset="quantized_word_loc "/>
</bind>
</comp>

<comp id="279" class="1005" name="max_abs_bits_6_loc_reg_279">
<pin_list>
<pin id="280" dir="0" index="0" bw="32" slack="1"/>
<pin id="281" dir="1" index="1" bw="32" slack="1"/>
</pin_list>
<bind>
<opset="max_abs_bits_6_loc "/>
</bind>
</comp>

<comp id="288" class="1005" name="empty_reg_288">
<pin_list>
<pin id="289" dir="0" index="0" bw="6" slack="1"/>
<pin id="290" dir="1" index="1" bw="6" slack="1"/>
</pin_list>
<bind>
<opset="empty "/>
</bind>
</comp>

<comp id="293" class="1005" name="max_abs_reg_293">
<pin_list>
<pin id="294" dir="0" index="0" bw="32" slack="1"/>
<pin id="295" dir="1" index="1" bw="32" slack="1"/>
</pin_list>
<bind>
<opset="max_abs "/>
</bind>
</comp>

<comp id="300" class="1005" name="icmp_ln163_reg_300">
<pin_list>
<pin id="301" dir="0" index="0" bw="1" slack="1"/>
<pin id="302" dir="1" index="1" bw="1" slack="1"/>
</pin_list>
<bind>
<opset="icmp_ln163 "/>
</bind>
</comp>

<comp id="305" class="1005" name="icmp_ln163_2_reg_305">
<pin_list>
<pin id="306" dir="0" index="0" bw="1" slack="1"/>
<pin id="307" dir="1" index="1" bw="1" slack="1"/>
</pin_list>
<bind>
<opset="icmp_ln163_2 "/>
</bind>
</comp>

<comp id="310" class="1005" name="and_ln163_reg_310">
<pin_list>
<pin id="311" dir="0" index="0" bw="1" slack="1"/>
<pin id="312" dir="1" index="1" bw="1" slack="13"/>
</pin_list>
<bind>
<opset="and_ln163 "/>
</bind>
</comp>

<comp id="316" class="1005" name="mul_reg_316">
<pin_list>
<pin id="317" dir="0" index="0" bw="32" slack="1"/>
<pin id="318" dir="1" index="1" bw="32" slack="1"/>
</pin_list>
<bind>
<opset="mul "/>
</bind>
</comp>

<comp id="321" class="1005" name="div_reg_321">
<pin_list>
<pin id="322" dir="0" index="0" bw="32" slack="1"/>
<pin id="323" dir="1" index="1" bw="32" slack="1"/>
</pin_list>
<bind>
<opset="div "/>
</bind>
</comp>

<comp id="326" class="1005" name="select_ln166_reg_326">
<pin_list>
<pin id="327" dir="0" index="0" bw="32" slack="2"/>
<pin id="328" dir="1" index="1" bw="32" slack="2"/>
</pin_list>
<bind>
<opset="select_ln166 "/>
</bind>
</comp>

<comp id="331" class="1005" name="inverse_scale_reg_331">
<pin_list>
<pin id="332" dir="0" index="0" bw="32" slack="1"/>
<pin id="333" dir="1" index="1" bw="32" slack="1"/>
</pin_list>
<bind>
<opset="inverse_scale "/>
</bind>
</comp>

</comp_list>

<net_list>
<net id="85"><net_src comp="12" pin="0"/><net_sink comp="82" pin=0"/></net>

<net id="89"><net_src comp="18" pin="0"/><net_sink comp="86" pin=0"/></net>

<net id="93"><net_src comp="18" pin="0"/><net_sink comp="90" pin=0"/></net>

<net id="97"><net_src comp="18" pin="0"/><net_sink comp="94" pin=0"/></net>

<net id="102"><net_src comp="14" pin="0"/><net_sink comp="98" pin=0"/></net>

<net id="103"><net_src comp="8" pin="0"/><net_sink comp="98" pin=1"/></net>

<net id="108"><net_src comp="16" pin="0"/><net_sink comp="104" pin=0"/></net>

<net id="109"><net_src comp="2" pin="0"/><net_sink comp="104" pin=1"/></net>

<net id="115"><net_src comp="78" pin="0"/><net_sink comp="110" pin=0"/></net>

<net id="116"><net_src comp="6" pin="0"/><net_sink comp="110" pin=1"/></net>

<net id="122"><net_src comp="80" pin="0"/><net_sink comp="117" pin=0"/></net>

<net id="123"><net_src comp="4" pin="0"/><net_sink comp="117" pin=1"/></net>

<net id="134"><net_src comp="50" pin="0"/><net_sink comp="124" pin=0"/></net>

<net id="135"><net_src comp="0" pin="0"/><net_sink comp="124" pin=2"/></net>

<net id="136"><net_src comp="10" pin="0"/><net_sink comp="124" pin=7"/></net>

<net id="143"><net_src comp="68" pin="0"/><net_sink comp="137" pin=0"/></net>

<net id="148"><net_src comp="66" pin="0"/><net_sink comp="144" pin=1"/></net>

<net id="153"><net_src comp="64" pin="0"/><net_sink comp="149" pin=0"/></net>

<net id="158"><net_src comp="62" pin="0"/><net_sink comp="154" pin=1"/></net>

<net id="163"><net_src comp="44" pin="0"/><net_sink comp="159" pin=0"/></net>

<net id="171"><net_src comp="164" pin="1"/><net_sink comp="167" pin=0"/></net>

<net id="172"><net_src comp="46" pin="0"/><net_sink comp="167" pin=1"/></net>

<net id="177"><net_src comp="164" pin="1"/><net_sink comp="173" pin=0"/></net>

<net id="178"><net_src comp="48" pin="0"/><net_sink comp="173" pin=1"/></net>

<net id="183"><net_src comp="164" pin="1"/><net_sink comp="179" pin=0"/></net>

<net id="184"><net_src comp="48" pin="0"/><net_sink comp="179" pin=1"/></net>

<net id="185"><net_src comp="179" pin="2"/><net_sink comp="124" pin=1"/></net>

<net id="190"><net_src comp="173" pin="2"/><net_sink comp="186" pin=0"/></net>

<net id="197"><net_src comp="191" pin="1"/><net_sink comp="194" pin=0"/></net>

<net id="198"><net_src comp="194" pin="1"/><net_sink comp="154" pin=0"/></net>

<net id="205"><net_src comp="52" pin="0"/><net_sink comp="199" pin=0"/></net>

<net id="206"><net_src comp="191" pin="1"/><net_sink comp="199" pin=1"/></net>

<net id="207"><net_src comp="54" pin="0"/><net_sink comp="199" pin=2"/></net>

<net id="208"><net_src comp="56" pin="0"/><net_sink comp="199" pin=3"/></net>

<net id="212"><net_src comp="191" pin="1"/><net_sink comp="209" pin=0"/></net>

<net id="217"><net_src comp="199" pin="4"/><net_sink comp="213" pin=0"/></net>

<net id="218"><net_src comp="58" pin="0"/><net_sink comp="213" pin=1"/></net>

<net id="223"><net_src comp="209" pin="1"/><net_sink comp="219" pin=0"/></net>

<net id="224"><net_src comp="60" pin="0"/><net_sink comp="219" pin=1"/></net>

<net id="233"><net_src comp="225" pin="2"/><net_sink comp="229" pin=0"/></net>

<net id="234"><net_src comp="154" pin="2"/><net_sink comp="229" pin=1"/></net>

<net id="243"><net_src comp="36" pin="0"/><net_sink comp="238" pin=1"/></net>

<net id="244"><net_src comp="235" pin="1"/><net_sink comp="238" pin=2"/></net>

<net id="250"><net_src comp="62" pin="0"/><net_sink comp="245" pin=1"/></net>

<net id="251"><net_src comp="245" pin="3"/><net_sink comp="137" pin=2"/></net>

<net id="255"><net_src comp="252" pin="1"/><net_sink comp="117" pin=2"/></net>

<net id="259"><net_src comp="82" pin="1"/><net_sink comp="256" pin=0"/></net>

<net id="260"><net_src comp="256" pin="1"/><net_sink comp="159" pin=1"/></net>

<net id="261"><net_src comp="256" pin="1"/><net_sink comp="164" pin=0"/></net>

<net id="262"><net_src comp="256" pin="1"/><net_sink comp="186" pin=1"/></net>

<net id="266"><net_src comp="98" pin="2"/><net_sink comp="263" pin=0"/></net>

<net id="267"><net_src comp="263" pin="1"/><net_sink comp="124" pin=3"/></net>

<net id="271"><net_src comp="104" pin="2"/><net_sink comp="268" pin=0"/></net>

<net id="272"><net_src comp="268" pin="1"/><net_sink comp="124" pin=4"/></net>

<net id="276"><net_src comp="86" pin="1"/><net_sink comp="273" pin=0"/></net>

<net id="277"><net_src comp="273" pin="1"/><net_sink comp="137" pin=3"/></net>

<net id="278"><net_src comp="273" pin="1"/><net_sink comp="252" pin=0"/></net>

<net id="282"><net_src comp="90" pin="1"/><net_sink comp="279" pin=0"/></net>

<net id="283"><net_src comp="279" pin="1"/><net_sink comp="124" pin=6"/></net>

<net id="284"><net_src comp="279" pin="1"/><net_sink comp="191" pin=0"/></net>

<net id="291"><net_src comp="179" pin="2"/><net_sink comp="288" pin=0"/></net>

<net id="292"><net_src comp="288" pin="1"/><net_sink comp="124" pin=1"/></net>

<net id="296"><net_src comp="194" pin="1"/><net_sink comp="293" pin=0"/></net>

<net id="297"><net_src comp="293" pin="1"/><net_sink comp="154" pin=0"/></net>

<net id="298"><net_src comp="293" pin="1"/><net_sink comp="149" pin=1"/></net>

<net id="299"><net_src comp="293" pin="1"/><net_sink comp="144" pin=0"/></net>

<net id="303"><net_src comp="213" pin="2"/><net_sink comp="300" pin=0"/></net>

<net id="304"><net_src comp="300" pin="1"/><net_sink comp="225" pin=1"/></net>

<net id="308"><net_src comp="219" pin="2"/><net_sink comp="305" pin=0"/></net>

<net id="309"><net_src comp="305" pin="1"/><net_sink comp="225" pin=0"/></net>

<net id="313"><net_src comp="229" pin="2"/><net_sink comp="310" pin=0"/></net>

<net id="314"><net_src comp="310" pin="1"/><net_sink comp="238" pin=0"/></net>

<net id="315"><net_src comp="310" pin="1"/><net_sink comp="245" pin=0"/></net>

<net id="319"><net_src comp="144" pin="2"/><net_sink comp="316" pin=0"/></net>

<net id="320"><net_src comp="316" pin="1"/><net_sink comp="235" pin=0"/></net>

<net id="324"><net_src comp="149" pin="2"/><net_sink comp="321" pin=0"/></net>

<net id="325"><net_src comp="321" pin="1"/><net_sink comp="245" pin=2"/></net>

<net id="329"><net_src comp="238" pin="3"/><net_sink comp="326" pin=0"/></net>

<net id="330"><net_src comp="326" pin="1"/><net_sink comp="110" pin=2"/></net>

<net id="334"><net_src comp="245" pin="3"/><net_sink comp="331" pin=0"/></net>

<net id="335"><net_src comp="331" pin="1"/><net_sink comp="137" pin=2"/></net>

</net_list>

</model> 
---------------- Datapath Model END ------------------

* FSMD analyzer results:
  - Output states:
	Port: quantized_pe2 | {20 }
	Port: scale_pe2 | {20 }
 - Input state : 
	Port: int4_rms_normalize_quantize_pe.14 : input_r | {2 3 }
	Port: int4_rms_normalize_quantize_pe.14 : reciprocal_rms | {1 }
	Port: int4_rms_normalize_quantize_pe.14 : idx | {1 }
	Port: int4_rms_normalize_quantize_pe.14 : model_norm_cache2 | {2 3 }
  - Chain level:
	State 1
		specmemcore_ln113 : 1
		store_ln116 : 1
	State 2
		icmp_ln117 : 1
		add_ln118 : 1
		br_ln116 : 2
		empty : 1
		call_ln0 : 1
		store_ln116 : 2
	State 3
	State 4
		max_abs : 1
		tmp_62 : 1
		trunc_ln163 : 1
		icmp_ln163 : 2
		icmp_ln163_2 : 2
		tmp_63 : 2
	State 5
		and_ln163 : 1
	State 6
	State 7
	State 8
	State 9
	State 10
	State 11
	State 12
	State 13
	State 14
	State 15
	State 16
	State 17
	State 18
		select_ln166 : 1
		call_ln169 : 1
	State 19
	State 20
		write_ln192 : 1


============================================================
+ Verbose Summary: Datapath Resource usage 
============================================================

* Functional unit list:
|----------|---------------------------------------------------------------------------------------------|---------|---------|---------|---------|
| Operation|                                       Functional Unit                                       |   DSP   |  Delay  |    FF   |   LUT   |
|----------|---------------------------------------------------------------------------------------------|---------|---------|---------|---------|
|   call   | grp_int4_rms_normalize_quantize_pe_14_Pipeline_normalize_word_loop_normalize_lane_lo_fu_124 |    6    |  1.548  |   1136  |   504   |
|          |         grp_int4_rms_normalize_quantize_pe_14_Pipeline_quantize_reverse_loop_fu_137         |    5    |  0.387  |   1192  |   816   |
|----------|---------------------------------------------------------------------------------------------|---------|---------|---------|---------|
|   fmul   |                                          grp_fu_144                                         |    3    |    0    |   143   |    78   |
|----------|---------------------------------------------------------------------------------------------|---------|---------|---------|---------|
|  select  |                                     select_ln166_fu_238                                     |    0    |    0    |    0    |    32   |
|          |                                     inverse_scale_fu_245                                    |    0    |    0    |    0    |    32   |
|----------|---------------------------------------------------------------------------------------------|---------|---------|---------|---------|
|          |                                      icmp_ln117_fu_167                                      |    0    |    0    |    0    |    13   |
|   icmp   |                                      icmp_ln163_fu_213                                      |    0    |    0    |    0    |    15   |
|          |                                     icmp_ln163_2_fu_219                                     |    0    |    0    |    0    |    30   |
|----------|---------------------------------------------------------------------------------------------|---------|---------|---------|---------|
|    add   |                                       add_ln118_fu_173                                      |    0    |    0    |    0    |    13   |
|----------|---------------------------------------------------------------------------------------------|---------|---------|---------|---------|
|    or    |                                       or_ln163_fu_225                                       |    0    |    0    |    0    |    2    |
|----------|---------------------------------------------------------------------------------------------|---------|---------|---------|---------|
|    and   |                                       and_ln163_fu_229                                      |    0    |    0    |    0    |    2    |
|----------|---------------------------------------------------------------------------------------------|---------|---------|---------|---------|
|   read   |                                     idx_read_read_fu_98                                     |    0    |    0    |    0    |    0    |
|          |                               reciprocal_rms_read_read_fu_104                               |    0    |    0    |    0    |    0    |
|----------|---------------------------------------------------------------------------------------------|---------|---------|---------|---------|
|   write  |                                   write_ln166_write_fu_110                                  |    0    |    0    |    0    |    0    |
|          |                                   write_ln192_write_fu_117                                  |    0    |    0    |    0    |    0    |
|----------|---------------------------------------------------------------------------------------------|---------|---------|---------|---------|
|   fdiv   |                                          grp_fu_149                                         |    0    |    0    |    0    |    0    |
|----------|---------------------------------------------------------------------------------------------|---------|---------|---------|---------|
|   fcmp   |                                          grp_fu_154                                         |    0    |    0    |    0    |    0    |
|----------|---------------------------------------------------------------------------------------------|---------|---------|---------|---------|
|    shl   |                                         empty_fu_179                                        |    0    |    0    |    0    |    0    |
|----------|---------------------------------------------------------------------------------------------|---------|---------|---------|---------|
|partselect|                                        tmp_62_fu_199                                        |    0    |    0    |    0    |    0    |
|----------|---------------------------------------------------------------------------------------------|---------|---------|---------|---------|
|   trunc  |                                      trunc_ln163_fu_209                                     |    0    |    0    |    0    |    0    |
|----------|---------------------------------------------------------------------------------------------|---------|---------|---------|---------|
|   Total  |                                                                                             |    14   |  1.935  |   2471  |   1537  |
|----------|---------------------------------------------------------------------------------------------|---------|---------|---------|---------|

Memories:
+----------+--------+--------+--------+
|          |  BRAM  |   FF   |   LUT  |
+----------+--------+--------+--------+
|normalized|    1   |    0   |    0   |
+----------+--------+--------+--------+
|   Total  |    1   |    0   |    0   |
+----------+--------+--------+--------+

* Register list:
+---------------------------+--------+
|                           |   FF   |
+---------------------------+--------+
|     and_ln163_reg_310     |    1   |
|        div_reg_321        |   32   |
|       empty_reg_288       |    6   |
|       group_reg_256       |    6   |
|    icmp_ln163_2_reg_305   |    1   |
|     icmp_ln163_reg_300    |    1   |
|      idx_read_reg_263     |   13   |
|   inverse_scale_reg_331   |   32   |
| max_abs_bits_6_loc_reg_279|   32   |
|      max_abs_reg_293      |   32   |
|        mul_reg_316        |   32   |
| quantized_word_loc_reg_273|   480  |
|reciprocal_rms_read_reg_268|   32   |
|    select_ln166_reg_326   |   32   |
+---------------------------+--------+
|           Total           |   732  |
+---------------------------+--------+

* Multiplexer (MUX) list: 
|---------------------------------------------------------------------------------------------|------|------|------|--------||---------||---------|
|                                             Comp                                            |  Pin | Size |  BW  | S x BW ||  Delay  ||   LUT   |
|---------------------------------------------------------------------------------------------|------|------|------|--------||---------||---------|
| grp_int4_rms_normalize_quantize_pe_14_Pipeline_normalize_word_loop_normalize_lane_lo_fu_124 |  p1  |   2  |   6  |   12   ||    9    |
|         grp_int4_rms_normalize_quantize_pe_14_Pipeline_quantize_reverse_loop_fu_137         |  p2  |   2  |  32  |   64   ||    9    |
|                                          grp_fu_154                                         |  p0  |   2  |  32  |   64   ||    9    |
|---------------------------------------------------------------------------------------------|------|------|------|--------||---------||---------|
|                                            Total                                            |      |      |      |   140  ||  1.161  ||    27   |
|---------------------------------------------------------------------------------------------|------|------|------|--------||---------||---------|



* Summary:
+-----------+--------+--------+--------+--------+--------+
|           |  BRAM  |   DSP  |  Delay |   FF   |   LUT  |
+-----------+--------+--------+--------+--------+--------+
|  Function |    -   |   14   |    1   |  2471  |  1537  |
|   Memory  |    1   |    -   |    -   |    0   |    0   |
|Multiplexer|    -   |    -   |    1   |    -   |   27   |
|  Register |    -   |    -   |    -   |   732  |    -   |
+-----------+--------+--------+--------+--------+--------+
|   Total   |    1   |   14   |    3   |  3203  |  1564  |
+-----------+--------+--------+--------+--------+--------+
