

================================================================
== Vitis HLS Report for 'int4_broadcast_activation_Pipeline_broadcast_activation_seed_loop'
================================================================
* Date:           Tue Aug 11 09:17:19 2026

* Version:        2023.2 (Build 4023990 on Oct 11 2023)
* Project:        proj_int4_decoder_xo
* Solution:       solution1 (Vitis Kernel Flow Target)
* Product family: virtexuplus
* Target device:  xcu250-figd2104-2L-e


================================================================
== Performance Estimates
================================================================
+ Timing: 
    * Summary: 
    +--------+---------+----------+------------+
    |  Clock |  Target | Estimated| Uncertainty|
    +--------+---------+----------+------------+
    |ap_clk  |  3.33 ns|  2.417 ns|     0.90 ns|
    +--------+---------+----------+------------+

+ Latency: 
    * Summary: 
    +---------+---------+----------+----------+-----+-----+---------+
    |  Latency (cycles) |  Latency (absolute) |  Interval | Pipeline|
    |   min   |   max   |    min   |    max   | min | max |   Type  |
    +---------+---------+----------+----------+-----+-----+---------+
    |      132|      348|  0.440 us|  1.160 us|  132|  348|       no|
    +---------+---------+----------+----------+-----+-----+---------+

    + Detail: 
        * Instance: 
        N/A

        * Loop: 
        +----------------------------------+---------+---------+----------+-----------+-----------+-----------+----------+
        |                                  |  Latency (cycles) | Iteration|  Initiation Interval  |    Trip   |          |
        |             Loop Name            |   min   |   max   |  Latency |  achieved |   target  |   Count   | Pipelined|
        +----------------------------------+---------+---------+----------+-----------+-----------+-----------+----------+
        |- broadcast_activation_seed_loop  |      130|      346|         4|          1|          1|  128 ~ 344|       yes|
        +----------------------------------+---------+---------+----------+-----------+-----------+-----------+----------+

============================================================
+ Verbose Summary: Synthesis Manager
============================================================
InlineROM: 1
ExposeGlobal: 0
============================================================
+ Verbose Summary: CDFG Model
============================================================
IsTopModel: 0
ResetActiveHigh: 1
IsCombinational: 0
IsDatapathOnly: 0
HasWiredReturn: 1
HasMFsm: 2
HasVarLatency: 1
IsPipeline: 0
IsRtlPipelined: 0
IsInstanceOverlapped: 0
IsDontTouch: 0
HasImplIP: 0
IsGatedGlobalClock: 0

+ Individual pipeline summary: 
  * Pipeline-0: initiation interval (II) = 1, depth = 4


============================================================
+ Verbose Summary: Schedule
============================================================
* Number of FSM states : 4
* Pipeline : 1
  Pipeline-0 : II = 1, D = 4, States = { 1 2 3 4 }
* Dataflow Pipeline: 0

* FSM state transitions: 
1 --> 2 
2 --> 3 
3 --> 4 
4 --> 

* FSM state operations: 

State 1 <SV = 0> <Delay = 1.48>
ST_1 : Operation 7 [1/1] (0.00ns)   --->   "%activation_group = alloca i32 1" [source/int4_linear_controller.cpp:285]   --->   Operation 7 'alloca' 'activation_group' <Predicate = true> <Delay = 0.00>
ST_1 : Operation 8 [1/1] (0.00ns)   --->   "%cached_scale_word = alloca i32 1" [source/int4_linear_controller.cpp:276]   --->   Operation 8 'alloca' 'cached_scale_word' <Predicate = true> <Delay = 0.00>
ST_1 : Operation 9 [1/1] (0.00ns)   --->   "%streamed_scale_word = alloca i32 1" [source/int4_linear_controller.cpp:275]   --->   Operation 9 'alloca' 'streamed_scale_word' <Predicate = true> <Delay = 0.00>
ST_1 : Operation 10 [1/1] (0.00ns)   --->   "%specmemcore_ln0 = specmemcore void @_ssdm_op_SpecMemCore, i512 %packed_scales, i64 666, i64 18, i64 18446744073709551615"   --->   Operation 10 'specmemcore' 'specmemcore_ln0' <Predicate = true> <Delay = 0.00>
ST_1 : Operation 11 [1/1] (0.00ns)   --->   "%specmemcore_ln0 = specmemcore void @_ssdm_op_SpecMemCore, i480 %quantized, i64 666, i64 18, i64 18446744073709551615"   --->   Operation 11 'specmemcore' 'specmemcore_ln0' <Predicate = true> <Delay = 0.00>
ST_1 : Operation 12 [1/1] (0.00ns)   --->   "%specmemcore_ln0 = specmemcore void @_ssdm_op_SpecMemCore, i480 %quantized_stream, i64 666, i64 8, i64 18446744073709551615"   --->   Operation 12 'specmemcore' 'specmemcore_ln0' <Predicate = true> <Delay = 0.00>
ST_1 : Operation 13 [1/1] (0.00ns)   --->   "%specmemcore_ln0 = specmemcore void @_ssdm_op_SpecMemCore, i32 %scale_stream, i64 666, i64 10, i64 18446744073709551615"   --->   Operation 13 'specmemcore' 'specmemcore_ln0' <Predicate = true> <Delay = 0.00>
ST_1 : Operation 14 [1/1] (0.00ns)   --->   "%specmemcore_ln0 = specmemcore void @_ssdm_op_SpecMemCore, i480 %quantized_pe0, i64 666, i64 8, i64 18446744073709551615"   --->   Operation 14 'specmemcore' 'specmemcore_ln0' <Predicate = true> <Delay = 0.00>
ST_1 : Operation 15 [1/1] (0.00ns)   --->   "%specmemcore_ln0 = specmemcore void @_ssdm_op_SpecMemCore, i480 %quantized_pe1, i64 666, i64 8, i64 18446744073709551615"   --->   Operation 15 'specmemcore' 'specmemcore_ln0' <Predicate = true> <Delay = 0.00>
ST_1 : Operation 16 [1/1] (0.00ns)   --->   "%specmemcore_ln0 = specmemcore void @_ssdm_op_SpecMemCore, i480 %quantized_pe2, i64 666, i64 8, i64 18446744073709551615"   --->   Operation 16 'specmemcore' 'specmemcore_ln0' <Predicate = true> <Delay = 0.00>
ST_1 : Operation 17 [1/1] (0.00ns)   --->   "%specmemcore_ln0 = specmemcore void @_ssdm_op_SpecMemCore, i480 %quantized_pe3, i64 666, i64 8, i64 18446744073709551615"   --->   Operation 17 'specmemcore' 'specmemcore_ln0' <Predicate = true> <Delay = 0.00>
ST_1 : Operation 18 [1/1] (0.00ns)   --->   "%specmemcore_ln0 = specmemcore void @_ssdm_op_SpecMemCore, i32 %activation_scale_pe0, i64 666, i64 10, i64 18446744073709551615"   --->   Operation 18 'specmemcore' 'specmemcore_ln0' <Predicate = true> <Delay = 0.00>
ST_1 : Operation 19 [1/1] (0.00ns)   --->   "%specmemcore_ln0 = specmemcore void @_ssdm_op_SpecMemCore, i32 %activation_scale_pe1, i64 666, i64 10, i64 18446744073709551615"   --->   Operation 19 'specmemcore' 'specmemcore_ln0' <Predicate = true> <Delay = 0.00>
ST_1 : Operation 20 [1/1] (0.00ns)   --->   "%specmemcore_ln0 = specmemcore void @_ssdm_op_SpecMemCore, i32 %activation_scale_pe2, i64 666, i64 10, i64 18446744073709551615"   --->   Operation 20 'specmemcore' 'specmemcore_ln0' <Predicate = true> <Delay = 0.00>
ST_1 : Operation 21 [1/1] (0.00ns)   --->   "%specmemcore_ln0 = specmemcore void @_ssdm_op_SpecMemCore, i32 %activation_scale_pe3, i64 666, i64 10, i64 18446744073709551615"   --->   Operation 21 'specmemcore' 'specmemcore_ln0' <Predicate = true> <Delay = 0.00>
ST_1 : Operation 22 [1/1] (0.00ns)   --->   "%specinterface_ln0 = specinterface void @_ssdm_op_SpecInterface, i480 %quantized_stream, void @empty_447, i32 0, i32 0, void @empty_418, i32 0, i32 0, void @empty_418, void @empty_418, void @empty_418, i32 0, i32 0, i32 0, i32 0, void @empty_418, void @empty_418, i32 4294967295, i32 0"   --->   Operation 22 'specinterface' 'specinterface_ln0' <Predicate = true> <Delay = 0.00>
ST_1 : Operation 23 [1/1] (0.00ns)   --->   "%specinterface_ln0 = specinterface void @_ssdm_op_SpecInterface, i32 %scale_stream, void @empty_447, i32 0, i32 0, void @empty_418, i32 0, i32 0, void @empty_418, void @empty_418, void @empty_418, i32 0, i32 0, i32 0, i32 0, void @empty_418, void @empty_418, i32 4294967295, i32 0"   --->   Operation 23 'specinterface' 'specinterface_ln0' <Predicate = true> <Delay = 0.00>
ST_1 : Operation 24 [1/1] (0.00ns)   --->   "%specinterface_ln0 = specinterface void @_ssdm_op_SpecInterface, i480 %quantized_pe0, void @empty_447, i32 0, i32 0, void @empty_418, i32 0, i32 0, void @empty_418, void @empty_418, void @empty_418, i32 0, i32 0, i32 0, i32 0, void @empty_418, void @empty_418, i32 4294967295, i32 0"   --->   Operation 24 'specinterface' 'specinterface_ln0' <Predicate = true> <Delay = 0.00>
ST_1 : Operation 25 [1/1] (0.00ns)   --->   "%specinterface_ln0 = specinterface void @_ssdm_op_SpecInterface, i480 %quantized_pe1, void @empty_447, i32 0, i32 0, void @empty_418, i32 0, i32 0, void @empty_418, void @empty_418, void @empty_418, i32 0, i32 0, i32 0, i32 0, void @empty_418, void @empty_418, i32 4294967295, i32 0"   --->   Operation 25 'specinterface' 'specinterface_ln0' <Predicate = true> <Delay = 0.00>
ST_1 : Operation 26 [1/1] (0.00ns)   --->   "%specinterface_ln0 = specinterface void @_ssdm_op_SpecInterface, i480 %quantized_pe2, void @empty_447, i32 0, i32 0, void @empty_418, i32 0, i32 0, void @empty_418, void @empty_418, void @empty_418, i32 0, i32 0, i32 0, i32 0, void @empty_418, void @empty_418, i32 4294967295, i32 0"   --->   Operation 26 'specinterface' 'specinterface_ln0' <Predicate = true> <Delay = 0.00>
ST_1 : Operation 27 [1/1] (0.00ns)   --->   "%specinterface_ln0 = specinterface void @_ssdm_op_SpecInterface, i480 %quantized_pe3, void @empty_447, i32 0, i32 0, void @empty_418, i32 0, i32 0, void @empty_418, void @empty_418, void @empty_418, i32 0, i32 0, i32 0, i32 0, void @empty_418, void @empty_418, i32 4294967295, i32 0"   --->   Operation 27 'specinterface' 'specinterface_ln0' <Predicate = true> <Delay = 0.00>
ST_1 : Operation 28 [1/1] (0.00ns)   --->   "%specinterface_ln0 = specinterface void @_ssdm_op_SpecInterface, i32 %activation_scale_pe0, void @empty_447, i32 0, i32 0, void @empty_418, i32 0, i32 0, void @empty_418, void @empty_418, void @empty_418, i32 0, i32 0, i32 0, i32 0, void @empty_418, void @empty_418, i32 4294967295, i32 0"   --->   Operation 28 'specinterface' 'specinterface_ln0' <Predicate = true> <Delay = 0.00>
ST_1 : Operation 29 [1/1] (0.00ns)   --->   "%specinterface_ln0 = specinterface void @_ssdm_op_SpecInterface, i32 %activation_scale_pe1, void @empty_447, i32 0, i32 0, void @empty_418, i32 0, i32 0, void @empty_418, void @empty_418, void @empty_418, i32 0, i32 0, i32 0, i32 0, void @empty_418, void @empty_418, i32 4294967295, i32 0"   --->   Operation 29 'specinterface' 'specinterface_ln0' <Predicate = true> <Delay = 0.00>
ST_1 : Operation 30 [1/1] (0.00ns)   --->   "%specinterface_ln0 = specinterface void @_ssdm_op_SpecInterface, i32 %activation_scale_pe2, void @empty_447, i32 0, i32 0, void @empty_418, i32 0, i32 0, void @empty_418, void @empty_418, void @empty_418, i32 0, i32 0, i32 0, i32 0, void @empty_418, void @empty_418, i32 4294967295, i32 0"   --->   Operation 30 'specinterface' 'specinterface_ln0' <Predicate = true> <Delay = 0.00>
ST_1 : Operation 31 [1/1] (0.00ns)   --->   "%specinterface_ln0 = specinterface void @_ssdm_op_SpecInterface, i32 %activation_scale_pe3, void @empty_447, i32 0, i32 0, void @empty_418, i32 0, i32 0, void @empty_418, void @empty_418, void @empty_418, i32 0, i32 0, i32 0, i32 0, void @empty_418, void @empty_418, i32 4294967295, i32 0"   --->   Operation 31 'specinterface' 'specinterface_ln0' <Predicate = true> <Delay = 0.00>
ST_1 : Operation 32 [1/1] (0.00ns)   --->   "%stream_activation_read = read i1 @_ssdm_op_Read.ap_auto.i1, i1 %stream_activation" [source/int4_linear_controller.cpp:250]   --->   Operation 32 'read' 'stream_activation_read' <Predicate = true> <Delay = 0.00>
ST_1 : Operation 33 [1/1] (0.00ns)   --->   "%active_0_read = read i1 @_ssdm_op_Read.ap_auto.i1, i1 %active_0" [source/int4_linear_controller.cpp:250]   --->   Operation 33 'read' 'active_0_read' <Predicate = true> <Delay = 0.00>
ST_1 : Operation 34 [1/1] (0.00ns)   --->   "%active_1_read = read i1 @_ssdm_op_Read.ap_auto.i1, i1 %active_1" [source/int4_linear_controller.cpp:250]   --->   Operation 34 'read' 'active_1_read' <Predicate = true> <Delay = 0.00>
ST_1 : Operation 35 [1/1] (0.00ns)   --->   "%active_2_read = read i1 @_ssdm_op_Read.ap_auto.i1, i1 %active_2" [source/int4_linear_controller.cpp:250]   --->   Operation 35 'read' 'active_2_read' <Predicate = true> <Delay = 0.00>
ST_1 : Operation 36 [1/1] (0.00ns)   --->   "%active_3_read = read i1 @_ssdm_op_Read.ap_auto.i1, i1 %active_3" [source/int4_linear_controller.cpp:250]   --->   Operation 36 'read' 'active_3_read' <Predicate = true> <Delay = 0.00>
ST_1 : Operation 37 [1/1] (0.00ns)   --->   "%shl_ln_read = read i9 @_ssdm_op_Read.ap_auto.i9, i9 %shl_ln" [source/int4_linear_controller.cpp:250]   --->   Operation 37 'read' 'shl_ln_read' <Predicate = true> <Delay = 0.00>
ST_1 : Operation 38 [1/1] (0.38ns)   --->   "%store_ln275 = store i512 0, i512 %streamed_scale_word" [source/int4_linear_controller.cpp:275]   --->   Operation 38 'store' 'store_ln275' <Predicate = true> <Delay = 0.38>
ST_1 : Operation 39 [1/1] (0.38ns)   --->   "%store_ln276 = store i512 0, i512 %cached_scale_word" [source/int4_linear_controller.cpp:276]   --->   Operation 39 'store' 'store_ln276' <Predicate = true> <Delay = 0.38>
ST_1 : Operation 40 [1/1] (0.38ns)   --->   "%store_ln285 = store i9 0, i9 %activation_group" [source/int4_linear_controller.cpp:285]   --->   Operation 40 'store' 'store_ln285' <Predicate = true> <Delay = 0.38>
ST_1 : Operation 41 [1/1] (0.00ns)   --->   "%br_ln0 = br void %for.body"   --->   Operation 41 'br' 'br_ln0' <Predicate = true> <Delay = 0.00>
ST_1 : Operation 42 [1/1] (0.00ns)   --->   "%activation_group_1 = load i9 %activation_group" [source/int4_linear_controller.cpp:293]   --->   Operation 42 'load' 'activation_group_1' <Predicate = true> <Delay = 0.00>
ST_1 : Operation 43 [1/1] (0.71ns)   --->   "%icmp_ln285 = icmp_eq  i9 %activation_group_1, i9 %shl_ln_read" [source/int4_linear_controller.cpp:285]   --->   Operation 43 'icmp' 'icmp_ln285' <Predicate = true> <Delay = 0.71> <CoreInst = "Cmp">   --->   Core 9 'Cmp' <Latency = 0> <II = 1> <Delay = 0.71> <FuncUnit> <Opcode : 'icmp'> <InPorts = 2> <OutPorts = 1>
ST_1 : Operation 44 [1/1] (0.71ns)   --->   "%add_ln287 = add i9 %activation_group_1, i9 1" [source/int4_linear_controller.cpp:287]   --->   Operation 44 'add' 'add_ln287' <Predicate = true> <Delay = 0.71> <CoreInst = "Adder">   --->   Core 1 'Adder' <Latency = 0> <II = 1> <Delay = 0.71> <FuncUnit> <Opcode : 'add' 'sub'> <InPorts = 2> <OutPorts = 1>
ST_1 : Operation 45 [1/1] (0.00ns)   --->   "%br_ln285 = br i1 %icmp_ln285, void %for.body.split, void %for.end.loopexit.exitStub" [source/int4_linear_controller.cpp:285]   --->   Operation 45 'br' 'br_ln285' <Predicate = true> <Delay = 0.00>
ST_1 : Operation 46 [1/1] (0.00ns)   --->   "%br_ln295 = br i1 %stream_activation_read, void %if.else_ifconv, void %_ZrSILi512ELb0EER11ap_int_baseIXT_EXT0_EES2_i.exit123" [source/int4_linear_controller.cpp:295]   --->   Operation 46 'br' 'br_ln295' <Predicate = (!icmp_ln285)> <Delay = 0.00>
ST_1 : Operation 47 [1/1] (0.00ns)   --->   "%br_ln322 = br i1 %active_0_read, void %if.then24, void %if.end25" [source/int4_linear_controller.cpp:322]   --->   Operation 47 'br' 'br_ln322' <Predicate = (!icmp_ln285)> <Delay = 0.00>
ST_1 : Operation 48 [1/1] (0.00ns)   --->   "%br_ln326 = br i1 %active_1_read, void %if.then26, void %if.end27" [source/int4_linear_controller.cpp:326]   --->   Operation 48 'br' 'br_ln326' <Predicate = (!icmp_ln285)> <Delay = 0.00>
ST_1 : Operation 49 [1/1] (0.00ns)   --->   "%br_ln330 = br i1 %active_2_read, void %if.then28, void %if.end29" [source/int4_linear_controller.cpp:330]   --->   Operation 49 'br' 'br_ln330' <Predicate = (!icmp_ln285)> <Delay = 0.00>
ST_1 : Operation 50 [1/1] (0.00ns)   --->   "%br_ln334 = br i1 %active_3_read, void %if.then30, void %for.inc" [source/int4_linear_controller.cpp:334]   --->   Operation 50 'br' 'br_ln334' <Predicate = (!icmp_ln285)> <Delay = 0.00>
ST_1 : Operation 51 [1/1] (0.38ns)   --->   "%store_ln285 = store i9 %add_ln287, i9 %activation_group" [source/int4_linear_controller.cpp:285]   --->   Operation 51 'store' 'store_ln285' <Predicate = (!icmp_ln285)> <Delay = 0.38>
ST_1 : Operation 52 [1/1] (0.00ns)   --->   "%br_ln285 = br void %for.body" [source/int4_linear_controller.cpp:285]   --->   Operation 52 'br' 'br_ln285' <Predicate = (!icmp_ln285)> <Delay = 0.00>

State 2 <SV = 1> <Delay = 2.41>
ST_2 : Operation 53 [1/1] (0.00ns)   --->   "%zext_ln286 = zext i9 %activation_group_1" [source/int4_linear_controller.cpp:286]   --->   Operation 53 'zext' 'zext_ln286' <Predicate = (!icmp_ln285)> <Delay = 0.00>
ST_2 : Operation 54 [1/1] (0.00ns)   --->   "%specpipeline_ln288 = specpipeline void @_ssdm_op_SpecPipeline, i32 1, i32 0, i32 0, i32 0, void @empty_418" [source/int4_linear_controller.cpp:288]   --->   Operation 54 'specpipeline' 'specpipeline_ln288' <Predicate = (!icmp_ln285)> <Delay = 0.00>
ST_2 : Operation 55 [1/1] (0.00ns)   --->   "%speclooptripcount_ln289 = speclooptripcount void @_ssdm_op_SpecLoopTripCount, i64 128, i64 344, i64 236" [source/int4_linear_controller.cpp:289]   --->   Operation 55 'speclooptripcount' 'speclooptripcount_ln289' <Predicate = (!icmp_ln285)> <Delay = 0.00>
ST_2 : Operation 56 [1/1] (0.00ns)   --->   "%specloopname_ln285 = specloopname void @_ssdm_op_SpecLoopName, void @empty_483" [source/int4_linear_controller.cpp:285]   --->   Operation 56 'specloopname' 'specloopname_ln285' <Predicate = (!icmp_ln285)> <Delay = 0.00>
ST_2 : Operation 57 [1/1] (0.00ns)   --->   "%scale_lane = trunc i9 %activation_group_1" [source/int4_linear_controller.cpp:293]   --->   Operation 57 'trunc' 'scale_lane' <Predicate = (!icmp_ln285)> <Delay = 0.00>
ST_2 : Operation 58 [1/1] (0.00ns)   --->   "%quantized_addr_1 = getelementptr i480 %quantized, i64 0, i64 %zext_ln286" [source/int4_linear_controller.cpp:308]   --->   Operation 58 'getelementptr' 'quantized_addr_1' <Predicate = (!icmp_ln285 & !stream_activation_read)> <Delay = 0.00>
ST_2 : Operation 59 [2/2] (1.20ns)   --->   "%q_1 = load i9 %quantized_addr_1" [source/int4_linear_controller.cpp:308]   --->   Operation 59 'load' 'q_1' <Predicate = (!icmp_ln285 & !stream_activation_read & !active_3_read) | (!icmp_ln285 & !stream_activation_read & !active_2_read) | (!icmp_ln285 & !stream_activation_read & !active_1_read) | (!icmp_ln285 & !stream_activation_read & !active_0_read)> <Delay = 1.20> <CoreInst = "RAM_1P_BRAM">   --->   Core 90 'RAM_1P_BRAM' <Latency = 1> <II = 1> <Delay = 1.20> <Storage> <Opcode : 'load' 'store'> <Ports = 1> <Width = 480> <Depth = 344> <RAM>
ST_2 : Operation 60 [1/1] (0.70ns)   --->   "%icmp_ln309 = icmp_eq  i4 %scale_lane, i4 0" [source/int4_linear_controller.cpp:309]   --->   Operation 60 'icmp' 'icmp_ln309' <Predicate = (!icmp_ln285 & !stream_activation_read)> <Delay = 0.70> <CoreInst = "Cmp">   --->   Core 9 'Cmp' <Latency = 0> <II = 1> <Delay = 0.70> <FuncUnit> <Opcode : 'icmp'> <InPorts = 2> <OutPorts = 1>
ST_2 : Operation 61 [1/1] (0.00ns)   --->   "%div16_udiv = partselect i5 @_ssdm_op_PartSelect.i5.i9.i32.i32, i9 %activation_group_1, i32 4, i32 8" [source/int4_linear_controller.cpp:293]   --->   Operation 61 'partselect' 'div16_udiv' <Predicate = (!icmp_ln285 & !stream_activation_read)> <Delay = 0.00>
ST_2 : Operation 62 [1/1] (0.00ns)   --->   "%zext_ln311 = zext i5 %div16_udiv" [source/int4_linear_controller.cpp:311]   --->   Operation 62 'zext' 'zext_ln311' <Predicate = (!icmp_ln285 & !stream_activation_read)> <Delay = 0.00>
ST_2 : Operation 63 [1/1] (0.00ns)   --->   "%packed_scales_addr = getelementptr i512 %packed_scales, i64 0, i64 %zext_ln311" [source/int4_linear_controller.cpp:311]   --->   Operation 63 'getelementptr' 'packed_scales_addr' <Predicate = (!icmp_ln285 & !stream_activation_read)> <Delay = 0.00>
ST_2 : Operation 64 [2/2] (1.20ns)   --->   "%cached_scale_word_1 = load i5 %packed_scales_addr" [source/int4_linear_controller.cpp:310]   --->   Operation 64 'load' 'cached_scale_word_1' <Predicate = (!icmp_ln285 & !stream_activation_read)> <Delay = 1.20> <CoreInst = "RAM_1P_BRAM">   --->   Core 90 'RAM_1P_BRAM' <Latency = 1> <II = 1> <Delay = 1.20> <Storage> <Opcode : 'load' 'store'> <Ports = 1> <Width = 512> <Depth = 22> <RAM>
ST_2 : Operation 65 [1/1] (0.00ns)   --->   "%streamed_scale_word_load_1 = load i512 %streamed_scale_word" [source/int4_linear_controller.cpp:299]   --->   Operation 65 'load' 'streamed_scale_word_load_1' <Predicate = (!icmp_ln285 & stream_activation_read)> <Delay = 0.00>
ST_2 : Operation 66 [1/1] (1.21ns)   --->   "%q = read i480 @_ssdm_op_Read.ap_fifo.volatile.i480P0A, i480 %quantized_stream" [source/int4_linear_controller.cpp:296]   --->   Operation 66 'read' 'q' <Predicate = (!icmp_ln285 & stream_activation_read)> <Delay = 1.21> <CoreInst = "FIFO_BRAM">   --->   Core 79 'FIFO_BRAM' <Latency = 0> <II = 1> <Delay = 1.42> <Storage> <Opcode : 'read' 'write' 'nbread' 'nbwrite'> <Ports = 0> <Width = 480> <Depth = 4> <FIFO>
ST_2 : Operation 67 [1/1] (1.21ns)   --->   "%sx = read i32 @_ssdm_op_Read.ap_fifo.volatile.i32P0A, i32 %scale_stream" [source/int4_linear_controller.cpp:297]   --->   Operation 67 'read' 'sx' <Predicate = (!icmp_ln285 & stream_activation_read)> <Delay = 1.21> <CoreInst = "FIFO_SRL">   --->   Core 81 'FIFO_SRL' <Latency = 0> <II = 1> <Delay = 1.46> <Storage> <Opcode : 'read' 'write' 'nbread' 'nbwrite'> <Ports = 0> <Width = 32> <Depth = 4> <FIFO>
ST_2 : Operation 68 [1/1] (0.00ns)   --->   "%quantized_addr = getelementptr i480 %quantized, i64 0, i64 %zext_ln286" [source/int4_linear_controller.cpp:298]   --->   Operation 68 'getelementptr' 'quantized_addr' <Predicate = (!icmp_ln285 & stream_activation_read)> <Delay = 0.00>
ST_2 : Operation 69 [1/1] (1.20ns)   --->   "%store_ln298 = store i480 %q, i9 %quantized_addr" [source/int4_linear_controller.cpp:298]   --->   Operation 69 'store' 'store_ln298' <Predicate = (!icmp_ln285 & stream_activation_read)> <Delay = 1.20> <CoreInst = "RAM_1P_BRAM">   --->   Core 90 'RAM_1P_BRAM' <Latency = 1> <II = 1> <Delay = 1.20> <Storage> <Opcode : 'load' 'store'> <Ports = 1> <Width = 480> <Depth = 344> <RAM>
ST_2 : Operation 70 [1/1] (0.00ns)   --->   "%streamed_scale_word_4 = partselect i480 @_ssdm_op_PartSelect.i480.i512.i32.i32, i512 %streamed_scale_word_load_1, i32 32, i32 511" [source/int4_linear_controller.cpp:299]   --->   Operation 70 'partselect' 'streamed_scale_word_4' <Predicate = (!icmp_ln285 & stream_activation_read)> <Delay = 0.00>
ST_2 : Operation 71 [1/1] (0.00ns)   --->   "%streamed_scale_word_1 = bitconcatenate i512 @_ssdm_op_BitConcatenate.i512.i32.i480, i32 %sx, i480 %streamed_scale_word_4" [source/int4_linear_controller.cpp:300]   --->   Operation 71 'bitconcatenate' 'streamed_scale_word_1' <Predicate = (!icmp_ln285 & stream_activation_read)> <Delay = 0.00>
ST_2 : Operation 72 [1/1] (0.70ns)   --->   "%icmp_ln302 = icmp_eq  i4 %scale_lane, i4 15" [source/int4_linear_controller.cpp:302]   --->   Operation 72 'icmp' 'icmp_ln302' <Predicate = (!icmp_ln285 & stream_activation_read)> <Delay = 0.70> <CoreInst = "Cmp">   --->   Core 9 'Cmp' <Latency = 0> <II = 1> <Delay = 0.70> <FuncUnit> <Opcode : 'icmp'> <InPorts = 2> <OutPorts = 1>
ST_2 : Operation 73 [1/1] (0.00ns)   --->   "%br_ln302 = br i1 %icmp_ln302, void %if.end, void %if.then9" [source/int4_linear_controller.cpp:302]   --->   Operation 73 'br' 'br_ln302' <Predicate = (!icmp_ln285 & stream_activation_read)> <Delay = 0.00>
ST_2 : Operation 74 [1/1] (0.00ns)   --->   "%div_udiv = partselect i5 @_ssdm_op_PartSelect.i5.i9.i32.i32, i9 %activation_group_1, i32 4, i32 8" [source/int4_linear_controller.cpp:293]   --->   Operation 74 'partselect' 'div_udiv' <Predicate = (stream_activation_read & icmp_ln302)> <Delay = 0.00>
ST_2 : Operation 75 [1/1] (0.00ns)   --->   "%zext_ln303 = zext i5 %div_udiv" [source/int4_linear_controller.cpp:303]   --->   Operation 75 'zext' 'zext_ln303' <Predicate = (stream_activation_read & icmp_ln302)> <Delay = 0.00>
ST_2 : Operation 76 [1/1] (0.00ns)   --->   "%packed_scales_addr_1 = getelementptr i512 %packed_scales, i64 0, i64 %zext_ln303" [source/int4_linear_controller.cpp:303]   --->   Operation 76 'getelementptr' 'packed_scales_addr_1' <Predicate = (stream_activation_read & icmp_ln302)> <Delay = 0.00>
ST_2 : Operation 77 [1/1] (1.20ns)   --->   "%store_ln304 = store i512 %streamed_scale_word_1, i5 %packed_scales_addr_1" [source/int4_linear_controller.cpp:304]   --->   Operation 77 'store' 'store_ln304' <Predicate = (stream_activation_read & icmp_ln302)> <Delay = 1.20> <CoreInst = "RAM_1P_BRAM">   --->   Core 90 'RAM_1P_BRAM' <Latency = 1> <II = 1> <Delay = 1.20> <Storage> <Opcode : 'load' 'store'> <Ports = 1> <Width = 512> <Depth = 22> <RAM>
ST_2 : Operation 78 [1/1] (0.00ns)   --->   "%br_ln306 = br void %if.end" [source/int4_linear_controller.cpp:306]   --->   Operation 78 'br' 'br_ln306' <Predicate = (stream_activation_read & icmp_ln302)> <Delay = 0.00>
ST_2 : Operation 79 [1/1] (0.38ns)   --->   "%store_ln275 = store i512 %streamed_scale_word_1, i512 %streamed_scale_word" [source/int4_linear_controller.cpp:275]   --->   Operation 79 'store' 'store_ln275' <Predicate = (!icmp_ln285 & stream_activation_read)> <Delay = 0.38>
ST_2 : Operation 80 [1/1] (0.38ns)   --->   "%br_ln307 = br void %if.end23" [source/int4_linear_controller.cpp:307]   --->   Operation 80 'br' 'br_ln307' <Predicate = (!icmp_ln285 & stream_activation_read)> <Delay = 0.38>

State 3 <SV = 2> <Delay = 2.16>
ST_3 : Operation 81 [1/1] (0.00ns)   --->   "%cached_scale_word_load = load i512 %cached_scale_word" [source/int4_linear_controller.cpp:309]   --->   Operation 81 'load' 'cached_scale_word_load' <Predicate = (!icmp_ln285 & !stream_activation_read & !icmp_ln309)> <Delay = 0.00>
ST_3 : Operation 82 [1/2] (1.20ns)   --->   "%q_1 = load i9 %quantized_addr_1" [source/int4_linear_controller.cpp:308]   --->   Operation 82 'load' 'q_1' <Predicate = (!icmp_ln285 & !stream_activation_read & !active_3_read) | (!icmp_ln285 & !stream_activation_read & !active_2_read) | (!icmp_ln285 & !stream_activation_read & !active_1_read) | (!icmp_ln285 & !stream_activation_read & !active_0_read)> <Delay = 1.20> <CoreInst = "RAM_1P_BRAM">   --->   Core 90 'RAM_1P_BRAM' <Latency = 1> <II = 1> <Delay = 1.20> <Storage> <Opcode : 'load' 'store'> <Ports = 1> <Width = 480> <Depth = 344> <RAM>
ST_3 : Operation 83 [1/2] (1.20ns)   --->   "%cached_scale_word_1 = load i5 %packed_scales_addr" [source/int4_linear_controller.cpp:310]   --->   Operation 83 'load' 'cached_scale_word_1' <Predicate = (!icmp_ln285 & !stream_activation_read)> <Delay = 1.20> <CoreInst = "RAM_1P_BRAM">   --->   Core 90 'RAM_1P_BRAM' <Latency = 1> <II = 1> <Delay = 1.20> <Storage> <Opcode : 'load' 'store'> <Ports = 1> <Width = 512> <Depth = 22> <RAM>
ST_3 : Operation 84 [1/1] (0.57ns)   --->   "%cached_scale_word_2 = select i1 %icmp_ln309, i512 %cached_scale_word_1, i512 %cached_scale_word_load" [source/int4_linear_controller.cpp:309]   --->   Operation 84 'select' 'cached_scale_word_2' <Predicate = (!icmp_ln285 & !stream_activation_read)> <Delay = 0.57> <CoreInst = "Sel">   --->   Core 73 'Sel' <Latency = 0> <II = 1> <Delay = 0.57> <FuncUnit> <Opcode : 'select'> <InPorts = 3> <OutPorts = 1>
ST_3 : Operation 85 [1/1] (0.00ns)   --->   "%sx_1 = trunc i512 %cached_scale_word_2" [source/int4_linear_controller.cpp:315]   --->   Operation 85 'trunc' 'sx_1' <Predicate = (!icmp_ln285 & !stream_activation_read)> <Delay = 0.00>
ST_3 : Operation 86 [1/1] (0.00ns)   --->   "%cached_scale_word_3 = partselect i480 @_ssdm_op_PartSelect.i480.i512.i32.i32, i512 %cached_scale_word_2, i32 32, i32 511" [source/int4_linear_controller.cpp:316]   --->   Operation 86 'partselect' 'cached_scale_word_3' <Predicate = (!icmp_ln285 & !stream_activation_read)> <Delay = 0.00>
ST_3 : Operation 87 [1/1] (0.00ns)   --->   "%zext_ln316 = zext i480 %cached_scale_word_3" [source/int4_linear_controller.cpp:316]   --->   Operation 87 'zext' 'zext_ln316' <Predicate = (!icmp_ln285 & !stream_activation_read)> <Delay = 0.00>
ST_3 : Operation 88 [1/1] (0.38ns)   --->   "%store_ln276 = store i512 %zext_ln316, i512 %cached_scale_word" [source/int4_linear_controller.cpp:276]   --->   Operation 88 'store' 'store_ln276' <Predicate = (!icmp_ln285 & !stream_activation_read)> <Delay = 0.38>
ST_3 : Operation 89 [1/1] (0.38ns)   --->   "%br_ln0 = br void %if.end23"   --->   Operation 89 'br' 'br_ln0' <Predicate = (!icmp_ln285 & !stream_activation_read)> <Delay = 0.38>
ST_3 : Operation 104 [1/1] (0.00ns)   --->   "%streamed_scale_word_load = load i512 %streamed_scale_word"   --->   Operation 104 'load' 'streamed_scale_word_load' <Predicate = (icmp_ln285)> <Delay = 0.00>
ST_3 : Operation 105 [1/1] (0.00ns)   --->   "%write_ln0 = write void @_ssdm_op_Write.ap_auto.i512P0A, i512 %streamed_scale_word_out, i512 %streamed_scale_word_load"   --->   Operation 105 'write' 'write_ln0' <Predicate = (icmp_ln285)> <Delay = 0.00>
ST_3 : Operation 106 [1/1] (0.00ns)   --->   "%ret_ln0 = ret"   --->   Operation 106 'ret' 'ret_ln0' <Predicate = (icmp_ln285)> <Delay = 0.00>

State 4 <SV = 3> <Delay = 1.21>
ST_4 : Operation 90 [1/1] (0.00ns)   --->   "%q_2 = phi i480 %q, void %if.end, i480 %q_1, void %if.else_ifconv"   --->   Operation 90 'phi' 'q_2' <Predicate = true> <Delay = 0.00>
ST_4 : Operation 91 [1/1] (0.00ns)   --->   "%p_0 = phi i32 %sx, void %if.end, i32 %sx_1, void %if.else_ifconv"   --->   Operation 91 'phi' 'p_0' <Predicate = true> <Delay = 0.00>
ST_4 : Operation 92 [1/1] (1.21ns)   --->   "%write_ln323 = write void @_ssdm_op_Write.ap_fifo.volatile.i480P0A, i480 %quantized_pe0, i480 %q_2" [source/int4_linear_controller.cpp:323]   --->   Operation 92 'write' 'write_ln323' <Predicate = (!active_0_read)> <Delay = 1.21> <CoreInst = "FIFO_BRAM">   --->   Core 79 'FIFO_BRAM' <Latency = 0> <II = 1> <Delay = 1.31> <Storage> <Opcode : 'read' 'write' 'nbread' 'nbwrite'> <Ports = 0> <Width = 480> <Depth = 2> <FIFO>
ST_4 : Operation 93 [1/1] (1.21ns)   --->   "%write_ln324 = write void @_ssdm_op_Write.ap_fifo.volatile.i32P0A, i32 %activation_scale_pe0, i32 %p_0" [source/int4_linear_controller.cpp:324]   --->   Operation 93 'write' 'write_ln324' <Predicate = (!active_0_read)> <Delay = 1.21> <CoreInst = "FIFO_SRL">   --->   Core 81 'FIFO_SRL' <Latency = 0> <II = 1> <Delay = 1.39> <Storage> <Opcode : 'read' 'write' 'nbread' 'nbwrite'> <Ports = 0> <Width = 32> <Depth = 2> <FIFO>
ST_4 : Operation 94 [1/1] (0.00ns)   --->   "%br_ln325 = br void %if.end25" [source/int4_linear_controller.cpp:325]   --->   Operation 94 'br' 'br_ln325' <Predicate = (!active_0_read)> <Delay = 0.00>
ST_4 : Operation 95 [1/1] (1.21ns)   --->   "%write_ln327 = write void @_ssdm_op_Write.ap_fifo.volatile.i480P0A, i480 %quantized_pe1, i480 %q_2" [source/int4_linear_controller.cpp:327]   --->   Operation 95 'write' 'write_ln327' <Predicate = (!active_1_read)> <Delay = 1.21> <CoreInst = "FIFO_BRAM">   --->   Core 79 'FIFO_BRAM' <Latency = 0> <II = 1> <Delay = 1.31> <Storage> <Opcode : 'read' 'write' 'nbread' 'nbwrite'> <Ports = 0> <Width = 480> <Depth = 2> <FIFO>
ST_4 : Operation 96 [1/1] (1.21ns)   --->   "%write_ln328 = write void @_ssdm_op_Write.ap_fifo.volatile.i32P0A, i32 %activation_scale_pe1, i32 %p_0" [source/int4_linear_controller.cpp:328]   --->   Operation 96 'write' 'write_ln328' <Predicate = (!active_1_read)> <Delay = 1.21> <CoreInst = "FIFO_SRL">   --->   Core 81 'FIFO_SRL' <Latency = 0> <II = 1> <Delay = 1.39> <Storage> <Opcode : 'read' 'write' 'nbread' 'nbwrite'> <Ports = 0> <Width = 32> <Depth = 2> <FIFO>
ST_4 : Operation 97 [1/1] (0.00ns)   --->   "%br_ln329 = br void %if.end27" [source/int4_linear_controller.cpp:329]   --->   Operation 97 'br' 'br_ln329' <Predicate = (!active_1_read)> <Delay = 0.00>
ST_4 : Operation 98 [1/1] (1.21ns)   --->   "%write_ln331 = write void @_ssdm_op_Write.ap_fifo.volatile.i480P0A, i480 %quantized_pe2, i480 %q_2" [source/int4_linear_controller.cpp:331]   --->   Operation 98 'write' 'write_ln331' <Predicate = (!active_2_read)> <Delay = 1.21> <CoreInst = "FIFO_BRAM">   --->   Core 79 'FIFO_BRAM' <Latency = 0> <II = 1> <Delay = 1.31> <Storage> <Opcode : 'read' 'write' 'nbread' 'nbwrite'> <Ports = 0> <Width = 480> <Depth = 2> <FIFO>
ST_4 : Operation 99 [1/1] (1.21ns)   --->   "%write_ln332 = write void @_ssdm_op_Write.ap_fifo.volatile.i32P0A, i32 %activation_scale_pe2, i32 %p_0" [source/int4_linear_controller.cpp:332]   --->   Operation 99 'write' 'write_ln332' <Predicate = (!active_2_read)> <Delay = 1.21> <CoreInst = "FIFO_SRL">   --->   Core 81 'FIFO_SRL' <Latency = 0> <II = 1> <Delay = 1.39> <Storage> <Opcode : 'read' 'write' 'nbread' 'nbwrite'> <Ports = 0> <Width = 32> <Depth = 2> <FIFO>
ST_4 : Operation 100 [1/1] (0.00ns)   --->   "%br_ln333 = br void %if.end29" [source/int4_linear_controller.cpp:333]   --->   Operation 100 'br' 'br_ln333' <Predicate = (!active_2_read)> <Delay = 0.00>
ST_4 : Operation 101 [1/1] (1.21ns)   --->   "%write_ln335 = write void @_ssdm_op_Write.ap_fifo.volatile.i480P0A, i480 %quantized_pe3, i480 %q_2" [source/int4_linear_controller.cpp:335]   --->   Operation 101 'write' 'write_ln335' <Predicate = (!active_3_read)> <Delay = 1.21> <CoreInst = "FIFO_BRAM">   --->   Core 79 'FIFO_BRAM' <Latency = 0> <II = 1> <Delay = 1.31> <Storage> <Opcode : 'read' 'write' 'nbread' 'nbwrite'> <Ports = 0> <Width = 480> <Depth = 2> <FIFO>
ST_4 : Operation 102 [1/1] (1.21ns)   --->   "%write_ln336 = write void @_ssdm_op_Write.ap_fifo.volatile.i32P0A, i32 %activation_scale_pe3, i32 %p_0" [source/int4_linear_controller.cpp:336]   --->   Operation 102 'write' 'write_ln336' <Predicate = (!active_3_read)> <Delay = 1.21> <CoreInst = "FIFO_SRL">   --->   Core 81 'FIFO_SRL' <Latency = 0> <II = 1> <Delay = 1.39> <Storage> <Opcode : 'read' 'write' 'nbread' 'nbwrite'> <Ports = 0> <Width = 32> <Depth = 2> <FIFO>
ST_4 : Operation 103 [1/1] (0.00ns)   --->   "%br_ln337 = br void %for.inc" [source/int4_linear_controller.cpp:337]   --->   Operation 103 'br' 'br_ln337' <Predicate = (!active_3_read)> <Delay = 0.00>


============================================================
+ Verbose Summary: Binding
============================================================
STG Binding: 
---------------- STG Properties BEGIN ----------------
- Is combinational: 0
- Is one-state seq: 0
- Is datapath-only: 0
- Is pipelined: 0
- Is top level: 0
Port [ Return ] is wired: 1; IO mode=ap_ctrl_hs:ce=0
Port [ shl_ln]:  wired=1; compound=0; hidden=0; nouse=0; global=0; static=0; extern=0; dir=0; type=0; pingpong=0; private_global=0; IO mode=ap_none:ce=0
Port [ active_3]:  wired=1; compound=0; hidden=0; nouse=0; global=0; static=0; extern=0; dir=0; type=0; pingpong=0; private_global=0; IO mode=ap_none:ce=0
Port [ active_2]:  wired=1; compound=0; hidden=0; nouse=0; global=0; static=0; extern=0; dir=0; type=0; pingpong=0; private_global=0; IO mode=ap_none:ce=0
Port [ active_1]:  wired=1; compound=0; hidden=0; nouse=0; global=0; static=0; extern=0; dir=0; type=0; pingpong=0; private_global=0; IO mode=ap_none:ce=0
Port [ active_0]:  wired=1; compound=0; hidden=0; nouse=0; global=0; static=0; extern=0; dir=0; type=0; pingpong=0; private_global=0; IO mode=ap_none:ce=0
Port [ quantized_stream]:  wired=1; compound=1; hidden=0; nouse=0; global=0; static=0; extern=0; dir=0; type=3; pingpong=0; private_global=0; IO mode=ap_fifo:ce=0
Port [ scale_stream]:  wired=1; compound=1; hidden=0; nouse=0; global=0; static=0; extern=0; dir=0; type=3; pingpong=0; private_global=0; IO mode=ap_fifo:ce=0
Port [ quantized]:  wired=1; compound=1; hidden=0; nouse=0; global=0; static=0; extern=0; dir=2; type=1; pingpong=0; private_global=0; MemPort=[2]; IO mode=ap_memory:ce=0
Port [ stream_activation]:  wired=1; compound=0; hidden=0; nouse=0; global=0; static=0; extern=0; dir=0; type=0; pingpong=0; private_global=0; IO mode=ap_none:ce=0
Port [ packed_scales]:  wired=1; compound=1; hidden=0; nouse=0; global=0; static=0; extern=0; dir=2; type=1; pingpong=0; private_global=0; MemPort=[2]; IO mode=ap_memory:ce=0
Port [ quantized_pe0]:  wired=1; compound=1; hidden=0; nouse=0; global=0; static=0; extern=0; dir=1; type=3; pingpong=0; private_global=0; IO mode=ap_fifo:ce=0
Port [ activation_scale_pe0]:  wired=1; compound=1; hidden=0; nouse=0; global=0; static=0; extern=0; dir=1; type=3; pingpong=0; private_global=0; IO mode=ap_fifo:ce=0
Port [ quantized_pe1]:  wired=1; compound=1; hidden=0; nouse=0; global=0; static=0; extern=0; dir=1; type=3; pingpong=0; private_global=0; IO mode=ap_fifo:ce=0
Port [ activation_scale_pe1]:  wired=1; compound=1; hidden=0; nouse=0; global=0; static=0; extern=0; dir=1; type=3; pingpong=0; private_global=0; IO mode=ap_fifo:ce=0
Port [ quantized_pe2]:  wired=1; compound=1; hidden=0; nouse=0; global=0; static=0; extern=0; dir=1; type=3; pingpong=0; private_global=0; IO mode=ap_fifo:ce=0
Port [ activation_scale_pe2]:  wired=1; compound=1; hidden=0; nouse=0; global=0; static=0; extern=0; dir=1; type=3; pingpong=0; private_global=0; IO mode=ap_fifo:ce=0
Port [ quantized_pe3]:  wired=1; compound=1; hidden=0; nouse=0; global=0; static=0; extern=0; dir=1; type=3; pingpong=0; private_global=0; IO mode=ap_fifo:ce=0
Port [ activation_scale_pe3]:  wired=1; compound=1; hidden=0; nouse=0; global=0; static=0; extern=0; dir=1; type=3; pingpong=0; private_global=0; IO mode=ap_fifo:ce=0
Port [ streamed_scale_word_out]:  wired=1; compound=0; hidden=0; nouse=0; global=0; static=0; extern=0; dir=1; type=0; pingpong=0; private_global=0; IO mode=ap_vld:ce=0
---------------- STG Properties END ------------------

---------------- Datapath Model BEGIN ----------------

<LifeTime>
<method=bitvector/>
activation_group           (alloca           ) [ 01000]
cached_scale_word          (alloca           ) [ 01110]
streamed_scale_word        (alloca           ) [ 01110]
specmemcore_ln0            (specmemcore      ) [ 00000]
specmemcore_ln0            (specmemcore      ) [ 00000]
specmemcore_ln0            (specmemcore      ) [ 00000]
specmemcore_ln0            (specmemcore      ) [ 00000]
specmemcore_ln0            (specmemcore      ) [ 00000]
specmemcore_ln0            (specmemcore      ) [ 00000]
specmemcore_ln0            (specmemcore      ) [ 00000]
specmemcore_ln0            (specmemcore      ) [ 00000]
specmemcore_ln0            (specmemcore      ) [ 00000]
specmemcore_ln0            (specmemcore      ) [ 00000]
specmemcore_ln0            (specmemcore      ) [ 00000]
specmemcore_ln0            (specmemcore      ) [ 00000]
specinterface_ln0          (specinterface    ) [ 00000]
specinterface_ln0          (specinterface    ) [ 00000]
specinterface_ln0          (specinterface    ) [ 00000]
specinterface_ln0          (specinterface    ) [ 00000]
specinterface_ln0          (specinterface    ) [ 00000]
specinterface_ln0          (specinterface    ) [ 00000]
specinterface_ln0          (specinterface    ) [ 00000]
specinterface_ln0          (specinterface    ) [ 00000]
specinterface_ln0          (specinterface    ) [ 00000]
specinterface_ln0          (specinterface    ) [ 00000]
stream_activation_read     (read             ) [ 01111]
active_0_read              (read             ) [ 01111]
active_1_read              (read             ) [ 01111]
active_2_read              (read             ) [ 01111]
active_3_read              (read             ) [ 01111]
shl_ln_read                (read             ) [ 00000]
store_ln275                (store            ) [ 00000]
store_ln276                (store            ) [ 00000]
store_ln285                (store            ) [ 00000]
br_ln0                     (br               ) [ 00000]
activation_group_1         (load             ) [ 01100]
icmp_ln285                 (icmp             ) [ 01111]
add_ln287                  (add              ) [ 00000]
br_ln285                   (br               ) [ 00000]
br_ln295                   (br               ) [ 00000]
br_ln322                   (br               ) [ 00000]
br_ln326                   (br               ) [ 00000]
br_ln330                   (br               ) [ 00000]
br_ln334                   (br               ) [ 00000]
store_ln285                (store            ) [ 00000]
br_ln285                   (br               ) [ 00000]
zext_ln286                 (zext             ) [ 00000]
specpipeline_ln288         (specpipeline     ) [ 00000]
speclooptripcount_ln289    (speclooptripcount) [ 00000]
specloopname_ln285         (specloopname     ) [ 00000]
scale_lane                 (trunc            ) [ 00000]
quantized_addr_1           (getelementptr    ) [ 01010]
icmp_ln309                 (icmp             ) [ 01010]
div16_udiv                 (partselect       ) [ 00000]
zext_ln311                 (zext             ) [ 00000]
packed_scales_addr         (getelementptr    ) [ 01010]
streamed_scale_word_load_1 (load             ) [ 00000]
q                          (read             ) [ 01111]
sx                         (read             ) [ 01111]
quantized_addr             (getelementptr    ) [ 00000]
store_ln298                (store            ) [ 00000]
streamed_scale_word_4      (partselect       ) [ 00000]
streamed_scale_word_1      (bitconcatenate   ) [ 00000]
icmp_ln302                 (icmp             ) [ 01100]
br_ln302                   (br               ) [ 00000]
div_udiv                   (partselect       ) [ 00000]
zext_ln303                 (zext             ) [ 00000]
packed_scales_addr_1       (getelementptr    ) [ 00000]
store_ln304                (store            ) [ 00000]
br_ln306                   (br               ) [ 00000]
store_ln275                (store            ) [ 00000]
br_ln307                   (br               ) [ 01111]
cached_scale_word_load     (load             ) [ 00000]
q_1                        (load             ) [ 01111]
cached_scale_word_1        (load             ) [ 00000]
cached_scale_word_2        (select           ) [ 00000]
sx_1                       (trunc            ) [ 01111]
cached_scale_word_3        (partselect       ) [ 00000]
zext_ln316                 (zext             ) [ 00000]
store_ln276                (store            ) [ 00000]
br_ln0                     (br               ) [ 01111]
q_2                        (phi              ) [ 01001]
p_0                        (phi              ) [ 01001]
write_ln323                (write            ) [ 00000]
write_ln324                (write            ) [ 00000]
br_ln325                   (br               ) [ 00000]
write_ln327                (write            ) [ 00000]
write_ln328                (write            ) [ 00000]
br_ln329                   (br               ) [ 00000]
write_ln331                (write            ) [ 00000]
write_ln332                (write            ) [ 00000]
br_ln333                   (br               ) [ 00000]
write_ln335                (write            ) [ 00000]
write_ln336                (write            ) [ 00000]
br_ln337                   (br               ) [ 00000]
streamed_scale_word_load   (load             ) [ 00000]
write_ln0                  (write            ) [ 00000]
ret_ln0                    (ret              ) [ 00000]
</LifeTime>

<model>

<comp_list>
<comp id="0" class="1000" name="shl_ln">
<pin_list>
<pin id="1" dir="1" index="0" bw="1" slack="0"/>
</pin_list>
<bind>
<StgValue><ssdm name="shl_ln"/></StgValue>
</bind>
</comp>

<comp id="2" class="1000" name="active_3">
<pin_list>
<pin id="3" dir="1" index="0" bw="1" slack="0"/>
</pin_list>
<bind>
<StgValue><ssdm name="active_3"/></StgValue>
</bind>
</comp>

<comp id="4" class="1000" name="active_2">
<pin_list>
<pin id="5" dir="1" index="0" bw="1" slack="0"/>
</pin_list>
<bind>
<StgValue><ssdm name="active_2"/></StgValue>
</bind>
</comp>

<comp id="6" class="1000" name="active_1">
<pin_list>
<pin id="7" dir="1" index="0" bw="1" slack="0"/>
</pin_list>
<bind>
<StgValue><ssdm name="active_1"/></StgValue>
</bind>
</comp>

<comp id="8" class="1000" name="active_0">
<pin_list>
<pin id="9" dir="1" index="0" bw="1" slack="0"/>
</pin_list>
<bind>
<StgValue><ssdm name="active_0"/></StgValue>
</bind>
</comp>

<comp id="10" class="1000" name="quantized_stream">
<pin_list>
<pin id="11" dir="1" index="0" bw="1" slack="0"/>
</pin_list>
<bind>
<StgValue><ssdm name="quantized_stream"/></StgValue>
</bind>
</comp>

<comp id="12" class="1000" name="scale_stream">
<pin_list>
<pin id="13" dir="1" index="0" bw="1" slack="0"/>
</pin_list>
<bind>
<StgValue><ssdm name="scale_stream"/></StgValue>
</bind>
</comp>

<comp id="14" class="1000" name="quantized">
<pin_list>
<pin id="15" dir="1" index="0" bw="1" slack="0"/>
</pin_list>
<bind>
<StgValue><ssdm name="quantized"/><MemPortTyVec>2 </MemPortTyVec>
</StgValue>
</bind>
</comp>

<comp id="16" class="1000" name="stream_activation">
<pin_list>
<pin id="17" dir="1" index="0" bw="1" slack="0"/>
</pin_list>
<bind>
<StgValue><ssdm name="stream_activation"/></StgValue>
</bind>
</comp>

<comp id="18" class="1000" name="packed_scales">
<pin_list>
<pin id="19" dir="1" index="0" bw="1" slack="0"/>
</pin_list>
<bind>
<StgValue><ssdm name="packed_scales"/><MemPortTyVec>2 </MemPortTyVec>
</StgValue>
</bind>
</comp>

<comp id="20" class="1000" name="quantized_pe0">
<pin_list>
<pin id="21" dir="1" index="0" bw="1" slack="0"/>
</pin_list>
<bind>
<StgValue><ssdm name="quantized_pe0"/></StgValue>
</bind>
</comp>

<comp id="22" class="1000" name="activation_scale_pe0">
<pin_list>
<pin id="23" dir="1" index="0" bw="1" slack="0"/>
</pin_list>
<bind>
<StgValue><ssdm name="activation_scale_pe0"/></StgValue>
</bind>
</comp>

<comp id="24" class="1000" name="quantized_pe1">
<pin_list>
<pin id="25" dir="1" index="0" bw="1" slack="0"/>
</pin_list>
<bind>
<StgValue><ssdm name="quantized_pe1"/></StgValue>
</bind>
</comp>

<comp id="26" class="1000" name="activation_scale_pe1">
<pin_list>
<pin id="27" dir="1" index="0" bw="1" slack="0"/>
</pin_list>
<bind>
<StgValue><ssdm name="activation_scale_pe1"/></StgValue>
</bind>
</comp>

<comp id="28" class="1000" name="quantized_pe2">
<pin_list>
<pin id="29" dir="1" index="0" bw="1" slack="0"/>
</pin_list>
<bind>
<StgValue><ssdm name="quantized_pe2"/></StgValue>
</bind>
</comp>

<comp id="30" class="1000" name="activation_scale_pe2">
<pin_list>
<pin id="31" dir="1" index="0" bw="1" slack="0"/>
</pin_list>
<bind>
<StgValue><ssdm name="activation_scale_pe2"/></StgValue>
</bind>
</comp>

<comp id="32" class="1000" name="quantized_pe3">
<pin_list>
<pin id="33" dir="1" index="0" bw="1" slack="0"/>
</pin_list>
<bind>
<StgValue><ssdm name="quantized_pe3"/></StgValue>
</bind>
</comp>

<comp id="34" class="1000" name="activation_scale_pe3">
<pin_list>
<pin id="35" dir="1" index="0" bw="1" slack="0"/>
</pin_list>
<bind>
<StgValue><ssdm name="activation_scale_pe3"/></StgValue>
</bind>
</comp>

<comp id="36" class="1000" name="streamed_scale_word_out">
<pin_list>
<pin id="37" dir="1" index="0" bw="1" slack="0"/>
</pin_list>
<bind>
<StgValue><ssdm name="streamed_scale_word_out"/></StgValue>
</bind>
</comp>

<comp id="38" class="1001" name="const_38">
<pin_list>
<pin id="39" dir="1" index="0" bw="1" slack="0"/>
</pin_list>
<bind>
<StgValue><ssdm name=""/></StgValue>
</bind>
</comp>

<comp id="40" class="1001" name="const_40">
<pin_list>
<pin id="41" dir="1" index="0" bw="1" slack="2147483647"/>
</pin_list>
<bind>
<StgValue><ssdm name="_ssdm_op_SpecMemCore"/></StgValue>
</bind>
</comp>

<comp id="42" class="1001" name="const_42">
<pin_list>
<pin id="43" dir="1" index="0" bw="1" slack="2147483647"/>
</pin_list>
<bind>
<StgValue><ssdm name=""/></StgValue>
</bind>
</comp>

<comp id="44" class="1001" name="const_44">
<pin_list>
<pin id="45" dir="1" index="0" bw="1" slack="2147483647"/>
</pin_list>
<bind>
<StgValue><ssdm name=""/></StgValue>
</bind>
</comp>

<comp id="46" class="1001" name="const_46">
<pin_list>
<pin id="47" dir="1" index="0" bw="1" slack="2147483647"/>
</pin_list>
<bind>
<StgValue><ssdm name=""/></StgValue>
</bind>
</comp>

<comp id="48" class="1001" name="const_48">
<pin_list>
<pin id="49" dir="1" index="0" bw="1" slack="2147483647"/>
</pin_list>
<bind>
<StgValue><ssdm name=""/></StgValue>
</bind>
</comp>

<comp id="50" class="1001" name="const_50">
<pin_list>
<pin id="51" dir="1" index="0" bw="1" slack="2147483647"/>
</pin_list>
<bind>
<StgValue><ssdm name=""/></StgValue>
</bind>
</comp>

<comp id="52" class="1001" name="const_52">
<pin_list>
<pin id="53" dir="1" index="0" bw="1" slack="2147483647"/>
</pin_list>
<bind>
<StgValue><ssdm name="_ssdm_op_SpecInterface"/></StgValue>
</bind>
</comp>

<comp id="54" class="1001" name="const_54">
<pin_list>
<pin id="55" dir="1" index="0" bw="1" slack="2147483647"/>
</pin_list>
<bind>
<StgValue><ssdm name="empty_447"/></StgValue>
</bind>
</comp>

<comp id="56" class="1001" name="const_56">
<pin_list>
<pin id="57" dir="1" index="0" bw="1" slack="2147483647"/>
</pin_list>
<bind>
<StgValue><ssdm name=""/></StgValue>
</bind>
</comp>

<comp id="58" class="1001" name="const_58">
<pin_list>
<pin id="59" dir="1" index="0" bw="1" slack="2147483647"/>
</pin_list>
<bind>
<StgValue><ssdm name="empty_418"/></StgValue>
</bind>
</comp>

<comp id="60" class="1001" name="const_60">
<pin_list>
<pin id="61" dir="1" index="0" bw="1" slack="2147483647"/>
</pin_list>
<bind>
<StgValue><ssdm name=""/></StgValue>
</bind>
</comp>

<comp id="62" class="1001" name="const_62">
<pin_list>
<pin id="63" dir="1" index="0" bw="1" slack="0"/>
</pin_list>
<bind>
<StgValue><ssdm name="_ssdm_op_Read.ap_auto.i1"/></StgValue>
</bind>
</comp>

<comp id="64" class="1001" name="const_64">
<pin_list>
<pin id="65" dir="1" index="0" bw="1" slack="0"/>
</pin_list>
<bind>
<StgValue><ssdm name="_ssdm_op_Read.ap_auto.i9"/></StgValue>
</bind>
</comp>

<comp id="66" class="1001" name="const_66">
<pin_list>
<pin id="67" dir="1" index="0" bw="1" slack="0"/>
</pin_list>
<bind>
<StgValue><ssdm name=""/></StgValue>
</bind>
</comp>

<comp id="68" class="1001" name="const_68">
<pin_list>
<pin id="69" dir="1" index="0" bw="1" slack="0"/>
</pin_list>
<bind>
<StgValue><ssdm name=""/></StgValue>
</bind>
</comp>

<comp id="70" class="1001" name="const_70">
<pin_list>
<pin id="71" dir="1" index="0" bw="1" slack="0"/>
</pin_list>
<bind>
<StgValue><ssdm name=""/></StgValue>
</bind>
</comp>

<comp id="72" class="1001" name="const_72">
<pin_list>
<pin id="73" dir="1" index="0" bw="1" slack="2147483647"/>
</pin_list>
<bind>
<StgValue><ssdm name="_ssdm_op_SpecPipeline"/></StgValue>
</bind>
</comp>

<comp id="74" class="1001" name="const_74">
<pin_list>
<pin id="75" dir="1" index="0" bw="1" slack="2147483647"/>
</pin_list>
<bind>
<StgValue><ssdm name="_ssdm_op_SpecLoopTripCount"/></StgValue>
</bind>
</comp>

<comp id="76" class="1001" name="const_76">
<pin_list>
<pin id="77" dir="1" index="0" bw="1" slack="2147483647"/>
</pin_list>
<bind>
<StgValue><ssdm name=""/></StgValue>
</bind>
</comp>

<comp id="78" class="1001" name="const_78">
<pin_list>
<pin id="79" dir="1" index="0" bw="1" slack="2147483647"/>
</pin_list>
<bind>
<StgValue><ssdm name=""/></StgValue>
</bind>
</comp>

<comp id="80" class="1001" name="const_80">
<pin_list>
<pin id="81" dir="1" index="0" bw="1" slack="2147483647"/>
</pin_list>
<bind>
<StgValue><ssdm name=""/></StgValue>
</bind>
</comp>

<comp id="82" class="1001" name="const_82">
<pin_list>
<pin id="83" dir="1" index="0" bw="1" slack="2147483647"/>
</pin_list>
<bind>
<StgValue><ssdm name="_ssdm_op_SpecLoopName"/></StgValue>
</bind>
</comp>

<comp id="84" class="1001" name="const_84">
<pin_list>
<pin id="85" dir="1" index="0" bw="1" slack="2147483647"/>
</pin_list>
<bind>
<StgValue><ssdm name="empty_483"/></StgValue>
</bind>
</comp>

<comp id="86" class="1001" name="const_86">
<pin_list>
<pin id="87" dir="1" index="0" bw="1" slack="0"/>
</pin_list>
<bind>
<StgValue><ssdm name=""/></StgValue>
</bind>
</comp>

<comp id="88" class="1001" name="const_88">
<pin_list>
<pin id="89" dir="1" index="0" bw="1" slack="0"/>
</pin_list>
<bind>
<StgValue><ssdm name=""/></StgValue>
</bind>
</comp>

<comp id="90" class="1001" name="const_90">
<pin_list>
<pin id="91" dir="1" index="0" bw="1" slack="0"/>
</pin_list>
<bind>
<StgValue><ssdm name="_ssdm_op_PartSelect.i5.i9.i32.i32"/></StgValue>
</bind>
</comp>

<comp id="92" class="1001" name="const_92">
<pin_list>
<pin id="93" dir="1" index="0" bw="1" slack="0"/>
</pin_list>
<bind>
<StgValue><ssdm name=""/></StgValue>
</bind>
</comp>

<comp id="94" class="1001" name="const_94">
<pin_list>
<pin id="95" dir="1" index="0" bw="1" slack="0"/>
</pin_list>
<bind>
<StgValue><ssdm name=""/></StgValue>
</bind>
</comp>

<comp id="96" class="1001" name="const_96">
<pin_list>
<pin id="97" dir="1" index="0" bw="1" slack="0"/>
</pin_list>
<bind>
<StgValue><ssdm name="_ssdm_op_Read.ap_fifo.volatile.i480P0A"/></StgValue>
</bind>
</comp>

<comp id="98" class="1001" name="const_98">
<pin_list>
<pin id="99" dir="1" index="0" bw="1" slack="0"/>
</pin_list>
<bind>
<StgValue><ssdm name="_ssdm_op_Read.ap_fifo.volatile.i32P0A"/></StgValue>
</bind>
</comp>

<comp id="100" class="1001" name="const_100">
<pin_list>
<pin id="101" dir="1" index="0" bw="1" slack="0"/>
</pin_list>
<bind>
<StgValue><ssdm name="_ssdm_op_PartSelect.i480.i512.i32.i32"/></StgValue>
</bind>
</comp>

<comp id="102" class="1001" name="const_102">
<pin_list>
<pin id="103" dir="1" index="0" bw="1" slack="0"/>
</pin_list>
<bind>
<StgValue><ssdm name=""/></StgValue>
</bind>
</comp>

<comp id="104" class="1001" name="const_104">
<pin_list>
<pin id="105" dir="1" index="0" bw="1" slack="0"/>
</pin_list>
<bind>
<StgValue><ssdm name=""/></StgValue>
</bind>
</comp>

<comp id="106" class="1001" name="const_106">
<pin_list>
<pin id="107" dir="1" index="0" bw="1" slack="0"/>
</pin_list>
<bind>
<StgValue><ssdm name="_ssdm_op_BitConcatenate.i512.i32.i480"/></StgValue>
</bind>
</comp>

<comp id="108" class="1001" name="const_108">
<pin_list>
<pin id="109" dir="1" index="0" bw="1" slack="0"/>
</pin_list>
<bind>
<StgValue><ssdm name=""/></StgValue>
</bind>
</comp>

<comp id="110" class="1001" name="const_110">
<pin_list>
<pin id="111" dir="1" index="0" bw="1" slack="0"/>
</pin_list>
<bind>
<StgValue><ssdm name="_ssdm_op_Write.ap_fifo.volatile.i480P0A"/></StgValue>
</bind>
</comp>

<comp id="112" class="1001" name="const_112">
<pin_list>
<pin id="113" dir="1" index="0" bw="1" slack="0"/>
</pin_list>
<bind>
<StgValue><ssdm name="_ssdm_op_Write.ap_fifo.volatile.i32P0A"/></StgValue>
</bind>
</comp>

<comp id="114" class="1001" name="const_114">
<pin_list>
<pin id="115" dir="1" index="0" bw="1" slack="0"/>
</pin_list>
<bind>
<StgValue><ssdm name="_ssdm_op_Write.ap_auto.i512P0A"/></StgValue>
</bind>
</comp>

<comp id="116" class="1004" name="activation_group_fu_116">
<pin_list>
<pin id="117" dir="0" index="0" bw="1" slack="0"/>
<pin id="118" dir="1" index="1" bw="9" slack="0"/>
</pin_list>
<bind>
<opcode="alloca(26) " fcode="alloca"/>
<opset="activation_group/1 "/>
</bind>
</comp>

<comp id="120" class="1004" name="cached_scale_word_fu_120">
<pin_list>
<pin id="121" dir="0" index="0" bw="1" slack="0"/>
<pin id="122" dir="1" index="1" bw="512" slack="0"/>
</pin_list>
<bind>
<opcode="alloca(26) " fcode="alloca"/>
<opset="cached_scale_word/1 "/>
</bind>
</comp>

<comp id="124" class="1004" name="streamed_scale_word_fu_124">
<pin_list>
<pin id="125" dir="0" index="0" bw="1" slack="0"/>
<pin id="126" dir="1" index="1" bw="512" slack="0"/>
</pin_list>
<bind>
<opcode="alloca(26) " fcode="alloca"/>
<opset="streamed_scale_word/1 "/>
</bind>
</comp>

<comp id="128" class="1004" name="stream_activation_read_read_fu_128">
<pin_list>
<pin id="129" dir="0" index="0" bw="1" slack="0"/>
<pin id="130" dir="0" index="1" bw="1" slack="0"/>
<pin id="131" dir="1" index="2" bw="1" slack="1"/>
</pin_list>
<bind>
<opcode="read(1150) " fcode="read"/>
<opset="stream_activation_read/1 "/>
</bind>
</comp>

<comp id="134" class="1004" name="active_0_read_read_fu_134">
<pin_list>
<pin id="135" dir="0" index="0" bw="1" slack="0"/>
<pin id="136" dir="0" index="1" bw="1" slack="0"/>
<pin id="137" dir="1" index="2" bw="1" slack="1"/>
</pin_list>
<bind>
<opcode="read(1150) " fcode="read"/>
<opset="active_0_read/1 "/>
</bind>
</comp>

<comp id="140" class="1004" name="active_1_read_read_fu_140">
<pin_list>
<pin id="141" dir="0" index="0" bw="1" slack="0"/>
<pin id="142" dir="0" index="1" bw="1" slack="0"/>
<pin id="143" dir="1" index="2" bw="1" slack="1"/>
</pin_list>
<bind>
<opcode="read(1150) " fcode="read"/>
<opset="active_1_read/1 "/>
</bind>
</comp>

<comp id="146" class="1004" name="active_2_read_read_fu_146">
<pin_list>
<pin id="147" dir="0" index="0" bw="1" slack="0"/>
<pin id="148" dir="0" index="1" bw="1" slack="0"/>
<pin id="149" dir="1" index="2" bw="1" slack="1"/>
</pin_list>
<bind>
<opcode="read(1150) " fcode="read"/>
<opset="active_2_read/1 "/>
</bind>
</comp>

<comp id="152" class="1004" name="active_3_read_read_fu_152">
<pin_list>
<pin id="153" dir="0" index="0" bw="1" slack="0"/>
<pin id="154" dir="0" index="1" bw="1" slack="0"/>
<pin id="155" dir="1" index="2" bw="1" slack="1"/>
</pin_list>
<bind>
<opcode="read(1150) " fcode="read"/>
<opset="active_3_read/1 "/>
</bind>
</comp>

<comp id="158" class="1004" name="shl_ln_read_read_fu_158">
<pin_list>
<pin id="159" dir="0" index="0" bw="9" slack="0"/>
<pin id="160" dir="0" index="1" bw="9" slack="0"/>
<pin id="161" dir="1" index="2" bw="9" slack="0"/>
</pin_list>
<bind>
<opcode="read(1150) " fcode="read"/>
<opset="shl_ln_read/1 "/>
</bind>
</comp>

<comp id="164" class="1004" name="q_read_fu_164">
<pin_list>
<pin id="165" dir="0" index="0" bw="480" slack="0"/>
<pin id="166" dir="0" index="1" bw="480" slack="0"/>
<pin id="167" dir="1" index="2" bw="480" slack="0"/>
</pin_list>
<bind>
<opcode="read(1150) " fcode="read"/>
<opset="q/2 "/>
</bind>
</comp>

<comp id="170" class="1004" name="sx_read_fu_170">
<pin_list>
<pin id="171" dir="0" index="0" bw="32" slack="0"/>
<pin id="172" dir="0" index="1" bw="32" slack="0"/>
<pin id="173" dir="1" index="2" bw="32" slack="0"/>
</pin_list>
<bind>
<opcode="read(1150) " fcode="read"/>
<opset="sx/2 "/>
</bind>
</comp>

<comp id="176" class="1004" name="write_ln323_write_fu_176">
<pin_list>
<pin id="177" dir="0" index="0" bw="0" slack="0"/>
<pin id="178" dir="0" index="1" bw="480" slack="0"/>
<pin id="179" dir="0" index="2" bw="480" slack="0"/>
<pin id="180" dir="1" index="3" bw="0" slack="2147483647"/>
</pin_list>
<bind>
<opcode="write(1151) " fcode="write"/>
<opset="write_ln323/4 "/>
</bind>
</comp>

<comp id="183" class="1004" name="write_ln324_write_fu_183">
<pin_list>
<pin id="184" dir="0" index="0" bw="0" slack="0"/>
<pin id="185" dir="0" index="1" bw="32" slack="0"/>
<pin id="186" dir="0" index="2" bw="32" slack="0"/>
<pin id="187" dir="1" index="3" bw="0" slack="2147483647"/>
</pin_list>
<bind>
<opcode="write(1151) " fcode="write"/>
<opset="write_ln324/4 "/>
</bind>
</comp>

<comp id="190" class="1004" name="write_ln327_write_fu_190">
<pin_list>
<pin id="191" dir="0" index="0" bw="0" slack="0"/>
<pin id="192" dir="0" index="1" bw="480" slack="0"/>
<pin id="193" dir="0" index="2" bw="480" slack="0"/>
<pin id="194" dir="1" index="3" bw="0" slack="2147483647"/>
</pin_list>
<bind>
<opcode="write(1151) " fcode="write"/>
<opset="write_ln327/4 "/>
</bind>
</comp>

<comp id="197" class="1004" name="write_ln328_write_fu_197">
<pin_list>
<pin id="198" dir="0" index="0" bw="0" slack="0"/>
<pin id="199" dir="0" index="1" bw="32" slack="0"/>
<pin id="200" dir="0" index="2" bw="32" slack="0"/>
<pin id="201" dir="1" index="3" bw="0" slack="2147483647"/>
</pin_list>
<bind>
<opcode="write(1151) " fcode="write"/>
<opset="write_ln328/4 "/>
</bind>
</comp>

<comp id="204" class="1004" name="write_ln331_write_fu_204">
<pin_list>
<pin id="205" dir="0" index="0" bw="0" slack="0"/>
<pin id="206" dir="0" index="1" bw="480" slack="0"/>
<pin id="207" dir="0" index="2" bw="480" slack="0"/>
<pin id="208" dir="1" index="3" bw="0" slack="2147483647"/>
</pin_list>
<bind>
<opcode="write(1151) " fcode="write"/>
<opset="write_ln331/4 "/>
</bind>
</comp>

<comp id="211" class="1004" name="write_ln332_write_fu_211">
<pin_list>
<pin id="212" dir="0" index="0" bw="0" slack="0"/>
<pin id="213" dir="0" index="1" bw="32" slack="0"/>
<pin id="214" dir="0" index="2" bw="32" slack="0"/>
<pin id="215" dir="1" index="3" bw="0" slack="2147483647"/>
</pin_list>
<bind>
<opcode="write(1151) " fcode="write"/>
<opset="write_ln332/4 "/>
</bind>
</comp>

<comp id="218" class="1004" name="write_ln335_write_fu_218">
<pin_list>
<pin id="219" dir="0" index="0" bw="0" slack="0"/>
<pin id="220" dir="0" index="1" bw="480" slack="0"/>
<pin id="221" dir="0" index="2" bw="480" slack="0"/>
<pin id="222" dir="1" index="3" bw="0" slack="2147483647"/>
</pin_list>
<bind>
<opcode="write(1151) " fcode="write"/>
<opset="write_ln335/4 "/>
</bind>
</comp>

<comp id="225" class="1004" name="write_ln336_write_fu_225">
<pin_list>
<pin id="226" dir="0" index="0" bw="0" slack="0"/>
<pin id="227" dir="0" index="1" bw="32" slack="0"/>
<pin id="228" dir="0" index="2" bw="32" slack="0"/>
<pin id="229" dir="1" index="3" bw="0" slack="2147483647"/>
</pin_list>
<bind>
<opcode="write(1151) " fcode="write"/>
<opset="write_ln336/4 "/>
</bind>
</comp>

<comp id="232" class="1004" name="write_ln0_write_fu_232">
<pin_list>
<pin id="233" dir="0" index="0" bw="0" slack="0"/>
<pin id="234" dir="0" index="1" bw="512" slack="0"/>
<pin id="235" dir="0" index="2" bw="512" slack="0"/>
<pin id="236" dir="1" index="3" bw="0" slack="2147483647"/>
</pin_list>
<bind>
<opcode="write(1151) " fcode="write"/>
<opset="write_ln0/3 "/>
</bind>
</comp>

<comp id="239" class="1004" name="quantized_addr_1_gep_fu_239">
<pin_list>
<pin id="240" dir="0" index="0" bw="480" slack="0"/>
<pin id="241" dir="0" index="1" bw="1" slack="0"/>
<pin id="242" dir="0" index="2" bw="9" slack="0"/>
<pin id="243" dir="1" index="3" bw="9" slack="0"/>
</pin_list>
<bind>
<opcode="getelementptr(29) " fcode="getelementptr"/>
<opset="quantized_addr_1/2 "/>
</bind>
</comp>

<comp id="246" class="1004" name="grp_access_fu_246">
<pin_list>
<pin id="247" dir="0" index="0" bw="9" slack="0"/>
<pin id="248" dir="0" index="1" bw="480" slack="0"/>
<pin id="249" dir="0" index="2" bw="0" slack="2147483647"/>
<pin id="250" dir="1" index="3" bw="480" slack="1"/>
</pin_list>
<bind>
<opcode="load(27) store(28) " fcode="store"/>
<opset="q_1/2 store_ln298/2 "/>
</bind>
</comp>

<comp id="252" class="1004" name="packed_scales_addr_gep_fu_252">
<pin_list>
<pin id="253" dir="0" index="0" bw="512" slack="0"/>
<pin id="254" dir="0" index="1" bw="1" slack="0"/>
<pin id="255" dir="0" index="2" bw="5" slack="0"/>
<pin id="256" dir="1" index="3" bw="5" slack="0"/>
</pin_list>
<bind>
<opcode="getelementptr(29) " fcode="getelementptr"/>
<opset="packed_scales_addr/2 "/>
</bind>
</comp>

<comp id="259" class="1004" name="grp_access_fu_259">
<pin_list>
<pin id="260" dir="0" index="0" bw="5" slack="0"/>
<pin id="261" dir="0" index="1" bw="512" slack="0"/>
<pin id="262" dir="0" index="2" bw="0" slack="2147483647"/>
<pin id="263" dir="1" index="3" bw="512" slack="0"/>
</pin_list>
<bind>
<opcode="load(27) store(28) " fcode="store"/>
<opset="cached_scale_word_1/2 store_ln304/2 "/>
</bind>
</comp>

<comp id="265" class="1004" name="quantized_addr_gep_fu_265">
<pin_list>
<pin id="266" dir="0" index="0" bw="480" slack="0"/>
<pin id="267" dir="0" index="1" bw="1" slack="0"/>
<pin id="268" dir="0" index="2" bw="9" slack="0"/>
<pin id="269" dir="1" index="3" bw="9" slack="0"/>
</pin_list>
<bind>
<opcode="getelementptr(29) " fcode="getelementptr"/>
<opset="quantized_addr/2 "/>
</bind>
</comp>

<comp id="274" class="1004" name="packed_scales_addr_1_gep_fu_274">
<pin_list>
<pin id="275" dir="0" index="0" bw="512" slack="0"/>
<pin id="276" dir="0" index="1" bw="1" slack="0"/>
<pin id="277" dir="0" index="2" bw="5" slack="0"/>
<pin id="278" dir="1" index="3" bw="5" slack="0"/>
</pin_list>
<bind>
<opcode="getelementptr(29) " fcode="getelementptr"/>
<opset="packed_scales_addr_1/2 "/>
</bind>
</comp>

<comp id="282" class="1005" name="q_2_reg_282">
<pin_list>
<pin id="283" dir="0" index="0" bw="480" slack="2147483647"/>
<pin id="284" dir="1" index="1" bw="480" slack="2147483647"/>
</pin_list>
<bind>
<opset="q_2 (phireg) "/>
</bind>
</comp>

<comp id="285" class="1004" name="q_2_phi_fu_285">
<pin_list>
<pin id="286" dir="0" index="0" bw="480" slack="2"/>
<pin id="287" dir="0" index="1" bw="0" slack="2147483647"/>
<pin id="288" dir="0" index="2" bw="480" slack="1"/>
<pin id="289" dir="0" index="3" bw="0" slack="2147483647"/>
<pin id="290" dir="1" index="4" bw="480" slack="0"/>
</pin_list>
<bind>
<opcode="phi(47) " fcode="phi"/>
<opset="q_2/4 "/>
</bind>
</comp>

<comp id="295" class="1005" name="p_0_reg_295">
<pin_list>
<pin id="296" dir="0" index="0" bw="32" slack="2147483647"/>
<pin id="297" dir="1" index="1" bw="32" slack="2147483647"/>
</pin_list>
<bind>
<opset="p_0 (phireg) "/>
</bind>
</comp>

<comp id="298" class="1004" name="p_0_phi_fu_298">
<pin_list>
<pin id="299" dir="0" index="0" bw="32" slack="2"/>
<pin id="300" dir="0" index="1" bw="0" slack="2147483647"/>
<pin id="301" dir="0" index="2" bw="32" slack="1"/>
<pin id="302" dir="0" index="3" bw="0" slack="2147483647"/>
<pin id="303" dir="1" index="4" bw="32" slack="0"/>
</pin_list>
<bind>
<opcode="phi(47) " fcode="phi"/>
<opset="p_0/4 "/>
</bind>
</comp>

<comp id="308" class="1004" name="grp_fu_308">
<pin_list>
<pin id="309" dir="0" index="0" bw="5" slack="0"/>
<pin id="310" dir="0" index="1" bw="9" slack="1"/>
<pin id="311" dir="0" index="2" bw="4" slack="0"/>
<pin id="312" dir="0" index="3" bw="5" slack="0"/>
<pin id="313" dir="1" index="4" bw="5" slack="0"/>
</pin_list>
<bind>
<opcode="partselect(1002) " fcode="partselect"/>
<opset="div16_udiv/2 div_udiv/2 "/>
</bind>
</comp>

<comp id="317" class="1004" name="store_ln275_store_fu_317">
<pin_list>
<pin id="318" dir="0" index="0" bw="1" slack="0"/>
<pin id="319" dir="0" index="1" bw="512" slack="0"/>
<pin id="320" dir="1" index="2" bw="0" slack="2147483647"/>
</pin_list>
<bind>
<opcode="store(28) " fcode="store"/>
<opset="store_ln275/1 "/>
</bind>
</comp>

<comp id="322" class="1004" name="store_ln276_store_fu_322">
<pin_list>
<pin id="323" dir="0" index="0" bw="1" slack="0"/>
<pin id="324" dir="0" index="1" bw="512" slack="0"/>
<pin id="325" dir="1" index="2" bw="0" slack="2147483647"/>
</pin_list>
<bind>
<opcode="store(28) " fcode="store"/>
<opset="store_ln276/1 "/>
</bind>
</comp>

<comp id="327" class="1004" name="store_ln285_store_fu_327">
<pin_list>
<pin id="328" dir="0" index="0" bw="1" slack="0"/>
<pin id="329" dir="0" index="1" bw="9" slack="0"/>
<pin id="330" dir="1" index="2" bw="0" slack="2147483647"/>
</pin_list>
<bind>
<opcode="store(28) " fcode="store"/>
<opset="store_ln285/1 "/>
</bind>
</comp>

<comp id="332" class="1004" name="activation_group_1_load_fu_332">
<pin_list>
<pin id="333" dir="0" index="0" bw="9" slack="0"/>
<pin id="334" dir="1" index="1" bw="9" slack="0"/>
</pin_list>
<bind>
<opcode="load(27) " fcode="load"/>
<opset="activation_group_1/1 "/>
</bind>
</comp>

<comp id="335" class="1004" name="icmp_ln285_fu_335">
<pin_list>
<pin id="336" dir="0" index="0" bw="9" slack="0"/>
<pin id="337" dir="0" index="1" bw="9" slack="0"/>
<pin id="338" dir="1" index="2" bw="1" slack="1"/>
</pin_list>
<bind>
<opcode="icmp(45) " fcode="icmp"/>
<opset="icmp_ln285/1 "/>
</bind>
</comp>

<comp id="341" class="1004" name="add_ln287_fu_341">
<pin_list>
<pin id="342" dir="0" index="0" bw="9" slack="0"/>
<pin id="343" dir="0" index="1" bw="1" slack="0"/>
<pin id="344" dir="1" index="2" bw="9" slack="0"/>
</pin_list>
<bind>
<opcode="add(8) " fcode="add"/>
<opset="add_ln287/1 "/>
</bind>
</comp>

<comp id="347" class="1004" name="store_ln285_store_fu_347">
<pin_list>
<pin id="348" dir="0" index="0" bw="9" slack="0"/>
<pin id="349" dir="0" index="1" bw="9" slack="0"/>
<pin id="350" dir="1" index="2" bw="0" slack="2147483647"/>
</pin_list>
<bind>
<opcode="store(28) " fcode="store"/>
<opset="store_ln285/1 "/>
</bind>
</comp>

<comp id="352" class="1004" name="zext_ln286_fu_352">
<pin_list>
<pin id="353" dir="0" index="0" bw="9" slack="1"/>
<pin id="354" dir="1" index="1" bw="64" slack="0"/>
</pin_list>
<bind>
<opcode="zext(34) " fcode="zext"/>
<opset="zext_ln286/2 "/>
</bind>
</comp>

<comp id="357" class="1004" name="scale_lane_fu_357">
<pin_list>
<pin id="358" dir="0" index="0" bw="9" slack="1"/>
<pin id="359" dir="1" index="1" bw="4" slack="0"/>
</pin_list>
<bind>
<opcode="trunc(33) " fcode="trunc"/>
<opset="scale_lane/2 "/>
</bind>
</comp>

<comp id="360" class="1004" name="icmp_ln309_fu_360">
<pin_list>
<pin id="361" dir="0" index="0" bw="4" slack="0"/>
<pin id="362" dir="0" index="1" bw="1" slack="0"/>
<pin id="363" dir="1" index="2" bw="1" slack="1"/>
</pin_list>
<bind>
<opcode="icmp(45) " fcode="icmp"/>
<opset="icmp_ln309/2 "/>
</bind>
</comp>

<comp id="366" class="1004" name="zext_ln311_fu_366">
<pin_list>
<pin id="367" dir="0" index="0" bw="5" slack="0"/>
<pin id="368" dir="1" index="1" bw="64" slack="0"/>
</pin_list>
<bind>
<opcode="zext(34) " fcode="zext"/>
<opset="zext_ln311/2 "/>
</bind>
</comp>

<comp id="371" class="1004" name="streamed_scale_word_load_1_load_fu_371">
<pin_list>
<pin id="372" dir="0" index="0" bw="512" slack="1"/>
<pin id="373" dir="1" index="1" bw="512" slack="0"/>
</pin_list>
<bind>
<opcode="load(27) " fcode="load"/>
<opset="streamed_scale_word_load_1/2 "/>
</bind>
</comp>

<comp id="374" class="1004" name="streamed_scale_word_4_fu_374">
<pin_list>
<pin id="375" dir="0" index="0" bw="480" slack="0"/>
<pin id="376" dir="0" index="1" bw="512" slack="0"/>
<pin id="377" dir="0" index="2" bw="7" slack="0"/>
<pin id="378" dir="0" index="3" bw="10" slack="0"/>
<pin id="379" dir="1" index="4" bw="480" slack="0"/>
</pin_list>
<bind>
<opcode="partselect(1002) " fcode="partselect"/>
<opset="streamed_scale_word_4/2 "/>
</bind>
</comp>

<comp id="384" class="1004" name="streamed_scale_word_1_fu_384">
<pin_list>
<pin id="385" dir="0" index="0" bw="512" slack="0"/>
<pin id="386" dir="0" index="1" bw="32" slack="0"/>
<pin id="387" dir="0" index="2" bw="480" slack="0"/>
<pin id="388" dir="1" index="3" bw="512" slack="0"/>
</pin_list>
<bind>
<opcode="bitconcatenate(1004) " fcode="bitconcatenate"/>
<opset="streamed_scale_word_1/2 "/>
</bind>
</comp>

<comp id="393" class="1004" name="icmp_ln302_fu_393">
<pin_list>
<pin id="394" dir="0" index="0" bw="4" slack="0"/>
<pin id="395" dir="0" index="1" bw="1" slack="0"/>
<pin id="396" dir="1" index="2" bw="1" slack="2147483647"/>
</pin_list>
<bind>
<opcode="icmp(45) " fcode="icmp"/>
<opset="icmp_ln302/2 "/>
</bind>
</comp>

<comp id="399" class="1004" name="zext_ln303_fu_399">
<pin_list>
<pin id="400" dir="0" index="0" bw="5" slack="0"/>
<pin id="401" dir="1" index="1" bw="64" slack="0"/>
</pin_list>
<bind>
<opcode="zext(34) " fcode="zext"/>
<opset="zext_ln303/2 "/>
</bind>
</comp>

<comp id="404" class="1004" name="store_ln275_store_fu_404">
<pin_list>
<pin id="405" dir="0" index="0" bw="512" slack="0"/>
<pin id="406" dir="0" index="1" bw="512" slack="1"/>
<pin id="407" dir="1" index="2" bw="0" slack="2147483647"/>
</pin_list>
<bind>
<opcode="store(28) " fcode="store"/>
<opset="store_ln275/2 "/>
</bind>
</comp>

<comp id="409" class="1004" name="cached_scale_word_load_load_fu_409">
<pin_list>
<pin id="410" dir="0" index="0" bw="512" slack="2"/>
<pin id="411" dir="1" index="1" bw="512" slack="0"/>
</pin_list>
<bind>
<opcode="load(27) " fcode="load"/>
<opset="cached_scale_word_load/3 "/>
</bind>
</comp>

<comp id="412" class="1004" name="cached_scale_word_2_fu_412">
<pin_list>
<pin id="413" dir="0" index="0" bw="1" slack="1"/>
<pin id="414" dir="0" index="1" bw="512" slack="0"/>
<pin id="415" dir="0" index="2" bw="512" slack="0"/>
<pin id="416" dir="1" index="3" bw="512" slack="0"/>
</pin_list>
<bind>
<opcode="select(49) " fcode="select"/>
<opset="cached_scale_word_2/3 "/>
</bind>
</comp>

<comp id="419" class="1004" name="sx_1_fu_419">
<pin_list>
<pin id="420" dir="0" index="0" bw="512" slack="0"/>
<pin id="421" dir="1" index="1" bw="32" slack="1"/>
</pin_list>
<bind>
<opcode="trunc(33) " fcode="trunc"/>
<opset="sx_1/3 "/>
</bind>
</comp>

<comp id="423" class="1004" name="cached_scale_word_3_fu_423">
<pin_list>
<pin id="424" dir="0" index="0" bw="480" slack="0"/>
<pin id="425" dir="0" index="1" bw="512" slack="0"/>
<pin id="426" dir="0" index="2" bw="7" slack="0"/>
<pin id="427" dir="0" index="3" bw="10" slack="0"/>
<pin id="428" dir="1" index="4" bw="480" slack="0"/>
</pin_list>
<bind>
<opcode="partselect(1002) " fcode="partselect"/>
<opset="cached_scale_word_3/3 "/>
</bind>
</comp>

<comp id="433" class="1004" name="zext_ln316_fu_433">
<pin_list>
<pin id="434" dir="0" index="0" bw="480" slack="0"/>
<pin id="435" dir="1" index="1" bw="512" slack="0"/>
</pin_list>
<bind>
<opcode="zext(34) " fcode="zext"/>
<opset="zext_ln316/3 "/>
</bind>
</comp>

<comp id="437" class="1004" name="store_ln276_store_fu_437">
<pin_list>
<pin id="438" dir="0" index="0" bw="480" slack="0"/>
<pin id="439" dir="0" index="1" bw="512" slack="2"/>
<pin id="440" dir="1" index="2" bw="0" slack="2147483647"/>
</pin_list>
<bind>
<opcode="store(28) " fcode="store"/>
<opset="store_ln276/3 "/>
</bind>
</comp>

<comp id="442" class="1004" name="streamed_scale_word_load_load_fu_442">
<pin_list>
<pin id="443" dir="0" index="0" bw="512" slack="2"/>
<pin id="444" dir="1" index="1" bw="512" slack="0"/>
</pin_list>
<bind>
<opcode="load(27) " fcode="load"/>
<opset="streamed_scale_word_load/3 "/>
</bind>
</comp>

<comp id="446" class="1005" name="activation_group_reg_446">
<pin_list>
<pin id="447" dir="0" index="0" bw="9" slack="0"/>
<pin id="448" dir="1" index="1" bw="9" slack="0"/>
</pin_list>
<bind>
<opset="activation_group "/>
</bind>
</comp>

<comp id="453" class="1005" name="cached_scale_word_reg_453">
<pin_list>
<pin id="454" dir="0" index="0" bw="512" slack="0"/>
<pin id="455" dir="1" index="1" bw="512" slack="0"/>
</pin_list>
<bind>
<opset="cached_scale_word "/>
</bind>
</comp>

<comp id="460" class="1005" name="streamed_scale_word_reg_460">
<pin_list>
<pin id="461" dir="0" index="0" bw="512" slack="0"/>
<pin id="462" dir="1" index="1" bw="512" slack="0"/>
</pin_list>
<bind>
<opset="streamed_scale_word "/>
</bind>
</comp>

<comp id="468" class="1005" name="stream_activation_read_reg_468">
<pin_list>
<pin id="469" dir="0" index="0" bw="1" slack="1"/>
<pin id="470" dir="1" index="1" bw="1" slack="2147483647"/>
</pin_list>
<bind>
<opset="stream_activation_read "/>
</bind>
</comp>

<comp id="472" class="1005" name="active_0_read_reg_472">
<pin_list>
<pin id="473" dir="0" index="0" bw="1" slack="1"/>
<pin id="474" dir="1" index="1" bw="1" slack="2147483647"/>
</pin_list>
<bind>
<opset="active_0_read "/>
</bind>
</comp>

<comp id="476" class="1005" name="active_1_read_reg_476">
<pin_list>
<pin id="477" dir="0" index="0" bw="1" slack="1"/>
<pin id="478" dir="1" index="1" bw="1" slack="2147483647"/>
</pin_list>
<bind>
<opset="active_1_read "/>
</bind>
</comp>

<comp id="480" class="1005" name="active_2_read_reg_480">
<pin_list>
<pin id="481" dir="0" index="0" bw="1" slack="1"/>
<pin id="482" dir="1" index="1" bw="1" slack="2147483647"/>
</pin_list>
<bind>
<opset="active_2_read "/>
</bind>
</comp>

<comp id="484" class="1005" name="active_3_read_reg_484">
<pin_list>
<pin id="485" dir="0" index="0" bw="1" slack="1"/>
<pin id="486" dir="1" index="1" bw="1" slack="2147483647"/>
</pin_list>
<bind>
<opset="active_3_read "/>
</bind>
</comp>

<comp id="488" class="1005" name="activation_group_1_reg_488">
<pin_list>
<pin id="489" dir="0" index="0" bw="9" slack="1"/>
<pin id="490" dir="1" index="1" bw="9" slack="1"/>
</pin_list>
<bind>
<opset="activation_group_1 "/>
</bind>
</comp>

<comp id="495" class="1005" name="icmp_ln285_reg_495">
<pin_list>
<pin id="496" dir="0" index="0" bw="1" slack="1"/>
<pin id="497" dir="1" index="1" bw="1" slack="2147483647"/>
</pin_list>
<bind>
<opset="icmp_ln285 "/>
</bind>
</comp>

<comp id="499" class="1005" name="quantized_addr_1_reg_499">
<pin_list>
<pin id="500" dir="0" index="0" bw="9" slack="1"/>
<pin id="501" dir="1" index="1" bw="9" slack="1"/>
</pin_list>
<bind>
<opset="quantized_addr_1 "/>
</bind>
</comp>

<comp id="504" class="1005" name="icmp_ln309_reg_504">
<pin_list>
<pin id="505" dir="0" index="0" bw="1" slack="1"/>
<pin id="506" dir="1" index="1" bw="1" slack="1"/>
</pin_list>
<bind>
<opset="icmp_ln309 "/>
</bind>
</comp>

<comp id="509" class="1005" name="packed_scales_addr_reg_509">
<pin_list>
<pin id="510" dir="0" index="0" bw="5" slack="1"/>
<pin id="511" dir="1" index="1" bw="5" slack="1"/>
</pin_list>
<bind>
<opset="packed_scales_addr "/>
</bind>
</comp>

<comp id="514" class="1005" name="q_reg_514">
<pin_list>
<pin id="515" dir="0" index="0" bw="480" slack="2"/>
<pin id="516" dir="1" index="1" bw="480" slack="2"/>
</pin_list>
<bind>
<opset="q "/>
</bind>
</comp>

<comp id="519" class="1005" name="sx_reg_519">
<pin_list>
<pin id="520" dir="0" index="0" bw="32" slack="2"/>
<pin id="521" dir="1" index="1" bw="32" slack="2"/>
</pin_list>
<bind>
<opset="sx "/>
</bind>
</comp>

<comp id="527" class="1005" name="q_1_reg_527">
<pin_list>
<pin id="528" dir="0" index="0" bw="480" slack="1"/>
<pin id="529" dir="1" index="1" bw="480" slack="1"/>
</pin_list>
<bind>
<opset="q_1 "/>
</bind>
</comp>

<comp id="532" class="1005" name="sx_1_reg_532">
<pin_list>
<pin id="533" dir="0" index="0" bw="32" slack="1"/>
<pin id="534" dir="1" index="1" bw="32" slack="1"/>
</pin_list>
<bind>
<opset="sx_1 "/>
</bind>
</comp>

</comp_list>

<net_list>
<net id="119"><net_src comp="38" pin="0"/><net_sink comp="116" pin=0"/></net>

<net id="123"><net_src comp="38" pin="0"/><net_sink comp="120" pin=0"/></net>

<net id="127"><net_src comp="38" pin="0"/><net_sink comp="124" pin=0"/></net>

<net id="132"><net_src comp="62" pin="0"/><net_sink comp="128" pin=0"/></net>

<net id="133"><net_src comp="16" pin="0"/><net_sink comp="128" pin=1"/></net>

<net id="138"><net_src comp="62" pin="0"/><net_sink comp="134" pin=0"/></net>

<net id="139"><net_src comp="8" pin="0"/><net_sink comp="134" pin=1"/></net>

<net id="144"><net_src comp="62" pin="0"/><net_sink comp="140" pin=0"/></net>

<net id="145"><net_src comp="6" pin="0"/><net_sink comp="140" pin=1"/></net>

<net id="150"><net_src comp="62" pin="0"/><net_sink comp="146" pin=0"/></net>

<net id="151"><net_src comp="4" pin="0"/><net_sink comp="146" pin=1"/></net>

<net id="156"><net_src comp="62" pin="0"/><net_sink comp="152" pin=0"/></net>

<net id="157"><net_src comp="2" pin="0"/><net_sink comp="152" pin=1"/></net>

<net id="162"><net_src comp="64" pin="0"/><net_sink comp="158" pin=0"/></net>

<net id="163"><net_src comp="0" pin="0"/><net_sink comp="158" pin=1"/></net>

<net id="168"><net_src comp="96" pin="0"/><net_sink comp="164" pin=0"/></net>

<net id="169"><net_src comp="10" pin="0"/><net_sink comp="164" pin=1"/></net>

<net id="174"><net_src comp="98" pin="0"/><net_sink comp="170" pin=0"/></net>

<net id="175"><net_src comp="12" pin="0"/><net_sink comp="170" pin=1"/></net>

<net id="181"><net_src comp="110" pin="0"/><net_sink comp="176" pin=0"/></net>

<net id="182"><net_src comp="20" pin="0"/><net_sink comp="176" pin=1"/></net>

<net id="188"><net_src comp="112" pin="0"/><net_sink comp="183" pin=0"/></net>

<net id="189"><net_src comp="22" pin="0"/><net_sink comp="183" pin=1"/></net>

<net id="195"><net_src comp="110" pin="0"/><net_sink comp="190" pin=0"/></net>

<net id="196"><net_src comp="24" pin="0"/><net_sink comp="190" pin=1"/></net>

<net id="202"><net_src comp="112" pin="0"/><net_sink comp="197" pin=0"/></net>

<net id="203"><net_src comp="26" pin="0"/><net_sink comp="197" pin=1"/></net>

<net id="209"><net_src comp="110" pin="0"/><net_sink comp="204" pin=0"/></net>

<net id="210"><net_src comp="28" pin="0"/><net_sink comp="204" pin=1"/></net>

<net id="216"><net_src comp="112" pin="0"/><net_sink comp="211" pin=0"/></net>

<net id="217"><net_src comp="30" pin="0"/><net_sink comp="211" pin=1"/></net>

<net id="223"><net_src comp="110" pin="0"/><net_sink comp="218" pin=0"/></net>

<net id="224"><net_src comp="32" pin="0"/><net_sink comp="218" pin=1"/></net>

<net id="230"><net_src comp="112" pin="0"/><net_sink comp="225" pin=0"/></net>

<net id="231"><net_src comp="34" pin="0"/><net_sink comp="225" pin=1"/></net>

<net id="237"><net_src comp="114" pin="0"/><net_sink comp="232" pin=0"/></net>

<net id="238"><net_src comp="36" pin="0"/><net_sink comp="232" pin=1"/></net>

<net id="244"><net_src comp="14" pin="0"/><net_sink comp="239" pin=0"/></net>

<net id="245"><net_src comp="86" pin="0"/><net_sink comp="239" pin=1"/></net>

<net id="251"><net_src comp="239" pin="3"/><net_sink comp="246" pin=0"/></net>

<net id="257"><net_src comp="18" pin="0"/><net_sink comp="252" pin=0"/></net>

<net id="258"><net_src comp="86" pin="0"/><net_sink comp="252" pin=1"/></net>

<net id="264"><net_src comp="252" pin="3"/><net_sink comp="259" pin=0"/></net>

<net id="270"><net_src comp="14" pin="0"/><net_sink comp="265" pin=0"/></net>

<net id="271"><net_src comp="86" pin="0"/><net_sink comp="265" pin=1"/></net>

<net id="272"><net_src comp="164" pin="2"/><net_sink comp="246" pin=1"/></net>

<net id="273"><net_src comp="265" pin="3"/><net_sink comp="246" pin=0"/></net>

<net id="279"><net_src comp="18" pin="0"/><net_sink comp="274" pin=0"/></net>

<net id="280"><net_src comp="86" pin="0"/><net_sink comp="274" pin=1"/></net>

<net id="281"><net_src comp="274" pin="3"/><net_sink comp="259" pin=0"/></net>

<net id="291"><net_src comp="285" pin="4"/><net_sink comp="176" pin=2"/></net>

<net id="292"><net_src comp="285" pin="4"/><net_sink comp="190" pin=2"/></net>

<net id="293"><net_src comp="285" pin="4"/><net_sink comp="204" pin=2"/></net>

<net id="294"><net_src comp="285" pin="4"/><net_sink comp="218" pin=2"/></net>

<net id="304"><net_src comp="298" pin="4"/><net_sink comp="183" pin=2"/></net>

<net id="305"><net_src comp="298" pin="4"/><net_sink comp="197" pin=2"/></net>

<net id="306"><net_src comp="298" pin="4"/><net_sink comp="211" pin=2"/></net>

<net id="307"><net_src comp="298" pin="4"/><net_sink comp="225" pin=2"/></net>

<net id="314"><net_src comp="90" pin="0"/><net_sink comp="308" pin=0"/></net>

<net id="315"><net_src comp="92" pin="0"/><net_sink comp="308" pin=2"/></net>

<net id="316"><net_src comp="94" pin="0"/><net_sink comp="308" pin=3"/></net>

<net id="321"><net_src comp="66" pin="0"/><net_sink comp="317" pin=0"/></net>

<net id="326"><net_src comp="66" pin="0"/><net_sink comp="322" pin=0"/></net>

<net id="331"><net_src comp="68" pin="0"/><net_sink comp="327" pin=0"/></net>

<net id="339"><net_src comp="332" pin="1"/><net_sink comp="335" pin=0"/></net>

<net id="340"><net_src comp="158" pin="2"/><net_sink comp="335" pin=1"/></net>

<net id="345"><net_src comp="332" pin="1"/><net_sink comp="341" pin=0"/></net>

<net id="346"><net_src comp="70" pin="0"/><net_sink comp="341" pin=1"/></net>

<net id="351"><net_src comp="341" pin="2"/><net_sink comp="347" pin=0"/></net>

<net id="355"><net_src comp="352" pin="1"/><net_sink comp="239" pin=2"/></net>

<net id="356"><net_src comp="352" pin="1"/><net_sink comp="265" pin=2"/></net>

<net id="364"><net_src comp="357" pin="1"/><net_sink comp="360" pin=0"/></net>

<net id="365"><net_src comp="88" pin="0"/><net_sink comp="360" pin=1"/></net>

<net id="369"><net_src comp="308" pin="4"/><net_sink comp="366" pin=0"/></net>

<net id="370"><net_src comp="366" pin="1"/><net_sink comp="252" pin=2"/></net>

<net id="380"><net_src comp="100" pin="0"/><net_sink comp="374" pin=0"/></net>

<net id="381"><net_src comp="371" pin="1"/><net_sink comp="374" pin=1"/></net>

<net id="382"><net_src comp="102" pin="0"/><net_sink comp="374" pin=2"/></net>

<net id="383"><net_src comp="104" pin="0"/><net_sink comp="374" pin=3"/></net>

<net id="389"><net_src comp="106" pin="0"/><net_sink comp="384" pin=0"/></net>

<net id="390"><net_src comp="170" pin="2"/><net_sink comp="384" pin=1"/></net>

<net id="391"><net_src comp="374" pin="4"/><net_sink comp="384" pin=2"/></net>

<net id="392"><net_src comp="384" pin="3"/><net_sink comp="259" pin=1"/></net>

<net id="397"><net_src comp="357" pin="1"/><net_sink comp="393" pin=0"/></net>

<net id="398"><net_src comp="108" pin="0"/><net_sink comp="393" pin=1"/></net>

<net id="402"><net_src comp="308" pin="4"/><net_sink comp="399" pin=0"/></net>

<net id="403"><net_src comp="399" pin="1"/><net_sink comp="274" pin=2"/></net>

<net id="408"><net_src comp="384" pin="3"/><net_sink comp="404" pin=0"/></net>

<net id="417"><net_src comp="259" pin="3"/><net_sink comp="412" pin=1"/></net>

<net id="418"><net_src comp="409" pin="1"/><net_sink comp="412" pin=2"/></net>

<net id="422"><net_src comp="412" pin="3"/><net_sink comp="419" pin=0"/></net>

<net id="429"><net_src comp="100" pin="0"/><net_sink comp="423" pin=0"/></net>

<net id="430"><net_src comp="412" pin="3"/><net_sink comp="423" pin=1"/></net>

<net id="431"><net_src comp="102" pin="0"/><net_sink comp="423" pin=2"/></net>

<net id="432"><net_src comp="104" pin="0"/><net_sink comp="423" pin=3"/></net>

<net id="436"><net_src comp="423" pin="4"/><net_sink comp="433" pin=0"/></net>

<net id="441"><net_src comp="433" pin="1"/><net_sink comp="437" pin=0"/></net>

<net id="445"><net_src comp="442" pin="1"/><net_sink comp="232" pin=2"/></net>

<net id="449"><net_src comp="116" pin="1"/><net_sink comp="446" pin=0"/></net>

<net id="450"><net_src comp="446" pin="1"/><net_sink comp="327" pin=1"/></net>

<net id="451"><net_src comp="446" pin="1"/><net_sink comp="332" pin=0"/></net>

<net id="452"><net_src comp="446" pin="1"/><net_sink comp="347" pin=1"/></net>

<net id="456"><net_src comp="120" pin="1"/><net_sink comp="453" pin=0"/></net>

<net id="457"><net_src comp="453" pin="1"/><net_sink comp="322" pin=1"/></net>

<net id="458"><net_src comp="453" pin="1"/><net_sink comp="409" pin=0"/></net>

<net id="459"><net_src comp="453" pin="1"/><net_sink comp="437" pin=1"/></net>

<net id="463"><net_src comp="124" pin="1"/><net_sink comp="460" pin=0"/></net>

<net id="464"><net_src comp="460" pin="1"/><net_sink comp="317" pin=1"/></net>

<net id="465"><net_src comp="460" pin="1"/><net_sink comp="371" pin=0"/></net>

<net id="466"><net_src comp="460" pin="1"/><net_sink comp="404" pin=1"/></net>

<net id="467"><net_src comp="460" pin="1"/><net_sink comp="442" pin=0"/></net>

<net id="471"><net_src comp="128" pin="2"/><net_sink comp="468" pin=0"/></net>

<net id="475"><net_src comp="134" pin="2"/><net_sink comp="472" pin=0"/></net>

<net id="479"><net_src comp="140" pin="2"/><net_sink comp="476" pin=0"/></net>

<net id="483"><net_src comp="146" pin="2"/><net_sink comp="480" pin=0"/></net>

<net id="487"><net_src comp="152" pin="2"/><net_sink comp="484" pin=0"/></net>

<net id="491"><net_src comp="332" pin="1"/><net_sink comp="488" pin=0"/></net>

<net id="492"><net_src comp="488" pin="1"/><net_sink comp="352" pin=0"/></net>

<net id="493"><net_src comp="488" pin="1"/><net_sink comp="357" pin=0"/></net>

<net id="494"><net_src comp="488" pin="1"/><net_sink comp="308" pin=1"/></net>

<net id="498"><net_src comp="335" pin="2"/><net_sink comp="495" pin=0"/></net>

<net id="502"><net_src comp="239" pin="3"/><net_sink comp="499" pin=0"/></net>

<net id="503"><net_src comp="499" pin="1"/><net_sink comp="246" pin=0"/></net>

<net id="507"><net_src comp="360" pin="2"/><net_sink comp="504" pin=0"/></net>

<net id="508"><net_src comp="504" pin="1"/><net_sink comp="412" pin=0"/></net>

<net id="512"><net_src comp="252" pin="3"/><net_sink comp="509" pin=0"/></net>

<net id="513"><net_src comp="509" pin="1"/><net_sink comp="259" pin=0"/></net>

<net id="517"><net_src comp="164" pin="2"/><net_sink comp="514" pin=0"/></net>

<net id="518"><net_src comp="514" pin="1"/><net_sink comp="285" pin=0"/></net>

<net id="522"><net_src comp="170" pin="2"/><net_sink comp="519" pin=0"/></net>

<net id="523"><net_src comp="519" pin="1"/><net_sink comp="298" pin=0"/></net>

<net id="530"><net_src comp="246" pin="3"/><net_sink comp="527" pin=0"/></net>

<net id="531"><net_src comp="527" pin="1"/><net_sink comp="285" pin=2"/></net>

<net id="535"><net_src comp="419" pin="1"/><net_sink comp="532" pin=0"/></net>

<net id="536"><net_src comp="532" pin="1"/><net_sink comp="298" pin=2"/></net>

</net_list>

</model> 
---------------- Datapath Model END ------------------

* FSMD analyzer results:
  - Output states:
	Port: quantized | {2 }
	Port: packed_scales | {2 }
	Port: quantized_pe0 | {4 }
	Port: activation_scale_pe0 | {4 }
	Port: quantized_pe1 | {4 }
	Port: activation_scale_pe1 | {4 }
	Port: quantized_pe2 | {4 }
	Port: activation_scale_pe2 | {4 }
	Port: quantized_pe3 | {4 }
	Port: activation_scale_pe3 | {4 }
	Port: streamed_scale_word_out | {3 }
 - Input state : 
	Port: int4_broadcast_activation_Pipeline_broadcast_activation_seed_loop : shl_ln | {1 }
	Port: int4_broadcast_activation_Pipeline_broadcast_activation_seed_loop : active_3 | {1 }
	Port: int4_broadcast_activation_Pipeline_broadcast_activation_seed_loop : active_2 | {1 }
	Port: int4_broadcast_activation_Pipeline_broadcast_activation_seed_loop : active_1 | {1 }
	Port: int4_broadcast_activation_Pipeline_broadcast_activation_seed_loop : active_0 | {1 }
	Port: int4_broadcast_activation_Pipeline_broadcast_activation_seed_loop : quantized_stream | {2 }
	Port: int4_broadcast_activation_Pipeline_broadcast_activation_seed_loop : scale_stream | {2 }
	Port: int4_broadcast_activation_Pipeline_broadcast_activation_seed_loop : quantized | {2 3 }
	Port: int4_broadcast_activation_Pipeline_broadcast_activation_seed_loop : stream_activation | {1 }
	Port: int4_broadcast_activation_Pipeline_broadcast_activation_seed_loop : packed_scales | {2 3 }
  - Chain level:
	State 1
		store_ln275 : 1
		store_ln276 : 1
		store_ln285 : 1
		activation_group_1 : 1
		icmp_ln285 : 2
		add_ln287 : 2
		br_ln285 : 3
		store_ln285 : 3
	State 2
		quantized_addr_1 : 1
		q_1 : 2
		icmp_ln309 : 1
		zext_ln311 : 1
		packed_scales_addr : 2
		cached_scale_word_1 : 3
		quantized_addr : 1
		store_ln298 : 2
		streamed_scale_word_4 : 1
		streamed_scale_word_1 : 2
		icmp_ln302 : 1
		br_ln302 : 2
		zext_ln303 : 1
		packed_scales_addr_1 : 2
		store_ln304 : 3
		store_ln275 : 3
	State 3
		cached_scale_word_2 : 1
		sx_1 : 2
		cached_scale_word_3 : 2
		zext_ln316 : 3
		store_ln276 : 4
		write_ln0 : 1
	State 4
		write_ln323 : 1
		write_ln324 : 1
		write_ln327 : 1
		write_ln328 : 1
		write_ln331 : 1
		write_ln332 : 1
		write_ln335 : 1
		write_ln336 : 1


============================================================
+ Verbose Summary: Datapath Resource usage 
============================================================

* Functional unit list:
|----------|------------------------------------|---------|---------|
| Operation|           Functional Unit          |    FF   |   LUT   |
|----------|------------------------------------|---------|---------|
|  select  |     cached_scale_word_2_fu_412     |    0    |   428   |
|----------|------------------------------------|---------|---------|
|          |          icmp_ln285_fu_335         |    0    |    16   |
|   icmp   |          icmp_ln309_fu_360         |    0    |    12   |
|          |          icmp_ln302_fu_393         |    0    |    12   |
|----------|------------------------------------|---------|---------|
|    add   |          add_ln287_fu_341          |    0    |    16   |
|----------|------------------------------------|---------|---------|
|          | stream_activation_read_read_fu_128 |    0    |    0    |
|          |      active_0_read_read_fu_134     |    0    |    0    |
|          |      active_1_read_read_fu_140     |    0    |    0    |
|   read   |      active_2_read_read_fu_146     |    0    |    0    |
|          |      active_3_read_read_fu_152     |    0    |    0    |
|          |       shl_ln_read_read_fu_158      |    0    |    0    |
|          |            q_read_fu_164           |    0    |    0    |
|          |           sx_read_fu_170           |    0    |    0    |
|----------|------------------------------------|---------|---------|
|          |      write_ln323_write_fu_176      |    0    |    0    |
|          |      write_ln324_write_fu_183      |    0    |    0    |
|          |      write_ln327_write_fu_190      |    0    |    0    |
|          |      write_ln328_write_fu_197      |    0    |    0    |
|   write  |      write_ln331_write_fu_204      |    0    |    0    |
|          |      write_ln332_write_fu_211      |    0    |    0    |
|          |      write_ln335_write_fu_218      |    0    |    0    |
|          |      write_ln336_write_fu_225      |    0    |    0    |
|          |       write_ln0_write_fu_232       |    0    |    0    |
|----------|------------------------------------|---------|---------|
|          |             grp_fu_308             |    0    |    0    |
|partselect|    streamed_scale_word_4_fu_374    |    0    |    0    |
|          |     cached_scale_word_3_fu_423     |    0    |    0    |
|----------|------------------------------------|---------|---------|
|          |          zext_ln286_fu_352         |    0    |    0    |
|   zext   |          zext_ln311_fu_366         |    0    |    0    |
|          |          zext_ln303_fu_399         |    0    |    0    |
|          |          zext_ln316_fu_433         |    0    |    0    |
|----------|------------------------------------|---------|---------|
|   trunc  |          scale_lane_fu_357         |    0    |    0    |
|          |             sx_1_fu_419            |    0    |    0    |
|----------|------------------------------------|---------|---------|
|bitconcatenate|    streamed_scale_word_1_fu_384    |    0    |    0    |
|----------|------------------------------------|---------|---------|
|   Total  |                                    |    0    |   484   |
|----------|------------------------------------|---------|---------|

Memories:
N/A

* Register list:
+------------------------------+--------+
|                              |   FF   |
+------------------------------+--------+
|  activation_group_1_reg_488  |    9   |
|   activation_group_reg_446   |    9   |
|     active_0_read_reg_472    |    1   |
|     active_1_read_reg_476    |    1   |
|     active_2_read_reg_480    |    1   |
|     active_3_read_reg_484    |    1   |
|   cached_scale_word_reg_453  |   512  |
|      icmp_ln285_reg_495      |    1   |
|      icmp_ln309_reg_504      |    1   |
|          p_0_reg_295         |   32   |
|  packed_scales_addr_reg_509  |    5   |
|          q_1_reg_527         |   480  |
|          q_2_reg_282         |   480  |
|           q_reg_514          |   480  |
|   quantized_addr_1_reg_499   |    9   |
|stream_activation_read_reg_468|    1   |
|  streamed_scale_word_reg_460 |   512  |
|         sx_1_reg_532         |   32   |
|          sx_reg_519          |   32   |
+------------------------------+--------+
|             Total            |  2599  |
+------------------------------+--------+

* Multiplexer (MUX) list: 
|-------------------|------|------|------|--------||---------||---------|
|        Comp       |  Pin | Size |  BW  | S x BW ||  Delay  ||   LUT   |
|-------------------|------|------|------|--------||---------||---------|
| grp_access_fu_246 |  p0  |   3  |   9  |   27   ||    14   |
| grp_access_fu_259 |  p0  |   3  |   5  |   15   ||    14   |
|-------------------|------|------|------|--------||---------||---------|
|       Total       |      |      |      |   42   || 0.839714||    28   |
|-------------------|------|------|------|--------||---------||---------|



* Summary:
+-----------+--------+--------+--------+
|           |  Delay |   FF   |   LUT  |
+-----------+--------+--------+--------+
|  Function |    -   |    0   |   484  |
|   Memory  |    -   |    -   |    -   |
|Multiplexer|    0   |    -   |   28   |
|  Register |    -   |  2599  |    -   |
+-----------+--------+--------+--------+
|   Total   |    0   |  2599  |   512  |
+-----------+--------+--------+--------+
