

================================================================
== Vitis HLS Report for 'int4_swiglu_quantize_pe3'
================================================================
* Date:           Tue Aug 11 09:17:07 2026

* Version:        2023.2 (Build 4023990 on Oct 11 2023)
* Project:        proj_int4_decoder_xo
* Solution:       solution1 (Vitis Kernel Flow Target)
* Product family: virtexuplus
* Target device:  xcu250-figd2104-2L-e


================================================================
== Performance Estimates
================================================================
+ Timing: 
    * Summary: 
    +--------+---------+----------+------------+
    |  Clock |  Target | Estimated| Uncertainty|
    +--------+---------+----------+------------+
    |ap_clk  |  3.33 ns|  2.466 ns|     0.90 ns|
    +--------+---------+----------+------------+

+ Latency: 
    * Summary: 
    +---------+---------+-----------+-----------+-------+-------+---------+
    |  Latency (cycles) |   Latency (absolute)  |    Interval   | Pipeline|
    |   min   |   max   |    min    |    max    |  min  |  max  |   Type  |
    +---------+---------+-----------+-----------+-------+-------+---------+
    |    12601|    12601|  41.999 us|  41.999 us|  12601|  12601|       no|
    +---------+---------+-----------+-----------+-------+-------+---------+

    + Detail: 
        * Instance: 
        +--------------------------------------------------------------------------------+---------------------------------------------------------------------+---------+---------+----------+----------+-----+-----+---------+
        |                                                                                |                                                                     |  Latency (cycles) |  Latency (absolute) |  Interval | Pipeline|
        |                                    Instance                                    |                                Module                               |   min   |   max   |    min   |    max   | min | max |   Type  |
        +--------------------------------------------------------------------------------+---------------------------------------------------------------------+---------+---------+----------+----------+-----+-----+---------+
        |grp_int4_swiglu_quantize_pe3_Pipeline_swiglu_word_loop_swiglu_lane_loop_fu_106  |int4_swiglu_quantize_pe3_Pipeline_swiglu_word_loop_swiglu_lane_loop  |       78|       78|  0.260 us|  0.260 us|   78|   78|       no|
        |grp_int4_swiglu_quantize_pe3_Pipeline_swiglu_quantize_reverse_loop_fu_117       |int4_swiglu_quantize_pe3_Pipeline_swiglu_quantize_reverse_loop       |       53|       53|  0.177 us|  0.177 us|   53|   53|       no|
        +--------------------------------------------------------------------------------+---------------------------------------------------------------------+---------+---------+----------+----------+-----+-----+---------+

        * Loop: 
        +---------------------+---------+---------+----------+-----------+-----------+------+----------+
        |                     |  Latency (cycles) | Iteration|  Initiation Interval  | Trip |          |
        |      Loop Name      |   min   |   max   |  Latency |  achieved |   target  | Count| Pipelined|
        +---------------------+---------+---------+----------+-----------+-----------+------+----------+
        |- swiglu_group_loop  |    12600|    12600|       150|          -|          -|    84|        no|
        +---------------------+---------+---------+----------+-----------+-----------+------+----------+

============================================================
+ Verbose Summary: Synthesis Manager
============================================================
InlineROM: 1
ExposeGlobal: 0
============================================================
+ Verbose Summary: CDFG Model
============================================================
IsTopModel: 0
ResetActiveHigh: 1
IsCombinational: 2
IsDatapathOnly: 0
HasWiredReturn: 1
HasMFsm: 0
HasVarLatency: 1
IsPipeline: 0
IsRtlPipelined: 0
IsInstanceOverlapped: 0
IsDontTouch: 0
HasImplIP: 0
IsGatedGlobalClock: 0


============================================================
+ Verbose Summary: Schedule
============================================================
* Number of FSM states : 20
* Pipeline : 0
* Dataflow Pipeline: 0

* FSM state transitions: 
1 --> 2 
2 --> 3 
3 --> 4 
4 --> 5 
5 --> 6 
6 --> 7 
7 --> 8 
8 --> 9 
9 --> 10 
10 --> 11 
11 --> 12 
12 --> 13 
13 --> 14 
14 --> 15 
15 --> 16 
16 --> 17 
17 --> 18 
18 --> 19 
19 --> 20 
20 --> 2 

* FSM state operations: 

State 1 <SV = 0> <Delay = 1.19>
ST_1 : Operation 21 [1/1] (0.00ns)   --->   "%group = alloca i32 1" [source/int4_decoder_blocks.cpp:720->source/int4_decoder_blocks.cpp:844]   --->   Operation 21 'alloca' 'group' <Predicate = true> <Delay = 0.00>
ST_1 : Operation 22 [1/1] (0.00ns)   --->   "%quantized_word_loc = alloca i64 1"   --->   Operation 22 'alloca' 'quantized_word_loc' <Predicate = true> <Delay = 0.00>
ST_1 : Operation 23 [1/1] (0.00ns)   --->   "%max_abs_bits_1_loc = alloca i64 1"   --->   Operation 23 'alloca' 'max_abs_bits_1_loc' <Predicate = true> <Delay = 0.00>
ST_1 : Operation 24 [1/1] (0.00ns)   --->   "%specmemcore_ln0 = specmemcore void @_ssdm_op_SpecMemCore, i32 %scale_pe3, i64 666, i64 10, i64 18446744073709551615"   --->   Operation 24 'specmemcore' 'specmemcore_ln0' <Predicate = true> <Delay = 0.00>
ST_1 : Operation 25 [1/1] (0.00ns)   --->   "%specmemcore_ln0 = specmemcore void @_ssdm_op_SpecMemCore, i480 %quantized_pe3, i64 666, i64 8, i64 18446744073709551615"   --->   Operation 25 'specmemcore' 'specmemcore_ln0' <Predicate = true> <Delay = 0.00>
ST_1 : Operation 26 [1/1] (0.00ns)   --->   "%specmemcore_ln0 = specmemcore void @_ssdm_op_SpecMemCore, i512 %up, i64 666, i64 18, i64 18446744073709551615"   --->   Operation 26 'specmemcore' 'specmemcore_ln0' <Predicate = true> <Delay = 0.00>
ST_1 : Operation 27 [1/1] (0.00ns)   --->   "%specmemcore_ln0 = specmemcore void @_ssdm_op_SpecMemCore, i512 %gate, i64 666, i64 18, i64 18446744073709551615"   --->   Operation 27 'specmemcore' 'specmemcore_ln0' <Predicate = true> <Delay = 0.00>
ST_1 : Operation 28 [1/1] (0.00ns)   --->   "%specinterface_ln0 = specinterface void @_ssdm_op_SpecInterface, i32 %scale_pe3, void @empty_447, i32 0, i32 0, void @empty_418, i32 0, i32 0, void @empty_418, void @empty_418, void @empty_418, i32 0, i32 0, i32 0, i32 0, void @empty_418, void @empty_418, i32 4294967295, i32 0"   --->   Operation 28 'specinterface' 'specinterface_ln0' <Predicate = true> <Delay = 0.00>
ST_1 : Operation 29 [1/1] (0.00ns)   --->   "%specinterface_ln0 = specinterface void @_ssdm_op_SpecInterface, i480 %quantized_pe3, void @empty_447, i32 0, i32 0, void @empty_418, i32 0, i32 0, void @empty_418, void @empty_418, void @empty_418, i32 0, i32 0, i32 0, i32 0, void @empty_418, void @empty_418, i32 4294967295, i32 0"   --->   Operation 29 'specinterface' 'specinterface_ln0' <Predicate = true> <Delay = 0.00>
ST_1 : Operation 30 [1/1] (1.19ns)   --->   "%swiglu_group = alloca i64 1" [source/int4_decoder_blocks.cpp:714->source/int4_decoder_blocks.cpp:844]   --->   Operation 30 'alloca' 'swiglu_group' <Predicate = true> <Delay = 1.19> <CoreInst = "RAM_1P_BRAM">   --->   Core 90 'RAM_1P_BRAM' <Latency = 1> <II = 1> <Delay = 1.19> <Storage> <Opcode : 'load' 'store'> <Ports = 1> <Width = 32> <Depth = 32> <RAM>
ST_1 : Operation 31 [1/1] (0.00ns)   --->   "%specmemcore_ln717 = specmemcore void @_ssdm_op_SpecMemCore, i32 %swiglu_group, i64 666, i64 18, i64 1" [source/int4_decoder_blocks.cpp:717->source/int4_decoder_blocks.cpp:844]   --->   Operation 31 'specmemcore' 'specmemcore_ln717' <Predicate = true> <Delay = 0.00>
ST_1 : Operation 32 [1/1] (0.38ns)   --->   "%store_ln720 = store i7 0, i7 %group" [source/int4_decoder_blocks.cpp:720->source/int4_decoder_blocks.cpp:844]   --->   Operation 32 'store' 'store_ln720' <Predicate = true> <Delay = 0.38>
ST_1 : Operation 33 [1/1] (0.00ns)   --->   "%br_ln720 = br void %for.body.i" [source/int4_decoder_blocks.cpp:720->source/int4_decoder_blocks.cpp:844]   --->   Operation 33 'br' 'br_ln720' <Predicate = true> <Delay = 0.00>

State 2 <SV = 1> <Delay = 1.09>
ST_2 : Operation 34 [1/1] (0.00ns)   --->   "%group_3 = load i7 %group" [source/int4_decoder_blocks.cpp:720->source/int4_decoder_blocks.cpp:844]   --->   Operation 34 'load' 'group_3' <Predicate = true> <Delay = 0.00>
ST_2 : Operation 35 [1/1] (0.70ns)   --->   "%icmp_ln720 = icmp_eq  i7 %group_3, i7 84" [source/int4_decoder_blocks.cpp:720->source/int4_decoder_blocks.cpp:844]   --->   Operation 35 'icmp' 'icmp_ln720' <Predicate = true> <Delay = 0.70> <CoreInst = "Cmp">   --->   Core 9 'Cmp' <Latency = 0> <II = 1> <Delay = 0.70> <FuncUnit> <Opcode : 'icmp'> <InPorts = 2> <OutPorts = 1>
ST_2 : Operation 36 [1/1] (0.70ns)   --->   "%add_ln720 = add i7 %group_3, i7 1" [source/int4_decoder_blocks.cpp:720->source/int4_decoder_blocks.cpp:844]   --->   Operation 36 'add' 'add_ln720' <Predicate = true> <Delay = 0.70> <CoreInst = "Adder">   --->   Core 1 'Adder' <Latency = 0> <II = 1> <Delay = 0.70> <FuncUnit> <Opcode : 'add' 'sub'> <InPorts = 2> <OutPorts = 1>
ST_2 : Operation 37 [1/1] (0.00ns)   --->   "%br_ln720 = br i1 %icmp_ln720, void %for.body.i.split, void %_ZL23int4_swiglu_quantize_peILi84EEvPK7ap_uintILi512EES3_RN3hls6streamIS0_ILi480EELi0EEERNS5_IfLi0EEE.exit" [source/int4_decoder_blocks.cpp:720->source/int4_decoder_blocks.cpp:844]   --->   Operation 37 'br' 'br_ln720' <Predicate = true> <Delay = 0.00>
ST_2 : Operation 38 [1/1] (0.00ns)   --->   "%tmp_s = bitconcatenate i8 @_ssdm_op_BitConcatenate.i8.i7.i1, i7 %group_3, i1 0" [source/int4_decoder_blocks.cpp:720->source/int4_decoder_blocks.cpp:844]   --->   Operation 38 'bitconcatenate' 'tmp_s' <Predicate = (!icmp_ln720)> <Delay = 0.00>
ST_2 : Operation 39 [2/2] (0.00ns)   --->   "%call_ln720 = call void @int4_swiglu_quantize_pe3_Pipeline_swiglu_word_loop_swiglu_lane_loop, i32 %swiglu_group, i8 %tmp_s, i512 %gate, i512 %up, i32 %max_abs_bits_1_loc" [source/int4_decoder_blocks.cpp:720->source/int4_decoder_blocks.cpp:844]   --->   Operation 39 'call' 'call_ln720' <Predicate = (!icmp_ln720)> <Delay = 0.00> <CoreType = "Generic">   --->   Core 0 '' <Latency = 0> <II = 1> <Delay = 1.00> <Generic> <Opcode : >
ST_2 : Operation 40 [1/1] (0.38ns)   --->   "%store_ln720 = store i7 %add_ln720, i7 %group" [source/int4_decoder_blocks.cpp:720->source/int4_decoder_blocks.cpp:844]   --->   Operation 40 'store' 'store_ln720' <Predicate = (!icmp_ln720)> <Delay = 0.38>
ST_2 : Operation 41 [1/1] (0.00ns)   --->   "%ret_ln846 = ret" [source/int4_decoder_blocks.cpp:846]   --->   Operation 41 'ret' 'ret_ln846' <Predicate = (icmp_ln720)> <Delay = 0.00>

State 3 <SV = 2> <Delay = 0.00>
ST_3 : Operation 42 [1/2] (0.00ns)   --->   "%call_ln720 = call void @int4_swiglu_quantize_pe3_Pipeline_swiglu_word_loop_swiglu_lane_loop, i32 %swiglu_group, i8 %tmp_s, i512 %gate, i512 %up, i32 %max_abs_bits_1_loc" [source/int4_decoder_blocks.cpp:720->source/int4_decoder_blocks.cpp:844]   --->   Operation 42 'call' 'call_ln720' <Predicate = true> <Delay = 0.00> <CoreType = "Generic">   --->   Core 0 '' <Latency = 0> <II = 1> <Delay = 1.00> <Generic> <Opcode : >

State 4 <SV = 3> <Delay = 1.64>
ST_4 : Operation 43 [1/1] (0.00ns)   --->   "%max_abs_bits_1_loc_load = load i32 %max_abs_bits_1_loc"   --->   Operation 43 'load' 'max_abs_bits_1_loc_load' <Predicate = true> <Delay = 0.00>
ST_4 : Operation 44 [1/1] (0.00ns)   --->   "%max_abs = bitcast i32 %max_abs_bits_1_loc_load" [source/int4_decoder_blocks.cpp:16->source/int4_decoder_blocks.cpp:765->source/int4_decoder_blocks.cpp:844]   --->   Operation 44 'bitcast' 'max_abs' <Predicate = true> <Delay = 0.00>
ST_4 : Operation 45 [1/1] (0.00ns)   --->   "%tmp_22 = partselect i8 @_ssdm_op_PartSelect.i8.i32.i32.i32, i32 %max_abs_bits_1_loc_load, i32 23, i32 30" [source/int4_decoder_blocks.cpp:767->source/int4_decoder_blocks.cpp:844]   --->   Operation 45 'partselect' 'tmp_22' <Predicate = true> <Delay = 0.00>
ST_4 : Operation 46 [1/1] (0.00ns)   --->   "%trunc_ln767 = trunc i32 %max_abs_bits_1_loc_load" [source/int4_decoder_blocks.cpp:767->source/int4_decoder_blocks.cpp:844]   --->   Operation 46 'trunc' 'trunc_ln767' <Predicate = true> <Delay = 0.00>
ST_4 : Operation 47 [1/1] (0.70ns)   --->   "%icmp_ln767 = icmp_ne  i8 %tmp_22, i8 255" [source/int4_decoder_blocks.cpp:767->source/int4_decoder_blocks.cpp:844]   --->   Operation 47 'icmp' 'icmp_ln767' <Predicate = true> <Delay = 0.70> <CoreInst = "Cmp">   --->   Core 9 'Cmp' <Latency = 0> <II = 1> <Delay = 0.70> <FuncUnit> <Opcode : 'icmp'> <InPorts = 2> <OutPorts = 1>
ST_4 : Operation 48 [1/1] (0.82ns)   --->   "%icmp_ln767_1 = icmp_eq  i23 %trunc_ln767, i23 0" [source/int4_decoder_blocks.cpp:767->source/int4_decoder_blocks.cpp:844]   --->   Operation 48 'icmp' 'icmp_ln767_1' <Predicate = true> <Delay = 0.82> <CoreInst = "Cmp">   --->   Core 9 'Cmp' <Latency = 0> <II = 1> <Delay = 0.82> <FuncUnit> <Opcode : 'icmp'> <InPorts = 2> <OutPorts = 1>
ST_4 : Operation 49 [2/2] (1.64ns)   --->   "%tmp_23 = fcmp_oeq  i32 %max_abs, i32 0" [source/int4_decoder_blocks.cpp:767->source/int4_decoder_blocks.cpp:844]   --->   Operation 49 'fcmp' 'tmp_23' <Predicate = true> <Delay = 1.64> <CoreInst = "FCompare">   --->   Core 19 'FCompare' <Latency = 1> <II = 1> <Delay = 1.64> <FuncUnit> <Opcode : 'fcmp'> <InPorts = 2> <OutPorts = 1>

State 5 <SV = 4> <Delay = 1.77>
ST_5 : Operation 50 [1/1] (0.00ns) (grouped into LUT with out node and_ln767)   --->   "%or_ln767 = or i1 %icmp_ln767_1, i1 %icmp_ln767" [source/int4_decoder_blocks.cpp:767->source/int4_decoder_blocks.cpp:844]   --->   Operation 50 'or' 'or_ln767' <Predicate = true> <Delay = 0.00> <CoreInst = "LogicGate">   --->   Core 74 'LogicGate' <Latency = 0> <II = 1> <Delay = 0.12> <FuncUnit> <Opcode : 'and' 'or' 'xor'> <InPorts = 2> <OutPorts = 1>
ST_5 : Operation 51 [1/2] (1.64ns)   --->   "%tmp_23 = fcmp_oeq  i32 %max_abs, i32 0" [source/int4_decoder_blocks.cpp:767->source/int4_decoder_blocks.cpp:844]   --->   Operation 51 'fcmp' 'tmp_23' <Predicate = true> <Delay = 1.64> <CoreInst = "FCompare">   --->   Core 19 'FCompare' <Latency = 1> <II = 1> <Delay = 1.64> <FuncUnit> <Opcode : 'fcmp'> <InPorts = 2> <OutPorts = 1>
ST_5 : Operation 52 [1/1] (0.12ns) (out node of the LUT)   --->   "%and_ln767 = and i1 %or_ln767, i1 %tmp_23" [source/int4_decoder_blocks.cpp:767->source/int4_decoder_blocks.cpp:844]   --->   Operation 52 'and' 'and_ln767' <Predicate = true> <Delay = 0.12> <CoreInst = "LogicGate">   --->   Core 74 'LogicGate' <Latency = 0> <II = 1> <Delay = 0.12> <FuncUnit> <Opcode : 'and' 'or' 'xor'> <InPorts = 2> <OutPorts = 1>

State 6 <SV = 5> <Delay = 2.32>
ST_6 : Operation 53 [12/12] (2.32ns)   --->   "%div37_i = fdiv i32 16383, i32 %max_abs" [source/int4_decoder_blocks.cpp:771->source/int4_decoder_blocks.cpp:844]   --->   Operation 53 'fdiv' 'div37_i' <Predicate = (!and_ln767)> <Delay = 2.32> <CoreInst = "FDiv">   --->   Core 20 'FDiv' <Latency = 11> <II = 1> <Delay = 2.32> <FuncUnit> <Opcode : 'fdiv' 'frem'> <InPorts = 2> <OutPorts = 1>

State 7 <SV = 6> <Delay = 2.32>
ST_7 : Operation 54 [11/12] (2.32ns)   --->   "%div37_i = fdiv i32 16383, i32 %max_abs" [source/int4_decoder_blocks.cpp:771->source/int4_decoder_blocks.cpp:844]   --->   Operation 54 'fdiv' 'div37_i' <Predicate = (!and_ln767)> <Delay = 2.32> <CoreInst = "FDiv">   --->   Core 20 'FDiv' <Latency = 11> <II = 1> <Delay = 2.32> <FuncUnit> <Opcode : 'fdiv' 'frem'> <InPorts = 2> <OutPorts = 1>

State 8 <SV = 7> <Delay = 2.32>
ST_8 : Operation 55 [10/12] (2.32ns)   --->   "%div37_i = fdiv i32 16383, i32 %max_abs" [source/int4_decoder_blocks.cpp:771->source/int4_decoder_blocks.cpp:844]   --->   Operation 55 'fdiv' 'div37_i' <Predicate = (!and_ln767)> <Delay = 2.32> <CoreInst = "FDiv">   --->   Core 20 'FDiv' <Latency = 11> <II = 1> <Delay = 2.32> <FuncUnit> <Opcode : 'fdiv' 'frem'> <InPorts = 2> <OutPorts = 1>

State 9 <SV = 8> <Delay = 2.32>
ST_9 : Operation 56 [9/12] (2.32ns)   --->   "%div37_i = fdiv i32 16383, i32 %max_abs" [source/int4_decoder_blocks.cpp:771->source/int4_decoder_blocks.cpp:844]   --->   Operation 56 'fdiv' 'div37_i' <Predicate = (!and_ln767)> <Delay = 2.32> <CoreInst = "FDiv">   --->   Core 20 'FDiv' <Latency = 11> <II = 1> <Delay = 2.32> <FuncUnit> <Opcode : 'fdiv' 'frem'> <InPorts = 2> <OutPorts = 1>

State 10 <SV = 9> <Delay = 2.32>
ST_10 : Operation 57 [8/12] (2.32ns)   --->   "%div37_i = fdiv i32 16383, i32 %max_abs" [source/int4_decoder_blocks.cpp:771->source/int4_decoder_blocks.cpp:844]   --->   Operation 57 'fdiv' 'div37_i' <Predicate = (!and_ln767)> <Delay = 2.32> <CoreInst = "FDiv">   --->   Core 20 'FDiv' <Latency = 11> <II = 1> <Delay = 2.32> <FuncUnit> <Opcode : 'fdiv' 'frem'> <InPorts = 2> <OutPorts = 1>

State 11 <SV = 10> <Delay = 2.32>
ST_11 : Operation 58 [7/12] (2.32ns)   --->   "%div37_i = fdiv i32 16383, i32 %max_abs" [source/int4_decoder_blocks.cpp:771->source/int4_decoder_blocks.cpp:844]   --->   Operation 58 'fdiv' 'div37_i' <Predicate = (!and_ln767)> <Delay = 2.32> <CoreInst = "FDiv">   --->   Core 20 'FDiv' <Latency = 11> <II = 1> <Delay = 2.32> <FuncUnit> <Opcode : 'fdiv' 'frem'> <InPorts = 2> <OutPorts = 1>

State 12 <SV = 11> <Delay = 2.32>
ST_12 : Operation 59 [6/12] (2.32ns)   --->   "%div37_i = fdiv i32 16383, i32 %max_abs" [source/int4_decoder_blocks.cpp:771->source/int4_decoder_blocks.cpp:844]   --->   Operation 59 'fdiv' 'div37_i' <Predicate = (!and_ln767)> <Delay = 2.32> <CoreInst = "FDiv">   --->   Core 20 'FDiv' <Latency = 11> <II = 1> <Delay = 2.32> <FuncUnit> <Opcode : 'fdiv' 'frem'> <InPorts = 2> <OutPorts = 1>

State 13 <SV = 12> <Delay = 2.32>
ST_13 : Operation 60 [5/12] (2.32ns)   --->   "%div37_i = fdiv i32 16383, i32 %max_abs" [source/int4_decoder_blocks.cpp:771->source/int4_decoder_blocks.cpp:844]   --->   Operation 60 'fdiv' 'div37_i' <Predicate = (!and_ln767)> <Delay = 2.32> <CoreInst = "FDiv">   --->   Core 20 'FDiv' <Latency = 11> <II = 1> <Delay = 2.32> <FuncUnit> <Opcode : 'fdiv' 'frem'> <InPorts = 2> <OutPorts = 1>

State 14 <SV = 13> <Delay = 2.32>
ST_14 : Operation 61 [4/4] (2.32ns)   --->   "%mul33_i = fmul i32 %max_abs, i32 6.10389e-05" [source/int4_decoder_blocks.cpp:769->source/int4_decoder_blocks.cpp:844]   --->   Operation 61 'fmul' 'mul33_i' <Predicate = (!and_ln767)> <Delay = 2.32> <CoreInst = "FMul_maxdsp">   --->   Core 30 'FMul_maxdsp' <Latency = 3> <II = 1> <Delay = 2.32> <FuncUnit> <Opcode : 'fmul'> <InPorts = 2> <OutPorts = 1>
ST_14 : Operation 62 [4/12] (2.32ns)   --->   "%div37_i = fdiv i32 16383, i32 %max_abs" [source/int4_decoder_blocks.cpp:771->source/int4_decoder_blocks.cpp:844]   --->   Operation 62 'fdiv' 'div37_i' <Predicate = (!and_ln767)> <Delay = 2.32> <CoreInst = "FDiv">   --->   Core 20 'FDiv' <Latency = 11> <II = 1> <Delay = 2.32> <FuncUnit> <Opcode : 'fdiv' 'frem'> <InPorts = 2> <OutPorts = 1>

State 15 <SV = 14> <Delay = 2.32>
ST_15 : Operation 63 [3/4] (2.32ns)   --->   "%mul33_i = fmul i32 %max_abs, i32 6.10389e-05" [source/int4_decoder_blocks.cpp:769->source/int4_decoder_blocks.cpp:844]   --->   Operation 63 'fmul' 'mul33_i' <Predicate = (!and_ln767)> <Delay = 2.32> <CoreInst = "FMul_maxdsp">   --->   Core 30 'FMul_maxdsp' <Latency = 3> <II = 1> <Delay = 2.32> <FuncUnit> <Opcode : 'fmul'> <InPorts = 2> <OutPorts = 1>
ST_15 : Operation 64 [3/12] (2.32ns)   --->   "%div37_i = fdiv i32 16383, i32 %max_abs" [source/int4_decoder_blocks.cpp:771->source/int4_decoder_blocks.cpp:844]   --->   Operation 64 'fdiv' 'div37_i' <Predicate = (!and_ln767)> <Delay = 2.32> <CoreInst = "FDiv">   --->   Core 20 'FDiv' <Latency = 11> <II = 1> <Delay = 2.32> <FuncUnit> <Opcode : 'fdiv' 'frem'> <InPorts = 2> <OutPorts = 1>

State 16 <SV = 15> <Delay = 2.32>
ST_16 : Operation 65 [2/4] (2.32ns)   --->   "%mul33_i = fmul i32 %max_abs, i32 6.10389e-05" [source/int4_decoder_blocks.cpp:769->source/int4_decoder_blocks.cpp:844]   --->   Operation 65 'fmul' 'mul33_i' <Predicate = (!and_ln767)> <Delay = 2.32> <CoreInst = "FMul_maxdsp">   --->   Core 30 'FMul_maxdsp' <Latency = 3> <II = 1> <Delay = 2.32> <FuncUnit> <Opcode : 'fmul'> <InPorts = 2> <OutPorts = 1>
ST_16 : Operation 66 [2/12] (2.32ns)   --->   "%div37_i = fdiv i32 16383, i32 %max_abs" [source/int4_decoder_blocks.cpp:771->source/int4_decoder_blocks.cpp:844]   --->   Operation 66 'fdiv' 'div37_i' <Predicate = (!and_ln767)> <Delay = 2.32> <CoreInst = "FDiv">   --->   Core 20 'FDiv' <Latency = 11> <II = 1> <Delay = 2.32> <FuncUnit> <Opcode : 'fdiv' 'frem'> <InPorts = 2> <OutPorts = 1>

State 17 <SV = 16> <Delay = 2.32>
ST_17 : Operation 67 [1/4] (2.32ns)   --->   "%mul33_i = fmul i32 %max_abs, i32 6.10389e-05" [source/int4_decoder_blocks.cpp:769->source/int4_decoder_blocks.cpp:844]   --->   Operation 67 'fmul' 'mul33_i' <Predicate = (!and_ln767)> <Delay = 2.32> <CoreInst = "FMul_maxdsp">   --->   Core 30 'FMul_maxdsp' <Latency = 3> <II = 1> <Delay = 2.32> <FuncUnit> <Opcode : 'fmul'> <InPorts = 2> <OutPorts = 1>
ST_17 : Operation 68 [1/12] (2.32ns)   --->   "%div37_i = fdiv i32 16383, i32 %max_abs" [source/int4_decoder_blocks.cpp:771->source/int4_decoder_blocks.cpp:844]   --->   Operation 68 'fdiv' 'div37_i' <Predicate = (!and_ln767)> <Delay = 2.32> <CoreInst = "FDiv">   --->   Core 20 'FDiv' <Latency = 11> <II = 1> <Delay = 2.32> <FuncUnit> <Opcode : 'fdiv' 'frem'> <InPorts = 2> <OutPorts = 1>

State 18 <SV = 17> <Delay = 0.22>
ST_18 : Operation 69 [1/1] (0.22ns)   --->   "%inverse_scale = select i1 %and_ln767, i32 0, i32 %div37_i" [source/int4_decoder_blocks.cpp:771->source/int4_decoder_blocks.cpp:844]   --->   Operation 69 'select' 'inverse_scale' <Predicate = true> <Delay = 0.22> <CoreInst = "Sel">   --->   Core 73 'Sel' <Latency = 0> <II = 1> <Delay = 0.22> <FuncUnit> <Opcode : 'select'> <InPorts = 3> <OutPorts = 1>
ST_18 : Operation 70 [1/1] (0.00ns)   --->   "%bitcast_ln772 = bitcast i32 %mul33_i" [source/int4_decoder_blocks.cpp:772->source/int4_decoder_blocks.cpp:844]   --->   Operation 70 'bitcast' 'bitcast_ln772' <Predicate = (!and_ln767)> <Delay = 0.00>
ST_18 : Operation 71 [1/1] (0.22ns)   --->   "%select_ln772 = select i1 %and_ln767, i32 0, i32 %bitcast_ln772" [source/int4_decoder_blocks.cpp:772->source/int4_decoder_blocks.cpp:844]   --->   Operation 71 'select' 'select_ln772' <Predicate = true> <Delay = 0.22> <CoreInst = "Sel">   --->   Core 73 'Sel' <Latency = 0> <II = 1> <Delay = 0.22> <FuncUnit> <Opcode : 'select'> <InPorts = 3> <OutPorts = 1>
ST_18 : Operation 72 [2/2] (0.00ns)   --->   "%call_ln771 = call void @int4_swiglu_quantize_pe3_Pipeline_swiglu_quantize_reverse_loop, i32 %swiglu_group, i32 %inverse_scale, i480 %quantized_word_loc" [source/int4_decoder_blocks.cpp:771->source/int4_decoder_blocks.cpp:844]   --->   Operation 72 'call' 'call_ln771' <Predicate = true> <Delay = 0.00> <CoreType = "Generic">   --->   Core 0 '' <Latency = 0> <II = 1> <Delay = 1.00> <Generic> <Opcode : >

State 19 <SV = 18> <Delay = 0.00>
ST_19 : Operation 73 [1/2] (0.00ns)   --->   "%call_ln771 = call void @int4_swiglu_quantize_pe3_Pipeline_swiglu_quantize_reverse_loop, i32 %swiglu_group, i32 %inverse_scale, i480 %quantized_word_loc" [source/int4_decoder_blocks.cpp:771->source/int4_decoder_blocks.cpp:844]   --->   Operation 73 'call' 'call_ln771' <Predicate = true> <Delay = 0.00> <CoreType = "Generic">   --->   Core 0 '' <Latency = 0> <II = 1> <Delay = 1.00> <Generic> <Opcode : >

State 20 <SV = 19> <Delay = 1.21>
ST_20 : Operation 74 [1/1] (0.00ns)   --->   "%speclooptripcount_ln720 = speclooptripcount void @_ssdm_op_SpecLoopTripCount, i64 84, i64 84, i64 84" [source/int4_decoder_blocks.cpp:720->source/int4_decoder_blocks.cpp:844]   --->   Operation 74 'speclooptripcount' 'speclooptripcount_ln720' <Predicate = true> <Delay = 0.00>
ST_20 : Operation 75 [1/1] (0.00ns)   --->   "%specloopname_ln720 = specloopname void @_ssdm_op_SpecLoopName, void @empty_485" [source/int4_decoder_blocks.cpp:720->source/int4_decoder_blocks.cpp:844]   --->   Operation 75 'specloopname' 'specloopname_ln720' <Predicate = true> <Delay = 0.00>
ST_20 : Operation 76 [1/1] (1.21ns)   --->   "%write_ln772 = write void @_ssdm_op_Write.ap_fifo.volatile.i32P0A, i32 %scale_pe3, i32 %select_ln772" [source/int4_decoder_blocks.cpp:772->source/int4_decoder_blocks.cpp:844]   --->   Operation 76 'write' 'write_ln772' <Predicate = true> <Delay = 1.21> <CoreInst = "FIFO_SRL">   --->   Core 81 'FIFO_SRL' <Latency = 0> <II = 1> <Delay = 1.46> <Storage> <Opcode : 'read' 'write' 'nbread' 'nbwrite'> <Ports = 0> <Width = 32> <Depth = 4> <FIFO>
ST_20 : Operation 77 [1/1] (0.00ns)   --->   "%quantized_word_loc_load = load i480 %quantized_word_loc"   --->   Operation 77 'load' 'quantized_word_loc_load' <Predicate = true> <Delay = 0.00>
ST_20 : Operation 78 [1/1] (1.21ns)   --->   "%write_ln796 = write void @_ssdm_op_Write.ap_fifo.volatile.i480P0A, i480 %quantized_pe3, i480 %quantized_word_loc_load" [source/int4_decoder_blocks.cpp:796->source/int4_decoder_blocks.cpp:844]   --->   Operation 78 'write' 'write_ln796' <Predicate = true> <Delay = 1.21> <CoreInst = "FIFO_BRAM">   --->   Core 79 'FIFO_BRAM' <Latency = 0> <II = 1> <Delay = 1.42> <Storage> <Opcode : 'read' 'write' 'nbread' 'nbwrite'> <Ports = 0> <Width = 480> <Depth = 4> <FIFO>
ST_20 : Operation 79 [1/1] (0.00ns)   --->   "%br_ln720 = br void %for.body.i" [source/int4_decoder_blocks.cpp:720->source/int4_decoder_blocks.cpp:844]   --->   Operation 79 'br' 'br_ln720' <Predicate = true> <Delay = 0.00>


============================================================
+ Verbose Summary: Binding
============================================================
STG Binding: 
---------------- STG Properties BEGIN ----------------
- Is combinational: 0
- Is one-state seq: 0
- Is datapath-only: 0
- Is pipelined: 0
- Is top level: 0
Port [ Return ] is wired: 1; IO mode=ap_ctrl_hs:ce=0
Port [ gate]:  wired=1; compound=1; hidden=0; nouse=0; global=0; static=0; extern=0; dir=0; type=1; pingpong=0; private_global=0; MemPort=[1]; IO mode=ap_memory:ce=0
Port [ up]:  wired=1; compound=1; hidden=0; nouse=0; global=0; static=0; extern=0; dir=0; type=1; pingpong=0; private_global=0; MemPort=[1]; IO mode=ap_memory:ce=0
Port [ quantized_pe3]:  wired=1; compound=1; hidden=0; nouse=0; global=0; static=0; extern=0; dir=1; type=3; pingpong=0; private_global=0; IO mode=ap_fifo:ce=0
Port [ scale_pe3]:  wired=1; compound=1; hidden=0; nouse=0; global=0; static=0; extern=0; dir=1; type=3; pingpong=0; private_global=0; IO mode=ap_fifo:ce=0
---------------- STG Properties END ------------------

---------------- Datapath Model BEGIN ----------------

<LifeTime>
<method=bitvector/>
group                   (alloca           ) [ 011111111111111111111]
quantized_word_loc      (alloca           ) [ 001111111111111111111]
max_abs_bits_1_loc      (alloca           ) [ 001111111111111111111]
specmemcore_ln0         (specmemcore      ) [ 000000000000000000000]
specmemcore_ln0         (specmemcore      ) [ 000000000000000000000]
specmemcore_ln0         (specmemcore      ) [ 000000000000000000000]
specmemcore_ln0         (specmemcore      ) [ 000000000000000000000]
specinterface_ln0       (specinterface    ) [ 000000000000000000000]
specinterface_ln0       (specinterface    ) [ 000000000000000000000]
swiglu_group            (alloca           ) [ 001111111111111111111]
specmemcore_ln717       (specmemcore      ) [ 000000000000000000000]
store_ln720             (store            ) [ 000000000000000000000]
br_ln720                (br               ) [ 000000000000000000000]
group_3                 (load             ) [ 000000000000000000000]
icmp_ln720              (icmp             ) [ 001111111111111111111]
add_ln720               (add              ) [ 000000000000000000000]
br_ln720                (br               ) [ 000000000000000000000]
tmp_s                   (bitconcatenate   ) [ 000100000000000000000]
store_ln720             (store            ) [ 000000000000000000000]
ret_ln846               (ret              ) [ 000000000000000000000]
call_ln720              (call             ) [ 000000000000000000000]
max_abs_bits_1_loc_load (load             ) [ 000000000000000000000]
max_abs                 (bitcast          ) [ 000001111111111111000]
tmp_22                  (partselect       ) [ 000000000000000000000]
trunc_ln767             (trunc            ) [ 000000000000000000000]
icmp_ln767              (icmp             ) [ 000001000000000000000]
icmp_ln767_1            (icmp             ) [ 000001000000000000000]
or_ln767                (or               ) [ 000000000000000000000]
tmp_23                  (fcmp             ) [ 000000000000000000000]
and_ln767               (and              ) [ 000000111111111111100]
mul33_i                 (fmul             ) [ 000000000000000000100]
div37_i                 (fdiv             ) [ 000000000000000000100]
inverse_scale           (select           ) [ 000000000000000000010]
bitcast_ln772           (bitcast          ) [ 000000000000000000000]
select_ln772            (select           ) [ 000000000000000000011]
call_ln771              (call             ) [ 000000000000000000000]
speclooptripcount_ln720 (speclooptripcount) [ 000000000000000000000]
specloopname_ln720      (specloopname     ) [ 000000000000000000000]
write_ln772             (write            ) [ 000000000000000000000]
quantized_word_loc_load (load             ) [ 000000000000000000000]
write_ln796             (write            ) [ 000000000000000000000]
br_ln720                (br               ) [ 000000000000000000000]
</LifeTime>

<model>

<comp_list>
<comp id="0" class="1000" name="gate">
<pin_list>
<pin id="1" dir="1" index="0" bw="1" slack="0"/>
</pin_list>
<bind>
<StgValue><ssdm name="gate"/><MemPortTyVec>1 </MemPortTyVec>
</StgValue>
</bind>
</comp>

<comp id="2" class="1000" name="up">
<pin_list>
<pin id="3" dir="1" index="0" bw="1" slack="0"/>
</pin_list>
<bind>
<StgValue><ssdm name="up"/><MemPortTyVec>1 </MemPortTyVec>
</StgValue>
</bind>
</comp>

<comp id="4" class="1000" name="quantized_pe3">
<pin_list>
<pin id="5" dir="1" index="0" bw="1" slack="0"/>
</pin_list>
<bind>
<StgValue><ssdm name="quantized_pe3"/></StgValue>
</bind>
</comp>

<comp id="6" class="1000" name="scale_pe3">
<pin_list>
<pin id="7" dir="1" index="0" bw="1" slack="0"/>
</pin_list>
<bind>
<StgValue><ssdm name="scale_pe3"/></StgValue>
</bind>
</comp>

<comp id="8" class="1001" name="const_8">
<pin_list>
<pin id="9" dir="1" index="0" bw="1" slack="0"/>
</pin_list>
<bind>
<StgValue><ssdm name=""/></StgValue>
</bind>
</comp>

<comp id="10" class="1001" name="const_10">
<pin_list>
<pin id="11" dir="1" index="0" bw="1" slack="0"/>
</pin_list>
<bind>
<StgValue><ssdm name=""/></StgValue>
</bind>
</comp>

<comp id="12" class="1001" name="const_12">
<pin_list>
<pin id="13" dir="1" index="0" bw="1" slack="2147483647"/>
</pin_list>
<bind>
<StgValue><ssdm name="_ssdm_op_SpecMemCore"/></StgValue>
</bind>
</comp>

<comp id="14" class="1001" name="const_14">
<pin_list>
<pin id="15" dir="1" index="0" bw="1" slack="2147483647"/>
</pin_list>
<bind>
<StgValue><ssdm name=""/></StgValue>
</bind>
</comp>

<comp id="16" class="1001" name="const_16">
<pin_list>
<pin id="17" dir="1" index="0" bw="1" slack="2147483647"/>
</pin_list>
<bind>
<StgValue><ssdm name=""/></StgValue>
</bind>
</comp>

<comp id="18" class="1001" name="const_18">
<pin_list>
<pin id="19" dir="1" index="0" bw="1" slack="2147483647"/>
</pin_list>
<bind>
<StgValue><ssdm name=""/></StgValue>
</bind>
</comp>

<comp id="20" class="1001" name="const_20">
<pin_list>
<pin id="21" dir="1" index="0" bw="1" slack="2147483647"/>
</pin_list>
<bind>
<StgValue><ssdm name=""/></StgValue>
</bind>
</comp>

<comp id="22" class="1001" name="const_22">
<pin_list>
<pin id="23" dir="1" index="0" bw="1" slack="2147483647"/>
</pin_list>
<bind>
<StgValue><ssdm name=""/></StgValue>
</bind>
</comp>

<comp id="24" class="1001" name="const_24">
<pin_list>
<pin id="25" dir="1" index="0" bw="1" slack="2147483647"/>
</pin_list>
<bind>
<StgValue><ssdm name="_ssdm_op_SpecInterface"/></StgValue>
</bind>
</comp>

<comp id="26" class="1001" name="const_26">
<pin_list>
<pin id="27" dir="1" index="0" bw="1" slack="2147483647"/>
</pin_list>
<bind>
<StgValue><ssdm name="empty_447"/></StgValue>
</bind>
</comp>

<comp id="28" class="1001" name="const_28">
<pin_list>
<pin id="29" dir="1" index="0" bw="1" slack="0"/>
</pin_list>
<bind>
<StgValue><ssdm name=""/></StgValue>
</bind>
</comp>

<comp id="30" class="1001" name="const_30">
<pin_list>
<pin id="31" dir="1" index="0" bw="1" slack="2147483647"/>
</pin_list>
<bind>
<StgValue><ssdm name="empty_418"/></StgValue>
</bind>
</comp>

<comp id="32" class="1001" name="const_32">
<pin_list>
<pin id="33" dir="1" index="0" bw="1" slack="2147483647"/>
</pin_list>
<bind>
<StgValue><ssdm name=""/></StgValue>
</bind>
</comp>

<comp id="34" class="1001" name="const_34">
<pin_list>
<pin id="35" dir="1" index="0" bw="1" slack="0"/>
</pin_list>
<bind>
<StgValue><ssdm name=""/></StgValue>
</bind>
</comp>

<comp id="36" class="1001" name="const_36">
<pin_list>
<pin id="37" dir="1" index="0" bw="1" slack="0"/>
</pin_list>
<bind>
<StgValue><ssdm name=""/></StgValue>
</bind>
</comp>

<comp id="38" class="1001" name="const_38">
<pin_list>
<pin id="39" dir="1" index="0" bw="1" slack="0"/>
</pin_list>
<bind>
<StgValue><ssdm name=""/></StgValue>
</bind>
</comp>

<comp id="40" class="1001" name="const_40">
<pin_list>
<pin id="41" dir="1" index="0" bw="1" slack="0"/>
</pin_list>
<bind>
<StgValue><ssdm name="_ssdm_op_BitConcatenate.i8.i7.i1"/></StgValue>
</bind>
</comp>

<comp id="42" class="1001" name="const_42">
<pin_list>
<pin id="43" dir="1" index="0" bw="1" slack="0"/>
</pin_list>
<bind>
<StgValue><ssdm name=""/></StgValue>
</bind>
</comp>

<comp id="44" class="1001" name="const_44">
<pin_list>
<pin id="45" dir="1" index="0" bw="1" slack="0"/>
</pin_list>
<bind>
<StgValue><ssdm name="int4_swiglu_quantize_pe3_Pipeline_swiglu_word_loop_swiglu_lane_loop"/></StgValue>
</bind>
</comp>

<comp id="46" class="1001" name="const_46">
<pin_list>
<pin id="47" dir="1" index="0" bw="1" slack="0"/>
</pin_list>
<bind>
<StgValue><ssdm name="_ssdm_op_PartSelect.i8.i32.i32.i32"/></StgValue>
</bind>
</comp>

<comp id="48" class="1001" name="const_48">
<pin_list>
<pin id="49" dir="1" index="0" bw="1" slack="0"/>
</pin_list>
<bind>
<StgValue><ssdm name=""/></StgValue>
</bind>
</comp>

<comp id="50" class="1001" name="const_50">
<pin_list>
<pin id="51" dir="1" index="0" bw="1" slack="0"/>
</pin_list>
<bind>
<StgValue><ssdm name=""/></StgValue>
</bind>
</comp>

<comp id="52" class="1001" name="const_52">
<pin_list>
<pin id="53" dir="1" index="0" bw="1" slack="0"/>
</pin_list>
<bind>
<StgValue><ssdm name=""/></StgValue>
</bind>
</comp>

<comp id="54" class="1001" name="const_54">
<pin_list>
<pin id="55" dir="1" index="0" bw="1" slack="0"/>
</pin_list>
<bind>
<StgValue><ssdm name=""/></StgValue>
</bind>
</comp>

<comp id="56" class="1001" name="const_56">
<pin_list>
<pin id="57" dir="1" index="0" bw="1" slack="0"/>
</pin_list>
<bind>
<StgValue><ssdm name=""/></StgValue>
</bind>
</comp>

<comp id="58" class="1001" name="const_58">
<pin_list>
<pin id="59" dir="1" index="0" bw="1" slack="0"/>
</pin_list>
<bind>
<StgValue><ssdm name=""/></StgValue>
</bind>
</comp>

<comp id="60" class="1001" name="const_60">
<pin_list>
<pin id="61" dir="1" index="0" bw="1" slack="0"/>
</pin_list>
<bind>
<StgValue><ssdm name=""/></StgValue>
</bind>
</comp>

<comp id="62" class="1001" name="const_62">
<pin_list>
<pin id="63" dir="1" index="0" bw="1" slack="0"/>
</pin_list>
<bind>
<StgValue><ssdm name="int4_swiglu_quantize_pe3_Pipeline_swiglu_quantize_reverse_loop"/></StgValue>
</bind>
</comp>

<comp id="64" class="1001" name="const_64">
<pin_list>
<pin id="65" dir="1" index="0" bw="1" slack="2147483647"/>
</pin_list>
<bind>
<StgValue><ssdm name="_ssdm_op_SpecLoopTripCount"/></StgValue>
</bind>
</comp>

<comp id="66" class="1001" name="const_66">
<pin_list>
<pin id="67" dir="1" index="0" bw="1" slack="2147483647"/>
</pin_list>
<bind>
<StgValue><ssdm name=""/></StgValue>
</bind>
</comp>

<comp id="68" class="1001" name="const_68">
<pin_list>
<pin id="69" dir="1" index="0" bw="1" slack="2147483647"/>
</pin_list>
<bind>
<StgValue><ssdm name="_ssdm_op_SpecLoopName"/></StgValue>
</bind>
</comp>

<comp id="70" class="1001" name="const_70">
<pin_list>
<pin id="71" dir="1" index="0" bw="1" slack="2147483647"/>
</pin_list>
<bind>
<StgValue><ssdm name="empty_485"/></StgValue>
</bind>
</comp>

<comp id="72" class="1001" name="const_72">
<pin_list>
<pin id="73" dir="1" index="0" bw="1" slack="0"/>
</pin_list>
<bind>
<StgValue><ssdm name="_ssdm_op_Write.ap_fifo.volatile.i32P0A"/></StgValue>
</bind>
</comp>

<comp id="74" class="1001" name="const_74">
<pin_list>
<pin id="75" dir="1" index="0" bw="1" slack="0"/>
</pin_list>
<bind>
<StgValue><ssdm name="_ssdm_op_Write.ap_fifo.volatile.i480P0A"/></StgValue>
</bind>
</comp>

<comp id="76" class="1004" name="group_fu_76">
<pin_list>
<pin id="77" dir="0" index="0" bw="1" slack="0"/>
<pin id="78" dir="1" index="1" bw="7" slack="0"/>
</pin_list>
<bind>
<opcode="alloca(26) " fcode="alloca"/>
<opset="group/1 "/>
</bind>
</comp>

<comp id="80" class="1004" name="quantized_word_loc_fu_80">
<pin_list>
<pin id="81" dir="0" index="0" bw="1" slack="0"/>
<pin id="82" dir="1" index="1" bw="480" slack="17"/>
</pin_list>
<bind>
<opcode="alloca(26) " fcode="alloca"/>
<opset="quantized_word_loc/1 "/>
</bind>
</comp>

<comp id="84" class="1004" name="max_abs_bits_1_loc_fu_84">
<pin_list>
<pin id="85" dir="0" index="0" bw="1" slack="0"/>
<pin id="86" dir="1" index="1" bw="32" slack="1"/>
</pin_list>
<bind>
<opcode="alloca(26) " fcode="alloca"/>
<opset="max_abs_bits_1_loc/1 "/>
</bind>
</comp>

<comp id="88" class="1004" name="swiglu_group_alloca_fu_88">
<pin_list>
<pin id="89" dir="0" index="0" bw="1" slack="0"/>
<pin id="90" dir="1" index="1" bw="32" slack="2147483647"/>
</pin_list>
<bind>
<opcode="alloca(26) " fcode="alloca"/>
<opset="swiglu_group/1 "/>
</bind>
</comp>

<comp id="92" class="1004" name="write_ln772_write_fu_92">
<pin_list>
<pin id="93" dir="0" index="0" bw="0" slack="0"/>
<pin id="94" dir="0" index="1" bw="32" slack="0"/>
<pin id="95" dir="0" index="2" bw="32" slack="2"/>
<pin id="96" dir="1" index="3" bw="0" slack="2147483647"/>
</pin_list>
<bind>
<opcode="write(1151) " fcode="write"/>
<opset="write_ln772/20 "/>
</bind>
</comp>

<comp id="99" class="1004" name="write_ln796_write_fu_99">
<pin_list>
<pin id="100" dir="0" index="0" bw="0" slack="0"/>
<pin id="101" dir="0" index="1" bw="480" slack="0"/>
<pin id="102" dir="0" index="2" bw="480" slack="0"/>
<pin id="103" dir="1" index="3" bw="0" slack="2147483647"/>
</pin_list>
<bind>
<opcode="write(1151) " fcode="write"/>
<opset="write_ln796/20 "/>
</bind>
</comp>

<comp id="106" class="1004" name="grp_int4_swiglu_quantize_pe3_Pipeline_swiglu_word_loop_swiglu_lane_loop_fu_106">
<pin_list>
<pin id="107" dir="0" index="0" bw="0" slack="0"/>
<pin id="108" dir="0" index="1" bw="32" slack="2147483647"/>
<pin id="109" dir="0" index="2" bw="8" slack="0"/>
<pin id="110" dir="0" index="3" bw="512" slack="0"/>
<pin id="111" dir="0" index="4" bw="512" slack="0"/>
<pin id="112" dir="0" index="5" bw="32" slack="1"/>
<pin id="113" dir="1" index="6" bw="0" slack="2147483647"/>
</pin_list>
<bind>
<opcode="call(48) " fcode="call"/>
<opset="call_ln720/2 "/>
</bind>
</comp>

<comp id="117" class="1004" name="grp_int4_swiglu_quantize_pe3_Pipeline_swiglu_quantize_reverse_loop_fu_117">
<pin_list>
<pin id="118" dir="0" index="0" bw="0" slack="0"/>
<pin id="119" dir="0" index="1" bw="32" slack="2147483647"/>
<pin id="120" dir="0" index="2" bw="32" slack="0"/>
<pin id="121" dir="0" index="3" bw="480" slack="17"/>
<pin id="122" dir="1" index="4" bw="0" slack="2147483647"/>
</pin_list>
<bind>
<opcode="call(48) " fcode="call"/>
<opset="call_ln771/18 "/>
</bind>
</comp>

<comp id="124" class="1004" name="grp_fu_124">
<pin_list>
<pin id="125" dir="0" index="0" bw="32" slack="10"/>
<pin id="126" dir="0" index="1" bw="32" slack="0"/>
<pin id="127" dir="1" index="2" bw="32" slack="1"/>
</pin_list>
<bind>
<opcode="fmul(13) " fcode="fmul"/>
<opset="mul33_i/14 "/>
</bind>
</comp>

<comp id="129" class="1004" name="grp_fu_129">
<pin_list>
<pin id="130" dir="0" index="0" bw="32" slack="0"/>
<pin id="131" dir="0" index="1" bw="32" slack="2"/>
<pin id="132" dir="1" index="2" bw="32" slack="1"/>
</pin_list>
<bind>
<opcode="fdiv(16) " fcode="fdiv"/>
<opset="div37_i/6 "/>
</bind>
</comp>

<comp id="134" class="1004" name="grp_fu_134">
<pin_list>
<pin id="135" dir="0" index="0" bw="32" slack="0"/>
<pin id="136" dir="0" index="1" bw="32" slack="0"/>
<pin id="137" dir="1" index="2" bw="1" slack="0"/>
</pin_list>
<bind>
<opcode="fcmp(46) " fcode="fcmp"/>
<opset="tmp_23/4 "/>
</bind>
</comp>

<comp id="139" class="1004" name="store_ln720_store_fu_139">
<pin_list>
<pin id="140" dir="0" index="0" bw="1" slack="0"/>
<pin id="141" dir="0" index="1" bw="7" slack="0"/>
<pin id="142" dir="1" index="2" bw="0" slack="2147483647"/>
</pin_list>
<bind>
<opcode="store(28) " fcode="store"/>
<opset="store_ln720/1 "/>
</bind>
</comp>

<comp id="144" class="1004" name="group_3_load_fu_144">
<pin_list>
<pin id="145" dir="0" index="0" bw="7" slack="1"/>
<pin id="146" dir="1" index="1" bw="7" slack="0"/>
</pin_list>
<bind>
<opcode="load(27) " fcode="load"/>
<opset="group_3/2 "/>
</bind>
</comp>

<comp id="147" class="1004" name="icmp_ln720_fu_147">
<pin_list>
<pin id="148" dir="0" index="0" bw="7" slack="0"/>
<pin id="149" dir="0" index="1" bw="7" slack="0"/>
<pin id="150" dir="1" index="2" bw="1" slack="2147483647"/>
</pin_list>
<bind>
<opcode="icmp(45) " fcode="icmp"/>
<opset="icmp_ln720/2 "/>
</bind>
</comp>

<comp id="153" class="1004" name="add_ln720_fu_153">
<pin_list>
<pin id="154" dir="0" index="0" bw="7" slack="0"/>
<pin id="155" dir="0" index="1" bw="1" slack="0"/>
<pin id="156" dir="1" index="2" bw="7" slack="0"/>
</pin_list>
<bind>
<opcode="add(8) " fcode="add"/>
<opset="add_ln720/2 "/>
</bind>
</comp>

<comp id="159" class="1004" name="tmp_s_fu_159">
<pin_list>
<pin id="160" dir="0" index="0" bw="8" slack="0"/>
<pin id="161" dir="0" index="1" bw="7" slack="0"/>
<pin id="162" dir="0" index="2" bw="1" slack="0"/>
<pin id="163" dir="1" index="3" bw="8" slack="0"/>
</pin_list>
<bind>
<opcode="bitconcatenate(1004) " fcode="bitconcatenate"/>
<opset="tmp_s/2 "/>
</bind>
</comp>

<comp id="168" class="1004" name="store_ln720_store_fu_168">
<pin_list>
<pin id="169" dir="0" index="0" bw="7" slack="0"/>
<pin id="170" dir="0" index="1" bw="7" slack="1"/>
<pin id="171" dir="1" index="2" bw="0" slack="2147483647"/>
</pin_list>
<bind>
<opcode="store(28) " fcode="store"/>
<opset="store_ln720/2 "/>
</bind>
</comp>

<comp id="173" class="1004" name="max_abs_bits_1_loc_load_load_fu_173">
<pin_list>
<pin id="174" dir="0" index="0" bw="32" slack="3"/>
<pin id="175" dir="1" index="1" bw="32" slack="0"/>
</pin_list>
<bind>
<opcode="load(27) " fcode="load"/>
<opset="max_abs_bits_1_loc_load/4 "/>
</bind>
</comp>

<comp id="176" class="1004" name="max_abs_fu_176">
<pin_list>
<pin id="177" dir="0" index="0" bw="32" slack="0"/>
<pin id="178" dir="1" index="1" bw="32" slack="0"/>
</pin_list>
<bind>
<opcode="bitcast(44) " fcode="bitcast"/>
<opset="max_abs/4 "/>
</bind>
</comp>

<comp id="181" class="1004" name="tmp_22_fu_181">
<pin_list>
<pin id="182" dir="0" index="0" bw="8" slack="0"/>
<pin id="183" dir="0" index="1" bw="32" slack="0"/>
<pin id="184" dir="0" index="2" bw="6" slack="0"/>
<pin id="185" dir="0" index="3" bw="6" slack="0"/>
<pin id="186" dir="1" index="4" bw="8" slack="0"/>
</pin_list>
<bind>
<opcode="partselect(1002) " fcode="partselect"/>
<opset="tmp_22/4 "/>
</bind>
</comp>

<comp id="191" class="1004" name="trunc_ln767_fu_191">
<pin_list>
<pin id="192" dir="0" index="0" bw="32" slack="0"/>
<pin id="193" dir="1" index="1" bw="23" slack="0"/>
</pin_list>
<bind>
<opcode="trunc(33) " fcode="trunc"/>
<opset="trunc_ln767/4 "/>
</bind>
</comp>

<comp id="195" class="1004" name="icmp_ln767_fu_195">
<pin_list>
<pin id="196" dir="0" index="0" bw="8" slack="0"/>
<pin id="197" dir="0" index="1" bw="1" slack="0"/>
<pin id="198" dir="1" index="2" bw="1" slack="1"/>
</pin_list>
<bind>
<opcode="icmp(45) " fcode="icmp"/>
<opset="icmp_ln767/4 "/>
</bind>
</comp>

<comp id="201" class="1004" name="icmp_ln767_1_fu_201">
<pin_list>
<pin id="202" dir="0" index="0" bw="23" slack="0"/>
<pin id="203" dir="0" index="1" bw="1" slack="0"/>
<pin id="204" dir="1" index="2" bw="1" slack="1"/>
</pin_list>
<bind>
<opcode="icmp(45) " fcode="icmp"/>
<opset="icmp_ln767_1/4 "/>
</bind>
</comp>

<comp id="207" class="1004" name="or_ln767_fu_207">
<pin_list>
<pin id="208" dir="0" index="0" bw="1" slack="1"/>
<pin id="209" dir="0" index="1" bw="1" slack="1"/>
<pin id="210" dir="1" index="2" bw="1" slack="0"/>
</pin_list>
<bind>
<opcode="or(24) " fcode="or"/>
<opset="or_ln767/5 "/>
</bind>
</comp>

<comp id="211" class="1004" name="and_ln767_fu_211">
<pin_list>
<pin id="212" dir="0" index="0" bw="1" slack="0"/>
<pin id="213" dir="0" index="1" bw="1" slack="0"/>
<pin id="214" dir="1" index="2" bw="1" slack="1"/>
</pin_list>
<bind>
<opcode="and(23) " fcode="and"/>
<opset="and_ln767/5 "/>
</bind>
</comp>

<comp id="217" class="1004" name="inverse_scale_fu_217">
<pin_list>
<pin id="218" dir="0" index="0" bw="1" slack="13"/>
<pin id="219" dir="0" index="1" bw="32" slack="0"/>
<pin id="220" dir="0" index="2" bw="32" slack="1"/>
<pin id="221" dir="1" index="3" bw="32" slack="0"/>
</pin_list>
<bind>
<opcode="select(49) " fcode="select"/>
<opset="inverse_scale/18 "/>
</bind>
</comp>

<comp id="224" class="1004" name="bitcast_ln772_fu_224">
<pin_list>
<pin id="225" dir="0" index="0" bw="32" slack="1"/>
<pin id="226" dir="1" index="1" bw="32" slack="0"/>
</pin_list>
<bind>
<opcode="bitcast(44) " fcode="bitcast"/>
<opset="bitcast_ln772/18 "/>
</bind>
</comp>

<comp id="227" class="1004" name="select_ln772_fu_227">
<pin_list>
<pin id="228" dir="0" index="0" bw="1" slack="13"/>
<pin id="229" dir="0" index="1" bw="1" slack="0"/>
<pin id="230" dir="0" index="2" bw="32" slack="0"/>
<pin id="231" dir="1" index="3" bw="32" slack="2"/>
</pin_list>
<bind>
<opcode="select(49) " fcode="select"/>
<opset="select_ln772/18 "/>
</bind>
</comp>

<comp id="234" class="1004" name="quantized_word_loc_load_load_fu_234">
<pin_list>
<pin id="235" dir="0" index="0" bw="480" slack="19"/>
<pin id="236" dir="1" index="1" bw="480" slack="0"/>
</pin_list>
<bind>
<opcode="load(27) " fcode="load"/>
<opset="quantized_word_loc_load/20 "/>
</bind>
</comp>

<comp id="238" class="1005" name="group_reg_238">
<pin_list>
<pin id="239" dir="0" index="0" bw="7" slack="0"/>
<pin id="240" dir="1" index="1" bw="7" slack="0"/>
</pin_list>
<bind>
<opset="group "/>
</bind>
</comp>

<comp id="245" class="1005" name="quantized_word_loc_reg_245">
<pin_list>
<pin id="246" dir="0" index="0" bw="480" slack="17"/>
<pin id="247" dir="1" index="1" bw="480" slack="17"/>
</pin_list>
<bind>
<opset="quantized_word_loc "/>
</bind>
</comp>

<comp id="251" class="1005" name="max_abs_bits_1_loc_reg_251">
<pin_list>
<pin id="252" dir="0" index="0" bw="32" slack="1"/>
<pin id="253" dir="1" index="1" bw="32" slack="1"/>
</pin_list>
<bind>
<opset="max_abs_bits_1_loc "/>
</bind>
</comp>

<comp id="260" class="1005" name="tmp_s_reg_260">
<pin_list>
<pin id="261" dir="0" index="0" bw="8" slack="1"/>
<pin id="262" dir="1" index="1" bw="8" slack="1"/>
</pin_list>
<bind>
<opset="tmp_s "/>
</bind>
</comp>

<comp id="265" class="1005" name="max_abs_reg_265">
<pin_list>
<pin id="266" dir="0" index="0" bw="32" slack="1"/>
<pin id="267" dir="1" index="1" bw="32" slack="1"/>
</pin_list>
<bind>
<opset="max_abs "/>
</bind>
</comp>

<comp id="272" class="1005" name="icmp_ln767_reg_272">
<pin_list>
<pin id="273" dir="0" index="0" bw="1" slack="1"/>
<pin id="274" dir="1" index="1" bw="1" slack="1"/>
</pin_list>
<bind>
<opset="icmp_ln767 "/>
</bind>
</comp>

<comp id="277" class="1005" name="icmp_ln767_1_reg_277">
<pin_list>
<pin id="278" dir="0" index="0" bw="1" slack="1"/>
<pin id="279" dir="1" index="1" bw="1" slack="1"/>
</pin_list>
<bind>
<opset="icmp_ln767_1 "/>
</bind>
</comp>

<comp id="282" class="1005" name="and_ln767_reg_282">
<pin_list>
<pin id="283" dir="0" index="0" bw="1" slack="1"/>
<pin id="284" dir="1" index="1" bw="1" slack="13"/>
</pin_list>
<bind>
<opset="and_ln767 "/>
</bind>
</comp>

<comp id="288" class="1005" name="mul33_i_reg_288">
<pin_list>
<pin id="289" dir="0" index="0" bw="32" slack="1"/>
<pin id="290" dir="1" index="1" bw="32" slack="1"/>
</pin_list>
<bind>
<opset="mul33_i "/>
</bind>
</comp>

<comp id="293" class="1005" name="div37_i_reg_293">
<pin_list>
<pin id="294" dir="0" index="0" bw="32" slack="1"/>
<pin id="295" dir="1" index="1" bw="32" slack="1"/>
</pin_list>
<bind>
<opset="div37_i "/>
</bind>
</comp>

<comp id="298" class="1005" name="inverse_scale_reg_298">
<pin_list>
<pin id="299" dir="0" index="0" bw="32" slack="1"/>
<pin id="300" dir="1" index="1" bw="32" slack="1"/>
</pin_list>
<bind>
<opset="inverse_scale "/>
</bind>
</comp>

<comp id="303" class="1005" name="select_ln772_reg_303">
<pin_list>
<pin id="304" dir="0" index="0" bw="32" slack="2"/>
<pin id="305" dir="1" index="1" bw="32" slack="2"/>
</pin_list>
<bind>
<opset="select_ln772 "/>
</bind>
</comp>

</comp_list>

<net_list>
<net id="79"><net_src comp="8" pin="0"/><net_sink comp="76" pin=0"/></net>

<net id="83"><net_src comp="10" pin="0"/><net_sink comp="80" pin=0"/></net>

<net id="87"><net_src comp="10" pin="0"/><net_sink comp="84" pin=0"/></net>

<net id="91"><net_src comp="10" pin="0"/><net_sink comp="88" pin=0"/></net>

<net id="97"><net_src comp="72" pin="0"/><net_sink comp="92" pin=0"/></net>

<net id="98"><net_src comp="6" pin="0"/><net_sink comp="92" pin=1"/></net>

<net id="104"><net_src comp="74" pin="0"/><net_sink comp="99" pin=0"/></net>

<net id="105"><net_src comp="4" pin="0"/><net_sink comp="99" pin=1"/></net>

<net id="114"><net_src comp="44" pin="0"/><net_sink comp="106" pin=0"/></net>

<net id="115"><net_src comp="0" pin="0"/><net_sink comp="106" pin=3"/></net>

<net id="116"><net_src comp="2" pin="0"/><net_sink comp="106" pin=4"/></net>

<net id="123"><net_src comp="62" pin="0"/><net_sink comp="117" pin=0"/></net>

<net id="128"><net_src comp="60" pin="0"/><net_sink comp="124" pin=1"/></net>

<net id="133"><net_src comp="58" pin="0"/><net_sink comp="129" pin=0"/></net>

<net id="138"><net_src comp="56" pin="0"/><net_sink comp="134" pin=1"/></net>

<net id="143"><net_src comp="34" pin="0"/><net_sink comp="139" pin=0"/></net>

<net id="151"><net_src comp="144" pin="1"/><net_sink comp="147" pin=0"/></net>

<net id="152"><net_src comp="36" pin="0"/><net_sink comp="147" pin=1"/></net>

<net id="157"><net_src comp="144" pin="1"/><net_sink comp="153" pin=0"/></net>

<net id="158"><net_src comp="38" pin="0"/><net_sink comp="153" pin=1"/></net>

<net id="164"><net_src comp="40" pin="0"/><net_sink comp="159" pin=0"/></net>

<net id="165"><net_src comp="144" pin="1"/><net_sink comp="159" pin=1"/></net>

<net id="166"><net_src comp="42" pin="0"/><net_sink comp="159" pin=2"/></net>

<net id="167"><net_src comp="159" pin="3"/><net_sink comp="106" pin=2"/></net>

<net id="172"><net_src comp="153" pin="2"/><net_sink comp="168" pin=0"/></net>

<net id="179"><net_src comp="173" pin="1"/><net_sink comp="176" pin=0"/></net>

<net id="180"><net_src comp="176" pin="1"/><net_sink comp="134" pin=0"/></net>

<net id="187"><net_src comp="46" pin="0"/><net_sink comp="181" pin=0"/></net>

<net id="188"><net_src comp="173" pin="1"/><net_sink comp="181" pin=1"/></net>

<net id="189"><net_src comp="48" pin="0"/><net_sink comp="181" pin=2"/></net>

<net id="190"><net_src comp="50" pin="0"/><net_sink comp="181" pin=3"/></net>

<net id="194"><net_src comp="173" pin="1"/><net_sink comp="191" pin=0"/></net>

<net id="199"><net_src comp="181" pin="4"/><net_sink comp="195" pin=0"/></net>

<net id="200"><net_src comp="52" pin="0"/><net_sink comp="195" pin=1"/></net>

<net id="205"><net_src comp="191" pin="1"/><net_sink comp="201" pin=0"/></net>

<net id="206"><net_src comp="54" pin="0"/><net_sink comp="201" pin=1"/></net>

<net id="215"><net_src comp="207" pin="2"/><net_sink comp="211" pin=0"/></net>

<net id="216"><net_src comp="134" pin="2"/><net_sink comp="211" pin=1"/></net>

<net id="222"><net_src comp="56" pin="0"/><net_sink comp="217" pin=1"/></net>

<net id="223"><net_src comp="217" pin="3"/><net_sink comp="117" pin=2"/></net>

<net id="232"><net_src comp="28" pin="0"/><net_sink comp="227" pin=1"/></net>

<net id="233"><net_src comp="224" pin="1"/><net_sink comp="227" pin=2"/></net>

<net id="237"><net_src comp="234" pin="1"/><net_sink comp="99" pin=2"/></net>

<net id="241"><net_src comp="76" pin="1"/><net_sink comp="238" pin=0"/></net>

<net id="242"><net_src comp="238" pin="1"/><net_sink comp="139" pin=1"/></net>

<net id="243"><net_src comp="238" pin="1"/><net_sink comp="144" pin=0"/></net>

<net id="244"><net_src comp="238" pin="1"/><net_sink comp="168" pin=1"/></net>

<net id="248"><net_src comp="80" pin="1"/><net_sink comp="245" pin=0"/></net>

<net id="249"><net_src comp="245" pin="1"/><net_sink comp="117" pin=3"/></net>

<net id="250"><net_src comp="245" pin="1"/><net_sink comp="234" pin=0"/></net>

<net id="254"><net_src comp="84" pin="1"/><net_sink comp="251" pin=0"/></net>

<net id="255"><net_src comp="251" pin="1"/><net_sink comp="106" pin=5"/></net>

<net id="256"><net_src comp="251" pin="1"/><net_sink comp="173" pin=0"/></net>

<net id="263"><net_src comp="159" pin="3"/><net_sink comp="260" pin=0"/></net>

<net id="264"><net_src comp="260" pin="1"/><net_sink comp="106" pin=2"/></net>

<net id="268"><net_src comp="176" pin="1"/><net_sink comp="265" pin=0"/></net>

<net id="269"><net_src comp="265" pin="1"/><net_sink comp="134" pin=0"/></net>

<net id="270"><net_src comp="265" pin="1"/><net_sink comp="129" pin=1"/></net>

<net id="271"><net_src comp="265" pin="1"/><net_sink comp="124" pin=0"/></net>

<net id="275"><net_src comp="195" pin="2"/><net_sink comp="272" pin=0"/></net>

<net id="276"><net_src comp="272" pin="1"/><net_sink comp="207" pin=1"/></net>

<net id="280"><net_src comp="201" pin="2"/><net_sink comp="277" pin=0"/></net>

<net id="281"><net_src comp="277" pin="1"/><net_sink comp="207" pin=0"/></net>

<net id="285"><net_src comp="211" pin="2"/><net_sink comp="282" pin=0"/></net>

<net id="286"><net_src comp="282" pin="1"/><net_sink comp="217" pin=0"/></net>

<net id="287"><net_src comp="282" pin="1"/><net_sink comp="227" pin=0"/></net>

<net id="291"><net_src comp="124" pin="2"/><net_sink comp="288" pin=0"/></net>

<net id="292"><net_src comp="288" pin="1"/><net_sink comp="224" pin=0"/></net>

<net id="296"><net_src comp="129" pin="2"/><net_sink comp="293" pin=0"/></net>

<net id="297"><net_src comp="293" pin="1"/><net_sink comp="217" pin=2"/></net>

<net id="301"><net_src comp="217" pin="3"/><net_sink comp="298" pin=0"/></net>

<net id="302"><net_src comp="298" pin="1"/><net_sink comp="117" pin=2"/></net>

<net id="306"><net_src comp="227" pin="3"/><net_sink comp="303" pin=0"/></net>

<net id="307"><net_src comp="303" pin="1"/><net_sink comp="92" pin=2"/></net>

</net_list>

</model> 
---------------- Datapath Model END ------------------

* FSMD analyzer results:
  - Output states:
	Port: quantized_pe3 | {20 }
	Port: scale_pe3 | {20 }
 - Input state : 
	Port: int4_swiglu_quantize_pe3 : gate | {2 3 }
	Port: int4_swiglu_quantize_pe3 : up | {2 3 }
  - Chain level:
	State 1
		specmemcore_ln717 : 1
		store_ln720 : 1
	State 2
		icmp_ln720 : 1
		add_ln720 : 1
		br_ln720 : 2
		tmp_s : 1
		call_ln720 : 2
		store_ln720 : 2
	State 3
	State 4
		max_abs : 1
		tmp_22 : 1
		trunc_ln767 : 1
		icmp_ln767 : 2
		icmp_ln767_1 : 2
		tmp_23 : 2
	State 5
		and_ln767 : 1
	State 6
	State 7
	State 8
	State 9
	State 10
	State 11
	State 12
	State 13
	State 14
	State 15
	State 16
	State 17
	State 18
		select_ln772 : 1
		call_ln771 : 1
	State 19
	State 20
		write_ln796 : 1


============================================================
+ Verbose Summary: Datapath Resource usage 
============================================================

* Functional unit list:
|----------|--------------------------------------------------------------------------------|---------|---------|---------|---------|
| Operation|                                 Functional Unit                                |   DSP   |  Delay  |    FF   |   LUT   |
|----------|--------------------------------------------------------------------------------|---------|---------|---------|---------|
|   call   | grp_int4_swiglu_quantize_pe3_Pipeline_swiglu_word_loop_swiglu_lane_loop_fu_106 |    15   |  1.548  |   2385  |   1466  |
|          |    grp_int4_swiglu_quantize_pe3_Pipeline_swiglu_quantize_reverse_loop_fu_117   |    5    |  0.387  |   1192  |   816   |
|----------|--------------------------------------------------------------------------------|---------|---------|---------|---------|
|   fmul   |                                   grp_fu_124                                   |    3    |    0    |   143   |    78   |
|----------|--------------------------------------------------------------------------------|---------|---------|---------|---------|
|  select  |                              inverse_scale_fu_217                              |    0    |    0    |    0    |    32   |
|          |                               select_ln772_fu_227                              |    0    |    0    |    0    |    32   |
|----------|--------------------------------------------------------------------------------|---------|---------|---------|---------|
|          |                                icmp_ln720_fu_147                               |    0    |    0    |    0    |    14   |
|   icmp   |                                icmp_ln767_fu_195                               |    0    |    0    |    0    |    15   |
|          |                               icmp_ln767_1_fu_201                              |    0    |    0    |    0    |    30   |
|----------|--------------------------------------------------------------------------------|---------|---------|---------|---------|
|    add   |                                add_ln720_fu_153                                |    0    |    0    |    0    |    14   |
|----------|--------------------------------------------------------------------------------|---------|---------|---------|---------|
|    or    |                                 or_ln767_fu_207                                |    0    |    0    |    0    |    2    |
|----------|--------------------------------------------------------------------------------|---------|---------|---------|---------|
|    and   |                                and_ln767_fu_211                                |    0    |    0    |    0    |    2    |
|----------|--------------------------------------------------------------------------------|---------|---------|---------|---------|
|   write  |                             write_ln772_write_fu_92                            |    0    |    0    |    0    |    0    |
|          |                             write_ln796_write_fu_99                            |    0    |    0    |    0    |    0    |
|----------|--------------------------------------------------------------------------------|---------|---------|---------|---------|
|   fdiv   |                                   grp_fu_129                                   |    0    |    0    |    0    |    0    |
|----------|--------------------------------------------------------------------------------|---------|---------|---------|---------|
|   fcmp   |                                   grp_fu_134                                   |    0    |    0    |    0    |    0    |
|----------|--------------------------------------------------------------------------------|---------|---------|---------|---------|
|bitconcatenate|                                  tmp_s_fu_159                                  |    0    |    0    |    0    |    0    |
|----------|--------------------------------------------------------------------------------|---------|---------|---------|---------|
|partselect|                                  tmp_22_fu_181                                 |    0    |    0    |    0    |    0    |
|----------|--------------------------------------------------------------------------------|---------|---------|---------|---------|
|   trunc  |                               trunc_ln767_fu_191                               |    0    |    0    |    0    |    0    |
|----------|--------------------------------------------------------------------------------|---------|---------|---------|---------|
|   Total  |                                                                                |    23   |  1.935  |   3720  |   2501  |
|----------|--------------------------------------------------------------------------------|---------|---------|---------|---------|

Memories:
+------------+--------+--------+--------+
|            |  BRAM  |   FF   |   LUT  |
+------------+--------+--------+--------+
|swiglu_group|    1   |    0   |    0   |
+------------+--------+--------+--------+
|    Total   |    1   |    0   |    0   |
+------------+--------+--------+--------+

* Register list:
+--------------------------+--------+
|                          |   FF   |
+--------------------------+--------+
|     and_ln767_reg_282    |    1   |
|      div37_i_reg_293     |   32   |
|       group_reg_238      |    7   |
|   icmp_ln767_1_reg_277   |    1   |
|    icmp_ln767_reg_272    |    1   |
|   inverse_scale_reg_298  |   32   |
|max_abs_bits_1_loc_reg_251|   32   |
|      max_abs_reg_265     |   32   |
|      mul33_i_reg_288     |   32   |
|quantized_word_loc_reg_245|   480  |
|   select_ln772_reg_303   |   32   |
|       tmp_s_reg_260      |    8   |
+--------------------------+--------+
|           Total          |   690  |
+--------------------------+--------+

* Multiplexer (MUX) list: 
|--------------------------------------------------------------------------------|------|------|------|--------||---------||---------|
|                                      Comp                                      |  Pin | Size |  BW  | S x BW ||  Delay  ||   LUT   |
|--------------------------------------------------------------------------------|------|------|------|--------||---------||---------|
| grp_int4_swiglu_quantize_pe3_Pipeline_swiglu_word_loop_swiglu_lane_loop_fu_106 |  p2  |   2  |   8  |   16   ||    9    |
|    grp_int4_swiglu_quantize_pe3_Pipeline_swiglu_quantize_reverse_loop_fu_117   |  p2  |   2  |  32  |   64   ||    9    |
|                                   grp_fu_134                                   |  p0  |   2  |  32  |   64   ||    9    |
|--------------------------------------------------------------------------------|------|------|------|--------||---------||---------|
|                                      Total                                     |      |      |      |   144  ||  1.161  ||    27   |
|--------------------------------------------------------------------------------|------|------|------|--------||---------||---------|



* Summary:
+-----------+--------+--------+--------+--------+--------+
|           |  BRAM  |   DSP  |  Delay |   FF   |   LUT  |
+-----------+--------+--------+--------+--------+--------+
|  Function |    -   |   23   |    1   |  3720  |  2501  |
|   Memory  |    1   |    -   |    -   |    0   |    0   |
|Multiplexer|    -   |    -   |    1   |    -   |   27   |
|  Register |    -   |    -   |    -   |   690  |    -   |
+-----------+--------+--------+--------+--------+--------+
|   Total   |    1   |   23   |    3   |  4410  |  2528  |
+-----------+--------+--------+--------+--------+--------+
