

================================================================
== Vitis HLS Report for 'int4_write_outputs_8_Pipeline_write_output_direct_loop'
================================================================
* Date:           Tue Aug 11 09:17:32 2026

* Version:        2023.2 (Build 4023990 on Oct 11 2023)
* Project:        proj_int4_decoder_xo
* Solution:       solution1 (Vitis Kernel Flow Target)
* Product family: virtexuplus
* Target device:  xcu250-figd2104-2L-e


================================================================
== Performance Estimates
================================================================
+ Timing: 
    * Summary: 
    +--------+---------+----------+------------+
    |  Clock |  Target | Estimated| Uncertainty|
    +--------+---------+----------+------------+
    |ap_clk  |  3.33 ns|  2.220 ns|     0.90 ns|
    +--------+---------+----------+------------+

+ Latency: 
    * Summary: 
    +---------+---------+----------+----------+-----+-----+---------+
    |  Latency (cycles) |  Latency (absolute) |  Interval | Pipeline|
    |   min   |   max   |    min   |    max   | min | max |   Type  |
    +---------+---------+----------+----------+-----+-----+---------+
    |       67|      507|  0.223 us|  1.690 us|   67|  507|       no|
    +---------+---------+----------+----------+-----+-----+---------+

    + Detail: 
        * Instance: 
        N/A

        * Loop: 
        +----------------------------+---------+---------+----------+-----------+-----------+----------+----------+
        |                            |  Latency (cycles) | Iteration|  Initiation Interval  |   Trip   |          |
        |          Loop Name         |   min   |   max   |  Latency |  achieved |   target  |   Count  | Pipelined|
        +----------------------------+---------+---------+----------+-----------+-----------+----------+----------+
        |- write_output_direct_loop  |       65|      505|         3|          1|          1|  64 ~ 504|       yes|
        +----------------------------+---------+---------+----------+-----------+-----------+----------+----------+

============================================================
+ Verbose Summary: Synthesis Manager
============================================================
InlineROM: 1
ExposeGlobal: 0
============================================================
+ Verbose Summary: CDFG Model
============================================================
IsTopModel: 0
ResetActiveHigh: 1
IsCombinational: 0
IsDatapathOnly: 0
HasWiredReturn: 1
HasMFsm: 2
HasVarLatency: 1
IsPipeline: 0
IsRtlPipelined: 0
IsInstanceOverlapped: 0
IsDontTouch: 0
HasImplIP: 0
IsGatedGlobalClock: 0

+ Individual pipeline summary: 
  * Pipeline-0: initiation interval (II) = 1, depth = 3


============================================================
+ Verbose Summary: Schedule
============================================================
* Number of FSM states : 3
* Pipeline : 1
  Pipeline-0 : II = 1, D = 3, States = { 1 2 3 }
* Dataflow Pipeline: 0

* FSM state transitions: 
1 --> 2 
2 --> 3 
3 --> 

* FSM state operations: 

State 1 <SV = 0> <Delay = 1.48>
ST_1 : Operation 6 [1/1] (0.00ns)   --->   "%word_8 = alloca i32 1" [source/int4_linear_controller.cpp:704->source/int4_linear_controller.cpp:919]   --->   Operation 6 'alloca' 'word_8' <Predicate = true> <Delay = 0.00>
ST_1 : Operation 7 [1/1] (0.00ns)   --->   "%specmemcore_ln0 = specmemcore void @_ssdm_op_SpecMemCore, i512 %output_mem, i64 666, i64 24, i64 18446744073709551615"   --->   Operation 7 'specmemcore' 'specmemcore_ln0' <Predicate = true> <Delay = 0.00>
ST_1 : Operation 8 [1/1] (0.00ns)   --->   "%specmemcore_ln0 = specmemcore void @_ssdm_op_SpecMemCore, i512 %output_stream, i64 666, i64 8, i64 18446744073709551615"   --->   Operation 8 'specmemcore' 'specmemcore_ln0' <Predicate = true> <Delay = 0.00>
ST_1 : Operation 9 [1/1] (0.00ns)   --->   "%specinterface_ln0 = specinterface void @_ssdm_op_SpecInterface, i512 %output_stream, void @empty_447, i32 0, i32 0, void @empty_418, i32 0, i32 0, void @empty_418, void @empty_418, void @empty_418, i32 0, i32 0, i32 0, i32 0, void @empty_418, void @empty_418, i32 4294967295, i32 0"   --->   Operation 9 'specinterface' 'specinterface_ln0' <Predicate = true> <Delay = 0.00>
ST_1 : Operation 10 [1/1] (0.00ns)   --->   "%shl_ln_read = read i9 @_ssdm_op_Read.ap_auto.i9, i9 %shl_ln" [source/int4_linear_controller.cpp:690->source/int4_linear_controller.cpp:919]   --->   Operation 10 'read' 'shl_ln_read' <Predicate = true> <Delay = 0.00>
ST_1 : Operation 11 [1/1] (0.38ns)   --->   "%store_ln704 = store i9 0, i9 %word_8" [source/int4_linear_controller.cpp:704->source/int4_linear_controller.cpp:919]   --->   Operation 11 'store' 'store_ln704' <Predicate = true> <Delay = 0.38>
ST_1 : Operation 12 [1/1] (0.00ns)   --->   "%br_ln0 = br void %for.inc.i"   --->   Operation 12 'br' 'br_ln0' <Predicate = true> <Delay = 0.00>
ST_1 : Operation 13 [1/1] (0.00ns)   --->   "%word = load i9 %word_8" [source/int4_linear_controller.cpp:704->source/int4_linear_controller.cpp:919]   --->   Operation 13 'load' 'word' <Predicate = true> <Delay = 0.00>
ST_1 : Operation 14 [1/1] (0.71ns)   --->   "%icmp_ln704 = icmp_eq  i9 %word, i9 %shl_ln_read" [source/int4_linear_controller.cpp:704->source/int4_linear_controller.cpp:919]   --->   Operation 14 'icmp' 'icmp_ln704' <Predicate = true> <Delay = 0.71> <CoreInst = "Cmp">   --->   Core 9 'Cmp' <Latency = 0> <II = 1> <Delay = 0.71> <FuncUnit> <Opcode : 'icmp'> <InPorts = 2> <OutPorts = 1>
ST_1 : Operation 15 [1/1] (0.71ns)   --->   "%add_ln704 = add i9 %word, i9 1" [source/int4_linear_controller.cpp:704->source/int4_linear_controller.cpp:919]   --->   Operation 15 'add' 'add_ln704' <Predicate = true> <Delay = 0.71> <CoreInst = "Adder">   --->   Core 1 'Adder' <Latency = 0> <II = 1> <Delay = 0.71> <FuncUnit> <Opcode : 'add' 'sub'> <InPorts = 2> <OutPorts = 1>
ST_1 : Operation 16 [1/1] (0.00ns)   --->   "%br_ln704 = br i1 %icmp_ln704, void %for.inc.split.i, void %int4_write_outputs.8.exit.loopexit10.exitStub" [source/int4_linear_controller.cpp:704->source/int4_linear_controller.cpp:919]   --->   Operation 16 'br' 'br_ln704' <Predicate = true> <Delay = 0.00>
ST_1 : Operation 17 [1/1] (0.38ns)   --->   "%store_ln704 = store i9 %add_ln704, i9 %word_8" [source/int4_linear_controller.cpp:704->source/int4_linear_controller.cpp:919]   --->   Operation 17 'store' 'store_ln704' <Predicate = (!icmp_ln704)> <Delay = 0.38>

State 2 <SV = 1> <Delay = 1.21>
ST_2 : Operation 18 [1/1] (1.21ns)   --->   "%output_stream_read = read i512 @_ssdm_op_Read.ap_fifo.volatile.i512P0A, i512 %output_stream" [source/int4_linear_controller.cpp:708->source/int4_linear_controller.cpp:919]   --->   Operation 18 'read' 'output_stream_read' <Predicate = true> <Delay = 1.21> <CoreInst = "FIFO_BRAM">   --->   Core 79 'FIFO_BRAM' <Latency = 0> <II = 1> <Delay = 1.30> <Storage> <Opcode : 'read' 'write' 'nbread' 'nbwrite'> <Ports = 0> <Width = 512> <Depth = 16> <FIFO>
ST_2 : Operation 26 [1/1] (0.00ns)   --->   "%ret_ln0 = ret"   --->   Operation 26 'ret' 'ret_ln0' <Predicate = (icmp_ln704)> <Delay = 0.00>

State 3 <SV = 2> <Delay = 2.22>
ST_3 : Operation 19 [1/1] (0.00ns)   --->   "%zext_ln704 = zext i9 %word" [source/int4_linear_controller.cpp:704->source/int4_linear_controller.cpp:919]   --->   Operation 19 'zext' 'zext_ln704' <Predicate = true> <Delay = 0.00>
ST_3 : Operation 20 [1/1] (0.00ns)   --->   "%specpipeline_ln705 = specpipeline void @_ssdm_op_SpecPipeline, i32 1, i32 0, i32 0, i32 0, void @empty_418" [source/int4_linear_controller.cpp:705->source/int4_linear_controller.cpp:919]   --->   Operation 20 'specpipeline' 'specpipeline_ln705' <Predicate = true> <Delay = 0.00>
ST_3 : Operation 21 [1/1] (0.00ns)   --->   "%speclooptripcount_ln706 = speclooptripcount void @_ssdm_op_SpecLoopTripCount, i64 64, i64 504, i64 284" [source/int4_linear_controller.cpp:706->source/int4_linear_controller.cpp:919]   --->   Operation 21 'speclooptripcount' 'speclooptripcount_ln706' <Predicate = true> <Delay = 0.00>
ST_3 : Operation 22 [1/1] (0.00ns)   --->   "%specloopname_ln704 = specloopname void @_ssdm_op_SpecLoopName, void @empty_459" [source/int4_linear_controller.cpp:704->source/int4_linear_controller.cpp:919]   --->   Operation 22 'specloopname' 'specloopname_ln704' <Predicate = true> <Delay = 0.00>
ST_3 : Operation 23 [1/1] (0.00ns)   --->   "%output_mem_addr = getelementptr i512 %output_mem, i64 0, i64 %zext_ln704" [source/int4_linear_controller.cpp:709->source/int4_linear_controller.cpp:919]   --->   Operation 23 'getelementptr' 'output_mem_addr' <Predicate = true> <Delay = 0.00>
ST_3 : Operation 24 [1/1] (2.22ns)   --->   "%store_ln709 = store i512 %output_stream_read, i9 %output_mem_addr" [source/int4_linear_controller.cpp:709->source/int4_linear_controller.cpp:919]   --->   Operation 24 'store' 'store_ln709' <Predicate = true> <Delay = 2.22> <CoreInst = "RAM_2P_URAM">   --->   Core 95 'RAM_2P_URAM' <Latency = 1> <II = 1> <Delay = 2.22> <Storage> <Opcode : 'load' 'store'> <Ports = 2> <Width = 512> <Depth = 504> <RAM>
ST_3 : Operation 25 [1/1] (0.00ns)   --->   "%br_ln704 = br void %for.inc.i" [source/int4_linear_controller.cpp:704->source/int4_linear_controller.cpp:919]   --->   Operation 25 'br' 'br_ln704' <Predicate = true> <Delay = 0.00>


============================================================
+ Verbose Summary: Timing violations
============================================================
Target clock period: 3.333ns, clock uncertainty: 0.900ns.

 <State 1>: 1.489ns
The critical path consists of the following:
	'store' operation 0 bit ('store_ln704', source/int4_linear_controller.cpp:704->source/int4_linear_controller.cpp:919) of constant 0 on local variable 'word', source/int4_linear_controller.cpp:704->source/int4_linear_controller.cpp:919 [9]  (0.387 ns)
	'load' operation 9 bit ('word', source/int4_linear_controller.cpp:704->source/int4_linear_controller.cpp:919) on local variable 'word', source/int4_linear_controller.cpp:704->source/int4_linear_controller.cpp:919 [12]  (0.000 ns)
	'icmp' operation 1 bit ('icmp_ln704', source/int4_linear_controller.cpp:704->source/int4_linear_controller.cpp:919) [13]  (0.715 ns)
	'store' operation 0 bit ('store_ln704', source/int4_linear_controller.cpp:704->source/int4_linear_controller.cpp:919) of variable 'add_ln704', source/int4_linear_controller.cpp:704->source/int4_linear_controller.cpp:919 on local variable 'word', source/int4_linear_controller.cpp:704->source/int4_linear_controller.cpp:919 [24]  (0.387 ns)

 <State 2>: 1.217ns
The critical path consists of the following:
	fifo read operation ('output_stream_read', source/int4_linear_controller.cpp:708->source/int4_linear_controller.cpp:919) on port 'output_stream' (source/int4_linear_controller.cpp:708->source/int4_linear_controller.cpp:919) [21]  (1.217 ns)

 <State 3>: 2.220ns
The critical path consists of the following:
	'getelementptr' operation 9 bit ('output_mem_addr', source/int4_linear_controller.cpp:709->source/int4_linear_controller.cpp:919) [22]  (0.000 ns)
	'store' operation 0 bit ('store_ln709', source/int4_linear_controller.cpp:709->source/int4_linear_controller.cpp:919) of variable 'output_stream_read', source/int4_linear_controller.cpp:708->source/int4_linear_controller.cpp:919 on array 'output_mem' [23]  (2.220 ns)


============================================================
+ Verbose Summary: Binding
============================================================
N/A
* FSMD analyzer results:
  - Output states:
 - Input state : 
  - Chain level:
	State 1
	State 2
	State 3


============================================================
+ Verbose Summary: Datapath Resource usage 
============================================================
N/A
