

================================================================
== Vitis HLS Report for 'int4_run_four_pes'
================================================================
* Date:           Tue Aug 11 09:17:48 2026

* Version:        2023.2 (Build 4023990 on Oct 11 2023)
* Project:        proj_int4_decoder_xo
* Solution:       solution1 (Vitis Kernel Flow Target)
* Product family: virtexuplus
* Target device:  xcu250-figd2104-2L-e


================================================================
== Performance Estimates
================================================================
+ Timing: 
    * Summary: 
    +--------+---------+----------+------------+
    |  Clock |  Target | Estimated| Uncertainty|
    +--------+---------+----------+------------+
    |ap_clk  |  3.33 ns|  2.605 ns|     0.90 ns|
    +--------+---------+----------+------------+

+ Latency: 
    * Summary: 
    +---------+---------+----------+----------+-------+--------+----------+
    |  Latency (cycles) |  Latency (absolute) |    Interval    | Pipeline |
    |   min   |   max   |    min   |    max   |  min  |   max  |   Type   |
    +---------+---------+----------+----------+-------+--------+----------+
    |    32879|   693615|  0.110 ms|  2.312 ms|  32843|  693532|  dataflow|
    +---------+---------+----------+----------+-------+--------+----------+

    + Detail: 
        * Instance: 
        N/A

        * Loop: 
        N/A

============================================================
+ Verbose Summary: Synthesis Manager
============================================================
InlineROM: 1
ExposeGlobal: 0
============================================================
+ Verbose Summary: CDFG Model
============================================================
IsTopModel: 0
ResetActiveHigh: 1
IsCombinational: 2
IsDatapathOnly: 0
HasWiredReturn: 1
HasMFsm: 0
HasVarLatency: 1
IsPipeline: 0
IsRtlPipelined: 0
IsInstanceOverlapped: 0
IsDontTouch: 0
HasImplIP: 0
IsGatedGlobalClock: 0


============================================================
+ Verbose Summary: Schedule
============================================================
* Number of FSM states : 4
* Pipeline : 0
* Dataflow Pipeline: 1
  DF-Pipeline-0: Size = 4, States = { 1 2 3 4 }

* FSM state transitions: 
1 --> 2 
2 --> 3 
3 --> 4 
4 --> 

* FSM state operations: 

State 1 <SV = 0> <Delay = 1.21>
ST_1 : Operation 5 [1/1] (0.00ns)   --->   "%fuse_residual_read = read i1 @_ssdm_op_Read.ap_auto.i1, i1 %fuse_residual"   --->   Operation 5 'read' 'fuse_residual_read' <Predicate = true> <Delay = 0.00>
ST_1 : Operation 6 [1/1] (0.00ns)   --->   "%output_fxp_read = read i1 @_ssdm_op_Read.ap_auto.i1, i1 %output_fxp"   --->   Operation 6 'read' 'output_fxp_read' <Predicate = true> <Delay = 0.00>
ST_1 : Operation 7 [1/1] (0.00ns)   --->   "%input_tiles_read = read i6 @_ssdm_op_Read.ap_auto.i6, i6 %input_tiles"   --->   Operation 7 'read' 'input_tiles_read' <Predicate = true> <Delay = 0.00>
ST_1 : Operation 8 [1/1] (0.00ns)   --->   "%local_tiles_3_read = read i6 @_ssdm_op_Read.ap_auto.i6, i6 %local_tiles_3"   --->   Operation 8 'read' 'local_tiles_3_read' <Predicate = true> <Delay = 0.00>
ST_1 : Operation 9 [1/1] (0.00ns)   --->   "%local_tiles_2_read = read i6 @_ssdm_op_Read.ap_auto.i6, i6 %local_tiles_2"   --->   Operation 9 'read' 'local_tiles_2_read' <Predicate = true> <Delay = 0.00>
ST_1 : Operation 10 [1/1] (0.00ns)   --->   "%local_tiles_1_read = read i6 @_ssdm_op_Read.ap_auto.i6, i6 %local_tiles_1"   --->   Operation 10 'read' 'local_tiles_1_read' <Predicate = true> <Delay = 0.00>
ST_1 : Operation 11 [1/1] (0.00ns)   --->   "%local_tiles_0_read = read i6 @_ssdm_op_Read.ap_auto.i6, i6 %local_tiles_0"   --->   Operation 11 'read' 'local_tiles_0_read' <Predicate = true> <Delay = 0.00>
ST_1 : Operation 12 [1/1] (0.00ns)   --->   "%stream_activation_read = read i1 @_ssdm_op_Read.ap_auto.i1, i1 %stream_activation"   --->   Operation 12 'read' 'stream_activation_read' <Predicate = true> <Delay = 0.00>
ST_1 : Operation 13 [1/1] (0.00ns)   --->   "%quantized_pe0 = alloca i64 1" [source/int4_linear_controller.cpp:963]   --->   Operation 13 'alloca' 'quantized_pe0' <Predicate = true> <Delay = 0.00> <CoreInst = "FIFO_BRAM">   --->   Core 79 'FIFO_BRAM' <Latency = 0> <II = 1> <Delay = 1.31> <Storage> <Opcode : 'read' 'write' 'nbread' 'nbwrite'> <Ports = 0> <Width = 480> <Depth = 2> <FIFO>
ST_1 : Operation 14 [1/1] (0.00ns)   --->   "%quantized_pe1 = alloca i64 1" [source/int4_linear_controller.cpp:964]   --->   Operation 14 'alloca' 'quantized_pe1' <Predicate = true> <Delay = 0.00> <CoreInst = "FIFO_BRAM">   --->   Core 79 'FIFO_BRAM' <Latency = 0> <II = 1> <Delay = 1.31> <Storage> <Opcode : 'read' 'write' 'nbread' 'nbwrite'> <Ports = 0> <Width = 480> <Depth = 2> <FIFO>
ST_1 : Operation 15 [1/1] (0.00ns)   --->   "%quantized_pe2 = alloca i64 1" [source/int4_linear_controller.cpp:965]   --->   Operation 15 'alloca' 'quantized_pe2' <Predicate = true> <Delay = 0.00> <CoreInst = "FIFO_BRAM">   --->   Core 79 'FIFO_BRAM' <Latency = 0> <II = 1> <Delay = 1.31> <Storage> <Opcode : 'read' 'write' 'nbread' 'nbwrite'> <Ports = 0> <Width = 480> <Depth = 2> <FIFO>
ST_1 : Operation 16 [1/1] (0.00ns)   --->   "%quantized_pe3 = alloca i64 1" [source/int4_linear_controller.cpp:966]   --->   Operation 16 'alloca' 'quantized_pe3' <Predicate = true> <Delay = 0.00> <CoreInst = "FIFO_BRAM">   --->   Core 79 'FIFO_BRAM' <Latency = 0> <II = 1> <Delay = 1.31> <Storage> <Opcode : 'read' 'write' 'nbread' 'nbwrite'> <Ports = 0> <Width = 480> <Depth = 2> <FIFO>
ST_1 : Operation 17 [1/1] (0.00ns)   --->   "%activation_scale_pe0 = alloca i64 1" [source/int4_linear_controller.cpp:967]   --->   Operation 17 'alloca' 'activation_scale_pe0' <Predicate = true> <Delay = 0.00> <CoreInst = "FIFO_SRL">   --->   Core 81 'FIFO_SRL' <Latency = 0> <II = 1> <Delay = 1.39> <Storage> <Opcode : 'read' 'write' 'nbread' 'nbwrite'> <Ports = 0> <Width = 32> <Depth = 2> <FIFO>
ST_1 : Operation 18 [1/1] (0.00ns)   --->   "%activation_scale_pe1 = alloca i64 1" [source/int4_linear_controller.cpp:968]   --->   Operation 18 'alloca' 'activation_scale_pe1' <Predicate = true> <Delay = 0.00> <CoreInst = "FIFO_SRL">   --->   Core 81 'FIFO_SRL' <Latency = 0> <II = 1> <Delay = 1.39> <Storage> <Opcode : 'read' 'write' 'nbread' 'nbwrite'> <Ports = 0> <Width = 32> <Depth = 2> <FIFO>
ST_1 : Operation 19 [1/1] (0.00ns)   --->   "%activation_scale_pe2 = alloca i64 1" [source/int4_linear_controller.cpp:969]   --->   Operation 19 'alloca' 'activation_scale_pe2' <Predicate = true> <Delay = 0.00> <CoreInst = "FIFO_SRL">   --->   Core 81 'FIFO_SRL' <Latency = 0> <II = 1> <Delay = 1.39> <Storage> <Opcode : 'read' 'write' 'nbread' 'nbwrite'> <Ports = 0> <Width = 32> <Depth = 2> <FIFO>
ST_1 : Operation 20 [1/1] (0.00ns)   --->   "%activation_scale_pe3 = alloca i64 1" [source/int4_linear_controller.cpp:970]   --->   Operation 20 'alloca' 'activation_scale_pe3' <Predicate = true> <Delay = 0.00> <CoreInst = "FIFO_SRL">   --->   Core 81 'FIFO_SRL' <Latency = 0> <II = 1> <Delay = 1.39> <Storage> <Opcode : 'read' 'write' 'nbread' 'nbwrite'> <Ports = 0> <Width = 32> <Depth = 2> <FIFO>
ST_1 : Operation 21 [1/1] (0.00ns)   --->   "%linear_command_pe0 = alloca i64 1" [source/int4_linear_controller.cpp:971]   --->   Operation 21 'alloca' 'linear_command_pe0' <Predicate = true> <Delay = 0.00> <CoreInst = "FIFO_SRL">   --->   Core 81 'FIFO_SRL' <Latency = 0> <II = 1> <Delay = 1.34> <Storage> <Opcode : 'read' 'write' 'nbread' 'nbwrite'> <Ports = 0> <Width = 14> <Depth = 2> <FIFO>
ST_1 : Operation 22 [1/1] (0.00ns)   --->   "%linear_command_pe1 = alloca i64 1" [source/int4_linear_controller.cpp:972]   --->   Operation 22 'alloca' 'linear_command_pe1' <Predicate = true> <Delay = 0.00> <CoreInst = "FIFO_SRL">   --->   Core 81 'FIFO_SRL' <Latency = 0> <II = 1> <Delay = 1.34> <Storage> <Opcode : 'read' 'write' 'nbread' 'nbwrite'> <Ports = 0> <Width = 14> <Depth = 2> <FIFO>
ST_1 : Operation 23 [1/1] (0.00ns)   --->   "%linear_command_pe2 = alloca i64 1" [source/int4_linear_controller.cpp:973]   --->   Operation 23 'alloca' 'linear_command_pe2' <Predicate = true> <Delay = 0.00> <CoreInst = "FIFO_SRL">   --->   Core 81 'FIFO_SRL' <Latency = 0> <II = 1> <Delay = 1.34> <Storage> <Opcode : 'read' 'write' 'nbread' 'nbwrite'> <Ports = 0> <Width = 14> <Depth = 2> <FIFO>
ST_1 : Operation 24 [1/1] (0.00ns)   --->   "%linear_command_pe3 = alloca i64 1" [source/int4_linear_controller.cpp:974]   --->   Operation 24 'alloca' 'linear_command_pe3' <Predicate = true> <Delay = 0.00> <CoreInst = "FIFO_SRL">   --->   Core 81 'FIFO_SRL' <Latency = 0> <II = 1> <Delay = 1.34> <Storage> <Opcode : 'read' 'write' 'nbread' 'nbwrite'> <Ports = 0> <Width = 14> <Depth = 2> <FIFO>
ST_1 : Operation 25 [1/1] (1.21ns)   --->   "%call_ln1000 = call void @int4_broadcast_linear_commands, i14 %linear_command_pe0, i14 %linear_command_pe1, i14 %linear_command_pe2, i14 %linear_command_pe3, i6 %local_tiles_0_read, i6 %local_tiles_1_read, i6 %local_tiles_2_read, i6 %local_tiles_3_read, i6 %input_tiles_read, i1 %output_fxp_read, i1 %fuse_residual_read" [source/int4_linear_controller.cpp:1000]   --->   Operation 25 'call' 'call_ln1000' <Predicate = true> <Delay = 1.21> <CoreType = "Generic">   --->   Core 0 '' <Latency = 0> <II = 1> <Delay = 1.00> <Generic> <Opcode : >
ST_1 : Operation 26 [2/2] (0.70ns)   --->   "%call_ln1007 = call void @int4_broadcast_activation, i480 %quantized, i512 %packed_scales, i480 %quantized_stream, i32 %scale_stream, i1 %stream_activation_read, i480 %quantized_pe0, i480 %quantized_pe1, i480 %quantized_pe2, i480 %quantized_pe3, i32 %activation_scale_pe0, i32 %activation_scale_pe1, i32 %activation_scale_pe2, i32 %activation_scale_pe3, i6 %local_tiles_0_read, i6 %local_tiles_1_read, i6 %local_tiles_2_read, i6 %local_tiles_3_read, i6 %input_tiles_read" [source/int4_linear_controller.cpp:1007]   --->   Operation 26 'call' 'call_ln1007' <Predicate = true> <Delay = 0.70> <CoreType = "Generic">   --->   Core 0 '' <Latency = 0> <II = 1> <Delay = 1.00> <Generic> <Opcode : >

State 2 <SV = 1> <Delay = 0.00>
ST_2 : Operation 27 [1/2] (0.00ns)   --->   "%call_ln1007 = call void @int4_broadcast_activation, i480 %quantized, i512 %packed_scales, i480 %quantized_stream, i32 %scale_stream, i1 %stream_activation_read, i480 %quantized_pe0, i480 %quantized_pe1, i480 %quantized_pe2, i480 %quantized_pe3, i32 %activation_scale_pe0, i32 %activation_scale_pe1, i32 %activation_scale_pe2, i32 %activation_scale_pe3, i6 %local_tiles_0_read, i6 %local_tiles_1_read, i6 %local_tiles_2_read, i6 %local_tiles_3_read, i6 %input_tiles_read" [source/int4_linear_controller.cpp:1007]   --->   Operation 27 'call' 'call_ln1007' <Predicate = true> <Delay = 0.00> <CoreType = "Generic">   --->   Core 0 '' <Latency = 0> <II = 1> <Delay = 1.00> <Generic> <Opcode : >

State 3 <SV = 2> <Delay = 2.41>
ST_3 : Operation 28 [1/1] (0.00ns)   --->   "%idx7_read = read i11 @_ssdm_op_Read.ap_auto.i11, i11 %idx7"   --->   Operation 28 'read' 'idx7_read' <Predicate = true> <Delay = 0.00>
ST_3 : Operation 29 [1/1] (0.00ns)   --->   "%idx6_read = read i11 @_ssdm_op_Read.ap_auto.i11, i11 %idx6"   --->   Operation 29 'read' 'idx6_read' <Predicate = true> <Delay = 0.00>
ST_3 : Operation 30 [1/1] (0.00ns)   --->   "%idx5_read = read i11 @_ssdm_op_Read.ap_auto.i11, i11 %idx5"   --->   Operation 30 'read' 'idx5_read' <Predicate = true> <Delay = 0.00>
ST_3 : Operation 31 [1/1] (0.00ns)   --->   "%idx4_read = read i11 @_ssdm_op_Read.ap_auto.i11, i11 %idx4"   --->   Operation 31 'read' 'idx4_read' <Predicate = true> <Delay = 0.00>
ST_3 : Operation 32 [1/1] (0.00ns)   --->   "%idx3_read = read i25 @_ssdm_op_Read.ap_auto.i25, i25 %idx3"   --->   Operation 32 'read' 'idx3_read' <Predicate = true> <Delay = 0.00>
ST_3 : Operation 33 [1/1] (0.00ns)   --->   "%idx2_read = read i25 @_ssdm_op_Read.ap_auto.i25, i25 %idx2"   --->   Operation 33 'read' 'idx2_read' <Predicate = true> <Delay = 0.00>
ST_3 : Operation 34 [1/1] (0.00ns)   --->   "%idx1_read = read i25 @_ssdm_op_Read.ap_auto.i25, i25 %idx1"   --->   Operation 34 'read' 'idx1_read' <Predicate = true> <Delay = 0.00>
ST_3 : Operation 35 [1/1] (0.00ns)   --->   "%idx_read = read i25 @_ssdm_op_Read.ap_auto.i25, i25 %idx"   --->   Operation 35 'read' 'idx_read' <Predicate = true> <Delay = 0.00>
ST_3 : Operation 36 [1/1] (0.00ns)   --->   "%weight_pe3_read = read i64 @_ssdm_op_Read.ap_auto.i64, i64 %weight_pe3"   --->   Operation 36 'read' 'weight_pe3_read' <Predicate = true> <Delay = 0.00>
ST_3 : Operation 37 [1/1] (0.00ns)   --->   "%weight_pe2_read = read i64 @_ssdm_op_Read.ap_auto.i64, i64 %weight_pe2"   --->   Operation 37 'read' 'weight_pe2_read' <Predicate = true> <Delay = 0.00>
ST_3 : Operation 38 [1/1] (0.00ns)   --->   "%weight_pe1_read = read i64 @_ssdm_op_Read.ap_auto.i64, i64 %weight_pe1"   --->   Operation 38 'read' 'weight_pe1_read' <Predicate = true> <Delay = 0.00>
ST_3 : Operation 39 [1/1] (0.00ns)   --->   "%weight_pe0_read = read i64 @_ssdm_op_Read.ap_auto.i64, i64 %weight_pe0"   --->   Operation 39 'read' 'weight_pe0_read' <Predicate = true> <Delay = 0.00>
ST_3 : Operation 40 [2/2] (2.41ns)   --->   "%call_ln1025 = call void @int4_run_pe_dataflow<0>, i512 %gmem0, i64 %weight_pe0_read, i480 %quantized_pe0, i32 %activation_scale_pe0, i14 %linear_command_pe0, i512 %output_pe0, i25 %idx_read, i11 %idx4_read, i512 %model_scale_cache0" [source/int4_linear_controller.cpp:1025]   --->   Operation 40 'call' 'call_ln1025' <Predicate = true> <Delay = 2.41> <CoreType = "Generic">   --->   Core 0 '' <Latency = 0> <II = 1> <Delay = 1.00> <Generic> <Opcode : >
ST_3 : Operation 41 [2/2] (2.41ns)   --->   "%call_ln1029 = call void @int4_run_pe_dataflow<1>, i512 %gmem1, i64 %weight_pe1_read, i480 %quantized_pe1, i32 %activation_scale_pe1, i14 %linear_command_pe1, i512 %output_pe1, i25 %idx1_read, i11 %idx5_read, i512 %model_scale_cache1" [source/int4_linear_controller.cpp:1029]   --->   Operation 41 'call' 'call_ln1029' <Predicate = true> <Delay = 2.41> <CoreType = "Generic">   --->   Core 0 '' <Latency = 0> <II = 1> <Delay = 1.00> <Generic> <Opcode : >
ST_3 : Operation 42 [2/2] (2.41ns)   --->   "%call_ln1033 = call void @int4_run_pe_dataflow<2>, i512 %gmem2, i64 %weight_pe2_read, i480 %quantized_pe2, i32 %activation_scale_pe2, i14 %linear_command_pe2, i512 %output_pe2, i25 %idx2_read, i11 %idx6_read, i512 %model_scale_cache2" [source/int4_linear_controller.cpp:1033]   --->   Operation 42 'call' 'call_ln1033' <Predicate = true> <Delay = 2.41> <CoreType = "Generic">   --->   Core 0 '' <Latency = 0> <II = 1> <Delay = 1.00> <Generic> <Opcode : >
ST_3 : Operation 43 [2/2] (2.41ns)   --->   "%call_ln1037 = call void @int4_run_pe_dataflow<3>, i512 %gmem3, i64 %weight_pe3_read, i480 %quantized_pe3, i32 %activation_scale_pe3, i14 %linear_command_pe3, i512 %output_pe3, i25 %idx3_read, i11 %idx7_read, i512 %model_scale_cache3" [source/int4_linear_controller.cpp:1037]   --->   Operation 43 'call' 'call_ln1037' <Predicate = true> <Delay = 2.41> <CoreType = "Generic">   --->   Core 0 '' <Latency = 0> <II = 1> <Delay = 1.00> <Generic> <Opcode : >

State 4 <SV = 3> <Delay = 0.00>
ST_4 : Operation 44 [1/1] (0.00ns)   --->   "%specdataflowpipeline_ln0 = specdataflowpipeline void @_ssdm_op_SpecDataflowPipeline, i32 4294967295, i32 1, void @empty_418"   --->   Operation 44 'specdataflowpipeline' 'specdataflowpipeline_ln0' <Predicate = true> <Delay = 0.00>
ST_4 : Operation 45 [1/1] (0.00ns)   --->   "%specmemcore_ln0 = specmemcore void @_ssdm_op_SpecMemCore, i512 %packed_scales, i64 666, i64 18, i64 18446744073709551615"   --->   Operation 45 'specmemcore' 'specmemcore_ln0' <Predicate = true> <Delay = 0.00>
ST_4 : Operation 46 [1/1] (0.00ns)   --->   "%specmemcore_ln0 = specmemcore void @_ssdm_op_SpecMemCore, i480 %quantized, i64 666, i64 18, i64 18446744073709551615"   --->   Operation 46 'specmemcore' 'specmemcore_ln0' <Predicate = true> <Delay = 0.00>
ST_4 : Operation 47 [1/1] (0.00ns)   --->   "%specmemcore_ln0 = specmemcore void @_ssdm_op_SpecMemCore, i512 %output_pe3, i64 666, i64 24, i64 18446744073709551615"   --->   Operation 47 'specmemcore' 'specmemcore_ln0' <Predicate = true> <Delay = 0.00>
ST_4 : Operation 48 [1/1] (0.00ns)   --->   "%specmemcore_ln0 = specmemcore void @_ssdm_op_SpecMemCore, i512 %output_pe2, i64 666, i64 24, i64 18446744073709551615"   --->   Operation 48 'specmemcore' 'specmemcore_ln0' <Predicate = true> <Delay = 0.00>
ST_4 : Operation 49 [1/1] (0.00ns)   --->   "%specmemcore_ln0 = specmemcore void @_ssdm_op_SpecMemCore, i512 %output_pe1, i64 666, i64 24, i64 18446744073709551615"   --->   Operation 49 'specmemcore' 'specmemcore_ln0' <Predicate = true> <Delay = 0.00>
ST_4 : Operation 50 [1/1] (0.00ns)   --->   "%specmemcore_ln0 = specmemcore void @_ssdm_op_SpecMemCore, i512 %output_pe0, i64 666, i64 24, i64 18446744073709551615"   --->   Operation 50 'specmemcore' 'specmemcore_ln0' <Predicate = true> <Delay = 0.00>
ST_4 : Operation 51 [1/1] (0.00ns)   --->   "%specmemcore_ln0 = specmemcore void @_ssdm_op_SpecMemCore, i480 %quantized_stream, i64 666, i64 8, i64 18446744073709551615"   --->   Operation 51 'specmemcore' 'specmemcore_ln0' <Predicate = true> <Delay = 0.00>
ST_4 : Operation 52 [1/1] (0.00ns)   --->   "%specmemcore_ln0 = specmemcore void @_ssdm_op_SpecMemCore, i32 %scale_stream, i64 666, i64 10, i64 18446744073709551615"   --->   Operation 52 'specmemcore' 'specmemcore_ln0' <Predicate = true> <Delay = 0.00>
ST_4 : Operation 53 [1/1] (0.00ns)   --->   "%specinterface_ln0 = specinterface void @_ssdm_op_SpecInterface, i512 %gmem3, void @empty_417, i32 0, i32 0, void @empty_418, i32 64, i32 13043328, void @empty_423, void @empty_420, void @empty_418, i32 8, i32 2, i32 256, i32 64, void @empty_418, void @empty_418, i32 4294967295, i32 0"   --->   Operation 53 'specinterface' 'specinterface_ln0' <Predicate = true> <Delay = 0.00>
ST_4 : Operation 54 [1/1] (0.00ns)   --->   "%specinterface_ln0 = specinterface void @_ssdm_op_SpecInterface, i512 %gmem2, void @empty_417, i32 0, i32 0, void @empty_418, i32 64, i32 13043328, void @empty_422, void @empty_420, void @empty_418, i32 8, i32 2, i32 256, i32 64, void @empty_418, void @empty_418, i32 4294967295, i32 0"   --->   Operation 54 'specinterface' 'specinterface_ln0' <Predicate = true> <Delay = 0.00>
ST_4 : Operation 55 [1/1] (0.00ns)   --->   "%specinterface_ln0 = specinterface void @_ssdm_op_SpecInterface, i512 %gmem1, void @empty_417, i32 0, i32 0, void @empty_418, i32 64, i32 13043328, void @empty_421, void @empty_420, void @empty_418, i32 8, i32 2, i32 256, i32 64, void @empty_418, void @empty_418, i32 4294967295, i32 0"   --->   Operation 55 'specinterface' 'specinterface_ln0' <Predicate = true> <Delay = 0.00>
ST_4 : Operation 56 [1/1] (0.00ns)   --->   "%specinterface_ln0 = specinterface void @_ssdm_op_SpecInterface, i512 %gmem0, void @empty_417, i32 0, i32 0, void @empty_418, i32 64, i32 13043328, void @empty_419, void @empty_420, void @empty_418, i32 8, i32 2, i32 256, i32 64, void @empty_418, void @empty_418, i32 4294967295, i32 0"   --->   Operation 56 'specinterface' 'specinterface_ln0' <Predicate = true> <Delay = 0.00>
ST_4 : Operation 57 [1/1] (0.00ns)   --->   "%specinterface_ln0 = specinterface void @_ssdm_op_SpecInterface, i480 %quantized_stream, void @empty_447, i32 0, i32 0, void @empty_418, i32 0, i32 0, void @empty_418, void @empty_418, void @empty_418, i32 0, i32 0, i32 0, i32 0, void @empty_418, void @empty_418, i32 4294967295, i32 0"   --->   Operation 57 'specinterface' 'specinterface_ln0' <Predicate = true> <Delay = 0.00>
ST_4 : Operation 58 [1/1] (0.00ns)   --->   "%specinterface_ln0 = specinterface void @_ssdm_op_SpecInterface, i32 %scale_stream, void @empty_447, i32 0, i32 0, void @empty_418, i32 0, i32 0, void @empty_418, void @empty_418, void @empty_418, i32 0, i32 0, i32 0, i32 0, void @empty_418, void @empty_418, i32 4294967295, i32 0"   --->   Operation 58 'specinterface' 'specinterface_ln0' <Predicate = true> <Delay = 0.00>
ST_4 : Operation 59 [1/1] (0.00ns)   --->   "%empty = specchannel i32 @_ssdm_op_SpecChannel, void @quantized_pe0_str, i32 1, void @p_str, void @p_str, i32 2, i32 2, i480 %quantized_pe0, i480 %quantized_pe0"   --->   Operation 59 'specchannel' 'empty' <Predicate = true> <Delay = 0.00>
ST_4 : Operation 60 [1/1] (0.00ns)   --->   "%specmemcore_ln987 = specmemcore void @_ssdm_op_SpecMemCore, i480 %quantized_pe0, i64 666, i64 8, i64 18446744073709551615" [source/int4_linear_controller.cpp:987]   --->   Operation 60 'specmemcore' 'specmemcore_ln987' <Predicate = true> <Delay = 0.00>
ST_4 : Operation 61 [1/1] (0.00ns)   --->   "%specinterface_ln0 = specinterface void @_ssdm_op_SpecInterface, i480 %quantized_pe0, void @empty_447, i32 0, i32 0, void @empty_418, i32 0, i32 0, void @empty_418, void @empty_418, void @empty_418, i32 0, i32 0, i32 0, i32 0, void @empty_418, void @empty_418, i32 4294967295, i32 0"   --->   Operation 61 'specinterface' 'specinterface_ln0' <Predicate = true> <Delay = 0.00>
ST_4 : Operation 62 [1/1] (0.00ns)   --->   "%empty_905 = specchannel i32 @_ssdm_op_SpecChannel, void @quantized_pe1_str, i32 1, void @p_str, void @p_str, i32 2, i32 2, i480 %quantized_pe1, i480 %quantized_pe1"   --->   Operation 62 'specchannel' 'empty_905' <Predicate = true> <Delay = 0.00>
ST_4 : Operation 63 [1/1] (0.00ns)   --->   "%specmemcore_ln988 = specmemcore void @_ssdm_op_SpecMemCore, i480 %quantized_pe1, i64 666, i64 8, i64 18446744073709551615" [source/int4_linear_controller.cpp:988]   --->   Operation 63 'specmemcore' 'specmemcore_ln988' <Predicate = true> <Delay = 0.00>
ST_4 : Operation 64 [1/1] (0.00ns)   --->   "%specinterface_ln0 = specinterface void @_ssdm_op_SpecInterface, i480 %quantized_pe1, void @empty_447, i32 0, i32 0, void @empty_418, i32 0, i32 0, void @empty_418, void @empty_418, void @empty_418, i32 0, i32 0, i32 0, i32 0, void @empty_418, void @empty_418, i32 4294967295, i32 0"   --->   Operation 64 'specinterface' 'specinterface_ln0' <Predicate = true> <Delay = 0.00>
ST_4 : Operation 65 [1/1] (0.00ns)   --->   "%empty_906 = specchannel i32 @_ssdm_op_SpecChannel, void @quantized_pe2_str, i32 1, void @p_str, void @p_str, i32 2, i32 2, i480 %quantized_pe2, i480 %quantized_pe2"   --->   Operation 65 'specchannel' 'empty_906' <Predicate = true> <Delay = 0.00>
ST_4 : Operation 66 [1/1] (0.00ns)   --->   "%specmemcore_ln989 = specmemcore void @_ssdm_op_SpecMemCore, i480 %quantized_pe2, i64 666, i64 8, i64 18446744073709551615" [source/int4_linear_controller.cpp:989]   --->   Operation 66 'specmemcore' 'specmemcore_ln989' <Predicate = true> <Delay = 0.00>
ST_4 : Operation 67 [1/1] (0.00ns)   --->   "%specinterface_ln0 = specinterface void @_ssdm_op_SpecInterface, i480 %quantized_pe2, void @empty_447, i32 0, i32 0, void @empty_418, i32 0, i32 0, void @empty_418, void @empty_418, void @empty_418, i32 0, i32 0, i32 0, i32 0, void @empty_418, void @empty_418, i32 4294967295, i32 0"   --->   Operation 67 'specinterface' 'specinterface_ln0' <Predicate = true> <Delay = 0.00>
ST_4 : Operation 68 [1/1] (0.00ns)   --->   "%empty_907 = specchannel i32 @_ssdm_op_SpecChannel, void @quantized_pe3_str, i32 1, void @p_str, void @p_str, i32 2, i32 2, i480 %quantized_pe3, i480 %quantized_pe3"   --->   Operation 68 'specchannel' 'empty_907' <Predicate = true> <Delay = 0.00>
ST_4 : Operation 69 [1/1] (0.00ns)   --->   "%specmemcore_ln990 = specmemcore void @_ssdm_op_SpecMemCore, i480 %quantized_pe3, i64 666, i64 8, i64 18446744073709551615" [source/int4_linear_controller.cpp:990]   --->   Operation 69 'specmemcore' 'specmemcore_ln990' <Predicate = true> <Delay = 0.00>
ST_4 : Operation 70 [1/1] (0.00ns)   --->   "%specinterface_ln0 = specinterface void @_ssdm_op_SpecInterface, i480 %quantized_pe3, void @empty_447, i32 0, i32 0, void @empty_418, i32 0, i32 0, void @empty_418, void @empty_418, void @empty_418, i32 0, i32 0, i32 0, i32 0, void @empty_418, void @empty_418, i32 4294967295, i32 0"   --->   Operation 70 'specinterface' 'specinterface_ln0' <Predicate = true> <Delay = 0.00>
ST_4 : Operation 71 [1/1] (0.00ns)   --->   "%empty_908 = specchannel i32 @_ssdm_op_SpecChannel, void @activation_scale_pe0_str, i32 1, void @p_str, void @p_str, i32 2, i32 2, i32 %activation_scale_pe0, i32 %activation_scale_pe0"   --->   Operation 71 'specchannel' 'empty_908' <Predicate = true> <Delay = 0.00>
ST_4 : Operation 72 [1/1] (0.00ns)   --->   "%specmemcore_ln991 = specmemcore void @_ssdm_op_SpecMemCore, i32 %activation_scale_pe0, i64 666, i64 10, i64 18446744073709551615" [source/int4_linear_controller.cpp:991]   --->   Operation 72 'specmemcore' 'specmemcore_ln991' <Predicate = true> <Delay = 0.00>
ST_4 : Operation 73 [1/1] (0.00ns)   --->   "%specinterface_ln0 = specinterface void @_ssdm_op_SpecInterface, i32 %activation_scale_pe0, void @empty_447, i32 0, i32 0, void @empty_418, i32 0, i32 0, void @empty_418, void @empty_418, void @empty_418, i32 0, i32 0, i32 0, i32 0, void @empty_418, void @empty_418, i32 4294967295, i32 0"   --->   Operation 73 'specinterface' 'specinterface_ln0' <Predicate = true> <Delay = 0.00>
ST_4 : Operation 74 [1/1] (0.00ns)   --->   "%empty_909 = specchannel i32 @_ssdm_op_SpecChannel, void @activation_scale_pe1_str, i32 1, void @p_str, void @p_str, i32 2, i32 2, i32 %activation_scale_pe1, i32 %activation_scale_pe1"   --->   Operation 74 'specchannel' 'empty_909' <Predicate = true> <Delay = 0.00>
ST_4 : Operation 75 [1/1] (0.00ns)   --->   "%specmemcore_ln992 = specmemcore void @_ssdm_op_SpecMemCore, i32 %activation_scale_pe1, i64 666, i64 10, i64 18446744073709551615" [source/int4_linear_controller.cpp:992]   --->   Operation 75 'specmemcore' 'specmemcore_ln992' <Predicate = true> <Delay = 0.00>
ST_4 : Operation 76 [1/1] (0.00ns)   --->   "%specinterface_ln0 = specinterface void @_ssdm_op_SpecInterface, i32 %activation_scale_pe1, void @empty_447, i32 0, i32 0, void @empty_418, i32 0, i32 0, void @empty_418, void @empty_418, void @empty_418, i32 0, i32 0, i32 0, i32 0, void @empty_418, void @empty_418, i32 4294967295, i32 0"   --->   Operation 76 'specinterface' 'specinterface_ln0' <Predicate = true> <Delay = 0.00>
ST_4 : Operation 77 [1/1] (0.00ns)   --->   "%empty_910 = specchannel i32 @_ssdm_op_SpecChannel, void @activation_scale_pe2_str, i32 1, void @p_str, void @p_str, i32 2, i32 2, i32 %activation_scale_pe2, i32 %activation_scale_pe2"   --->   Operation 77 'specchannel' 'empty_910' <Predicate = true> <Delay = 0.00>
ST_4 : Operation 78 [1/1] (0.00ns)   --->   "%specmemcore_ln993 = specmemcore void @_ssdm_op_SpecMemCore, i32 %activation_scale_pe2, i64 666, i64 10, i64 18446744073709551615" [source/int4_linear_controller.cpp:993]   --->   Operation 78 'specmemcore' 'specmemcore_ln993' <Predicate = true> <Delay = 0.00>
ST_4 : Operation 79 [1/1] (0.00ns)   --->   "%specinterface_ln0 = specinterface void @_ssdm_op_SpecInterface, i32 %activation_scale_pe2, void @empty_447, i32 0, i32 0, void @empty_418, i32 0, i32 0, void @empty_418, void @empty_418, void @empty_418, i32 0, i32 0, i32 0, i32 0, void @empty_418, void @empty_418, i32 4294967295, i32 0"   --->   Operation 79 'specinterface' 'specinterface_ln0' <Predicate = true> <Delay = 0.00>
ST_4 : Operation 80 [1/1] (0.00ns)   --->   "%empty_911 = specchannel i32 @_ssdm_op_SpecChannel, void @activation_scale_pe3_str, i32 1, void @p_str, void @p_str, i32 2, i32 2, i32 %activation_scale_pe3, i32 %activation_scale_pe3"   --->   Operation 80 'specchannel' 'empty_911' <Predicate = true> <Delay = 0.00>
ST_4 : Operation 81 [1/1] (0.00ns)   --->   "%specmemcore_ln994 = specmemcore void @_ssdm_op_SpecMemCore, i32 %activation_scale_pe3, i64 666, i64 10, i64 18446744073709551615" [source/int4_linear_controller.cpp:994]   --->   Operation 81 'specmemcore' 'specmemcore_ln994' <Predicate = true> <Delay = 0.00>
ST_4 : Operation 82 [1/1] (0.00ns)   --->   "%specinterface_ln0 = specinterface void @_ssdm_op_SpecInterface, i32 %activation_scale_pe3, void @empty_447, i32 0, i32 0, void @empty_418, i32 0, i32 0, void @empty_418, void @empty_418, void @empty_418, i32 0, i32 0, i32 0, i32 0, void @empty_418, void @empty_418, i32 4294967295, i32 0"   --->   Operation 82 'specinterface' 'specinterface_ln0' <Predicate = true> <Delay = 0.00>
ST_4 : Operation 83 [1/1] (0.00ns)   --->   "%empty_912 = specchannel i32 @_ssdm_op_SpecChannel, void @linear_command_pe0_str, i32 1, void @p_str, void @p_str, i32 2, i32 2, i14 %linear_command_pe0, i14 %linear_command_pe0"   --->   Operation 83 'specchannel' 'empty_912' <Predicate = true> <Delay = 0.00>
ST_4 : Operation 84 [1/1] (0.00ns)   --->   "%specmemcore_ln995 = specmemcore void @_ssdm_op_SpecMemCore, i14 %linear_command_pe0, i64 666, i64 10, i64 18446744073709551615" [source/int4_linear_controller.cpp:995]   --->   Operation 84 'specmemcore' 'specmemcore_ln995' <Predicate = true> <Delay = 0.00>
ST_4 : Operation 85 [1/1] (0.00ns)   --->   "%specinterface_ln0 = specinterface void @_ssdm_op_SpecInterface, i14 %linear_command_pe0, void @empty_447, i32 0, i32 0, void @empty_418, i32 0, i32 0, void @empty_418, void @empty_418, void @empty_418, i32 0, i32 0, i32 0, i32 0, void @empty_418, void @empty_418, i32 4294967295, i32 0"   --->   Operation 85 'specinterface' 'specinterface_ln0' <Predicate = true> <Delay = 0.00>
ST_4 : Operation 86 [1/1] (0.00ns)   --->   "%empty_913 = specchannel i32 @_ssdm_op_SpecChannel, void @linear_command_pe1_str, i32 1, void @p_str, void @p_str, i32 2, i32 2, i14 %linear_command_pe1, i14 %linear_command_pe1"   --->   Operation 86 'specchannel' 'empty_913' <Predicate = true> <Delay = 0.00>
ST_4 : Operation 87 [1/1] (0.00ns)   --->   "%specmemcore_ln996 = specmemcore void @_ssdm_op_SpecMemCore, i14 %linear_command_pe1, i64 666, i64 10, i64 18446744073709551615" [source/int4_linear_controller.cpp:996]   --->   Operation 87 'specmemcore' 'specmemcore_ln996' <Predicate = true> <Delay = 0.00>
ST_4 : Operation 88 [1/1] (0.00ns)   --->   "%specinterface_ln0 = specinterface void @_ssdm_op_SpecInterface, i14 %linear_command_pe1, void @empty_447, i32 0, i32 0, void @empty_418, i32 0, i32 0, void @empty_418, void @empty_418, void @empty_418, i32 0, i32 0, i32 0, i32 0, void @empty_418, void @empty_418, i32 4294967295, i32 0"   --->   Operation 88 'specinterface' 'specinterface_ln0' <Predicate = true> <Delay = 0.00>
ST_4 : Operation 89 [1/1] (0.00ns)   --->   "%empty_914 = specchannel i32 @_ssdm_op_SpecChannel, void @linear_command_pe2_str, i32 1, void @p_str, void @p_str, i32 2, i32 2, i14 %linear_command_pe2, i14 %linear_command_pe2"   --->   Operation 89 'specchannel' 'empty_914' <Predicate = true> <Delay = 0.00>
ST_4 : Operation 90 [1/1] (0.00ns)   --->   "%specmemcore_ln997 = specmemcore void @_ssdm_op_SpecMemCore, i14 %linear_command_pe2, i64 666, i64 10, i64 18446744073709551615" [source/int4_linear_controller.cpp:997]   --->   Operation 90 'specmemcore' 'specmemcore_ln997' <Predicate = true> <Delay = 0.00>
ST_4 : Operation 91 [1/1] (0.00ns)   --->   "%specinterface_ln0 = specinterface void @_ssdm_op_SpecInterface, i14 %linear_command_pe2, void @empty_447, i32 0, i32 0, void @empty_418, i32 0, i32 0, void @empty_418, void @empty_418, void @empty_418, i32 0, i32 0, i32 0, i32 0, void @empty_418, void @empty_418, i32 4294967295, i32 0"   --->   Operation 91 'specinterface' 'specinterface_ln0' <Predicate = true> <Delay = 0.00>
ST_4 : Operation 92 [1/1] (0.00ns)   --->   "%empty_915 = specchannel i32 @_ssdm_op_SpecChannel, void @linear_command_pe3_str, i32 1, void @p_str, void @p_str, i32 2, i32 2, i14 %linear_command_pe3, i14 %linear_command_pe3"   --->   Operation 92 'specchannel' 'empty_915' <Predicate = true> <Delay = 0.00>
ST_4 : Operation 93 [1/1] (0.00ns)   --->   "%specmemcore_ln998 = specmemcore void @_ssdm_op_SpecMemCore, i14 %linear_command_pe3, i64 666, i64 10, i64 18446744073709551615" [source/int4_linear_controller.cpp:998]   --->   Operation 93 'specmemcore' 'specmemcore_ln998' <Predicate = true> <Delay = 0.00>
ST_4 : Operation 94 [1/1] (0.00ns)   --->   "%specinterface_ln0 = specinterface void @_ssdm_op_SpecInterface, i14 %linear_command_pe3, void @empty_447, i32 0, i32 0, void @empty_418, i32 0, i32 0, void @empty_418, void @empty_418, void @empty_418, i32 0, i32 0, i32 0, i32 0, void @empty_418, void @empty_418, i32 4294967295, i32 0"   --->   Operation 94 'specinterface' 'specinterface_ln0' <Predicate = true> <Delay = 0.00>
ST_4 : Operation 95 [1/2] (0.00ns)   --->   "%call_ln1025 = call void @int4_run_pe_dataflow<0>, i512 %gmem0, i64 %weight_pe0_read, i480 %quantized_pe0, i32 %activation_scale_pe0, i14 %linear_command_pe0, i512 %output_pe0, i25 %idx_read, i11 %idx4_read, i512 %model_scale_cache0" [source/int4_linear_controller.cpp:1025]   --->   Operation 95 'call' 'call_ln1025' <Predicate = true> <Delay = 0.00> <CoreType = "Generic">   --->   Core 0 '' <Latency = 0> <II = 1> <Delay = 1.00> <Generic> <Opcode : >
ST_4 : Operation 96 [1/2] (0.00ns)   --->   "%call_ln1029 = call void @int4_run_pe_dataflow<1>, i512 %gmem1, i64 %weight_pe1_read, i480 %quantized_pe1, i32 %activation_scale_pe1, i14 %linear_command_pe1, i512 %output_pe1, i25 %idx1_read, i11 %idx5_read, i512 %model_scale_cache1" [source/int4_linear_controller.cpp:1029]   --->   Operation 96 'call' 'call_ln1029' <Predicate = true> <Delay = 0.00> <CoreType = "Generic">   --->   Core 0 '' <Latency = 0> <II = 1> <Delay = 1.00> <Generic> <Opcode : >
ST_4 : Operation 97 [1/2] (0.00ns)   --->   "%call_ln1033 = call void @int4_run_pe_dataflow<2>, i512 %gmem2, i64 %weight_pe2_read, i480 %quantized_pe2, i32 %activation_scale_pe2, i14 %linear_command_pe2, i512 %output_pe2, i25 %idx2_read, i11 %idx6_read, i512 %model_scale_cache2" [source/int4_linear_controller.cpp:1033]   --->   Operation 97 'call' 'call_ln1033' <Predicate = true> <Delay = 0.00> <CoreType = "Generic">   --->   Core 0 '' <Latency = 0> <II = 1> <Delay = 1.00> <Generic> <Opcode : >
ST_4 : Operation 98 [1/2] (0.00ns)   --->   "%call_ln1037 = call void @int4_run_pe_dataflow<3>, i512 %gmem3, i64 %weight_pe3_read, i480 %quantized_pe3, i32 %activation_scale_pe3, i14 %linear_command_pe3, i512 %output_pe3, i25 %idx3_read, i11 %idx7_read, i512 %model_scale_cache3" [source/int4_linear_controller.cpp:1037]   --->   Operation 98 'call' 'call_ln1037' <Predicate = true> <Delay = 0.00> <CoreType = "Generic">   --->   Core 0 '' <Latency = 0> <II = 1> <Delay = 1.00> <Generic> <Opcode : >
ST_4 : Operation 99 [1/1] (0.00ns)   --->   "%ret_ln1041 = ret" [source/int4_linear_controller.cpp:1041]   --->   Operation 99 'ret' 'ret_ln1041' <Predicate = true> <Delay = 0.00>


============================================================
+ Verbose Summary: Timing violations
============================================================
Target clock period: 3.333ns, clock uncertainty: 0.900ns.

 <State 1>: 1.217ns
The critical path consists of the following:
	wire read operation ('fuse_residual_read') on port 'fuse_residual' [60]  (0.000 ns)
	'call' operation 0 bit ('call_ln1000', source/int4_linear_controller.cpp:1000) to 'int4_broadcast_linear_commands' [120]  (1.217 ns)

 <State 2>: 0.000ns
The critical path consists of the following:

 <State 3>: 2.412ns
The critical path consists of the following:
	wire read operation ('idx4_read') on port 'idx4' [55]  (0.000 ns)
	'call' operation 0 bit ('call_ln1025', source/int4_linear_controller.cpp:1025) to 'int4_run_pe_dataflow<0>' [122]  (2.412 ns)

 <State 4>: 0.000ns
The critical path consists of the following:


============================================================
+ Verbose Summary: Binding
============================================================
N/A
* FSMD analyzer results:
  - Output states:
 - Input state : 
  - Chain level:
	State 1
	State 2
	State 3
	State 4


============================================================
+ Verbose Summary: Datapath Resource usage 
============================================================
N/A
