

================================================================
== Vitis HLS Report for 'int4_swiglu_quantize_four_pes_stream'
================================================================
* Date:           Tue Aug 11 09:17:08 2026

* Version:        2023.2 (Build 4023990 on Oct 11 2023)
* Project:        proj_int4_decoder_xo
* Solution:       solution1 (Vitis Kernel Flow Target)
* Product family: virtexuplus
* Target device:  xcu250-figd2104-2L-e


================================================================
== Performance Estimates
================================================================
+ Timing: 
    * Summary: 
    +--------+---------+----------+------------+
    |  Clock |  Target | Estimated| Uncertainty|
    +--------+---------+----------+------------+
    |ap_clk  |  3.33 ns|  2.466 ns|     0.90 ns|
    +--------+---------+----------+------------+

+ Latency: 
    * Summary: 
    +---------+---------+-----------+-----------+-------+-------+----------+
    |  Latency (cycles) |   Latency (absolute)  |    Interval   | Pipeline |
    |   min   |   max   |    min    |    max    |  min  |  max  |   Type   |
    +---------+---------+-----------+-----------+-------+-------+----------+
    |    13201|    13201|  43.999 us|  43.999 us|  13202|  13202|  dataflow|
    +---------+---------+-----------+-----------+-------+-------+----------+

    + Detail: 
        * Instance: 
        +---------------------------------------+----------------------------+---------+---------+-----------+-----------+-------+-------+---------+
        |                                       |                            |  Latency (cycles) |   Latency (absolute)  |    Interval   | Pipeline|
        |                Instance               |           Module           |   min   |   max   |    min    |    max    |  min  |  max  |   Type  |
        +---------------------------------------+----------------------------+---------+---------+-----------+-----------+-------+-------+---------+
        |grp_int4_swiglu_quantize_pe0_fu_112    |int4_swiglu_quantize_pe0    |    13201|    13201|  43.999 us|  43.999 us|  13201|  13201|       no|
        |grp_int4_swiglu_quantize_pe1_fu_122    |int4_swiglu_quantize_pe1    |    13201|    13201|  43.999 us|  43.999 us|  13201|  13201|       no|
        |grp_int4_swiglu_quantize_pe2_fu_132    |int4_swiglu_quantize_pe2    |    12601|    12601|  41.999 us|  41.999 us|  12601|  12601|       no|
        |grp_int4_swiglu_quantize_pe3_fu_142    |int4_swiglu_quantize_pe3    |    12601|    12601|  41.999 us|  41.999 us|  12601|  12601|       no|
        |grp_int4_swiglu_gather_streams_fu_152  |int4_swiglu_gather_streams  |      177|      881|   0.590 us|   2.936 us|    177|    881|       no|
        +---------------------------------------+----------------------------+---------+---------+-----------+-----------+-------+-------+---------+

        * Loop: 
        N/A

============================================================
+ Verbose Summary: Synthesis Manager
============================================================
InlineROM: 1
ExposeGlobal: 0
============================================================
+ Verbose Summary: CDFG Model
============================================================
IsTopModel: 0
ResetActiveHigh: 1
IsCombinational: 2
IsDatapathOnly: 0
HasWiredReturn: 1
HasMFsm: 0
HasVarLatency: 1
IsPipeline: 0
IsRtlPipelined: 0
IsInstanceOverlapped: 0
IsDontTouch: 0
HasImplIP: 0
IsGatedGlobalClock: 0


============================================================
+ Verbose Summary: Schedule
============================================================
* Number of FSM states : 4
* Pipeline : 0
* Dataflow Pipeline: 1
  DF-Pipeline-0: Size = 4, States = { 1 2 3 4 }

* FSM state transitions: 
1 --> 2 
2 --> 3 
3 --> 4 
4 --> 

* FSM state operations: 

State 1 <SV = 0> <Delay = 0.00>
ST_1 : Operation 5 [1/1] (0.00ns)   --->   "%quantized_pe0 = alloca i64 1" [source/int4_decoder_blocks.cpp:1061]   --->   Operation 5 'alloca' 'quantized_pe0' <Predicate = true> <Delay = 0.00> <CoreInst = "FIFO_BRAM">   --->   Core 79 'FIFO_BRAM' <Latency = 0> <II = 1> <Delay = 1.42> <Storage> <Opcode : 'read' 'write' 'nbread' 'nbwrite'> <Ports = 0> <Width = 480> <Depth = 4> <FIFO>
ST_1 : Operation 6 [1/1] (0.00ns)   --->   "%quantized_pe1 = alloca i64 1" [source/int4_decoder_blocks.cpp:1061]   --->   Operation 6 'alloca' 'quantized_pe1' <Predicate = true> <Delay = 0.00> <CoreInst = "FIFO_BRAM">   --->   Core 79 'FIFO_BRAM' <Latency = 0> <II = 1> <Delay = 1.42> <Storage> <Opcode : 'read' 'write' 'nbread' 'nbwrite'> <Ports = 0> <Width = 480> <Depth = 4> <FIFO>
ST_1 : Operation 7 [1/1] (0.00ns)   --->   "%quantized_pe2 = alloca i64 1" [source/int4_decoder_blocks.cpp:1061]   --->   Operation 7 'alloca' 'quantized_pe2' <Predicate = true> <Delay = 0.00> <CoreInst = "FIFO_BRAM">   --->   Core 79 'FIFO_BRAM' <Latency = 0> <II = 1> <Delay = 1.42> <Storage> <Opcode : 'read' 'write' 'nbread' 'nbwrite'> <Ports = 0> <Width = 480> <Depth = 4> <FIFO>
ST_1 : Operation 8 [1/1] (0.00ns)   --->   "%quantized_pe3 = alloca i64 1" [source/int4_decoder_blocks.cpp:1061]   --->   Operation 8 'alloca' 'quantized_pe3' <Predicate = true> <Delay = 0.00> <CoreInst = "FIFO_BRAM">   --->   Core 79 'FIFO_BRAM' <Latency = 0> <II = 1> <Delay = 1.42> <Storage> <Opcode : 'read' 'write' 'nbread' 'nbwrite'> <Ports = 0> <Width = 480> <Depth = 4> <FIFO>
ST_1 : Operation 9 [1/1] (0.00ns)   --->   "%scale_pe0 = alloca i64 1" [source/int4_decoder_blocks.cpp:1062]   --->   Operation 9 'alloca' 'scale_pe0' <Predicate = true> <Delay = 0.00> <CoreInst = "FIFO_SRL">   --->   Core 81 'FIFO_SRL' <Latency = 0> <II = 1> <Delay = 1.46> <Storage> <Opcode : 'read' 'write' 'nbread' 'nbwrite'> <Ports = 0> <Width = 32> <Depth = 4> <FIFO>
ST_1 : Operation 10 [1/1] (0.00ns)   --->   "%scale_pe1 = alloca i64 1" [source/int4_decoder_blocks.cpp:1062]   --->   Operation 10 'alloca' 'scale_pe1' <Predicate = true> <Delay = 0.00> <CoreInst = "FIFO_SRL">   --->   Core 81 'FIFO_SRL' <Latency = 0> <II = 1> <Delay = 1.46> <Storage> <Opcode : 'read' 'write' 'nbread' 'nbwrite'> <Ports = 0> <Width = 32> <Depth = 4> <FIFO>
ST_1 : Operation 11 [1/1] (0.00ns)   --->   "%scale_pe2 = alloca i64 1" [source/int4_decoder_blocks.cpp:1062]   --->   Operation 11 'alloca' 'scale_pe2' <Predicate = true> <Delay = 0.00> <CoreInst = "FIFO_SRL">   --->   Core 81 'FIFO_SRL' <Latency = 0> <II = 1> <Delay = 1.46> <Storage> <Opcode : 'read' 'write' 'nbread' 'nbwrite'> <Ports = 0> <Width = 32> <Depth = 4> <FIFO>
ST_1 : Operation 12 [1/1] (0.00ns)   --->   "%scale_pe3 = alloca i64 1" [source/int4_decoder_blocks.cpp:1062]   --->   Operation 12 'alloca' 'scale_pe3' <Predicate = true> <Delay = 0.00> <CoreInst = "FIFO_SRL">   --->   Core 81 'FIFO_SRL' <Latency = 0> <II = 1> <Delay = 1.46> <Storage> <Opcode : 'read' 'write' 'nbread' 'nbwrite'> <Ports = 0> <Width = 32> <Depth = 4> <FIFO>
ST_1 : Operation 13 [2/2] (0.00ns)   --->   "%call_ln1080 = call void @int4_swiglu_quantize_pe0, i512 %gate_pe0, i512 %up_pe0, i480 %quantized_pe0, i32 %scale_pe0" [source/int4_decoder_blocks.cpp:1080]   --->   Operation 13 'call' 'call_ln1080' <Predicate = true> <Delay = 0.00> <CoreType = "Generic">   --->   Core 0 '' <Latency = 0> <II = 1> <Delay = 1.00> <Generic> <Opcode : >
ST_1 : Operation 14 [2/2] (0.00ns)   --->   "%call_ln1082 = call void @int4_swiglu_quantize_pe1, i512 %gate_pe1, i512 %up_pe1, i480 %quantized_pe1, i32 %scale_pe1" [source/int4_decoder_blocks.cpp:1082]   --->   Operation 14 'call' 'call_ln1082' <Predicate = true> <Delay = 0.00> <CoreType = "Generic">   --->   Core 0 '' <Latency = 0> <II = 1> <Delay = 1.00> <Generic> <Opcode : >
ST_1 : Operation 15 [2/2] (0.00ns)   --->   "%call_ln1084 = call void @int4_swiglu_quantize_pe2, i512 %gate_pe2, i512 %up_pe2, i480 %quantized_pe2, i32 %scale_pe2" [source/int4_decoder_blocks.cpp:1084]   --->   Operation 15 'call' 'call_ln1084' <Predicate = true> <Delay = 0.00> <CoreType = "Generic">   --->   Core 0 '' <Latency = 0> <II = 1> <Delay = 1.00> <Generic> <Opcode : >
ST_1 : Operation 16 [2/2] (0.00ns)   --->   "%call_ln1086 = call void @int4_swiglu_quantize_pe3, i512 %gate_pe3, i512 %up_pe3, i480 %quantized_pe3, i32 %scale_pe3" [source/int4_decoder_blocks.cpp:1086]   --->   Operation 16 'call' 'call_ln1086' <Predicate = true> <Delay = 0.00> <CoreType = "Generic">   --->   Core 0 '' <Latency = 0> <II = 1> <Delay = 1.00> <Generic> <Opcode : >

State 2 <SV = 1> <Delay = 0.00>
ST_2 : Operation 17 [1/2] (0.00ns)   --->   "%call_ln1080 = call void @int4_swiglu_quantize_pe0, i512 %gate_pe0, i512 %up_pe0, i480 %quantized_pe0, i32 %scale_pe0" [source/int4_decoder_blocks.cpp:1080]   --->   Operation 17 'call' 'call_ln1080' <Predicate = true> <Delay = 0.00> <CoreType = "Generic">   --->   Core 0 '' <Latency = 0> <II = 1> <Delay = 1.00> <Generic> <Opcode : >
ST_2 : Operation 18 [1/2] (0.00ns)   --->   "%call_ln1082 = call void @int4_swiglu_quantize_pe1, i512 %gate_pe1, i512 %up_pe1, i480 %quantized_pe1, i32 %scale_pe1" [source/int4_decoder_blocks.cpp:1082]   --->   Operation 18 'call' 'call_ln1082' <Predicate = true> <Delay = 0.00> <CoreType = "Generic">   --->   Core 0 '' <Latency = 0> <II = 1> <Delay = 1.00> <Generic> <Opcode : >
ST_2 : Operation 19 [1/2] (0.00ns)   --->   "%call_ln1084 = call void @int4_swiglu_quantize_pe2, i512 %gate_pe2, i512 %up_pe2, i480 %quantized_pe2, i32 %scale_pe2" [source/int4_decoder_blocks.cpp:1084]   --->   Operation 19 'call' 'call_ln1084' <Predicate = true> <Delay = 0.00> <CoreType = "Generic">   --->   Core 0 '' <Latency = 0> <II = 1> <Delay = 1.00> <Generic> <Opcode : >
ST_2 : Operation 20 [1/2] (0.00ns)   --->   "%call_ln1086 = call void @int4_swiglu_quantize_pe3, i512 %gate_pe3, i512 %up_pe3, i480 %quantized_pe3, i32 %scale_pe3" [source/int4_decoder_blocks.cpp:1086]   --->   Operation 20 'call' 'call_ln1086' <Predicate = true> <Delay = 0.00> <CoreType = "Generic">   --->   Core 0 '' <Latency = 0> <II = 1> <Delay = 1.00> <Generic> <Opcode : >

State 3 <SV = 2> <Delay = 0.00>
ST_3 : Operation 21 [2/2] (0.00ns)   --->   "%call_ln1088 = call void @int4_swiglu_gather_streams, i480 %quantized_pe0, i480 %quantized_pe1, i480 %quantized_pe2, i480 %quantized_pe3, i32 %scale_pe0, i32 %scale_pe1, i32 %scale_pe2, i32 %scale_pe3, i480 %quantized_stream, i32 %scale_stream" [source/int4_decoder_blocks.cpp:1088]   --->   Operation 21 'call' 'call_ln1088' <Predicate = true> <Delay = 0.00> <CoreType = "Generic">   --->   Core 0 '' <Latency = 0> <II = 1> <Delay = 1.00> <Generic> <Opcode : >

State 4 <SV = 3> <Delay = 0.00>
ST_4 : Operation 22 [1/1] (0.00ns)   --->   "%specdataflowpipeline_ln1058 = specdataflowpipeline void @_ssdm_op_SpecDataflowPipeline, i32 4294967295, i32 1, void @empty_418" [source/int4_decoder_blocks.cpp:1058]   --->   Operation 22 'specdataflowpipeline' 'specdataflowpipeline_ln1058' <Predicate = true> <Delay = 0.00>
ST_4 : Operation 23 [1/1] (0.00ns)   --->   "%specmemcore_ln0 = specmemcore void @_ssdm_op_SpecMemCore, i32 %scale_stream, i64 666, i64 10, i64 18446744073709551615"   --->   Operation 23 'specmemcore' 'specmemcore_ln0' <Predicate = true> <Delay = 0.00>
ST_4 : Operation 24 [1/1] (0.00ns)   --->   "%specmemcore_ln0 = specmemcore void @_ssdm_op_SpecMemCore, i480 %quantized_stream, i64 666, i64 8, i64 18446744073709551615"   --->   Operation 24 'specmemcore' 'specmemcore_ln0' <Predicate = true> <Delay = 0.00>
ST_4 : Operation 25 [1/1] (0.00ns)   --->   "%specmemcore_ln0 = specmemcore void @_ssdm_op_SpecMemCore, i512 %gate_pe0, i64 666, i64 18, i64 18446744073709551615"   --->   Operation 25 'specmemcore' 'specmemcore_ln0' <Predicate = true> <Delay = 0.00>
ST_4 : Operation 26 [1/1] (0.00ns)   --->   "%specmemcore_ln0 = specmemcore void @_ssdm_op_SpecMemCore, i512 %gate_pe1, i64 666, i64 18, i64 18446744073709551615"   --->   Operation 26 'specmemcore' 'specmemcore_ln0' <Predicate = true> <Delay = 0.00>
ST_4 : Operation 27 [1/1] (0.00ns)   --->   "%specmemcore_ln0 = specmemcore void @_ssdm_op_SpecMemCore, i512 %gate_pe2, i64 666, i64 18, i64 18446744073709551615"   --->   Operation 27 'specmemcore' 'specmemcore_ln0' <Predicate = true> <Delay = 0.00>
ST_4 : Operation 28 [1/1] (0.00ns)   --->   "%specmemcore_ln0 = specmemcore void @_ssdm_op_SpecMemCore, i512 %gate_pe3, i64 666, i64 18, i64 18446744073709551615"   --->   Operation 28 'specmemcore' 'specmemcore_ln0' <Predicate = true> <Delay = 0.00>
ST_4 : Operation 29 [1/1] (0.00ns)   --->   "%specmemcore_ln0 = specmemcore void @_ssdm_op_SpecMemCore, i512 %up_pe0, i64 666, i64 18, i64 18446744073709551615"   --->   Operation 29 'specmemcore' 'specmemcore_ln0' <Predicate = true> <Delay = 0.00>
ST_4 : Operation 30 [1/1] (0.00ns)   --->   "%specmemcore_ln0 = specmemcore void @_ssdm_op_SpecMemCore, i512 %up_pe1, i64 666, i64 18, i64 18446744073709551615"   --->   Operation 30 'specmemcore' 'specmemcore_ln0' <Predicate = true> <Delay = 0.00>
ST_4 : Operation 31 [1/1] (0.00ns)   --->   "%specmemcore_ln0 = specmemcore void @_ssdm_op_SpecMemCore, i512 %up_pe2, i64 666, i64 18, i64 18446744073709551615"   --->   Operation 31 'specmemcore' 'specmemcore_ln0' <Predicate = true> <Delay = 0.00>
ST_4 : Operation 32 [1/1] (0.00ns)   --->   "%specmemcore_ln0 = specmemcore void @_ssdm_op_SpecMemCore, i512 %up_pe3, i64 666, i64 18, i64 18446744073709551615"   --->   Operation 32 'specmemcore' 'specmemcore_ln0' <Predicate = true> <Delay = 0.00>
ST_4 : Operation 33 [1/1] (0.00ns)   --->   "%specinterface_ln0 = specinterface void @_ssdm_op_SpecInterface, i32 %scale_stream, void @empty_447, i32 0, i32 0, void @empty_418, i32 0, i32 0, void @empty_418, void @empty_418, void @empty_418, i32 0, i32 0, i32 0, i32 0, void @empty_418, void @empty_418, i32 4294967295, i32 0"   --->   Operation 33 'specinterface' 'specinterface_ln0' <Predicate = true> <Delay = 0.00>
ST_4 : Operation 34 [1/1] (0.00ns)   --->   "%specinterface_ln0 = specinterface void @_ssdm_op_SpecInterface, i480 %quantized_stream, void @empty_447, i32 0, i32 0, void @empty_418, i32 0, i32 0, void @empty_418, void @empty_418, void @empty_418, i32 0, i32 0, i32 0, i32 0, void @empty_418, void @empty_418, i32 4294967295, i32 0"   --->   Operation 34 'specinterface' 'specinterface_ln0' <Predicate = true> <Delay = 0.00>
ST_4 : Operation 35 [1/1] (0.00ns)   --->   "%empty = specchannel i32 @_ssdm_op_SpecChannel, void @quantized_pe0_str, i32 1, void @p_str, void @p_str, i32 4, i32 4, i480 %quantized_pe0, i480 %quantized_pe0"   --->   Operation 35 'specchannel' 'empty' <Predicate = true> <Delay = 0.00>
ST_4 : Operation 36 [1/1] (0.00ns)   --->   "%specmemcore_ln1071 = specmemcore void @_ssdm_op_SpecMemCore, i480 %quantized_pe0, i64 666, i64 8, i64 18446744073709551615" [source/int4_decoder_blocks.cpp:1071]   --->   Operation 36 'specmemcore' 'specmemcore_ln1071' <Predicate = true> <Delay = 0.00>
ST_4 : Operation 37 [1/1] (0.00ns)   --->   "%specinterface_ln0 = specinterface void @_ssdm_op_SpecInterface, i480 %quantized_pe0, void @empty_447, i32 0, i32 0, void @empty_418, i32 0, i32 0, void @empty_418, void @empty_418, void @empty_418, i32 0, i32 0, i32 0, i32 0, void @empty_418, void @empty_418, i32 4294967295, i32 0"   --->   Operation 37 'specinterface' 'specinterface_ln0' <Predicate = true> <Delay = 0.00>
ST_4 : Operation 38 [1/1] (0.00ns)   --->   "%empty_842 = specchannel i32 @_ssdm_op_SpecChannel, void @quantized_pe1_str, i32 1, void @p_str, void @p_str, i32 4, i32 4, i480 %quantized_pe1, i480 %quantized_pe1"   --->   Operation 38 'specchannel' 'empty_842' <Predicate = true> <Delay = 0.00>
ST_4 : Operation 39 [1/1] (0.00ns)   --->   "%specmemcore_ln1072 = specmemcore void @_ssdm_op_SpecMemCore, i480 %quantized_pe1, i64 666, i64 8, i64 18446744073709551615" [source/int4_decoder_blocks.cpp:1072]   --->   Operation 39 'specmemcore' 'specmemcore_ln1072' <Predicate = true> <Delay = 0.00>
ST_4 : Operation 40 [1/1] (0.00ns)   --->   "%specinterface_ln0 = specinterface void @_ssdm_op_SpecInterface, i480 %quantized_pe1, void @empty_447, i32 0, i32 0, void @empty_418, i32 0, i32 0, void @empty_418, void @empty_418, void @empty_418, i32 0, i32 0, i32 0, i32 0, void @empty_418, void @empty_418, i32 4294967295, i32 0"   --->   Operation 40 'specinterface' 'specinterface_ln0' <Predicate = true> <Delay = 0.00>
ST_4 : Operation 41 [1/1] (0.00ns)   --->   "%empty_843 = specchannel i32 @_ssdm_op_SpecChannel, void @quantized_pe2_str, i32 1, void @p_str, void @p_str, i32 4, i32 4, i480 %quantized_pe2, i480 %quantized_pe2"   --->   Operation 41 'specchannel' 'empty_843' <Predicate = true> <Delay = 0.00>
ST_4 : Operation 42 [1/1] (0.00ns)   --->   "%specmemcore_ln1073 = specmemcore void @_ssdm_op_SpecMemCore, i480 %quantized_pe2, i64 666, i64 8, i64 18446744073709551615" [source/int4_decoder_blocks.cpp:1073]   --->   Operation 42 'specmemcore' 'specmemcore_ln1073' <Predicate = true> <Delay = 0.00>
ST_4 : Operation 43 [1/1] (0.00ns)   --->   "%specinterface_ln0 = specinterface void @_ssdm_op_SpecInterface, i480 %quantized_pe2, void @empty_447, i32 0, i32 0, void @empty_418, i32 0, i32 0, void @empty_418, void @empty_418, void @empty_418, i32 0, i32 0, i32 0, i32 0, void @empty_418, void @empty_418, i32 4294967295, i32 0"   --->   Operation 43 'specinterface' 'specinterface_ln0' <Predicate = true> <Delay = 0.00>
ST_4 : Operation 44 [1/1] (0.00ns)   --->   "%empty_844 = specchannel i32 @_ssdm_op_SpecChannel, void @quantized_pe3_str, i32 1, void @p_str, void @p_str, i32 4, i32 4, i480 %quantized_pe3, i480 %quantized_pe3"   --->   Operation 44 'specchannel' 'empty_844' <Predicate = true> <Delay = 0.00>
ST_4 : Operation 45 [1/1] (0.00ns)   --->   "%specmemcore_ln1074 = specmemcore void @_ssdm_op_SpecMemCore, i480 %quantized_pe3, i64 666, i64 8, i64 18446744073709551615" [source/int4_decoder_blocks.cpp:1074]   --->   Operation 45 'specmemcore' 'specmemcore_ln1074' <Predicate = true> <Delay = 0.00>
ST_4 : Operation 46 [1/1] (0.00ns)   --->   "%specinterface_ln0 = specinterface void @_ssdm_op_SpecInterface, i480 %quantized_pe3, void @empty_447, i32 0, i32 0, void @empty_418, i32 0, i32 0, void @empty_418, void @empty_418, void @empty_418, i32 0, i32 0, i32 0, i32 0, void @empty_418, void @empty_418, i32 4294967295, i32 0"   --->   Operation 46 'specinterface' 'specinterface_ln0' <Predicate = true> <Delay = 0.00>
ST_4 : Operation 47 [1/1] (0.00ns)   --->   "%empty_845 = specchannel i32 @_ssdm_op_SpecChannel, void @scale_pe0_str, i32 1, void @p_str, void @p_str, i32 4, i32 4, i32 %scale_pe0, i32 %scale_pe0"   --->   Operation 47 'specchannel' 'empty_845' <Predicate = true> <Delay = 0.00>
ST_4 : Operation 48 [1/1] (0.00ns)   --->   "%specmemcore_ln1075 = specmemcore void @_ssdm_op_SpecMemCore, i32 %scale_pe0, i64 666, i64 10, i64 18446744073709551615" [source/int4_decoder_blocks.cpp:1075]   --->   Operation 48 'specmemcore' 'specmemcore_ln1075' <Predicate = true> <Delay = 0.00>
ST_4 : Operation 49 [1/1] (0.00ns)   --->   "%specinterface_ln0 = specinterface void @_ssdm_op_SpecInterface, i32 %scale_pe0, void @empty_447, i32 0, i32 0, void @empty_418, i32 0, i32 0, void @empty_418, void @empty_418, void @empty_418, i32 0, i32 0, i32 0, i32 0, void @empty_418, void @empty_418, i32 4294967295, i32 0"   --->   Operation 49 'specinterface' 'specinterface_ln0' <Predicate = true> <Delay = 0.00>
ST_4 : Operation 50 [1/1] (0.00ns)   --->   "%empty_846 = specchannel i32 @_ssdm_op_SpecChannel, void @scale_pe1_str, i32 1, void @p_str, void @p_str, i32 4, i32 4, i32 %scale_pe1, i32 %scale_pe1"   --->   Operation 50 'specchannel' 'empty_846' <Predicate = true> <Delay = 0.00>
ST_4 : Operation 51 [1/1] (0.00ns)   --->   "%specmemcore_ln1076 = specmemcore void @_ssdm_op_SpecMemCore, i32 %scale_pe1, i64 666, i64 10, i64 18446744073709551615" [source/int4_decoder_blocks.cpp:1076]   --->   Operation 51 'specmemcore' 'specmemcore_ln1076' <Predicate = true> <Delay = 0.00>
ST_4 : Operation 52 [1/1] (0.00ns)   --->   "%specinterface_ln0 = specinterface void @_ssdm_op_SpecInterface, i32 %scale_pe1, void @empty_447, i32 0, i32 0, void @empty_418, i32 0, i32 0, void @empty_418, void @empty_418, void @empty_418, i32 0, i32 0, i32 0, i32 0, void @empty_418, void @empty_418, i32 4294967295, i32 0"   --->   Operation 52 'specinterface' 'specinterface_ln0' <Predicate = true> <Delay = 0.00>
ST_4 : Operation 53 [1/1] (0.00ns)   --->   "%empty_847 = specchannel i32 @_ssdm_op_SpecChannel, void @scale_pe2_str, i32 1, void @p_str, void @p_str, i32 4, i32 4, i32 %scale_pe2, i32 %scale_pe2"   --->   Operation 53 'specchannel' 'empty_847' <Predicate = true> <Delay = 0.00>
ST_4 : Operation 54 [1/1] (0.00ns)   --->   "%specmemcore_ln1077 = specmemcore void @_ssdm_op_SpecMemCore, i32 %scale_pe2, i64 666, i64 10, i64 18446744073709551615" [source/int4_decoder_blocks.cpp:1077]   --->   Operation 54 'specmemcore' 'specmemcore_ln1077' <Predicate = true> <Delay = 0.00>
ST_4 : Operation 55 [1/1] (0.00ns)   --->   "%specinterface_ln0 = specinterface void @_ssdm_op_SpecInterface, i32 %scale_pe2, void @empty_447, i32 0, i32 0, void @empty_418, i32 0, i32 0, void @empty_418, void @empty_418, void @empty_418, i32 0, i32 0, i32 0, i32 0, void @empty_418, void @empty_418, i32 4294967295, i32 0"   --->   Operation 55 'specinterface' 'specinterface_ln0' <Predicate = true> <Delay = 0.00>
ST_4 : Operation 56 [1/1] (0.00ns)   --->   "%empty_848 = specchannel i32 @_ssdm_op_SpecChannel, void @scale_pe3_str, i32 1, void @p_str, void @p_str, i32 4, i32 4, i32 %scale_pe3, i32 %scale_pe3"   --->   Operation 56 'specchannel' 'empty_848' <Predicate = true> <Delay = 0.00>
ST_4 : Operation 57 [1/1] (0.00ns)   --->   "%specmemcore_ln1078 = specmemcore void @_ssdm_op_SpecMemCore, i32 %scale_pe3, i64 666, i64 10, i64 18446744073709551615" [source/int4_decoder_blocks.cpp:1078]   --->   Operation 57 'specmemcore' 'specmemcore_ln1078' <Predicate = true> <Delay = 0.00>
ST_4 : Operation 58 [1/1] (0.00ns)   --->   "%specinterface_ln0 = specinterface void @_ssdm_op_SpecInterface, i32 %scale_pe3, void @empty_447, i32 0, i32 0, void @empty_418, i32 0, i32 0, void @empty_418, void @empty_418, void @empty_418, i32 0, i32 0, i32 0, i32 0, void @empty_418, void @empty_418, i32 4294967295, i32 0"   --->   Operation 58 'specinterface' 'specinterface_ln0' <Predicate = true> <Delay = 0.00>
ST_4 : Operation 59 [1/2] (0.00ns)   --->   "%call_ln1088 = call void @int4_swiglu_gather_streams, i480 %quantized_pe0, i480 %quantized_pe1, i480 %quantized_pe2, i480 %quantized_pe3, i32 %scale_pe0, i32 %scale_pe1, i32 %scale_pe2, i32 %scale_pe3, i480 %quantized_stream, i32 %scale_stream" [source/int4_decoder_blocks.cpp:1088]   --->   Operation 59 'call' 'call_ln1088' <Predicate = true> <Delay = 0.00> <CoreType = "Generic">   --->   Core 0 '' <Latency = 0> <II = 1> <Delay = 1.00> <Generic> <Opcode : >
ST_4 : Operation 60 [1/1] (0.00ns)   --->   "%ret_ln1093 = ret" [source/int4_decoder_blocks.cpp:1093]   --->   Operation 60 'ret' 'ret_ln1093' <Predicate = true> <Delay = 0.00>


============================================================
+ Verbose Summary: Binding
============================================================
STG Binding: 
---------------- STG Properties BEGIN ----------------
- Is combinational: 0
- Is one-state seq: 0
- Is datapath-only: 0
- Is pipelined: 0
- Is top level: 0
Port [ Return ] is wired: 1; IO mode=ap_ctrl_hs:ce=0
Port [ gate_pe0]:  wired=1; compound=1; hidden=0; nouse=0; global=0; static=0; extern=0; dir=0; type=1; pingpong=0; private_global=0; MemPort=[1]; IO mode=ap_memory:ce=0
Port [ gate_pe1]:  wired=1; compound=1; hidden=0; nouse=0; global=0; static=0; extern=0; dir=0; type=1; pingpong=0; private_global=0; MemPort=[1]; IO mode=ap_memory:ce=0
Port [ gate_pe2]:  wired=1; compound=1; hidden=0; nouse=0; global=0; static=0; extern=0; dir=0; type=1; pingpong=0; private_global=0; MemPort=[1]; IO mode=ap_memory:ce=0
Port [ gate_pe3]:  wired=1; compound=1; hidden=0; nouse=0; global=0; static=0; extern=0; dir=0; type=1; pingpong=0; private_global=0; MemPort=[1]; IO mode=ap_memory:ce=0
Port [ up_pe0]:  wired=1; compound=1; hidden=0; nouse=0; global=0; static=0; extern=0; dir=0; type=1; pingpong=0; private_global=0; MemPort=[1]; IO mode=ap_memory:ce=0
Port [ up_pe1]:  wired=1; compound=1; hidden=0; nouse=0; global=0; static=0; extern=0; dir=0; type=1; pingpong=0; private_global=0; MemPort=[1]; IO mode=ap_memory:ce=0
Port [ up_pe2]:  wired=1; compound=1; hidden=0; nouse=0; global=0; static=0; extern=0; dir=0; type=1; pingpong=0; private_global=0; MemPort=[1]; IO mode=ap_memory:ce=0
Port [ up_pe3]:  wired=1; compound=1; hidden=0; nouse=0; global=0; static=0; extern=0; dir=0; type=1; pingpong=0; private_global=0; MemPort=[1]; IO mode=ap_memory:ce=0
Port [ quantized_stream]:  wired=1; compound=1; hidden=0; nouse=0; global=0; static=0; extern=0; dir=1; type=3; pingpong=0; private_global=0; IO mode=ap_fifo:ce=0
Port [ scale_stream]:  wired=1; compound=1; hidden=0; nouse=0; global=0; static=0; extern=0; dir=1; type=3; pingpong=0; private_global=0; IO mode=ap_fifo:ce=0
---------------- STG Properties END ------------------

---------------- Datapath Model BEGIN ----------------

<LifeTime>
<method=bitvector/>
quantized_pe0               (alloca              ) [ 01111]
quantized_pe1               (alloca              ) [ 01111]
quantized_pe2               (alloca              ) [ 01111]
quantized_pe3               (alloca              ) [ 01111]
scale_pe0                   (alloca              ) [ 01111]
scale_pe1                   (alloca              ) [ 01111]
scale_pe2                   (alloca              ) [ 01111]
scale_pe3                   (alloca              ) [ 01111]
call_ln1080                 (call                ) [ 00000]
call_ln1082                 (call                ) [ 00000]
call_ln1084                 (call                ) [ 00000]
call_ln1086                 (call                ) [ 00000]
specdataflowpipeline_ln1058 (specdataflowpipeline) [ 00000]
specmemcore_ln0             (specmemcore         ) [ 00000]
specmemcore_ln0             (specmemcore         ) [ 00000]
specmemcore_ln0             (specmemcore         ) [ 00000]
specmemcore_ln0             (specmemcore         ) [ 00000]
specmemcore_ln0             (specmemcore         ) [ 00000]
specmemcore_ln0             (specmemcore         ) [ 00000]
specmemcore_ln0             (specmemcore         ) [ 00000]
specmemcore_ln0             (specmemcore         ) [ 00000]
specmemcore_ln0             (specmemcore         ) [ 00000]
specmemcore_ln0             (specmemcore         ) [ 00000]
specinterface_ln0           (specinterface       ) [ 00000]
specinterface_ln0           (specinterface       ) [ 00000]
empty                       (specchannel         ) [ 00000]
specmemcore_ln1071          (specmemcore         ) [ 00000]
specinterface_ln0           (specinterface       ) [ 00000]
empty_842                   (specchannel         ) [ 00000]
specmemcore_ln1072          (specmemcore         ) [ 00000]
specinterface_ln0           (specinterface       ) [ 00000]
empty_843                   (specchannel         ) [ 00000]
specmemcore_ln1073          (specmemcore         ) [ 00000]
specinterface_ln0           (specinterface       ) [ 00000]
empty_844                   (specchannel         ) [ 00000]
specmemcore_ln1074          (specmemcore         ) [ 00000]
specinterface_ln0           (specinterface       ) [ 00000]
empty_845                   (specchannel         ) [ 00000]
specmemcore_ln1075          (specmemcore         ) [ 00000]
specinterface_ln0           (specinterface       ) [ 00000]
empty_846                   (specchannel         ) [ 00000]
specmemcore_ln1076          (specmemcore         ) [ 00000]
specinterface_ln0           (specinterface       ) [ 00000]
empty_847                   (specchannel         ) [ 00000]
specmemcore_ln1077          (specmemcore         ) [ 00000]
specinterface_ln0           (specinterface       ) [ 00000]
empty_848                   (specchannel         ) [ 00000]
specmemcore_ln1078          (specmemcore         ) [ 00000]
specinterface_ln0           (specinterface       ) [ 00000]
call_ln1088                 (call                ) [ 00000]
ret_ln1093                  (ret                 ) [ 00000]
</LifeTime>

<model>

<comp_list>
<comp id="0" class="1000" name="gate_pe0">
<pin_list>
<pin id="1" dir="1" index="0" bw="1" slack="0"/>
</pin_list>
<bind>
<StgValue><ssdm name="gate_pe0"/><MemPortTyVec>1 </MemPortTyVec>
</StgValue>
</bind>
</comp>

<comp id="2" class="1000" name="gate_pe1">
<pin_list>
<pin id="3" dir="1" index="0" bw="1" slack="0"/>
</pin_list>
<bind>
<StgValue><ssdm name="gate_pe1"/><MemPortTyVec>1 </MemPortTyVec>
</StgValue>
</bind>
</comp>

<comp id="4" class="1000" name="gate_pe2">
<pin_list>
<pin id="5" dir="1" index="0" bw="1" slack="0"/>
</pin_list>
<bind>
<StgValue><ssdm name="gate_pe2"/><MemPortTyVec>1 </MemPortTyVec>
</StgValue>
</bind>
</comp>

<comp id="6" class="1000" name="gate_pe3">
<pin_list>
<pin id="7" dir="1" index="0" bw="1" slack="0"/>
</pin_list>
<bind>
<StgValue><ssdm name="gate_pe3"/><MemPortTyVec>1 </MemPortTyVec>
</StgValue>
</bind>
</comp>

<comp id="8" class="1000" name="up_pe0">
<pin_list>
<pin id="9" dir="1" index="0" bw="1" slack="0"/>
</pin_list>
<bind>
<StgValue><ssdm name="up_pe0"/><MemPortTyVec>1 </MemPortTyVec>
</StgValue>
</bind>
</comp>

<comp id="10" class="1000" name="up_pe1">
<pin_list>
<pin id="11" dir="1" index="0" bw="1" slack="0"/>
</pin_list>
<bind>
<StgValue><ssdm name="up_pe1"/><MemPortTyVec>1 </MemPortTyVec>
</StgValue>
</bind>
</comp>

<comp id="12" class="1000" name="up_pe2">
<pin_list>
<pin id="13" dir="1" index="0" bw="1" slack="0"/>
</pin_list>
<bind>
<StgValue><ssdm name="up_pe2"/><MemPortTyVec>1 </MemPortTyVec>
</StgValue>
</bind>
</comp>

<comp id="14" class="1000" name="up_pe3">
<pin_list>
<pin id="15" dir="1" index="0" bw="1" slack="0"/>
</pin_list>
<bind>
<StgValue><ssdm name="up_pe3"/><MemPortTyVec>1 </MemPortTyVec>
</StgValue>
</bind>
</comp>

<comp id="16" class="1000" name="quantized_stream">
<pin_list>
<pin id="17" dir="1" index="0" bw="1" slack="0"/>
</pin_list>
<bind>
<StgValue><ssdm name="quantized_stream"/></StgValue>
</bind>
</comp>

<comp id="18" class="1000" name="scale_stream">
<pin_list>
<pin id="19" dir="1" index="0" bw="1" slack="0"/>
</pin_list>
<bind>
<StgValue><ssdm name="scale_stream"/></StgValue>
</bind>
</comp>

<comp id="20" class="1001" name="const_20">
<pin_list>
<pin id="21" dir="1" index="0" bw="1" slack="0"/>
</pin_list>
<bind>
<StgValue><ssdm name=""/></StgValue>
</bind>
</comp>

<comp id="22" class="1001" name="const_22">
<pin_list>
<pin id="23" dir="1" index="0" bw="1" slack="0"/>
</pin_list>
<bind>
<StgValue><ssdm name="int4_swiglu_quantize_pe0"/></StgValue>
</bind>
</comp>

<comp id="24" class="1001" name="const_24">
<pin_list>
<pin id="25" dir="1" index="0" bw="1" slack="0"/>
</pin_list>
<bind>
<StgValue><ssdm name="int4_swiglu_quantize_pe1"/></StgValue>
</bind>
</comp>

<comp id="26" class="1001" name="const_26">
<pin_list>
<pin id="27" dir="1" index="0" bw="1" slack="0"/>
</pin_list>
<bind>
<StgValue><ssdm name="int4_swiglu_quantize_pe2"/></StgValue>
</bind>
</comp>

<comp id="28" class="1001" name="const_28">
<pin_list>
<pin id="29" dir="1" index="0" bw="1" slack="0"/>
</pin_list>
<bind>
<StgValue><ssdm name="int4_swiglu_quantize_pe3"/></StgValue>
</bind>
</comp>

<comp id="30" class="1001" name="const_30">
<pin_list>
<pin id="31" dir="1" index="0" bw="1" slack="0"/>
</pin_list>
<bind>
<StgValue><ssdm name="int4_swiglu_gather_streams"/></StgValue>
</bind>
</comp>

<comp id="32" class="1001" name="const_32">
<pin_list>
<pin id="33" dir="1" index="0" bw="1" slack="2147483647"/>
</pin_list>
<bind>
<StgValue><ssdm name="_ssdm_op_SpecDataflowPipeline"/></StgValue>
</bind>
</comp>

<comp id="34" class="1001" name="const_34">
<pin_list>
<pin id="35" dir="1" index="0" bw="1" slack="2147483647"/>
</pin_list>
<bind>
<StgValue><ssdm name=""/></StgValue>
</bind>
</comp>

<comp id="36" class="1001" name="const_36">
<pin_list>
<pin id="37" dir="1" index="0" bw="1" slack="2147483647"/>
</pin_list>
<bind>
<StgValue><ssdm name=""/></StgValue>
</bind>
</comp>

<comp id="38" class="1001" name="const_38">
<pin_list>
<pin id="39" dir="1" index="0" bw="1" slack="2147483647"/>
</pin_list>
<bind>
<StgValue><ssdm name="empty_418"/></StgValue>
</bind>
</comp>

<comp id="40" class="1001" name="const_40">
<pin_list>
<pin id="41" dir="1" index="0" bw="1" slack="2147483647"/>
</pin_list>
<bind>
<StgValue><ssdm name="_ssdm_op_SpecMemCore"/></StgValue>
</bind>
</comp>

<comp id="42" class="1001" name="const_42">
<pin_list>
<pin id="43" dir="1" index="0" bw="1" slack="2147483647"/>
</pin_list>
<bind>
<StgValue><ssdm name=""/></StgValue>
</bind>
</comp>

<comp id="44" class="1001" name="const_44">
<pin_list>
<pin id="45" dir="1" index="0" bw="1" slack="2147483647"/>
</pin_list>
<bind>
<StgValue><ssdm name=""/></StgValue>
</bind>
</comp>

<comp id="46" class="1001" name="const_46">
<pin_list>
<pin id="47" dir="1" index="0" bw="1" slack="2147483647"/>
</pin_list>
<bind>
<StgValue><ssdm name=""/></StgValue>
</bind>
</comp>

<comp id="48" class="1001" name="const_48">
<pin_list>
<pin id="49" dir="1" index="0" bw="1" slack="2147483647"/>
</pin_list>
<bind>
<StgValue><ssdm name=""/></StgValue>
</bind>
</comp>

<comp id="50" class="1001" name="const_50">
<pin_list>
<pin id="51" dir="1" index="0" bw="1" slack="2147483647"/>
</pin_list>
<bind>
<StgValue><ssdm name=""/></StgValue>
</bind>
</comp>

<comp id="52" class="1001" name="const_52">
<pin_list>
<pin id="53" dir="1" index="0" bw="1" slack="2147483647"/>
</pin_list>
<bind>
<StgValue><ssdm name="_ssdm_op_SpecInterface"/></StgValue>
</bind>
</comp>

<comp id="54" class="1001" name="const_54">
<pin_list>
<pin id="55" dir="1" index="0" bw="1" slack="2147483647"/>
</pin_list>
<bind>
<StgValue><ssdm name="empty_447"/></StgValue>
</bind>
</comp>

<comp id="56" class="1001" name="const_56">
<pin_list>
<pin id="57" dir="1" index="0" bw="1" slack="2147483647"/>
</pin_list>
<bind>
<StgValue><ssdm name=""/></StgValue>
</bind>
</comp>

<comp id="58" class="1001" name="const_58">
<pin_list>
<pin id="59" dir="1" index="0" bw="1" slack="2147483647"/>
</pin_list>
<bind>
<StgValue><ssdm name="_ssdm_op_SpecChannel"/></StgValue>
</bind>
</comp>

<comp id="60" class="1001" name="const_60">
<pin_list>
<pin id="61" dir="1" index="0" bw="1" slack="2147483647"/>
</pin_list>
<bind>
<StgValue><ssdm name="quantized_pe0_str"/></StgValue>
</bind>
</comp>

<comp id="62" class="1001" name="const_62">
<pin_list>
<pin id="63" dir="1" index="0" bw="1" slack="2147483647"/>
</pin_list>
<bind>
<StgValue><ssdm name="p_str"/></StgValue>
</bind>
</comp>

<comp id="64" class="1001" name="const_64">
<pin_list>
<pin id="65" dir="1" index="0" bw="1" slack="2147483647"/>
</pin_list>
<bind>
<StgValue><ssdm name=""/></StgValue>
</bind>
</comp>

<comp id="66" class="1001" name="const_66">
<pin_list>
<pin id="67" dir="1" index="0" bw="1" slack="2147483647"/>
</pin_list>
<bind>
<StgValue><ssdm name="quantized_pe1_str"/></StgValue>
</bind>
</comp>

<comp id="68" class="1001" name="const_68">
<pin_list>
<pin id="69" dir="1" index="0" bw="1" slack="2147483647"/>
</pin_list>
<bind>
<StgValue><ssdm name="quantized_pe2_str"/></StgValue>
</bind>
</comp>

<comp id="70" class="1001" name="const_70">
<pin_list>
<pin id="71" dir="1" index="0" bw="1" slack="2147483647"/>
</pin_list>
<bind>
<StgValue><ssdm name="quantized_pe3_str"/></StgValue>
</bind>
</comp>

<comp id="72" class="1001" name="const_72">
<pin_list>
<pin id="73" dir="1" index="0" bw="1" slack="2147483647"/>
</pin_list>
<bind>
<StgValue><ssdm name="scale_pe0_str"/></StgValue>
</bind>
</comp>

<comp id="74" class="1001" name="const_74">
<pin_list>
<pin id="75" dir="1" index="0" bw="1" slack="2147483647"/>
</pin_list>
<bind>
<StgValue><ssdm name="scale_pe1_str"/></StgValue>
</bind>
</comp>

<comp id="76" class="1001" name="const_76">
<pin_list>
<pin id="77" dir="1" index="0" bw="1" slack="2147483647"/>
</pin_list>
<bind>
<StgValue><ssdm name="scale_pe2_str"/></StgValue>
</bind>
</comp>

<comp id="78" class="1001" name="const_78">
<pin_list>
<pin id="79" dir="1" index="0" bw="1" slack="2147483647"/>
</pin_list>
<bind>
<StgValue><ssdm name="scale_pe3_str"/></StgValue>
</bind>
</comp>

<comp id="80" class="1004" name="quantized_pe0_fu_80">
<pin_list>
<pin id="81" dir="0" index="0" bw="1" slack="0"/>
<pin id="82" dir="1" index="1" bw="480" slack="0"/>
</pin_list>
<bind>
<opcode="alloca(26) " fcode="alloca"/>
<opset="quantized_pe0/1 "/>
</bind>
</comp>

<comp id="84" class="1004" name="quantized_pe1_fu_84">
<pin_list>
<pin id="85" dir="0" index="0" bw="1" slack="0"/>
<pin id="86" dir="1" index="1" bw="480" slack="0"/>
</pin_list>
<bind>
<opcode="alloca(26) " fcode="alloca"/>
<opset="quantized_pe1/1 "/>
</bind>
</comp>

<comp id="88" class="1004" name="quantized_pe2_fu_88">
<pin_list>
<pin id="89" dir="0" index="0" bw="1" slack="0"/>
<pin id="90" dir="1" index="1" bw="480" slack="0"/>
</pin_list>
<bind>
<opcode="alloca(26) " fcode="alloca"/>
<opset="quantized_pe2/1 "/>
</bind>
</comp>

<comp id="92" class="1004" name="quantized_pe3_fu_92">
<pin_list>
<pin id="93" dir="0" index="0" bw="1" slack="0"/>
<pin id="94" dir="1" index="1" bw="480" slack="0"/>
</pin_list>
<bind>
<opcode="alloca(26) " fcode="alloca"/>
<opset="quantized_pe3/1 "/>
</bind>
</comp>

<comp id="96" class="1004" name="scale_pe0_fu_96">
<pin_list>
<pin id="97" dir="0" index="0" bw="1" slack="0"/>
<pin id="98" dir="1" index="1" bw="32" slack="0"/>
</pin_list>
<bind>
<opcode="alloca(26) " fcode="alloca"/>
<opset="scale_pe0/1 "/>
</bind>
</comp>

<comp id="100" class="1004" name="scale_pe1_fu_100">
<pin_list>
<pin id="101" dir="0" index="0" bw="1" slack="0"/>
<pin id="102" dir="1" index="1" bw="32" slack="0"/>
</pin_list>
<bind>
<opcode="alloca(26) " fcode="alloca"/>
<opset="scale_pe1/1 "/>
</bind>
</comp>

<comp id="104" class="1004" name="scale_pe2_fu_104">
<pin_list>
<pin id="105" dir="0" index="0" bw="1" slack="0"/>
<pin id="106" dir="1" index="1" bw="32" slack="0"/>
</pin_list>
<bind>
<opcode="alloca(26) " fcode="alloca"/>
<opset="scale_pe2/1 "/>
</bind>
</comp>

<comp id="108" class="1004" name="scale_pe3_fu_108">
<pin_list>
<pin id="109" dir="0" index="0" bw="1" slack="0"/>
<pin id="110" dir="1" index="1" bw="32" slack="0"/>
</pin_list>
<bind>
<opcode="alloca(26) " fcode="alloca"/>
<opset="scale_pe3/1 "/>
</bind>
</comp>

<comp id="112" class="1004" name="grp_int4_swiglu_quantize_pe0_fu_112">
<pin_list>
<pin id="113" dir="0" index="0" bw="0" slack="0"/>
<pin id="114" dir="0" index="1" bw="512" slack="0"/>
<pin id="115" dir="0" index="2" bw="512" slack="0"/>
<pin id="116" dir="0" index="3" bw="480" slack="0"/>
<pin id="117" dir="0" index="4" bw="32" slack="0"/>
<pin id="118" dir="1" index="5" bw="0" slack="2147483647"/>
</pin_list>
<bind>
<opcode="call(48) " fcode="call"/>
<opset="call_ln1080/1 "/>
</bind>
</comp>

<comp id="122" class="1004" name="grp_int4_swiglu_quantize_pe1_fu_122">
<pin_list>
<pin id="123" dir="0" index="0" bw="0" slack="0"/>
<pin id="124" dir="0" index="1" bw="512" slack="0"/>
<pin id="125" dir="0" index="2" bw="512" slack="0"/>
<pin id="126" dir="0" index="3" bw="480" slack="0"/>
<pin id="127" dir="0" index="4" bw="32" slack="0"/>
<pin id="128" dir="1" index="5" bw="0" slack="2147483647"/>
</pin_list>
<bind>
<opcode="call(48) " fcode="call"/>
<opset="call_ln1082/1 "/>
</bind>
</comp>

<comp id="132" class="1004" name="grp_int4_swiglu_quantize_pe2_fu_132">
<pin_list>
<pin id="133" dir="0" index="0" bw="0" slack="0"/>
<pin id="134" dir="0" index="1" bw="512" slack="0"/>
<pin id="135" dir="0" index="2" bw="512" slack="0"/>
<pin id="136" dir="0" index="3" bw="480" slack="0"/>
<pin id="137" dir="0" index="4" bw="32" slack="0"/>
<pin id="138" dir="1" index="5" bw="0" slack="2147483647"/>
</pin_list>
<bind>
<opcode="call(48) " fcode="call"/>
<opset="call_ln1084/1 "/>
</bind>
</comp>

<comp id="142" class="1004" name="grp_int4_swiglu_quantize_pe3_fu_142">
<pin_list>
<pin id="143" dir="0" index="0" bw="0" slack="0"/>
<pin id="144" dir="0" index="1" bw="512" slack="0"/>
<pin id="145" dir="0" index="2" bw="512" slack="0"/>
<pin id="146" dir="0" index="3" bw="480" slack="0"/>
<pin id="147" dir="0" index="4" bw="32" slack="0"/>
<pin id="148" dir="1" index="5" bw="0" slack="2147483647"/>
</pin_list>
<bind>
<opcode="call(48) " fcode="call"/>
<opset="call_ln1086/1 "/>
</bind>
</comp>

<comp id="152" class="1004" name="grp_int4_swiglu_gather_streams_fu_152">
<pin_list>
<pin id="153" dir="0" index="0" bw="0" slack="0"/>
<pin id="154" dir="0" index="1" bw="480" slack="2"/>
<pin id="155" dir="0" index="2" bw="480" slack="2"/>
<pin id="156" dir="0" index="3" bw="480" slack="2"/>
<pin id="157" dir="0" index="4" bw="480" slack="2"/>
<pin id="158" dir="0" index="5" bw="32" slack="2"/>
<pin id="159" dir="0" index="6" bw="32" slack="2"/>
<pin id="160" dir="0" index="7" bw="32" slack="2"/>
<pin id="161" dir="0" index="8" bw="32" slack="2"/>
<pin id="162" dir="0" index="9" bw="480" slack="0"/>
<pin id="163" dir="0" index="10" bw="32" slack="0"/>
<pin id="164" dir="1" index="11" bw="0" slack="2147483647"/>
</pin_list>
<bind>
<opcode="call(48) " fcode="call"/>
<opset="call_ln1088/3 "/>
</bind>
</comp>

<comp id="168" class="1005" name="quantized_pe0_reg_168">
<pin_list>
<pin id="169" dir="0" index="0" bw="480" slack="0"/>
<pin id="170" dir="1" index="1" bw="480" slack="0"/>
</pin_list>
<bind>
<opset="quantized_pe0 "/>
</bind>
</comp>

<comp id="174" class="1005" name="quantized_pe1_reg_174">
<pin_list>
<pin id="175" dir="0" index="0" bw="480" slack="0"/>
<pin id="176" dir="1" index="1" bw="480" slack="0"/>
</pin_list>
<bind>
<opset="quantized_pe1 "/>
</bind>
</comp>

<comp id="180" class="1005" name="quantized_pe2_reg_180">
<pin_list>
<pin id="181" dir="0" index="0" bw="480" slack="0"/>
<pin id="182" dir="1" index="1" bw="480" slack="0"/>
</pin_list>
<bind>
<opset="quantized_pe2 "/>
</bind>
</comp>

<comp id="186" class="1005" name="quantized_pe3_reg_186">
<pin_list>
<pin id="187" dir="0" index="0" bw="480" slack="0"/>
<pin id="188" dir="1" index="1" bw="480" slack="0"/>
</pin_list>
<bind>
<opset="quantized_pe3 "/>
</bind>
</comp>

<comp id="192" class="1005" name="scale_pe0_reg_192">
<pin_list>
<pin id="193" dir="0" index="0" bw="32" slack="0"/>
<pin id="194" dir="1" index="1" bw="32" slack="0"/>
</pin_list>
<bind>
<opset="scale_pe0 "/>
</bind>
</comp>

<comp id="198" class="1005" name="scale_pe1_reg_198">
<pin_list>
<pin id="199" dir="0" index="0" bw="32" slack="0"/>
<pin id="200" dir="1" index="1" bw="32" slack="0"/>
</pin_list>
<bind>
<opset="scale_pe1 "/>
</bind>
</comp>

<comp id="204" class="1005" name="scale_pe2_reg_204">
<pin_list>
<pin id="205" dir="0" index="0" bw="32" slack="0"/>
<pin id="206" dir="1" index="1" bw="32" slack="0"/>
</pin_list>
<bind>
<opset="scale_pe2 "/>
</bind>
</comp>

<comp id="210" class="1005" name="scale_pe3_reg_210">
<pin_list>
<pin id="211" dir="0" index="0" bw="32" slack="0"/>
<pin id="212" dir="1" index="1" bw="32" slack="0"/>
</pin_list>
<bind>
<opset="scale_pe3 "/>
</bind>
</comp>

</comp_list>

<net_list>
<net id="83"><net_src comp="20" pin="0"/><net_sink comp="80" pin=0"/></net>

<net id="87"><net_src comp="20" pin="0"/><net_sink comp="84" pin=0"/></net>

<net id="91"><net_src comp="20" pin="0"/><net_sink comp="88" pin=0"/></net>

<net id="95"><net_src comp="20" pin="0"/><net_sink comp="92" pin=0"/></net>

<net id="99"><net_src comp="20" pin="0"/><net_sink comp="96" pin=0"/></net>

<net id="103"><net_src comp="20" pin="0"/><net_sink comp="100" pin=0"/></net>

<net id="107"><net_src comp="20" pin="0"/><net_sink comp="104" pin=0"/></net>

<net id="111"><net_src comp="20" pin="0"/><net_sink comp="108" pin=0"/></net>

<net id="119"><net_src comp="22" pin="0"/><net_sink comp="112" pin=0"/></net>

<net id="120"><net_src comp="0" pin="0"/><net_sink comp="112" pin=1"/></net>

<net id="121"><net_src comp="8" pin="0"/><net_sink comp="112" pin=2"/></net>

<net id="129"><net_src comp="24" pin="0"/><net_sink comp="122" pin=0"/></net>

<net id="130"><net_src comp="2" pin="0"/><net_sink comp="122" pin=1"/></net>

<net id="131"><net_src comp="10" pin="0"/><net_sink comp="122" pin=2"/></net>

<net id="139"><net_src comp="26" pin="0"/><net_sink comp="132" pin=0"/></net>

<net id="140"><net_src comp="4" pin="0"/><net_sink comp="132" pin=1"/></net>

<net id="141"><net_src comp="12" pin="0"/><net_sink comp="132" pin=2"/></net>

<net id="149"><net_src comp="28" pin="0"/><net_sink comp="142" pin=0"/></net>

<net id="150"><net_src comp="6" pin="0"/><net_sink comp="142" pin=1"/></net>

<net id="151"><net_src comp="14" pin="0"/><net_sink comp="142" pin=2"/></net>

<net id="165"><net_src comp="30" pin="0"/><net_sink comp="152" pin=0"/></net>

<net id="166"><net_src comp="16" pin="0"/><net_sink comp="152" pin=9"/></net>

<net id="167"><net_src comp="18" pin="0"/><net_sink comp="152" pin=10"/></net>

<net id="171"><net_src comp="80" pin="1"/><net_sink comp="168" pin=0"/></net>

<net id="172"><net_src comp="168" pin="1"/><net_sink comp="112" pin=3"/></net>

<net id="173"><net_src comp="168" pin="1"/><net_sink comp="152" pin=1"/></net>

<net id="177"><net_src comp="84" pin="1"/><net_sink comp="174" pin=0"/></net>

<net id="178"><net_src comp="174" pin="1"/><net_sink comp="122" pin=3"/></net>

<net id="179"><net_src comp="174" pin="1"/><net_sink comp="152" pin=2"/></net>

<net id="183"><net_src comp="88" pin="1"/><net_sink comp="180" pin=0"/></net>

<net id="184"><net_src comp="180" pin="1"/><net_sink comp="132" pin=3"/></net>

<net id="185"><net_src comp="180" pin="1"/><net_sink comp="152" pin=3"/></net>

<net id="189"><net_src comp="92" pin="1"/><net_sink comp="186" pin=0"/></net>

<net id="190"><net_src comp="186" pin="1"/><net_sink comp="142" pin=3"/></net>

<net id="191"><net_src comp="186" pin="1"/><net_sink comp="152" pin=4"/></net>

<net id="195"><net_src comp="96" pin="1"/><net_sink comp="192" pin=0"/></net>

<net id="196"><net_src comp="192" pin="1"/><net_sink comp="112" pin=4"/></net>

<net id="197"><net_src comp="192" pin="1"/><net_sink comp="152" pin=5"/></net>

<net id="201"><net_src comp="100" pin="1"/><net_sink comp="198" pin=0"/></net>

<net id="202"><net_src comp="198" pin="1"/><net_sink comp="122" pin=4"/></net>

<net id="203"><net_src comp="198" pin="1"/><net_sink comp="152" pin=6"/></net>

<net id="207"><net_src comp="104" pin="1"/><net_sink comp="204" pin=0"/></net>

<net id="208"><net_src comp="204" pin="1"/><net_sink comp="132" pin=4"/></net>

<net id="209"><net_src comp="204" pin="1"/><net_sink comp="152" pin=7"/></net>

<net id="213"><net_src comp="108" pin="1"/><net_sink comp="210" pin=0"/></net>

<net id="214"><net_src comp="210" pin="1"/><net_sink comp="142" pin=4"/></net>

<net id="215"><net_src comp="210" pin="1"/><net_sink comp="152" pin=8"/></net>

</net_list>

</model> 
---------------- Datapath Model END ------------------

* FSMD analyzer results:
  - Output states:
	Port: quantized_stream | {3 4 }
	Port: scale_stream | {3 4 }
 - Input state : 
	Port: int4_swiglu_quantize_four_pes_stream : gate_pe0 | {1 2 }
	Port: int4_swiglu_quantize_four_pes_stream : gate_pe1 | {1 2 }
	Port: int4_swiglu_quantize_four_pes_stream : gate_pe2 | {1 2 }
	Port: int4_swiglu_quantize_four_pes_stream : gate_pe3 | {1 2 }
	Port: int4_swiglu_quantize_four_pes_stream : up_pe0 | {1 2 }
	Port: int4_swiglu_quantize_four_pes_stream : up_pe1 | {1 2 }
	Port: int4_swiglu_quantize_four_pes_stream : up_pe2 | {1 2 }
	Port: int4_swiglu_quantize_four_pes_stream : up_pe3 | {1 2 }
  - Chain level:
	State 1
		call_ln1080 : 1
		call_ln1082 : 1
		call_ln1084 : 1
		call_ln1086 : 1
	State 2
	State 3
	State 4


============================================================
+ Verbose Summary: Datapath Resource usage 
============================================================

* Functional unit list:
|----------|---------------------------------------|---------|---------|---------|---------|---------|
| Operation|            Functional Unit            |   BRAM  |   DSP   |  Delay  |    FF   |   LUT   |
|----------|---------------------------------------|---------|---------|---------|---------|---------|
|          |  grp_int4_swiglu_quantize_pe0_fu_112  |    1    |    23   |  3.096  |   4410  |   2528  |
|          |  grp_int4_swiglu_quantize_pe1_fu_122  |    1    |    23   |  3.096  |   4410  |   2528  |
|   call   |  grp_int4_swiglu_quantize_pe2_fu_132  |    1    |    23   |  3.096  |   4410  |   2528  |
|          |  grp_int4_swiglu_quantize_pe3_fu_142  |    1    |    23   |  3.096  |   4410  |   2528  |
|          | grp_int4_swiglu_gather_streams_fu_152 |    0    |    0    |    0    |   2598  |   116   |
|----------|---------------------------------------|---------|---------|---------|---------|---------|
|   Total  |                                       |    4    |    92   |  12.384 |  20238  |  10228  |
|----------|---------------------------------------|---------|---------|---------|---------|---------|

Memories:
N/A

* Register list:
+---------------------+--------+
|                     |   FF   |
+---------------------+--------+
|quantized_pe0_reg_168|   480  |
|quantized_pe1_reg_174|   480  |
|quantized_pe2_reg_180|   480  |
|quantized_pe3_reg_186|   480  |
|  scale_pe0_reg_192  |   32   |
|  scale_pe1_reg_198  |   32   |
|  scale_pe2_reg_204  |   32   |
|  scale_pe3_reg_210  |   32   |
+---------------------+--------+
|        Total        |  2048  |
+---------------------+--------+

* Multiplexer (MUX) list: 
|--------|------|------|------|--------|
|  Comp  |  Pin | Size |  BW  | S x BW |
|--------|------|------|------|--------|
|  Total |      |      |      |    0   |
|--------|------|------|------|--------|



* Summary:
+-----------+--------+--------+--------+--------+--------+
|           |  BRAM  |   DSP  |  Delay |   FF   |   LUT  |
+-----------+--------+--------+--------+--------+--------+
|  Function |    4   |   92   |   12   |  20238 |  10228 |
|   Memory  |    -   |    -   |    -   |    -   |    -   |
|Multiplexer|    -   |    -   |    -   |    -   |    -   |
|  Register |    -   |    -   |    -   |  2048  |    -   |
+-----------+--------+--------+--------+--------+--------+
|   Total   |    4   |   92   |   12   |  22286 |  10228 |
+-----------+--------+--------+--------+--------+--------+
