

================================================================
== Vitis HLS Report for 'int4_swiglu_quantize_pe0_Pipeline_swiglu_word_loop_swiglu_lane_loop'
================================================================
* Date:           Tue Aug 11 09:17:04 2026

* Version:        2023.2 (Build 4023990 on Oct 11 2023)
* Project:        proj_int4_decoder_xo
* Solution:       solution1 (Vitis Kernel Flow Target)
* Product family: virtexuplus
* Target device:  xcu250-figd2104-2L-e


================================================================
== Performance Estimates
================================================================
+ Timing: 
    * Summary: 
    +--------+---------+----------+------------+
    |  Clock |  Target | Estimated| Uncertainty|
    +--------+---------+----------+------------+
    |ap_clk  |  3.33 ns|  2.466 ns|     0.90 ns|
    +--------+---------+----------+------------+

+ Latency: 
    * Summary: 
    +---------+---------+----------+----------+-----+-----+---------+
    |  Latency (cycles) |  Latency (absolute) |  Interval | Pipeline|
    |   min   |   max   |    min   |    max   | min | max |   Type  |
    +---------+---------+----------+----------+-----+-----+---------+
    |       78|       78|  0.260 us|  0.260 us|   78|   78|       no|
    +---------+---------+----------+----------+-----+-----+---------+

    + Detail: 
        * Instance: 
        N/A

        * Loop: 
        +-------------------------------------+---------+---------+----------+-----------+-----------+------+----------+
        |                                     |  Latency (cycles) | Iteration|  Initiation Interval  | Trip |          |
        |              Loop Name              |   min   |   max   |  Latency |  achieved |   target  | Count| Pipelined|
        +-------------------------------------+---------+---------+----------+-----------+-----------+------+----------+
        |- swiglu_word_loop_swiglu_lane_loop  |       76|       76|        46|          1|          1|    32|       yes|
        +-------------------------------------+---------+---------+----------+-----------+-----------+------+----------+

============================================================
+ Verbose Summary: Synthesis Manager
============================================================
InlineROM: 1
ExposeGlobal: 0
============================================================
+ Verbose Summary: CDFG Model
============================================================
IsTopModel: 0
ResetActiveHigh: 1
IsCombinational: 0
IsDatapathOnly: 0
HasWiredReturn: 1
HasMFsm: 2
HasVarLatency: 1
IsPipeline: 0
IsRtlPipelined: 0
IsInstanceOverlapped: 0
IsDontTouch: 0
HasImplIP: 0
IsGatedGlobalClock: 0

+ Individual pipeline summary: 
  * Pipeline-0: initiation interval (II) = 1, depth = 46


============================================================
+ Verbose Summary: Schedule
============================================================
* Number of FSM states : 46
* Pipeline : 1
  Pipeline-0 : II = 1, D = 46, States = { 1 2 3 4 5 6 7 8 9 10 11 12 13 14 15 16 17 18 19 20 21 22 23 24 25 26 27 28 29 30 31 32 33 34 35 36 37 38 39 40 41 42 43 44 45 46 }
* Dataflow Pipeline: 0

* FSM state transitions: 
1 --> 2 
2 --> 3 
3 --> 4 
4 --> 5 
5 --> 6 
6 --> 7 
7 --> 8 
8 --> 9 
9 --> 10 
10 --> 11 
11 --> 12 
12 --> 13 
13 --> 14 
14 --> 15 
15 --> 16 
16 --> 17 
17 --> 18 
18 --> 19 
19 --> 20 
20 --> 21 
21 --> 22 
22 --> 23 
23 --> 24 
24 --> 25 
25 --> 26 
26 --> 27 
27 --> 28 
28 --> 29 
29 --> 30 
30 --> 31 
31 --> 32 
32 --> 33 
33 --> 34 
34 --> 35 
35 --> 36 
36 --> 37 
37 --> 38 
38 --> 39 
39 --> 40 
40 --> 41 
41 --> 42 
42 --> 43 
43 --> 44 
44 --> 45 
45 --> 46 
46 --> 

* FSM state operations: 

State 1 <SV = 0> <Delay = 2.46>
ST_1 : Operation 49 [1/1] (0.00ns)   --->   "%max_abs_bits_4 = alloca i32 1" [source/int4_decoder_blocks.cpp:721->source/int4_decoder_blocks.cpp:811]   --->   Operation 49 'alloca' 'max_abs_bits_4' <Predicate = true> <Delay = 0.00>
ST_1 : Operation 50 [1/1] (0.00ns)   --->   "%lane = alloca i32 1" [source/int4_decoder_blocks.cpp:738->source/int4_decoder_blocks.cpp:811]   --->   Operation 50 'alloca' 'lane' <Predicate = true> <Delay = 0.00>
ST_1 : Operation 51 [1/1] (0.00ns)   --->   "%word_in_group = alloca i32 1" [source/int4_decoder_blocks.cpp:724->source/int4_decoder_blocks.cpp:811]   --->   Operation 51 'alloca' 'word_in_group' <Predicate = true> <Delay = 0.00>
ST_1 : Operation 52 [1/1] (0.00ns)   --->   "%indvar_flatten = alloca i32 1"   --->   Operation 52 'alloca' 'indvar_flatten' <Predicate = true> <Delay = 0.00>
ST_1 : Operation 53 [1/1] (0.00ns)   --->   "%up_load1 = alloca i32 1"   --->   Operation 53 'alloca' 'up_load1' <Predicate = true> <Delay = 0.00>
ST_1 : Operation 54 [1/1] (0.00ns)   --->   "%gate_load3 = alloca i32 1"   --->   Operation 54 'alloca' 'gate_load3' <Predicate = true> <Delay = 0.00>
ST_1 : Operation 55 [1/1] (0.00ns)   --->   "%specmemcore_ln0 = specmemcore void @_ssdm_op_SpecMemCore, i32 %swiglu_group, i64 666, i64 18, i64 1"   --->   Operation 55 'specmemcore' 'specmemcore_ln0' <Predicate = true> <Delay = 0.00>
ST_1 : Operation 56 [1/1] (0.00ns)   --->   "%specmemcore_ln0 = specmemcore void @_ssdm_op_SpecMemCore, i512 %gate, i64 666, i64 18, i64 18446744073709551615"   --->   Operation 56 'specmemcore' 'specmemcore_ln0' <Predicate = true> <Delay = 0.00>
ST_1 : Operation 57 [1/1] (0.00ns)   --->   "%specmemcore_ln0 = specmemcore void @_ssdm_op_SpecMemCore, i512 %up, i64 666, i64 18, i64 18446744073709551615"   --->   Operation 57 'specmemcore' 'specmemcore_ln0' <Predicate = true> <Delay = 0.00>
ST_1 : Operation 58 [1/1] (0.00ns)   --->   "%tmp_55_read = read i8 @_ssdm_op_Read.ap_auto.i8, i8 %tmp_55"   --->   Operation 58 'read' 'tmp_55_read' <Predicate = true> <Delay = 0.00>
ST_1 : Operation 59 [1/1] (0.38ns)   --->   "%store_ln0 = store i6 0, i6 %indvar_flatten"   --->   Operation 59 'store' 'store_ln0' <Predicate = true> <Delay = 0.38>
ST_1 : Operation 60 [1/1] (0.38ns)   --->   "%store_ln724 = store i2 0, i2 %word_in_group" [source/int4_decoder_blocks.cpp:724->source/int4_decoder_blocks.cpp:811]   --->   Operation 60 'store' 'store_ln724' <Predicate = true> <Delay = 0.38>
ST_1 : Operation 61 [1/1] (0.38ns)   --->   "%store_ln738 = store i5 0, i5 %lane" [source/int4_decoder_blocks.cpp:738->source/int4_decoder_blocks.cpp:811]   --->   Operation 61 'store' 'store_ln738' <Predicate = true> <Delay = 0.38>
ST_1 : Operation 62 [1/1] (0.38ns)   --->   "%store_ln721 = store i32 0, i32 %max_abs_bits_4" [source/int4_decoder_blocks.cpp:721->source/int4_decoder_blocks.cpp:811]   --->   Operation 62 'store' 'store_ln721' <Predicate = true> <Delay = 0.38>
ST_1 : Operation 63 [1/1] (0.38ns)   --->   "%br_ln0 = br void %for.body11.i"   --->   Operation 63 'br' 'br_ln0' <Predicate = true> <Delay = 0.38>
ST_1 : Operation 64 [1/1] (0.00ns)   --->   "%first_iter_0 = phi i1 1, void %newFuncRoot, i1 0, void %for.body11.i.split"   --->   Operation 64 'phi' 'first_iter_0' <Predicate = true> <Delay = 0.00>
ST_1 : Operation 65 [1/1] (0.00ns)   --->   "%indvar_flatten_load = load i6 %indvar_flatten" [source/int4_decoder_blocks.cpp:725->source/int4_decoder_blocks.cpp:811]   --->   Operation 65 'load' 'indvar_flatten_load' <Predicate = true> <Delay = 0.00>
ST_1 : Operation 66 [1/1] (0.70ns)   --->   "%icmp_ln725 = icmp_eq  i6 %indvar_flatten_load, i6 32" [source/int4_decoder_blocks.cpp:725->source/int4_decoder_blocks.cpp:811]   --->   Operation 66 'icmp' 'icmp_ln725' <Predicate = true> <Delay = 0.70> <CoreInst = "Cmp">   --->   Core 9 'Cmp' <Latency = 0> <II = 1> <Delay = 0.70> <FuncUnit> <Opcode : 'icmp'> <InPorts = 2> <OutPorts = 1>
ST_1 : Operation 67 [1/1] (0.70ns)   --->   "%add_ln725 = add i6 %indvar_flatten_load, i6 1" [source/int4_decoder_blocks.cpp:725->source/int4_decoder_blocks.cpp:811]   --->   Operation 67 'add' 'add_ln725' <Predicate = true> <Delay = 0.70> <CoreInst = "Adder">   --->   Core 1 'Adder' <Latency = 0> <II = 1> <Delay = 0.70> <FuncUnit> <Opcode : 'add' 'sub'> <InPorts = 2> <OutPorts = 1>
ST_1 : Operation 68 [1/1] (0.00ns)   --->   "%br_ln725 = br i1 %icmp_ln725, void %for.cond.cleanup10.i, void %for.cond.cleanup3.i.exitStub" [source/int4_decoder_blocks.cpp:725->source/int4_decoder_blocks.cpp:811]   --->   Operation 68 'br' 'br_ln725' <Predicate = true> <Delay = 0.00>
ST_1 : Operation 69 [1/1] (0.00ns)   --->   "%lane_load = load i5 %lane" [source/int4_decoder_blocks.cpp:739->source/int4_decoder_blocks.cpp:811]   --->   Operation 69 'load' 'lane_load' <Predicate = (!icmp_ln725)> <Delay = 0.00>
ST_1 : Operation 70 [1/1] (0.00ns)   --->   "%word_in_group_load = load i2 %word_in_group" [source/int4_decoder_blocks.cpp:726->source/int4_decoder_blocks.cpp:811]   --->   Operation 70 'load' 'word_in_group_load' <Predicate = (!icmp_ln725)> <Delay = 0.00>
ST_1 : Operation 71 [1/1] (0.70ns)   --->   "%icmp_ln739 = icmp_eq  i5 %lane_load, i5 16" [source/int4_decoder_blocks.cpp:739->source/int4_decoder_blocks.cpp:811]   --->   Operation 71 'icmp' 'icmp_ln739' <Predicate = (!icmp_ln725)> <Delay = 0.70> <CoreInst = "Cmp">   --->   Core 9 'Cmp' <Latency = 0> <II = 1> <Delay = 0.70> <FuncUnit> <Opcode : 'icmp'> <InPorts = 2> <OutPorts = 1>
ST_1 : Operation 72 [1/1] (0.12ns)   --->   "%or_ln721 = or i1 %icmp_ln739, i1 %first_iter_0" [source/int4_decoder_blocks.cpp:721->source/int4_decoder_blocks.cpp:811]   --->   Operation 72 'or' 'or_ln721' <Predicate = (!icmp_ln725)> <Delay = 0.12> <CoreInst = "LogicGate">   --->   Core 74 'LogicGate' <Latency = 0> <II = 1> <Delay = 0.12> <FuncUnit> <Opcode : 'and' 'or' 'xor'> <InPorts = 2> <OutPorts = 1>
ST_1 : Operation 73 [1/1] (0.27ns)   --->   "%select_ln721 = select i1 %icmp_ln739, i5 0, i5 %lane_load" [source/int4_decoder_blocks.cpp:721->source/int4_decoder_blocks.cpp:811]   --->   Operation 73 'select' 'select_ln721' <Predicate = (!icmp_ln725)> <Delay = 0.27> <CoreInst = "Sel">   --->   Core 73 'Sel' <Latency = 0> <II = 1> <Delay = 0.27> <FuncUnit> <Opcode : 'select'> <InPorts = 3> <OutPorts = 1>
ST_1 : Operation 74 [1/1] (0.43ns)   --->   "%add_ln726 = add i2 %word_in_group_load, i2 1" [source/int4_decoder_blocks.cpp:726->source/int4_decoder_blocks.cpp:811]   --->   Operation 74 'add' 'add_ln726' <Predicate = (!icmp_ln725)> <Delay = 0.43> <CoreInst = "Adder">   --->   Core 1 'Adder' <Latency = 0> <II = 1> <Delay = 0.43> <FuncUnit> <Opcode : 'add' 'sub'> <InPorts = 2> <OutPorts = 1>
ST_1 : Operation 75 [1/1] (0.27ns)   --->   "%select_ln725 = select i1 %icmp_ln739, i2 %add_ln726, i2 %word_in_group_load" [source/int4_decoder_blocks.cpp:725->source/int4_decoder_blocks.cpp:811]   --->   Operation 75 'select' 'select_ln725' <Predicate = (!icmp_ln725)> <Delay = 0.27> <CoreInst = "Sel">   --->   Core 73 'Sel' <Latency = 0> <II = 1> <Delay = 0.27> <FuncUnit> <Opcode : 'select'> <InPorts = 3> <OutPorts = 1>
ST_1 : Operation 76 [1/1] (0.00ns)   --->   "%br_ln738 = br i1 %or_ln721, void %for.body11.i.split, void %for.first.iter.for.body11.i" [source/int4_decoder_blocks.cpp:738->source/int4_decoder_blocks.cpp:811]   --->   Operation 76 'br' 'br_ln738' <Predicate = (!icmp_ln725)> <Delay = 0.00>
ST_1 : Operation 77 [1/1] (0.70ns)   --->   "%add_ln740 = add i5 %select_ln721, i5 1" [source/int4_decoder_blocks.cpp:740->source/int4_decoder_blocks.cpp:811]   --->   Operation 77 'add' 'add_ln740' <Predicate = (!icmp_ln725)> <Delay = 0.70> <CoreInst = "Adder">   --->   Core 1 'Adder' <Latency = 0> <II = 1> <Delay = 0.70> <FuncUnit> <Opcode : 'add' 'sub'> <InPorts = 2> <OutPorts = 1>
ST_1 : Operation 78 [1/1] (0.38ns)   --->   "%store_ln725 = store i6 %add_ln725, i6 %indvar_flatten" [source/int4_decoder_blocks.cpp:725->source/int4_decoder_blocks.cpp:811]   --->   Operation 78 'store' 'store_ln725' <Predicate = (!icmp_ln725)> <Delay = 0.38>
ST_1 : Operation 79 [1/1] (0.38ns)   --->   "%store_ln724 = store i2 %select_ln725, i2 %word_in_group" [source/int4_decoder_blocks.cpp:724->source/int4_decoder_blocks.cpp:811]   --->   Operation 79 'store' 'store_ln724' <Predicate = (!icmp_ln725)> <Delay = 0.38>
ST_1 : Operation 80 [1/1] (0.38ns)   --->   "%store_ln738 = store i5 %add_ln740, i5 %lane" [source/int4_decoder_blocks.cpp:738->source/int4_decoder_blocks.cpp:811]   --->   Operation 80 'store' 'store_ln738' <Predicate = (!icmp_ln725)> <Delay = 0.38>
ST_1 : Operation 81 [1/1] (0.00ns)   --->   "%br_ln738 = br void %for.body11.i" [source/int4_decoder_blocks.cpp:738->source/int4_decoder_blocks.cpp:811]   --->   Operation 81 'br' 'br_ln738' <Predicate = (!icmp_ln725)> <Delay = 0.00>

State 2 <SV = 1> <Delay = 1.90>
ST_2 : Operation 82 [1/1] (0.00ns)   --->   "%specloopname_ln0 = specloopname void @_ssdm_op_SpecLoopName, void @swiglu_word_loop_swiglu_lane_loop_str"   --->   Operation 82 'specloopname' 'specloopname_ln0' <Predicate = true> <Delay = 0.00>
ST_2 : Operation 83 [1/1] (0.00ns)   --->   "%speclooptripcount_ln0 = speclooptripcount void @_ssdm_op_SpecLoopTripCount, i64 32, i64 32, i64 32"   --->   Operation 83 'speclooptripcount' 'speclooptripcount_ln0' <Predicate = true> <Delay = 0.00>
ST_2 : Operation 84 [1/1] (0.00ns)   --->   "%zext_ln725 = zext i2 %select_ln725" [source/int4_decoder_blocks.cpp:725->source/int4_decoder_blocks.cpp:811]   --->   Operation 84 'zext' 'zext_ln725' <Predicate = true> <Delay = 0.00>
ST_2 : Operation 85 [1/1] (0.70ns)   --->   "%add_ln727 = add i8 %tmp_55_read, i8 %zext_ln725" [source/int4_decoder_blocks.cpp:727->source/int4_decoder_blocks.cpp:811]   --->   Operation 85 'add' 'add_ln727' <Predicate = true> <Delay = 0.70> <CoreInst = "Adder">   --->   Core 1 'Adder' <Latency = 0> <II = 1> <Delay = 0.70> <FuncUnit> <Opcode : 'add' 'sub'> <InPorts = 2> <OutPorts = 1>
ST_2 : Operation 86 [1/1] (0.00ns)   --->   "%add_ln727_cast = zext i8 %add_ln727" [source/int4_decoder_blocks.cpp:727->source/int4_decoder_blocks.cpp:811]   --->   Operation 86 'zext' 'add_ln727_cast' <Predicate = true> <Delay = 0.00>
ST_2 : Operation 87 [1/1] (0.00ns)   --->   "%gate_addr = getelementptr i512 %gate, i64 0, i64 %add_ln727_cast" [source/int4_decoder_blocks.cpp:727->source/int4_decoder_blocks.cpp:811]   --->   Operation 87 'getelementptr' 'gate_addr' <Predicate = true> <Delay = 0.00>
ST_2 : Operation 88 [1/1] (0.00ns)   --->   "%up_addr = getelementptr i512 %up, i64 0, i64 %add_ln727_cast" [source/int4_decoder_blocks.cpp:727->source/int4_decoder_blocks.cpp:811]   --->   Operation 88 'getelementptr' 'up_addr' <Predicate = true> <Delay = 0.00>
ST_2 : Operation 89 [2/2] (1.20ns)   --->   "%gate_load = load i8 %gate_addr" [source/int4_decoder_blocks.cpp:727->source/int4_decoder_blocks.cpp:811]   --->   Operation 89 'load' 'gate_load' <Predicate = (or_ln721)> <Delay = 1.20> <CoreInst = "RAM_1P_BRAM">   --->   Core 90 'RAM_1P_BRAM' <Latency = 1> <II = 1> <Delay = 1.20> <Storage> <Opcode : 'load' 'store'> <Ports = 1> <Width = 512> <Depth = 176> <RAM>
ST_2 : Operation 90 [1/1] (0.00ns)   --->   "%empty = trunc i2 %select_ln725" [source/int4_decoder_blocks.cpp:725->source/int4_decoder_blocks.cpp:811]   --->   Operation 90 'trunc' 'empty' <Predicate = (!icmp_ln725)> <Delay = 0.00>

State 3 <SV = 2> <Delay = 1.20>
ST_3 : Operation 91 [1/2] (1.20ns)   --->   "%gate_load = load i8 %gate_addr" [source/int4_decoder_blocks.cpp:727->source/int4_decoder_blocks.cpp:811]   --->   Operation 91 'load' 'gate_load' <Predicate = (or_ln721)> <Delay = 1.20> <CoreInst = "RAM_1P_BRAM">   --->   Core 90 'RAM_1P_BRAM' <Latency = 1> <II = 1> <Delay = 1.20> <Storage> <Opcode : 'load' 'store'> <Ports = 1> <Width = 512> <Depth = 176> <RAM>
ST_3 : Operation 92 [1/1] (0.00ns)   --->   "%store_ln727 = store i512 %gate_load, i512 %gate_load3" [source/int4_decoder_blocks.cpp:727->source/int4_decoder_blocks.cpp:811]   --->   Operation 92 'store' 'store_ln727' <Predicate = (or_ln721)> <Delay = 0.00>

State 4 <SV = 3> <Delay = 0.70>
ST_4 : Operation 93 [1/1] (0.00ns)   --->   "%gate_load_4 = load i512 %gate_load3" [source/int4_decoder_blocks.cpp:36->source/int4_decoder_blocks.cpp:732->source/int4_decoder_blocks.cpp:811]   --->   Operation 93 'load' 'gate_load_4' <Predicate = (!icmp_ln725)> <Delay = 0.00>
ST_4 : Operation 94 [1/1] (0.00ns)   --->   "%gate_lanes = trunc i512 %gate_load_4" [source/int4_decoder_blocks.cpp:36->source/int4_decoder_blocks.cpp:732->source/int4_decoder_blocks.cpp:811]   --->   Operation 94 'trunc' 'gate_lanes' <Predicate = (!icmp_ln725)> <Delay = 0.00>
ST_4 : Operation 95 [1/1] (0.00ns)   --->   "%gate_lanes_46 = partselect i32 @_ssdm_op_PartSelect.i32.i512.i32.i32, i512 %gate_load_4, i32 32, i32 63" [source/int4_decoder_blocks.cpp:36->source/int4_decoder_blocks.cpp:732->source/int4_decoder_blocks.cpp:811]   --->   Operation 95 'partselect' 'gate_lanes_46' <Predicate = (!icmp_ln725)> <Delay = 0.00>
ST_4 : Operation 96 [1/1] (0.00ns)   --->   "%gate_lanes_47 = partselect i32 @_ssdm_op_PartSelect.i32.i512.i32.i32, i512 %gate_load_4, i32 64, i32 95" [source/int4_decoder_blocks.cpp:36->source/int4_decoder_blocks.cpp:732->source/int4_decoder_blocks.cpp:811]   --->   Operation 96 'partselect' 'gate_lanes_47' <Predicate = (!icmp_ln725)> <Delay = 0.00>
ST_4 : Operation 97 [1/1] (0.00ns)   --->   "%gate_lanes_48 = partselect i32 @_ssdm_op_PartSelect.i32.i512.i32.i32, i512 %gate_load_4, i32 96, i32 127" [source/int4_decoder_blocks.cpp:36->source/int4_decoder_blocks.cpp:732->source/int4_decoder_blocks.cpp:811]   --->   Operation 97 'partselect' 'gate_lanes_48' <Predicate = (!icmp_ln725)> <Delay = 0.00>
ST_4 : Operation 98 [1/1] (0.00ns)   --->   "%gate_lanes_49 = partselect i32 @_ssdm_op_PartSelect.i32.i512.i32.i32, i512 %gate_load_4, i32 128, i32 159" [source/int4_decoder_blocks.cpp:36->source/int4_decoder_blocks.cpp:732->source/int4_decoder_blocks.cpp:811]   --->   Operation 98 'partselect' 'gate_lanes_49' <Predicate = (!icmp_ln725)> <Delay = 0.00>
ST_4 : Operation 99 [1/1] (0.00ns)   --->   "%gate_lanes_50 = partselect i32 @_ssdm_op_PartSelect.i32.i512.i32.i32, i512 %gate_load_4, i32 160, i32 191" [source/int4_decoder_blocks.cpp:36->source/int4_decoder_blocks.cpp:732->source/int4_decoder_blocks.cpp:811]   --->   Operation 99 'partselect' 'gate_lanes_50' <Predicate = (!icmp_ln725)> <Delay = 0.00>
ST_4 : Operation 100 [1/1] (0.00ns)   --->   "%gate_lanes_51 = partselect i32 @_ssdm_op_PartSelect.i32.i512.i32.i32, i512 %gate_load_4, i32 192, i32 223" [source/int4_decoder_blocks.cpp:36->source/int4_decoder_blocks.cpp:732->source/int4_decoder_blocks.cpp:811]   --->   Operation 100 'partselect' 'gate_lanes_51' <Predicate = (!icmp_ln725)> <Delay = 0.00>
ST_4 : Operation 101 [1/1] (0.00ns)   --->   "%gate_lanes_52 = partselect i32 @_ssdm_op_PartSelect.i32.i512.i32.i32, i512 %gate_load_4, i32 224, i32 255" [source/int4_decoder_blocks.cpp:36->source/int4_decoder_blocks.cpp:732->source/int4_decoder_blocks.cpp:811]   --->   Operation 101 'partselect' 'gate_lanes_52' <Predicate = (!icmp_ln725)> <Delay = 0.00>
ST_4 : Operation 102 [1/1] (0.00ns)   --->   "%gate_lanes_53 = partselect i32 @_ssdm_op_PartSelect.i32.i512.i32.i32, i512 %gate_load_4, i32 256, i32 287" [source/int4_decoder_blocks.cpp:36->source/int4_decoder_blocks.cpp:732->source/int4_decoder_blocks.cpp:811]   --->   Operation 102 'partselect' 'gate_lanes_53' <Predicate = (!icmp_ln725)> <Delay = 0.00>
ST_4 : Operation 103 [1/1] (0.00ns)   --->   "%gate_lanes_54 = partselect i32 @_ssdm_op_PartSelect.i32.i512.i32.i32, i512 %gate_load_4, i32 288, i32 319" [source/int4_decoder_blocks.cpp:36->source/int4_decoder_blocks.cpp:732->source/int4_decoder_blocks.cpp:811]   --->   Operation 103 'partselect' 'gate_lanes_54' <Predicate = (!icmp_ln725)> <Delay = 0.00>
ST_4 : Operation 104 [1/1] (0.00ns)   --->   "%gate_lanes_55 = partselect i32 @_ssdm_op_PartSelect.i32.i512.i32.i32, i512 %gate_load_4, i32 320, i32 351" [source/int4_decoder_blocks.cpp:36->source/int4_decoder_blocks.cpp:732->source/int4_decoder_blocks.cpp:811]   --->   Operation 104 'partselect' 'gate_lanes_55' <Predicate = (!icmp_ln725)> <Delay = 0.00>
ST_4 : Operation 105 [1/1] (0.00ns)   --->   "%gate_lanes_56 = partselect i32 @_ssdm_op_PartSelect.i32.i512.i32.i32, i512 %gate_load_4, i32 352, i32 383" [source/int4_decoder_blocks.cpp:36->source/int4_decoder_blocks.cpp:732->source/int4_decoder_blocks.cpp:811]   --->   Operation 105 'partselect' 'gate_lanes_56' <Predicate = (!icmp_ln725)> <Delay = 0.00>
ST_4 : Operation 106 [1/1] (0.00ns)   --->   "%gate_lanes_57 = partselect i32 @_ssdm_op_PartSelect.i32.i512.i32.i32, i512 %gate_load_4, i32 384, i32 415" [source/int4_decoder_blocks.cpp:36->source/int4_decoder_blocks.cpp:732->source/int4_decoder_blocks.cpp:811]   --->   Operation 106 'partselect' 'gate_lanes_57' <Predicate = (!icmp_ln725)> <Delay = 0.00>
ST_4 : Operation 107 [1/1] (0.00ns)   --->   "%gate_lanes_58 = partselect i32 @_ssdm_op_PartSelect.i32.i512.i32.i32, i512 %gate_load_4, i32 416, i32 447" [source/int4_decoder_blocks.cpp:36->source/int4_decoder_blocks.cpp:732->source/int4_decoder_blocks.cpp:811]   --->   Operation 107 'partselect' 'gate_lanes_58' <Predicate = (!icmp_ln725)> <Delay = 0.00>
ST_4 : Operation 108 [1/1] (0.00ns)   --->   "%gate_lanes_59 = partselect i32 @_ssdm_op_PartSelect.i32.i512.i32.i32, i512 %gate_load_4, i32 448, i32 479" [source/int4_decoder_blocks.cpp:36->source/int4_decoder_blocks.cpp:732->source/int4_decoder_blocks.cpp:811]   --->   Operation 108 'partselect' 'gate_lanes_59' <Predicate = (!icmp_ln725)> <Delay = 0.00>
ST_4 : Operation 109 [1/1] (0.00ns)   --->   "%gate_lanes_60 = partselect i32 @_ssdm_op_PartSelect.i32.i512.i32.i32, i512 %gate_load_4, i32 480, i32 511" [source/int4_decoder_blocks.cpp:36->source/int4_decoder_blocks.cpp:732->source/int4_decoder_blocks.cpp:811]   --->   Operation 109 'partselect' 'gate_lanes_60' <Predicate = (!icmp_ln725)> <Delay = 0.00>
ST_4 : Operation 110 [1/1] (0.00ns)   --->   "%tmp_40 = bitconcatenate i5 @_ssdm_op_BitConcatenate.i5.i1.i4, i1 %empty, i4 0" [source/int4_decoder_blocks.cpp:725->source/int4_decoder_blocks.cpp:811]   --->   Operation 110 'bitconcatenate' 'tmp_40' <Predicate = (!icmp_ln725)> <Delay = 0.00>
ST_4 : Operation 111 [1/1] (0.00ns)   --->   "%trunc_ln721 = trunc i5 %select_ln721" [source/int4_decoder_blocks.cpp:721->source/int4_decoder_blocks.cpp:811]   --->   Operation 111 'trunc' 'trunc_ln721' <Predicate = (!icmp_ln725)> <Delay = 0.00>
ST_4 : Operation 112 [1/1] (0.70ns)   --->   "%add_ln743 = add i5 %select_ln721, i5 %tmp_40" [source/int4_decoder_blocks.cpp:743->source/int4_decoder_blocks.cpp:811]   --->   Operation 112 'add' 'add_ln743' <Predicate = (!icmp_ln725)> <Delay = 0.70> <CoreInst = "Adder">   --->   Core 1 'Adder' <Latency = 0> <II = 1> <Delay = 0.70> <FuncUnit> <Opcode : 'add' 'sub'> <InPorts = 2> <OutPorts = 1>
ST_4 : Operation 113 [1/1] (0.49ns)   --->   "%bits = sparsemux i32 @_ssdm_op_SparseMux.ap_auto.16i32.i32.i4, i4 0, i32 %gate_lanes, i4 1, i32 %gate_lanes_46, i4 2, i32 %gate_lanes_47, i4 3, i32 %gate_lanes_48, i4 4, i32 %gate_lanes_49, i4 5, i32 %gate_lanes_50, i4 6, i32 %gate_lanes_51, i4 7, i32 %gate_lanes_52, i4 8, i32 %gate_lanes_53, i4 9, i32 %gate_lanes_54, i4 10, i32 %gate_lanes_55, i4 11, i32 %gate_lanes_56, i4 12, i32 %gate_lanes_57, i4 13, i32 %gate_lanes_58, i4 14, i32 %gate_lanes_59, i4 15, i32 %gate_lanes_60, i32 0, i4 %trunc_ln721" [source/int4_decoder_blocks.cpp:745->source/int4_decoder_blocks.cpp:811]   --->   Operation 113 'sparsemux' 'bits' <Predicate = (!icmp_ln725)> <Delay = 0.49> <CoreInst = "SparseMux">   --->   Core 147 'SparseMux' <Latency = 0> <II = 1> <Delay = 0.49> <FuncUnit> <Opcode : 'sparsemux'> <InPorts = 2> <OutPorts = 1>
ST_4 : Operation 114 [1/1] (0.21ns)   --->   "%xor_ln749 = xor i32 %bits, i32 2147483648" [source/int4_decoder_blocks.cpp:749->source/int4_decoder_blocks.cpp:811]   --->   Operation 114 'xor' 'xor_ln749' <Predicate = (!icmp_ln725)> <Delay = 0.21> <CoreInst = "LogicGate">   --->   Core 74 'LogicGate' <Latency = 0> <II = 1> <Delay = 0.21> <FuncUnit> <Opcode : 'and' 'or' 'xor'> <InPorts = 2> <OutPorts = 1>

State 5 <SV = 4> <Delay = 2.34>
ST_5 : Operation 115 [1/1] (0.00ns)   --->   "%bitcast_ln749 = bitcast i32 %xor_ln749" [source/int4_decoder_blocks.cpp:749->source/int4_decoder_blocks.cpp:811]   --->   Operation 115 'bitcast' 'bitcast_ln749' <Predicate = (!icmp_ln725)> <Delay = 0.00>
ST_5 : Operation 116 [14/14] (2.34ns)   --->   "%tmp_s = fexp i32 @llvm.exp.f32, i32 %bitcast_ln749" [C:\scratch\2023.2\hls_product\689\2023.2\src\shared\hls\clib\hlsmath\src\common\hls_exp_float.cpp:17->C:\scratch\2023.2\hls_product\689\2023.2\src\shared\hls\clib\hlsmath\src\c++\expfloat.cpp:22->source/int4_decoder_blocks.cpp:749->source/int4_decoder_blocks.cpp:811]   --->   Operation 116 'fexp' 'tmp_s' <Predicate = (!icmp_ln725)> <Delay = 2.34> <CoreInst = "FExp_fulldsp">   --->   Core 23 'FExp_fulldsp' <Latency = 13> <II = 1> <Delay = 2.34> <FuncUnit> <Opcode : 'fexp'> <InPorts = 1> <OutPorts = 1>

State 6 <SV = 5> <Delay = 2.34>
ST_6 : Operation 117 [13/14] (2.34ns)   --->   "%tmp_s = fexp i32 @llvm.exp.f32, i32 %bitcast_ln749" [C:\scratch\2023.2\hls_product\689\2023.2\src\shared\hls\clib\hlsmath\src\common\hls_exp_float.cpp:17->C:\scratch\2023.2\hls_product\689\2023.2\src\shared\hls\clib\hlsmath\src\c++\expfloat.cpp:22->source/int4_decoder_blocks.cpp:749->source/int4_decoder_blocks.cpp:811]   --->   Operation 117 'fexp' 'tmp_s' <Predicate = (!icmp_ln725)> <Delay = 2.34> <CoreInst = "FExp_fulldsp">   --->   Core 23 'FExp_fulldsp' <Latency = 13> <II = 1> <Delay = 2.34> <FuncUnit> <Opcode : 'fexp'> <InPorts = 1> <OutPorts = 1>

State 7 <SV = 6> <Delay = 2.34>
ST_7 : Operation 118 [12/14] (2.34ns)   --->   "%tmp_s = fexp i32 @llvm.exp.f32, i32 %bitcast_ln749" [C:\scratch\2023.2\hls_product\689\2023.2\src\shared\hls\clib\hlsmath\src\common\hls_exp_float.cpp:17->C:\scratch\2023.2\hls_product\689\2023.2\src\shared\hls\clib\hlsmath\src\c++\expfloat.cpp:22->source/int4_decoder_blocks.cpp:749->source/int4_decoder_blocks.cpp:811]   --->   Operation 118 'fexp' 'tmp_s' <Predicate = (!icmp_ln725)> <Delay = 2.34> <CoreInst = "FExp_fulldsp">   --->   Core 23 'FExp_fulldsp' <Latency = 13> <II = 1> <Delay = 2.34> <FuncUnit> <Opcode : 'fexp'> <InPorts = 1> <OutPorts = 1>

State 8 <SV = 7> <Delay = 2.34>
ST_8 : Operation 119 [11/14] (2.34ns)   --->   "%tmp_s = fexp i32 @llvm.exp.f32, i32 %bitcast_ln749" [C:\scratch\2023.2\hls_product\689\2023.2\src\shared\hls\clib\hlsmath\src\common\hls_exp_float.cpp:17->C:\scratch\2023.2\hls_product\689\2023.2\src\shared\hls\clib\hlsmath\src\c++\expfloat.cpp:22->source/int4_decoder_blocks.cpp:749->source/int4_decoder_blocks.cpp:811]   --->   Operation 119 'fexp' 'tmp_s' <Predicate = (!icmp_ln725)> <Delay = 2.34> <CoreInst = "FExp_fulldsp">   --->   Core 23 'FExp_fulldsp' <Latency = 13> <II = 1> <Delay = 2.34> <FuncUnit> <Opcode : 'fexp'> <InPorts = 1> <OutPorts = 1>

State 9 <SV = 8> <Delay = 2.34>
ST_9 : Operation 120 [10/14] (2.34ns)   --->   "%tmp_s = fexp i32 @llvm.exp.f32, i32 %bitcast_ln749" [C:\scratch\2023.2\hls_product\689\2023.2\src\shared\hls\clib\hlsmath\src\common\hls_exp_float.cpp:17->C:\scratch\2023.2\hls_product\689\2023.2\src\shared\hls\clib\hlsmath\src\c++\expfloat.cpp:22->source/int4_decoder_blocks.cpp:749->source/int4_decoder_blocks.cpp:811]   --->   Operation 120 'fexp' 'tmp_s' <Predicate = (!icmp_ln725)> <Delay = 2.34> <CoreInst = "FExp_fulldsp">   --->   Core 23 'FExp_fulldsp' <Latency = 13> <II = 1> <Delay = 2.34> <FuncUnit> <Opcode : 'fexp'> <InPorts = 1> <OutPorts = 1>

State 10 <SV = 9> <Delay = 2.34>
ST_10 : Operation 121 [9/14] (2.34ns)   --->   "%tmp_s = fexp i32 @llvm.exp.f32, i32 %bitcast_ln749" [C:\scratch\2023.2\hls_product\689\2023.2\src\shared\hls\clib\hlsmath\src\common\hls_exp_float.cpp:17->C:\scratch\2023.2\hls_product\689\2023.2\src\shared\hls\clib\hlsmath\src\c++\expfloat.cpp:22->source/int4_decoder_blocks.cpp:749->source/int4_decoder_blocks.cpp:811]   --->   Operation 121 'fexp' 'tmp_s' <Predicate = (!icmp_ln725)> <Delay = 2.34> <CoreInst = "FExp_fulldsp">   --->   Core 23 'FExp_fulldsp' <Latency = 13> <II = 1> <Delay = 2.34> <FuncUnit> <Opcode : 'fexp'> <InPorts = 1> <OutPorts = 1>

State 11 <SV = 10> <Delay = 2.34>
ST_11 : Operation 122 [8/14] (2.34ns)   --->   "%tmp_s = fexp i32 @llvm.exp.f32, i32 %bitcast_ln749" [C:\scratch\2023.2\hls_product\689\2023.2\src\shared\hls\clib\hlsmath\src\common\hls_exp_float.cpp:17->C:\scratch\2023.2\hls_product\689\2023.2\src\shared\hls\clib\hlsmath\src\c++\expfloat.cpp:22->source/int4_decoder_blocks.cpp:749->source/int4_decoder_blocks.cpp:811]   --->   Operation 122 'fexp' 'tmp_s' <Predicate = (!icmp_ln725)> <Delay = 2.34> <CoreInst = "FExp_fulldsp">   --->   Core 23 'FExp_fulldsp' <Latency = 13> <II = 1> <Delay = 2.34> <FuncUnit> <Opcode : 'fexp'> <InPorts = 1> <OutPorts = 1>

State 12 <SV = 11> <Delay = 2.34>
ST_12 : Operation 123 [7/14] (2.34ns)   --->   "%tmp_s = fexp i32 @llvm.exp.f32, i32 %bitcast_ln749" [C:\scratch\2023.2\hls_product\689\2023.2\src\shared\hls\clib\hlsmath\src\common\hls_exp_float.cpp:17->C:\scratch\2023.2\hls_product\689\2023.2\src\shared\hls\clib\hlsmath\src\c++\expfloat.cpp:22->source/int4_decoder_blocks.cpp:749->source/int4_decoder_blocks.cpp:811]   --->   Operation 123 'fexp' 'tmp_s' <Predicate = (!icmp_ln725)> <Delay = 2.34> <CoreInst = "FExp_fulldsp">   --->   Core 23 'FExp_fulldsp' <Latency = 13> <II = 1> <Delay = 2.34> <FuncUnit> <Opcode : 'fexp'> <InPorts = 1> <OutPorts = 1>

State 13 <SV = 12> <Delay = 2.34>
ST_13 : Operation 124 [6/14] (2.34ns)   --->   "%tmp_s = fexp i32 @llvm.exp.f32, i32 %bitcast_ln749" [C:\scratch\2023.2\hls_product\689\2023.2\src\shared\hls\clib\hlsmath\src\common\hls_exp_float.cpp:17->C:\scratch\2023.2\hls_product\689\2023.2\src\shared\hls\clib\hlsmath\src\c++\expfloat.cpp:22->source/int4_decoder_blocks.cpp:749->source/int4_decoder_blocks.cpp:811]   --->   Operation 124 'fexp' 'tmp_s' <Predicate = (!icmp_ln725)> <Delay = 2.34> <CoreInst = "FExp_fulldsp">   --->   Core 23 'FExp_fulldsp' <Latency = 13> <II = 1> <Delay = 2.34> <FuncUnit> <Opcode : 'fexp'> <InPorts = 1> <OutPorts = 1>

State 14 <SV = 13> <Delay = 2.34>
ST_14 : Operation 125 [5/14] (2.34ns)   --->   "%tmp_s = fexp i32 @llvm.exp.f32, i32 %bitcast_ln749" [C:\scratch\2023.2\hls_product\689\2023.2\src\shared\hls\clib\hlsmath\src\common\hls_exp_float.cpp:17->C:\scratch\2023.2\hls_product\689\2023.2\src\shared\hls\clib\hlsmath\src\c++\expfloat.cpp:22->source/int4_decoder_blocks.cpp:749->source/int4_decoder_blocks.cpp:811]   --->   Operation 125 'fexp' 'tmp_s' <Predicate = (!icmp_ln725)> <Delay = 2.34> <CoreInst = "FExp_fulldsp">   --->   Core 23 'FExp_fulldsp' <Latency = 13> <II = 1> <Delay = 2.34> <FuncUnit> <Opcode : 'fexp'> <InPorts = 1> <OutPorts = 1>

State 15 <SV = 14> <Delay = 2.34>
ST_15 : Operation 126 [4/14] (2.34ns)   --->   "%tmp_s = fexp i32 @llvm.exp.f32, i32 %bitcast_ln749" [C:\scratch\2023.2\hls_product\689\2023.2\src\shared\hls\clib\hlsmath\src\common\hls_exp_float.cpp:17->C:\scratch\2023.2\hls_product\689\2023.2\src\shared\hls\clib\hlsmath\src\c++\expfloat.cpp:22->source/int4_decoder_blocks.cpp:749->source/int4_decoder_blocks.cpp:811]   --->   Operation 126 'fexp' 'tmp_s' <Predicate = (!icmp_ln725)> <Delay = 2.34> <CoreInst = "FExp_fulldsp">   --->   Core 23 'FExp_fulldsp' <Latency = 13> <II = 1> <Delay = 2.34> <FuncUnit> <Opcode : 'fexp'> <InPorts = 1> <OutPorts = 1>

State 16 <SV = 15> <Delay = 2.34>
ST_16 : Operation 127 [3/14] (2.34ns)   --->   "%tmp_s = fexp i32 @llvm.exp.f32, i32 %bitcast_ln749" [C:\scratch\2023.2\hls_product\689\2023.2\src\shared\hls\clib\hlsmath\src\common\hls_exp_float.cpp:17->C:\scratch\2023.2\hls_product\689\2023.2\src\shared\hls\clib\hlsmath\src\c++\expfloat.cpp:22->source/int4_decoder_blocks.cpp:749->source/int4_decoder_blocks.cpp:811]   --->   Operation 127 'fexp' 'tmp_s' <Predicate = (!icmp_ln725)> <Delay = 2.34> <CoreInst = "FExp_fulldsp">   --->   Core 23 'FExp_fulldsp' <Latency = 13> <II = 1> <Delay = 2.34> <FuncUnit> <Opcode : 'fexp'> <InPorts = 1> <OutPorts = 1>

State 17 <SV = 16> <Delay = 2.34>
ST_17 : Operation 128 [2/14] (2.34ns)   --->   "%tmp_s = fexp i32 @llvm.exp.f32, i32 %bitcast_ln749" [C:\scratch\2023.2\hls_product\689\2023.2\src\shared\hls\clib\hlsmath\src\common\hls_exp_float.cpp:17->C:\scratch\2023.2\hls_product\689\2023.2\src\shared\hls\clib\hlsmath\src\c++\expfloat.cpp:22->source/int4_decoder_blocks.cpp:749->source/int4_decoder_blocks.cpp:811]   --->   Operation 128 'fexp' 'tmp_s' <Predicate = (!icmp_ln725)> <Delay = 2.34> <CoreInst = "FExp_fulldsp">   --->   Core 23 'FExp_fulldsp' <Latency = 13> <II = 1> <Delay = 2.34> <FuncUnit> <Opcode : 'fexp'> <InPorts = 1> <OutPorts = 1>

State 18 <SV = 17> <Delay = 2.34>
ST_18 : Operation 129 [1/14] (2.34ns)   --->   "%tmp_s = fexp i32 @llvm.exp.f32, i32 %bitcast_ln749" [C:\scratch\2023.2\hls_product\689\2023.2\src\shared\hls\clib\hlsmath\src\common\hls_exp_float.cpp:17->C:\scratch\2023.2\hls_product\689\2023.2\src\shared\hls\clib\hlsmath\src\c++\expfloat.cpp:22->source/int4_decoder_blocks.cpp:749->source/int4_decoder_blocks.cpp:811]   --->   Operation 129 'fexp' 'tmp_s' <Predicate = (!icmp_ln725)> <Delay = 2.34> <CoreInst = "FExp_fulldsp">   --->   Core 23 'FExp_fulldsp' <Latency = 13> <II = 1> <Delay = 2.34> <FuncUnit> <Opcode : 'fexp'> <InPorts = 1> <OutPorts = 1>

State 19 <SV = 18> <Delay = 2.34>
ST_19 : Operation 130 [7/7] (2.34ns)   --->   "%add21_i = fadd i32 %tmp_s, i32 1" [source/int4_decoder_blocks.cpp:749->source/int4_decoder_blocks.cpp:811]   --->   Operation 130 'fadd' 'add21_i' <Predicate = (!icmp_ln725)> <Delay = 2.34> <CoreInst = "FAddSub_fulldsp">   --->   Core 18 'FAddSub_fulldsp' <Latency = 6> <II = 1> <Delay = 2.34> <FuncUnit> <Opcode : 'fadd' 'fsub'> <InPorts = 2> <OutPorts = 1>

State 20 <SV = 19> <Delay = 2.34>
ST_20 : Operation 131 [6/7] (2.34ns)   --->   "%add21_i = fadd i32 %tmp_s, i32 1" [source/int4_decoder_blocks.cpp:749->source/int4_decoder_blocks.cpp:811]   --->   Operation 131 'fadd' 'add21_i' <Predicate = (!icmp_ln725)> <Delay = 2.34> <CoreInst = "FAddSub_fulldsp">   --->   Core 18 'FAddSub_fulldsp' <Latency = 6> <II = 1> <Delay = 2.34> <FuncUnit> <Opcode : 'fadd' 'fsub'> <InPorts = 2> <OutPorts = 1>

State 21 <SV = 20> <Delay = 2.34>
ST_21 : Operation 132 [5/7] (2.34ns)   --->   "%add21_i = fadd i32 %tmp_s, i32 1" [source/int4_decoder_blocks.cpp:749->source/int4_decoder_blocks.cpp:811]   --->   Operation 132 'fadd' 'add21_i' <Predicate = (!icmp_ln725)> <Delay = 2.34> <CoreInst = "FAddSub_fulldsp">   --->   Core 18 'FAddSub_fulldsp' <Latency = 6> <II = 1> <Delay = 2.34> <FuncUnit> <Opcode : 'fadd' 'fsub'> <InPorts = 2> <OutPorts = 1>

State 22 <SV = 21> <Delay = 2.34>
ST_22 : Operation 133 [4/7] (2.34ns)   --->   "%add21_i = fadd i32 %tmp_s, i32 1" [source/int4_decoder_blocks.cpp:749->source/int4_decoder_blocks.cpp:811]   --->   Operation 133 'fadd' 'add21_i' <Predicate = (!icmp_ln725)> <Delay = 2.34> <CoreInst = "FAddSub_fulldsp">   --->   Core 18 'FAddSub_fulldsp' <Latency = 6> <II = 1> <Delay = 2.34> <FuncUnit> <Opcode : 'fadd' 'fsub'> <InPorts = 2> <OutPorts = 1>

State 23 <SV = 22> <Delay = 2.34>
ST_23 : Operation 134 [3/7] (2.34ns)   --->   "%add21_i = fadd i32 %tmp_s, i32 1" [source/int4_decoder_blocks.cpp:749->source/int4_decoder_blocks.cpp:811]   --->   Operation 134 'fadd' 'add21_i' <Predicate = (!icmp_ln725)> <Delay = 2.34> <CoreInst = "FAddSub_fulldsp">   --->   Core 18 'FAddSub_fulldsp' <Latency = 6> <II = 1> <Delay = 2.34> <FuncUnit> <Opcode : 'fadd' 'fsub'> <InPorts = 2> <OutPorts = 1>

State 24 <SV = 23> <Delay = 2.34>
ST_24 : Operation 135 [2/7] (2.34ns)   --->   "%add21_i = fadd i32 %tmp_s, i32 1" [source/int4_decoder_blocks.cpp:749->source/int4_decoder_blocks.cpp:811]   --->   Operation 135 'fadd' 'add21_i' <Predicate = (!icmp_ln725)> <Delay = 2.34> <CoreInst = "FAddSub_fulldsp">   --->   Core 18 'FAddSub_fulldsp' <Latency = 6> <II = 1> <Delay = 2.34> <FuncUnit> <Opcode : 'fadd' 'fsub'> <InPorts = 2> <OutPorts = 1>

State 25 <SV = 24> <Delay = 2.34>
ST_25 : Operation 136 [1/7] (2.34ns)   --->   "%add21_i = fadd i32 %tmp_s, i32 1" [source/int4_decoder_blocks.cpp:749->source/int4_decoder_blocks.cpp:811]   --->   Operation 136 'fadd' 'add21_i' <Predicate = (!icmp_ln725)> <Delay = 2.34> <CoreInst = "FAddSub_fulldsp">   --->   Core 18 'FAddSub_fulldsp' <Latency = 6> <II = 1> <Delay = 2.34> <FuncUnit> <Opcode : 'fadd' 'fsub'> <InPorts = 2> <OutPorts = 1>

State 26 <SV = 25> <Delay = 2.32>
ST_26 : Operation 137 [12/12] (2.32ns)   --->   "%sigmoid = fdiv i32 1, i32 %add21_i" [source/int4_decoder_blocks.cpp:749->source/int4_decoder_blocks.cpp:811]   --->   Operation 137 'fdiv' 'sigmoid' <Predicate = (!icmp_ln725)> <Delay = 2.32> <CoreInst = "FDiv">   --->   Core 20 'FDiv' <Latency = 11> <II = 1> <Delay = 2.32> <FuncUnit> <Opcode : 'fdiv' 'frem'> <InPorts = 2> <OutPorts = 1>

State 27 <SV = 26> <Delay = 2.32>
ST_27 : Operation 138 [11/12] (2.32ns)   --->   "%sigmoid = fdiv i32 1, i32 %add21_i" [source/int4_decoder_blocks.cpp:749->source/int4_decoder_blocks.cpp:811]   --->   Operation 138 'fdiv' 'sigmoid' <Predicate = (!icmp_ln725)> <Delay = 2.32> <CoreInst = "FDiv">   --->   Core 20 'FDiv' <Latency = 11> <II = 1> <Delay = 2.32> <FuncUnit> <Opcode : 'fdiv' 'frem'> <InPorts = 2> <OutPorts = 1>

State 28 <SV = 27> <Delay = 2.32>
ST_28 : Operation 139 [10/12] (2.32ns)   --->   "%sigmoid = fdiv i32 1, i32 %add21_i" [source/int4_decoder_blocks.cpp:749->source/int4_decoder_blocks.cpp:811]   --->   Operation 139 'fdiv' 'sigmoid' <Predicate = (!icmp_ln725)> <Delay = 2.32> <CoreInst = "FDiv">   --->   Core 20 'FDiv' <Latency = 11> <II = 1> <Delay = 2.32> <FuncUnit> <Opcode : 'fdiv' 'frem'> <InPorts = 2> <OutPorts = 1>

State 29 <SV = 28> <Delay = 2.32>
ST_29 : Operation 140 [9/12] (2.32ns)   --->   "%sigmoid = fdiv i32 1, i32 %add21_i" [source/int4_decoder_blocks.cpp:749->source/int4_decoder_blocks.cpp:811]   --->   Operation 140 'fdiv' 'sigmoid' <Predicate = (!icmp_ln725)> <Delay = 2.32> <CoreInst = "FDiv">   --->   Core 20 'FDiv' <Latency = 11> <II = 1> <Delay = 2.32> <FuncUnit> <Opcode : 'fdiv' 'frem'> <InPorts = 2> <OutPorts = 1>

State 30 <SV = 29> <Delay = 2.32>
ST_30 : Operation 141 [8/12] (2.32ns)   --->   "%sigmoid = fdiv i32 1, i32 %add21_i" [source/int4_decoder_blocks.cpp:749->source/int4_decoder_blocks.cpp:811]   --->   Operation 141 'fdiv' 'sigmoid' <Predicate = (!icmp_ln725)> <Delay = 2.32> <CoreInst = "FDiv">   --->   Core 20 'FDiv' <Latency = 11> <II = 1> <Delay = 2.32> <FuncUnit> <Opcode : 'fdiv' 'frem'> <InPorts = 2> <OutPorts = 1>

State 31 <SV = 30> <Delay = 2.32>
ST_31 : Operation 142 [7/12] (2.32ns)   --->   "%sigmoid = fdiv i32 1, i32 %add21_i" [source/int4_decoder_blocks.cpp:749->source/int4_decoder_blocks.cpp:811]   --->   Operation 142 'fdiv' 'sigmoid' <Predicate = (!icmp_ln725)> <Delay = 2.32> <CoreInst = "FDiv">   --->   Core 20 'FDiv' <Latency = 11> <II = 1> <Delay = 2.32> <FuncUnit> <Opcode : 'fdiv' 'frem'> <InPorts = 2> <OutPorts = 1>

State 32 <SV = 31> <Delay = 2.32>
ST_32 : Operation 143 [6/12] (2.32ns)   --->   "%sigmoid = fdiv i32 1, i32 %add21_i" [source/int4_decoder_blocks.cpp:749->source/int4_decoder_blocks.cpp:811]   --->   Operation 143 'fdiv' 'sigmoid' <Predicate = (!icmp_ln725)> <Delay = 2.32> <CoreInst = "FDiv">   --->   Core 20 'FDiv' <Latency = 11> <II = 1> <Delay = 2.32> <FuncUnit> <Opcode : 'fdiv' 'frem'> <InPorts = 2> <OutPorts = 1>

State 33 <SV = 32> <Delay = 2.32>
ST_33 : Operation 144 [5/12] (2.32ns)   --->   "%sigmoid = fdiv i32 1, i32 %add21_i" [source/int4_decoder_blocks.cpp:749->source/int4_decoder_blocks.cpp:811]   --->   Operation 144 'fdiv' 'sigmoid' <Predicate = (!icmp_ln725)> <Delay = 2.32> <CoreInst = "FDiv">   --->   Core 20 'FDiv' <Latency = 11> <II = 1> <Delay = 2.32> <FuncUnit> <Opcode : 'fdiv' 'frem'> <InPorts = 2> <OutPorts = 1>

State 34 <SV = 33> <Delay = 2.32>
ST_34 : Operation 145 [4/12] (2.32ns)   --->   "%sigmoid = fdiv i32 1, i32 %add21_i" [source/int4_decoder_blocks.cpp:749->source/int4_decoder_blocks.cpp:811]   --->   Operation 145 'fdiv' 'sigmoid' <Predicate = (!icmp_ln725)> <Delay = 2.32> <CoreInst = "FDiv">   --->   Core 20 'FDiv' <Latency = 11> <II = 1> <Delay = 2.32> <FuncUnit> <Opcode : 'fdiv' 'frem'> <InPorts = 2> <OutPorts = 1>

State 35 <SV = 34> <Delay = 2.32>
ST_35 : Operation 146 [3/12] (2.32ns)   --->   "%sigmoid = fdiv i32 1, i32 %add21_i" [source/int4_decoder_blocks.cpp:749->source/int4_decoder_blocks.cpp:811]   --->   Operation 146 'fdiv' 'sigmoid' <Predicate = (!icmp_ln725)> <Delay = 2.32> <CoreInst = "FDiv">   --->   Core 20 'FDiv' <Latency = 11> <II = 1> <Delay = 2.32> <FuncUnit> <Opcode : 'fdiv' 'frem'> <InPorts = 2> <OutPorts = 1>

State 36 <SV = 35> <Delay = 2.32>
ST_36 : Operation 147 [2/12] (2.32ns)   --->   "%sigmoid = fdiv i32 1, i32 %add21_i" [source/int4_decoder_blocks.cpp:749->source/int4_decoder_blocks.cpp:811]   --->   Operation 147 'fdiv' 'sigmoid' <Predicate = (!icmp_ln725)> <Delay = 2.32> <CoreInst = "FDiv">   --->   Core 20 'FDiv' <Latency = 11> <II = 1> <Delay = 2.32> <FuncUnit> <Opcode : 'fdiv' 'frem'> <InPorts = 2> <OutPorts = 1>

State 37 <SV = 36> <Delay = 2.32>
ST_37 : Operation 148 [1/12] (2.32ns)   --->   "%sigmoid = fdiv i32 1, i32 %add21_i" [source/int4_decoder_blocks.cpp:749->source/int4_decoder_blocks.cpp:811]   --->   Operation 148 'fdiv' 'sigmoid' <Predicate = (!icmp_ln725)> <Delay = 2.32> <CoreInst = "FDiv">   --->   Core 20 'FDiv' <Latency = 11> <II = 1> <Delay = 2.32> <FuncUnit> <Opcode : 'fdiv' 'frem'> <InPorts = 2> <OutPorts = 1>

State 38 <SV = 37> <Delay = 2.32>
ST_38 : Operation 149 [1/1] (0.00ns)   --->   "%gate_value = bitcast i32 %bits" [source/int4_decoder_blocks.cpp:16->source/int4_decoder_blocks.cpp:744->source/int4_decoder_blocks.cpp:811]   --->   Operation 149 'bitcast' 'gate_value' <Predicate = (!icmp_ln725)> <Delay = 0.00>
ST_38 : Operation 150 [4/4] (2.32ns)   --->   "%mul22_i = fmul i32 %gate_value, i32 %sigmoid" [source/int4_decoder_blocks.cpp:751->source/int4_decoder_blocks.cpp:811]   --->   Operation 150 'fmul' 'mul22_i' <Predicate = (!icmp_ln725)> <Delay = 2.32> <CoreInst = "FMul_maxdsp">   --->   Core 30 'FMul_maxdsp' <Latency = 3> <II = 1> <Delay = 2.32> <FuncUnit> <Opcode : 'fmul'> <InPorts = 2> <OutPorts = 1>

State 39 <SV = 38> <Delay = 2.32>
ST_39 : Operation 151 [2/2] (1.20ns)   --->   "%up_load = load i8 %up_addr" [source/int4_decoder_blocks.cpp:727->source/int4_decoder_blocks.cpp:811]   --->   Operation 151 'load' 'up_load' <Predicate = (or_ln721)> <Delay = 1.20> <CoreInst = "RAM_1P_BRAM">   --->   Core 90 'RAM_1P_BRAM' <Latency = 1> <II = 1> <Delay = 1.20> <Storage> <Opcode : 'load' 'store'> <Ports = 1> <Width = 512> <Depth = 176> <RAM>
ST_39 : Operation 152 [3/4] (2.32ns)   --->   "%mul22_i = fmul i32 %gate_value, i32 %sigmoid" [source/int4_decoder_blocks.cpp:751->source/int4_decoder_blocks.cpp:811]   --->   Operation 152 'fmul' 'mul22_i' <Predicate = (!icmp_ln725)> <Delay = 2.32> <CoreInst = "FMul_maxdsp">   --->   Core 30 'FMul_maxdsp' <Latency = 3> <II = 1> <Delay = 2.32> <FuncUnit> <Opcode : 'fmul'> <InPorts = 2> <OutPorts = 1>

State 40 <SV = 39> <Delay = 2.32>
ST_40 : Operation 153 [1/2] (1.20ns)   --->   "%up_load = load i8 %up_addr" [source/int4_decoder_blocks.cpp:727->source/int4_decoder_blocks.cpp:811]   --->   Operation 153 'load' 'up_load' <Predicate = (or_ln721)> <Delay = 1.20> <CoreInst = "RAM_1P_BRAM">   --->   Core 90 'RAM_1P_BRAM' <Latency = 1> <II = 1> <Delay = 1.20> <Storage> <Opcode : 'load' 'store'> <Ports = 1> <Width = 512> <Depth = 176> <RAM>
ST_40 : Operation 154 [1/1] (0.00ns)   --->   "%store_ln727 = store i512 %up_load, i512 %up_load1" [source/int4_decoder_blocks.cpp:727->source/int4_decoder_blocks.cpp:811]   --->   Operation 154 'store' 'store_ln727' <Predicate = (or_ln721)> <Delay = 0.00>
ST_40 : Operation 155 [1/1] (0.00ns)   --->   "%br_ln738 = br void %for.body11.i.split" [source/int4_decoder_blocks.cpp:738->source/int4_decoder_blocks.cpp:811]   --->   Operation 155 'br' 'br_ln738' <Predicate = (or_ln721)> <Delay = 0.00>
ST_40 : Operation 156 [2/4] (2.32ns)   --->   "%mul22_i = fmul i32 %gate_value, i32 %sigmoid" [source/int4_decoder_blocks.cpp:751->source/int4_decoder_blocks.cpp:811]   --->   Operation 156 'fmul' 'mul22_i' <Predicate = (!icmp_ln725)> <Delay = 2.32> <CoreInst = "FMul_maxdsp">   --->   Core 30 'FMul_maxdsp' <Latency = 3> <II = 1> <Delay = 2.32> <FuncUnit> <Opcode : 'fmul'> <InPorts = 2> <OutPorts = 1>

State 41 <SV = 40> <Delay = 2.32>
ST_41 : Operation 157 [1/1] (0.00ns)   --->   "%up_load_4 = load i512 %up_load1" [source/int4_decoder_blocks.cpp:36->source/int4_decoder_blocks.cpp:734->source/int4_decoder_blocks.cpp:811]   --->   Operation 157 'load' 'up_load_4' <Predicate = (!icmp_ln725)> <Delay = 0.00>
ST_41 : Operation 158 [1/1] (0.00ns)   --->   "%up_lanes = trunc i512 %up_load_4" [source/int4_decoder_blocks.cpp:36->source/int4_decoder_blocks.cpp:734->source/int4_decoder_blocks.cpp:811]   --->   Operation 158 'trunc' 'up_lanes' <Predicate = (!icmp_ln725 & trunc_ln721 == 0)> <Delay = 0.00>
ST_41 : Operation 159 [1/1] (0.00ns)   --->   "%up_lanes_46 = partselect i32 @_ssdm_op_PartSelect.i32.i512.i32.i32, i512 %up_load_4, i32 32, i32 63" [source/int4_decoder_blocks.cpp:36->source/int4_decoder_blocks.cpp:734->source/int4_decoder_blocks.cpp:811]   --->   Operation 159 'partselect' 'up_lanes_46' <Predicate = (!icmp_ln725 & trunc_ln721 == 1)> <Delay = 0.00>
ST_41 : Operation 160 [1/1] (0.00ns)   --->   "%up_lanes_47 = partselect i32 @_ssdm_op_PartSelect.i32.i512.i32.i32, i512 %up_load_4, i32 64, i32 95" [source/int4_decoder_blocks.cpp:36->source/int4_decoder_blocks.cpp:734->source/int4_decoder_blocks.cpp:811]   --->   Operation 160 'partselect' 'up_lanes_47' <Predicate = (!icmp_ln725 & trunc_ln721 == 2)> <Delay = 0.00>
ST_41 : Operation 161 [1/1] (0.00ns)   --->   "%up_lanes_48 = partselect i32 @_ssdm_op_PartSelect.i32.i512.i32.i32, i512 %up_load_4, i32 96, i32 127" [source/int4_decoder_blocks.cpp:36->source/int4_decoder_blocks.cpp:734->source/int4_decoder_blocks.cpp:811]   --->   Operation 161 'partselect' 'up_lanes_48' <Predicate = (!icmp_ln725 & trunc_ln721 == 3)> <Delay = 0.00>
ST_41 : Operation 162 [1/1] (0.00ns)   --->   "%up_lanes_49 = partselect i32 @_ssdm_op_PartSelect.i32.i512.i32.i32, i512 %up_load_4, i32 128, i32 159" [source/int4_decoder_blocks.cpp:36->source/int4_decoder_blocks.cpp:734->source/int4_decoder_blocks.cpp:811]   --->   Operation 162 'partselect' 'up_lanes_49' <Predicate = (!icmp_ln725 & trunc_ln721 == 4)> <Delay = 0.00>
ST_41 : Operation 163 [1/1] (0.00ns)   --->   "%up_lanes_50 = partselect i32 @_ssdm_op_PartSelect.i32.i512.i32.i32, i512 %up_load_4, i32 160, i32 191" [source/int4_decoder_blocks.cpp:36->source/int4_decoder_blocks.cpp:734->source/int4_decoder_blocks.cpp:811]   --->   Operation 163 'partselect' 'up_lanes_50' <Predicate = (!icmp_ln725 & trunc_ln721 == 5)> <Delay = 0.00>
ST_41 : Operation 164 [1/1] (0.00ns)   --->   "%up_lanes_51 = partselect i32 @_ssdm_op_PartSelect.i32.i512.i32.i32, i512 %up_load_4, i32 192, i32 223" [source/int4_decoder_blocks.cpp:36->source/int4_decoder_blocks.cpp:734->source/int4_decoder_blocks.cpp:811]   --->   Operation 164 'partselect' 'up_lanes_51' <Predicate = (!icmp_ln725 & trunc_ln721 == 6)> <Delay = 0.00>
ST_41 : Operation 165 [1/1] (0.00ns)   --->   "%up_lanes_52 = partselect i32 @_ssdm_op_PartSelect.i32.i512.i32.i32, i512 %up_load_4, i32 224, i32 255" [source/int4_decoder_blocks.cpp:36->source/int4_decoder_blocks.cpp:734->source/int4_decoder_blocks.cpp:811]   --->   Operation 165 'partselect' 'up_lanes_52' <Predicate = (!icmp_ln725 & trunc_ln721 == 7)> <Delay = 0.00>
ST_41 : Operation 166 [1/1] (0.00ns)   --->   "%up_lanes_53 = partselect i32 @_ssdm_op_PartSelect.i32.i512.i32.i32, i512 %up_load_4, i32 256, i32 287" [source/int4_decoder_blocks.cpp:36->source/int4_decoder_blocks.cpp:734->source/int4_decoder_blocks.cpp:811]   --->   Operation 166 'partselect' 'up_lanes_53' <Predicate = (!icmp_ln725 & trunc_ln721 == 8)> <Delay = 0.00>
ST_41 : Operation 167 [1/1] (0.00ns)   --->   "%up_lanes_54 = partselect i32 @_ssdm_op_PartSelect.i32.i512.i32.i32, i512 %up_load_4, i32 288, i32 319" [source/int4_decoder_blocks.cpp:36->source/int4_decoder_blocks.cpp:734->source/int4_decoder_blocks.cpp:811]   --->   Operation 167 'partselect' 'up_lanes_54' <Predicate = (!icmp_ln725 & trunc_ln721 == 9)> <Delay = 0.00>
ST_41 : Operation 168 [1/1] (0.00ns)   --->   "%up_lanes_55 = partselect i32 @_ssdm_op_PartSelect.i32.i512.i32.i32, i512 %up_load_4, i32 320, i32 351" [source/int4_decoder_blocks.cpp:36->source/int4_decoder_blocks.cpp:734->source/int4_decoder_blocks.cpp:811]   --->   Operation 168 'partselect' 'up_lanes_55' <Predicate = (!icmp_ln725 & trunc_ln721 == 10)> <Delay = 0.00>
ST_41 : Operation 169 [1/1] (0.00ns)   --->   "%up_lanes_56 = partselect i32 @_ssdm_op_PartSelect.i32.i512.i32.i32, i512 %up_load_4, i32 352, i32 383" [source/int4_decoder_blocks.cpp:36->source/int4_decoder_blocks.cpp:734->source/int4_decoder_blocks.cpp:811]   --->   Operation 169 'partselect' 'up_lanes_56' <Predicate = (!icmp_ln725 & trunc_ln721 == 11)> <Delay = 0.00>
ST_41 : Operation 170 [1/1] (0.00ns)   --->   "%up_lanes_57 = partselect i32 @_ssdm_op_PartSelect.i32.i512.i32.i32, i512 %up_load_4, i32 384, i32 415" [source/int4_decoder_blocks.cpp:36->source/int4_decoder_blocks.cpp:734->source/int4_decoder_blocks.cpp:811]   --->   Operation 170 'partselect' 'up_lanes_57' <Predicate = (!icmp_ln725 & trunc_ln721 == 12)> <Delay = 0.00>
ST_41 : Operation 171 [1/1] (0.00ns)   --->   "%up_lanes_58 = partselect i32 @_ssdm_op_PartSelect.i32.i512.i32.i32, i512 %up_load_4, i32 416, i32 447" [source/int4_decoder_blocks.cpp:36->source/int4_decoder_blocks.cpp:734->source/int4_decoder_blocks.cpp:811]   --->   Operation 171 'partselect' 'up_lanes_58' <Predicate = (!icmp_ln725 & trunc_ln721 == 13)> <Delay = 0.00>
ST_41 : Operation 172 [1/1] (0.00ns)   --->   "%up_lanes_59 = partselect i32 @_ssdm_op_PartSelect.i32.i512.i32.i32, i512 %up_load_4, i32 448, i32 479" [source/int4_decoder_blocks.cpp:36->source/int4_decoder_blocks.cpp:734->source/int4_decoder_blocks.cpp:811]   --->   Operation 172 'partselect' 'up_lanes_59' <Predicate = (!icmp_ln725 & trunc_ln721 == 14)> <Delay = 0.00>
ST_41 : Operation 173 [1/1] (0.00ns)   --->   "%up_lanes_60 = partselect i32 @_ssdm_op_PartSelect.i32.i512.i32.i32, i512 %up_load_4, i32 480, i32 511" [source/int4_decoder_blocks.cpp:36->source/int4_decoder_blocks.cpp:734->source/int4_decoder_blocks.cpp:811]   --->   Operation 173 'partselect' 'up_lanes_60' <Predicate = (!icmp_ln725 & trunc_ln721 == 15)> <Delay = 0.00>
ST_41 : Operation 174 [1/1] (0.49ns)   --->   "%bits_4 = sparsemux i32 @_ssdm_op_SparseMux.ap_auto.16i32.i32.i4, i4 0, i32 %up_lanes, i4 1, i32 %up_lanes_46, i4 2, i32 %up_lanes_47, i4 3, i32 %up_lanes_48, i4 4, i32 %up_lanes_49, i4 5, i32 %up_lanes_50, i4 6, i32 %up_lanes_51, i4 7, i32 %up_lanes_52, i4 8, i32 %up_lanes_53, i4 9, i32 %up_lanes_54, i4 10, i32 %up_lanes_55, i4 11, i32 %up_lanes_56, i4 12, i32 %up_lanes_57, i4 13, i32 %up_lanes_58, i4 14, i32 %up_lanes_59, i4 15, i32 %up_lanes_60, i32 0, i4 %trunc_ln721" [source/int4_decoder_blocks.cpp:747->source/int4_decoder_blocks.cpp:811]   --->   Operation 174 'sparsemux' 'bits_4' <Predicate = (!icmp_ln725)> <Delay = 0.49> <CoreInst = "SparseMux">   --->   Core 147 'SparseMux' <Latency = 0> <II = 1> <Delay = 0.49> <FuncUnit> <Opcode : 'sparsemux'> <InPorts = 2> <OutPorts = 1>
ST_41 : Operation 175 [1/4] (2.32ns)   --->   "%mul22_i = fmul i32 %gate_value, i32 %sigmoid" [source/int4_decoder_blocks.cpp:751->source/int4_decoder_blocks.cpp:811]   --->   Operation 175 'fmul' 'mul22_i' <Predicate = (!icmp_ln725)> <Delay = 2.32> <CoreInst = "FMul_maxdsp">   --->   Core 30 'FMul_maxdsp' <Latency = 3> <II = 1> <Delay = 2.32> <FuncUnit> <Opcode : 'fmul'> <InPorts = 2> <OutPorts = 1>

State 42 <SV = 41> <Delay = 2.32>
ST_42 : Operation 176 [1/1] (0.00ns)   --->   "%up_value = bitcast i32 %bits_4" [source/int4_decoder_blocks.cpp:16->source/int4_decoder_blocks.cpp:746->source/int4_decoder_blocks.cpp:811]   --->   Operation 176 'bitcast' 'up_value' <Predicate = (!icmp_ln725)> <Delay = 0.00>
ST_42 : Operation 177 [4/4] (2.32ns)   --->   "%value = fmul i32 %mul22_i, i32 %up_value" [source/int4_decoder_blocks.cpp:751->source/int4_decoder_blocks.cpp:811]   --->   Operation 177 'fmul' 'value' <Predicate = (!icmp_ln725)> <Delay = 2.32> <CoreInst = "FMul_maxdsp">   --->   Core 30 'FMul_maxdsp' <Latency = 3> <II = 1> <Delay = 2.32> <FuncUnit> <Opcode : 'fmul'> <InPorts = 2> <OutPorts = 1>

State 43 <SV = 42> <Delay = 2.32>
ST_43 : Operation 178 [3/4] (2.32ns)   --->   "%value = fmul i32 %mul22_i, i32 %up_value" [source/int4_decoder_blocks.cpp:751->source/int4_decoder_blocks.cpp:811]   --->   Operation 178 'fmul' 'value' <Predicate = (!icmp_ln725)> <Delay = 2.32> <CoreInst = "FMul_maxdsp">   --->   Core 30 'FMul_maxdsp' <Latency = 3> <II = 1> <Delay = 2.32> <FuncUnit> <Opcode : 'fmul'> <InPorts = 2> <OutPorts = 1>

State 44 <SV = 43> <Delay = 2.32>
ST_44 : Operation 179 [2/4] (2.32ns)   --->   "%value = fmul i32 %mul22_i, i32 %up_value" [source/int4_decoder_blocks.cpp:751->source/int4_decoder_blocks.cpp:811]   --->   Operation 179 'fmul' 'value' <Predicate = (!icmp_ln725)> <Delay = 2.32> <CoreInst = "FMul_maxdsp">   --->   Core 30 'FMul_maxdsp' <Latency = 3> <II = 1> <Delay = 2.32> <FuncUnit> <Opcode : 'fmul'> <InPorts = 2> <OutPorts = 1>

State 45 <SV = 44> <Delay = 2.32>
ST_45 : Operation 180 [1/4] (2.32ns)   --->   "%value = fmul i32 %mul22_i, i32 %up_value" [source/int4_decoder_blocks.cpp:751->source/int4_decoder_blocks.cpp:811]   --->   Operation 180 'fmul' 'value' <Predicate = (!icmp_ln725)> <Delay = 2.32> <CoreInst = "FMul_maxdsp">   --->   Core 30 'FMul_maxdsp' <Latency = 3> <II = 1> <Delay = 2.32> <FuncUnit> <Opcode : 'fmul'> <InPorts = 2> <OutPorts = 1>
ST_45 : Operation 192 [1/1] (0.00ns)   --->   "%max_abs_bits_4_load = load i32 %max_abs_bits_4"   --->   Operation 192 'load' 'max_abs_bits_4_load' <Predicate = (icmp_ln725)> <Delay = 0.00>
ST_45 : Operation 193 [1/1] (0.00ns)   --->   "%write_ln0 = write void @_ssdm_op_Write.ap_auto.i32P0A, i32 %max_abs_bits_4_out, i32 %max_abs_bits_4_load"   --->   Operation 193 'write' 'write_ln0' <Predicate = (icmp_ln725)> <Delay = 0.00>
ST_45 : Operation 194 [1/1] (0.00ns)   --->   "%ret_ln0 = ret"   --->   Operation 194 'ret' 'ret_ln0' <Predicate = (icmp_ln725)> <Delay = 0.00>

State 46 <SV = 45> <Delay = 1.49>
ST_46 : Operation 181 [1/1] (0.00ns)   --->   "%max_abs_bits_4_load_1 = load i32 %max_abs_bits_4" [source/int4_decoder_blocks.cpp:758->source/int4_decoder_blocks.cpp:811]   --->   Operation 181 'load' 'max_abs_bits_4_load_1' <Predicate = (!icmp_ln725)> <Delay = 0.00>
ST_46 : Operation 182 [1/1] (0.00ns)   --->   "%specpipeline_ln741 = specpipeline void @_ssdm_op_SpecPipeline, i32 1, i32 0, i32 0, i32 0, void @empty_418" [source/int4_decoder_blocks.cpp:741->source/int4_decoder_blocks.cpp:811]   --->   Operation 182 'specpipeline' 'specpipeline_ln741' <Predicate = (!icmp_ln725)> <Delay = 0.00>
ST_46 : Operation 183 [1/1] (0.00ns)   --->   "%zext_ln745 = zext i5 %add_ln743" [source/int4_decoder_blocks.cpp:745->source/int4_decoder_blocks.cpp:811]   --->   Operation 183 'zext' 'zext_ln745' <Predicate = (!icmp_ln725)> <Delay = 0.00>
ST_46 : Operation 184 [1/1] (0.00ns)   --->   "%swiglu_group_addr = getelementptr i32 %swiglu_group, i64 0, i64 %zext_ln745" [source/int4_decoder_blocks.cpp:752->source/int4_decoder_blocks.cpp:811]   --->   Operation 184 'getelementptr' 'swiglu_group_addr' <Predicate = (!icmp_ln725)> <Delay = 0.00>
ST_46 : Operation 185 [1/1] (1.19ns)   --->   "%store_ln752 = store i32 %value, i5 %swiglu_group_addr" [source/int4_decoder_blocks.cpp:752->source/int4_decoder_blocks.cpp:811]   --->   Operation 185 'store' 'store_ln752' <Predicate = (!icmp_ln725)> <Delay = 1.19> <CoreInst = "RAM_1P_BRAM">   --->   Core 90 'RAM_1P_BRAM' <Latency = 1> <II = 1> <Delay = 1.19> <Storage> <Opcode : 'load' 'store'> <Ports = 1> <Width = 32> <Depth = 32> <RAM>
ST_46 : Operation 186 [1/1] (0.00ns)   --->   "%value_bits = bitcast i32 %value" [source/int4_decoder_blocks.cpp:23->source/int4_decoder_blocks.cpp:755->source/int4_decoder_blocks.cpp:811]   --->   Operation 186 'bitcast' 'value_bits' <Predicate = (!icmp_ln725)> <Delay = 0.00>
ST_46 : Operation 187 [1/1] (0.00ns)   --->   "%magnitude_bits = trunc i32 %value_bits" [source/int4_decoder_blocks.cpp:754->source/int4_decoder_blocks.cpp:811]   --->   Operation 187 'trunc' 'magnitude_bits' <Predicate = (!icmp_ln725)> <Delay = 0.00>
ST_46 : Operation 188 [1/1] (0.00ns)   --->   "%zext_ln756 = zext i31 %magnitude_bits" [source/int4_decoder_blocks.cpp:756->source/int4_decoder_blocks.cpp:811]   --->   Operation 188 'zext' 'zext_ln756' <Predicate = (!icmp_ln725)> <Delay = 0.00>
ST_46 : Operation 189 [1/1] (0.88ns)   --->   "%icmp_ln758 = icmp_ugt  i32 %zext_ln756, i32 %max_abs_bits_4_load_1" [source/int4_decoder_blocks.cpp:758->source/int4_decoder_blocks.cpp:811]   --->   Operation 189 'icmp' 'icmp_ln758' <Predicate = (!icmp_ln725)> <Delay = 0.88> <CoreInst = "Cmp">   --->   Core 9 'Cmp' <Latency = 0> <II = 1> <Delay = 0.88> <FuncUnit> <Opcode : 'icmp'> <InPorts = 2> <OutPorts = 1>
ST_46 : Operation 190 [1/1] (0.22ns)   --->   "%max_abs_bits = select i1 %icmp_ln758, i32 %zext_ln756, i32 %max_abs_bits_4_load_1" [source/int4_decoder_blocks.cpp:758->source/int4_decoder_blocks.cpp:811]   --->   Operation 190 'select' 'max_abs_bits' <Predicate = (!icmp_ln725)> <Delay = 0.22> <CoreInst = "Sel">   --->   Core 73 'Sel' <Latency = 0> <II = 1> <Delay = 0.22> <FuncUnit> <Opcode : 'select'> <InPorts = 3> <OutPorts = 1>
ST_46 : Operation 191 [1/1] (0.38ns)   --->   "%store_ln721 = store i32 %max_abs_bits, i32 %max_abs_bits_4" [source/int4_decoder_blocks.cpp:721->source/int4_decoder_blocks.cpp:811]   --->   Operation 191 'store' 'store_ln721' <Predicate = (!icmp_ln725)> <Delay = 0.38>


============================================================
+ Verbose Summary: Timing violations
============================================================
Target clock period: 3.333ns, clock uncertainty: 0.900ns.

 <State 1>: 2.466ns
The critical path consists of the following:
	'store' operation 0 bit ('store_ln738', source/int4_decoder_blocks.cpp:738->source/int4_decoder_blocks.cpp:811) of constant 0 on local variable 'lane', source/int4_decoder_blocks.cpp:738->source/int4_decoder_blocks.cpp:811 [18]  (0.387 ns)
	'load' operation 5 bit ('lane_load', source/int4_decoder_blocks.cpp:739->source/int4_decoder_blocks.cpp:811) on local variable 'lane', source/int4_decoder_blocks.cpp:738->source/int4_decoder_blocks.cpp:811 [28]  (0.000 ns)
	'icmp' operation 1 bit ('icmp_ln739', source/int4_decoder_blocks.cpp:739->source/int4_decoder_blocks.cpp:811) [32]  (0.707 ns)
	'select' operation 5 bit ('select_ln721', source/int4_decoder_blocks.cpp:721->source/int4_decoder_blocks.cpp:811) [34]  (0.278 ns)
	'add' operation 5 bit ('add_ln740', source/int4_decoder_blocks.cpp:740->source/int4_decoder_blocks.cpp:811) [109]  (0.707 ns)
	'store' operation 0 bit ('store_ln738', source/int4_decoder_blocks.cpp:738->source/int4_decoder_blocks.cpp:811) of variable 'add_ln740', source/int4_decoder_blocks.cpp:740->source/int4_decoder_blocks.cpp:811 on local variable 'lane', source/int4_decoder_blocks.cpp:738->source/int4_decoder_blocks.cpp:811 [112]  (0.387 ns)

 <State 2>: 1.905ns
The critical path consists of the following:
	'add' operation 8 bit ('add_ln727', source/int4_decoder_blocks.cpp:727->source/int4_decoder_blocks.cpp:811) [38]  (0.705 ns)
	'getelementptr' operation 8 bit ('gate_addr', source/int4_decoder_blocks.cpp:727->source/int4_decoder_blocks.cpp:811) [40]  (0.000 ns)
	'load' operation 512 bit ('gate_load', source/int4_decoder_blocks.cpp:727->source/int4_decoder_blocks.cpp:811) on array 'gate' [44]  (1.200 ns)

 <State 3>: 1.200ns
The critical path consists of the following:
	'load' operation 512 bit ('gate_load', source/int4_decoder_blocks.cpp:727->source/int4_decoder_blocks.cpp:811) on array 'gate' [44]  (1.200 ns)

 <State 4>: 0.707ns
The critical path consists of the following:
	'add' operation 5 bit ('add_ln743', source/int4_decoder_blocks.cpp:743->source/int4_decoder_blocks.cpp:811) [89]  (0.707 ns)

 <State 5>: 2.347ns
The critical path consists of the following:
	'fexp' operation 32 bit ('tmp_s', C:\scratch\2023.2\hls_product\689\2023.2\src\shared\hls\clib\hlsmath\src\common\hls_exp_float.cpp:17->C:\scratch\2023.2\hls_product\689\2023.2\src\shared\hls\clib\hlsmath\src\c++\expfloat.cpp:22->source/int4_decoder_blocks.cpp:749->source/int4_decoder_blocks.cpp:811) [97]  (2.347 ns)

 <State 6>: 2.347ns
The critical path consists of the following:
	'fexp' operation 32 bit ('tmp_s', C:\scratch\2023.2\hls_product\689\2023.2\src\shared\hls\clib\hlsmath\src\common\hls_exp_float.cpp:17->C:\scratch\2023.2\hls_product\689\2023.2\src\shared\hls\clib\hlsmath\src\c++\expfloat.cpp:22->source/int4_decoder_blocks.cpp:749->source/int4_decoder_blocks.cpp:811) [97]  (2.347 ns)

 <State 7>: 2.347ns
The critical path consists of the following:
	'fexp' operation 32 bit ('tmp_s', C:\scratch\2023.2\hls_product\689\2023.2\src\shared\hls\clib\hlsmath\src\common\hls_exp_float.cpp:17->C:\scratch\2023.2\hls_product\689\2023.2\src\shared\hls\clib\hlsmath\src\c++\expfloat.cpp:22->source/int4_decoder_blocks.cpp:749->source/int4_decoder_blocks.cpp:811) [97]  (2.347 ns)

 <State 8>: 2.347ns
The critical path consists of the following:
	'fexp' operation 32 bit ('tmp_s', C:\scratch\2023.2\hls_product\689\2023.2\src\shared\hls\clib\hlsmath\src\common\hls_exp_float.cpp:17->C:\scratch\2023.2\hls_product\689\2023.2\src\shared\hls\clib\hlsmath\src\c++\expfloat.cpp:22->source/int4_decoder_blocks.cpp:749->source/int4_decoder_blocks.cpp:811) [97]  (2.347 ns)

 <State 9>: 2.347ns
The critical path consists of the following:
	'fexp' operation 32 bit ('tmp_s', C:\scratch\2023.2\hls_product\689\2023.2\src\shared\hls\clib\hlsmath\src\common\hls_exp_float.cpp:17->C:\scratch\2023.2\hls_product\689\2023.2\src\shared\hls\clib\hlsmath\src\c++\expfloat.cpp:22->source/int4_decoder_blocks.cpp:749->source/int4_decoder_blocks.cpp:811) [97]  (2.347 ns)

 <State 10>: 2.347ns
The critical path consists of the following:
	'fexp' operation 32 bit ('tmp_s', C:\scratch\2023.2\hls_product\689\2023.2\src\shared\hls\clib\hlsmath\src\common\hls_exp_float.cpp:17->C:\scratch\2023.2\hls_product\689\2023.2\src\shared\hls\clib\hlsmath\src\c++\expfloat.cpp:22->source/int4_decoder_blocks.cpp:749->source/int4_decoder_blocks.cpp:811) [97]  (2.347 ns)

 <State 11>: 2.347ns
The critical path consists of the following:
	'fexp' operation 32 bit ('tmp_s', C:\scratch\2023.2\hls_product\689\2023.2\src\shared\hls\clib\hlsmath\src\common\hls_exp_float.cpp:17->C:\scratch\2023.2\hls_product\689\2023.2\src\shared\hls\clib\hlsmath\src\c++\expfloat.cpp:22->source/int4_decoder_blocks.cpp:749->source/int4_decoder_blocks.cpp:811) [97]  (2.347 ns)

 <State 12>: 2.347ns
The critical path consists of the following:
	'fexp' operation 32 bit ('tmp_s', C:\scratch\2023.2\hls_product\689\2023.2\src\shared\hls\clib\hlsmath\src\common\hls_exp_float.cpp:17->C:\scratch\2023.2\hls_product\689\2023.2\src\shared\hls\clib\hlsmath\src\c++\expfloat.cpp:22->source/int4_decoder_blocks.cpp:749->source/int4_decoder_blocks.cpp:811) [97]  (2.347 ns)

 <State 13>: 2.347ns
The critical path consists of the following:
	'fexp' operation 32 bit ('tmp_s', C:\scratch\2023.2\hls_product\689\2023.2\src\shared\hls\clib\hlsmath\src\common\hls_exp_float.cpp:17->C:\scratch\2023.2\hls_product\689\2023.2\src\shared\hls\clib\hlsmath\src\c++\expfloat.cpp:22->source/int4_decoder_blocks.cpp:749->source/int4_decoder_blocks.cpp:811) [97]  (2.347 ns)

 <State 14>: 2.347ns
The critical path consists of the following:
	'fexp' operation 32 bit ('tmp_s', C:\scratch\2023.2\hls_product\689\2023.2\src\shared\hls\clib\hlsmath\src\common\hls_exp_float.cpp:17->C:\scratch\2023.2\hls_product\689\2023.2\src\shared\hls\clib\hlsmath\src\c++\expfloat.cpp:22->source/int4_decoder_blocks.cpp:749->source/int4_decoder_blocks.cpp:811) [97]  (2.347 ns)

 <State 15>: 2.347ns
The critical path consists of the following:
	'fexp' operation 32 bit ('tmp_s', C:\scratch\2023.2\hls_product\689\2023.2\src\shared\hls\clib\hlsmath\src\common\hls_exp_float.cpp:17->C:\scratch\2023.2\hls_product\689\2023.2\src\shared\hls\clib\hlsmath\src\c++\expfloat.cpp:22->source/int4_decoder_blocks.cpp:749->source/int4_decoder_blocks.cpp:811) [97]  (2.347 ns)

 <State 16>: 2.347ns
The critical path consists of the following:
	'fexp' operation 32 bit ('tmp_s', C:\scratch\2023.2\hls_product\689\2023.2\src\shared\hls\clib\hlsmath\src\common\hls_exp_float.cpp:17->C:\scratch\2023.2\hls_product\689\2023.2\src\shared\hls\clib\hlsmath\src\c++\expfloat.cpp:22->source/int4_decoder_blocks.cpp:749->source/int4_decoder_blocks.cpp:811) [97]  (2.347 ns)

 <State 17>: 2.347ns
The critical path consists of the following:
	'fexp' operation 32 bit ('tmp_s', C:\scratch\2023.2\hls_product\689\2023.2\src\shared\hls\clib\hlsmath\src\common\hls_exp_float.cpp:17->C:\scratch\2023.2\hls_product\689\2023.2\src\shared\hls\clib\hlsmath\src\c++\expfloat.cpp:22->source/int4_decoder_blocks.cpp:749->source/int4_decoder_blocks.cpp:811) [97]  (2.347 ns)

 <State 18>: 2.347ns
The critical path consists of the following:
	'fexp' operation 32 bit ('tmp_s', C:\scratch\2023.2\hls_product\689\2023.2\src\shared\hls\clib\hlsmath\src\common\hls_exp_float.cpp:17->C:\scratch\2023.2\hls_product\689\2023.2\src\shared\hls\clib\hlsmath\src\c++\expfloat.cpp:22->source/int4_decoder_blocks.cpp:749->source/int4_decoder_blocks.cpp:811) [97]  (2.347 ns)

 <State 19>: 2.342ns
The critical path consists of the following:
	'fadd' operation 32 bit ('add21_i', source/int4_decoder_blocks.cpp:749->source/int4_decoder_blocks.cpp:811) [98]  (2.342 ns)

 <State 20>: 2.342ns
The critical path consists of the following:
	'fadd' operation 32 bit ('add21_i', source/int4_decoder_blocks.cpp:749->source/int4_decoder_blocks.cpp:811) [98]  (2.342 ns)

 <State 21>: 2.342ns
The critical path consists of the following:
	'fadd' operation 32 bit ('add21_i', source/int4_decoder_blocks.cpp:749->source/int4_decoder_blocks.cpp:811) [98]  (2.342 ns)

 <State 22>: 2.342ns
The critical path consists of the following:
	'fadd' operation 32 bit ('add21_i', source/int4_decoder_blocks.cpp:749->source/int4_decoder_blocks.cpp:811) [98]  (2.342 ns)

 <State 23>: 2.342ns
The critical path consists of the following:
	'fadd' operation 32 bit ('add21_i', source/int4_decoder_blocks.cpp:749->source/int4_decoder_blocks.cpp:811) [98]  (2.342 ns)

 <State 24>: 2.342ns
The critical path consists of the following:
	'fadd' operation 32 bit ('add21_i', source/int4_decoder_blocks.cpp:749->source/int4_decoder_blocks.cpp:811) [98]  (2.342 ns)

 <State 25>: 2.342ns
The critical path consists of the following:
	'fadd' operation 32 bit ('add21_i', source/int4_decoder_blocks.cpp:749->source/int4_decoder_blocks.cpp:811) [98]  (2.342 ns)

 <State 26>: 2.327ns
The critical path consists of the following:
	'fdiv' operation 32 bit ('sigmoid', source/int4_decoder_blocks.cpp:749->source/int4_decoder_blocks.cpp:811) [99]  (2.327 ns)

 <State 27>: 2.327ns
The critical path consists of the following:
	'fdiv' operation 32 bit ('sigmoid', source/int4_decoder_blocks.cpp:749->source/int4_decoder_blocks.cpp:811) [99]  (2.327 ns)

 <State 28>: 2.327ns
The critical path consists of the following:
	'fdiv' operation 32 bit ('sigmoid', source/int4_decoder_blocks.cpp:749->source/int4_decoder_blocks.cpp:811) [99]  (2.327 ns)

 <State 29>: 2.327ns
The critical path consists of the following:
	'fdiv' operation 32 bit ('sigmoid', source/int4_decoder_blocks.cpp:749->source/int4_decoder_blocks.cpp:811) [99]  (2.327 ns)

 <State 30>: 2.327ns
The critical path consists of the following:
	'fdiv' operation 32 bit ('sigmoid', source/int4_decoder_blocks.cpp:749->source/int4_decoder_blocks.cpp:811) [99]  (2.327 ns)

 <State 31>: 2.327ns
The critical path consists of the following:
	'fdiv' operation 32 bit ('sigmoid', source/int4_decoder_blocks.cpp:749->source/int4_decoder_blocks.cpp:811) [99]  (2.327 ns)

 <State 32>: 2.327ns
The critical path consists of the following:
	'fdiv' operation 32 bit ('sigmoid', source/int4_decoder_blocks.cpp:749->source/int4_decoder_blocks.cpp:811) [99]  (2.327 ns)

 <State 33>: 2.327ns
The critical path consists of the following:
	'fdiv' operation 32 bit ('sigmoid', source/int4_decoder_blocks.cpp:749->source/int4_decoder_blocks.cpp:811) [99]  (2.327 ns)

 <State 34>: 2.327ns
The critical path consists of the following:
	'fdiv' operation 32 bit ('sigmoid', source/int4_decoder_blocks.cpp:749->source/int4_decoder_blocks.cpp:811) [99]  (2.327 ns)

 <State 35>: 2.327ns
The critical path consists of the following:
	'fdiv' operation 32 bit ('sigmoid', source/int4_decoder_blocks.cpp:749->source/int4_decoder_blocks.cpp:811) [99]  (2.327 ns)

 <State 36>: 2.327ns
The critical path consists of the following:
	'fdiv' operation 32 bit ('sigmoid', source/int4_decoder_blocks.cpp:749->source/int4_decoder_blocks.cpp:811) [99]  (2.327 ns)

 <State 37>: 2.327ns
The critical path consists of the following:
	'fdiv' operation 32 bit ('sigmoid', source/int4_decoder_blocks.cpp:749->source/int4_decoder_blocks.cpp:811) [99]  (2.327 ns)

 <State 38>: 2.322ns
The critical path consists of the following:
	'fmul' operation 32 bit ('mul22_i', source/int4_decoder_blocks.cpp:751->source/int4_decoder_blocks.cpp:811) [100]  (2.322 ns)

 <State 39>: 2.322ns
The critical path consists of the following:
	'fmul' operation 32 bit ('mul22_i', source/int4_decoder_blocks.cpp:751->source/int4_decoder_blocks.cpp:811) [100]  (2.322 ns)

 <State 40>: 2.322ns
The critical path consists of the following:
	'fmul' operation 32 bit ('mul22_i', source/int4_decoder_blocks.cpp:751->source/int4_decoder_blocks.cpp:811) [100]  (2.322 ns)

 <State 41>: 2.322ns
The critical path consists of the following:
	'fmul' operation 32 bit ('mul22_i', source/int4_decoder_blocks.cpp:751->source/int4_decoder_blocks.cpp:811) [100]  (2.322 ns)

 <State 42>: 2.322ns
The critical path consists of the following:
	'fmul' operation 32 bit ('value', source/int4_decoder_blocks.cpp:751->source/int4_decoder_blocks.cpp:811) [101]  (2.322 ns)

 <State 43>: 2.322ns
The critical path consists of the following:
	'fmul' operation 32 bit ('value', source/int4_decoder_blocks.cpp:751->source/int4_decoder_blocks.cpp:811) [101]  (2.322 ns)

 <State 44>: 2.322ns
The critical path consists of the following:
	'fmul' operation 32 bit ('value', source/int4_decoder_blocks.cpp:751->source/int4_decoder_blocks.cpp:811) [101]  (2.322 ns)

 <State 45>: 2.322ns
The critical path consists of the following:
	'fmul' operation 32 bit ('value', source/int4_decoder_blocks.cpp:751->source/int4_decoder_blocks.cpp:811) [101]  (2.322 ns)

 <State 46>: 1.494ns
The critical path consists of the following:
	'load' operation 32 bit ('max_abs_bits_4_load_1', source/int4_decoder_blocks.cpp:758->source/int4_decoder_blocks.cpp:811) on local variable 'max_abs_bits', source/int4_decoder_blocks.cpp:721->source/int4_decoder_blocks.cpp:811 [50]  (0.000 ns)
	'icmp' operation 1 bit ('icmp_ln758', source/int4_decoder_blocks.cpp:758->source/int4_decoder_blocks.cpp:811) [107]  (0.880 ns)
	'select' operation 32 bit ('max_abs_bits', source/int4_decoder_blocks.cpp:758->source/int4_decoder_blocks.cpp:811) [108]  (0.227 ns)
	'store' operation 0 bit ('store_ln721', source/int4_decoder_blocks.cpp:721->source/int4_decoder_blocks.cpp:811) of variable 'max_abs_bits', source/int4_decoder_blocks.cpp:758->source/int4_decoder_blocks.cpp:811 on local variable 'max_abs_bits', source/int4_decoder_blocks.cpp:721->source/int4_decoder_blocks.cpp:811 [113]  (0.387 ns)


============================================================
+ Verbose Summary: Binding
============================================================
N/A
* FSMD analyzer results:
  - Output states:
 - Input state : 
  - Chain level:
	State 1
	State 2
	State 3
	State 4
	State 5
	State 6
	State 7
	State 8
	State 9
	State 10
	State 11
	State 12
	State 13
	State 14
	State 15
	State 16
	State 17
	State 18
	State 19
	State 20
	State 21
	State 22
	State 23
	State 24
	State 25
	State 26
	State 27
	State 28
	State 29
	State 30
	State 31
	State 32
	State 33
	State 34
	State 35
	State 36
	State 37
	State 38
	State 39
	State 40
	State 41
	State 42
	State 43
	State 44
	State 45
	State 46


============================================================
+ Verbose Summary: Datapath Resource usage 
============================================================
N/A
