

================================================================
== Vitis HLS Report for 'int4_run_preprocess_and_linear'
================================================================
* Date:           Tue Aug 11 09:17:49 2026

* Version:        2023.2 (Build 4023990 on Oct 11 2023)
* Project:        proj_int4_decoder_xo
* Solution:       solution1 (Vitis Kernel Flow Target)
* Product family: virtexuplus
* Target device:  xcu250-figd2104-2L-e


================================================================
== Performance Estimates
================================================================
+ Timing: 
    * Summary: 
    +--------+---------+----------+------------+
    |  Clock |  Target | Estimated| Uncertainty|
    +--------+---------+----------+------------+
    |ap_clk  |  3.33 ns|  2.608 ns|     0.90 ns|
    +--------+---------+----------+------------+

+ Latency: 
    * Summary: 
    +---------+---------+-----------+----------+-----+--------+----------+
    |  Latency (cycles) |  Latency (absolute)  |   Interval   | Pipeline |
    |   min   |   max   |    min    |    max   | min |   max  |   Type   |
    +---------+---------+-----------+----------+-----+--------+----------+
    |        6|   693623|  19.998 ns|  2.312 ms|    2|  693619|  dataflow|
    +---------+---------+-----------+----------+-----+--------+----------+

    + Detail: 
        * Instance: 
        N/A

        * Loop: 
        N/A

============================================================
+ Verbose Summary: Synthesis Manager
============================================================
InlineROM: 1
ExposeGlobal: 0
============================================================
+ Verbose Summary: CDFG Model
============================================================
IsTopModel: 0
ResetActiveHigh: 1
IsCombinational: 2
IsDatapathOnly: 0
HasWiredReturn: 1
HasMFsm: 0
HasVarLatency: 1
IsPipeline: 0
IsRtlPipelined: 0
IsInstanceOverlapped: 0
IsDontTouch: 0
HasImplIP: 0
IsGatedGlobalClock: 0


============================================================
+ Verbose Summary: Schedule
============================================================
* Number of FSM states : 4
* Pipeline : 0
* Dataflow Pipeline: 1
  DF-Pipeline-0: Size = 4, States = { 1 2 3 4 }

* FSM state transitions: 
1 --> 2 
2 --> 3 
3 --> 4 
4 --> 

* FSM state operations: 

State 1 <SV = 0> <Delay = 0.66>
ST_1 : Operation 5 [1/1] (0.00ns)   --->   "%idx11_read = read i13 @_ssdm_op_Read.ap_auto.i13, i13 %idx11"   --->   Operation 5 'read' 'idx11_read' <Predicate = true> <Delay = 0.00>
ST_1 : Operation 6 [1/1] (0.00ns)   --->   "%idx10_read = read i13 @_ssdm_op_Read.ap_auto.i13, i13 %idx10"   --->   Operation 6 'read' 'idx10_read' <Predicate = true> <Delay = 0.00>
ST_1 : Operation 7 [1/1] (0.00ns)   --->   "%idx9_read = read i13 @_ssdm_op_Read.ap_auto.i13, i13 %idx9"   --->   Operation 7 'read' 'idx9_read' <Predicate = true> <Delay = 0.00>
ST_1 : Operation 8 [1/1] (0.00ns)   --->   "%idx8_read = read i13 @_ssdm_op_Read.ap_auto.i13, i13 %idx8"   --->   Operation 8 'read' 'idx8_read' <Predicate = true> <Delay = 0.00>
ST_1 : Operation 9 [1/1] (0.00ns)   --->   "%preprocess_mode_read = read i2 @_ssdm_op_Read.ap_auto.i2, i2 %preprocess_mode"   --->   Operation 9 'read' 'preprocess_mode_read' <Predicate = true> <Delay = 0.00>
ST_1 : Operation 10 [1/1] (0.00ns)   --->   "%quantized_stream = alloca i64 1" [source/int4_decoder_controller.cpp:86]   --->   Operation 10 'alloca' 'quantized_stream' <Predicate = true> <Delay = 0.00> <CoreInst = "FIFO_BRAM">   --->   Core 79 'FIFO_BRAM' <Latency = 0> <II = 1> <Delay = 1.42> <Storage> <Opcode : 'read' 'write' 'nbread' 'nbwrite'> <Ports = 0> <Width = 480> <Depth = 4> <FIFO>
ST_1 : Operation 11 [1/1] (0.00ns)   --->   "%scale_stream = alloca i64 1" [source/int4_decoder_controller.cpp:87]   --->   Operation 11 'alloca' 'scale_stream' <Predicate = true> <Delay = 0.00> <CoreInst = "FIFO_SRL">   --->   Core 81 'FIFO_SRL' <Latency = 0> <II = 1> <Delay = 1.46> <Storage> <Opcode : 'read' 'write' 'nbread' 'nbwrite'> <Ports = 0> <Width = 32> <Depth = 4> <FIFO>
ST_1 : Operation 12 [2/2] (0.66ns)   --->   "%call_ln98 = call void @int4_preprocess_activation_stream, i2 %preprocess_mode_read, i512 %rms_input_pe0, i512 %rms_input_pe1, i512 %rms_input_pe2, i512 %rms_input_pe3, i512 %gate_pe0, i512 %gate_pe1, i512 %gate_pe2, i512 %gate_pe3, i512 %up_pe0, i512 %up_pe1, i512 %up_pe2, i512 %up_pe3, i480 %quantized_stream, i32 %scale_stream, i13 %idx8_read, i13 %idx9_read, i13 %idx10_read, i13 %idx11_read, i512 %model_norm_cache0, i512 %model_norm_cache1, i512 %model_norm_cache2, i512 %model_norm_cache3" [source/int4_decoder_controller.cpp:98]   --->   Operation 12 'call' 'call_ln98' <Predicate = true> <Delay = 0.66> <CoreType = "Generic">   --->   Core 0 '' <Latency = 0> <II = 1> <Delay = 1.00> <Generic> <Opcode : >
ST_1 : Operation 13 [1/1] (0.43ns)   --->   "%icmp_ln113_loc_i_channel = call i1 @int4_run_preprocess_and_linear_Block_entry13_proc, i2 %preprocess_mode_read"   --->   Operation 13 'call' 'icmp_ln113_loc_i_channel' <Predicate = true> <Delay = 0.43> <CoreInst = "FIFO_SRL">   --->   Core 81 'FIFO_SRL' <Latency = 0> <II = 1> <Delay = 1.42> <Storage> <Opcode : 'read' 'write' 'nbread' 'nbwrite'> <Ports = 0> <Width = 1> <Depth = 2> <FIFO>

State 2 <SV = 1> <Delay = 0.00>
ST_2 : Operation 14 [1/2] (0.00ns)   --->   "%call_ln98 = call void @int4_preprocess_activation_stream, i2 %preprocess_mode_read, i512 %rms_input_pe0, i512 %rms_input_pe1, i512 %rms_input_pe2, i512 %rms_input_pe3, i512 %gate_pe0, i512 %gate_pe1, i512 %gate_pe2, i512 %gate_pe3, i512 %up_pe0, i512 %up_pe1, i512 %up_pe2, i512 %up_pe3, i480 %quantized_stream, i32 %scale_stream, i13 %idx8_read, i13 %idx9_read, i13 %idx10_read, i13 %idx11_read, i512 %model_norm_cache0, i512 %model_norm_cache1, i512 %model_norm_cache2, i512 %model_norm_cache3" [source/int4_decoder_controller.cpp:98]   --->   Operation 14 'call' 'call_ln98' <Predicate = true> <Delay = 0.00> <CoreType = "Generic">   --->   Core 0 '' <Latency = 0> <II = 1> <Delay = 1.00> <Generic> <Opcode : >

State 3 <SV = 2> <Delay = 2.08>
ST_3 : Operation 15 [1/1] (0.00ns)   --->   "%idx4_read = read i11 @_ssdm_op_Read.ap_auto.i11, i11 %idx4"   --->   Operation 15 'read' 'idx4_read' <Predicate = true> <Delay = 0.00>
ST_3 : Operation 16 [1/1] (0.00ns)   --->   "%idx_read = read i25 @_ssdm_op_Read.ap_auto.i25, i25 %idx"   --->   Operation 16 'read' 'idx_read' <Predicate = true> <Delay = 0.00>
ST_3 : Operation 17 [1/1] (0.00ns)   --->   "%p_read28 = read i6 @_ssdm_op_Read.ap_auto.i6, i6 %p_read2"   --->   Operation 17 'read' 'p_read28' <Predicate = true> <Delay = 0.00>
ST_3 : Operation 18 [1/1] (0.00ns)   --->   "%p_read17 = read i3 @_ssdm_op_Read.ap_auto.i3, i3 %p_read1"   --->   Operation 18 'read' 'p_read17' <Predicate = true> <Delay = 0.00>
ST_3 : Operation 19 [1/1] (0.00ns)   --->   "%p_read_9 = read i1 @_ssdm_op_Read.ap_auto.i1, i1 %p_read"   --->   Operation 19 'read' 'p_read_9' <Predicate = true> <Delay = 0.00>
ST_3 : Operation 20 [1/1] (0.00ns)   --->   "%weight_bank3_read = read i64 @_ssdm_op_Read.ap_auto.i64, i64 %weight_bank3"   --->   Operation 20 'read' 'weight_bank3_read' <Predicate = true> <Delay = 0.00>
ST_3 : Operation 21 [1/1] (0.00ns)   --->   "%weight_bank2_read = read i64 @_ssdm_op_Read.ap_auto.i64, i64 %weight_bank2"   --->   Operation 21 'read' 'weight_bank2_read' <Predicate = true> <Delay = 0.00>
ST_3 : Operation 22 [1/1] (0.00ns)   --->   "%weight_bank1_read = read i64 @_ssdm_op_Read.ap_auto.i64, i64 %weight_bank1"   --->   Operation 22 'read' 'weight_bank1_read' <Predicate = true> <Delay = 0.00>
ST_3 : Operation 23 [1/1] (0.00ns)   --->   "%weight_bank0_read = read i64 @_ssdm_op_Read.ap_auto.i64, i64 %weight_bank0"   --->   Operation 23 'read' 'weight_bank0_read' <Predicate = true> <Delay = 0.00>
ST_3 : Operation 24 [2/2] (2.08ns)   --->   "%call_ln106 = call void @int4_linear_4pe_from_stream, i512 %gmem0, i64 %weight_bank0_read, i512 %gmem1, i64 %weight_bank1_read, i512 %gmem2, i64 %weight_bank2_read, i512 %gmem3, i64 %weight_bank3_read, i480 %activation_q, i512 %activation_scale, i480 %quantized_stream, i32 %scale_stream, i1 %icmp_ln113_loc_i_channel, i512 %output_pe0, i512 %output_pe1, i512 %output_pe2, i512 %output_pe3, i1 %controller_run_rmsnorm, i2 %controller_rmsnorm_mode, i1 %p_read_9, i1 %controller_run_linear_out, i3 %p_read17, i3 %controller_linear_mode_out, i1 %controller_run_rope, i1 %controller_run_swiglu, i6 %p_read28, i6 %controller_layer_index_out, i1 %controller_exit, i25 %idx_read, i11 %idx4_read, i11 %controller_weight_scale_word_offset_constprop_out, i24 %controller_weight_word_offset_constprop_out, i24 %controller_weight_word_offset_constprop, i11 %controller_weight_scale_word_offset_constprop, i512 %model_scale_cache0, i512 %model_scale_cache1, i512 %model_scale_cache2, i512 %model_scale_cache3" [source/int4_decoder_controller.cpp:106]   --->   Operation 24 'call' 'call_ln106' <Predicate = true> <Delay = 2.08> <CoreType = "Generic">   --->   Core 0 '' <Latency = 0> <II = 1> <Delay = 1.00> <Generic> <Opcode : >

State 4 <SV = 3> <Delay = 2.05>
ST_4 : Operation 25 [1/1] (0.00ns)   --->   "%specdataflowpipeline_ln0 = specdataflowpipeline void @_ssdm_op_SpecDataflowPipeline, i32 4294967295, i32 1, void @empty_418"   --->   Operation 25 'specdataflowpipeline' 'specdataflowpipeline_ln0' <Predicate = true> <Delay = 0.00>
ST_4 : Operation 26 [1/1] (0.00ns)   --->   "%specmemcore_ln0 = specmemcore void @_ssdm_op_SpecMemCore, i512 %activation_scale, i64 666, i64 18, i64 18446744073709551615"   --->   Operation 26 'specmemcore' 'specmemcore_ln0' <Predicate = true> <Delay = 0.00>
ST_4 : Operation 27 [1/1] (0.00ns)   --->   "%specmemcore_ln0 = specmemcore void @_ssdm_op_SpecMemCore, i480 %activation_q, i64 666, i64 18, i64 18446744073709551615"   --->   Operation 27 'specmemcore' 'specmemcore_ln0' <Predicate = true> <Delay = 0.00>
ST_4 : Operation 28 [1/1] (0.00ns)   --->   "%specmemcore_ln0 = specmemcore void @_ssdm_op_SpecMemCore, i512 %output_pe3, i64 666, i64 24, i64 18446744073709551615"   --->   Operation 28 'specmemcore' 'specmemcore_ln0' <Predicate = true> <Delay = 0.00>
ST_4 : Operation 29 [1/1] (0.00ns)   --->   "%specmemcore_ln0 = specmemcore void @_ssdm_op_SpecMemCore, i512 %output_pe2, i64 666, i64 24, i64 18446744073709551615"   --->   Operation 29 'specmemcore' 'specmemcore_ln0' <Predicate = true> <Delay = 0.00>
ST_4 : Operation 30 [1/1] (0.00ns)   --->   "%specmemcore_ln0 = specmemcore void @_ssdm_op_SpecMemCore, i512 %output_pe1, i64 666, i64 24, i64 18446744073709551615"   --->   Operation 30 'specmemcore' 'specmemcore_ln0' <Predicate = true> <Delay = 0.00>
ST_4 : Operation 31 [1/1] (0.00ns)   --->   "%specmemcore_ln0 = specmemcore void @_ssdm_op_SpecMemCore, i512 %output_pe0, i64 666, i64 24, i64 18446744073709551615"   --->   Operation 31 'specmemcore' 'specmemcore_ln0' <Predicate = true> <Delay = 0.00>
ST_4 : Operation 32 [1/1] (0.00ns)   --->   "%specmemcore_ln0 = specmemcore void @_ssdm_op_SpecMemCore, i512 %rms_input_pe3, i64 666, i64 22, i64 18446744073709551615"   --->   Operation 32 'specmemcore' 'specmemcore_ln0' <Predicate = true> <Delay = 0.00>
ST_4 : Operation 33 [1/1] (0.00ns)   --->   "%specmemcore_ln0 = specmemcore void @_ssdm_op_SpecMemCore, i512 %rms_input_pe2, i64 666, i64 22, i64 18446744073709551615"   --->   Operation 33 'specmemcore' 'specmemcore_ln0' <Predicate = true> <Delay = 0.00>
ST_4 : Operation 34 [1/1] (0.00ns)   --->   "%specmemcore_ln0 = specmemcore void @_ssdm_op_SpecMemCore, i512 %rms_input_pe1, i64 666, i64 22, i64 18446744073709551615"   --->   Operation 34 'specmemcore' 'specmemcore_ln0' <Predicate = true> <Delay = 0.00>
ST_4 : Operation 35 [1/1] (0.00ns)   --->   "%specmemcore_ln0 = specmemcore void @_ssdm_op_SpecMemCore, i512 %rms_input_pe0, i64 666, i64 22, i64 18446744073709551615"   --->   Operation 35 'specmemcore' 'specmemcore_ln0' <Predicate = true> <Delay = 0.00>
ST_4 : Operation 36 [1/1] (0.00ns)   --->   "%specmemcore_ln0 = specmemcore void @_ssdm_op_SpecMemCore, i512 %up_pe3, i64 666, i64 18, i64 18446744073709551615"   --->   Operation 36 'specmemcore' 'specmemcore_ln0' <Predicate = true> <Delay = 0.00>
ST_4 : Operation 37 [1/1] (0.00ns)   --->   "%specmemcore_ln0 = specmemcore void @_ssdm_op_SpecMemCore, i512 %up_pe2, i64 666, i64 18, i64 18446744073709551615"   --->   Operation 37 'specmemcore' 'specmemcore_ln0' <Predicate = true> <Delay = 0.00>
ST_4 : Operation 38 [1/1] (0.00ns)   --->   "%specmemcore_ln0 = specmemcore void @_ssdm_op_SpecMemCore, i512 %up_pe1, i64 666, i64 18, i64 18446744073709551615"   --->   Operation 38 'specmemcore' 'specmemcore_ln0' <Predicate = true> <Delay = 0.00>
ST_4 : Operation 39 [1/1] (0.00ns)   --->   "%specmemcore_ln0 = specmemcore void @_ssdm_op_SpecMemCore, i512 %up_pe0, i64 666, i64 18, i64 18446744073709551615"   --->   Operation 39 'specmemcore' 'specmemcore_ln0' <Predicate = true> <Delay = 0.00>
ST_4 : Operation 40 [1/1] (0.00ns)   --->   "%specmemcore_ln0 = specmemcore void @_ssdm_op_SpecMemCore, i512 %gate_pe3, i64 666, i64 18, i64 18446744073709551615"   --->   Operation 40 'specmemcore' 'specmemcore_ln0' <Predicate = true> <Delay = 0.00>
ST_4 : Operation 41 [1/1] (0.00ns)   --->   "%specmemcore_ln0 = specmemcore void @_ssdm_op_SpecMemCore, i512 %gate_pe2, i64 666, i64 18, i64 18446744073709551615"   --->   Operation 41 'specmemcore' 'specmemcore_ln0' <Predicate = true> <Delay = 0.00>
ST_4 : Operation 42 [1/1] (0.00ns)   --->   "%specmemcore_ln0 = specmemcore void @_ssdm_op_SpecMemCore, i512 %gate_pe1, i64 666, i64 18, i64 18446744073709551615"   --->   Operation 42 'specmemcore' 'specmemcore_ln0' <Predicate = true> <Delay = 0.00>
ST_4 : Operation 43 [1/1] (0.00ns)   --->   "%specmemcore_ln0 = specmemcore void @_ssdm_op_SpecMemCore, i512 %gate_pe0, i64 666, i64 18, i64 18446744073709551615"   --->   Operation 43 'specmemcore' 'specmemcore_ln0' <Predicate = true> <Delay = 0.00>
ST_4 : Operation 44 [1/1] (0.00ns)   --->   "%specinterface_ln0 = specinterface void @_ssdm_op_SpecInterface, i512 %gmem3, void @empty_417, i32 0, i32 0, void @empty_418, i32 64, i32 13043328, void @empty_423, void @empty_420, void @empty_418, i32 8, i32 2, i32 256, i32 64, void @empty_418, void @empty_418, i32 4294967295, i32 0"   --->   Operation 44 'specinterface' 'specinterface_ln0' <Predicate = true> <Delay = 0.00>
ST_4 : Operation 45 [1/1] (0.00ns)   --->   "%specinterface_ln0 = specinterface void @_ssdm_op_SpecInterface, i512 %gmem2, void @empty_417, i32 0, i32 0, void @empty_418, i32 64, i32 13043328, void @empty_422, void @empty_420, void @empty_418, i32 8, i32 2, i32 256, i32 64, void @empty_418, void @empty_418, i32 4294967295, i32 0"   --->   Operation 45 'specinterface' 'specinterface_ln0' <Predicate = true> <Delay = 0.00>
ST_4 : Operation 46 [1/1] (0.00ns)   --->   "%specinterface_ln0 = specinterface void @_ssdm_op_SpecInterface, i512 %gmem1, void @empty_417, i32 0, i32 0, void @empty_418, i32 64, i32 13043328, void @empty_421, void @empty_420, void @empty_418, i32 8, i32 2, i32 256, i32 64, void @empty_418, void @empty_418, i32 4294967295, i32 0"   --->   Operation 46 'specinterface' 'specinterface_ln0' <Predicate = true> <Delay = 0.00>
ST_4 : Operation 47 [1/1] (0.00ns)   --->   "%specinterface_ln0 = specinterface void @_ssdm_op_SpecInterface, i512 %gmem0, void @empty_417, i32 0, i32 0, void @empty_418, i32 64, i32 13043328, void @empty_419, void @empty_420, void @empty_418, i32 8, i32 2, i32 256, i32 64, void @empty_418, void @empty_418, i32 4294967295, i32 0"   --->   Operation 47 'specinterface' 'specinterface_ln0' <Predicate = true> <Delay = 0.00>
ST_4 : Operation 48 [1/1] (0.00ns)   --->   "%empty = specchannel i32 @_ssdm_op_SpecChannel, void @quantized_stream_str, i32 1, void @p_str, void @p_str, i32 4, i32 4, i480 %quantized_stream, i480 %quantized_stream"   --->   Operation 48 'specchannel' 'empty' <Predicate = true> <Delay = 0.00>
ST_4 : Operation 49 [1/1] (0.00ns)   --->   "%specmemcore_ln95 = specmemcore void @_ssdm_op_SpecMemCore, i480 %quantized_stream, i64 666, i64 8, i64 18446744073709551615" [source/int4_decoder_controller.cpp:95]   --->   Operation 49 'specmemcore' 'specmemcore_ln95' <Predicate = true> <Delay = 0.00>
ST_4 : Operation 50 [1/1] (0.00ns)   --->   "%specinterface_ln0 = specinterface void @_ssdm_op_SpecInterface, i480 %quantized_stream, void @empty_447, i32 0, i32 0, void @empty_418, i32 0, i32 0, void @empty_418, void @empty_418, void @empty_418, i32 0, i32 0, i32 0, i32 0, void @empty_418, void @empty_418, i32 4294967295, i32 0"   --->   Operation 50 'specinterface' 'specinterface_ln0' <Predicate = true> <Delay = 0.00>
ST_4 : Operation 51 [1/1] (0.00ns)   --->   "%empty_856 = specchannel i32 @_ssdm_op_SpecChannel, void @scale_stream_str, i32 1, void @p_str, void @p_str, i32 4, i32 4, i32 %scale_stream, i32 %scale_stream"   --->   Operation 51 'specchannel' 'empty_856' <Predicate = true> <Delay = 0.00>
ST_4 : Operation 52 [1/1] (0.00ns)   --->   "%specmemcore_ln96 = specmemcore void @_ssdm_op_SpecMemCore, i32 %scale_stream, i64 666, i64 10, i64 18446744073709551615" [source/int4_decoder_controller.cpp:96]   --->   Operation 52 'specmemcore' 'specmemcore_ln96' <Predicate = true> <Delay = 0.00>
ST_4 : Operation 53 [1/1] (0.00ns)   --->   "%specinterface_ln0 = specinterface void @_ssdm_op_SpecInterface, i32 %scale_stream, void @empty_447, i32 0, i32 0, void @empty_418, i32 0, i32 0, void @empty_418, void @empty_418, void @empty_418, i32 0, i32 0, i32 0, i32 0, void @empty_418, void @empty_418, i32 4294967295, i32 0"   --->   Operation 53 'specinterface' 'specinterface_ln0' <Predicate = true> <Delay = 0.00>
ST_4 : Operation 54 [1/2] (2.05ns)   --->   "%call_ln106 = call void @int4_linear_4pe_from_stream, i512 %gmem0, i64 %weight_bank0_read, i512 %gmem1, i64 %weight_bank1_read, i512 %gmem2, i64 %weight_bank2_read, i512 %gmem3, i64 %weight_bank3_read, i480 %activation_q, i512 %activation_scale, i480 %quantized_stream, i32 %scale_stream, i1 %icmp_ln113_loc_i_channel, i512 %output_pe0, i512 %output_pe1, i512 %output_pe2, i512 %output_pe3, i1 %controller_run_rmsnorm, i2 %controller_rmsnorm_mode, i1 %p_read_9, i1 %controller_run_linear_out, i3 %p_read17, i3 %controller_linear_mode_out, i1 %controller_run_rope, i1 %controller_run_swiglu, i6 %p_read28, i6 %controller_layer_index_out, i1 %controller_exit, i25 %idx_read, i11 %idx4_read, i11 %controller_weight_scale_word_offset_constprop_out, i24 %controller_weight_word_offset_constprop_out, i24 %controller_weight_word_offset_constprop, i11 %controller_weight_scale_word_offset_constprop, i512 %model_scale_cache0, i512 %model_scale_cache1, i512 %model_scale_cache2, i512 %model_scale_cache3" [source/int4_decoder_controller.cpp:106]   --->   Operation 54 'call' 'call_ln106' <Predicate = true> <Delay = 2.05> <CoreType = "Generic">   --->   Core 0 '' <Latency = 0> <II = 1> <Delay = 1.00> <Generic> <Opcode : >
ST_4 : Operation 55 [1/1] (0.00ns)   --->   "%ret_ln0 = ret"   --->   Operation 55 'ret' 'ret_ln0' <Predicate = true> <Delay = 0.00>


============================================================
+ Verbose Summary: Timing violations
============================================================
Target clock period: 3.333ns, clock uncertainty: 0.900ns.

 <State 1>: 0.667ns
The critical path consists of the following:
	wire read operation ('idx11_read') on port 'idx11' [57]  (0.000 ns)
	'call' operation 0 bit ('call_ln98', source/int4_decoder_controller.cpp:98) to 'int4_preprocess_activation_stream' [102]  (0.667 ns)

 <State 2>: 0.000ns
The critical path consists of the following:

 <State 3>: 2.089ns
The critical path consists of the following:
	wire read operation ('idx4_read') on port 'idx4' [61]  (0.000 ns)
	'call' operation 0 bit ('call_ln106', source/int4_decoder_controller.cpp:106) to 'int4_linear_4pe_from_stream' [104]  (2.089 ns)

 <State 4>: 2.055ns
The critical path consists of the following:
	'call' operation 0 bit ('call_ln106', source/int4_decoder_controller.cpp:106) to 'int4_linear_4pe_from_stream' [104]  (2.055 ns)


============================================================
+ Verbose Summary: Binding
============================================================
N/A
* FSMD analyzer results:
  - Output states:
 - Input state : 
  - Chain level:
	State 1
	State 2
	State 3
	State 4


============================================================
+ Verbose Summary: Datapath Resource usage 
============================================================
N/A
