

================================================================
== Vitis HLS Report for 'int4_rms_gather_streams'
================================================================
* Date:           Tue Aug 11 09:18:46 2026

* Version:        2023.2 (Build 4023990 on Oct 11 2023)
* Project:        proj_int4_decoder_xo
* Solution:       solution1 (Vitis Kernel Flow Target)
* Product family: virtexuplus
* Target device:  xcu250-figd2104-2L-e


================================================================
== Performance Estimates
================================================================
+ Timing: 
    * Summary: 
    +--------+---------+----------+------------+
    |  Clock |  Target | Estimated| Uncertainty|
    +--------+---------+----------+------------+
    |ap_clk  |  3.33 ns|  2.608 ns|     0.90 ns|
    +--------+---------+----------+------------+

+ Latency: 
    * Summary: 
    +---------+---------+----------+----------+-----+-----+---------+
    |  Latency (cycles) |  Latency (absolute) |  Interval | Pipeline|
    |   min   |   max   |    min   |    max   | min | max |   Type  |
    +---------+---------+----------+----------+-----+-----+---------+
    |      131|      131|  0.437 us|  0.437 us|  131|  131|       no|
    +---------+---------+----------+----------+-----+-----+---------+

    + Detail: 
        * Instance: 
        N/A

        * Loop: 
        +-----------------------------------------------------------------------+---------+---------+----------+-----------+-----------+------+----------+
        |                                                                       |  Latency (cycles) | Iteration|  Initiation Interval  | Trip |          |
        |                               Loop Name                               |   min   |   max   |  Latency |  achieved |   target  | Count| Pipelined|
        +-----------------------------------------------------------------------+---------+---------+----------+-----------+-----------+------+----------+
        |- rms_stream_local_tile_loop_rms_stream_pe_loop_rms_stream_group_loop  |      129|      129|         3|          1|          1|   128|       yes|
        +-----------------------------------------------------------------------+---------+---------+----------+-----------+-----------+------+----------+



================================================================
== Utilization Estimates
================================================================
* Summary: 
+---------------------+---------+-------+---------+---------+------+
|         Name        | BRAM_18K|  DSP  |    FF   |   LUT   | URAM |
+---------------------+---------+-------+---------+---------+------+
|DSP                  |        -|      -|        -|        -|     -|
|Expression           |        -|      -|        0|      130|     -|
|FIFO                 |        -|      -|        -|        -|     -|
|Instance             |        -|      -|        -|        -|     -|
|Memory               |        -|      -|        -|        -|     -|
|Multiplexer          |        -|      -|        -|      232|     -|
|Register             |        -|      -|     1053|        -|     -|
+---------------------+---------+-------+---------+---------+------+
|Total                |        0|      0|     1053|      362|     0|
+---------------------+---------+-------+---------+---------+------+
|Available SLR        |     1344|   3072|   864000|   432000|   320|
+---------------------+---------+-------+---------+---------+------+
|Utilization SLR (%)  |        0|      0|       ~0|       ~0|     0|
+---------------------+---------+-------+---------+---------+------+
|Available            |     5376|  12288|  3456000|  1728000|  1280|
+---------------------+---------+-------+---------+---------+------+
|Utilization (%)      |        0|      0|       ~0|       ~0|     0|
+---------------------+---------+-------+---------+---------+------+

+ Detail: 
    * Instance: 
    N/A

    * DSP: 
    N/A

    * Memory: 
    N/A

    * FIFO: 
    N/A

    * Expression: 
    +----------------------------------+----------+----+---+----+------------+------------+
    |           Variable Name          | Operation| DSP| FF| LUT| Bitwidth P0| Bitwidth P1|
    +----------------------------------+----------+----+---+----+------------+------------+
    |add_ln270_fu_223_p2               |         +|   0|  0|  15|           8|           1|
    |add_ln274_1_fu_298_p2             |         +|   0|  0|  13|           6|           1|
    |add_ln278_fu_278_p2               |         +|   0|  0|  10|           3|           1|
    |pe_3_fu_264_p2                    |         +|   0|  0|  10|           3|           1|
    |and_ln269_fu_258_p2               |       and|   0|  0|   2|           1|           1|
    |ap_condition_129                  |       and|   0|  0|   2|           1|           1|
    |ap_condition_242                  |       and|   0|  0|   2|           1|           1|
    |ap_condition_244                  |       and|   0|  0|   2|           1|           1|
    |ap_predicate_op58_read_state2     |       and|   0|  0|   2|           1|           1|
    |ap_predicate_op61_read_state2     |       and|   0|  0|   2|           1|           1|
    |ap_predicate_op64_read_state2     |       and|   0|  0|   2|           1|           1|
    |icmp_ln270_fu_217_p2              |      icmp|   0|  0|  16|           8|           9|
    |icmp_ln274_fu_232_p2              |      icmp|   0|  0|  13|           6|           5|
    |icmp_ln277_fu_252_p2              |      icmp|   0|  0|  12|           3|           4|
    |ap_block_pp0_stage0_01001         |        or|   0|  0|   2|           1|           1|
    |ap_block_state2_pp0_stage0_iter1  |        or|   0|  0|   2|           1|           1|
    |ap_block_state3_pp0_stage0_iter2  |        or|   0|  0|   2|           1|           1|
    |or_ln278_fu_284_p2                |        or|   0|  0|   2|           1|           1|
    |group_fu_290_p3                   |    select|   0|  0|   3|           1|           1|
    |select_ln269_fu_238_p3            |    select|   0|  0|   3|           1|           1|
    |select_ln274_1_fu_304_p3          |    select|   0|  0|   6|           1|           1|
    |select_ln274_fu_270_p3            |    select|   0|  0|   3|           1|           3|
    |ap_enable_pp0                     |       xor|   0|  0|   2|           1|           2|
    |xor_ln269_fu_246_p2               |       xor|   0|  0|   2|           1|           2|
    +----------------------------------+----------+----+---+----+------------+------------+
    |Total                             |          |   0|  0| 130|          54|          43|
    +----------------------------------+----------+----+---+----+------------+------------+

    * Multiplexer: 
    +------------------------------------------+----+-----------+-----+-----------+
    |                   Name                   | LUT| Input Size| Bits| Total Bits|
    +------------------------------------------+----+-----------+-----+-----------+
    |ap_done_int                               |   9|          2|    1|          2|
    |ap_enable_reg_pp0_iter1                   |   9|          2|    1|          2|
    |ap_phi_reg_pp0_iter2_empty_reg_174        |  26|          5|   32|        160|
    |ap_phi_reg_pp0_iter2_quantized_2_reg_160  |  26|          5|  480|       2400|
    |ap_sig_allocacmp_group_13                 |   9|          2|    3|          6|
    |ap_sig_allocacmp_indvar_flatten10_load    |   9|          2|    8|         16|
    |ap_sig_allocacmp_indvar_flatten_load      |   9|          2|    6|         12|
    |ap_sig_allocacmp_pe_load                  |   9|          2|    3|          6|
    |group_01_fu_82                            |   9|          2|    3|          6|
    |indvar_flatten10_fu_94                    |   9|          2|    8|         16|
    |indvar_flatten_fu_90                      |   9|          2|    6|         12|
    |pe_fu_86                                  |   9|          2|    3|          6|
    |quantized_pe0_blk_n                       |   9|          2|    1|          2|
    |quantized_pe1_blk_n                       |   9|          2|    1|          2|
    |quantized_pe2_blk_n                       |   9|          2|    1|          2|
    |quantized_pe3_blk_n                       |   9|          2|    1|          2|
    |quantized_stream_blk_n                    |   9|          2|    1|          2|
    |scale_pe0_blk_n                           |   9|          2|    1|          2|
    |scale_pe1_blk_n                           |   9|          2|    1|          2|
    |scale_pe2_blk_n                           |   9|          2|    1|          2|
    |scale_pe3_blk_n                           |   9|          2|    1|          2|
    |scale_stream_blk_n                        |   9|          2|    1|          2|
    +------------------------------------------+----+-----------+-----+-----------+
    |Total                                     | 232|         50|  564|       2664|
    +------------------------------------------+----+-----------+-----+-----------+

    * Register: 
    +------------------------------------------+-----+----+-----+-----------+
    |                   Name                   |  FF | LUT| Bits| Const Bits|
    +------------------------------------------+-----+----+-----+-----------+
    |ap_CS_fsm                                 |    1|   0|    1|          0|
    |ap_done_reg                               |    1|   0|    1|          0|
    |ap_enable_reg_pp0_iter1                   |    1|   0|    1|          0|
    |ap_enable_reg_pp0_iter2                   |    1|   0|    1|          0|
    |ap_loop_exit_ready_pp0_iter1_reg          |    1|   0|    1|          0|
    |ap_phi_reg_pp0_iter1_empty_reg_174        |   32|   0|   32|          0|
    |ap_phi_reg_pp0_iter1_quantized_2_reg_160  |  480|   0|  480|          0|
    |ap_phi_reg_pp0_iter2_empty_reg_174        |   32|   0|   32|          0|
    |ap_phi_reg_pp0_iter2_quantized_2_reg_160  |  480|   0|  480|          0|
    |group_01_fu_82                            |    3|   0|    3|          0|
    |icmp_ln270_reg_360                        |    1|   0|    1|          0|
    |indvar_flatten10_fu_94                    |    8|   0|    8|          0|
    |indvar_flatten_fu_90                      |    6|   0|    6|          0|
    |pe_fu_86                                  |    3|   0|    3|          0|
    |select_ln274_reg_364                      |    3|   0|    3|          0|
    +------------------------------------------+-----+----+-----+-----------+
    |Total                                     | 1053|   0| 1053|          0|
    +------------------------------------------+-----+----+-----+-----------+



================================================================
== Interface
================================================================
* Summary: 
+---------------------------------+-----+-----+------------+-------------------------+--------------+
|            RTL Ports            | Dir | Bits|  Protocol  |      Source Object      |    C Type    |
+---------------------------------+-----+-----+------------+-------------------------+--------------+
|ap_clk                           |   in|    1|  ap_ctrl_hs|  int4_rms_gather_streams|  return value|
|ap_rst                           |   in|    1|  ap_ctrl_hs|  int4_rms_gather_streams|  return value|
|ap_start                         |   in|    1|  ap_ctrl_hs|  int4_rms_gather_streams|  return value|
|ap_done                          |  out|    1|  ap_ctrl_hs|  int4_rms_gather_streams|  return value|
|ap_continue                      |   in|    1|  ap_ctrl_hs|  int4_rms_gather_streams|  return value|
|ap_idle                          |  out|    1|  ap_ctrl_hs|  int4_rms_gather_streams|  return value|
|ap_ready                         |  out|    1|  ap_ctrl_hs|  int4_rms_gather_streams|  return value|
|quantized_pe2_dout               |   in|  480|     ap_fifo|            quantized_pe2|       pointer|
|quantized_pe2_num_data_valid     |   in|    3|     ap_fifo|            quantized_pe2|       pointer|
|quantized_pe2_fifo_cap           |   in|    3|     ap_fifo|            quantized_pe2|       pointer|
|quantized_pe2_empty_n            |   in|    1|     ap_fifo|            quantized_pe2|       pointer|
|quantized_pe2_read               |  out|    1|     ap_fifo|            quantized_pe2|       pointer|
|scale_pe2_dout                   |   in|   32|     ap_fifo|                scale_pe2|       pointer|
|scale_pe2_num_data_valid         |   in|    3|     ap_fifo|                scale_pe2|       pointer|
|scale_pe2_fifo_cap               |   in|    3|     ap_fifo|                scale_pe2|       pointer|
|scale_pe2_empty_n                |   in|    1|     ap_fifo|                scale_pe2|       pointer|
|scale_pe2_read                   |  out|    1|     ap_fifo|                scale_pe2|       pointer|
|quantized_pe1_dout               |   in|  480|     ap_fifo|            quantized_pe1|       pointer|
|quantized_pe1_num_data_valid     |   in|    3|     ap_fifo|            quantized_pe1|       pointer|
|quantized_pe1_fifo_cap           |   in|    3|     ap_fifo|            quantized_pe1|       pointer|
|quantized_pe1_empty_n            |   in|    1|     ap_fifo|            quantized_pe1|       pointer|
|quantized_pe1_read               |  out|    1|     ap_fifo|            quantized_pe1|       pointer|
|scale_pe1_dout                   |   in|   32|     ap_fifo|                scale_pe1|       pointer|
|scale_pe1_num_data_valid         |   in|    3|     ap_fifo|                scale_pe1|       pointer|
|scale_pe1_fifo_cap               |   in|    3|     ap_fifo|                scale_pe1|       pointer|
|scale_pe1_empty_n                |   in|    1|     ap_fifo|                scale_pe1|       pointer|
|scale_pe1_read                   |  out|    1|     ap_fifo|                scale_pe1|       pointer|
|quantized_pe0_dout               |   in|  480|     ap_fifo|            quantized_pe0|       pointer|
|quantized_pe0_num_data_valid     |   in|    3|     ap_fifo|            quantized_pe0|       pointer|
|quantized_pe0_fifo_cap           |   in|    3|     ap_fifo|            quantized_pe0|       pointer|
|quantized_pe0_empty_n            |   in|    1|     ap_fifo|            quantized_pe0|       pointer|
|quantized_pe0_read               |  out|    1|     ap_fifo|            quantized_pe0|       pointer|
|scale_pe0_dout                   |   in|   32|     ap_fifo|                scale_pe0|       pointer|
|scale_pe0_num_data_valid         |   in|    3|     ap_fifo|                scale_pe0|       pointer|
|scale_pe0_fifo_cap               |   in|    3|     ap_fifo|                scale_pe0|       pointer|
|scale_pe0_empty_n                |   in|    1|     ap_fifo|                scale_pe0|       pointer|
|scale_pe0_read                   |  out|    1|     ap_fifo|                scale_pe0|       pointer|
|quantized_pe3_dout               |   in|  480|     ap_fifo|            quantized_pe3|       pointer|
|quantized_pe3_num_data_valid     |   in|    3|     ap_fifo|            quantized_pe3|       pointer|
|quantized_pe3_fifo_cap           |   in|    3|     ap_fifo|            quantized_pe3|       pointer|
|quantized_pe3_empty_n            |   in|    1|     ap_fifo|            quantized_pe3|       pointer|
|quantized_pe3_read               |  out|    1|     ap_fifo|            quantized_pe3|       pointer|
|scale_pe3_dout                   |   in|   32|     ap_fifo|                scale_pe3|       pointer|
|scale_pe3_num_data_valid         |   in|    3|     ap_fifo|                scale_pe3|       pointer|
|scale_pe3_fifo_cap               |   in|    3|     ap_fifo|                scale_pe3|       pointer|
|scale_pe3_empty_n                |   in|    1|     ap_fifo|                scale_pe3|       pointer|
|scale_pe3_read                   |  out|    1|     ap_fifo|                scale_pe3|       pointer|
|quantized_stream_din             |  out|  480|     ap_fifo|         quantized_stream|       pointer|
|quantized_stream_num_data_valid  |   in|    3|     ap_fifo|         quantized_stream|       pointer|
|quantized_stream_fifo_cap        |   in|    3|     ap_fifo|         quantized_stream|       pointer|
|quantized_stream_full_n          |   in|    1|     ap_fifo|         quantized_stream|       pointer|
|quantized_stream_write           |  out|    1|     ap_fifo|         quantized_stream|       pointer|
|scale_stream_din                 |  out|   32|     ap_fifo|             scale_stream|       pointer|
|scale_stream_num_data_valid      |   in|    3|     ap_fifo|             scale_stream|       pointer|
|scale_stream_fifo_cap            |   in|    3|     ap_fifo|             scale_stream|       pointer|
|scale_stream_full_n              |   in|    1|     ap_fifo|             scale_stream|       pointer|
|scale_stream_write               |  out|    1|     ap_fifo|             scale_stream|       pointer|
+---------------------------------+-----+-----+------------+-------------------------+--------------+

============================================================
+ Verbose Summary: Synthesis Manager
============================================================
InlineROM: 1
ExposeGlobal: 0
============================================================
+ Verbose Summary: CDFG Model
============================================================
IsTopModel: 0
ResetActiveHigh: 1
IsCombinational: 2
IsDatapathOnly: 0
HasWiredReturn: 1
HasMFsm: 2
HasVarLatency: 1
IsPipeline: 0
IsRtlPipelined: 0
IsInstanceOverlapped: 0
IsDontTouch: 0
HasImplIP: 0
IsGatedGlobalClock: 0

+ Individual pipeline summary: 
  * Pipeline-0: initiation interval (II) = 1, depth = 3


============================================================
+ Verbose Summary: Schedule
============================================================
* Number of FSM states : 3
* Pipeline : 1
  Pipeline-0 : II = 1, D = 3, States = { 1 2 3 }
* Dataflow Pipeline: 0

* FSM state transitions: 
1 --> 2 
2 --> 3 
3 --> 

* FSM state operations: 

State 1 <SV = 0> <Delay = 2.60>
ST_1 : Operation 6 [1/1] (0.00ns)   --->   "%group_01 = alloca i32 1" [source/int4_decoder_blocks.cpp:276]   --->   Operation 6 'alloca' 'group_01' <Predicate = true> <Delay = 0.00>
ST_1 : Operation 7 [1/1] (0.00ns)   --->   "%pe = alloca i32 1" [source/int4_decoder_blocks.cpp:274]   --->   Operation 7 'alloca' 'pe' <Predicate = true> <Delay = 0.00>
ST_1 : Operation 8 [1/1] (0.00ns)   --->   "%indvar_flatten = alloca i32 1"   --->   Operation 8 'alloca' 'indvar_flatten' <Predicate = true> <Delay = 0.00>
ST_1 : Operation 9 [1/1] (0.00ns)   --->   "%indvar_flatten10 = alloca i32 1"   --->   Operation 9 'alloca' 'indvar_flatten10' <Predicate = true> <Delay = 0.00>
ST_1 : Operation 10 [1/1] (0.00ns)   --->   "%specmemcore_ln0 = specmemcore void @_ssdm_op_SpecMemCore, i480 %quantized_pe3, i64 666, i64 8, i64 18446744073709551615"   --->   Operation 10 'specmemcore' 'specmemcore_ln0' <Predicate = true> <Delay = 0.00>
ST_1 : Operation 11 [1/1] (0.00ns)   --->   "%specmemcore_ln0 = specmemcore void @_ssdm_op_SpecMemCore, i480 %quantized_pe2, i64 666, i64 8, i64 18446744073709551615"   --->   Operation 11 'specmemcore' 'specmemcore_ln0' <Predicate = true> <Delay = 0.00>
ST_1 : Operation 12 [1/1] (0.00ns)   --->   "%specmemcore_ln0 = specmemcore void @_ssdm_op_SpecMemCore, i480 %quantized_pe1, i64 666, i64 8, i64 18446744073709551615"   --->   Operation 12 'specmemcore' 'specmemcore_ln0' <Predicate = true> <Delay = 0.00>
ST_1 : Operation 13 [1/1] (0.00ns)   --->   "%specmemcore_ln0 = specmemcore void @_ssdm_op_SpecMemCore, i480 %quantized_pe0, i64 666, i64 8, i64 18446744073709551615"   --->   Operation 13 'specmemcore' 'specmemcore_ln0' <Predicate = true> <Delay = 0.00>
ST_1 : Operation 14 [1/1] (0.00ns)   --->   "%specmemcore_ln0 = specmemcore void @_ssdm_op_SpecMemCore, i480 %quantized_stream, i64 666, i64 8, i64 18446744073709551615"   --->   Operation 14 'specmemcore' 'specmemcore_ln0' <Predicate = true> <Delay = 0.00>
ST_1 : Operation 15 [1/1] (0.00ns)   --->   "%specmemcore_ln0 = specmemcore void @_ssdm_op_SpecMemCore, i32 %scale_stream, i64 666, i64 10, i64 18446744073709551615"   --->   Operation 15 'specmemcore' 'specmemcore_ln0' <Predicate = true> <Delay = 0.00>
ST_1 : Operation 16 [1/1] (0.00ns)   --->   "%specinterface_ln0 = specinterface void @_ssdm_op_SpecInterface, i32 %scale_pe3, void @empty_447, i32 0, i32 0, void @empty_418, i32 0, i32 0, void @empty_418, void @empty_418, void @empty_418, i32 0, i32 0, i32 0, i32 0, void @empty_418, void @empty_418, i32 4294967295, i32 0"   --->   Operation 16 'specinterface' 'specinterface_ln0' <Predicate = true> <Delay = 0.00>
ST_1 : Operation 17 [1/1] (0.00ns)   --->   "%specinterface_ln0 = specinterface void @_ssdm_op_SpecInterface, i32 %scale_pe2, void @empty_447, i32 0, i32 0, void @empty_418, i32 0, i32 0, void @empty_418, void @empty_418, void @empty_418, i32 0, i32 0, i32 0, i32 0, void @empty_418, void @empty_418, i32 4294967295, i32 0"   --->   Operation 17 'specinterface' 'specinterface_ln0' <Predicate = true> <Delay = 0.00>
ST_1 : Operation 18 [1/1] (0.00ns)   --->   "%specinterface_ln0 = specinterface void @_ssdm_op_SpecInterface, i32 %scale_pe1, void @empty_447, i32 0, i32 0, void @empty_418, i32 0, i32 0, void @empty_418, void @empty_418, void @empty_418, i32 0, i32 0, i32 0, i32 0, void @empty_418, void @empty_418, i32 4294967295, i32 0"   --->   Operation 18 'specinterface' 'specinterface_ln0' <Predicate = true> <Delay = 0.00>
ST_1 : Operation 19 [1/1] (0.00ns)   --->   "%specinterface_ln0 = specinterface void @_ssdm_op_SpecInterface, i32 %scale_pe0, void @empty_447, i32 0, i32 0, void @empty_418, i32 0, i32 0, void @empty_418, void @empty_418, void @empty_418, i32 0, i32 0, i32 0, i32 0, void @empty_418, void @empty_418, i32 4294967295, i32 0"   --->   Operation 19 'specinterface' 'specinterface_ln0' <Predicate = true> <Delay = 0.00>
ST_1 : Operation 20 [1/1] (0.00ns)   --->   "%specinterface_ln0 = specinterface void @_ssdm_op_SpecInterface, i480 %quantized_pe3, void @empty_447, i32 0, i32 0, void @empty_418, i32 0, i32 0, void @empty_418, void @empty_418, void @empty_418, i32 0, i32 0, i32 0, i32 0, void @empty_418, void @empty_418, i32 4294967295, i32 0"   --->   Operation 20 'specinterface' 'specinterface_ln0' <Predicate = true> <Delay = 0.00>
ST_1 : Operation 21 [1/1] (0.00ns)   --->   "%specinterface_ln0 = specinterface void @_ssdm_op_SpecInterface, i480 %quantized_pe2, void @empty_447, i32 0, i32 0, void @empty_418, i32 0, i32 0, void @empty_418, void @empty_418, void @empty_418, i32 0, i32 0, i32 0, i32 0, void @empty_418, void @empty_418, i32 4294967295, i32 0"   --->   Operation 21 'specinterface' 'specinterface_ln0' <Predicate = true> <Delay = 0.00>
ST_1 : Operation 22 [1/1] (0.00ns)   --->   "%specinterface_ln0 = specinterface void @_ssdm_op_SpecInterface, i480 %quantized_pe1, void @empty_447, i32 0, i32 0, void @empty_418, i32 0, i32 0, void @empty_418, void @empty_418, void @empty_418, i32 0, i32 0, i32 0, i32 0, void @empty_418, void @empty_418, i32 4294967295, i32 0"   --->   Operation 22 'specinterface' 'specinterface_ln0' <Predicate = true> <Delay = 0.00>
ST_1 : Operation 23 [1/1] (0.00ns)   --->   "%specinterface_ln0 = specinterface void @_ssdm_op_SpecInterface, i480 %quantized_pe0, void @empty_447, i32 0, i32 0, void @empty_418, i32 0, i32 0, void @empty_418, void @empty_418, void @empty_418, i32 0, i32 0, i32 0, i32 0, void @empty_418, void @empty_418, i32 4294967295, i32 0"   --->   Operation 23 'specinterface' 'specinterface_ln0' <Predicate = true> <Delay = 0.00>
ST_1 : Operation 24 [1/1] (0.00ns)   --->   "%specinterface_ln0 = specinterface void @_ssdm_op_SpecInterface, i480 %quantized_stream, void @empty_447, i32 0, i32 0, void @empty_418, i32 0, i32 0, void @empty_418, void @empty_418, void @empty_418, i32 0, i32 0, i32 0, i32 0, void @empty_418, void @empty_418, i32 4294967295, i32 0"   --->   Operation 24 'specinterface' 'specinterface_ln0' <Predicate = true> <Delay = 0.00>
ST_1 : Operation 25 [1/1] (0.00ns)   --->   "%specinterface_ln0 = specinterface void @_ssdm_op_SpecInterface, i32 %scale_stream, void @empty_447, i32 0, i32 0, void @empty_418, i32 0, i32 0, void @empty_418, void @empty_418, void @empty_418, i32 0, i32 0, i32 0, i32 0, void @empty_418, void @empty_418, i32 4294967295, i32 0"   --->   Operation 25 'specinterface' 'specinterface_ln0' <Predicate = true> <Delay = 0.00>
ST_1 : Operation 26 [1/1] (0.38ns)   --->   "%store_ln0 = store i8 0, i8 %indvar_flatten10"   --->   Operation 26 'store' 'store_ln0' <Predicate = true> <Delay = 0.38>
ST_1 : Operation 27 [1/1] (0.38ns)   --->   "%store_ln0 = store i6 0, i6 %indvar_flatten"   --->   Operation 27 'store' 'store_ln0' <Predicate = true> <Delay = 0.38>
ST_1 : Operation 28 [1/1] (0.38ns)   --->   "%store_ln274 = store i3 0, i3 %pe" [source/int4_decoder_blocks.cpp:274]   --->   Operation 28 'store' 'store_ln274' <Predicate = true> <Delay = 0.38>
ST_1 : Operation 29 [1/1] (0.38ns)   --->   "%store_ln276 = store i3 0, i3 %group_01" [source/int4_decoder_blocks.cpp:276]   --->   Operation 29 'store' 'store_ln276' <Predicate = true> <Delay = 0.38>
ST_1 : Operation 30 [1/1] (0.00ns)   --->   "%br_ln269 = br void %for.body8" [source/int4_decoder_blocks.cpp:269]   --->   Operation 30 'br' 'br_ln269' <Predicate = true> <Delay = 0.00>
ST_1 : Operation 31 [1/1] (0.00ns)   --->   "%group_13 = load i3 %group_01" [source/int4_decoder_blocks.cpp:278]   --->   Operation 31 'load' 'group_13' <Predicate = true> <Delay = 0.00>
ST_1 : Operation 32 [1/1] (0.00ns)   --->   "%indvar_flatten_load = load i6 %indvar_flatten" [source/int4_decoder_blocks.cpp:274]   --->   Operation 32 'load' 'indvar_flatten_load' <Predicate = true> <Delay = 0.00>
ST_1 : Operation 33 [1/1] (0.00ns)   --->   "%indvar_flatten10_load = load i8 %indvar_flatten10" [source/int4_decoder_blocks.cpp:270]   --->   Operation 33 'load' 'indvar_flatten10_load' <Predicate = true> <Delay = 0.00>
ST_1 : Operation 34 [1/1] (0.70ns)   --->   "%icmp_ln270 = icmp_eq  i8 %indvar_flatten10_load, i8 128" [source/int4_decoder_blocks.cpp:270]   --->   Operation 34 'icmp' 'icmp_ln270' <Predicate = true> <Delay = 0.70> <CoreInst = "Cmp">   --->   Core 9 'Cmp' <Latency = 0> <II = 1> <Delay = 0.71> <FuncUnit> <Opcode : 'icmp'> <InPorts = 2> <OutPorts = 1>
ST_1 : Operation 35 [1/1] (0.70ns)   --->   "%add_ln270 = add i8 %indvar_flatten10_load, i8 1" [source/int4_decoder_blocks.cpp:270]   --->   Operation 35 'add' 'add_ln270' <Predicate = true> <Delay = 0.70> <CoreInst = "Adder">   --->   Core 1 'Adder' <Latency = 0> <II = 1> <Delay = 0.70> <FuncUnit> <Opcode : 'add' 'sub'> <InPorts = 2> <OutPorts = 1>
ST_1 : Operation 36 [1/1] (0.00ns)   --->   "%br_ln270 = br i1 %icmp_ln270, void %for.inc27, void %for.end29" [source/int4_decoder_blocks.cpp:270]   --->   Operation 36 'br' 'br_ln270' <Predicate = true> <Delay = 0.00>
ST_1 : Operation 37 [1/1] (0.00ns)   --->   "%pe_load = load i3 %pe" [source/int4_decoder_blocks.cpp:269]   --->   Operation 37 'load' 'pe_load' <Predicate = (!icmp_ln270)> <Delay = 0.00>
ST_1 : Operation 38 [1/1] (0.70ns)   --->   "%icmp_ln274 = icmp_eq  i6 %indvar_flatten_load, i6 16" [source/int4_decoder_blocks.cpp:274]   --->   Operation 38 'icmp' 'icmp_ln274' <Predicate = (!icmp_ln270)> <Delay = 0.70> <CoreInst = "Cmp">   --->   Core 9 'Cmp' <Latency = 0> <II = 1> <Delay = 0.70> <FuncUnit> <Opcode : 'icmp'> <InPorts = 2> <OutPorts = 1>
ST_1 : Operation 39 [1/1] (0.27ns)   --->   "%select_ln269 = select i1 %icmp_ln274, i3 0, i3 %pe_load" [source/int4_decoder_blocks.cpp:269]   --->   Operation 39 'select' 'select_ln269' <Predicate = (!icmp_ln270)> <Delay = 0.27> <CoreInst = "Sel">   --->   Core 73 'Sel' <Latency = 0> <II = 1> <Delay = 0.27> <FuncUnit> <Opcode : 'select'> <InPorts = 3> <OutPorts = 1>
ST_1 : Operation 40 [1/1] (0.00ns) (grouped into LUT with out node and_ln269)   --->   "%xor_ln269 = xor i1 %icmp_ln274, i1 1" [source/int4_decoder_blocks.cpp:269]   --->   Operation 40 'xor' 'xor_ln269' <Predicate = (!icmp_ln270)> <Delay = 0.00> <CoreInst = "LogicGate">   --->   Core 74 'LogicGate' <Latency = 0> <II = 1> <Delay = 0.12> <FuncUnit> <Opcode : 'and' 'or' 'xor'> <InPorts = 2> <OutPorts = 1>
ST_1 : Operation 41 [1/1] (0.57ns)   --->   "%icmp_ln277 = icmp_eq  i3 %group_13, i3 4" [source/int4_decoder_blocks.cpp:277]   --->   Operation 41 'icmp' 'icmp_ln277' <Predicate = (!icmp_ln270)> <Delay = 0.57> <CoreInst = "Cmp">   --->   Core 9 'Cmp' <Latency = 0> <II = 1> <Delay = 0.70> <FuncUnit> <Opcode : 'icmp'> <InPorts = 2> <OutPorts = 1>
ST_1 : Operation 42 [1/1] (0.12ns) (out node of the LUT)   --->   "%and_ln269 = and i1 %icmp_ln277, i1 %xor_ln269" [source/int4_decoder_blocks.cpp:269]   --->   Operation 42 'and' 'and_ln269' <Predicate = (!icmp_ln270)> <Delay = 0.12> <CoreInst = "LogicGate">   --->   Core 74 'LogicGate' <Latency = 0> <II = 1> <Delay = 0.12> <FuncUnit> <Opcode : 'and' 'or' 'xor'> <InPorts = 2> <OutPorts = 1>
ST_1 : Operation 43 [1/1] (0.57ns)   --->   "%pe_3 = add i3 %select_ln269, i3 1" [source/int4_decoder_blocks.cpp:274]   --->   Operation 43 'add' 'pe_3' <Predicate = (!icmp_ln270)> <Delay = 0.57> <CoreInst = "Adder">   --->   Core 1 'Adder' <Latency = 0> <II = 1> <Delay = 0.57> <FuncUnit> <Opcode : 'add' 'sub'> <InPorts = 2> <OutPorts = 1>
ST_1 : Operation 44 [1/1] (0.27ns)   --->   "%select_ln274 = select i1 %and_ln269, i3 %pe_3, i3 %select_ln269" [source/int4_decoder_blocks.cpp:274]   --->   Operation 44 'select' 'select_ln274' <Predicate = (!icmp_ln270)> <Delay = 0.27> <CoreInst = "Sel">   --->   Core 73 'Sel' <Latency = 0> <II = 1> <Delay = 0.27> <FuncUnit> <Opcode : 'select'> <InPorts = 3> <OutPorts = 1>
ST_1 : Operation 45 [1/1] (0.57ns)   --->   "%add_ln278 = add i3 %group_13, i3 1" [source/int4_decoder_blocks.cpp:278]   --->   Operation 45 'add' 'add_ln278' <Predicate = (!icmp_ln270)> <Delay = 0.57> <CoreInst = "Adder">   --->   Core 1 'Adder' <Latency = 0> <II = 1> <Delay = 0.57> <FuncUnit> <Opcode : 'add' 'sub'> <InPorts = 2> <OutPorts = 1>
ST_1 : Operation 46 [1/1] (0.00ns) (grouped into LUT with out node group)   --->   "%or_ln278 = or i1 %and_ln269, i1 %icmp_ln274" [source/int4_decoder_blocks.cpp:278]   --->   Operation 46 'or' 'or_ln278' <Predicate = (!icmp_ln270)> <Delay = 0.00> <CoreInst = "LogicGate">   --->   Core 74 'LogicGate' <Latency = 0> <II = 1> <Delay = 0.12> <FuncUnit> <Opcode : 'and' 'or' 'xor'> <InPorts = 2> <OutPorts = 1>
ST_1 : Operation 47 [1/1] (0.27ns) (out node of the LUT)   --->   "%group = select i1 %or_ln278, i3 1, i3 %add_ln278" [source/int4_decoder_blocks.cpp:278]   --->   Operation 47 'select' 'group' <Predicate = (!icmp_ln270)> <Delay = 0.27> <CoreInst = "Sel">   --->   Core 73 'Sel' <Latency = 0> <II = 1> <Delay = 0.27> <FuncUnit> <Opcode : 'select'> <InPorts = 3> <OutPorts = 1>
ST_1 : Operation 48 [1/1] (0.70ns)   --->   "%add_ln274_1 = add i6 %indvar_flatten_load, i6 1" [source/int4_decoder_blocks.cpp:274]   --->   Operation 48 'add' 'add_ln274_1' <Predicate = (!icmp_ln270)> <Delay = 0.70> <CoreInst = "Adder">   --->   Core 1 'Adder' <Latency = 0> <II = 1> <Delay = 0.70> <FuncUnit> <Opcode : 'add' 'sub'> <InPorts = 2> <OutPorts = 1>
ST_1 : Operation 49 [1/1] (0.29ns)   --->   "%select_ln274_1 = select i1 %icmp_ln274, i6 1, i6 %add_ln274_1" [source/int4_decoder_blocks.cpp:274]   --->   Operation 49 'select' 'select_ln274_1' <Predicate = (!icmp_ln270)> <Delay = 0.29> <CoreInst = "Sel">   --->   Core 73 'Sel' <Latency = 0> <II = 1> <Delay = 0.29> <FuncUnit> <Opcode : 'select'> <InPorts = 3> <OutPorts = 1>
ST_1 : Operation 50 [1/1] (0.38ns)   --->   "%store_ln270 = store i8 %add_ln270, i8 %indvar_flatten10" [source/int4_decoder_blocks.cpp:270]   --->   Operation 50 'store' 'store_ln270' <Predicate = (!icmp_ln270)> <Delay = 0.38>
ST_1 : Operation 51 [1/1] (0.38ns)   --->   "%store_ln274 = store i6 %select_ln274_1, i6 %indvar_flatten" [source/int4_decoder_blocks.cpp:274]   --->   Operation 51 'store' 'store_ln274' <Predicate = (!icmp_ln270)> <Delay = 0.38>
ST_1 : Operation 52 [1/1] (0.38ns)   --->   "%store_ln274 = store i3 %select_ln274, i3 %pe" [source/int4_decoder_blocks.cpp:274]   --->   Operation 52 'store' 'store_ln274' <Predicate = (!icmp_ln270)> <Delay = 0.38>
ST_1 : Operation 53 [1/1] (0.38ns)   --->   "%store_ln276 = store i3 %group, i3 %group_01" [source/int4_decoder_blocks.cpp:276]   --->   Operation 53 'store' 'store_ln276' <Predicate = (!icmp_ln270)> <Delay = 0.38>

State 2 <SV = 1> <Delay = 2.34>
ST_2 : Operation 54 [1/1] (0.00ns)   --->   "%specloopname_ln0 = specloopname void @_ssdm_op_SpecLoopName, void @rms_stream_local_tile_loop_rms_stream_pe_loop_rms_stream_group_loop_str"   --->   Operation 54 'specloopname' 'specloopname_ln0' <Predicate = true> <Delay = 0.00>
ST_2 : Operation 55 [1/1] (0.00ns)   --->   "%speclooptripcount_ln0 = speclooptripcount void @_ssdm_op_SpecLoopTripCount, i64 128, i64 128, i64 128"   --->   Operation 55 'speclooptripcount' 'speclooptripcount_ln0' <Predicate = true> <Delay = 0.00>
ST_2 : Operation 56 [1/1] (0.00ns)   --->   "%specpipeline_ln279 = specpipeline void @_ssdm_op_SpecPipeline, i32 1, i32 0, i32 0, i32 0, void @empty_418" [source/int4_decoder_blocks.cpp:279]   --->   Operation 56 'specpipeline' 'specpipeline_ln279' <Predicate = true> <Delay = 0.00>
ST_2 : Operation 57 [1/1] (0.67ns)   --->   "%switch_ln282 = switch i3 %select_ln274, void %if.else19, i3 0, void %if.then, i3 1, void %if.then11, i3 2, void %if.then16" [source/int4_decoder_blocks.cpp:282]   --->   Operation 57 'switch' 'switch_ln282' <Predicate = true> <Delay = 0.67>
ST_2 : Operation 58 [1/1] (1.21ns)   --->   "%quantized_22 = read i480 @_ssdm_op_Read.ap_fifo.volatile.i480P0A, i480 %quantized_pe2" [source/int4_decoder_blocks.cpp:289]   --->   Operation 58 'read' 'quantized_22' <Predicate = (!icmp_ln270 & select_ln274 == 2)> <Delay = 1.21> <CoreInst = "FIFO_BRAM">   --->   Core 79 'FIFO_BRAM' <Latency = 0> <II = 1> <Delay = 1.42> <Storage> <Opcode : 'read' 'write' 'nbread' 'nbwrite'> <Ports = 0> <Width = 480> <Depth = 4> <FIFO>
ST_2 : Operation 59 [1/1] (1.21ns)   --->   "%scale_9 = read i32 @_ssdm_op_Read.ap_fifo.volatile.i32P0A, i32 %scale_pe2" [source/int4_decoder_blocks.cpp:290]   --->   Operation 59 'read' 'scale_9' <Predicate = (!icmp_ln270 & select_ln274 == 2)> <Delay = 1.21> <CoreInst = "FIFO_SRL">   --->   Core 81 'FIFO_SRL' <Latency = 0> <II = 1> <Delay = 1.46> <Storage> <Opcode : 'read' 'write' 'nbread' 'nbwrite'> <Ports = 0> <Width = 32> <Depth = 4> <FIFO>
ST_2 : Operation 60 [1/1] (0.45ns)   --->   "%br_ln291 = br void %for.inc" [source/int4_decoder_blocks.cpp:291]   --->   Operation 60 'br' 'br_ln291' <Predicate = (!icmp_ln270 & select_ln274 == 2)> <Delay = 0.45>
ST_2 : Operation 61 [1/1] (1.21ns)   --->   "%quantized_21 = read i480 @_ssdm_op_Read.ap_fifo.volatile.i480P0A, i480 %quantized_pe1" [source/int4_decoder_blocks.cpp:286]   --->   Operation 61 'read' 'quantized_21' <Predicate = (!icmp_ln270 & select_ln274 == 1)> <Delay = 1.21> <CoreInst = "FIFO_BRAM">   --->   Core 79 'FIFO_BRAM' <Latency = 0> <II = 1> <Delay = 1.42> <Storage> <Opcode : 'read' 'write' 'nbread' 'nbwrite'> <Ports = 0> <Width = 480> <Depth = 4> <FIFO>
ST_2 : Operation 62 [1/1] (1.21ns)   --->   "%scale_8 = read i32 @_ssdm_op_Read.ap_fifo.volatile.i32P0A, i32 %scale_pe1" [source/int4_decoder_blocks.cpp:287]   --->   Operation 62 'read' 'scale_8' <Predicate = (!icmp_ln270 & select_ln274 == 1)> <Delay = 1.21> <CoreInst = "FIFO_SRL">   --->   Core 81 'FIFO_SRL' <Latency = 0> <II = 1> <Delay = 1.46> <Storage> <Opcode : 'read' 'write' 'nbread' 'nbwrite'> <Ports = 0> <Width = 32> <Depth = 4> <FIFO>
ST_2 : Operation 63 [1/1] (0.45ns)   --->   "%br_ln288 = br void %for.inc" [source/int4_decoder_blocks.cpp:288]   --->   Operation 63 'br' 'br_ln288' <Predicate = (!icmp_ln270 & select_ln274 == 1)> <Delay = 0.45>
ST_2 : Operation 64 [1/1] (1.21ns)   --->   "%quantized_20 = read i480 @_ssdm_op_Read.ap_fifo.volatile.i480P0A, i480 %quantized_pe0" [source/int4_decoder_blocks.cpp:283]   --->   Operation 64 'read' 'quantized_20' <Predicate = (!icmp_ln270 & select_ln274 == 0)> <Delay = 1.21> <CoreInst = "FIFO_BRAM">   --->   Core 79 'FIFO_BRAM' <Latency = 0> <II = 1> <Delay = 1.42> <Storage> <Opcode : 'read' 'write' 'nbread' 'nbwrite'> <Ports = 0> <Width = 480> <Depth = 4> <FIFO>
ST_2 : Operation 65 [1/1] (1.21ns)   --->   "%scale_7 = read i32 @_ssdm_op_Read.ap_fifo.volatile.i32P0A, i32 %scale_pe0" [source/int4_decoder_blocks.cpp:284]   --->   Operation 65 'read' 'scale_7' <Predicate = (!icmp_ln270 & select_ln274 == 0)> <Delay = 1.21> <CoreInst = "FIFO_SRL">   --->   Core 81 'FIFO_SRL' <Latency = 0> <II = 1> <Delay = 1.46> <Storage> <Opcode : 'read' 'write' 'nbread' 'nbwrite'> <Ports = 0> <Width = 32> <Depth = 4> <FIFO>
ST_2 : Operation 66 [1/1] (0.45ns)   --->   "%br_ln285 = br void %for.inc" [source/int4_decoder_blocks.cpp:285]   --->   Operation 66 'br' 'br_ln285' <Predicate = (!icmp_ln270 & select_ln274 == 0)> <Delay = 0.45>
ST_2 : Operation 67 [1/1] (1.21ns)   --->   "%quantized = read i480 @_ssdm_op_Read.ap_fifo.volatile.i480P0A, i480 %quantized_pe3" [source/int4_decoder_blocks.cpp:292]   --->   Operation 67 'read' 'quantized' <Predicate = (!icmp_ln270 & select_ln274 != 0 & select_ln274 != 1 & select_ln274 != 2)> <Delay = 1.21> <CoreInst = "FIFO_BRAM">   --->   Core 79 'FIFO_BRAM' <Latency = 0> <II = 1> <Delay = 1.42> <Storage> <Opcode : 'read' 'write' 'nbread' 'nbwrite'> <Ports = 0> <Width = 480> <Depth = 4> <FIFO>
ST_2 : Operation 68 [1/1] (1.21ns)   --->   "%scale = read i32 @_ssdm_op_Read.ap_fifo.volatile.i32P0A, i32 %scale_pe3" [source/int4_decoder_blocks.cpp:293]   --->   Operation 68 'read' 'scale' <Predicate = (!icmp_ln270 & select_ln274 != 0 & select_ln274 != 1 & select_ln274 != 2)> <Delay = 1.21> <CoreInst = "FIFO_SRL">   --->   Core 81 'FIFO_SRL' <Latency = 0> <II = 1> <Delay = 1.46> <Storage> <Opcode : 'read' 'write' 'nbread' 'nbwrite'> <Ports = 0> <Width = 32> <Depth = 4> <FIFO>
ST_2 : Operation 69 [1/1] (0.45ns)   --->   "%br_ln0 = br void %for.inc"   --->   Operation 69 'br' 'br_ln0' <Predicate = (!icmp_ln270 & select_ln274 != 0 & select_ln274 != 1 & select_ln274 != 2)> <Delay = 0.45>
ST_2 : Operation 75 [1/1] (0.00ns)   --->   "%ret_ln300 = ret" [source/int4_decoder_blocks.cpp:300]   --->   Operation 75 'ret' 'ret_ln300' <Predicate = (icmp_ln270)> <Delay = 0.00>

State 3 <SV = 2> <Delay = 1.21>
ST_3 : Operation 70 [1/1] (0.00ns)   --->   "%quantized_2 = phi i480 %quantized_20, void %if.then, i480 %quantized_21, void %if.then11, i480 %quantized_22, void %if.then16, i480 %quantized, void %if.else19"   --->   Operation 70 'phi' 'quantized_2' <Predicate = true> <Delay = 0.00>
ST_3 : Operation 71 [1/1] (0.00ns)   --->   "%empty = phi i32 %scale_7, void %if.then, i32 %scale_8, void %if.then11, i32 %scale_9, void %if.then16, i32 %scale, void %if.else19"   --->   Operation 71 'phi' 'empty' <Predicate = true> <Delay = 0.00>
ST_3 : Operation 72 [1/1] (1.21ns)   --->   "%write_ln295 = write void @_ssdm_op_Write.ap_fifo.volatile.i480P0A, i480 %quantized_stream, i480 %quantized_2" [source/int4_decoder_blocks.cpp:295]   --->   Operation 72 'write' 'write_ln295' <Predicate = true> <Delay = 1.21> <CoreInst = "FIFO_BRAM">   --->   Core 79 'FIFO_BRAM' <Latency = 0> <II = 1> <Delay = 1.42> <Storage> <Opcode : 'read' 'write' 'nbread' 'nbwrite'> <Ports = 0> <Width = 480> <Depth = 4> <FIFO>
ST_3 : Operation 73 [1/1] (1.21ns)   --->   "%write_ln296 = write void @_ssdm_op_Write.ap_fifo.volatile.i32P0A, i32 %scale_stream, i32 %empty" [source/int4_decoder_blocks.cpp:296]   --->   Operation 73 'write' 'write_ln296' <Predicate = true> <Delay = 1.21> <CoreInst = "FIFO_SRL">   --->   Core 81 'FIFO_SRL' <Latency = 0> <II = 1> <Delay = 1.46> <Storage> <Opcode : 'read' 'write' 'nbread' 'nbwrite'> <Ports = 0> <Width = 32> <Depth = 4> <FIFO>
ST_3 : Operation 74 [1/1] (0.00ns)   --->   "%br_ln276 = br void %for.body8" [source/int4_decoder_blocks.cpp:276]   --->   Operation 74 'br' 'br_ln276' <Predicate = true> <Delay = 0.00>


============================================================
+ Verbose Summary: Binding
============================================================
STG Binding: 
---------------- STG Properties BEGIN ----------------
- Is combinational: 0
- Is one-state seq: 0
- Is datapath-only: 0
- Is pipelined: 0
- Is top level: 0
Port [ Return ] is wired: 1; IO mode=ap_ctrl_hs:ce=0
Port [ quantized_pe0]:  wired=1; compound=1; hidden=0; nouse=0; global=0; static=0; extern=0; dir=0; type=3; pingpong=0; private_global=0; IO mode=ap_fifo:ce=0
Port [ quantized_pe1]:  wired=1; compound=1; hidden=0; nouse=0; global=0; static=0; extern=0; dir=0; type=3; pingpong=0; private_global=0; IO mode=ap_fifo:ce=0
Port [ quantized_pe2]:  wired=1; compound=1; hidden=0; nouse=0; global=0; static=0; extern=0; dir=0; type=3; pingpong=0; private_global=0; IO mode=ap_fifo:ce=0
Port [ quantized_pe3]:  wired=1; compound=1; hidden=0; nouse=0; global=0; static=0; extern=0; dir=0; type=3; pingpong=0; private_global=0; IO mode=ap_fifo:ce=0
Port [ scale_pe0]:  wired=1; compound=1; hidden=0; nouse=0; global=0; static=0; extern=0; dir=0; type=3; pingpong=0; private_global=0; IO mode=ap_fifo:ce=0
Port [ scale_pe1]:  wired=1; compound=1; hidden=0; nouse=0; global=0; static=0; extern=0; dir=0; type=3; pingpong=0; private_global=0; IO mode=ap_fifo:ce=0
Port [ scale_pe2]:  wired=1; compound=1; hidden=0; nouse=0; global=0; static=0; extern=0; dir=0; type=3; pingpong=0; private_global=0; IO mode=ap_fifo:ce=0
Port [ scale_pe3]:  wired=1; compound=1; hidden=0; nouse=0; global=0; static=0; extern=0; dir=0; type=3; pingpong=0; private_global=0; IO mode=ap_fifo:ce=0
Port [ quantized_stream]:  wired=1; compound=1; hidden=0; nouse=0; global=0; static=0; extern=0; dir=1; type=3; pingpong=0; private_global=0; IO mode=ap_fifo:ce=0
Port [ scale_stream]:  wired=1; compound=1; hidden=0; nouse=0; global=0; static=0; extern=0; dir=1; type=3; pingpong=0; private_global=0; IO mode=ap_fifo:ce=0
---------------- STG Properties END ------------------

---------------- Datapath Model BEGIN ----------------

<LifeTime>
<method=bitvector/>
group_01              (alloca           ) [ 0100]
pe                    (alloca           ) [ 0100]
indvar_flatten        (alloca           ) [ 0100]
indvar_flatten10      (alloca           ) [ 0100]
specmemcore_ln0       (specmemcore      ) [ 0000]
specmemcore_ln0       (specmemcore      ) [ 0000]
specmemcore_ln0       (specmemcore      ) [ 0000]
specmemcore_ln0       (specmemcore      ) [ 0000]
specmemcore_ln0       (specmemcore      ) [ 0000]
specmemcore_ln0       (specmemcore      ) [ 0000]
specinterface_ln0     (specinterface    ) [ 0000]
specinterface_ln0     (specinterface    ) [ 0000]
specinterface_ln0     (specinterface    ) [ 0000]
specinterface_ln0     (specinterface    ) [ 0000]
specinterface_ln0     (specinterface    ) [ 0000]
specinterface_ln0     (specinterface    ) [ 0000]
specinterface_ln0     (specinterface    ) [ 0000]
specinterface_ln0     (specinterface    ) [ 0000]
specinterface_ln0     (specinterface    ) [ 0000]
specinterface_ln0     (specinterface    ) [ 0000]
store_ln0             (store            ) [ 0000]
store_ln0             (store            ) [ 0000]
store_ln274           (store            ) [ 0000]
store_ln276           (store            ) [ 0000]
br_ln269              (br               ) [ 0000]
group_13              (load             ) [ 0000]
indvar_flatten_load   (load             ) [ 0000]
indvar_flatten10_load (load             ) [ 0000]
icmp_ln270            (icmp             ) [ 0111]
add_ln270             (add              ) [ 0000]
br_ln270              (br               ) [ 0000]
pe_load               (load             ) [ 0000]
icmp_ln274            (icmp             ) [ 0000]
select_ln269          (select           ) [ 0000]
xor_ln269             (xor              ) [ 0000]
icmp_ln277            (icmp             ) [ 0000]
and_ln269             (and              ) [ 0000]
pe_3                  (add              ) [ 0000]
select_ln274          (select           ) [ 0111]
add_ln278             (add              ) [ 0000]
or_ln278              (or               ) [ 0000]
group                 (select           ) [ 0000]
add_ln274_1           (add              ) [ 0000]
select_ln274_1        (select           ) [ 0000]
store_ln270           (store            ) [ 0000]
store_ln274           (store            ) [ 0000]
store_ln274           (store            ) [ 0000]
store_ln276           (store            ) [ 0000]
specloopname_ln0      (specloopname     ) [ 0000]
speclooptripcount_ln0 (speclooptripcount) [ 0000]
specpipeline_ln279    (specpipeline     ) [ 0000]
switch_ln282          (switch           ) [ 0000]
quantized_22          (read             ) [ 0111]
scale_9               (read             ) [ 0111]
br_ln291              (br               ) [ 0111]
quantized_21          (read             ) [ 0111]
scale_8               (read             ) [ 0111]
br_ln288              (br               ) [ 0111]
quantized_20          (read             ) [ 0111]
scale_7               (read             ) [ 0111]
br_ln285              (br               ) [ 0111]
quantized             (read             ) [ 0111]
scale                 (read             ) [ 0111]
br_ln0                (br               ) [ 0111]
quantized_2           (phi              ) [ 0101]
empty                 (phi              ) [ 0101]
write_ln295           (write            ) [ 0000]
write_ln296           (write            ) [ 0000]
br_ln276              (br               ) [ 0000]
ret_ln300             (ret              ) [ 0000]
</LifeTime>

<model>

<comp_list>
<comp id="0" class="1000" name="quantized_pe0">
<pin_list>
<pin id="1" dir="1" index="0" bw="1" slack="0"/>
</pin_list>
<bind>
<StgValue><ssdm name="quantized_pe0"/></StgValue>
</bind>
</comp>

<comp id="2" class="1000" name="quantized_pe1">
<pin_list>
<pin id="3" dir="1" index="0" bw="1" slack="0"/>
</pin_list>
<bind>
<StgValue><ssdm name="quantized_pe1"/></StgValue>
</bind>
</comp>

<comp id="4" class="1000" name="quantized_pe2">
<pin_list>
<pin id="5" dir="1" index="0" bw="1" slack="0"/>
</pin_list>
<bind>
<StgValue><ssdm name="quantized_pe2"/></StgValue>
</bind>
</comp>

<comp id="6" class="1000" name="quantized_pe3">
<pin_list>
<pin id="7" dir="1" index="0" bw="1" slack="0"/>
</pin_list>
<bind>
<StgValue><ssdm name="quantized_pe3"/></StgValue>
</bind>
</comp>

<comp id="8" class="1000" name="scale_pe0">
<pin_list>
<pin id="9" dir="1" index="0" bw="1" slack="0"/>
</pin_list>
<bind>
<StgValue><ssdm name="scale_pe0"/></StgValue>
</bind>
</comp>

<comp id="10" class="1000" name="scale_pe1">
<pin_list>
<pin id="11" dir="1" index="0" bw="1" slack="0"/>
</pin_list>
<bind>
<StgValue><ssdm name="scale_pe1"/></StgValue>
</bind>
</comp>

<comp id="12" class="1000" name="scale_pe2">
<pin_list>
<pin id="13" dir="1" index="0" bw="1" slack="0"/>
</pin_list>
<bind>
<StgValue><ssdm name="scale_pe2"/></StgValue>
</bind>
</comp>

<comp id="14" class="1000" name="scale_pe3">
<pin_list>
<pin id="15" dir="1" index="0" bw="1" slack="0"/>
</pin_list>
<bind>
<StgValue><ssdm name="scale_pe3"/></StgValue>
</bind>
</comp>

<comp id="16" class="1000" name="quantized_stream">
<pin_list>
<pin id="17" dir="1" index="0" bw="1" slack="0"/>
</pin_list>
<bind>
<StgValue><ssdm name="quantized_stream"/></StgValue>
</bind>
</comp>

<comp id="18" class="1000" name="scale_stream">
<pin_list>
<pin id="19" dir="1" index="0" bw="1" slack="0"/>
</pin_list>
<bind>
<StgValue><ssdm name="scale_stream"/></StgValue>
</bind>
</comp>

<comp id="20" class="1001" name="const_20">
<pin_list>
<pin id="21" dir="1" index="0" bw="1" slack="0"/>
</pin_list>
<bind>
<StgValue><ssdm name=""/></StgValue>
</bind>
</comp>

<comp id="22" class="1001" name="const_22">
<pin_list>
<pin id="23" dir="1" index="0" bw="1" slack="2147483647"/>
</pin_list>
<bind>
<StgValue><ssdm name="_ssdm_op_SpecMemCore"/></StgValue>
</bind>
</comp>

<comp id="24" class="1001" name="const_24">
<pin_list>
<pin id="25" dir="1" index="0" bw="1" slack="2147483647"/>
</pin_list>
<bind>
<StgValue><ssdm name=""/></StgValue>
</bind>
</comp>

<comp id="26" class="1001" name="const_26">
<pin_list>
<pin id="27" dir="1" index="0" bw="1" slack="2147483647"/>
</pin_list>
<bind>
<StgValue><ssdm name=""/></StgValue>
</bind>
</comp>

<comp id="28" class="1001" name="const_28">
<pin_list>
<pin id="29" dir="1" index="0" bw="1" slack="2147483647"/>
</pin_list>
<bind>
<StgValue><ssdm name=""/></StgValue>
</bind>
</comp>

<comp id="30" class="1001" name="const_30">
<pin_list>
<pin id="31" dir="1" index="0" bw="1" slack="2147483647"/>
</pin_list>
<bind>
<StgValue><ssdm name=""/></StgValue>
</bind>
</comp>

<comp id="32" class="1001" name="const_32">
<pin_list>
<pin id="33" dir="1" index="0" bw="1" slack="2147483647"/>
</pin_list>
<bind>
<StgValue><ssdm name="_ssdm_op_SpecInterface"/></StgValue>
</bind>
</comp>

<comp id="34" class="1001" name="const_34">
<pin_list>
<pin id="35" dir="1" index="0" bw="1" slack="2147483647"/>
</pin_list>
<bind>
<StgValue><ssdm name="empty_447"/></StgValue>
</bind>
</comp>

<comp id="36" class="1001" name="const_36">
<pin_list>
<pin id="37" dir="1" index="0" bw="1" slack="2147483647"/>
</pin_list>
<bind>
<StgValue><ssdm name=""/></StgValue>
</bind>
</comp>

<comp id="38" class="1001" name="const_38">
<pin_list>
<pin id="39" dir="1" index="0" bw="1" slack="2147483647"/>
</pin_list>
<bind>
<StgValue><ssdm name="empty_418"/></StgValue>
</bind>
</comp>

<comp id="40" class="1001" name="const_40">
<pin_list>
<pin id="41" dir="1" index="0" bw="1" slack="2147483647"/>
</pin_list>
<bind>
<StgValue><ssdm name=""/></StgValue>
</bind>
</comp>

<comp id="42" class="1001" name="const_42">
<pin_list>
<pin id="43" dir="1" index="0" bw="1" slack="0"/>
</pin_list>
<bind>
<StgValue><ssdm name=""/></StgValue>
</bind>
</comp>

<comp id="44" class="1001" name="const_44">
<pin_list>
<pin id="45" dir="1" index="0" bw="1" slack="0"/>
</pin_list>
<bind>
<StgValue><ssdm name=""/></StgValue>
</bind>
</comp>

<comp id="46" class="1001" name="const_46">
<pin_list>
<pin id="47" dir="1" index="0" bw="1" slack="0"/>
</pin_list>
<bind>
<StgValue><ssdm name=""/></StgValue>
</bind>
</comp>

<comp id="48" class="1001" name="const_48">
<pin_list>
<pin id="49" dir="1" index="0" bw="1" slack="0"/>
</pin_list>
<bind>
<StgValue><ssdm name=""/></StgValue>
</bind>
</comp>

<comp id="50" class="1001" name="const_50">
<pin_list>
<pin id="51" dir="1" index="0" bw="1" slack="0"/>
</pin_list>
<bind>
<StgValue><ssdm name=""/></StgValue>
</bind>
</comp>

<comp id="52" class="1001" name="const_52">
<pin_list>
<pin id="53" dir="1" index="0" bw="1" slack="0"/>
</pin_list>
<bind>
<StgValue><ssdm name=""/></StgValue>
</bind>
</comp>

<comp id="54" class="1001" name="const_54">
<pin_list>
<pin id="55" dir="1" index="0" bw="1" slack="0"/>
</pin_list>
<bind>
<StgValue><ssdm name=""/></StgValue>
</bind>
</comp>

<comp id="56" class="1001" name="const_56">
<pin_list>
<pin id="57" dir="1" index="0" bw="1" slack="0"/>
</pin_list>
<bind>
<StgValue><ssdm name=""/></StgValue>
</bind>
</comp>

<comp id="58" class="1001" name="const_58">
<pin_list>
<pin id="59" dir="1" index="0" bw="1" slack="0"/>
</pin_list>
<bind>
<StgValue><ssdm name=""/></StgValue>
</bind>
</comp>

<comp id="60" class="1001" name="const_60">
<pin_list>
<pin id="61" dir="1" index="0" bw="1" slack="0"/>
</pin_list>
<bind>
<StgValue><ssdm name=""/></StgValue>
</bind>
</comp>

<comp id="62" class="1001" name="const_62">
<pin_list>
<pin id="63" dir="1" index="0" bw="1" slack="2147483647"/>
</pin_list>
<bind>
<StgValue><ssdm name="_ssdm_op_SpecLoopName"/></StgValue>
</bind>
</comp>

<comp id="64" class="1001" name="const_64">
<pin_list>
<pin id="65" dir="1" index="0" bw="1" slack="2147483647"/>
</pin_list>
<bind>
<StgValue><ssdm name="rms_stream_local_tile_loop_rms_stream_pe_loop_rms_stream_group_loop_str"/></StgValue>
</bind>
</comp>

<comp id="66" class="1001" name="const_66">
<pin_list>
<pin id="67" dir="1" index="0" bw="1" slack="2147483647"/>
</pin_list>
<bind>
<StgValue><ssdm name="_ssdm_op_SpecLoopTripCount"/></StgValue>
</bind>
</comp>

<comp id="68" class="1001" name="const_68">
<pin_list>
<pin id="69" dir="1" index="0" bw="1" slack="2147483647"/>
</pin_list>
<bind>
<StgValue><ssdm name=""/></StgValue>
</bind>
</comp>

<comp id="70" class="1001" name="const_70">
<pin_list>
<pin id="71" dir="1" index="0" bw="1" slack="2147483647"/>
</pin_list>
<bind>
<StgValue><ssdm name="_ssdm_op_SpecPipeline"/></StgValue>
</bind>
</comp>

<comp id="72" class="1001" name="const_72">
<pin_list>
<pin id="73" dir="1" index="0" bw="1" slack="2147483647"/>
</pin_list>
<bind>
<StgValue><ssdm name=""/></StgValue>
</bind>
</comp>

<comp id="74" class="1001" name="const_74">
<pin_list>
<pin id="75" dir="1" index="0" bw="1" slack="0"/>
</pin_list>
<bind>
<StgValue><ssdm name="_ssdm_op_Read.ap_fifo.volatile.i480P0A"/></StgValue>
</bind>
</comp>

<comp id="76" class="1001" name="const_76">
<pin_list>
<pin id="77" dir="1" index="0" bw="1" slack="0"/>
</pin_list>
<bind>
<StgValue><ssdm name="_ssdm_op_Read.ap_fifo.volatile.i32P0A"/></StgValue>
</bind>
</comp>

<comp id="78" class="1001" name="const_78">
<pin_list>
<pin id="79" dir="1" index="0" bw="1" slack="0"/>
</pin_list>
<bind>
<StgValue><ssdm name="_ssdm_op_Write.ap_fifo.volatile.i480P0A"/></StgValue>
</bind>
</comp>

<comp id="80" class="1001" name="const_80">
<pin_list>
<pin id="81" dir="1" index="0" bw="1" slack="0"/>
</pin_list>
<bind>
<StgValue><ssdm name="_ssdm_op_Write.ap_fifo.volatile.i32P0A"/></StgValue>
</bind>
</comp>

<comp id="82" class="1004" name="group_01_fu_82">
<pin_list>
<pin id="83" dir="0" index="0" bw="1" slack="0"/>
<pin id="84" dir="1" index="1" bw="3" slack="0"/>
</pin_list>
<bind>
<opcode="alloca(26) " fcode="alloca"/>
<opset="group_01/1 "/>
</bind>
</comp>

<comp id="86" class="1004" name="pe_fu_86">
<pin_list>
<pin id="87" dir="0" index="0" bw="1" slack="0"/>
<pin id="88" dir="1" index="1" bw="3" slack="0"/>
</pin_list>
<bind>
<opcode="alloca(26) " fcode="alloca"/>
<opset="pe/1 "/>
</bind>
</comp>

<comp id="90" class="1004" name="indvar_flatten_fu_90">
<pin_list>
<pin id="91" dir="0" index="0" bw="1" slack="0"/>
<pin id="92" dir="1" index="1" bw="6" slack="0"/>
</pin_list>
<bind>
<opcode="alloca(26) " fcode="alloca"/>
<opset="indvar_flatten/1 "/>
</bind>
</comp>

<comp id="94" class="1004" name="indvar_flatten10_fu_94">
<pin_list>
<pin id="95" dir="0" index="0" bw="1" slack="0"/>
<pin id="96" dir="1" index="1" bw="8" slack="0"/>
</pin_list>
<bind>
<opcode="alloca(26) " fcode="alloca"/>
<opset="indvar_flatten10/1 "/>
</bind>
</comp>

<comp id="98" class="1004" name="quantized_22_read_fu_98">
<pin_list>
<pin id="99" dir="0" index="0" bw="480" slack="0"/>
<pin id="100" dir="0" index="1" bw="480" slack="0"/>
<pin id="101" dir="1" index="2" bw="480" slack="1"/>
</pin_list>
<bind>
<opcode="read(1150) " fcode="read"/>
<opset="quantized_22/2 "/>
</bind>
</comp>

<comp id="104" class="1004" name="scale_9_read_fu_104">
<pin_list>
<pin id="105" dir="0" index="0" bw="32" slack="0"/>
<pin id="106" dir="0" index="1" bw="32" slack="0"/>
<pin id="107" dir="1" index="2" bw="32" slack="1"/>
</pin_list>
<bind>
<opcode="read(1150) " fcode="read"/>
<opset="scale_9/2 "/>
</bind>
</comp>

<comp id="110" class="1004" name="quantized_21_read_fu_110">
<pin_list>
<pin id="111" dir="0" index="0" bw="480" slack="0"/>
<pin id="112" dir="0" index="1" bw="480" slack="0"/>
<pin id="113" dir="1" index="2" bw="480" slack="1"/>
</pin_list>
<bind>
<opcode="read(1150) " fcode="read"/>
<opset="quantized_21/2 "/>
</bind>
</comp>

<comp id="116" class="1004" name="scale_8_read_fu_116">
<pin_list>
<pin id="117" dir="0" index="0" bw="32" slack="0"/>
<pin id="118" dir="0" index="1" bw="32" slack="0"/>
<pin id="119" dir="1" index="2" bw="32" slack="1"/>
</pin_list>
<bind>
<opcode="read(1150) " fcode="read"/>
<opset="scale_8/2 "/>
</bind>
</comp>

<comp id="122" class="1004" name="quantized_20_read_fu_122">
<pin_list>
<pin id="123" dir="0" index="0" bw="480" slack="0"/>
<pin id="124" dir="0" index="1" bw="480" slack="0"/>
<pin id="125" dir="1" index="2" bw="480" slack="1"/>
</pin_list>
<bind>
<opcode="read(1150) " fcode="read"/>
<opset="quantized_20/2 "/>
</bind>
</comp>

<comp id="128" class="1004" name="scale_7_read_fu_128">
<pin_list>
<pin id="129" dir="0" index="0" bw="32" slack="0"/>
<pin id="130" dir="0" index="1" bw="32" slack="0"/>
<pin id="131" dir="1" index="2" bw="32" slack="1"/>
</pin_list>
<bind>
<opcode="read(1150) " fcode="read"/>
<opset="scale_7/2 "/>
</bind>
</comp>

<comp id="134" class="1004" name="quantized_read_fu_134">
<pin_list>
<pin id="135" dir="0" index="0" bw="480" slack="0"/>
<pin id="136" dir="0" index="1" bw="480" slack="0"/>
<pin id="137" dir="1" index="2" bw="480" slack="1"/>
</pin_list>
<bind>
<opcode="read(1150) " fcode="read"/>
<opset="quantized/2 "/>
</bind>
</comp>

<comp id="140" class="1004" name="scale_read_fu_140">
<pin_list>
<pin id="141" dir="0" index="0" bw="32" slack="0"/>
<pin id="142" dir="0" index="1" bw="32" slack="0"/>
<pin id="143" dir="1" index="2" bw="32" slack="1"/>
</pin_list>
<bind>
<opcode="read(1150) " fcode="read"/>
<opset="scale/2 "/>
</bind>
</comp>

<comp id="146" class="1004" name="write_ln295_write_fu_146">
<pin_list>
<pin id="147" dir="0" index="0" bw="0" slack="0"/>
<pin id="148" dir="0" index="1" bw="480" slack="0"/>
<pin id="149" dir="0" index="2" bw="480" slack="0"/>
<pin id="150" dir="1" index="3" bw="0" slack="2147483647"/>
</pin_list>
<bind>
<opcode="write(1151) " fcode="write"/>
<opset="write_ln295/3 "/>
</bind>
</comp>

<comp id="153" class="1004" name="write_ln296_write_fu_153">
<pin_list>
<pin id="154" dir="0" index="0" bw="0" slack="0"/>
<pin id="155" dir="0" index="1" bw="32" slack="0"/>
<pin id="156" dir="0" index="2" bw="32" slack="0"/>
<pin id="157" dir="1" index="3" bw="0" slack="2147483647"/>
</pin_list>
<bind>
<opcode="write(1151) " fcode="write"/>
<opset="write_ln296/3 "/>
</bind>
</comp>

<comp id="160" class="1005" name="quantized_2_reg_160">
<pin_list>
<pin id="161" dir="0" index="0" bw="480" slack="2147483647"/>
<pin id="162" dir="1" index="1" bw="480" slack="2147483647"/>
</pin_list>
<bind>
<opset="quantized_2 (phireg) "/>
</bind>
</comp>

<comp id="163" class="1004" name="quantized_2_phi_fu_163">
<pin_list>
<pin id="164" dir="0" index="0" bw="480" slack="1"/>
<pin id="165" dir="0" index="1" bw="0" slack="2147483647"/>
<pin id="166" dir="0" index="2" bw="480" slack="1"/>
<pin id="167" dir="0" index="3" bw="0" slack="2147483647"/>
<pin id="168" dir="0" index="4" bw="480" slack="1"/>
<pin id="169" dir="0" index="5" bw="0" slack="2147483647"/>
<pin id="170" dir="0" index="6" bw="480" slack="1"/>
<pin id="171" dir="0" index="7" bw="0" slack="2147483647"/>
<pin id="172" dir="1" index="8" bw="480" slack="0"/>
</pin_list>
<bind>
<opcode="phi(47) " fcode="phi"/>
<opset="quantized_2/3 "/>
</bind>
</comp>

<comp id="174" class="1005" name="empty_reg_174">
<pin_list>
<pin id="175" dir="0" index="0" bw="32" slack="2147483647"/>
<pin id="176" dir="1" index="1" bw="32" slack="2147483647"/>
</pin_list>
<bind>
<opset="empty (phireg) "/>
</bind>
</comp>

<comp id="177" class="1004" name="empty_phi_fu_177">
<pin_list>
<pin id="178" dir="0" index="0" bw="32" slack="1"/>
<pin id="179" dir="0" index="1" bw="0" slack="2147483647"/>
<pin id="180" dir="0" index="2" bw="32" slack="1"/>
<pin id="181" dir="0" index="3" bw="0" slack="2147483647"/>
<pin id="182" dir="0" index="4" bw="32" slack="1"/>
<pin id="183" dir="0" index="5" bw="0" slack="2147483647"/>
<pin id="184" dir="0" index="6" bw="32" slack="1"/>
<pin id="185" dir="0" index="7" bw="0" slack="2147483647"/>
<pin id="186" dir="1" index="8" bw="32" slack="0"/>
</pin_list>
<bind>
<opcode="phi(47) " fcode="phi"/>
<opset="empty/3 "/>
</bind>
</comp>

<comp id="188" class="1004" name="store_ln0_store_fu_188">
<pin_list>
<pin id="189" dir="0" index="0" bw="1" slack="0"/>
<pin id="190" dir="0" index="1" bw="8" slack="0"/>
<pin id="191" dir="1" index="2" bw="0" slack="2147483647"/>
</pin_list>
<bind>
<opcode="store(28) " fcode="store"/>
<opset="store_ln0/1 "/>
</bind>
</comp>

<comp id="193" class="1004" name="store_ln0_store_fu_193">
<pin_list>
<pin id="194" dir="0" index="0" bw="1" slack="0"/>
<pin id="195" dir="0" index="1" bw="6" slack="0"/>
<pin id="196" dir="1" index="2" bw="0" slack="2147483647"/>
</pin_list>
<bind>
<opcode="store(28) " fcode="store"/>
<opset="store_ln0/1 "/>
</bind>
</comp>

<comp id="198" class="1004" name="store_ln274_store_fu_198">
<pin_list>
<pin id="199" dir="0" index="0" bw="1" slack="0"/>
<pin id="200" dir="0" index="1" bw="3" slack="0"/>
<pin id="201" dir="1" index="2" bw="0" slack="2147483647"/>
</pin_list>
<bind>
<opcode="store(28) " fcode="store"/>
<opset="store_ln274/1 "/>
</bind>
</comp>

<comp id="203" class="1004" name="store_ln276_store_fu_203">
<pin_list>
<pin id="204" dir="0" index="0" bw="1" slack="0"/>
<pin id="205" dir="0" index="1" bw="3" slack="0"/>
<pin id="206" dir="1" index="2" bw="0" slack="2147483647"/>
</pin_list>
<bind>
<opcode="store(28) " fcode="store"/>
<opset="store_ln276/1 "/>
</bind>
</comp>

<comp id="208" class="1004" name="group_13_load_fu_208">
<pin_list>
<pin id="209" dir="0" index="0" bw="3" slack="0"/>
<pin id="210" dir="1" index="1" bw="3" slack="0"/>
</pin_list>
<bind>
<opcode="load(27) " fcode="load"/>
<opset="group_13/1 "/>
</bind>
</comp>

<comp id="211" class="1004" name="indvar_flatten_load_load_fu_211">
<pin_list>
<pin id="212" dir="0" index="0" bw="6" slack="0"/>
<pin id="213" dir="1" index="1" bw="6" slack="0"/>
</pin_list>
<bind>
<opcode="load(27) " fcode="load"/>
<opset="indvar_flatten_load/1 "/>
</bind>
</comp>

<comp id="214" class="1004" name="indvar_flatten10_load_load_fu_214">
<pin_list>
<pin id="215" dir="0" index="0" bw="8" slack="0"/>
<pin id="216" dir="1" index="1" bw="8" slack="0"/>
</pin_list>
<bind>
<opcode="load(27) " fcode="load"/>
<opset="indvar_flatten10_load/1 "/>
</bind>
</comp>

<comp id="217" class="1004" name="icmp_ln270_fu_217">
<pin_list>
<pin id="218" dir="0" index="0" bw="8" slack="0"/>
<pin id="219" dir="0" index="1" bw="8" slack="0"/>
<pin id="220" dir="1" index="2" bw="1" slack="1"/>
</pin_list>
<bind>
<opcode="icmp(45) " fcode="icmp"/>
<opset="icmp_ln270/1 "/>
</bind>
</comp>

<comp id="223" class="1004" name="add_ln270_fu_223">
<pin_list>
<pin id="224" dir="0" index="0" bw="8" slack="0"/>
<pin id="225" dir="0" index="1" bw="1" slack="0"/>
<pin id="226" dir="1" index="2" bw="8" slack="0"/>
</pin_list>
<bind>
<opcode="add(8) " fcode="add"/>
<opset="add_ln270/1 "/>
</bind>
</comp>

<comp id="229" class="1004" name="pe_load_load_fu_229">
<pin_list>
<pin id="230" dir="0" index="0" bw="3" slack="0"/>
<pin id="231" dir="1" index="1" bw="3" slack="0"/>
</pin_list>
<bind>
<opcode="load(27) " fcode="load"/>
<opset="pe_load/1 "/>
</bind>
</comp>

<comp id="232" class="1004" name="icmp_ln274_fu_232">
<pin_list>
<pin id="233" dir="0" index="0" bw="6" slack="0"/>
<pin id="234" dir="0" index="1" bw="6" slack="0"/>
<pin id="235" dir="1" index="2" bw="1" slack="0"/>
</pin_list>
<bind>
<opcode="icmp(45) " fcode="icmp"/>
<opset="icmp_ln274/1 "/>
</bind>
</comp>

<comp id="238" class="1004" name="select_ln269_fu_238">
<pin_list>
<pin id="239" dir="0" index="0" bw="1" slack="0"/>
<pin id="240" dir="0" index="1" bw="3" slack="0"/>
<pin id="241" dir="0" index="2" bw="3" slack="0"/>
<pin id="242" dir="1" index="3" bw="3" slack="0"/>
</pin_list>
<bind>
<opcode="select(49) " fcode="select"/>
<opset="select_ln269/1 "/>
</bind>
</comp>

<comp id="246" class="1004" name="xor_ln269_fu_246">
<pin_list>
<pin id="247" dir="0" index="0" bw="1" slack="0"/>
<pin id="248" dir="0" index="1" bw="1" slack="0"/>
<pin id="249" dir="1" index="2" bw="1" slack="0"/>
</pin_list>
<bind>
<opcode="xor(25) " fcode="xor"/>
<opset="xor_ln269/1 "/>
</bind>
</comp>

<comp id="252" class="1004" name="icmp_ln277_fu_252">
<pin_list>
<pin id="253" dir="0" index="0" bw="3" slack="0"/>
<pin id="254" dir="0" index="1" bw="3" slack="0"/>
<pin id="255" dir="1" index="2" bw="1" slack="0"/>
</pin_list>
<bind>
<opcode="icmp(45) " fcode="icmp"/>
<opset="icmp_ln277/1 "/>
</bind>
</comp>

<comp id="258" class="1004" name="and_ln269_fu_258">
<pin_list>
<pin id="259" dir="0" index="0" bw="1" slack="0"/>
<pin id="260" dir="0" index="1" bw="1" slack="0"/>
<pin id="261" dir="1" index="2" bw="1" slack="0"/>
</pin_list>
<bind>
<opcode="and(23) " fcode="and"/>
<opset="and_ln269/1 "/>
</bind>
</comp>

<comp id="264" class="1004" name="pe_3_fu_264">
<pin_list>
<pin id="265" dir="0" index="0" bw="3" slack="0"/>
<pin id="266" dir="0" index="1" bw="1" slack="0"/>
<pin id="267" dir="1" index="2" bw="3" slack="0"/>
</pin_list>
<bind>
<opcode="add(8) " fcode="add"/>
<opset="pe_3/1 "/>
</bind>
</comp>

<comp id="270" class="1004" name="select_ln274_fu_270">
<pin_list>
<pin id="271" dir="0" index="0" bw="1" slack="0"/>
<pin id="272" dir="0" index="1" bw="3" slack="0"/>
<pin id="273" dir="0" index="2" bw="3" slack="0"/>
<pin id="274" dir="1" index="3" bw="3" slack="0"/>
</pin_list>
<bind>
<opcode="select(49) " fcode="select"/>
<opset="select_ln274/1 "/>
</bind>
</comp>

<comp id="278" class="1004" name="add_ln278_fu_278">
<pin_list>
<pin id="279" dir="0" index="0" bw="3" slack="0"/>
<pin id="280" dir="0" index="1" bw="1" slack="0"/>
<pin id="281" dir="1" index="2" bw="3" slack="0"/>
</pin_list>
<bind>
<opcode="add(8) " fcode="add"/>
<opset="add_ln278/1 "/>
</bind>
</comp>

<comp id="284" class="1004" name="or_ln278_fu_284">
<pin_list>
<pin id="285" dir="0" index="0" bw="1" slack="0"/>
<pin id="286" dir="0" index="1" bw="1" slack="0"/>
<pin id="287" dir="1" index="2" bw="1" slack="0"/>
</pin_list>
<bind>
<opcode="or(24) " fcode="or"/>
<opset="or_ln278/1 "/>
</bind>
</comp>

<comp id="290" class="1004" name="group_fu_290">
<pin_list>
<pin id="291" dir="0" index="0" bw="1" slack="0"/>
<pin id="292" dir="0" index="1" bw="3" slack="0"/>
<pin id="293" dir="0" index="2" bw="3" slack="0"/>
<pin id="294" dir="1" index="3" bw="3" slack="0"/>
</pin_list>
<bind>
<opcode="select(49) " fcode="select"/>
<opset="group/1 "/>
</bind>
</comp>

<comp id="298" class="1004" name="add_ln274_1_fu_298">
<pin_list>
<pin id="299" dir="0" index="0" bw="6" slack="0"/>
<pin id="300" dir="0" index="1" bw="1" slack="0"/>
<pin id="301" dir="1" index="2" bw="6" slack="0"/>
</pin_list>
<bind>
<opcode="add(8) " fcode="add"/>
<opset="add_ln274_1/1 "/>
</bind>
</comp>

<comp id="304" class="1004" name="select_ln274_1_fu_304">
<pin_list>
<pin id="305" dir="0" index="0" bw="1" slack="0"/>
<pin id="306" dir="0" index="1" bw="6" slack="0"/>
<pin id="307" dir="0" index="2" bw="6" slack="0"/>
<pin id="308" dir="1" index="3" bw="6" slack="0"/>
</pin_list>
<bind>
<opcode="select(49) " fcode="select"/>
<opset="select_ln274_1/1 "/>
</bind>
</comp>

<comp id="312" class="1004" name="store_ln270_store_fu_312">
<pin_list>
<pin id="313" dir="0" index="0" bw="8" slack="0"/>
<pin id="314" dir="0" index="1" bw="8" slack="0"/>
<pin id="315" dir="1" index="2" bw="0" slack="2147483647"/>
</pin_list>
<bind>
<opcode="store(28) " fcode="store"/>
<opset="store_ln270/1 "/>
</bind>
</comp>

<comp id="317" class="1004" name="store_ln274_store_fu_317">
<pin_list>
<pin id="318" dir="0" index="0" bw="6" slack="0"/>
<pin id="319" dir="0" index="1" bw="6" slack="0"/>
<pin id="320" dir="1" index="2" bw="0" slack="2147483647"/>
</pin_list>
<bind>
<opcode="store(28) " fcode="store"/>
<opset="store_ln274/1 "/>
</bind>
</comp>

<comp id="322" class="1004" name="store_ln274_store_fu_322">
<pin_list>
<pin id="323" dir="0" index="0" bw="3" slack="0"/>
<pin id="324" dir="0" index="1" bw="3" slack="0"/>
<pin id="325" dir="1" index="2" bw="0" slack="2147483647"/>
</pin_list>
<bind>
<opcode="store(28) " fcode="store"/>
<opset="store_ln274/1 "/>
</bind>
</comp>

<comp id="327" class="1004" name="store_ln276_store_fu_327">
<pin_list>
<pin id="328" dir="0" index="0" bw="3" slack="0"/>
<pin id="329" dir="0" index="1" bw="3" slack="0"/>
<pin id="330" dir="1" index="2" bw="0" slack="2147483647"/>
</pin_list>
<bind>
<opcode="store(28) " fcode="store"/>
<opset="store_ln276/1 "/>
</bind>
</comp>

<comp id="332" class="1005" name="group_01_reg_332">
<pin_list>
<pin id="333" dir="0" index="0" bw="3" slack="0"/>
<pin id="334" dir="1" index="1" bw="3" slack="0"/>
</pin_list>
<bind>
<opset="group_01 "/>
</bind>
</comp>

<comp id="339" class="1005" name="pe_reg_339">
<pin_list>
<pin id="340" dir="0" index="0" bw="3" slack="0"/>
<pin id="341" dir="1" index="1" bw="3" slack="0"/>
</pin_list>
<bind>
<opset="pe "/>
</bind>
</comp>

<comp id="346" class="1005" name="indvar_flatten_reg_346">
<pin_list>
<pin id="347" dir="0" index="0" bw="6" slack="0"/>
<pin id="348" dir="1" index="1" bw="6" slack="0"/>
</pin_list>
<bind>
<opset="indvar_flatten "/>
</bind>
</comp>

<comp id="353" class="1005" name="indvar_flatten10_reg_353">
<pin_list>
<pin id="354" dir="0" index="0" bw="8" slack="0"/>
<pin id="355" dir="1" index="1" bw="8" slack="0"/>
</pin_list>
<bind>
<opset="indvar_flatten10 "/>
</bind>
</comp>

<comp id="360" class="1005" name="icmp_ln270_reg_360">
<pin_list>
<pin id="361" dir="0" index="0" bw="1" slack="1"/>
<pin id="362" dir="1" index="1" bw="1" slack="2147483647"/>
</pin_list>
<bind>
<opset="icmp_ln270 "/>
</bind>
</comp>

<comp id="364" class="1005" name="select_ln274_reg_364">
<pin_list>
<pin id="365" dir="0" index="0" bw="3" slack="1"/>
<pin id="366" dir="1" index="1" bw="3" slack="2147483647"/>
</pin_list>
<bind>
<opset="select_ln274 "/>
</bind>
</comp>

<comp id="368" class="1005" name="quantized_22_reg_368">
<pin_list>
<pin id="369" dir="0" index="0" bw="480" slack="1"/>
<pin id="370" dir="1" index="1" bw="480" slack="1"/>
</pin_list>
<bind>
<opset="quantized_22 "/>
</bind>
</comp>

<comp id="373" class="1005" name="scale_9_reg_373">
<pin_list>
<pin id="374" dir="0" index="0" bw="32" slack="1"/>
<pin id="375" dir="1" index="1" bw="32" slack="1"/>
</pin_list>
<bind>
<opset="scale_9 "/>
</bind>
</comp>

<comp id="378" class="1005" name="quantized_21_reg_378">
<pin_list>
<pin id="379" dir="0" index="0" bw="480" slack="1"/>
<pin id="380" dir="1" index="1" bw="480" slack="1"/>
</pin_list>
<bind>
<opset="quantized_21 "/>
</bind>
</comp>

<comp id="383" class="1005" name="scale_8_reg_383">
<pin_list>
<pin id="384" dir="0" index="0" bw="32" slack="1"/>
<pin id="385" dir="1" index="1" bw="32" slack="1"/>
</pin_list>
<bind>
<opset="scale_8 "/>
</bind>
</comp>

<comp id="388" class="1005" name="quantized_20_reg_388">
<pin_list>
<pin id="389" dir="0" index="0" bw="480" slack="1"/>
<pin id="390" dir="1" index="1" bw="480" slack="1"/>
</pin_list>
<bind>
<opset="quantized_20 "/>
</bind>
</comp>

<comp id="393" class="1005" name="scale_7_reg_393">
<pin_list>
<pin id="394" dir="0" index="0" bw="32" slack="1"/>
<pin id="395" dir="1" index="1" bw="32" slack="1"/>
</pin_list>
<bind>
<opset="scale_7 "/>
</bind>
</comp>

<comp id="398" class="1005" name="quantized_reg_398">
<pin_list>
<pin id="399" dir="0" index="0" bw="480" slack="1"/>
<pin id="400" dir="1" index="1" bw="480" slack="1"/>
</pin_list>
<bind>
<opset="quantized "/>
</bind>
</comp>

<comp id="403" class="1005" name="scale_reg_403">
<pin_list>
<pin id="404" dir="0" index="0" bw="32" slack="1"/>
<pin id="405" dir="1" index="1" bw="32" slack="1"/>
</pin_list>
<bind>
<opset="scale "/>
</bind>
</comp>

</comp_list>

<net_list>
<net id="85"><net_src comp="20" pin="0"/><net_sink comp="82" pin=0"/></net>

<net id="89"><net_src comp="20" pin="0"/><net_sink comp="86" pin=0"/></net>

<net id="93"><net_src comp="20" pin="0"/><net_sink comp="90" pin=0"/></net>

<net id="97"><net_src comp="20" pin="0"/><net_sink comp="94" pin=0"/></net>

<net id="102"><net_src comp="74" pin="0"/><net_sink comp="98" pin=0"/></net>

<net id="103"><net_src comp="4" pin="0"/><net_sink comp="98" pin=1"/></net>

<net id="108"><net_src comp="76" pin="0"/><net_sink comp="104" pin=0"/></net>

<net id="109"><net_src comp="12" pin="0"/><net_sink comp="104" pin=1"/></net>

<net id="114"><net_src comp="74" pin="0"/><net_sink comp="110" pin=0"/></net>

<net id="115"><net_src comp="2" pin="0"/><net_sink comp="110" pin=1"/></net>

<net id="120"><net_src comp="76" pin="0"/><net_sink comp="116" pin=0"/></net>

<net id="121"><net_src comp="10" pin="0"/><net_sink comp="116" pin=1"/></net>

<net id="126"><net_src comp="74" pin="0"/><net_sink comp="122" pin=0"/></net>

<net id="127"><net_src comp="0" pin="0"/><net_sink comp="122" pin=1"/></net>

<net id="132"><net_src comp="76" pin="0"/><net_sink comp="128" pin=0"/></net>

<net id="133"><net_src comp="8" pin="0"/><net_sink comp="128" pin=1"/></net>

<net id="138"><net_src comp="74" pin="0"/><net_sink comp="134" pin=0"/></net>

<net id="139"><net_src comp="6" pin="0"/><net_sink comp="134" pin=1"/></net>

<net id="144"><net_src comp="76" pin="0"/><net_sink comp="140" pin=0"/></net>

<net id="145"><net_src comp="14" pin="0"/><net_sink comp="140" pin=1"/></net>

<net id="151"><net_src comp="78" pin="0"/><net_sink comp="146" pin=0"/></net>

<net id="152"><net_src comp="16" pin="0"/><net_sink comp="146" pin=1"/></net>

<net id="158"><net_src comp="80" pin="0"/><net_sink comp="153" pin=0"/></net>

<net id="159"><net_src comp="18" pin="0"/><net_sink comp="153" pin=1"/></net>

<net id="173"><net_src comp="163" pin="8"/><net_sink comp="146" pin=2"/></net>

<net id="187"><net_src comp="177" pin="8"/><net_sink comp="153" pin=2"/></net>

<net id="192"><net_src comp="42" pin="0"/><net_sink comp="188" pin=0"/></net>

<net id="197"><net_src comp="44" pin="0"/><net_sink comp="193" pin=0"/></net>

<net id="202"><net_src comp="46" pin="0"/><net_sink comp="198" pin=0"/></net>

<net id="207"><net_src comp="46" pin="0"/><net_sink comp="203" pin=0"/></net>

<net id="221"><net_src comp="214" pin="1"/><net_sink comp="217" pin=0"/></net>

<net id="222"><net_src comp="48" pin="0"/><net_sink comp="217" pin=1"/></net>

<net id="227"><net_src comp="214" pin="1"/><net_sink comp="223" pin=0"/></net>

<net id="228"><net_src comp="50" pin="0"/><net_sink comp="223" pin=1"/></net>

<net id="236"><net_src comp="211" pin="1"/><net_sink comp="232" pin=0"/></net>

<net id="237"><net_src comp="52" pin="0"/><net_sink comp="232" pin=1"/></net>

<net id="243"><net_src comp="232" pin="2"/><net_sink comp="238" pin=0"/></net>

<net id="244"><net_src comp="46" pin="0"/><net_sink comp="238" pin=1"/></net>

<net id="245"><net_src comp="229" pin="1"/><net_sink comp="238" pin=2"/></net>

<net id="250"><net_src comp="232" pin="2"/><net_sink comp="246" pin=0"/></net>

<net id="251"><net_src comp="54" pin="0"/><net_sink comp="246" pin=1"/></net>

<net id="256"><net_src comp="208" pin="1"/><net_sink comp="252" pin=0"/></net>

<net id="257"><net_src comp="56" pin="0"/><net_sink comp="252" pin=1"/></net>

<net id="262"><net_src comp="252" pin="2"/><net_sink comp="258" pin=0"/></net>

<net id="263"><net_src comp="246" pin="2"/><net_sink comp="258" pin=1"/></net>

<net id="268"><net_src comp="238" pin="3"/><net_sink comp="264" pin=0"/></net>

<net id="269"><net_src comp="58" pin="0"/><net_sink comp="264" pin=1"/></net>

<net id="275"><net_src comp="258" pin="2"/><net_sink comp="270" pin=0"/></net>

<net id="276"><net_src comp="264" pin="2"/><net_sink comp="270" pin=1"/></net>

<net id="277"><net_src comp="238" pin="3"/><net_sink comp="270" pin=2"/></net>

<net id="282"><net_src comp="208" pin="1"/><net_sink comp="278" pin=0"/></net>

<net id="283"><net_src comp="58" pin="0"/><net_sink comp="278" pin=1"/></net>

<net id="288"><net_src comp="258" pin="2"/><net_sink comp="284" pin=0"/></net>

<net id="289"><net_src comp="232" pin="2"/><net_sink comp="284" pin=1"/></net>

<net id="295"><net_src comp="284" pin="2"/><net_sink comp="290" pin=0"/></net>

<net id="296"><net_src comp="58" pin="0"/><net_sink comp="290" pin=1"/></net>

<net id="297"><net_src comp="278" pin="2"/><net_sink comp="290" pin=2"/></net>

<net id="302"><net_src comp="211" pin="1"/><net_sink comp="298" pin=0"/></net>

<net id="303"><net_src comp="60" pin="0"/><net_sink comp="298" pin=1"/></net>

<net id="309"><net_src comp="232" pin="2"/><net_sink comp="304" pin=0"/></net>

<net id="310"><net_src comp="60" pin="0"/><net_sink comp="304" pin=1"/></net>

<net id="311"><net_src comp="298" pin="2"/><net_sink comp="304" pin=2"/></net>

<net id="316"><net_src comp="223" pin="2"/><net_sink comp="312" pin=0"/></net>

<net id="321"><net_src comp="304" pin="3"/><net_sink comp="317" pin=0"/></net>

<net id="326"><net_src comp="270" pin="3"/><net_sink comp="322" pin=0"/></net>

<net id="331"><net_src comp="290" pin="3"/><net_sink comp="327" pin=0"/></net>

<net id="335"><net_src comp="82" pin="1"/><net_sink comp="332" pin=0"/></net>

<net id="336"><net_src comp="332" pin="1"/><net_sink comp="203" pin=1"/></net>

<net id="337"><net_src comp="332" pin="1"/><net_sink comp="208" pin=0"/></net>

<net id="338"><net_src comp="332" pin="1"/><net_sink comp="327" pin=1"/></net>

<net id="342"><net_src comp="86" pin="1"/><net_sink comp="339" pin=0"/></net>

<net id="343"><net_src comp="339" pin="1"/><net_sink comp="198" pin=1"/></net>

<net id="344"><net_src comp="339" pin="1"/><net_sink comp="229" pin=0"/></net>

<net id="345"><net_src comp="339" pin="1"/><net_sink comp="322" pin=1"/></net>

<net id="349"><net_src comp="90" pin="1"/><net_sink comp="346" pin=0"/></net>

<net id="350"><net_src comp="346" pin="1"/><net_sink comp="193" pin=1"/></net>

<net id="351"><net_src comp="346" pin="1"/><net_sink comp="211" pin=0"/></net>

<net id="352"><net_src comp="346" pin="1"/><net_sink comp="317" pin=1"/></net>

<net id="356"><net_src comp="94" pin="1"/><net_sink comp="353" pin=0"/></net>

<net id="357"><net_src comp="353" pin="1"/><net_sink comp="188" pin=1"/></net>

<net id="358"><net_src comp="353" pin="1"/><net_sink comp="214" pin=0"/></net>

<net id="359"><net_src comp="353" pin="1"/><net_sink comp="312" pin=1"/></net>

<net id="363"><net_src comp="217" pin="2"/><net_sink comp="360" pin=0"/></net>

<net id="367"><net_src comp="270" pin="3"/><net_sink comp="364" pin=0"/></net>

<net id="371"><net_src comp="98" pin="2"/><net_sink comp="368" pin=0"/></net>

<net id="372"><net_src comp="368" pin="1"/><net_sink comp="163" pin=4"/></net>

<net id="376"><net_src comp="104" pin="2"/><net_sink comp="373" pin=0"/></net>

<net id="377"><net_src comp="373" pin="1"/><net_sink comp="177" pin=4"/></net>

<net id="381"><net_src comp="110" pin="2"/><net_sink comp="378" pin=0"/></net>

<net id="382"><net_src comp="378" pin="1"/><net_sink comp="163" pin=2"/></net>

<net id="386"><net_src comp="116" pin="2"/><net_sink comp="383" pin=0"/></net>

<net id="387"><net_src comp="383" pin="1"/><net_sink comp="177" pin=2"/></net>

<net id="391"><net_src comp="122" pin="2"/><net_sink comp="388" pin=0"/></net>

<net id="392"><net_src comp="388" pin="1"/><net_sink comp="163" pin=0"/></net>

<net id="396"><net_src comp="128" pin="2"/><net_sink comp="393" pin=0"/></net>

<net id="397"><net_src comp="393" pin="1"/><net_sink comp="177" pin=0"/></net>

<net id="401"><net_src comp="134" pin="2"/><net_sink comp="398" pin=0"/></net>

<net id="402"><net_src comp="398" pin="1"/><net_sink comp="163" pin=6"/></net>

<net id="406"><net_src comp="140" pin="2"/><net_sink comp="403" pin=0"/></net>

<net id="407"><net_src comp="403" pin="1"/><net_sink comp="177" pin=6"/></net>

</net_list>

</model> 
---------------- Datapath Model END ------------------

* FSMD analyzer results:
  - Output states:
	Port: quantized_stream | {3 }
	Port: scale_stream | {3 }
 - Input state : 
	Port: int4_rms_gather_streams : quantized_pe0 | {2 }
	Port: int4_rms_gather_streams : quantized_pe1 | {2 }
	Port: int4_rms_gather_streams : quantized_pe2 | {2 }
	Port: int4_rms_gather_streams : quantized_pe3 | {2 }
	Port: int4_rms_gather_streams : scale_pe0 | {2 }
	Port: int4_rms_gather_streams : scale_pe1 | {2 }
	Port: int4_rms_gather_streams : scale_pe2 | {2 }
	Port: int4_rms_gather_streams : scale_pe3 | {2 }
	Port: int4_rms_gather_streams : quantized_stream | {}
	Port: int4_rms_gather_streams : scale_stream | {}
  - Chain level:
	State 1
		store_ln0 : 1
		store_ln0 : 1
		store_ln274 : 1
		store_ln276 : 1
		group_13 : 1
		indvar_flatten_load : 1
		indvar_flatten10_load : 1
		icmp_ln270 : 2
		add_ln270 : 2
		br_ln270 : 3
		pe_load : 1
		icmp_ln274 : 2
		select_ln269 : 3
		xor_ln269 : 3
		icmp_ln277 : 2
		and_ln269 : 3
		pe_3 : 4
		select_ln274 : 3
		add_ln278 : 2
		or_ln278 : 3
		group : 3
		add_ln274_1 : 2
		select_ln274_1 : 3
		store_ln270 : 3
		store_ln274 : 4
		store_ln274 : 4
		store_ln276 : 4
	State 2
	State 3
		write_ln295 : 1
		write_ln296 : 1


============================================================
+ Verbose Summary: Datapath Resource usage 
============================================================

* Functional unit list:
|----------|--------------------------|---------|---------|
| Operation|      Functional Unit     |    FF   |   LUT   |
|----------|--------------------------|---------|---------|
|          |     add_ln270_fu_223     |    0    |    15   |
|    add   |        pe_3_fu_264       |    0    |    10   |
|          |     add_ln278_fu_278     |    0    |    10   |
|          |    add_ln274_1_fu_298    |    0    |    13   |
|----------|--------------------------|---------|---------|
|          |     icmp_ln270_fu_217    |    0    |    15   |
|   icmp   |     icmp_ln274_fu_232    |    0    |    13   |
|          |     icmp_ln277_fu_252    |    0    |    10   |
|----------|--------------------------|---------|---------|
|          |    select_ln269_fu_238   |    0    |    3    |
|  select  |    select_ln274_fu_270   |    0    |    3    |
|          |       group_fu_290       |    0    |    3    |
|          |   select_ln274_1_fu_304  |    0    |    6    |
|----------|--------------------------|---------|---------|
|    xor   |     xor_ln269_fu_246     |    0    |    2    |
|----------|--------------------------|---------|---------|
|    and   |     and_ln269_fu_258     |    0    |    2    |
|----------|--------------------------|---------|---------|
|    or    |      or_ln278_fu_284     |    0    |    2    |
|----------|--------------------------|---------|---------|
|          |  quantized_22_read_fu_98 |    0    |    0    |
|          |    scale_9_read_fu_104   |    0    |    0    |
|          | quantized_21_read_fu_110 |    0    |    0    |
|   read   |    scale_8_read_fu_116   |    0    |    0    |
|          | quantized_20_read_fu_122 |    0    |    0    |
|          |    scale_7_read_fu_128   |    0    |    0    |
|          |   quantized_read_fu_134  |    0    |    0    |
|          |     scale_read_fu_140    |    0    |    0    |
|----------|--------------------------|---------|---------|
|   write  | write_ln295_write_fu_146 |    0    |    0    |
|          | write_ln296_write_fu_153 |    0    |    0    |
|----------|--------------------------|---------|---------|
|   Total  |                          |    0    |   107   |
|----------|--------------------------|---------|---------|

Memories:
N/A

* Register list:
+------------------------+--------+
|                        |   FF   |
+------------------------+--------+
|      empty_reg_174     |   32   |
|    group_01_reg_332    |    3   |
|   icmp_ln270_reg_360   |    1   |
|indvar_flatten10_reg_353|    8   |
| indvar_flatten_reg_346 |    6   |
|       pe_reg_339       |    3   |
|  quantized_20_reg_388  |   480  |
|  quantized_21_reg_378  |   480  |
|  quantized_22_reg_368  |   480  |
|   quantized_2_reg_160  |   480  |
|    quantized_reg_398   |   480  |
|     scale_7_reg_393    |   32   |
|     scale_8_reg_383    |   32   |
|     scale_9_reg_373    |   32   |
|      scale_reg_403     |   32   |
|  select_ln274_reg_364  |    3   |
+------------------------+--------+
|          Total         |  2584  |
+------------------------+--------+

* Multiplexer (MUX) list: 
|--------|------|------|------|--------|
|  Comp  |  Pin | Size |  BW  | S x BW |
|--------|------|------|------|--------|
|  Total |      |      |      |    0   |
|--------|------|------|------|--------|



* Summary:
+-----------+--------+--------+
|           |   FF   |   LUT  |
+-----------+--------+--------+
|  Function |    0   |   107  |
|   Memory  |    -   |    -   |
|Multiplexer|    -   |    -   |
|  Register |  2584  |    -   |
+-----------+--------+--------+
|   Total   |  2584  |   107  |
+-----------+--------+--------+
