

================================================================
== Vitis HLS Report for 'int4_broadcast_activation_Pipeline_broadcast_activation_seed_loop'
================================================================
* Date:           Tue Aug 11 09:17:19 2026

* Version:        2023.2 (Build 4023990 on Oct 11 2023)
* Project:        proj_int4_decoder_xo
* Solution:       solution1 (Vitis Kernel Flow Target)
* Product family: virtexuplus
* Target device:  xcu250-figd2104-2L-e


================================================================
== Performance Estimates
================================================================
+ Timing: 
    * Summary: 
    +--------+---------+----------+------------+
    |  Clock |  Target | Estimated| Uncertainty|
    +--------+---------+----------+------------+
    |ap_clk  |  3.33 ns|  2.417 ns|     0.90 ns|
    +--------+---------+----------+------------+

+ Latency: 
    * Summary: 
    +---------+---------+----------+----------+-----+-----+---------+
    |  Latency (cycles) |  Latency (absolute) |  Interval | Pipeline|
    |   min   |   max   |    min   |    max   | min | max |   Type  |
    +---------+---------+----------+----------+-----+-----+---------+
    |      132|      348|  0.440 us|  1.160 us|  132|  348|       no|
    +---------+---------+----------+----------+-----+-----+---------+

    + Detail: 
        * Instance: 
        N/A

        * Loop: 
        +----------------------------------+---------+---------+----------+-----------+-----------+-----------+----------+
        |                                  |  Latency (cycles) | Iteration|  Initiation Interval  |    Trip   |          |
        |             Loop Name            |   min   |   max   |  Latency |  achieved |   target  |   Count   | Pipelined|
        +----------------------------------+---------+---------+----------+-----------+-----------+-----------+----------+
        |- broadcast_activation_seed_loop  |      130|      346|         4|          1|          1|  128 ~ 344|       yes|
        +----------------------------------+---------+---------+----------+-----------+-----------+-----------+----------+

============================================================
+ Verbose Summary: Synthesis Manager
============================================================
InlineROM: 1
ExposeGlobal: 0
============================================================
+ Verbose Summary: CDFG Model
============================================================
IsTopModel: 0
ResetActiveHigh: 1
IsCombinational: 0
IsDatapathOnly: 0
HasWiredReturn: 1
HasMFsm: 2
HasVarLatency: 1
IsPipeline: 0
IsRtlPipelined: 0
IsInstanceOverlapped: 0
IsDontTouch: 0
HasImplIP: 0
IsGatedGlobalClock: 0

+ Individual pipeline summary: 
  * Pipeline-0: initiation interval (II) = 1, depth = 4


============================================================
+ Verbose Summary: Schedule
============================================================
* Number of FSM states : 4
* Pipeline : 1
  Pipeline-0 : II = 1, D = 4, States = { 1 2 3 4 }
* Dataflow Pipeline: 0

* FSM state transitions: 
1 --> 2 
2 --> 3 
3 --> 4 
4 --> 

* FSM state operations: 

State 1 <SV = 0> <Delay = 1.48>
ST_1 : Operation 7 [1/1] (0.00ns)   --->   "%activation_group = alloca i32 1" [source/int4_linear_controller.cpp:285]   --->   Operation 7 'alloca' 'activation_group' <Predicate = true> <Delay = 0.00>
ST_1 : Operation 8 [1/1] (0.00ns)   --->   "%cached_scale_word = alloca i32 1" [source/int4_linear_controller.cpp:276]   --->   Operation 8 'alloca' 'cached_scale_word' <Predicate = true> <Delay = 0.00>
ST_1 : Operation 9 [1/1] (0.00ns)   --->   "%streamed_scale_word = alloca i32 1" [source/int4_linear_controller.cpp:275]   --->   Operation 9 'alloca' 'streamed_scale_word' <Predicate = true> <Delay = 0.00>
ST_1 : Operation 10 [1/1] (0.00ns)   --->   "%specmemcore_ln0 = specmemcore void @_ssdm_op_SpecMemCore, i512 %packed_scales, i64 666, i64 18, i64 18446744073709551615"   --->   Operation 10 'specmemcore' 'specmemcore_ln0' <Predicate = true> <Delay = 0.00>
ST_1 : Operation 11 [1/1] (0.00ns)   --->   "%specmemcore_ln0 = specmemcore void @_ssdm_op_SpecMemCore, i480 %quantized, i64 666, i64 18, i64 18446744073709551615"   --->   Operation 11 'specmemcore' 'specmemcore_ln0' <Predicate = true> <Delay = 0.00>
ST_1 : Operation 12 [1/1] (0.00ns)   --->   "%specmemcore_ln0 = specmemcore void @_ssdm_op_SpecMemCore, i480 %quantized_stream, i64 666, i64 8, i64 18446744073709551615"   --->   Operation 12 'specmemcore' 'specmemcore_ln0' <Predicate = true> <Delay = 0.00>
ST_1 : Operation 13 [1/1] (0.00ns)   --->   "%specmemcore_ln0 = specmemcore void @_ssdm_op_SpecMemCore, i32 %scale_stream, i64 666, i64 10, i64 18446744073709551615"   --->   Operation 13 'specmemcore' 'specmemcore_ln0' <Predicate = true> <Delay = 0.00>
ST_1 : Operation 14 [1/1] (0.00ns)   --->   "%specmemcore_ln0 = specmemcore void @_ssdm_op_SpecMemCore, i480 %quantized_pe0, i64 666, i64 8, i64 18446744073709551615"   --->   Operation 14 'specmemcore' 'specmemcore_ln0' <Predicate = true> <Delay = 0.00>
ST_1 : Operation 15 [1/1] (0.00ns)   --->   "%specmemcore_ln0 = specmemcore void @_ssdm_op_SpecMemCore, i480 %quantized_pe1, i64 666, i64 8, i64 18446744073709551615"   --->   Operation 15 'specmemcore' 'specmemcore_ln0' <Predicate = true> <Delay = 0.00>
ST_1 : Operation 16 [1/1] (0.00ns)   --->   "%specmemcore_ln0 = specmemcore void @_ssdm_op_SpecMemCore, i480 %quantized_pe2, i64 666, i64 8, i64 18446744073709551615"   --->   Operation 16 'specmemcore' 'specmemcore_ln0' <Predicate = true> <Delay = 0.00>
ST_1 : Operation 17 [1/1] (0.00ns)   --->   "%specmemcore_ln0 = specmemcore void @_ssdm_op_SpecMemCore, i480 %quantized_pe3, i64 666, i64 8, i64 18446744073709551615"   --->   Operation 17 'specmemcore' 'specmemcore_ln0' <Predicate = true> <Delay = 0.00>
ST_1 : Operation 18 [1/1] (0.00ns)   --->   "%specmemcore_ln0 = specmemcore void @_ssdm_op_SpecMemCore, i32 %activation_scale_pe0, i64 666, i64 10, i64 18446744073709551615"   --->   Operation 18 'specmemcore' 'specmemcore_ln0' <Predicate = true> <Delay = 0.00>
ST_1 : Operation 19 [1/1] (0.00ns)   --->   "%specmemcore_ln0 = specmemcore void @_ssdm_op_SpecMemCore, i32 %activation_scale_pe1, i64 666, i64 10, i64 18446744073709551615"   --->   Operation 19 'specmemcore' 'specmemcore_ln0' <Predicate = true> <Delay = 0.00>
ST_1 : Operation 20 [1/1] (0.00ns)   --->   "%specmemcore_ln0 = specmemcore void @_ssdm_op_SpecMemCore, i32 %activation_scale_pe2, i64 666, i64 10, i64 18446744073709551615"   --->   Operation 20 'specmemcore' 'specmemcore_ln0' <Predicate = true> <Delay = 0.00>
ST_1 : Operation 21 [1/1] (0.00ns)   --->   "%specmemcore_ln0 = specmemcore void @_ssdm_op_SpecMemCore, i32 %activation_scale_pe3, i64 666, i64 10, i64 18446744073709551615"   --->   Operation 21 'specmemcore' 'specmemcore_ln0' <Predicate = true> <Delay = 0.00>
ST_1 : Operation 22 [1/1] (0.00ns)   --->   "%specinterface_ln0 = specinterface void @_ssdm_op_SpecInterface, i480 %quantized_stream, void @empty_447, i32 0, i32 0, void @empty_418, i32 0, i32 0, void @empty_418, void @empty_418, void @empty_418, i32 0, i32 0, i32 0, i32 0, void @empty_418, void @empty_418, i32 4294967295, i32 0"   --->   Operation 22 'specinterface' 'specinterface_ln0' <Predicate = true> <Delay = 0.00>
ST_1 : Operation 23 [1/1] (0.00ns)   --->   "%specinterface_ln0 = specinterface void @_ssdm_op_SpecInterface, i32 %scale_stream, void @empty_447, i32 0, i32 0, void @empty_418, i32 0, i32 0, void @empty_418, void @empty_418, void @empty_418, i32 0, i32 0, i32 0, i32 0, void @empty_418, void @empty_418, i32 4294967295, i32 0"   --->   Operation 23 'specinterface' 'specinterface_ln0' <Predicate = true> <Delay = 0.00>
ST_1 : Operation 24 [1/1] (0.00ns)   --->   "%specinterface_ln0 = specinterface void @_ssdm_op_SpecInterface, i480 %quantized_pe0, void @empty_447, i32 0, i32 0, void @empty_418, i32 0, i32 0, void @empty_418, void @empty_418, void @empty_418, i32 0, i32 0, i32 0, i32 0, void @empty_418, void @empty_418, i32 4294967295, i32 0"   --->   Operation 24 'specinterface' 'specinterface_ln0' <Predicate = true> <Delay = 0.00>
ST_1 : Operation 25 [1/1] (0.00ns)   --->   "%specinterface_ln0 = specinterface void @_ssdm_op_SpecInterface, i480 %quantized_pe1, void @empty_447, i32 0, i32 0, void @empty_418, i32 0, i32 0, void @empty_418, void @empty_418, void @empty_418, i32 0, i32 0, i32 0, i32 0, void @empty_418, void @empty_418, i32 4294967295, i32 0"   --->   Operation 25 'specinterface' 'specinterface_ln0' <Predicate = true> <Delay = 0.00>
ST_1 : Operation 26 [1/1] (0.00ns)   --->   "%specinterface_ln0 = specinterface void @_ssdm_op_SpecInterface, i480 %quantized_pe2, void @empty_447, i32 0, i32 0, void @empty_418, i32 0, i32 0, void @empty_418, void @empty_418, void @empty_418, i32 0, i32 0, i32 0, i32 0, void @empty_418, void @empty_418, i32 4294967295, i32 0"   --->   Operation 26 'specinterface' 'specinterface_ln0' <Predicate = true> <Delay = 0.00>
ST_1 : Operation 27 [1/1] (0.00ns)   --->   "%specinterface_ln0 = specinterface void @_ssdm_op_SpecInterface, i480 %quantized_pe3, void @empty_447, i32 0, i32 0, void @empty_418, i32 0, i32 0, void @empty_418, void @empty_418, void @empty_418, i32 0, i32 0, i32 0, i32 0, void @empty_418, void @empty_418, i32 4294967295, i32 0"   --->   Operation 27 'specinterface' 'specinterface_ln0' <Predicate = true> <Delay = 0.00>
ST_1 : Operation 28 [1/1] (0.00ns)   --->   "%specinterface_ln0 = specinterface void @_ssdm_op_SpecInterface, i32 %activation_scale_pe0, void @empty_447, i32 0, i32 0, void @empty_418, i32 0, i32 0, void @empty_418, void @empty_418, void @empty_418, i32 0, i32 0, i32 0, i32 0, void @empty_418, void @empty_418, i32 4294967295, i32 0"   --->   Operation 28 'specinterface' 'specinterface_ln0' <Predicate = true> <Delay = 0.00>
ST_1 : Operation 29 [1/1] (0.00ns)   --->   "%specinterface_ln0 = specinterface void @_ssdm_op_SpecInterface, i32 %activation_scale_pe1, void @empty_447, i32 0, i32 0, void @empty_418, i32 0, i32 0, void @empty_418, void @empty_418, void @empty_418, i32 0, i32 0, i32 0, i32 0, void @empty_418, void @empty_418, i32 4294967295, i32 0"   --->   Operation 29 'specinterface' 'specinterface_ln0' <Predicate = true> <Delay = 0.00>
ST_1 : Operation 30 [1/1] (0.00ns)   --->   "%specinterface_ln0 = specinterface void @_ssdm_op_SpecInterface, i32 %activation_scale_pe2, void @empty_447, i32 0, i32 0, void @empty_418, i32 0, i32 0, void @empty_418, void @empty_418, void @empty_418, i32 0, i32 0, i32 0, i32 0, void @empty_418, void @empty_418, i32 4294967295, i32 0"   --->   Operation 30 'specinterface' 'specinterface_ln0' <Predicate = true> <Delay = 0.00>
ST_1 : Operation 31 [1/1] (0.00ns)   --->   "%specinterface_ln0 = specinterface void @_ssdm_op_SpecInterface, i32 %activation_scale_pe3, void @empty_447, i32 0, i32 0, void @empty_418, i32 0, i32 0, void @empty_418, void @empty_418, void @empty_418, i32 0, i32 0, i32 0, i32 0, void @empty_418, void @empty_418, i32 4294967295, i32 0"   --->   Operation 31 'specinterface' 'specinterface_ln0' <Predicate = true> <Delay = 0.00>
ST_1 : Operation 32 [1/1] (0.00ns)   --->   "%stream_activation_read = read i1 @_ssdm_op_Read.ap_auto.i1, i1 %stream_activation" [source/int4_linear_controller.cpp:250]   --->   Operation 32 'read' 'stream_activation_read' <Predicate = true> <Delay = 0.00>
ST_1 : Operation 33 [1/1] (0.00ns)   --->   "%active_0_read = read i1 @_ssdm_op_Read.ap_auto.i1, i1 %active_0" [source/int4_linear_controller.cpp:250]   --->   Operation 33 'read' 'active_0_read' <Predicate = true> <Delay = 0.00>
ST_1 : Operation 34 [1/1] (0.00ns)   --->   "%active_1_read = read i1 @_ssdm_op_Read.ap_auto.i1, i1 %active_1" [source/int4_linear_controller.cpp:250]   --->   Operation 34 'read' 'active_1_read' <Predicate = true> <Delay = 0.00>
ST_1 : Operation 35 [1/1] (0.00ns)   --->   "%active_2_read = read i1 @_ssdm_op_Read.ap_auto.i1, i1 %active_2" [source/int4_linear_controller.cpp:250]   --->   Operation 35 'read' 'active_2_read' <Predicate = true> <Delay = 0.00>
ST_1 : Operation 36 [1/1] (0.00ns)   --->   "%active_3_read = read i1 @_ssdm_op_Read.ap_auto.i1, i1 %active_3" [source/int4_linear_controller.cpp:250]   --->   Operation 36 'read' 'active_3_read' <Predicate = true> <Delay = 0.00>
ST_1 : Operation 37 [1/1] (0.00ns)   --->   "%shl_ln_read = read i9 @_ssdm_op_Read.ap_auto.i9, i9 %shl_ln" [source/int4_linear_controller.cpp:250]   --->   Operation 37 'read' 'shl_ln_read' <Predicate = true> <Delay = 0.00>
ST_1 : Operation 38 [1/1] (0.38ns)   --->   "%store_ln275 = store i512 0, i512 %streamed_scale_word" [source/int4_linear_controller.cpp:275]   --->   Operation 38 'store' 'store_ln275' <Predicate = true> <Delay = 0.38>
ST_1 : Operation 39 [1/1] (0.38ns)   --->   "%store_ln276 = store i512 0, i512 %cached_scale_word" [source/int4_linear_controller.cpp:276]   --->   Operation 39 'store' 'store_ln276' <Predicate = true> <Delay = 0.38>
ST_1 : Operation 40 [1/1] (0.38ns)   --->   "%store_ln285 = store i9 0, i9 %activation_group" [source/int4_linear_controller.cpp:285]   --->   Operation 40 'store' 'store_ln285' <Predicate = true> <Delay = 0.38>
ST_1 : Operation 41 [1/1] (0.00ns)   --->   "%br_ln0 = br void %for.body"   --->   Operation 41 'br' 'br_ln0' <Predicate = true> <Delay = 0.00>
ST_1 : Operation 42 [1/1] (0.00ns)   --->   "%activation_group_1 = load i9 %activation_group" [source/int4_linear_controller.cpp:293]   --->   Operation 42 'load' 'activation_group_1' <Predicate = true> <Delay = 0.00>
ST_1 : Operation 43 [1/1] (0.71ns)   --->   "%icmp_ln285 = icmp_eq  i9 %activation_group_1, i9 %shl_ln_read" [source/int4_linear_controller.cpp:285]   --->   Operation 43 'icmp' 'icmp_ln285' <Predicate = true> <Delay = 0.71> <CoreInst = "Cmp">   --->   Core 9 'Cmp' <Latency = 0> <II = 1> <Delay = 0.71> <FuncUnit> <Opcode : 'icmp'> <InPorts = 2> <OutPorts = 1>
ST_1 : Operation 44 [1/1] (0.71ns)   --->   "%add_ln287 = add i9 %activation_group_1, i9 1" [source/int4_linear_controller.cpp:287]   --->   Operation 44 'add' 'add_ln287' <Predicate = true> <Delay = 0.71> <CoreInst = "Adder">   --->   Core 1 'Adder' <Latency = 0> <II = 1> <Delay = 0.71> <FuncUnit> <Opcode : 'add' 'sub'> <InPorts = 2> <OutPorts = 1>
ST_1 : Operation 45 [1/1] (0.00ns)   --->   "%br_ln285 = br i1 %icmp_ln285, void %for.body.split, void %for.end.loopexit.exitStub" [source/int4_linear_controller.cpp:285]   --->   Operation 45 'br' 'br_ln285' <Predicate = true> <Delay = 0.00>
ST_1 : Operation 46 [1/1] (0.00ns)   --->   "%br_ln295 = br i1 %stream_activation_read, void %if.else_ifconv, void %_ZrSILi512ELb0EER11ap_int_baseIXT_EXT0_EES2_i.exit123" [source/int4_linear_controller.cpp:295]   --->   Operation 46 'br' 'br_ln295' <Predicate = (!icmp_ln285)> <Delay = 0.00>
ST_1 : Operation 47 [1/1] (0.00ns)   --->   "%br_ln322 = br i1 %active_0_read, void %if.then24, void %if.end25" [source/int4_linear_controller.cpp:322]   --->   Operation 47 'br' 'br_ln322' <Predicate = (!icmp_ln285)> <Delay = 0.00>
ST_1 : Operation 48 [1/1] (0.00ns)   --->   "%br_ln326 = br i1 %active_1_read, void %if.then26, void %if.end27" [source/int4_linear_controller.cpp:326]   --->   Operation 48 'br' 'br_ln326' <Predicate = (!icmp_ln285)> <Delay = 0.00>
ST_1 : Operation 49 [1/1] (0.00ns)   --->   "%br_ln330 = br i1 %active_2_read, void %if.then28, void %if.end29" [source/int4_linear_controller.cpp:330]   --->   Operation 49 'br' 'br_ln330' <Predicate = (!icmp_ln285)> <Delay = 0.00>
ST_1 : Operation 50 [1/1] (0.00ns)   --->   "%br_ln334 = br i1 %active_3_read, void %if.then30, void %for.inc" [source/int4_linear_controller.cpp:334]   --->   Operation 50 'br' 'br_ln334' <Predicate = (!icmp_ln285)> <Delay = 0.00>
ST_1 : Operation 51 [1/1] (0.38ns)   --->   "%store_ln285 = store i9 %add_ln287, i9 %activation_group" [source/int4_linear_controller.cpp:285]   --->   Operation 51 'store' 'store_ln285' <Predicate = (!icmp_ln285)> <Delay = 0.38>
ST_1 : Operation 52 [1/1] (0.00ns)   --->   "%br_ln285 = br void %for.body" [source/int4_linear_controller.cpp:285]   --->   Operation 52 'br' 'br_ln285' <Predicate = (!icmp_ln285)> <Delay = 0.00>

State 2 <SV = 1> <Delay = 2.41>
ST_2 : Operation 53 [1/1] (0.00ns)   --->   "%zext_ln286 = zext i9 %activation_group_1" [source/int4_linear_controller.cpp:286]   --->   Operation 53 'zext' 'zext_ln286' <Predicate = (!icmp_ln285)> <Delay = 0.00>
ST_2 : Operation 54 [1/1] (0.00ns)   --->   "%specpipeline_ln288 = specpipeline void @_ssdm_op_SpecPipeline, i32 1, i32 0, i32 0, i32 0, void @empty_418" [source/int4_linear_controller.cpp:288]   --->   Operation 54 'specpipeline' 'specpipeline_ln288' <Predicate = (!icmp_ln285)> <Delay = 0.00>
ST_2 : Operation 55 [1/1] (0.00ns)   --->   "%speclooptripcount_ln289 = speclooptripcount void @_ssdm_op_SpecLoopTripCount, i64 128, i64 344, i64 236" [source/int4_linear_controller.cpp:289]   --->   Operation 55 'speclooptripcount' 'speclooptripcount_ln289' <Predicate = (!icmp_ln285)> <Delay = 0.00>
ST_2 : Operation 56 [1/1] (0.00ns)   --->   "%specloopname_ln285 = specloopname void @_ssdm_op_SpecLoopName, void @empty_483" [source/int4_linear_controller.cpp:285]   --->   Operation 56 'specloopname' 'specloopname_ln285' <Predicate = (!icmp_ln285)> <Delay = 0.00>
ST_2 : Operation 57 [1/1] (0.00ns)   --->   "%scale_lane = trunc i9 %activation_group_1" [source/int4_linear_controller.cpp:293]   --->   Operation 57 'trunc' 'scale_lane' <Predicate = (!icmp_ln285)> <Delay = 0.00>
ST_2 : Operation 58 [1/1] (0.00ns)   --->   "%quantized_addr_1 = getelementptr i480 %quantized, i64 0, i64 %zext_ln286" [source/int4_linear_controller.cpp:308]   --->   Operation 58 'getelementptr' 'quantized_addr_1' <Predicate = (!icmp_ln285 & !stream_activation_read)> <Delay = 0.00>
ST_2 : Operation 59 [2/2] (1.20ns)   --->   "%q_1 = load i9 %quantized_addr_1" [source/int4_linear_controller.cpp:308]   --->   Operation 59 'load' 'q_1' <Predicate = (!icmp_ln285 & !stream_activation_read & !active_3_read) | (!icmp_ln285 & !stream_activation_read & !active_2_read) | (!icmp_ln285 & !stream_activation_read & !active_1_read) | (!icmp_ln285 & !stream_activation_read & !active_0_read)> <Delay = 1.20> <CoreInst = "RAM_1P_BRAM">   --->   Core 90 'RAM_1P_BRAM' <Latency = 1> <II = 1> <Delay = 1.20> <Storage> <Opcode : 'load' 'store'> <Ports = 1> <Width = 480> <Depth = 344> <RAM>
ST_2 : Operation 60 [1/1] (0.70ns)   --->   "%icmp_ln309 = icmp_eq  i4 %scale_lane, i4 0" [source/int4_linear_controller.cpp:309]   --->   Operation 60 'icmp' 'icmp_ln309' <Predicate = (!icmp_ln285 & !stream_activation_read)> <Delay = 0.70> <CoreInst = "Cmp">   --->   Core 9 'Cmp' <Latency = 0> <II = 1> <Delay = 0.70> <FuncUnit> <Opcode : 'icmp'> <InPorts = 2> <OutPorts = 1>
ST_2 : Operation 61 [1/1] (0.00ns)   --->   "%div16_udiv = partselect i5 @_ssdm_op_PartSelect.i5.i9.i32.i32, i9 %activation_group_1, i32 4, i32 8" [source/int4_linear_controller.cpp:293]   --->   Operation 61 'partselect' 'div16_udiv' <Predicate = (!icmp_ln285 & !stream_activation_read)> <Delay = 0.00>
ST_2 : Operation 62 [1/1] (0.00ns)   --->   "%zext_ln311 = zext i5 %div16_udiv" [source/int4_linear_controller.cpp:311]   --->   Operation 62 'zext' 'zext_ln311' <Predicate = (!icmp_ln285 & !stream_activation_read)> <Delay = 0.00>
ST_2 : Operation 63 [1/1] (0.00ns)   --->   "%packed_scales_addr = getelementptr i512 %packed_scales, i64 0, i64 %zext_ln311" [source/int4_linear_controller.cpp:311]   --->   Operation 63 'getelementptr' 'packed_scales_addr' <Predicate = (!icmp_ln285 & !stream_activation_read)> <Delay = 0.00>
ST_2 : Operation 64 [2/2] (1.20ns)   --->   "%cached_scale_word_1 = load i5 %packed_scales_addr" [source/int4_linear_controller.cpp:310]   --->   Operation 64 'load' 'cached_scale_word_1' <Predicate = (!icmp_ln285 & !stream_activation_read)> <Delay = 1.20> <CoreInst = "RAM_1P_BRAM">   --->   Core 90 'RAM_1P_BRAM' <Latency = 1> <II = 1> <Delay = 1.20> <Storage> <Opcode : 'load' 'store'> <Ports = 1> <Width = 512> <Depth = 22> <RAM>
ST_2 : Operation 65 [1/1] (0.00ns)   --->   "%streamed_scale_word_load_1 = load i512 %streamed_scale_word" [source/int4_linear_controller.cpp:299]   --->   Operation 65 'load' 'streamed_scale_word_load_1' <Predicate = (!icmp_ln285 & stream_activation_read)> <Delay = 0.00>
ST_2 : Operation 66 [1/1] (1.21ns)   --->   "%q = read i480 @_ssdm_op_Read.ap_fifo.volatile.i480P0A, i480 %quantized_stream" [source/int4_linear_controller.cpp:296]   --->   Operation 66 'read' 'q' <Predicate = (!icmp_ln285 & stream_activation_read)> <Delay = 1.21> <CoreInst = "FIFO_BRAM">   --->   Core 79 'FIFO_BRAM' <Latency = 0> <II = 1> <Delay = 1.42> <Storage> <Opcode : 'read' 'write' 'nbread' 'nbwrite'> <Ports = 0> <Width = 480> <Depth = 4> <FIFO>
ST_2 : Operation 67 [1/1] (1.21ns)   --->   "%sx = read i32 @_ssdm_op_Read.ap_fifo.volatile.i32P0A, i32 %scale_stream" [source/int4_linear_controller.cpp:297]   --->   Operation 67 'read' 'sx' <Predicate = (!icmp_ln285 & stream_activation_read)> <Delay = 1.21> <CoreInst = "FIFO_SRL">   --->   Core 81 'FIFO_SRL' <Latency = 0> <II = 1> <Delay = 1.46> <Storage> <Opcode : 'read' 'write' 'nbread' 'nbwrite'> <Ports = 0> <Width = 32> <Depth = 4> <FIFO>
ST_2 : Operation 68 [1/1] (0.00ns)   --->   "%quantized_addr = getelementptr i480 %quantized, i64 0, i64 %zext_ln286" [source/int4_linear_controller.cpp:298]   --->   Operation 68 'getelementptr' 'quantized_addr' <Predicate = (!icmp_ln285 & stream_activation_read)> <Delay = 0.00>
ST_2 : Operation 69 [1/1] (1.20ns)   --->   "%store_ln298 = store i480 %q, i9 %quantized_addr" [source/int4_linear_controller.cpp:298]   --->   Operation 69 'store' 'store_ln298' <Predicate = (!icmp_ln285 & stream_activation_read)> <Delay = 1.20> <CoreInst = "RAM_1P_BRAM">   --->   Core 90 'RAM_1P_BRAM' <Latency = 1> <II = 1> <Delay = 1.20> <Storage> <Opcode : 'load' 'store'> <Ports = 1> <Width = 480> <Depth = 344> <RAM>
ST_2 : Operation 70 [1/1] (0.00ns)   --->   "%streamed_scale_word_4 = partselect i480 @_ssdm_op_PartSelect.i480.i512.i32.i32, i512 %streamed_scale_word_load_1, i32 32, i32 511" [source/int4_linear_controller.cpp:299]   --->   Operation 70 'partselect' 'streamed_scale_word_4' <Predicate = (!icmp_ln285 & stream_activation_read)> <Delay = 0.00>
ST_2 : Operation 71 [1/1] (0.00ns)   --->   "%streamed_scale_word_1 = bitconcatenate i512 @_ssdm_op_BitConcatenate.i512.i32.i480, i32 %sx, i480 %streamed_scale_word_4" [source/int4_linear_controller.cpp:300]   --->   Operation 71 'bitconcatenate' 'streamed_scale_word_1' <Predicate = (!icmp_ln285 & stream_activation_read)> <Delay = 0.00>
ST_2 : Operation 72 [1/1] (0.70ns)   --->   "%icmp_ln302 = icmp_eq  i4 %scale_lane, i4 15" [source/int4_linear_controller.cpp:302]   --->   Operation 72 'icmp' 'icmp_ln302' <Predicate = (!icmp_ln285 & stream_activation_read)> <Delay = 0.70> <CoreInst = "Cmp">   --->   Core 9 'Cmp' <Latency = 0> <II = 1> <Delay = 0.70> <FuncUnit> <Opcode : 'icmp'> <InPorts = 2> <OutPorts = 1>
ST_2 : Operation 73 [1/1] (0.00ns)   --->   "%br_ln302 = br i1 %icmp_ln302, void %if.end, void %if.then9" [source/int4_linear_controller.cpp:302]   --->   Operation 73 'br' 'br_ln302' <Predicate = (!icmp_ln285 & stream_activation_read)> <Delay = 0.00>
ST_2 : Operation 74 [1/1] (0.00ns)   --->   "%div_udiv = partselect i5 @_ssdm_op_PartSelect.i5.i9.i32.i32, i9 %activation_group_1, i32 4, i32 8" [source/int4_linear_controller.cpp:293]   --->   Operation 74 'partselect' 'div_udiv' <Predicate = (stream_activation_read & icmp_ln302)> <Delay = 0.00>
ST_2 : Operation 75 [1/1] (0.00ns)   --->   "%zext_ln303 = zext i5 %div_udiv" [source/int4_linear_controller.cpp:303]   --->   Operation 75 'zext' 'zext_ln303' <Predicate = (stream_activation_read & icmp_ln302)> <Delay = 0.00>
ST_2 : Operation 76 [1/1] (0.00ns)   --->   "%packed_scales_addr_1 = getelementptr i512 %packed_scales, i64 0, i64 %zext_ln303" [source/int4_linear_controller.cpp:303]   --->   Operation 76 'getelementptr' 'packed_scales_addr_1' <Predicate = (stream_activation_read & icmp_ln302)> <Delay = 0.00>
ST_2 : Operation 77 [1/1] (1.20ns)   --->   "%store_ln304 = store i512 %streamed_scale_word_1, i5 %packed_scales_addr_1" [source/int4_linear_controller.cpp:304]   --->   Operation 77 'store' 'store_ln304' <Predicate = (stream_activation_read & icmp_ln302)> <Delay = 1.20> <CoreInst = "RAM_1P_BRAM">   --->   Core 90 'RAM_1P_BRAM' <Latency = 1> <II = 1> <Delay = 1.20> <Storage> <Opcode : 'load' 'store'> <Ports = 1> <Width = 512> <Depth = 22> <RAM>
ST_2 : Operation 78 [1/1] (0.00ns)   --->   "%br_ln306 = br void %if.end" [source/int4_linear_controller.cpp:306]   --->   Operation 78 'br' 'br_ln306' <Predicate = (stream_activation_read & icmp_ln302)> <Delay = 0.00>
ST_2 : Operation 79 [1/1] (0.38ns)   --->   "%store_ln275 = store i512 %streamed_scale_word_1, i512 %streamed_scale_word" [source/int4_linear_controller.cpp:275]   --->   Operation 79 'store' 'store_ln275' <Predicate = (!icmp_ln285 & stream_activation_read)> <Delay = 0.38>
ST_2 : Operation 80 [1/1] (0.38ns)   --->   "%br_ln307 = br void %if.end23" [source/int4_linear_controller.cpp:307]   --->   Operation 80 'br' 'br_ln307' <Predicate = (!icmp_ln285 & stream_activation_read)> <Delay = 0.38>

State 3 <SV = 2> <Delay = 2.16>
ST_3 : Operation 81 [1/1] (0.00ns)   --->   "%cached_scale_word_load = load i512 %cached_scale_word" [source/int4_linear_controller.cpp:309]   --->   Operation 81 'load' 'cached_scale_word_load' <Predicate = (!icmp_ln285 & !stream_activation_read & !icmp_ln309)> <Delay = 0.00>
ST_3 : Operation 82 [1/2] (1.20ns)   --->   "%q_1 = load i9 %quantized_addr_1" [source/int4_linear_controller.cpp:308]   --->   Operation 82 'load' 'q_1' <Predicate = (!icmp_ln285 & !stream_activation_read & !active_3_read) | (!icmp_ln285 & !stream_activation_read & !active_2_read) | (!icmp_ln285 & !stream_activation_read & !active_1_read) | (!icmp_ln285 & !stream_activation_read & !active_0_read)> <Delay = 1.20> <CoreInst = "RAM_1P_BRAM">   --->   Core 90 'RAM_1P_BRAM' <Latency = 1> <II = 1> <Delay = 1.20> <Storage> <Opcode : 'load' 'store'> <Ports = 1> <Width = 480> <Depth = 344> <RAM>
ST_3 : Operation 83 [1/2] (1.20ns)   --->   "%cached_scale_word_1 = load i5 %packed_scales_addr" [source/int4_linear_controller.cpp:310]   --->   Operation 83 'load' 'cached_scale_word_1' <Predicate = (!icmp_ln285 & !stream_activation_read)> <Delay = 1.20> <CoreInst = "RAM_1P_BRAM">   --->   Core 90 'RAM_1P_BRAM' <Latency = 1> <II = 1> <Delay = 1.20> <Storage> <Opcode : 'load' 'store'> <Ports = 1> <Width = 512> <Depth = 22> <RAM>
ST_3 : Operation 84 [1/1] (0.57ns)   --->   "%cached_scale_word_2 = select i1 %icmp_ln309, i512 %cached_scale_word_1, i512 %cached_scale_word_load" [source/int4_linear_controller.cpp:309]   --->   Operation 84 'select' 'cached_scale_word_2' <Predicate = (!icmp_ln285 & !stream_activation_read)> <Delay = 0.57> <CoreInst = "Sel">   --->   Core 73 'Sel' <Latency = 0> <II = 1> <Delay = 0.57> <FuncUnit> <Opcode : 'select'> <InPorts = 3> <OutPorts = 1>
ST_3 : Operation 85 [1/1] (0.00ns)   --->   "%sx_1 = trunc i512 %cached_scale_word_2" [source/int4_linear_controller.cpp:315]   --->   Operation 85 'trunc' 'sx_1' <Predicate = (!icmp_ln285 & !stream_activation_read)> <Delay = 0.00>
ST_3 : Operation 86 [1/1] (0.00ns)   --->   "%cached_scale_word_3 = partselect i480 @_ssdm_op_PartSelect.i480.i512.i32.i32, i512 %cached_scale_word_2, i32 32, i32 511" [source/int4_linear_controller.cpp:316]   --->   Operation 86 'partselect' 'cached_scale_word_3' <Predicate = (!icmp_ln285 & !stream_activation_read)> <Delay = 0.00>
ST_3 : Operation 87 [1/1] (0.00ns)   --->   "%zext_ln316 = zext i480 %cached_scale_word_3" [source/int4_linear_controller.cpp:316]   --->   Operation 87 'zext' 'zext_ln316' <Predicate = (!icmp_ln285 & !stream_activation_read)> <Delay = 0.00>
ST_3 : Operation 88 [1/1] (0.38ns)   --->   "%store_ln276 = store i512 %zext_ln316, i512 %cached_scale_word" [source/int4_linear_controller.cpp:276]   --->   Operation 88 'store' 'store_ln276' <Predicate = (!icmp_ln285 & !stream_activation_read)> <Delay = 0.38>
ST_3 : Operation 89 [1/1] (0.38ns)   --->   "%br_ln0 = br void %if.end23"   --->   Operation 89 'br' 'br_ln0' <Predicate = (!icmp_ln285 & !stream_activation_read)> <Delay = 0.38>
ST_3 : Operation 104 [1/1] (0.00ns)   --->   "%streamed_scale_word_load = load i512 %streamed_scale_word"   --->   Operation 104 'load' 'streamed_scale_word_load' <Predicate = (icmp_ln285)> <Delay = 0.00>
ST_3 : Operation 105 [1/1] (0.00ns)   --->   "%write_ln0 = write void @_ssdm_op_Write.ap_auto.i512P0A, i512 %streamed_scale_word_out, i512 %streamed_scale_word_load"   --->   Operation 105 'write' 'write_ln0' <Predicate = (icmp_ln285)> <Delay = 0.00>
ST_3 : Operation 106 [1/1] (0.00ns)   --->   "%ret_ln0 = ret"   --->   Operation 106 'ret' 'ret_ln0' <Predicate = (icmp_ln285)> <Delay = 0.00>

State 4 <SV = 3> <Delay = 1.21>
ST_4 : Operation 90 [1/1] (0.00ns)   --->   "%q_2 = phi i480 %q, void %if.end, i480 %q_1, void %if.else_ifconv"   --->   Operation 90 'phi' 'q_2' <Predicate = true> <Delay = 0.00>
ST_4 : Operation 91 [1/1] (0.00ns)   --->   "%p_0 = phi i32 %sx, void %if.end, i32 %sx_1, void %if.else_ifconv"   --->   Operation 91 'phi' 'p_0' <Predicate = true> <Delay = 0.00>
ST_4 : Operation 92 [1/1] (1.21ns)   --->   "%write_ln323 = write void @_ssdm_op_Write.ap_fifo.volatile.i480P0A, i480 %quantized_pe0, i480 %q_2" [source/int4_linear_controller.cpp:323]   --->   Operation 92 'write' 'write_ln323' <Predicate = (!active_0_read)> <Delay = 1.21> <CoreInst = "FIFO_BRAM">   --->   Core 79 'FIFO_BRAM' <Latency = 0> <II = 1> <Delay = 1.31> <Storage> <Opcode : 'read' 'write' 'nbread' 'nbwrite'> <Ports = 0> <Width = 480> <Depth = 2> <FIFO>
ST_4 : Operation 93 [1/1] (1.21ns)   --->   "%write_ln324 = write void @_ssdm_op_Write.ap_fifo.volatile.i32P0A, i32 %activation_scale_pe0, i32 %p_0" [source/int4_linear_controller.cpp:324]   --->   Operation 93 'write' 'write_ln324' <Predicate = (!active_0_read)> <Delay = 1.21> <CoreInst = "FIFO_SRL">   --->   Core 81 'FIFO_SRL' <Latency = 0> <II = 1> <Delay = 1.39> <Storage> <Opcode : 'read' 'write' 'nbread' 'nbwrite'> <Ports = 0> <Width = 32> <Depth = 2> <FIFO>
ST_4 : Operation 94 [1/1] (0.00ns)   --->   "%br_ln325 = br void %if.end25" [source/int4_linear_controller.cpp:325]   --->   Operation 94 'br' 'br_ln325' <Predicate = (!active_0_read)> <Delay = 0.00>
ST_4 : Operation 95 [1/1] (1.21ns)   --->   "%write_ln327 = write void @_ssdm_op_Write.ap_fifo.volatile.i480P0A, i480 %quantized_pe1, i480 %q_2" [source/int4_linear_controller.cpp:327]   --->   Operation 95 'write' 'write_ln327' <Predicate = (!active_1_read)> <Delay = 1.21> <CoreInst = "FIFO_BRAM">   --->   Core 79 'FIFO_BRAM' <Latency = 0> <II = 1> <Delay = 1.31> <Storage> <Opcode : 'read' 'write' 'nbread' 'nbwrite'> <Ports = 0> <Width = 480> <Depth = 2> <FIFO>
ST_4 : Operation 96 [1/1] (1.21ns)   --->   "%write_ln328 = write void @_ssdm_op_Write.ap_fifo.volatile.i32P0A, i32 %activation_scale_pe1, i32 %p_0" [source/int4_linear_controller.cpp:328]   --->   Operation 96 'write' 'write_ln328' <Predicate = (!active_1_read)> <Delay = 1.21> <CoreInst = "FIFO_SRL">   --->   Core 81 'FIFO_SRL' <Latency = 0> <II = 1> <Delay = 1.39> <Storage> <Opcode : 'read' 'write' 'nbread' 'nbwrite'> <Ports = 0> <Width = 32> <Depth = 2> <FIFO>
ST_4 : Operation 97 [1/1] (0.00ns)   --->   "%br_ln329 = br void %if.end27" [source/int4_linear_controller.cpp:329]   --->   Operation 97 'br' 'br_ln329' <Predicate = (!active_1_read)> <Delay = 0.00>
ST_4 : Operation 98 [1/1] (1.21ns)   --->   "%write_ln331 = write void @_ssdm_op_Write.ap_fifo.volatile.i480P0A, i480 %quantized_pe2, i480 %q_2" [source/int4_linear_controller.cpp:331]   --->   Operation 98 'write' 'write_ln331' <Predicate = (!active_2_read)> <Delay = 1.21> <CoreInst = "FIFO_BRAM">   --->   Core 79 'FIFO_BRAM' <Latency = 0> <II = 1> <Delay = 1.31> <Storage> <Opcode : 'read' 'write' 'nbread' 'nbwrite'> <Ports = 0> <Width = 480> <Depth = 2> <FIFO>
ST_4 : Operation 99 [1/1] (1.21ns)   --->   "%write_ln332 = write void @_ssdm_op_Write.ap_fifo.volatile.i32P0A, i32 %activation_scale_pe2, i32 %p_0" [source/int4_linear_controller.cpp:332]   --->   Operation 99 'write' 'write_ln332' <Predicate = (!active_2_read)> <Delay = 1.21> <CoreInst = "FIFO_SRL">   --->   Core 81 'FIFO_SRL' <Latency = 0> <II = 1> <Delay = 1.39> <Storage> <Opcode : 'read' 'write' 'nbread' 'nbwrite'> <Ports = 0> <Width = 32> <Depth = 2> <FIFO>
ST_4 : Operation 100 [1/1] (0.00ns)   --->   "%br_ln333 = br void %if.end29" [source/int4_linear_controller.cpp:333]   --->   Operation 100 'br' 'br_ln333' <Predicate = (!active_2_read)> <Delay = 0.00>
ST_4 : Operation 101 [1/1] (1.21ns)   --->   "%write_ln335 = write void @_ssdm_op_Write.ap_fifo.volatile.i480P0A, i480 %quantized_pe3, i480 %q_2" [source/int4_linear_controller.cpp:335]   --->   Operation 101 'write' 'write_ln335' <Predicate = (!active_3_read)> <Delay = 1.21> <CoreInst = "FIFO_BRAM">   --->   Core 79 'FIFO_BRAM' <Latency = 0> <II = 1> <Delay = 1.31> <Storage> <Opcode : 'read' 'write' 'nbread' 'nbwrite'> <Ports = 0> <Width = 480> <Depth = 2> <FIFO>
ST_4 : Operation 102 [1/1] (1.21ns)   --->   "%write_ln336 = write void @_ssdm_op_Write.ap_fifo.volatile.i32P0A, i32 %activation_scale_pe3, i32 %p_0" [source/int4_linear_controller.cpp:336]   --->   Operation 102 'write' 'write_ln336' <Predicate = (!active_3_read)> <Delay = 1.21> <CoreInst = "FIFO_SRL">   --->   Core 81 'FIFO_SRL' <Latency = 0> <II = 1> <Delay = 1.39> <Storage> <Opcode : 'read' 'write' 'nbread' 'nbwrite'> <Ports = 0> <Width = 32> <Depth = 2> <FIFO>
ST_4 : Operation 103 [1/1] (0.00ns)   --->   "%br_ln337 = br void %for.inc" [source/int4_linear_controller.cpp:337]   --->   Operation 103 'br' 'br_ln337' <Predicate = (!active_3_read)> <Delay = 0.00>


============================================================
+ Verbose Summary: Timing violations
============================================================
Target clock period: 3.333ns, clock uncertainty: 0.900ns.

 <State 1>: 1.489ns
The critical path consists of the following:
	'store' operation 0 bit ('store_ln285', source/int4_linear_controller.cpp:285) of constant 0 on local variable 'activation_group', source/int4_linear_controller.cpp:285 [53]  (0.387 ns)
	'load' operation 9 bit ('activation_group', source/int4_linear_controller.cpp:293) on local variable 'activation_group', source/int4_linear_controller.cpp:285 [56]  (0.000 ns)
	'add' operation 9 bit ('add_ln287', source/int4_linear_controller.cpp:287) [58]  (0.715 ns)
	'store' operation 0 bit ('store_ln285', source/int4_linear_controller.cpp:285) of variable 'add_ln287', source/int4_linear_controller.cpp:287 on local variable 'activation_group', source/int4_linear_controller.cpp:285 [128]  (0.387 ns)

 <State 2>: 2.417ns
The critical path consists of the following:
	fifo read operation ('sx', source/int4_linear_controller.cpp:297) on port 'scale_stream' (source/int4_linear_controller.cpp:297) [85]  (1.217 ns)
	'store' operation 0 bit ('store_ln304', source/int4_linear_controller.cpp:304) of variable 'streamed_scale_word', source/int4_linear_controller.cpp:300 on array 'packed_scales' [96]  (1.200 ns)

 <State 3>: 2.165ns
The critical path consists of the following:
	'load' operation 512 bit ('cached_scale_word', source/int4_linear_controller.cpp:310) on array 'packed_scales' [75]  (1.200 ns)
	'select' operation 512 bit ('cached_scale_word', source/int4_linear_controller.cpp:309) [76]  (0.578 ns)
	'store' operation 0 bit ('store_ln276', source/int4_linear_controller.cpp:276) of variable 'zext_ln316', source/int4_linear_controller.cpp:316 on local variable 'cached_scale_word', source/int4_linear_controller.cpp:276 [80]  (0.387 ns)

 <State 4>: 1.217ns
The critical path consists of the following:
	'phi' operation 480 bit ('q') with incoming values : ('q', source/int4_linear_controller.cpp:308) ('q', source/int4_linear_controller.cpp:296) [102]  (0.000 ns)
	fifo write operation ('write_ln327', source/int4_linear_controller.cpp:327) on port 'quantized_pe1' (source/int4_linear_controller.cpp:327) [112]  (1.217 ns)


============================================================
+ Verbose Summary: Binding
============================================================
N/A
* FSMD analyzer results:
  - Output states:
 - Input state : 
  - Chain level:
	State 1
	State 2
	State 3
	State 4


============================================================
+ Verbose Summary: Datapath Resource usage 
============================================================
N/A
