

================================================================
== Vitis HLS Report for 'int4_rms_normalize_quantize_four_pes_stream'
================================================================
* Date:           Tue Aug 11 09:17:18 2026

* Version:        2023.2 (Build 4023990 on Oct 11 2023)
* Project:        proj_int4_decoder_xo
* Solution:       solution1 (Vitis Kernel Flow Target)
* Product family: virtexuplus
* Target device:  xcu250-figd2104-2L-e


================================================================
== Performance Estimates
================================================================
+ Timing: 
    * Summary: 
    +--------+---------+----------+------------+
    |  Clock |  Target | Estimated| Uncertainty|
    +--------+---------+----------+------------+
    |ap_clk  |  3.33 ns|  2.608 ns|     0.90 ns|
    +--------+---------+----------+------------+

+ Latency: 
    * Summary: 
    +---------+---------+-----------+-----------+------+------+----------+
    |  Latency (cycles) |   Latency (absolute)  |   Interval  | Pipeline |
    |   min   |   max   |    min    |    max    |  min |  max |   Type   |
    +---------+---------+-----------+-----------+------+------+----------+
    |     3713|     3713|  12.375 us|  12.375 us|  3714|  3714|  dataflow|
    +---------+---------+-----------+-----------+------+------+----------+

    + Detail: 
        * Instance: 
        +----------------------------------------------+-----------------------------------+---------+---------+-----------+-----------+------+------+---------+
        |                                              |                                   |  Latency (cycles) |   Latency (absolute)  |   Interval  | Pipeline|
        |                   Instance                   |               Module              |   min   |   max   |    min    |    max    |  min |  max |   Type  |
        +----------------------------------------------+-----------------------------------+---------+---------+-----------+-----------+------+------+---------+
        |grp_int4_rms_normalize_quantize_pe_fu_156     |int4_rms_normalize_quantize_pe     |     3713|     3713|  12.375 us|  12.375 us|  3713|  3713|       no|
        |grp_int4_rms_normalize_quantize_pe_13_fu_170  |int4_rms_normalize_quantize_pe_13  |     3713|     3713|  12.375 us|  12.375 us|  3713|  3713|       no|
        |grp_int4_rms_normalize_quantize_pe_14_fu_184  |int4_rms_normalize_quantize_pe_14  |     3713|     3713|  12.375 us|  12.375 us|  3713|  3713|       no|
        |grp_int4_rms_normalize_quantize_pe_15_fu_198  |int4_rms_normalize_quantize_pe_15  |     3713|     3713|  12.375 us|  12.375 us|  3713|  3713|       no|
        |grp_int4_rms_gather_streams_fu_212            |int4_rms_gather_streams            |      131|      131|   0.437 us|   0.437 us|   131|   131|       no|
        +----------------------------------------------+-----------------------------------+---------+---------+-----------+-----------+------+------+---------+

        * Loop: 
        N/A

============================================================
+ Verbose Summary: Synthesis Manager
============================================================
InlineROM: 1
ExposeGlobal: 0
============================================================
+ Verbose Summary: CDFG Model
============================================================
IsTopModel: 0
ResetActiveHigh: 1
IsCombinational: 2
IsDatapathOnly: 0
HasWiredReturn: 1
HasMFsm: 0
HasVarLatency: 1
IsPipeline: 0
IsRtlPipelined: 0
IsInstanceOverlapped: 0
IsDontTouch: 0
HasImplIP: 0
IsGatedGlobalClock: 0


============================================================
+ Verbose Summary: Schedule
============================================================
* Number of FSM states : 4
* Pipeline : 0
* Dataflow Pipeline: 1
  DF-Pipeline-0: Size = 4, States = { 1 2 3 4 }

* FSM state transitions: 
1 --> 2 
2 --> 3 
3 --> 4 
4 --> 

* FSM state operations: 

State 1 <SV = 0> <Delay = 0.00>
ST_1 : Operation 5 [1/1] (0.00ns)   --->   "%idx3_read = read i13 @_ssdm_op_Read.ap_auto.i13, i13 %idx3"   --->   Operation 5 'read' 'idx3_read' <Predicate = true> <Delay = 0.00>
ST_1 : Operation 6 [1/1] (0.00ns)   --->   "%idx2_read = read i13 @_ssdm_op_Read.ap_auto.i13, i13 %idx2"   --->   Operation 6 'read' 'idx2_read' <Predicate = true> <Delay = 0.00>
ST_1 : Operation 7 [1/1] (0.00ns)   --->   "%idx1_read = read i13 @_ssdm_op_Read.ap_auto.i13, i13 %idx1"   --->   Operation 7 'read' 'idx1_read' <Predicate = true> <Delay = 0.00>
ST_1 : Operation 8 [1/1] (0.00ns)   --->   "%idx_read = read i13 @_ssdm_op_Read.ap_auto.i13, i13 %idx"   --->   Operation 8 'read' 'idx_read' <Predicate = true> <Delay = 0.00>
ST_1 : Operation 9 [1/1] (0.00ns)   --->   "%reciprocal_rms_read = read i32 @_ssdm_op_Read.ap_auto.float, i32 %reciprocal_rms"   --->   Operation 9 'read' 'reciprocal_rms_read' <Predicate = true> <Delay = 0.00>
ST_1 : Operation 10 [1/1] (0.00ns)   --->   "%quantized_pe0 = alloca i64 1" [source/int4_decoder_blocks.cpp:403]   --->   Operation 10 'alloca' 'quantized_pe0' <Predicate = true> <Delay = 0.00> <CoreInst = "FIFO_BRAM">   --->   Core 79 'FIFO_BRAM' <Latency = 0> <II = 1> <Delay = 1.42> <Storage> <Opcode : 'read' 'write' 'nbread' 'nbwrite'> <Ports = 0> <Width = 480> <Depth = 4> <FIFO>
ST_1 : Operation 11 [1/1] (0.00ns)   --->   "%quantized_pe1 = alloca i64 1" [source/int4_decoder_blocks.cpp:403]   --->   Operation 11 'alloca' 'quantized_pe1' <Predicate = true> <Delay = 0.00> <CoreInst = "FIFO_BRAM">   --->   Core 79 'FIFO_BRAM' <Latency = 0> <II = 1> <Delay = 1.42> <Storage> <Opcode : 'read' 'write' 'nbread' 'nbwrite'> <Ports = 0> <Width = 480> <Depth = 4> <FIFO>
ST_1 : Operation 12 [1/1] (0.00ns)   --->   "%quantized_pe2 = alloca i64 1" [source/int4_decoder_blocks.cpp:403]   --->   Operation 12 'alloca' 'quantized_pe2' <Predicate = true> <Delay = 0.00> <CoreInst = "FIFO_BRAM">   --->   Core 79 'FIFO_BRAM' <Latency = 0> <II = 1> <Delay = 1.42> <Storage> <Opcode : 'read' 'write' 'nbread' 'nbwrite'> <Ports = 0> <Width = 480> <Depth = 4> <FIFO>
ST_1 : Operation 13 [1/1] (0.00ns)   --->   "%quantized_pe3 = alloca i64 1" [source/int4_decoder_blocks.cpp:403]   --->   Operation 13 'alloca' 'quantized_pe3' <Predicate = true> <Delay = 0.00> <CoreInst = "FIFO_BRAM">   --->   Core 79 'FIFO_BRAM' <Latency = 0> <II = 1> <Delay = 1.42> <Storage> <Opcode : 'read' 'write' 'nbread' 'nbwrite'> <Ports = 0> <Width = 480> <Depth = 4> <FIFO>
ST_1 : Operation 14 [1/1] (0.00ns)   --->   "%scale_pe0 = alloca i64 1" [source/int4_decoder_blocks.cpp:404]   --->   Operation 14 'alloca' 'scale_pe0' <Predicate = true> <Delay = 0.00> <CoreInst = "FIFO_SRL">   --->   Core 81 'FIFO_SRL' <Latency = 0> <II = 1> <Delay = 1.46> <Storage> <Opcode : 'read' 'write' 'nbread' 'nbwrite'> <Ports = 0> <Width = 32> <Depth = 4> <FIFO>
ST_1 : Operation 15 [1/1] (0.00ns)   --->   "%scale_pe1 = alloca i64 1" [source/int4_decoder_blocks.cpp:404]   --->   Operation 15 'alloca' 'scale_pe1' <Predicate = true> <Delay = 0.00> <CoreInst = "FIFO_SRL">   --->   Core 81 'FIFO_SRL' <Latency = 0> <II = 1> <Delay = 1.46> <Storage> <Opcode : 'read' 'write' 'nbread' 'nbwrite'> <Ports = 0> <Width = 32> <Depth = 4> <FIFO>
ST_1 : Operation 16 [1/1] (0.00ns)   --->   "%scale_pe2 = alloca i64 1" [source/int4_decoder_blocks.cpp:404]   --->   Operation 16 'alloca' 'scale_pe2' <Predicate = true> <Delay = 0.00> <CoreInst = "FIFO_SRL">   --->   Core 81 'FIFO_SRL' <Latency = 0> <II = 1> <Delay = 1.46> <Storage> <Opcode : 'read' 'write' 'nbread' 'nbwrite'> <Ports = 0> <Width = 32> <Depth = 4> <FIFO>
ST_1 : Operation 17 [1/1] (0.00ns)   --->   "%scale_pe3 = alloca i64 1" [source/int4_decoder_blocks.cpp:404]   --->   Operation 17 'alloca' 'scale_pe3' <Predicate = true> <Delay = 0.00> <CoreInst = "FIFO_SRL">   --->   Core 81 'FIFO_SRL' <Latency = 0> <II = 1> <Delay = 1.46> <Storage> <Opcode : 'read' 'write' 'nbread' 'nbwrite'> <Ports = 0> <Width = 32> <Depth = 4> <FIFO>
ST_1 : Operation 18 [2/2] (0.00ns)   --->   "%call_ln421 = call void @int4_rms_normalize_quantize_pe, i512 %input_pe0, i32 %reciprocal_rms_read, i480 %quantized_pe0, i32 %scale_pe0, i13 %idx_read, i512 %model_norm_cache0" [source/int4_decoder_blocks.cpp:421]   --->   Operation 18 'call' 'call_ln421' <Predicate = true> <Delay = 0.00> <CoreType = "Generic">   --->   Core 0 '' <Latency = 0> <II = 1> <Delay = 1.00> <Generic> <Opcode : >
ST_1 : Operation 19 [2/2] (0.00ns)   --->   "%call_ln424 = call void @int4_rms_normalize_quantize_pe.13, i512 %input_pe1, i32 %reciprocal_rms_read, i480 %quantized_pe1, i32 %scale_pe1, i13 %idx1_read, i512 %model_norm_cache1" [source/int4_decoder_blocks.cpp:424]   --->   Operation 19 'call' 'call_ln424' <Predicate = true> <Delay = 0.00> <CoreType = "Generic">   --->   Core 0 '' <Latency = 0> <II = 1> <Delay = 1.00> <Generic> <Opcode : >
ST_1 : Operation 20 [2/2] (0.00ns)   --->   "%call_ln427 = call void @int4_rms_normalize_quantize_pe.14, i512 %input_pe2, i32 %reciprocal_rms_read, i480 %quantized_pe2, i32 %scale_pe2, i13 %idx2_read, i512 %model_norm_cache2" [source/int4_decoder_blocks.cpp:427]   --->   Operation 20 'call' 'call_ln427' <Predicate = true> <Delay = 0.00> <CoreType = "Generic">   --->   Core 0 '' <Latency = 0> <II = 1> <Delay = 1.00> <Generic> <Opcode : >
ST_1 : Operation 21 [2/2] (0.00ns)   --->   "%call_ln430 = call void @int4_rms_normalize_quantize_pe.15, i512 %input_pe3, i32 %reciprocal_rms_read, i480 %quantized_pe3, i32 %scale_pe3, i13 %idx3_read, i512 %model_norm_cache3" [source/int4_decoder_blocks.cpp:430]   --->   Operation 21 'call' 'call_ln430' <Predicate = true> <Delay = 0.00> <CoreType = "Generic">   --->   Core 0 '' <Latency = 0> <II = 1> <Delay = 1.00> <Generic> <Opcode : >

State 2 <SV = 1> <Delay = 0.00>
ST_2 : Operation 22 [1/2] (0.00ns)   --->   "%call_ln421 = call void @int4_rms_normalize_quantize_pe, i512 %input_pe0, i32 %reciprocal_rms_read, i480 %quantized_pe0, i32 %scale_pe0, i13 %idx_read, i512 %model_norm_cache0" [source/int4_decoder_blocks.cpp:421]   --->   Operation 22 'call' 'call_ln421' <Predicate = true> <Delay = 0.00> <CoreType = "Generic">   --->   Core 0 '' <Latency = 0> <II = 1> <Delay = 1.00> <Generic> <Opcode : >
ST_2 : Operation 23 [1/2] (0.00ns)   --->   "%call_ln424 = call void @int4_rms_normalize_quantize_pe.13, i512 %input_pe1, i32 %reciprocal_rms_read, i480 %quantized_pe1, i32 %scale_pe1, i13 %idx1_read, i512 %model_norm_cache1" [source/int4_decoder_blocks.cpp:424]   --->   Operation 23 'call' 'call_ln424' <Predicate = true> <Delay = 0.00> <CoreType = "Generic">   --->   Core 0 '' <Latency = 0> <II = 1> <Delay = 1.00> <Generic> <Opcode : >
ST_2 : Operation 24 [1/2] (0.00ns)   --->   "%call_ln427 = call void @int4_rms_normalize_quantize_pe.14, i512 %input_pe2, i32 %reciprocal_rms_read, i480 %quantized_pe2, i32 %scale_pe2, i13 %idx2_read, i512 %model_norm_cache2" [source/int4_decoder_blocks.cpp:427]   --->   Operation 24 'call' 'call_ln427' <Predicate = true> <Delay = 0.00> <CoreType = "Generic">   --->   Core 0 '' <Latency = 0> <II = 1> <Delay = 1.00> <Generic> <Opcode : >
ST_2 : Operation 25 [1/2] (0.00ns)   --->   "%call_ln430 = call void @int4_rms_normalize_quantize_pe.15, i512 %input_pe3, i32 %reciprocal_rms_read, i480 %quantized_pe3, i32 %scale_pe3, i13 %idx3_read, i512 %model_norm_cache3" [source/int4_decoder_blocks.cpp:430]   --->   Operation 25 'call' 'call_ln430' <Predicate = true> <Delay = 0.00> <CoreType = "Generic">   --->   Core 0 '' <Latency = 0> <II = 1> <Delay = 1.00> <Generic> <Opcode : >

State 3 <SV = 2> <Delay = 0.00>
ST_3 : Operation 26 [2/2] (0.00ns)   --->   "%call_ln433 = call void @int4_rms_gather_streams, i480 %quantized_pe0, i480 %quantized_pe1, i480 %quantized_pe2, i480 %quantized_pe3, i32 %scale_pe0, i32 %scale_pe1, i32 %scale_pe2, i32 %scale_pe3, i480 %quantized_stream, i32 %scale_stream" [source/int4_decoder_blocks.cpp:433]   --->   Operation 26 'call' 'call_ln433' <Predicate = true> <Delay = 0.00> <CoreType = "Generic">   --->   Core 0 '' <Latency = 0> <II = 1> <Delay = 1.00> <Generic> <Opcode : >

State 4 <SV = 3> <Delay = 0.00>
ST_4 : Operation 27 [1/1] (0.00ns)   --->   "%specdataflowpipeline_ln0 = specdataflowpipeline void @_ssdm_op_SpecDataflowPipeline, i32 4294967295, i32 1, void @empty_418"   --->   Operation 27 'specdataflowpipeline' 'specdataflowpipeline_ln0' <Predicate = true> <Delay = 0.00>
ST_4 : Operation 28 [1/1] (0.00ns)   --->   "%specmemcore_ln0 = specmemcore void @_ssdm_op_SpecMemCore, i32 %scale_stream, i64 666, i64 10, i64 18446744073709551615"   --->   Operation 28 'specmemcore' 'specmemcore_ln0' <Predicate = true> <Delay = 0.00>
ST_4 : Operation 29 [1/1] (0.00ns)   --->   "%specmemcore_ln0 = specmemcore void @_ssdm_op_SpecMemCore, i480 %quantized_stream, i64 666, i64 8, i64 18446744073709551615"   --->   Operation 29 'specmemcore' 'specmemcore_ln0' <Predicate = true> <Delay = 0.00>
ST_4 : Operation 30 [1/1] (0.00ns)   --->   "%specmemcore_ln0 = specmemcore void @_ssdm_op_SpecMemCore, i512 %input_pe0, i64 666, i64 22, i64 18446744073709551615"   --->   Operation 30 'specmemcore' 'specmemcore_ln0' <Predicate = true> <Delay = 0.00>
ST_4 : Operation 31 [1/1] (0.00ns)   --->   "%specmemcore_ln0 = specmemcore void @_ssdm_op_SpecMemCore, i512 %input_pe1, i64 666, i64 22, i64 18446744073709551615"   --->   Operation 31 'specmemcore' 'specmemcore_ln0' <Predicate = true> <Delay = 0.00>
ST_4 : Operation 32 [1/1] (0.00ns)   --->   "%specmemcore_ln0 = specmemcore void @_ssdm_op_SpecMemCore, i512 %input_pe2, i64 666, i64 22, i64 18446744073709551615"   --->   Operation 32 'specmemcore' 'specmemcore_ln0' <Predicate = true> <Delay = 0.00>
ST_4 : Operation 33 [1/1] (0.00ns)   --->   "%specmemcore_ln0 = specmemcore void @_ssdm_op_SpecMemCore, i512 %input_pe3, i64 666, i64 22, i64 18446744073709551615"   --->   Operation 33 'specmemcore' 'specmemcore_ln0' <Predicate = true> <Delay = 0.00>
ST_4 : Operation 34 [1/1] (0.00ns)   --->   "%specinterface_ln0 = specinterface void @_ssdm_op_SpecInterface, i32 %scale_stream, void @empty_447, i32 0, i32 0, void @empty_418, i32 0, i32 0, void @empty_418, void @empty_418, void @empty_418, i32 0, i32 0, i32 0, i32 0, void @empty_418, void @empty_418, i32 4294967295, i32 0"   --->   Operation 34 'specinterface' 'specinterface_ln0' <Predicate = true> <Delay = 0.00>
ST_4 : Operation 35 [1/1] (0.00ns)   --->   "%specinterface_ln0 = specinterface void @_ssdm_op_SpecInterface, i480 %quantized_stream, void @empty_447, i32 0, i32 0, void @empty_418, i32 0, i32 0, void @empty_418, void @empty_418, void @empty_418, i32 0, i32 0, i32 0, i32 0, void @empty_418, void @empty_418, i32 4294967295, i32 0"   --->   Operation 35 'specinterface' 'specinterface_ln0' <Predicate = true> <Delay = 0.00>
ST_4 : Operation 36 [1/1] (0.00ns)   --->   "%empty = specchannel i32 @_ssdm_op_SpecChannel, void @quantized_pe0_str, i32 1, void @p_str, void @p_str, i32 4, i32 4, i480 %quantized_pe0, i480 %quantized_pe0"   --->   Operation 36 'specchannel' 'empty' <Predicate = true> <Delay = 0.00>
ST_4 : Operation 37 [1/1] (0.00ns)   --->   "%specmemcore_ln416 = specmemcore void @_ssdm_op_SpecMemCore, i480 %quantized_pe0, i64 666, i64 8, i64 18446744073709551615" [source/int4_decoder_blocks.cpp:416]   --->   Operation 37 'specmemcore' 'specmemcore_ln416' <Predicate = true> <Delay = 0.00>
ST_4 : Operation 38 [1/1] (0.00ns)   --->   "%specinterface_ln0 = specinterface void @_ssdm_op_SpecInterface, i480 %quantized_pe0, void @empty_447, i32 0, i32 0, void @empty_418, i32 0, i32 0, void @empty_418, void @empty_418, void @empty_418, i32 0, i32 0, i32 0, i32 0, void @empty_418, void @empty_418, i32 4294967295, i32 0"   --->   Operation 38 'specinterface' 'specinterface_ln0' <Predicate = true> <Delay = 0.00>
ST_4 : Operation 39 [1/1] (0.00ns)   --->   "%empty_930 = specchannel i32 @_ssdm_op_SpecChannel, void @quantized_pe1_str, i32 1, void @p_str, void @p_str, i32 4, i32 4, i480 %quantized_pe1, i480 %quantized_pe1"   --->   Operation 39 'specchannel' 'empty_930' <Predicate = true> <Delay = 0.00>
ST_4 : Operation 40 [1/1] (0.00ns)   --->   "%specmemcore_ln417 = specmemcore void @_ssdm_op_SpecMemCore, i480 %quantized_pe1, i64 666, i64 8, i64 18446744073709551615" [source/int4_decoder_blocks.cpp:417]   --->   Operation 40 'specmemcore' 'specmemcore_ln417' <Predicate = true> <Delay = 0.00>
ST_4 : Operation 41 [1/1] (0.00ns)   --->   "%specinterface_ln0 = specinterface void @_ssdm_op_SpecInterface, i480 %quantized_pe1, void @empty_447, i32 0, i32 0, void @empty_418, i32 0, i32 0, void @empty_418, void @empty_418, void @empty_418, i32 0, i32 0, i32 0, i32 0, void @empty_418, void @empty_418, i32 4294967295, i32 0"   --->   Operation 41 'specinterface' 'specinterface_ln0' <Predicate = true> <Delay = 0.00>
ST_4 : Operation 42 [1/1] (0.00ns)   --->   "%empty_931 = specchannel i32 @_ssdm_op_SpecChannel, void @quantized_pe2_str, i32 1, void @p_str, void @p_str, i32 4, i32 4, i480 %quantized_pe2, i480 %quantized_pe2"   --->   Operation 42 'specchannel' 'empty_931' <Predicate = true> <Delay = 0.00>
ST_4 : Operation 43 [1/1] (0.00ns)   --->   "%specmemcore_ln418 = specmemcore void @_ssdm_op_SpecMemCore, i480 %quantized_pe2, i64 666, i64 8, i64 18446744073709551615" [source/int4_decoder_blocks.cpp:418]   --->   Operation 43 'specmemcore' 'specmemcore_ln418' <Predicate = true> <Delay = 0.00>
ST_4 : Operation 44 [1/1] (0.00ns)   --->   "%specinterface_ln0 = specinterface void @_ssdm_op_SpecInterface, i480 %quantized_pe2, void @empty_447, i32 0, i32 0, void @empty_418, i32 0, i32 0, void @empty_418, void @empty_418, void @empty_418, i32 0, i32 0, i32 0, i32 0, void @empty_418, void @empty_418, i32 4294967295, i32 0"   --->   Operation 44 'specinterface' 'specinterface_ln0' <Predicate = true> <Delay = 0.00>
ST_4 : Operation 45 [1/1] (0.00ns)   --->   "%empty_932 = specchannel i32 @_ssdm_op_SpecChannel, void @quantized_pe3_str, i32 1, void @p_str, void @p_str, i32 4, i32 4, i480 %quantized_pe3, i480 %quantized_pe3"   --->   Operation 45 'specchannel' 'empty_932' <Predicate = true> <Delay = 0.00>
ST_4 : Operation 46 [1/1] (0.00ns)   --->   "%specmemcore_ln419 = specmemcore void @_ssdm_op_SpecMemCore, i480 %quantized_pe3, i64 666, i64 8, i64 18446744073709551615" [source/int4_decoder_blocks.cpp:419]   --->   Operation 46 'specmemcore' 'specmemcore_ln419' <Predicate = true> <Delay = 0.00>
ST_4 : Operation 47 [1/1] (0.00ns)   --->   "%specinterface_ln0 = specinterface void @_ssdm_op_SpecInterface, i480 %quantized_pe3, void @empty_447, i32 0, i32 0, void @empty_418, i32 0, i32 0, void @empty_418, void @empty_418, void @empty_418, i32 0, i32 0, i32 0, i32 0, void @empty_418, void @empty_418, i32 4294967295, i32 0"   --->   Operation 47 'specinterface' 'specinterface_ln0' <Predicate = true> <Delay = 0.00>
ST_4 : Operation 48 [1/1] (0.00ns)   --->   "%empty_933 = specchannel i32 @_ssdm_op_SpecChannel, void @scale_pe0_str, i32 1, void @p_str, void @p_str, i32 4, i32 4, i32 %scale_pe0, i32 %scale_pe0"   --->   Operation 48 'specchannel' 'empty_933' <Predicate = true> <Delay = 0.00>
ST_4 : Operation 49 [1/1] (0.00ns)   --->   "%specinterface_ln0 = specinterface void @_ssdm_op_SpecInterface, i32 %scale_pe0, void @empty_447, i32 0, i32 0, void @empty_418, i32 0, i32 0, void @empty_418, void @empty_418, void @empty_418, i32 0, i32 0, i32 0, i32 0, void @empty_418, void @empty_418, i32 4294967295, i32 0"   --->   Operation 49 'specinterface' 'specinterface_ln0' <Predicate = true> <Delay = 0.00>
ST_4 : Operation 50 [1/1] (0.00ns)   --->   "%empty_934 = specchannel i32 @_ssdm_op_SpecChannel, void @scale_pe1_str, i32 1, void @p_str, void @p_str, i32 4, i32 4, i32 %scale_pe1, i32 %scale_pe1"   --->   Operation 50 'specchannel' 'empty_934' <Predicate = true> <Delay = 0.00>
ST_4 : Operation 51 [1/1] (0.00ns)   --->   "%specinterface_ln0 = specinterface void @_ssdm_op_SpecInterface, i32 %scale_pe1, void @empty_447, i32 0, i32 0, void @empty_418, i32 0, i32 0, void @empty_418, void @empty_418, void @empty_418, i32 0, i32 0, i32 0, i32 0, void @empty_418, void @empty_418, i32 4294967295, i32 0"   --->   Operation 51 'specinterface' 'specinterface_ln0' <Predicate = true> <Delay = 0.00>
ST_4 : Operation 52 [1/1] (0.00ns)   --->   "%empty_935 = specchannel i32 @_ssdm_op_SpecChannel, void @scale_pe2_str, i32 1, void @p_str, void @p_str, i32 4, i32 4, i32 %scale_pe2, i32 %scale_pe2"   --->   Operation 52 'specchannel' 'empty_935' <Predicate = true> <Delay = 0.00>
ST_4 : Operation 53 [1/1] (0.00ns)   --->   "%specinterface_ln0 = specinterface void @_ssdm_op_SpecInterface, i32 %scale_pe2, void @empty_447, i32 0, i32 0, void @empty_418, i32 0, i32 0, void @empty_418, void @empty_418, void @empty_418, i32 0, i32 0, i32 0, i32 0, void @empty_418, void @empty_418, i32 4294967295, i32 0"   --->   Operation 53 'specinterface' 'specinterface_ln0' <Predicate = true> <Delay = 0.00>
ST_4 : Operation 54 [1/1] (0.00ns)   --->   "%empty_936 = specchannel i32 @_ssdm_op_SpecChannel, void @scale_pe3_str, i32 1, void @p_str, void @p_str, i32 4, i32 4, i32 %scale_pe3, i32 %scale_pe3"   --->   Operation 54 'specchannel' 'empty_936' <Predicate = true> <Delay = 0.00>
ST_4 : Operation 55 [1/1] (0.00ns)   --->   "%specinterface_ln0 = specinterface void @_ssdm_op_SpecInterface, i32 %scale_pe3, void @empty_447, i32 0, i32 0, void @empty_418, i32 0, i32 0, void @empty_418, void @empty_418, void @empty_418, i32 0, i32 0, i32 0, i32 0, void @empty_418, void @empty_418, i32 4294967295, i32 0"   --->   Operation 55 'specinterface' 'specinterface_ln0' <Predicate = true> <Delay = 0.00>
ST_4 : Operation 56 [1/2] (0.00ns)   --->   "%call_ln433 = call void @int4_rms_gather_streams, i480 %quantized_pe0, i480 %quantized_pe1, i480 %quantized_pe2, i480 %quantized_pe3, i32 %scale_pe0, i32 %scale_pe1, i32 %scale_pe2, i32 %scale_pe3, i480 %quantized_stream, i32 %scale_stream" [source/int4_decoder_blocks.cpp:433]   --->   Operation 56 'call' 'call_ln433' <Predicate = true> <Delay = 0.00> <CoreType = "Generic">   --->   Core 0 '' <Latency = 0> <II = 1> <Delay = 1.00> <Generic> <Opcode : >
ST_4 : Operation 57 [1/1] (0.00ns)   --->   "%ret_ln438 = ret" [source/int4_decoder_blocks.cpp:438]   --->   Operation 57 'ret' 'ret_ln438' <Predicate = true> <Delay = 0.00>


============================================================
+ Verbose Summary: Binding
============================================================
STG Binding: 
---------------- STG Properties BEGIN ----------------
- Is combinational: 0
- Is one-state seq: 0
- Is datapath-only: 0
- Is pipelined: 0
- Is top level: 0
Port [ Return ] is wired: 1; IO mode=ap_ctrl_hs:ce=0
Port [ input_pe0]:  wired=1; compound=1; hidden=0; nouse=0; global=0; static=0; extern=0; dir=0; type=1; pingpong=0; private_global=0; MemPort=[13]; IO mode=ap_memory:ce=0
Port [ input_pe1]:  wired=1; compound=1; hidden=0; nouse=0; global=0; static=0; extern=0; dir=0; type=1; pingpong=0; private_global=0; MemPort=[13]; IO mode=ap_memory:ce=0
Port [ input_pe2]:  wired=1; compound=1; hidden=0; nouse=0; global=0; static=0; extern=0; dir=0; type=1; pingpong=0; private_global=0; MemPort=[13]; IO mode=ap_memory:ce=0
Port [ input_pe3]:  wired=1; compound=1; hidden=0; nouse=0; global=0; static=0; extern=0; dir=0; type=1; pingpong=0; private_global=0; MemPort=[13]; IO mode=ap_memory:ce=0
Port [ reciprocal_rms]:  wired=1; compound=0; hidden=0; nouse=0; global=0; static=0; extern=0; dir=0; type=0; pingpong=0; private_global=0; IO mode=ap_none:ce=0
Port [ quantized_stream]:  wired=1; compound=1; hidden=0; nouse=0; global=0; static=0; extern=0; dir=1; type=3; pingpong=0; private_global=0; IO mode=ap_fifo:ce=0
Port [ scale_stream]:  wired=1; compound=1; hidden=0; nouse=0; global=0; static=0; extern=0; dir=1; type=3; pingpong=0; private_global=0; IO mode=ap_fifo:ce=0
Port [ idx]:  wired=1; compound=0; hidden=0; nouse=0; global=0; static=0; extern=0; dir=0; type=0; pingpong=0; private_global=0; IO mode=ap_none:ce=0
Port [ idx1]:  wired=1; compound=0; hidden=0; nouse=0; global=0; static=0; extern=0; dir=0; type=0; pingpong=0; private_global=0; IO mode=ap_none:ce=0
Port [ idx2]:  wired=1; compound=0; hidden=0; nouse=0; global=0; static=0; extern=0; dir=0; type=0; pingpong=0; private_global=0; IO mode=ap_none:ce=0
Port [ idx3]:  wired=1; compound=0; hidden=0; nouse=0; global=0; static=0; extern=0; dir=0; type=0; pingpong=0; private_global=0; IO mode=ap_none:ce=0
Port [ model_norm_cache0]:  wired=1; compound=1; hidden=0; nouse=0; global=1; static=1; extern=0; dir=0; type=1; pingpong=0; private_global=0; MemPort=[1]; IO mode=ap_memory:ce=0
Port [ model_norm_cache1]:  wired=1; compound=1; hidden=0; nouse=0; global=1; static=1; extern=0; dir=0; type=1; pingpong=0; private_global=0; MemPort=[1]; IO mode=ap_memory:ce=0
Port [ model_norm_cache2]:  wired=1; compound=1; hidden=0; nouse=0; global=1; static=1; extern=0; dir=0; type=1; pingpong=0; private_global=0; MemPort=[1]; IO mode=ap_memory:ce=0
Port [ model_norm_cache3]:  wired=1; compound=1; hidden=0; nouse=0; global=1; static=1; extern=0; dir=0; type=1; pingpong=0; private_global=0; MemPort=[1]; IO mode=ap_memory:ce=0
---------------- STG Properties END ------------------

---------------- Datapath Model BEGIN ----------------

<LifeTime>
<method=bitvector/>
idx3_read                (read                ) [ 00100]
idx2_read                (read                ) [ 00100]
idx1_read                (read                ) [ 00100]
idx_read                 (read                ) [ 00100]
reciprocal_rms_read      (read                ) [ 00100]
quantized_pe0            (alloca              ) [ 01111]
quantized_pe1            (alloca              ) [ 01111]
quantized_pe2            (alloca              ) [ 01111]
quantized_pe3            (alloca              ) [ 01111]
scale_pe0                (alloca              ) [ 01111]
scale_pe1                (alloca              ) [ 01111]
scale_pe2                (alloca              ) [ 01111]
scale_pe3                (alloca              ) [ 01111]
call_ln421               (call                ) [ 00000]
call_ln424               (call                ) [ 00000]
call_ln427               (call                ) [ 00000]
call_ln430               (call                ) [ 00000]
specdataflowpipeline_ln0 (specdataflowpipeline) [ 00000]
specmemcore_ln0          (specmemcore         ) [ 00000]
specmemcore_ln0          (specmemcore         ) [ 00000]
specmemcore_ln0          (specmemcore         ) [ 00000]
specmemcore_ln0          (specmemcore         ) [ 00000]
specmemcore_ln0          (specmemcore         ) [ 00000]
specmemcore_ln0          (specmemcore         ) [ 00000]
specinterface_ln0        (specinterface       ) [ 00000]
specinterface_ln0        (specinterface       ) [ 00000]
empty                    (specchannel         ) [ 00000]
specmemcore_ln416        (specmemcore         ) [ 00000]
specinterface_ln0        (specinterface       ) [ 00000]
empty_930                (specchannel         ) [ 00000]
specmemcore_ln417        (specmemcore         ) [ 00000]
specinterface_ln0        (specinterface       ) [ 00000]
empty_931                (specchannel         ) [ 00000]
specmemcore_ln418        (specmemcore         ) [ 00000]
specinterface_ln0        (specinterface       ) [ 00000]
empty_932                (specchannel         ) [ 00000]
specmemcore_ln419        (specmemcore         ) [ 00000]
specinterface_ln0        (specinterface       ) [ 00000]
empty_933                (specchannel         ) [ 00000]
specinterface_ln0        (specinterface       ) [ 00000]
empty_934                (specchannel         ) [ 00000]
specinterface_ln0        (specinterface       ) [ 00000]
empty_935                (specchannel         ) [ 00000]
specinterface_ln0        (specinterface       ) [ 00000]
empty_936                (specchannel         ) [ 00000]
specinterface_ln0        (specinterface       ) [ 00000]
call_ln433               (call                ) [ 00000]
ret_ln438                (ret                 ) [ 00000]
</LifeTime>

<model>

<comp_list>
<comp id="0" class="1000" name="input_pe0">
<pin_list>
<pin id="1" dir="1" index="0" bw="1" slack="0"/>
</pin_list>
<bind>
<StgValue><ssdm name="input_pe0"/><MemPortTyVec>1 3 </MemPortTyVec>
</StgValue>
</bind>
</comp>

<comp id="2" class="1000" name="input_pe1">
<pin_list>
<pin id="3" dir="1" index="0" bw="1" slack="0"/>
</pin_list>
<bind>
<StgValue><ssdm name="input_pe1"/><MemPortTyVec>1 3 </MemPortTyVec>
</StgValue>
</bind>
</comp>

<comp id="4" class="1000" name="input_pe2">
<pin_list>
<pin id="5" dir="1" index="0" bw="1" slack="0"/>
</pin_list>
<bind>
<StgValue><ssdm name="input_pe2"/><MemPortTyVec>1 3 </MemPortTyVec>
</StgValue>
</bind>
</comp>

<comp id="6" class="1000" name="input_pe3">
<pin_list>
<pin id="7" dir="1" index="0" bw="1" slack="0"/>
</pin_list>
<bind>
<StgValue><ssdm name="input_pe3"/><MemPortTyVec>1 3 </MemPortTyVec>
</StgValue>
</bind>
</comp>

<comp id="8" class="1000" name="reciprocal_rms">
<pin_list>
<pin id="9" dir="1" index="0" bw="1" slack="0"/>
</pin_list>
<bind>
<StgValue><ssdm name="reciprocal_rms"/></StgValue>
</bind>
</comp>

<comp id="10" class="1000" name="quantized_stream">
<pin_list>
<pin id="11" dir="1" index="0" bw="1" slack="0"/>
</pin_list>
<bind>
<StgValue><ssdm name="quantized_stream"/></StgValue>
</bind>
</comp>

<comp id="12" class="1000" name="scale_stream">
<pin_list>
<pin id="13" dir="1" index="0" bw="1" slack="0"/>
</pin_list>
<bind>
<StgValue><ssdm name="scale_stream"/></StgValue>
</bind>
</comp>

<comp id="14" class="1000" name="idx">
<pin_list>
<pin id="15" dir="1" index="0" bw="1" slack="0"/>
</pin_list>
<bind>
<StgValue><ssdm name="idx"/></StgValue>
</bind>
</comp>

<comp id="16" class="1000" name="idx1">
<pin_list>
<pin id="17" dir="1" index="0" bw="1" slack="0"/>
</pin_list>
<bind>
<StgValue><ssdm name="idx1"/></StgValue>
</bind>
</comp>

<comp id="18" class="1000" name="idx2">
<pin_list>
<pin id="19" dir="1" index="0" bw="1" slack="0"/>
</pin_list>
<bind>
<StgValue><ssdm name="idx2"/></StgValue>
</bind>
</comp>

<comp id="20" class="1000" name="idx3">
<pin_list>
<pin id="21" dir="1" index="0" bw="1" slack="0"/>
</pin_list>
<bind>
<StgValue><ssdm name="idx3"/></StgValue>
</bind>
</comp>

<comp id="22" class="1000" name="model_norm_cache0">
<pin_list>
<pin id="23" dir="1" index="0" bw="1" slack="0"/>
</pin_list>
<bind>
<StgValue><ssdm name="model_norm_cache0"/><MemPortTyVec>1 </MemPortTyVec>
</StgValue>
</bind>
</comp>

<comp id="24" class="1000" name="model_norm_cache1">
<pin_list>
<pin id="25" dir="1" index="0" bw="1" slack="0"/>
</pin_list>
<bind>
<StgValue><ssdm name="model_norm_cache1"/><MemPortTyVec>1 </MemPortTyVec>
</StgValue>
</bind>
</comp>

<comp id="26" class="1000" name="model_norm_cache2">
<pin_list>
<pin id="27" dir="1" index="0" bw="1" slack="0"/>
</pin_list>
<bind>
<StgValue><ssdm name="model_norm_cache2"/><MemPortTyVec>1 </MemPortTyVec>
</StgValue>
</bind>
</comp>

<comp id="28" class="1000" name="model_norm_cache3">
<pin_list>
<pin id="29" dir="1" index="0" bw="1" slack="0"/>
</pin_list>
<bind>
<StgValue><ssdm name="model_norm_cache3"/><MemPortTyVec>1 </MemPortTyVec>
</StgValue>
</bind>
</comp>

<comp id="30" class="1001" name="const_30">
<pin_list>
<pin id="31" dir="1" index="0" bw="1" slack="0"/>
</pin_list>
<bind>
<StgValue><ssdm name="_ssdm_op_Read.ap_auto.i13"/></StgValue>
</bind>
</comp>

<comp id="32" class="1001" name="const_32">
<pin_list>
<pin id="33" dir="1" index="0" bw="1" slack="0"/>
</pin_list>
<bind>
<StgValue><ssdm name="_ssdm_op_Read.ap_auto.float"/></StgValue>
</bind>
</comp>

<comp id="34" class="1001" name="const_34">
<pin_list>
<pin id="35" dir="1" index="0" bw="1" slack="0"/>
</pin_list>
<bind>
<StgValue><ssdm name=""/></StgValue>
</bind>
</comp>

<comp id="36" class="1001" name="const_36">
<pin_list>
<pin id="37" dir="1" index="0" bw="1" slack="0"/>
</pin_list>
<bind>
<StgValue><ssdm name="int4_rms_normalize_quantize_pe"/></StgValue>
</bind>
</comp>

<comp id="38" class="1001" name="const_38">
<pin_list>
<pin id="39" dir="1" index="0" bw="1" slack="0"/>
</pin_list>
<bind>
<StgValue><ssdm name="int4_rms_normalize_quantize_pe.13"/></StgValue>
</bind>
</comp>

<comp id="40" class="1001" name="const_40">
<pin_list>
<pin id="41" dir="1" index="0" bw="1" slack="0"/>
</pin_list>
<bind>
<StgValue><ssdm name="int4_rms_normalize_quantize_pe.14"/></StgValue>
</bind>
</comp>

<comp id="42" class="1001" name="const_42">
<pin_list>
<pin id="43" dir="1" index="0" bw="1" slack="0"/>
</pin_list>
<bind>
<StgValue><ssdm name="int4_rms_normalize_quantize_pe.15"/></StgValue>
</bind>
</comp>

<comp id="44" class="1001" name="const_44">
<pin_list>
<pin id="45" dir="1" index="0" bw="1" slack="0"/>
</pin_list>
<bind>
<StgValue><ssdm name="int4_rms_gather_streams"/></StgValue>
</bind>
</comp>

<comp id="46" class="1001" name="const_46">
<pin_list>
<pin id="47" dir="1" index="0" bw="1" slack="2147483647"/>
</pin_list>
<bind>
<StgValue><ssdm name="_ssdm_op_SpecDataflowPipeline"/></StgValue>
</bind>
</comp>

<comp id="48" class="1001" name="const_48">
<pin_list>
<pin id="49" dir="1" index="0" bw="1" slack="2147483647"/>
</pin_list>
<bind>
<StgValue><ssdm name=""/></StgValue>
</bind>
</comp>

<comp id="50" class="1001" name="const_50">
<pin_list>
<pin id="51" dir="1" index="0" bw="1" slack="2147483647"/>
</pin_list>
<bind>
<StgValue><ssdm name=""/></StgValue>
</bind>
</comp>

<comp id="52" class="1001" name="const_52">
<pin_list>
<pin id="53" dir="1" index="0" bw="1" slack="2147483647"/>
</pin_list>
<bind>
<StgValue><ssdm name="empty_418"/></StgValue>
</bind>
</comp>

<comp id="54" class="1001" name="const_54">
<pin_list>
<pin id="55" dir="1" index="0" bw="1" slack="2147483647"/>
</pin_list>
<bind>
<StgValue><ssdm name="_ssdm_op_SpecMemCore"/></StgValue>
</bind>
</comp>

<comp id="56" class="1001" name="const_56">
<pin_list>
<pin id="57" dir="1" index="0" bw="1" slack="2147483647"/>
</pin_list>
<bind>
<StgValue><ssdm name=""/></StgValue>
</bind>
</comp>

<comp id="58" class="1001" name="const_58">
<pin_list>
<pin id="59" dir="1" index="0" bw="1" slack="2147483647"/>
</pin_list>
<bind>
<StgValue><ssdm name=""/></StgValue>
</bind>
</comp>

<comp id="60" class="1001" name="const_60">
<pin_list>
<pin id="61" dir="1" index="0" bw="1" slack="2147483647"/>
</pin_list>
<bind>
<StgValue><ssdm name=""/></StgValue>
</bind>
</comp>

<comp id="62" class="1001" name="const_62">
<pin_list>
<pin id="63" dir="1" index="0" bw="1" slack="2147483647"/>
</pin_list>
<bind>
<StgValue><ssdm name=""/></StgValue>
</bind>
</comp>

<comp id="64" class="1001" name="const_64">
<pin_list>
<pin id="65" dir="1" index="0" bw="1" slack="2147483647"/>
</pin_list>
<bind>
<StgValue><ssdm name=""/></StgValue>
</bind>
</comp>

<comp id="66" class="1001" name="const_66">
<pin_list>
<pin id="67" dir="1" index="0" bw="1" slack="2147483647"/>
</pin_list>
<bind>
<StgValue><ssdm name="_ssdm_op_SpecInterface"/></StgValue>
</bind>
</comp>

<comp id="68" class="1001" name="const_68">
<pin_list>
<pin id="69" dir="1" index="0" bw="1" slack="2147483647"/>
</pin_list>
<bind>
<StgValue><ssdm name="empty_447"/></StgValue>
</bind>
</comp>

<comp id="70" class="1001" name="const_70">
<pin_list>
<pin id="71" dir="1" index="0" bw="1" slack="2147483647"/>
</pin_list>
<bind>
<StgValue><ssdm name=""/></StgValue>
</bind>
</comp>

<comp id="72" class="1001" name="const_72">
<pin_list>
<pin id="73" dir="1" index="0" bw="1" slack="2147483647"/>
</pin_list>
<bind>
<StgValue><ssdm name="_ssdm_op_SpecChannel"/></StgValue>
</bind>
</comp>

<comp id="74" class="1001" name="const_74">
<pin_list>
<pin id="75" dir="1" index="0" bw="1" slack="2147483647"/>
</pin_list>
<bind>
<StgValue><ssdm name="quantized_pe0_str"/></StgValue>
</bind>
</comp>

<comp id="76" class="1001" name="const_76">
<pin_list>
<pin id="77" dir="1" index="0" bw="1" slack="2147483647"/>
</pin_list>
<bind>
<StgValue><ssdm name="p_str"/></StgValue>
</bind>
</comp>

<comp id="78" class="1001" name="const_78">
<pin_list>
<pin id="79" dir="1" index="0" bw="1" slack="2147483647"/>
</pin_list>
<bind>
<StgValue><ssdm name=""/></StgValue>
</bind>
</comp>

<comp id="80" class="1001" name="const_80">
<pin_list>
<pin id="81" dir="1" index="0" bw="1" slack="2147483647"/>
</pin_list>
<bind>
<StgValue><ssdm name="quantized_pe1_str"/></StgValue>
</bind>
</comp>

<comp id="82" class="1001" name="const_82">
<pin_list>
<pin id="83" dir="1" index="0" bw="1" slack="2147483647"/>
</pin_list>
<bind>
<StgValue><ssdm name="quantized_pe2_str"/></StgValue>
</bind>
</comp>

<comp id="84" class="1001" name="const_84">
<pin_list>
<pin id="85" dir="1" index="0" bw="1" slack="2147483647"/>
</pin_list>
<bind>
<StgValue><ssdm name="quantized_pe3_str"/></StgValue>
</bind>
</comp>

<comp id="86" class="1001" name="const_86">
<pin_list>
<pin id="87" dir="1" index="0" bw="1" slack="2147483647"/>
</pin_list>
<bind>
<StgValue><ssdm name="scale_pe0_str"/></StgValue>
</bind>
</comp>

<comp id="88" class="1001" name="const_88">
<pin_list>
<pin id="89" dir="1" index="0" bw="1" slack="2147483647"/>
</pin_list>
<bind>
<StgValue><ssdm name="scale_pe1_str"/></StgValue>
</bind>
</comp>

<comp id="90" class="1001" name="const_90">
<pin_list>
<pin id="91" dir="1" index="0" bw="1" slack="2147483647"/>
</pin_list>
<bind>
<StgValue><ssdm name="scale_pe2_str"/></StgValue>
</bind>
</comp>

<comp id="92" class="1001" name="const_92">
<pin_list>
<pin id="93" dir="1" index="0" bw="1" slack="2147483647"/>
</pin_list>
<bind>
<StgValue><ssdm name="scale_pe3_str"/></StgValue>
</bind>
</comp>

<comp id="94" class="1004" name="quantized_pe0_fu_94">
<pin_list>
<pin id="95" dir="0" index="0" bw="1" slack="0"/>
<pin id="96" dir="1" index="1" bw="480" slack="0"/>
</pin_list>
<bind>
<opcode="alloca(26) " fcode="alloca"/>
<opset="quantized_pe0/1 "/>
</bind>
</comp>

<comp id="98" class="1004" name="quantized_pe1_fu_98">
<pin_list>
<pin id="99" dir="0" index="0" bw="1" slack="0"/>
<pin id="100" dir="1" index="1" bw="480" slack="0"/>
</pin_list>
<bind>
<opcode="alloca(26) " fcode="alloca"/>
<opset="quantized_pe1/1 "/>
</bind>
</comp>

<comp id="102" class="1004" name="quantized_pe2_fu_102">
<pin_list>
<pin id="103" dir="0" index="0" bw="1" slack="0"/>
<pin id="104" dir="1" index="1" bw="480" slack="0"/>
</pin_list>
<bind>
<opcode="alloca(26) " fcode="alloca"/>
<opset="quantized_pe2/1 "/>
</bind>
</comp>

<comp id="106" class="1004" name="quantized_pe3_fu_106">
<pin_list>
<pin id="107" dir="0" index="0" bw="1" slack="0"/>
<pin id="108" dir="1" index="1" bw="480" slack="0"/>
</pin_list>
<bind>
<opcode="alloca(26) " fcode="alloca"/>
<opset="quantized_pe3/1 "/>
</bind>
</comp>

<comp id="110" class="1004" name="scale_pe0_fu_110">
<pin_list>
<pin id="111" dir="0" index="0" bw="1" slack="0"/>
<pin id="112" dir="1" index="1" bw="32" slack="0"/>
</pin_list>
<bind>
<opcode="alloca(26) " fcode="alloca"/>
<opset="scale_pe0/1 "/>
</bind>
</comp>

<comp id="114" class="1004" name="scale_pe1_fu_114">
<pin_list>
<pin id="115" dir="0" index="0" bw="1" slack="0"/>
<pin id="116" dir="1" index="1" bw="32" slack="0"/>
</pin_list>
<bind>
<opcode="alloca(26) " fcode="alloca"/>
<opset="scale_pe1/1 "/>
</bind>
</comp>

<comp id="118" class="1004" name="scale_pe2_fu_118">
<pin_list>
<pin id="119" dir="0" index="0" bw="1" slack="0"/>
<pin id="120" dir="1" index="1" bw="32" slack="0"/>
</pin_list>
<bind>
<opcode="alloca(26) " fcode="alloca"/>
<opset="scale_pe2/1 "/>
</bind>
</comp>

<comp id="122" class="1004" name="scale_pe3_fu_122">
<pin_list>
<pin id="123" dir="0" index="0" bw="1" slack="0"/>
<pin id="124" dir="1" index="1" bw="32" slack="0"/>
</pin_list>
<bind>
<opcode="alloca(26) " fcode="alloca"/>
<opset="scale_pe3/1 "/>
</bind>
</comp>

<comp id="126" class="1004" name="idx3_read_read_fu_126">
<pin_list>
<pin id="127" dir="0" index="0" bw="13" slack="0"/>
<pin id="128" dir="0" index="1" bw="13" slack="0"/>
<pin id="129" dir="1" index="2" bw="13" slack="0"/>
</pin_list>
<bind>
<opcode="read(1150) " fcode="read"/>
<opset="idx3_read/1 "/>
</bind>
</comp>

<comp id="132" class="1004" name="idx2_read_read_fu_132">
<pin_list>
<pin id="133" dir="0" index="0" bw="13" slack="0"/>
<pin id="134" dir="0" index="1" bw="13" slack="0"/>
<pin id="135" dir="1" index="2" bw="13" slack="0"/>
</pin_list>
<bind>
<opcode="read(1150) " fcode="read"/>
<opset="idx2_read/1 "/>
</bind>
</comp>

<comp id="138" class="1004" name="idx1_read_read_fu_138">
<pin_list>
<pin id="139" dir="0" index="0" bw="13" slack="0"/>
<pin id="140" dir="0" index="1" bw="13" slack="0"/>
<pin id="141" dir="1" index="2" bw="13" slack="0"/>
</pin_list>
<bind>
<opcode="read(1150) " fcode="read"/>
<opset="idx1_read/1 "/>
</bind>
</comp>

<comp id="144" class="1004" name="idx_read_read_fu_144">
<pin_list>
<pin id="145" dir="0" index="0" bw="13" slack="0"/>
<pin id="146" dir="0" index="1" bw="13" slack="0"/>
<pin id="147" dir="1" index="2" bw="13" slack="0"/>
</pin_list>
<bind>
<opcode="read(1150) " fcode="read"/>
<opset="idx_read/1 "/>
</bind>
</comp>

<comp id="150" class="1004" name="reciprocal_rms_read_read_fu_150">
<pin_list>
<pin id="151" dir="0" index="0" bw="32" slack="0"/>
<pin id="152" dir="0" index="1" bw="32" slack="0"/>
<pin id="153" dir="1" index="2" bw="32" slack="0"/>
</pin_list>
<bind>
<opcode="read(1150) " fcode="read"/>
<opset="reciprocal_rms_read/1 "/>
</bind>
</comp>

<comp id="156" class="1004" name="grp_int4_rms_normalize_quantize_pe_fu_156">
<pin_list>
<pin id="157" dir="0" index="0" bw="0" slack="0"/>
<pin id="158" dir="0" index="1" bw="512" slack="0"/>
<pin id="159" dir="0" index="2" bw="32" slack="0"/>
<pin id="160" dir="0" index="3" bw="480" slack="0"/>
<pin id="161" dir="0" index="4" bw="32" slack="0"/>
<pin id="162" dir="0" index="5" bw="13" slack="0"/>
<pin id="163" dir="0" index="6" bw="512" slack="0"/>
<pin id="164" dir="1" index="7" bw="0" slack="2147483647"/>
</pin_list>
<bind>
<opcode="call(48) " fcode="call"/>
<opset="call_ln421/1 "/>
</bind>
</comp>

<comp id="170" class="1004" name="grp_int4_rms_normalize_quantize_pe_13_fu_170">
<pin_list>
<pin id="171" dir="0" index="0" bw="0" slack="0"/>
<pin id="172" dir="0" index="1" bw="512" slack="0"/>
<pin id="173" dir="0" index="2" bw="32" slack="0"/>
<pin id="174" dir="0" index="3" bw="480" slack="0"/>
<pin id="175" dir="0" index="4" bw="32" slack="0"/>
<pin id="176" dir="0" index="5" bw="13" slack="0"/>
<pin id="177" dir="0" index="6" bw="512" slack="0"/>
<pin id="178" dir="1" index="7" bw="0" slack="2147483647"/>
</pin_list>
<bind>
<opcode="call(48) " fcode="call"/>
<opset="call_ln424/1 "/>
</bind>
</comp>

<comp id="184" class="1004" name="grp_int4_rms_normalize_quantize_pe_14_fu_184">
<pin_list>
<pin id="185" dir="0" index="0" bw="0" slack="0"/>
<pin id="186" dir="0" index="1" bw="512" slack="0"/>
<pin id="187" dir="0" index="2" bw="32" slack="0"/>
<pin id="188" dir="0" index="3" bw="480" slack="0"/>
<pin id="189" dir="0" index="4" bw="32" slack="0"/>
<pin id="190" dir="0" index="5" bw="13" slack="0"/>
<pin id="191" dir="0" index="6" bw="512" slack="0"/>
<pin id="192" dir="1" index="7" bw="0" slack="2147483647"/>
</pin_list>
<bind>
<opcode="call(48) " fcode="call"/>
<opset="call_ln427/1 "/>
</bind>
</comp>

<comp id="198" class="1004" name="grp_int4_rms_normalize_quantize_pe_15_fu_198">
<pin_list>
<pin id="199" dir="0" index="0" bw="0" slack="0"/>
<pin id="200" dir="0" index="1" bw="512" slack="0"/>
<pin id="201" dir="0" index="2" bw="32" slack="0"/>
<pin id="202" dir="0" index="3" bw="480" slack="0"/>
<pin id="203" dir="0" index="4" bw="32" slack="0"/>
<pin id="204" dir="0" index="5" bw="13" slack="0"/>
<pin id="205" dir="0" index="6" bw="512" slack="0"/>
<pin id="206" dir="1" index="7" bw="0" slack="2147483647"/>
</pin_list>
<bind>
<opcode="call(48) " fcode="call"/>
<opset="call_ln430/1 "/>
</bind>
</comp>

<comp id="212" class="1004" name="grp_int4_rms_gather_streams_fu_212">
<pin_list>
<pin id="213" dir="0" index="0" bw="0" slack="0"/>
<pin id="214" dir="0" index="1" bw="480" slack="2"/>
<pin id="215" dir="0" index="2" bw="480" slack="2"/>
<pin id="216" dir="0" index="3" bw="480" slack="2"/>
<pin id="217" dir="0" index="4" bw="480" slack="2"/>
<pin id="218" dir="0" index="5" bw="32" slack="2"/>
<pin id="219" dir="0" index="6" bw="32" slack="2"/>
<pin id="220" dir="0" index="7" bw="32" slack="2"/>
<pin id="221" dir="0" index="8" bw="32" slack="2"/>
<pin id="222" dir="0" index="9" bw="480" slack="0"/>
<pin id="223" dir="0" index="10" bw="32" slack="0"/>
<pin id="224" dir="1" index="11" bw="0" slack="2147483647"/>
</pin_list>
<bind>
<opcode="call(48) " fcode="call"/>
<opset="call_ln433/3 "/>
</bind>
</comp>

<comp id="228" class="1005" name="idx3_read_reg_228">
<pin_list>
<pin id="229" dir="0" index="0" bw="13" slack="1"/>
<pin id="230" dir="1" index="1" bw="13" slack="1"/>
</pin_list>
<bind>
<opset="idx3_read "/>
</bind>
</comp>

<comp id="233" class="1005" name="idx2_read_reg_233">
<pin_list>
<pin id="234" dir="0" index="0" bw="13" slack="1"/>
<pin id="235" dir="1" index="1" bw="13" slack="1"/>
</pin_list>
<bind>
<opset="idx2_read "/>
</bind>
</comp>

<comp id="238" class="1005" name="idx1_read_reg_238">
<pin_list>
<pin id="239" dir="0" index="0" bw="13" slack="1"/>
<pin id="240" dir="1" index="1" bw="13" slack="1"/>
</pin_list>
<bind>
<opset="idx1_read "/>
</bind>
</comp>

<comp id="243" class="1005" name="idx_read_reg_243">
<pin_list>
<pin id="244" dir="0" index="0" bw="13" slack="1"/>
<pin id="245" dir="1" index="1" bw="13" slack="1"/>
</pin_list>
<bind>
<opset="idx_read "/>
</bind>
</comp>

<comp id="248" class="1005" name="reciprocal_rms_read_reg_248">
<pin_list>
<pin id="249" dir="0" index="0" bw="32" slack="1"/>
<pin id="250" dir="1" index="1" bw="32" slack="1"/>
</pin_list>
<bind>
<opset="reciprocal_rms_read "/>
</bind>
</comp>

<comp id="256" class="1005" name="quantized_pe0_reg_256">
<pin_list>
<pin id="257" dir="0" index="0" bw="480" slack="0"/>
<pin id="258" dir="1" index="1" bw="480" slack="0"/>
</pin_list>
<bind>
<opset="quantized_pe0 "/>
</bind>
</comp>

<comp id="262" class="1005" name="quantized_pe1_reg_262">
<pin_list>
<pin id="263" dir="0" index="0" bw="480" slack="0"/>
<pin id="264" dir="1" index="1" bw="480" slack="0"/>
</pin_list>
<bind>
<opset="quantized_pe1 "/>
</bind>
</comp>

<comp id="268" class="1005" name="quantized_pe2_reg_268">
<pin_list>
<pin id="269" dir="0" index="0" bw="480" slack="0"/>
<pin id="270" dir="1" index="1" bw="480" slack="0"/>
</pin_list>
<bind>
<opset="quantized_pe2 "/>
</bind>
</comp>

<comp id="274" class="1005" name="quantized_pe3_reg_274">
<pin_list>
<pin id="275" dir="0" index="0" bw="480" slack="0"/>
<pin id="276" dir="1" index="1" bw="480" slack="0"/>
</pin_list>
<bind>
<opset="quantized_pe3 "/>
</bind>
</comp>

<comp id="280" class="1005" name="scale_pe0_reg_280">
<pin_list>
<pin id="281" dir="0" index="0" bw="32" slack="0"/>
<pin id="282" dir="1" index="1" bw="32" slack="0"/>
</pin_list>
<bind>
<opset="scale_pe0 "/>
</bind>
</comp>

<comp id="286" class="1005" name="scale_pe1_reg_286">
<pin_list>
<pin id="287" dir="0" index="0" bw="32" slack="0"/>
<pin id="288" dir="1" index="1" bw="32" slack="0"/>
</pin_list>
<bind>
<opset="scale_pe1 "/>
</bind>
</comp>

<comp id="292" class="1005" name="scale_pe2_reg_292">
<pin_list>
<pin id="293" dir="0" index="0" bw="32" slack="0"/>
<pin id="294" dir="1" index="1" bw="32" slack="0"/>
</pin_list>
<bind>
<opset="scale_pe2 "/>
</bind>
</comp>

<comp id="298" class="1005" name="scale_pe3_reg_298">
<pin_list>
<pin id="299" dir="0" index="0" bw="32" slack="0"/>
<pin id="300" dir="1" index="1" bw="32" slack="0"/>
</pin_list>
<bind>
<opset="scale_pe3 "/>
</bind>
</comp>

</comp_list>

<net_list>
<net id="97"><net_src comp="34" pin="0"/><net_sink comp="94" pin=0"/></net>

<net id="101"><net_src comp="34" pin="0"/><net_sink comp="98" pin=0"/></net>

<net id="105"><net_src comp="34" pin="0"/><net_sink comp="102" pin=0"/></net>

<net id="109"><net_src comp="34" pin="0"/><net_sink comp="106" pin=0"/></net>

<net id="113"><net_src comp="34" pin="0"/><net_sink comp="110" pin=0"/></net>

<net id="117"><net_src comp="34" pin="0"/><net_sink comp="114" pin=0"/></net>

<net id="121"><net_src comp="34" pin="0"/><net_sink comp="118" pin=0"/></net>

<net id="125"><net_src comp="34" pin="0"/><net_sink comp="122" pin=0"/></net>

<net id="130"><net_src comp="30" pin="0"/><net_sink comp="126" pin=0"/></net>

<net id="131"><net_src comp="20" pin="0"/><net_sink comp="126" pin=1"/></net>

<net id="136"><net_src comp="30" pin="0"/><net_sink comp="132" pin=0"/></net>

<net id="137"><net_src comp="18" pin="0"/><net_sink comp="132" pin=1"/></net>

<net id="142"><net_src comp="30" pin="0"/><net_sink comp="138" pin=0"/></net>

<net id="143"><net_src comp="16" pin="0"/><net_sink comp="138" pin=1"/></net>

<net id="148"><net_src comp="30" pin="0"/><net_sink comp="144" pin=0"/></net>

<net id="149"><net_src comp="14" pin="0"/><net_sink comp="144" pin=1"/></net>

<net id="154"><net_src comp="32" pin="0"/><net_sink comp="150" pin=0"/></net>

<net id="155"><net_src comp="8" pin="0"/><net_sink comp="150" pin=1"/></net>

<net id="165"><net_src comp="36" pin="0"/><net_sink comp="156" pin=0"/></net>

<net id="166"><net_src comp="0" pin="0"/><net_sink comp="156" pin=1"/></net>

<net id="167"><net_src comp="150" pin="2"/><net_sink comp="156" pin=2"/></net>

<net id="168"><net_src comp="144" pin="2"/><net_sink comp="156" pin=5"/></net>

<net id="169"><net_src comp="22" pin="0"/><net_sink comp="156" pin=6"/></net>

<net id="179"><net_src comp="38" pin="0"/><net_sink comp="170" pin=0"/></net>

<net id="180"><net_src comp="2" pin="0"/><net_sink comp="170" pin=1"/></net>

<net id="181"><net_src comp="150" pin="2"/><net_sink comp="170" pin=2"/></net>

<net id="182"><net_src comp="138" pin="2"/><net_sink comp="170" pin=5"/></net>

<net id="183"><net_src comp="24" pin="0"/><net_sink comp="170" pin=6"/></net>

<net id="193"><net_src comp="40" pin="0"/><net_sink comp="184" pin=0"/></net>

<net id="194"><net_src comp="4" pin="0"/><net_sink comp="184" pin=1"/></net>

<net id="195"><net_src comp="150" pin="2"/><net_sink comp="184" pin=2"/></net>

<net id="196"><net_src comp="132" pin="2"/><net_sink comp="184" pin=5"/></net>

<net id="197"><net_src comp="26" pin="0"/><net_sink comp="184" pin=6"/></net>

<net id="207"><net_src comp="42" pin="0"/><net_sink comp="198" pin=0"/></net>

<net id="208"><net_src comp="6" pin="0"/><net_sink comp="198" pin=1"/></net>

<net id="209"><net_src comp="150" pin="2"/><net_sink comp="198" pin=2"/></net>

<net id="210"><net_src comp="126" pin="2"/><net_sink comp="198" pin=5"/></net>

<net id="211"><net_src comp="28" pin="0"/><net_sink comp="198" pin=6"/></net>

<net id="225"><net_src comp="44" pin="0"/><net_sink comp="212" pin=0"/></net>

<net id="226"><net_src comp="10" pin="0"/><net_sink comp="212" pin=9"/></net>

<net id="227"><net_src comp="12" pin="0"/><net_sink comp="212" pin=10"/></net>

<net id="231"><net_src comp="126" pin="2"/><net_sink comp="228" pin=0"/></net>

<net id="232"><net_src comp="228" pin="1"/><net_sink comp="198" pin=5"/></net>

<net id="236"><net_src comp="132" pin="2"/><net_sink comp="233" pin=0"/></net>

<net id="237"><net_src comp="233" pin="1"/><net_sink comp="184" pin=5"/></net>

<net id="241"><net_src comp="138" pin="2"/><net_sink comp="238" pin=0"/></net>

<net id="242"><net_src comp="238" pin="1"/><net_sink comp="170" pin=5"/></net>

<net id="246"><net_src comp="144" pin="2"/><net_sink comp="243" pin=0"/></net>

<net id="247"><net_src comp="243" pin="1"/><net_sink comp="156" pin=5"/></net>

<net id="251"><net_src comp="150" pin="2"/><net_sink comp="248" pin=0"/></net>

<net id="252"><net_src comp="248" pin="1"/><net_sink comp="156" pin=2"/></net>

<net id="253"><net_src comp="248" pin="1"/><net_sink comp="170" pin=2"/></net>

<net id="254"><net_src comp="248" pin="1"/><net_sink comp="184" pin=2"/></net>

<net id="255"><net_src comp="248" pin="1"/><net_sink comp="198" pin=2"/></net>

<net id="259"><net_src comp="94" pin="1"/><net_sink comp="256" pin=0"/></net>

<net id="260"><net_src comp="256" pin="1"/><net_sink comp="156" pin=3"/></net>

<net id="261"><net_src comp="256" pin="1"/><net_sink comp="212" pin=1"/></net>

<net id="265"><net_src comp="98" pin="1"/><net_sink comp="262" pin=0"/></net>

<net id="266"><net_src comp="262" pin="1"/><net_sink comp="170" pin=3"/></net>

<net id="267"><net_src comp="262" pin="1"/><net_sink comp="212" pin=2"/></net>

<net id="271"><net_src comp="102" pin="1"/><net_sink comp="268" pin=0"/></net>

<net id="272"><net_src comp="268" pin="1"/><net_sink comp="184" pin=3"/></net>

<net id="273"><net_src comp="268" pin="1"/><net_sink comp="212" pin=3"/></net>

<net id="277"><net_src comp="106" pin="1"/><net_sink comp="274" pin=0"/></net>

<net id="278"><net_src comp="274" pin="1"/><net_sink comp="198" pin=3"/></net>

<net id="279"><net_src comp="274" pin="1"/><net_sink comp="212" pin=4"/></net>

<net id="283"><net_src comp="110" pin="1"/><net_sink comp="280" pin=0"/></net>

<net id="284"><net_src comp="280" pin="1"/><net_sink comp="156" pin=4"/></net>

<net id="285"><net_src comp="280" pin="1"/><net_sink comp="212" pin=5"/></net>

<net id="289"><net_src comp="114" pin="1"/><net_sink comp="286" pin=0"/></net>

<net id="290"><net_src comp="286" pin="1"/><net_sink comp="170" pin=4"/></net>

<net id="291"><net_src comp="286" pin="1"/><net_sink comp="212" pin=6"/></net>

<net id="295"><net_src comp="118" pin="1"/><net_sink comp="292" pin=0"/></net>

<net id="296"><net_src comp="292" pin="1"/><net_sink comp="184" pin=4"/></net>

<net id="297"><net_src comp="292" pin="1"/><net_sink comp="212" pin=7"/></net>

<net id="301"><net_src comp="122" pin="1"/><net_sink comp="298" pin=0"/></net>

<net id="302"><net_src comp="298" pin="1"/><net_sink comp="198" pin=4"/></net>

<net id="303"><net_src comp="298" pin="1"/><net_sink comp="212" pin=8"/></net>

</net_list>

</model> 
---------------- Datapath Model END ------------------

* FSMD analyzer results:
  - Output states:
	Port: quantized_stream | {3 4 }
	Port: scale_stream | {3 4 }
 - Input state : 
	Port: int4_rms_normalize_quantize_four_pes_stream : input_pe0 | {1 2 }
	Port: int4_rms_normalize_quantize_four_pes_stream : input_pe1 | {1 2 }
	Port: int4_rms_normalize_quantize_four_pes_stream : input_pe2 | {1 2 }
	Port: int4_rms_normalize_quantize_four_pes_stream : input_pe3 | {1 2 }
	Port: int4_rms_normalize_quantize_four_pes_stream : reciprocal_rms | {1 }
	Port: int4_rms_normalize_quantize_four_pes_stream : idx | {1 }
	Port: int4_rms_normalize_quantize_four_pes_stream : idx1 | {1 }
	Port: int4_rms_normalize_quantize_four_pes_stream : idx2 | {1 }
	Port: int4_rms_normalize_quantize_four_pes_stream : idx3 | {1 }
	Port: int4_rms_normalize_quantize_four_pes_stream : model_norm_cache0 | {1 2 }
	Port: int4_rms_normalize_quantize_four_pes_stream : model_norm_cache1 | {1 2 }
	Port: int4_rms_normalize_quantize_four_pes_stream : model_norm_cache2 | {1 2 }
	Port: int4_rms_normalize_quantize_four_pes_stream : model_norm_cache3 | {1 2 }
  - Chain level:
	State 1
		call_ln421 : 1
		call_ln424 : 1
		call_ln427 : 1
		call_ln430 : 1
	State 2
	State 3
	State 4


============================================================
+ Verbose Summary: Datapath Resource usage 
============================================================

* Functional unit list:
|----------|----------------------------------------------|---------|---------|---------|---------|---------|
| Operation|                Functional Unit               |   BRAM  |   DSP   |  Delay  |    FF   |   LUT   |
|----------|----------------------------------------------|---------|---------|---------|---------|---------|
|          |   grp_int4_rms_normalize_quantize_pe_fu_156  |    1    |    14   |  3.096  |   3203  |   1564  |
|          | grp_int4_rms_normalize_quantize_pe_13_fu_170 |    1    |    14   |  3.096  |   3203  |   1564  |
|   call   | grp_int4_rms_normalize_quantize_pe_14_fu_184 |    1    |    14   |  3.096  |   3203  |   1564  |
|          | grp_int4_rms_normalize_quantize_pe_15_fu_198 |    1    |    14   |  3.096  |   3203  |   1564  |
|          |      grp_int4_rms_gather_streams_fu_212      |    0    |    0    |    0    |   2584  |   107   |
|----------|----------------------------------------------|---------|---------|---------|---------|---------|
|          |             idx3_read_read_fu_126            |    0    |    0    |    0    |    0    |    0    |
|          |             idx2_read_read_fu_132            |    0    |    0    |    0    |    0    |    0    |
|   read   |             idx1_read_read_fu_138            |    0    |    0    |    0    |    0    |    0    |
|          |             idx_read_read_fu_144             |    0    |    0    |    0    |    0    |    0    |
|          |        reciprocal_rms_read_read_fu_150       |    0    |    0    |    0    |    0    |    0    |
|----------|----------------------------------------------|---------|---------|---------|---------|---------|
|   Total  |                                              |    4    |    56   |  12.384 |  15396  |   6363  |
|----------|----------------------------------------------|---------|---------|---------|---------|---------|

Memories:
N/A

* Register list:
+---------------------------+--------+
|                           |   FF   |
+---------------------------+--------+
|     idx1_read_reg_238     |   13   |
|     idx2_read_reg_233     |   13   |
|     idx3_read_reg_228     |   13   |
|      idx_read_reg_243     |   13   |
|   quantized_pe0_reg_256   |   480  |
|   quantized_pe1_reg_262   |   480  |
|   quantized_pe2_reg_268   |   480  |
|   quantized_pe3_reg_274   |   480  |
|reciprocal_rms_read_reg_248|   32   |
|     scale_pe0_reg_280     |   32   |
|     scale_pe1_reg_286     |   32   |
|     scale_pe2_reg_292     |   32   |
|     scale_pe3_reg_298     |   32   |
+---------------------------+--------+
|           Total           |  2132  |
+---------------------------+--------+

* Multiplexer (MUX) list: 
|----------------------------------------------|------|------|------|--------||---------||---------|
|                     Comp                     |  Pin | Size |  BW  | S x BW ||  Delay  ||   LUT   |
|----------------------------------------------|------|------|------|--------||---------||---------|
|   grp_int4_rms_normalize_quantize_pe_fu_156  |  p2  |   2  |  32  |   64   ||    9    |
|   grp_int4_rms_normalize_quantize_pe_fu_156  |  p5  |   2  |  13  |   26   ||    9    |
| grp_int4_rms_normalize_quantize_pe_13_fu_170 |  p2  |   2  |  32  |   64   ||    9    |
| grp_int4_rms_normalize_quantize_pe_13_fu_170 |  p5  |   2  |  13  |   26   ||    9    |
| grp_int4_rms_normalize_quantize_pe_14_fu_184 |  p2  |   2  |  32  |   64   ||    9    |
| grp_int4_rms_normalize_quantize_pe_14_fu_184 |  p5  |   2  |  13  |   26   ||    9    |
| grp_int4_rms_normalize_quantize_pe_15_fu_198 |  p2  |   2  |  32  |   64   ||    9    |
| grp_int4_rms_normalize_quantize_pe_15_fu_198 |  p5  |   2  |  13  |   26   ||    9    |
|----------------------------------------------|------|------|------|--------||---------||---------|
|                     Total                    |      |      |      |   360  ||  3.096  ||    72   |
|----------------------------------------------|------|------|------|--------||---------||---------|



* Summary:
+-----------+--------+--------+--------+--------+--------+
|           |  BRAM  |   DSP  |  Delay |   FF   |   LUT  |
+-----------+--------+--------+--------+--------+--------+
|  Function |    4   |   56   |   12   |  15396 |  6363  |
|   Memory  |    -   |    -   |    -   |    -   |    -   |
|Multiplexer|    -   |    -   |    3   |    -   |   72   |
|  Register |    -   |    -   |    -   |  2132  |    -   |
+-----------+--------+--------+--------+--------+--------+
|   Total   |    4   |   56   |   15   |  17528 |  6435  |
+-----------+--------+--------+--------+--------+--------+
