

================================================================
== Vitis HLS Report for 'int4_broadcast_linear_commands'
================================================================
* Date:           Tue Aug 11 09:17:19 2026

* Version:        2023.2 (Build 4023990 on Oct 11 2023)
* Project:        proj_int4_decoder_xo
* Solution:       solution1 (Vitis Kernel Flow Target)
* Product family: virtexuplus
* Target device:  xcu250-figd2104-2L-e


================================================================
== Performance Estimates
================================================================
+ Timing: 
    * Summary: 
    +--------+---------+----------+------------+
    |  Clock |  Target | Estimated| Uncertainty|
    +--------+---------+----------+------------+
    |ap_clk  |  3.33 ns|  1.217 ns|     0.90 ns|
    +--------+---------+----------+------------+

+ Latency: 
    * Summary: 
    +---------+---------+----------+----------+-----+-----+---------+
    |  Latency (cycles) |  Latency (absolute) |  Interval | Pipeline|
    |   min   |   max   |    min   |    max   | min | max |   Type  |
    +---------+---------+----------+----------+-----+-----+---------+
    |        0|        0|      0 ns|      0 ns|    0|    0|       no|
    +---------+---------+----------+----------+-----+-----+---------+

    + Detail: 
        * Instance: 
        N/A

        * Loop: 
        N/A

============================================================
+ Verbose Summary: Synthesis Manager
============================================================
InlineROM: 1
ExposeGlobal: 0
============================================================
+ Verbose Summary: CDFG Model
============================================================
IsTopModel: 0
ResetActiveHigh: 1
IsCombinational: 2
IsDatapathOnly: 0
HasWiredReturn: 1
HasMFsm: 0
HasVarLatency: 0
IsPipeline: 0
IsRtlPipelined: 0
IsInstanceOverlapped: 0
IsDontTouch: 0
HasImplIP: 0
IsGatedGlobalClock: 0


============================================================
+ Verbose Summary: Schedule
============================================================
* Number of FSM states : 1
* Pipeline : 0
* Dataflow Pipeline: 0

* FSM state transitions: 
1 --> 

* FSM state operations: 

State 1 <SV = 0> <Delay = 1.21>
ST_1 : Operation 2 [1/1] (0.00ns)   --->   "%specmemcore_ln0 = specmemcore void @_ssdm_op_SpecMemCore, i14 %linear_command_pe3, i64 666, i64 10, i64 18446744073709551615"   --->   Operation 2 'specmemcore' 'specmemcore_ln0' <Predicate = true> <Delay = 0.00>
ST_1 : Operation 3 [1/1] (0.00ns)   --->   "%specmemcore_ln0 = specmemcore void @_ssdm_op_SpecMemCore, i14 %linear_command_pe2, i64 666, i64 10, i64 18446744073709551615"   --->   Operation 3 'specmemcore' 'specmemcore_ln0' <Predicate = true> <Delay = 0.00>
ST_1 : Operation 4 [1/1] (0.00ns)   --->   "%specmemcore_ln0 = specmemcore void @_ssdm_op_SpecMemCore, i14 %linear_command_pe1, i64 666, i64 10, i64 18446744073709551615"   --->   Operation 4 'specmemcore' 'specmemcore_ln0' <Predicate = true> <Delay = 0.00>
ST_1 : Operation 5 [1/1] (0.00ns)   --->   "%specmemcore_ln0 = specmemcore void @_ssdm_op_SpecMemCore, i14 %linear_command_pe0, i64 666, i64 10, i64 18446744073709551615"   --->   Operation 5 'specmemcore' 'specmemcore_ln0' <Predicate = true> <Delay = 0.00>
ST_1 : Operation 6 [1/1] (0.00ns)   --->   "%specinterface_ln0 = specinterface void @_ssdm_op_SpecInterface, i14 %linear_command_pe3, void @empty_447, i32 0, i32 0, void @empty_418, i32 0, i32 0, void @empty_418, void @empty_418, void @empty_418, i32 0, i32 0, i32 0, i32 0, void @empty_418, void @empty_418, i32 4294967295, i32 0"   --->   Operation 6 'specinterface' 'specinterface_ln0' <Predicate = true> <Delay = 0.00>
ST_1 : Operation 7 [1/1] (0.00ns)   --->   "%specinterface_ln0 = specinterface void @_ssdm_op_SpecInterface, i14 %linear_command_pe2, void @empty_447, i32 0, i32 0, void @empty_418, i32 0, i32 0, void @empty_418, void @empty_418, void @empty_418, i32 0, i32 0, i32 0, i32 0, void @empty_418, void @empty_418, i32 4294967295, i32 0"   --->   Operation 7 'specinterface' 'specinterface_ln0' <Predicate = true> <Delay = 0.00>
ST_1 : Operation 8 [1/1] (0.00ns)   --->   "%specinterface_ln0 = specinterface void @_ssdm_op_SpecInterface, i14 %linear_command_pe1, void @empty_447, i32 0, i32 0, void @empty_418, i32 0, i32 0, void @empty_418, void @empty_418, void @empty_418, i32 0, i32 0, i32 0, i32 0, void @empty_418, void @empty_418, i32 4294967295, i32 0"   --->   Operation 8 'specinterface' 'specinterface_ln0' <Predicate = true> <Delay = 0.00>
ST_1 : Operation 9 [1/1] (0.00ns)   --->   "%specinterface_ln0 = specinterface void @_ssdm_op_SpecInterface, i14 %linear_command_pe0, void @empty_447, i32 0, i32 0, void @empty_418, i32 0, i32 0, void @empty_418, void @empty_418, void @empty_418, i32 0, i32 0, i32 0, i32 0, void @empty_418, void @empty_418, i32 4294967295, i32 0"   --->   Operation 9 'specinterface' 'specinterface_ln0' <Predicate = true> <Delay = 0.00>
ST_1 : Operation 10 [1/1] (0.00ns)   --->   "%fuse_residual_read = read i1 @_ssdm_op_Read.ap_auto.i1, i1 %fuse_residual" [source/int4_linear_controller.cpp:792]   --->   Operation 10 'read' 'fuse_residual_read' <Predicate = true> <Delay = 0.00>
ST_1 : Operation 11 [1/1] (0.00ns)   --->   "%output_fxp_read = read i1 @_ssdm_op_Read.ap_auto.i1, i1 %output_fxp" [source/int4_linear_controller.cpp:792]   --->   Operation 11 'read' 'output_fxp_read' <Predicate = true> <Delay = 0.00>
ST_1 : Operation 12 [1/1] (0.00ns)   --->   "%input_tiles_read = read i6 @_ssdm_op_Read.ap_auto.i6, i6 %input_tiles" [source/int4_linear_controller.cpp:792]   --->   Operation 12 'read' 'input_tiles_read' <Predicate = true> <Delay = 0.00>
ST_1 : Operation 13 [1/1] (0.00ns)   --->   "%local_tiles_3_read = read i6 @_ssdm_op_Read.ap_auto.i6, i6 %local_tiles_3" [source/int4_linear_controller.cpp:792]   --->   Operation 13 'read' 'local_tiles_3_read' <Predicate = true> <Delay = 0.00>
ST_1 : Operation 14 [1/1] (0.00ns)   --->   "%local_tiles_2_read = read i6 @_ssdm_op_Read.ap_auto.i6, i6 %local_tiles_2" [source/int4_linear_controller.cpp:792]   --->   Operation 14 'read' 'local_tiles_2_read' <Predicate = true> <Delay = 0.00>
ST_1 : Operation 15 [1/1] (0.00ns)   --->   "%local_tiles_1_read = read i6 @_ssdm_op_Read.ap_auto.i6, i6 %local_tiles_1" [source/int4_linear_controller.cpp:792]   --->   Operation 15 'read' 'local_tiles_1_read' <Predicate = true> <Delay = 0.00>
ST_1 : Operation 16 [1/1] (0.00ns)   --->   "%local_tiles_0_read = read i6 @_ssdm_op_Read.ap_auto.i6, i6 %local_tiles_0" [source/int4_linear_controller.cpp:792]   --->   Operation 16 'read' 'local_tiles_0_read' <Predicate = true> <Delay = 0.00>
ST_1 : Operation 17 [1/1] (0.00ns)   --->   "%command = bitconcatenate i14 @_ssdm_op_BitConcatenate.i14.i1.i1.i6.i6, i1 %fuse_residual_read, i1 %output_fxp_read, i6 %input_tiles_read, i6 %local_tiles_0_read" [source/int4_linear_controller.cpp:787->source/int4_linear_controller.cpp:805]   --->   Operation 17 'bitconcatenate' 'command' <Predicate = true> <Delay = 0.00>
ST_1 : Operation 18 [1/1] (1.21ns)   --->   "%write_ln805 = write void @_ssdm_op_Write.ap_fifo.volatile.i14P0A, i14 %linear_command_pe0, i14 %command" [source/int4_linear_controller.cpp:805]   --->   Operation 18 'write' 'write_ln805' <Predicate = true> <Delay = 1.21> <CoreInst = "FIFO_SRL">   --->   Core 81 'FIFO_SRL' <Latency = 0> <II = 1> <Delay = 1.34> <Storage> <Opcode : 'read' 'write' 'nbread' 'nbwrite'> <Ports = 0> <Width = 14> <Depth = 2> <FIFO>
ST_1 : Operation 19 [1/1] (0.00ns)   --->   "%command_1 = bitconcatenate i14 @_ssdm_op_BitConcatenate.i14.i1.i1.i6.i6, i1 %fuse_residual_read, i1 %output_fxp_read, i6 %input_tiles_read, i6 %local_tiles_1_read" [source/int4_linear_controller.cpp:787->source/int4_linear_controller.cpp:807]   --->   Operation 19 'bitconcatenate' 'command_1' <Predicate = true> <Delay = 0.00>
ST_1 : Operation 20 [1/1] (1.21ns)   --->   "%write_ln807 = write void @_ssdm_op_Write.ap_fifo.volatile.i14P0A, i14 %linear_command_pe1, i14 %command_1" [source/int4_linear_controller.cpp:807]   --->   Operation 20 'write' 'write_ln807' <Predicate = true> <Delay = 1.21> <CoreInst = "FIFO_SRL">   --->   Core 81 'FIFO_SRL' <Latency = 0> <II = 1> <Delay = 1.34> <Storage> <Opcode : 'read' 'write' 'nbread' 'nbwrite'> <Ports = 0> <Width = 14> <Depth = 2> <FIFO>
ST_1 : Operation 21 [1/1] (0.00ns)   --->   "%command_2 = bitconcatenate i14 @_ssdm_op_BitConcatenate.i14.i1.i1.i6.i6, i1 %fuse_residual_read, i1 %output_fxp_read, i6 %input_tiles_read, i6 %local_tiles_2_read" [source/int4_linear_controller.cpp:787->source/int4_linear_controller.cpp:809]   --->   Operation 21 'bitconcatenate' 'command_2' <Predicate = true> <Delay = 0.00>
ST_1 : Operation 22 [1/1] (1.21ns)   --->   "%write_ln809 = write void @_ssdm_op_Write.ap_fifo.volatile.i14P0A, i14 %linear_command_pe2, i14 %command_2" [source/int4_linear_controller.cpp:809]   --->   Operation 22 'write' 'write_ln809' <Predicate = true> <Delay = 1.21> <CoreInst = "FIFO_SRL">   --->   Core 81 'FIFO_SRL' <Latency = 0> <II = 1> <Delay = 1.34> <Storage> <Opcode : 'read' 'write' 'nbread' 'nbwrite'> <Ports = 0> <Width = 14> <Depth = 2> <FIFO>
ST_1 : Operation 23 [1/1] (0.00ns)   --->   "%command_3 = bitconcatenate i14 @_ssdm_op_BitConcatenate.i14.i1.i1.i6.i6, i1 %fuse_residual_read, i1 %output_fxp_read, i6 %input_tiles_read, i6 %local_tiles_3_read" [source/int4_linear_controller.cpp:787->source/int4_linear_controller.cpp:811]   --->   Operation 23 'bitconcatenate' 'command_3' <Predicate = true> <Delay = 0.00>
ST_1 : Operation 24 [1/1] (1.21ns)   --->   "%write_ln811 = write void @_ssdm_op_Write.ap_fifo.volatile.i14P0A, i14 %linear_command_pe3, i14 %command_3" [source/int4_linear_controller.cpp:811]   --->   Operation 24 'write' 'write_ln811' <Predicate = true> <Delay = 1.21> <CoreInst = "FIFO_SRL">   --->   Core 81 'FIFO_SRL' <Latency = 0> <II = 1> <Delay = 1.34> <Storage> <Opcode : 'read' 'write' 'nbread' 'nbwrite'> <Ports = 0> <Width = 14> <Depth = 2> <FIFO>
ST_1 : Operation 25 [1/1] (0.00ns)   --->   "%ret_ln813 = ret" [source/int4_linear_controller.cpp:813]   --->   Operation 25 'ret' 'ret_ln813' <Predicate = true> <Delay = 0.00>


============================================================
+ Verbose Summary: Timing violations
============================================================
Target clock period: 3.333ns, clock uncertainty: 0.900ns.

 <State 1>: 1.217ns
The critical path consists of the following:
	wire read operation ('fuse_residual_read', source/int4_linear_controller.cpp:792) on port 'fuse_residual' (source/int4_linear_controller.cpp:792) [20]  (0.000 ns)
	fifo write operation ('write_ln805', source/int4_linear_controller.cpp:805) on port 'linear_command_pe0' (source/int4_linear_controller.cpp:805) [28]  (1.217 ns)


============================================================
+ Verbose Summary: Binding
============================================================
N/A
* FSMD analyzer results:
  - Output states:
 - Input state : 
  - Chain level:
	State 1


============================================================
+ Verbose Summary: Datapath Resource usage 
============================================================
N/A
