

================================================================
== Vitis HLS Report for 'int4_rms_normalize_quantize_pe_15_Pipeline_quantize_reverse_loop'
================================================================
* Date:           Tue Aug 11 09:17:17 2026

* Version:        2023.2 (Build 4023990 on Oct 11 2023)
* Project:        proj_int4_decoder_xo
* Solution:       solution1 (Vitis Kernel Flow Target)
* Product family: virtexuplus
* Target device:  xcu250-figd2104-2L-e


================================================================
== Performance Estimates
================================================================
+ Timing: 
    * Summary: 
    +--------+---------+----------+------------+
    |  Clock |  Target | Estimated| Uncertainty|
    +--------+---------+----------+------------+
    |ap_clk  |  3.33 ns|  2.353 ns|     0.90 ns|
    +--------+---------+----------+------------+

+ Latency: 
    * Summary: 
    +---------+---------+----------+----------+-----+-----+---------+
    |  Latency (cycles) |  Latency (absolute) |  Interval | Pipeline|
    |   min   |   max   |    min   |    max   | min | max |   Type  |
    +---------+---------+----------+----------+-----+-----+---------+
    |       53|       53|  0.177 us|  0.177 us|   53|   53|       no|
    +---------+---------+----------+----------+-----+-----+---------+

    + Detail: 
        * Instance: 
        N/A

        * Loop: 
        +-------------------------+---------+---------+----------+-----------+-----------+------+----------+
        |                         |  Latency (cycles) | Iteration|  Initiation Interval  | Trip |          |
        |        Loop Name        |   min   |   max   |  Latency |  achieved |   target  | Count| Pipelined|
        +-------------------------+---------+---------+----------+-----------+-----------+------+----------+
        |- quantize_reverse_loop  |       51|       51|        21|          1|          1|    32|       yes|
        +-------------------------+---------+---------+----------+-----------+-----------+------+----------+

============================================================
+ Verbose Summary: Synthesis Manager
============================================================
InlineROM: 1
ExposeGlobal: 0
============================================================
+ Verbose Summary: CDFG Model
============================================================
IsTopModel: 0
ResetActiveHigh: 1
IsCombinational: 0
IsDatapathOnly: 0
HasWiredReturn: 1
HasMFsm: 2
HasVarLatency: 1
IsPipeline: 0
IsRtlPipelined: 0
IsInstanceOverlapped: 0
IsDontTouch: 0
HasImplIP: 0
IsGatedGlobalClock: 0

+ Individual pipeline summary: 
  * Pipeline-0: initiation interval (II) = 1, depth = 21


============================================================
+ Verbose Summary: Schedule
============================================================
* Number of FSM states : 21
* Pipeline : 1
  Pipeline-0 : II = 1, D = 21, States = { 1 2 3 4 5 6 7 8 9 10 11 12 13 14 15 16 17 18 19 20 21 }
* Dataflow Pipeline: 0

* FSM state transitions: 
1 --> 2 
2 --> 3 
3 --> 4 
4 --> 5 
5 --> 6 
6 --> 7 
7 --> 8 
8 --> 9 
9 --> 10 
10 --> 11 
11 --> 12 
12 --> 13 
13 --> 14 
14 --> 15 
15 --> 16 
16 --> 17 
17 --> 18 
18 --> 19 
19 --> 20 
20 --> 21 
21 --> 

* FSM state operations: 

State 1 <SV = 0> <Delay = 1.58>
ST_1 : Operation 24 [1/1] (0.00ns)   --->   "%quantized_word = alloca i32 1" [source/int4_decoder_blocks.cpp:171]   --->   Operation 24 'alloca' 'quantized_word' <Predicate = true> <Delay = 0.00>
ST_1 : Operation 25 [1/1] (0.00ns)   --->   "%index = alloca i32 1" [source/int4_decoder_blocks.cpp:173]   --->   Operation 25 'alloca' 'index' <Predicate = true> <Delay = 0.00>
ST_1 : Operation 26 [1/1] (0.00ns)   --->   "%specmemcore_ln0 = specmemcore void @_ssdm_op_SpecMemCore, i32 %normalized, i64 666, i64 18, i64 1"   --->   Operation 26 'specmemcore' 'specmemcore_ln0' <Predicate = true> <Delay = 0.00>
ST_1 : Operation 27 [1/1] (0.00ns)   --->   "%inverse_scale_read = read i32 @_ssdm_op_Read.ap_auto.float, i32 %inverse_scale"   --->   Operation 27 'read' 'inverse_scale_read' <Predicate = true> <Delay = 0.00>
ST_1 : Operation 28 [1/1] (0.38ns)   --->   "%store_ln173 = store i6 31, i6 %index" [source/int4_decoder_blocks.cpp:173]   --->   Operation 28 'store' 'store_ln173' <Predicate = true> <Delay = 0.38>
ST_1 : Operation 29 [1/1] (0.38ns)   --->   "%store_ln171 = store i480 0, i480 %quantized_word" [source/int4_decoder_blocks.cpp:171]   --->   Operation 29 'store' 'store_ln171' <Predicate = true> <Delay = 0.38>
ST_1 : Operation 30 [1/1] (0.00ns)   --->   "%br_ln0 = br void %for.body40"   --->   Operation 30 'br' 'br_ln0' <Predicate = true> <Delay = 0.00>
ST_1 : Operation 31 [1/1] (0.00ns)   --->   "%index_7 = load i6 %index" [source/int4_decoder_blocks.cpp:175]   --->   Operation 31 'load' 'index_7' <Predicate = true> <Delay = 0.00>
ST_1 : Operation 32 [1/1] (0.00ns)   --->   "%tmp = bitselect i1 @_ssdm_op_BitSelect.i1.i6.i32, i6 %index_7, i32 5" [source/int4_decoder_blocks.cpp:174]   --->   Operation 32 'bitselect' 'tmp' <Predicate = true> <Delay = 0.00>
ST_1 : Operation 33 [1/1] (0.00ns)   --->   "%br_ln173 = br i1 %tmp, void %for.body40.split, void %for.inc60.exitStub" [source/int4_decoder_blocks.cpp:173]   --->   Operation 33 'br' 'br_ln173' <Predicate = true> <Delay = 0.00>
ST_1 : Operation 34 [1/1] (0.00ns)   --->   "%zext_ln174 = zext i6 %index_7" [source/int4_decoder_blocks.cpp:174]   --->   Operation 34 'zext' 'zext_ln174' <Predicate = (!tmp)> <Delay = 0.00>
ST_1 : Operation 35 [1/1] (0.00ns)   --->   "%normalized_addr = getelementptr i32 %normalized, i64 0, i64 %zext_ln174" [source/int4_decoder_blocks.cpp:177]   --->   Operation 35 'getelementptr' 'normalized_addr' <Predicate = (!tmp)> <Delay = 0.00>
ST_1 : Operation 36 [2/2] (1.19ns)   --->   "%normalized_load = load i5 %normalized_addr" [source/int4_decoder_blocks.cpp:177]   --->   Operation 36 'load' 'normalized_load' <Predicate = (!tmp)> <Delay = 1.19> <CoreInst = "RAM_1P_BRAM">   --->   Core 90 'RAM_1P_BRAM' <Latency = 1> <II = 1> <Delay = 1.19> <Storage> <Opcode : 'load' 'store'> <Ports = 1> <Width = 32> <Depth = 32> <RAM>
ST_1 : Operation 37 [1/1] (0.70ns)   --->   "%add_ln175 = add i6 %index_7, i6 63" [source/int4_decoder_blocks.cpp:175]   --->   Operation 37 'add' 'add_ln175' <Predicate = (!tmp)> <Delay = 0.70> <CoreInst = "Adder">   --->   Core 1 'Adder' <Latency = 0> <II = 1> <Delay = 0.70> <FuncUnit> <Opcode : 'add' 'sub'> <InPorts = 2> <OutPorts = 1>
ST_1 : Operation 38 [1/1] (0.38ns)   --->   "%store_ln173 = store i6 %add_ln175, i6 %index" [source/int4_decoder_blocks.cpp:173]   --->   Operation 38 'store' 'store_ln173' <Predicate = (!tmp)> <Delay = 0.38>

State 2 <SV = 1> <Delay = 1.19>
ST_2 : Operation 39 [1/2] (1.19ns)   --->   "%normalized_load = load i5 %normalized_addr" [source/int4_decoder_blocks.cpp:177]   --->   Operation 39 'load' 'normalized_load' <Predicate = true> <Delay = 1.19> <CoreInst = "RAM_1P_BRAM">   --->   Core 90 'RAM_1P_BRAM' <Latency = 1> <II = 1> <Delay = 1.19> <Storage> <Opcode : 'load' 'store'> <Ports = 1> <Width = 32> <Depth = 32> <RAM>

State 3 <SV = 2> <Delay = 2.32>
ST_3 : Operation 40 [4/4] (2.32ns)   --->   "%scaled = fmul i32 %normalized_load, i32 %inverse_scale_read" [source/int4_decoder_blocks.cpp:177]   --->   Operation 40 'fmul' 'scaled' <Predicate = true> <Delay = 2.32> <CoreInst = "FMul_maxdsp">   --->   Core 30 'FMul_maxdsp' <Latency = 3> <II = 1> <Delay = 2.32> <FuncUnit> <Opcode : 'fmul'> <InPorts = 2> <OutPorts = 1>

State 4 <SV = 3> <Delay = 2.32>
ST_4 : Operation 41 [3/4] (2.32ns)   --->   "%scaled = fmul i32 %normalized_load, i32 %inverse_scale_read" [source/int4_decoder_blocks.cpp:177]   --->   Operation 41 'fmul' 'scaled' <Predicate = true> <Delay = 2.32> <CoreInst = "FMul_maxdsp">   --->   Core 30 'FMul_maxdsp' <Latency = 3> <II = 1> <Delay = 2.32> <FuncUnit> <Opcode : 'fmul'> <InPorts = 2> <OutPorts = 1>

State 5 <SV = 4> <Delay = 2.32>
ST_5 : Operation 42 [2/4] (2.32ns)   --->   "%scaled = fmul i32 %normalized_load, i32 %inverse_scale_read" [source/int4_decoder_blocks.cpp:177]   --->   Operation 42 'fmul' 'scaled' <Predicate = true> <Delay = 2.32> <CoreInst = "FMul_maxdsp">   --->   Core 30 'FMul_maxdsp' <Latency = 3> <II = 1> <Delay = 2.32> <FuncUnit> <Opcode : 'fmul'> <InPorts = 2> <OutPorts = 1>

State 6 <SV = 5> <Delay = 2.32>
ST_6 : Operation 43 [1/4] (2.32ns)   --->   "%scaled = fmul i32 %normalized_load, i32 %inverse_scale_read" [source/int4_decoder_blocks.cpp:177]   --->   Operation 43 'fmul' 'scaled' <Predicate = true> <Delay = 2.32> <CoreInst = "FMul_maxdsp">   --->   Core 30 'FMul_maxdsp' <Latency = 3> <II = 1> <Delay = 2.32> <FuncUnit> <Opcode : 'fmul'> <InPorts = 2> <OutPorts = 1>

State 7 <SV = 6> <Delay = 1.64>
ST_7 : Operation 44 [2/2] (1.64ns)   --->   "%tmp_57 = fcmp_oge  i32 %scaled, i32 0" [source/int4_decoder_blocks.cpp:179]   --->   Operation 44 'fcmp' 'tmp_57' <Predicate = true> <Delay = 1.64> <CoreInst = "FCompare">   --->   Core 19 'FCompare' <Latency = 1> <II = 1> <Delay = 1.64> <FuncUnit> <Opcode : 'fcmp'> <InPorts = 2> <OutPorts = 1>

State 8 <SV = 7> <Delay = 1.87>
ST_8 : Operation 45 [1/1] (0.00ns)   --->   "%bitcast_ln179 = bitcast i32 %scaled" [source/int4_decoder_blocks.cpp:179]   --->   Operation 45 'bitcast' 'bitcast_ln179' <Predicate = true> <Delay = 0.00>
ST_8 : Operation 46 [1/1] (0.00ns)   --->   "%tmp_56 = partselect i8 @_ssdm_op_PartSelect.i8.i32.i32.i32, i32 %bitcast_ln179, i32 23, i32 30" [source/int4_decoder_blocks.cpp:179]   --->   Operation 46 'partselect' 'tmp_56' <Predicate = true> <Delay = 0.00>
ST_8 : Operation 47 [1/1] (0.00ns)   --->   "%trunc_ln179 = trunc i32 %bitcast_ln179" [source/int4_decoder_blocks.cpp:179]   --->   Operation 47 'trunc' 'trunc_ln179' <Predicate = true> <Delay = 0.00>
ST_8 : Operation 48 [1/1] (0.70ns)   --->   "%icmp_ln179 = icmp_ne  i8 %tmp_56, i8 255" [source/int4_decoder_blocks.cpp:179]   --->   Operation 48 'icmp' 'icmp_ln179' <Predicate = true> <Delay = 0.70> <CoreInst = "Cmp">   --->   Core 9 'Cmp' <Latency = 0> <II = 1> <Delay = 0.70> <FuncUnit> <Opcode : 'icmp'> <InPorts = 2> <OutPorts = 1>
ST_8 : Operation 49 [1/1] (0.82ns)   --->   "%icmp_ln179_1 = icmp_eq  i23 %trunc_ln179, i23 0" [source/int4_decoder_blocks.cpp:179]   --->   Operation 49 'icmp' 'icmp_ln179_1' <Predicate = true> <Delay = 0.82> <CoreInst = "Cmp">   --->   Core 9 'Cmp' <Latency = 0> <II = 1> <Delay = 0.82> <FuncUnit> <Opcode : 'icmp'> <InPorts = 2> <OutPorts = 1>
ST_8 : Operation 50 [1/1] (0.00ns) (grouped into LUT with out node select_ln179)   --->   "%or_ln179 = or i1 %icmp_ln179_1, i1 %icmp_ln179" [source/int4_decoder_blocks.cpp:179]   --->   Operation 50 'or' 'or_ln179' <Predicate = true> <Delay = 0.00> <CoreInst = "LogicGate">   --->   Core 74 'LogicGate' <Latency = 0> <II = 1> <Delay = 0.12> <FuncUnit> <Opcode : 'and' 'or' 'xor'> <InPorts = 2> <OutPorts = 1>
ST_8 : Operation 51 [1/2] (1.64ns)   --->   "%tmp_57 = fcmp_oge  i32 %scaled, i32 0" [source/int4_decoder_blocks.cpp:179]   --->   Operation 51 'fcmp' 'tmp_57' <Predicate = true> <Delay = 1.64> <CoreInst = "FCompare">   --->   Core 19 'FCompare' <Latency = 1> <II = 1> <Delay = 1.64> <FuncUnit> <Opcode : 'fcmp'> <InPorts = 2> <OutPorts = 1>
ST_8 : Operation 52 [1/1] (0.00ns) (grouped into LUT with out node select_ln179)   --->   "%and_ln179 = and i1 %or_ln179, i1 %tmp_57" [source/int4_decoder_blocks.cpp:179]   --->   Operation 52 'and' 'and_ln179' <Predicate = true> <Delay = 0.00> <CoreInst = "LogicGate">   --->   Core 74 'LogicGate' <Latency = 0> <II = 1> <Delay = 0.12> <FuncUnit> <Opcode : 'and' 'or' 'xor'> <InPorts = 2> <OutPorts = 1>
ST_8 : Operation 53 [1/1] (0.22ns) (out node of the LUT)   --->   "%select_ln179 = select i1 %and_ln179, i32 0.5, i32 -0.5" [source/int4_decoder_blocks.cpp:179]   --->   Operation 53 'select' 'select_ln179' <Predicate = true> <Delay = 0.22> <CoreInst = "Sel">   --->   Core 73 'Sel' <Latency = 0> <II = 1> <Delay = 0.22> <FuncUnit> <Opcode : 'select'> <InPorts = 3> <OutPorts = 1>

State 9 <SV = 8> <Delay = 2.34>
ST_9 : Operation 54 [7/7] (2.34ns)   --->   "%rounded = fadd i32 %scaled, i32 %select_ln179" [source/int4_decoder_blocks.cpp:179]   --->   Operation 54 'fadd' 'rounded' <Predicate = true> <Delay = 2.34> <CoreInst = "FAddSub_fulldsp">   --->   Core 18 'FAddSub_fulldsp' <Latency = 6> <II = 1> <Delay = 2.34> <FuncUnit> <Opcode : 'fadd' 'fsub'> <InPorts = 2> <OutPorts = 1>

State 10 <SV = 9> <Delay = 2.34>
ST_10 : Operation 55 [6/7] (2.34ns)   --->   "%rounded = fadd i32 %scaled, i32 %select_ln179" [source/int4_decoder_blocks.cpp:179]   --->   Operation 55 'fadd' 'rounded' <Predicate = true> <Delay = 2.34> <CoreInst = "FAddSub_fulldsp">   --->   Core 18 'FAddSub_fulldsp' <Latency = 6> <II = 1> <Delay = 2.34> <FuncUnit> <Opcode : 'fadd' 'fsub'> <InPorts = 2> <OutPorts = 1>

State 11 <SV = 10> <Delay = 2.34>
ST_11 : Operation 56 [5/7] (2.34ns)   --->   "%rounded = fadd i32 %scaled, i32 %select_ln179" [source/int4_decoder_blocks.cpp:179]   --->   Operation 56 'fadd' 'rounded' <Predicate = true> <Delay = 2.34> <CoreInst = "FAddSub_fulldsp">   --->   Core 18 'FAddSub_fulldsp' <Latency = 6> <II = 1> <Delay = 2.34> <FuncUnit> <Opcode : 'fadd' 'fsub'> <InPorts = 2> <OutPorts = 1>

State 12 <SV = 11> <Delay = 2.34>
ST_12 : Operation 57 [4/7] (2.34ns)   --->   "%rounded = fadd i32 %scaled, i32 %select_ln179" [source/int4_decoder_blocks.cpp:179]   --->   Operation 57 'fadd' 'rounded' <Predicate = true> <Delay = 2.34> <CoreInst = "FAddSub_fulldsp">   --->   Core 18 'FAddSub_fulldsp' <Latency = 6> <II = 1> <Delay = 2.34> <FuncUnit> <Opcode : 'fadd' 'fsub'> <InPorts = 2> <OutPorts = 1>

State 13 <SV = 12> <Delay = 2.34>
ST_13 : Operation 58 [3/7] (2.34ns)   --->   "%rounded = fadd i32 %scaled, i32 %select_ln179" [source/int4_decoder_blocks.cpp:179]   --->   Operation 58 'fadd' 'rounded' <Predicate = true> <Delay = 2.34> <CoreInst = "FAddSub_fulldsp">   --->   Core 18 'FAddSub_fulldsp' <Latency = 6> <II = 1> <Delay = 2.34> <FuncUnit> <Opcode : 'fadd' 'fsub'> <InPorts = 2> <OutPorts = 1>

State 14 <SV = 13> <Delay = 2.34>
ST_14 : Operation 59 [2/7] (2.34ns)   --->   "%rounded = fadd i32 %scaled, i32 %select_ln179" [source/int4_decoder_blocks.cpp:179]   --->   Operation 59 'fadd' 'rounded' <Predicate = true> <Delay = 2.34> <CoreInst = "FAddSub_fulldsp">   --->   Core 18 'FAddSub_fulldsp' <Latency = 6> <II = 1> <Delay = 2.34> <FuncUnit> <Opcode : 'fadd' 'fsub'> <InPorts = 2> <OutPorts = 1>

State 15 <SV = 14> <Delay = 2.34>
ST_15 : Operation 60 [1/7] (2.34ns)   --->   "%rounded = fadd i32 %scaled, i32 %select_ln179" [source/int4_decoder_blocks.cpp:179]   --->   Operation 60 'fadd' 'rounded' <Predicate = true> <Delay = 2.34> <CoreInst = "FAddSub_fulldsp">   --->   Core 18 'FAddSub_fulldsp' <Latency = 6> <II = 1> <Delay = 2.34> <FuncUnit> <Opcode : 'fadd' 'fsub'> <InPorts = 2> <OutPorts = 1>

State 16 <SV = 15> <Delay = 1.64>
ST_16 : Operation 61 [2/2] (1.64ns)   --->   "%tmp_59 = fcmp_ogt  i32 %rounded, i32 16383" [source/int4_decoder_blocks.cpp:180]   --->   Operation 61 'fcmp' 'tmp_59' <Predicate = true> <Delay = 1.64> <CoreInst = "FCompare">   --->   Core 19 'FCompare' <Latency = 1> <II = 1> <Delay = 1.64> <FuncUnit> <Opcode : 'fcmp'> <InPorts = 2> <OutPorts = 1>

State 17 <SV = 16> <Delay = 1.87>
ST_17 : Operation 62 [1/1] (0.00ns)   --->   "%bitcast_ln180 = bitcast i32 %rounded" [source/int4_decoder_blocks.cpp:180]   --->   Operation 62 'bitcast' 'bitcast_ln180' <Predicate = true> <Delay = 0.00>
ST_17 : Operation 63 [1/1] (0.00ns)   --->   "%tmp_58 = partselect i8 @_ssdm_op_PartSelect.i8.i32.i32.i32, i32 %bitcast_ln180, i32 23, i32 30" [source/int4_decoder_blocks.cpp:180]   --->   Operation 63 'partselect' 'tmp_58' <Predicate = true> <Delay = 0.00>
ST_17 : Operation 64 [1/1] (0.00ns)   --->   "%trunc_ln180 = trunc i32 %bitcast_ln180" [source/int4_decoder_blocks.cpp:180]   --->   Operation 64 'trunc' 'trunc_ln180' <Predicate = true> <Delay = 0.00>
ST_17 : Operation 65 [1/1] (0.70ns)   --->   "%icmp_ln180 = icmp_ne  i8 %tmp_58, i8 255" [source/int4_decoder_blocks.cpp:180]   --->   Operation 65 'icmp' 'icmp_ln180' <Predicate = true> <Delay = 0.70> <CoreInst = "Cmp">   --->   Core 9 'Cmp' <Latency = 0> <II = 1> <Delay = 0.70> <FuncUnit> <Opcode : 'icmp'> <InPorts = 2> <OutPorts = 1>
ST_17 : Operation 66 [1/1] (0.82ns)   --->   "%icmp_ln180_3 = icmp_eq  i23 %trunc_ln180, i23 0" [source/int4_decoder_blocks.cpp:180]   --->   Operation 66 'icmp' 'icmp_ln180_3' <Predicate = true> <Delay = 0.82> <CoreInst = "Cmp">   --->   Core 9 'Cmp' <Latency = 0> <II = 1> <Delay = 0.82> <FuncUnit> <Opcode : 'icmp'> <InPorts = 2> <OutPorts = 1>
ST_17 : Operation 67 [1/1] (0.00ns) (grouped into LUT with out node rounded_7)   --->   "%or_ln180 = or i1 %icmp_ln180_3, i1 %icmp_ln180" [source/int4_decoder_blocks.cpp:180]   --->   Operation 67 'or' 'or_ln180' <Predicate = true> <Delay = 0.00> <CoreInst = "LogicGate">   --->   Core 74 'LogicGate' <Latency = 0> <II = 1> <Delay = 0.12> <FuncUnit> <Opcode : 'and' 'or' 'xor'> <InPorts = 2> <OutPorts = 1>
ST_17 : Operation 68 [1/2] (1.64ns)   --->   "%tmp_59 = fcmp_ogt  i32 %rounded, i32 16383" [source/int4_decoder_blocks.cpp:180]   --->   Operation 68 'fcmp' 'tmp_59' <Predicate = true> <Delay = 1.64> <CoreInst = "FCompare">   --->   Core 19 'FCompare' <Latency = 1> <II = 1> <Delay = 1.64> <FuncUnit> <Opcode : 'fcmp'> <InPorts = 2> <OutPorts = 1>
ST_17 : Operation 69 [1/1] (0.00ns) (grouped into LUT with out node rounded_7)   --->   "%and_ln180 = and i1 %or_ln180, i1 %tmp_59" [source/int4_decoder_blocks.cpp:180]   --->   Operation 69 'and' 'and_ln180' <Predicate = true> <Delay = 0.00> <CoreInst = "LogicGate">   --->   Core 74 'LogicGate' <Latency = 0> <II = 1> <Delay = 0.12> <FuncUnit> <Opcode : 'and' 'or' 'xor'> <InPorts = 2> <OutPorts = 1>
ST_17 : Operation 70 [1/1] (0.22ns) (out node of the LUT)   --->   "%rounded_7 = select i1 %and_ln180, i32 16383, i32 %rounded" [source/int4_decoder_blocks.cpp:180]   --->   Operation 70 'select' 'rounded_7' <Predicate = true> <Delay = 0.22> <CoreInst = "Sel">   --->   Core 73 'Sel' <Latency = 0> <II = 1> <Delay = 0.22> <FuncUnit> <Opcode : 'select'> <InPorts = 3> <OutPorts = 1>

State 18 <SV = 17> <Delay = 1.64>
ST_18 : Operation 71 [2/2] (1.64ns)   --->   "%tmp_61 = fcmp_olt  i32 %rounded_7, i32 -16383" [source/int4_decoder_blocks.cpp:183]   --->   Operation 71 'fcmp' 'tmp_61' <Predicate = true> <Delay = 1.64> <CoreInst = "FCompare">   --->   Core 19 'FCompare' <Latency = 1> <II = 1> <Delay = 1.64> <FuncUnit> <Opcode : 'fcmp'> <InPorts = 2> <OutPorts = 1>

State 19 <SV = 18> <Delay = 1.87>
ST_19 : Operation 72 [1/1] (0.00ns)   --->   "%bitcast_ln183 = bitcast i32 %rounded_7" [source/int4_decoder_blocks.cpp:183]   --->   Operation 72 'bitcast' 'bitcast_ln183' <Predicate = true> <Delay = 0.00>
ST_19 : Operation 73 [1/1] (0.00ns)   --->   "%tmp_60 = partselect i8 @_ssdm_op_PartSelect.i8.i32.i32.i32, i32 %bitcast_ln183, i32 23, i32 30" [source/int4_decoder_blocks.cpp:183]   --->   Operation 73 'partselect' 'tmp_60' <Predicate = true> <Delay = 0.00>
ST_19 : Operation 74 [1/1] (0.00ns)   --->   "%trunc_ln183 = trunc i32 %bitcast_ln183" [source/int4_decoder_blocks.cpp:183]   --->   Operation 74 'trunc' 'trunc_ln183' <Predicate = true> <Delay = 0.00>
ST_19 : Operation 75 [1/1] (0.70ns)   --->   "%icmp_ln183 = icmp_ne  i8 %tmp_60, i8 255" [source/int4_decoder_blocks.cpp:183]   --->   Operation 75 'icmp' 'icmp_ln183' <Predicate = true> <Delay = 0.70> <CoreInst = "Cmp">   --->   Core 9 'Cmp' <Latency = 0> <II = 1> <Delay = 0.70> <FuncUnit> <Opcode : 'icmp'> <InPorts = 2> <OutPorts = 1>
ST_19 : Operation 76 [1/1] (0.82ns)   --->   "%icmp_ln183_1 = icmp_eq  i23 %trunc_ln183, i23 0" [source/int4_decoder_blocks.cpp:183]   --->   Operation 76 'icmp' 'icmp_ln183_1' <Predicate = true> <Delay = 0.82> <CoreInst = "Cmp">   --->   Core 9 'Cmp' <Latency = 0> <II = 1> <Delay = 0.82> <FuncUnit> <Opcode : 'icmp'> <InPorts = 2> <OutPorts = 1>
ST_19 : Operation 77 [1/1] (0.00ns) (grouped into LUT with out node data)   --->   "%or_ln183 = or i1 %icmp_ln183_1, i1 %icmp_ln183" [source/int4_decoder_blocks.cpp:183]   --->   Operation 77 'or' 'or_ln183' <Predicate = true> <Delay = 0.00> <CoreInst = "LogicGate">   --->   Core 74 'LogicGate' <Latency = 0> <II = 1> <Delay = 0.12> <FuncUnit> <Opcode : 'and' 'or' 'xor'> <InPorts = 2> <OutPorts = 1>
ST_19 : Operation 78 [1/2] (1.64ns)   --->   "%tmp_61 = fcmp_olt  i32 %rounded_7, i32 -16383" [source/int4_decoder_blocks.cpp:183]   --->   Operation 78 'fcmp' 'tmp_61' <Predicate = true> <Delay = 1.64> <CoreInst = "FCompare">   --->   Core 19 'FCompare' <Latency = 1> <II = 1> <Delay = 1.64> <FuncUnit> <Opcode : 'fcmp'> <InPorts = 2> <OutPorts = 1>
ST_19 : Operation 79 [1/1] (0.00ns) (grouped into LUT with out node data)   --->   "%and_ln183 = and i1 %or_ln183, i1 %tmp_61" [source/int4_decoder_blocks.cpp:183]   --->   Operation 79 'and' 'and_ln183' <Predicate = true> <Delay = 0.00> <CoreInst = "LogicGate">   --->   Core 74 'LogicGate' <Latency = 0> <II = 1> <Delay = 0.12> <FuncUnit> <Opcode : 'and' 'or' 'xor'> <InPorts = 2> <OutPorts = 1>
ST_19 : Operation 80 [1/1] (0.22ns) (out node of the LUT)   --->   "%data = select i1 %and_ln183, i32 3330276352, i32 %bitcast_ln183" [C:\scratch\2023.2\hls_product\689\2023.2\src\shared\hls\clib/src/hls\utils/x_hls_utils.h:288->C:\scratch\2023.2\hls_product\689\2023.2\src\shared\hls\clib/hlsmath/include/FloatingPoint\hls_case_IEEE754.h:13->C:\scratch\2023.2\hls_product\689\2023.2\src\shared\hls\clib/hlsmath/include/FloatingPoint\hls_case_IEEE754.h:117->C:\scratch\2023.2\hls_product\689\2023.2\src\shared\hls\clib\hlsmath\src\lib_floatconversion.cpp:51->source/int4_decoder_blocks.cpp:187]   --->   Operation 80 'select' 'data' <Predicate = true> <Delay = 0.22> <CoreInst = "Sel">   --->   Core 73 'Sel' <Latency = 0> <II = 1> <Delay = 0.22> <FuncUnit> <Opcode : 'select'> <InPorts = 3> <OutPorts = 1>
ST_19 : Operation 81 [1/1] (0.00ns)   --->   "%xs_sign = bitselect i1 @_ssdm_op_BitSelect.i1.i32.i32, i32 %data, i32 31" [C:\scratch\2023.2\hls_product\689\2023.2\src\shared\hls\clib/src/hls\utils/x_hls_utils.h:294->C:\scratch\2023.2\hls_product\689\2023.2\src\shared\hls\clib/hlsmath/include/FloatingPoint\hls_case_IEEE754.h:13->C:\scratch\2023.2\hls_product\689\2023.2\src\shared\hls\clib/hlsmath/include/FloatingPoint\hls_case_IEEE754.h:117->C:\scratch\2023.2\hls_product\689\2023.2\src\shared\hls\clib\hlsmath\src\lib_floatconversion.cpp:51->source/int4_decoder_blocks.cpp:187]   --->   Operation 81 'bitselect' 'xs_sign' <Predicate = true> <Delay = 0.00>
ST_19 : Operation 82 [1/1] (0.00ns)   --->   "%xs_exp = partselect i8 @_ssdm_op_PartSelect.i8.i32.i32.i32, i32 %data, i32 23, i32 30" [C:\scratch\2023.2\hls_product\689\2023.2\src\shared\hls\clib/src/hls\utils/x_hls_utils.h:295->C:\scratch\2023.2\hls_product\689\2023.2\src\shared\hls\clib/hlsmath/include/FloatingPoint\hls_case_IEEE754.h:13->C:\scratch\2023.2\hls_product\689\2023.2\src\shared\hls\clib/hlsmath/include/FloatingPoint\hls_case_IEEE754.h:117->C:\scratch\2023.2\hls_product\689\2023.2\src\shared\hls\clib\hlsmath\src\lib_floatconversion.cpp:51->source/int4_decoder_blocks.cpp:187]   --->   Operation 82 'partselect' 'xs_exp' <Predicate = true> <Delay = 0.00>
ST_19 : Operation 83 [1/1] (0.00ns)   --->   "%trunc_ln342 = trunc i32 %data" [C:\scratch\2023.2\hls_product\689\2023.2\src\shared\hls\clib/src/hls\utils/x_hls_utils.h:342->C:\scratch\2023.2\hls_product\689\2023.2\src\shared\hls\clib/hlsmath/include/FloatingPoint\hls_case_IEEE754.h:15->C:\scratch\2023.2\hls_product\689\2023.2\src\shared\hls\clib/hlsmath/include/FloatingPoint\hls_case_IEEE754.h:117->C:\scratch\2023.2\hls_product\689\2023.2\src\shared\hls\clib\hlsmath\src\lib_floatconversion.cpp:51->source/int4_decoder_blocks.cpp:187]   --->   Operation 83 'trunc' 'trunc_ln342' <Predicate = true> <Delay = 0.00>

State 20 <SV = 19> <Delay = 2.35>
ST_20 : Operation 84 [1/1] (0.00ns)   --->   "%mantissa = bitconcatenate i25 @_ssdm_op_BitConcatenate.i25.i1.i23.i1, i1 1, i23 %trunc_ln342, i1 0" [C:\scratch\2023.2\hls_product\689\2023.2\src\shared\hls\clib/hlsmath/include/FloatingPoint\hls_case_IEEE754.h:15->C:\scratch\2023.2\hls_product\689\2023.2\src\shared\hls\clib/hlsmath/include/FloatingPoint\hls_case_IEEE754.h:117->C:\scratch\2023.2\hls_product\689\2023.2\src\shared\hls\clib\hlsmath\src\lib_floatconversion.cpp:51->source/int4_decoder_blocks.cpp:187]   --->   Operation 84 'bitconcatenate' 'mantissa' <Predicate = true> <Delay = 0.00>
ST_20 : Operation 85 [1/1] (0.00ns)   --->   "%zext_ln15 = zext i25 %mantissa" [C:\scratch\2023.2\hls_product\689\2023.2\src\shared\hls\clib/hlsmath/include/FloatingPoint\hls_case_IEEE754.h:15->C:\scratch\2023.2\hls_product\689\2023.2\src\shared\hls\clib/hlsmath/include/FloatingPoint\hls_case_IEEE754.h:117->C:\scratch\2023.2\hls_product\689\2023.2\src\shared\hls\clib\hlsmath\src\lib_floatconversion.cpp:51->source/int4_decoder_blocks.cpp:187]   --->   Operation 85 'zext' 'zext_ln15' <Predicate = true> <Delay = 0.00>
ST_20 : Operation 86 [1/1] (0.00ns)   --->   "%zext_ln317 = zext i8 %xs_exp" [C:\scratch\2023.2\hls_product\689\2023.2\src\shared\hls\clib/src/hls\utils/x_hls_utils.h:317->C:\scratch\2023.2\hls_product\689\2023.2\src\shared\hls\clib/hlsmath/include/FloatingPoint\hls_case_IEEE754.h:18->C:\scratch\2023.2\hls_product\689\2023.2\src\shared\hls\clib/hlsmath/include/FloatingPoint\hls_case_IEEE754.h:117->C:\scratch\2023.2\hls_product\689\2023.2\src\shared\hls\clib\hlsmath\src\lib_floatconversion.cpp:51->source/int4_decoder_blocks.cpp:187]   --->   Operation 86 'zext' 'zext_ln317' <Predicate = true> <Delay = 0.00>
ST_20 : Operation 87 [1/1] (0.70ns)   --->   "%add_ln317 = add i9 %zext_ln317, i9 385" [C:\scratch\2023.2\hls_product\689\2023.2\src\shared\hls\clib/src/hls\utils/x_hls_utils.h:317->C:\scratch\2023.2\hls_product\689\2023.2\src\shared\hls\clib/hlsmath/include/FloatingPoint\hls_case_IEEE754.h:18->C:\scratch\2023.2\hls_product\689\2023.2\src\shared\hls\clib/hlsmath/include/FloatingPoint\hls_case_IEEE754.h:117->C:\scratch\2023.2\hls_product\689\2023.2\src\shared\hls\clib\hlsmath\src\lib_floatconversion.cpp:51->source/int4_decoder_blocks.cpp:187]   --->   Operation 87 'add' 'add_ln317' <Predicate = true> <Delay = 0.70> <CoreInst = "Adder">   --->   Core 1 'Adder' <Latency = 0> <II = 1> <Delay = 0.70> <FuncUnit> <Opcode : 'add' 'sub'> <InPorts = 2> <OutPorts = 1>
ST_20 : Operation 88 [1/1] (0.00ns)   --->   "%tmp_253 = bitselect i1 @_ssdm_op_BitSelect.i1.i9.i32, i9 %add_ln317, i32 8" [C:\scratch\2023.2\hls_product\689\2023.2\src\shared\hls\clib/hlsmath/include/FloatingPoint\hls_case_IEEE754.h:18->C:\scratch\2023.2\hls_product\689\2023.2\src\shared\hls\clib/hlsmath/include/FloatingPoint\hls_case_IEEE754.h:117->C:\scratch\2023.2\hls_product\689\2023.2\src\shared\hls\clib\hlsmath\src\lib_floatconversion.cpp:51->source/int4_decoder_blocks.cpp:187]   --->   Operation 88 'bitselect' 'tmp_253' <Predicate = true> <Delay = 0.00>
ST_20 : Operation 89 [1/1] (0.70ns)   --->   "%sub_ln18 = sub i8 127, i8 %xs_exp" [C:\scratch\2023.2\hls_product\689\2023.2\src\shared\hls\clib/hlsmath/include/FloatingPoint\hls_case_IEEE754.h:18->C:\scratch\2023.2\hls_product\689\2023.2\src\shared\hls\clib/hlsmath/include/FloatingPoint\hls_case_IEEE754.h:117->C:\scratch\2023.2\hls_product\689\2023.2\src\shared\hls\clib\hlsmath\src\lib_floatconversion.cpp:51->source/int4_decoder_blocks.cpp:187]   --->   Operation 89 'sub' 'sub_ln18' <Predicate = true> <Delay = 0.70> <CoreInst = "Adder">   --->   Core 1 'Adder' <Latency = 0> <II = 1> <Delay = 0.70> <FuncUnit> <Opcode : 'add' 'sub'> <InPorts = 2> <OutPorts = 1>
ST_20 : Operation 90 [1/1] (0.00ns)   --->   "%sext_ln18 = sext i8 %sub_ln18" [C:\scratch\2023.2\hls_product\689\2023.2\src\shared\hls\clib/hlsmath/include/FloatingPoint\hls_case_IEEE754.h:18->C:\scratch\2023.2\hls_product\689\2023.2\src\shared\hls\clib/hlsmath/include/FloatingPoint\hls_case_IEEE754.h:117->C:\scratch\2023.2\hls_product\689\2023.2\src\shared\hls\clib\hlsmath\src\lib_floatconversion.cpp:51->source/int4_decoder_blocks.cpp:187]   --->   Operation 90 'sext' 'sext_ln18' <Predicate = true> <Delay = 0.00>
ST_20 : Operation 91 [1/1] (0.30ns)   --->   "%select_ln18 = select i1 %tmp_253, i9 %sext_ln18, i9 %add_ln317" [C:\scratch\2023.2\hls_product\689\2023.2\src\shared\hls\clib/hlsmath/include/FloatingPoint\hls_case_IEEE754.h:18->C:\scratch\2023.2\hls_product\689\2023.2\src\shared\hls\clib/hlsmath/include/FloatingPoint\hls_case_IEEE754.h:117->C:\scratch\2023.2\hls_product\689\2023.2\src\shared\hls\clib\hlsmath\src\lib_floatconversion.cpp:51->source/int4_decoder_blocks.cpp:187]   --->   Operation 91 'select' 'select_ln18' <Predicate = true> <Delay = 0.30> <CoreInst = "Sel">   --->   Core 73 'Sel' <Latency = 0> <II = 1> <Delay = 0.30> <FuncUnit> <Opcode : 'select'> <InPorts = 3> <OutPorts = 1>
ST_20 : Operation 92 [1/1] (0.00ns)   --->   "%sext_ln18_7 = sext i9 %select_ln18" [C:\scratch\2023.2\hls_product\689\2023.2\src\shared\hls\clib/hlsmath/include/FloatingPoint\hls_case_IEEE754.h:18->C:\scratch\2023.2\hls_product\689\2023.2\src\shared\hls\clib/hlsmath/include/FloatingPoint\hls_case_IEEE754.h:117->C:\scratch\2023.2\hls_product\689\2023.2\src\shared\hls\clib\hlsmath\src\lib_floatconversion.cpp:51->source/int4_decoder_blocks.cpp:187]   --->   Operation 92 'sext' 'sext_ln18_7' <Predicate = true> <Delay = 0.00>
ST_20 : Operation 93 [1/1] (0.00ns)   --->   "%zext_ln18 = zext i32 %sext_ln18_7" [C:\scratch\2023.2\hls_product\689\2023.2\src\shared\hls\clib/hlsmath/include/FloatingPoint\hls_case_IEEE754.h:18->C:\scratch\2023.2\hls_product\689\2023.2\src\shared\hls\clib/hlsmath/include/FloatingPoint\hls_case_IEEE754.h:117->C:\scratch\2023.2\hls_product\689\2023.2\src\shared\hls\clib\hlsmath\src\lib_floatconversion.cpp:51->source/int4_decoder_blocks.cpp:187]   --->   Operation 93 'zext' 'zext_ln18' <Predicate = true> <Delay = 0.00>
ST_20 : Operation 94 [1/1] (1.05ns)   --->   "%lshr_ln18 = lshr i79 %zext_ln15, i79 %zext_ln18" [C:\scratch\2023.2\hls_product\689\2023.2\src\shared\hls\clib/hlsmath/include/FloatingPoint\hls_case_IEEE754.h:18->C:\scratch\2023.2\hls_product\689\2023.2\src\shared\hls\clib/hlsmath/include/FloatingPoint\hls_case_IEEE754.h:117->C:\scratch\2023.2\hls_product\689\2023.2\src\shared\hls\clib\hlsmath\src\lib_floatconversion.cpp:51->source/int4_decoder_blocks.cpp:187]   --->   Operation 94 'lshr' 'lshr_ln18' <Predicate = true> <Delay = 1.05> <CoreInst = "Shifter">   --->   Core 75 'Shifter' <Latency = 0> <II = 1> <Delay = 1.05> <FuncUnit> <Opcode : 'shl' 'lshr' 'ashr'> <InPorts = 2> <OutPorts = 1>
ST_20 : Operation 95 [1/1] (1.05ns)   --->   "%shl_ln18 = shl i79 %zext_ln15, i79 %zext_ln18" [C:\scratch\2023.2\hls_product\689\2023.2\src\shared\hls\clib/hlsmath/include/FloatingPoint\hls_case_IEEE754.h:18->C:\scratch\2023.2\hls_product\689\2023.2\src\shared\hls\clib/hlsmath/include/FloatingPoint\hls_case_IEEE754.h:117->C:\scratch\2023.2\hls_product\689\2023.2\src\shared\hls\clib\hlsmath\src\lib_floatconversion.cpp:51->source/int4_decoder_blocks.cpp:187]   --->   Operation 95 'shl' 'shl_ln18' <Predicate = true> <Delay = 1.05> <CoreInst = "Shifter">   --->   Core 75 'Shifter' <Latency = 0> <II = 1> <Delay = 1.05> <FuncUnit> <Opcode : 'shl' 'lshr' 'ashr'> <InPorts = 2> <OutPorts = 1>
ST_20 : Operation 96 [1/1] (0.00ns)   --->   "%tmp_254 = partselect i15 @_ssdm_op_PartSelect.i15.i79.i32.i32, i79 %lshr_ln18, i32 24, i32 38" [C:\scratch\2023.2\hls_product\689\2023.2\src\shared\hls\clib/hlsmath/include/FloatingPoint\hls_case_IEEE754.h:21->C:\scratch\2023.2\hls_product\689\2023.2\src\shared\hls\clib/hlsmath/include/FloatingPoint\hls_case_IEEE754.h:117->C:\scratch\2023.2\hls_product\689\2023.2\src\shared\hls\clib\hlsmath\src\lib_floatconversion.cpp:51->source/int4_decoder_blocks.cpp:187]   --->   Operation 96 'partselect' 'tmp_254' <Predicate = true> <Delay = 0.00>
ST_20 : Operation 97 [1/1] (0.00ns)   --->   "%tmp_255 = partselect i15 @_ssdm_op_PartSelect.i15.i79.i32.i32, i79 %shl_ln18, i32 24, i32 38" [C:\scratch\2023.2\hls_product\689\2023.2\src\shared\hls\clib/hlsmath/include/FloatingPoint\hls_case_IEEE754.h:21->C:\scratch\2023.2\hls_product\689\2023.2\src\shared\hls\clib/hlsmath/include/FloatingPoint\hls_case_IEEE754.h:117->C:\scratch\2023.2\hls_product\689\2023.2\src\shared\hls\clib\hlsmath\src\lib_floatconversion.cpp:51->source/int4_decoder_blocks.cpp:187]   --->   Operation 97 'partselect' 'tmp_255' <Predicate = true> <Delay = 0.00>
ST_20 : Operation 98 [1/1] (0.29ns)   --->   "%val = select i1 %tmp_253, i15 %tmp_254, i15 %tmp_255" [C:\scratch\2023.2\hls_product\689\2023.2\src\shared\hls\clib/hlsmath/include/FloatingPoint\hls_case_IEEE754.h:18->C:\scratch\2023.2\hls_product\689\2023.2\src\shared\hls\clib/hlsmath/include/FloatingPoint\hls_case_IEEE754.h:117->C:\scratch\2023.2\hls_product\689\2023.2\src\shared\hls\clib\hlsmath\src\lib_floatconversion.cpp:51->source/int4_decoder_blocks.cpp:187]   --->   Operation 98 'select' 'val' <Predicate = true> <Delay = 0.29> <CoreInst = "Sel">   --->   Core 73 'Sel' <Latency = 0> <II = 1> <Delay = 0.29> <FuncUnit> <Opcode : 'select'> <InPorts = 3> <OutPorts = 1>
ST_20 : Operation 109 [1/1] (0.00ns)   --->   "%quantized_word_load_6 = load i480 %quantized_word"   --->   Operation 109 'load' 'quantized_word_load_6' <Predicate = (tmp)> <Delay = 0.00>
ST_20 : Operation 110 [1/1] (0.00ns)   --->   "%write_ln0 = write void @_ssdm_op_Write.ap_auto.i480P0A, i480 %quantized_word_out, i480 %quantized_word_load_6"   --->   Operation 110 'write' 'write_ln0' <Predicate = (tmp)> <Delay = 0.00>
ST_20 : Operation 111 [1/1] (0.00ns)   --->   "%ret_ln0 = ret"   --->   Operation 111 'ret' 'ret_ln0' <Predicate = (tmp)> <Delay = 0.00>

State 21 <SV = 20> <Delay = 1.45>
ST_21 : Operation 99 [1/1] (0.00ns)   --->   "%quantized_word_load = load i480 %quantized_word" [source/int4_decoder_blocks.cpp:189]   --->   Operation 99 'load' 'quantized_word_load' <Predicate = true> <Delay = 0.00>
ST_21 : Operation 100 [1/1] (0.00ns)   --->   "%specpipeline_ln176 = specpipeline void @_ssdm_op_SpecPipeline, i32 1, i32 0, i32 0, i32 0, void @empty_418" [source/int4_decoder_blocks.cpp:176]   --->   Operation 100 'specpipeline' 'specpipeline_ln176' <Predicate = true> <Delay = 0.00>
ST_21 : Operation 101 [1/1] (0.00ns)   --->   "%speclooptripcount_ln171 = speclooptripcount void @_ssdm_op_SpecLoopTripCount, i64 32, i64 32, i64 32" [source/int4_decoder_blocks.cpp:171]   --->   Operation 101 'speclooptripcount' 'speclooptripcount_ln171' <Predicate = true> <Delay = 0.00>
ST_21 : Operation 102 [1/1] (0.00ns)   --->   "%specloopname_ln173 = specloopname void @_ssdm_op_SpecLoopName, void @empty_488" [source/int4_decoder_blocks.cpp:173]   --->   Operation 102 'specloopname' 'specloopname_ln173' <Predicate = true> <Delay = 0.00>
ST_21 : Operation 103 [1/1] (0.77ns)   --->   "%result_7 = sub i15 0, i15 %val" [C:\scratch\2023.2\hls_product\689\2023.2\src\shared\hls\clib/hlsmath/include/FloatingPoint\hls_case_IEEE754.h:59->C:\scratch\2023.2\hls_product\689\2023.2\src\shared\hls\clib/hlsmath/include/FloatingPoint\hls_case_IEEE754.h:117->C:\scratch\2023.2\hls_product\689\2023.2\src\shared\hls\clib\hlsmath\src\lib_floatconversion.cpp:51->source/int4_decoder_blocks.cpp:187]   --->   Operation 103 'sub' 'result_7' <Predicate = (xs_sign)> <Delay = 0.77> <CoreInst = "Adder">   --->   Core 1 'Adder' <Latency = 0> <II = 1> <Delay = 0.77> <FuncUnit> <Opcode : 'add' 'sub'> <InPorts = 2> <OutPorts = 1>
ST_21 : Operation 104 [1/1] (0.29ns)   --->   "%quantized = select i1 %xs_sign, i15 %result_7, i15 %val" [C:\scratch\2023.2\hls_product\689\2023.2\src\shared\hls\clib/hlsmath/include/FloatingPoint\hls_case_IEEE754.h:59->C:\scratch\2023.2\hls_product\689\2023.2\src\shared\hls\clib/hlsmath/include/FloatingPoint\hls_case_IEEE754.h:117->C:\scratch\2023.2\hls_product\689\2023.2\src\shared\hls\clib\hlsmath\src\lib_floatconversion.cpp:51->source/int4_decoder_blocks.cpp:187]   --->   Operation 104 'select' 'quantized' <Predicate = true> <Delay = 0.29> <CoreInst = "Sel">   --->   Core 73 'Sel' <Latency = 0> <II = 1> <Delay = 0.29> <FuncUnit> <Opcode : 'select'> <InPorts = 3> <OutPorts = 1>
ST_21 : Operation 105 [1/1] (0.00ns)   --->   "%trunc_ln189 = trunc i480 %quantized_word_load" [source/int4_decoder_blocks.cpp:189]   --->   Operation 105 'trunc' 'trunc_ln189' <Predicate = true> <Delay = 0.00>
ST_21 : Operation 106 [1/1] (0.00ns)   --->   "%quantized_word_6 = bitconcatenate i480 @_ssdm_op_BitConcatenate.i480.i465.i15, i465 %trunc_ln189, i15 %quantized" [source/int4_decoder_blocks.cpp:189]   --->   Operation 106 'bitconcatenate' 'quantized_word_6' <Predicate = true> <Delay = 0.00>
ST_21 : Operation 107 [1/1] (0.38ns)   --->   "%store_ln171 = store i480 %quantized_word_6, i480 %quantized_word" [source/int4_decoder_blocks.cpp:171]   --->   Operation 107 'store' 'store_ln171' <Predicate = true> <Delay = 0.38>
ST_21 : Operation 108 [1/1] (0.00ns)   --->   "%br_ln173 = br void %for.body40" [source/int4_decoder_blocks.cpp:173]   --->   Operation 108 'br' 'br_ln173' <Predicate = true> <Delay = 0.00>


============================================================
+ Verbose Summary: Binding
============================================================
STG Binding: 
---------------- STG Properties BEGIN ----------------
- Is combinational: 0
- Is one-state seq: 0
- Is datapath-only: 0
- Is pipelined: 0
- Is top level: 0
Port [ Return ] is wired: 1; IO mode=ap_ctrl_hs:ce=0
Port [ normalized]:  wired=1; compound=1; hidden=0; nouse=0; global=0; static=0; extern=0; dir=0; type=1; pingpong=0; private_global=0; MemPort=[1]; IO mode=ap_memory:ce=0
Port [ inverse_scale]:  wired=1; compound=0; hidden=0; nouse=0; global=0; static=0; extern=0; dir=0; type=0; pingpong=0; private_global=0; IO mode=ap_none:ce=0
Port [ quantized_word_out]:  wired=1; compound=0; hidden=0; nouse=0; global=0; static=0; extern=0; dir=1; type=0; pingpong=0; private_global=0; IO mode=ap_vld:ce=0
---------------- STG Properties END ------------------

---------------- Datapath Model BEGIN ----------------

<LifeTime>
<method=bitvector/>
quantized_word          (alloca           ) [ 0111111111111111111111]
index                   (alloca           ) [ 0100000000000000000000]
specmemcore_ln0         (specmemcore      ) [ 0000000000000000000000]
inverse_scale_read      (read             ) [ 0111111000000000000000]
store_ln173             (store            ) [ 0000000000000000000000]
store_ln171             (store            ) [ 0000000000000000000000]
br_ln0                  (br               ) [ 0000000000000000000000]
index_7                 (load             ) [ 0000000000000000000000]
tmp                     (bitselect        ) [ 0111111111111111111110]
br_ln173                (br               ) [ 0000000000000000000000]
zext_ln174              (zext             ) [ 0000000000000000000000]
normalized_addr         (getelementptr    ) [ 0110000000000000000000]
add_ln175               (add              ) [ 0000000000000000000000]
store_ln173             (store            ) [ 0000000000000000000000]
normalized_load         (load             ) [ 0101111000000000000000]
scaled                  (fmul             ) [ 0100000111111111000000]
bitcast_ln179           (bitcast          ) [ 0000000000000000000000]
tmp_56                  (partselect       ) [ 0000000000000000000000]
trunc_ln179             (trunc            ) [ 0000000000000000000000]
icmp_ln179              (icmp             ) [ 0000000000000000000000]
icmp_ln179_1            (icmp             ) [ 0000000000000000000000]
or_ln179                (or               ) [ 0000000000000000000000]
tmp_57                  (fcmp             ) [ 0000000000000000000000]
and_ln179               (and              ) [ 0000000000000000000000]
select_ln179            (select           ) [ 0100000001111111000000]
rounded                 (fadd             ) [ 0100000000000000110000]
bitcast_ln180           (bitcast          ) [ 0000000000000000000000]
tmp_58                  (partselect       ) [ 0000000000000000000000]
trunc_ln180             (trunc            ) [ 0000000000000000000000]
icmp_ln180              (icmp             ) [ 0000000000000000000000]
icmp_ln180_3            (icmp             ) [ 0000000000000000000000]
or_ln180                (or               ) [ 0000000000000000000000]
tmp_59                  (fcmp             ) [ 0000000000000000000000]
and_ln180               (and              ) [ 0000000000000000000000]
rounded_7               (select           ) [ 0100000000000000001100]
bitcast_ln183           (bitcast          ) [ 0000000000000000000000]
tmp_60                  (partselect       ) [ 0000000000000000000000]
trunc_ln183             (trunc            ) [ 0000000000000000000000]
icmp_ln183              (icmp             ) [ 0000000000000000000000]
icmp_ln183_1            (icmp             ) [ 0000000000000000000000]
or_ln183                (or               ) [ 0000000000000000000000]
tmp_61                  (fcmp             ) [ 0000000000000000000000]
and_ln183               (and              ) [ 0000000000000000000000]
data                    (select           ) [ 0000000000000000000000]
xs_sign                 (bitselect        ) [ 0100000000000000000011]
xs_exp                  (partselect       ) [ 0100000000000000000010]
trunc_ln342             (trunc            ) [ 0100000000000000000010]
mantissa                (bitconcatenate   ) [ 0000000000000000000000]
zext_ln15               (zext             ) [ 0000000000000000000000]
zext_ln317              (zext             ) [ 0000000000000000000000]
add_ln317               (add              ) [ 0000000000000000000000]
tmp_253                 (bitselect        ) [ 0000000000000000000000]
sub_ln18                (sub              ) [ 0000000000000000000000]
sext_ln18               (sext             ) [ 0000000000000000000000]
select_ln18             (select           ) [ 0000000000000000000000]
sext_ln18_7             (sext             ) [ 0000000000000000000000]
zext_ln18               (zext             ) [ 0000000000000000000000]
lshr_ln18               (lshr             ) [ 0000000000000000000000]
shl_ln18                (shl              ) [ 0000000000000000000000]
tmp_254                 (partselect       ) [ 0000000000000000000000]
tmp_255                 (partselect       ) [ 0000000000000000000000]
val                     (select           ) [ 0100000000000000000001]
quantized_word_load     (load             ) [ 0000000000000000000000]
specpipeline_ln176      (specpipeline     ) [ 0000000000000000000000]
speclooptripcount_ln171 (speclooptripcount) [ 0000000000000000000000]
specloopname_ln173      (specloopname     ) [ 0000000000000000000000]
result_7                (sub              ) [ 0000000000000000000000]
quantized               (select           ) [ 0000000000000000000000]
trunc_ln189             (trunc            ) [ 0000000000000000000000]
quantized_word_6        (bitconcatenate   ) [ 0000000000000000000000]
store_ln171             (store            ) [ 0000000000000000000000]
br_ln173                (br               ) [ 0000000000000000000000]
quantized_word_load_6   (load             ) [ 0000000000000000000000]
write_ln0               (write            ) [ 0000000000000000000000]
ret_ln0                 (ret              ) [ 0000000000000000000000]
</LifeTime>

<model>

<comp_list>
<comp id="0" class="1000" name="normalized">
<pin_list>
<pin id="1" dir="1" index="0" bw="1" slack="0"/>
</pin_list>
<bind>
<StgValue><ssdm name="normalized"/><MemPortTyVec>1 </MemPortTyVec>
</StgValue>
</bind>
</comp>

<comp id="2" class="1000" name="inverse_scale">
<pin_list>
<pin id="3" dir="1" index="0" bw="1" slack="0"/>
</pin_list>
<bind>
<StgValue><ssdm name="inverse_scale"/></StgValue>
</bind>
</comp>

<comp id="4" class="1000" name="quantized_word_out">
<pin_list>
<pin id="5" dir="1" index="0" bw="1" slack="0"/>
</pin_list>
<bind>
<StgValue><ssdm name="quantized_word_out"/></StgValue>
</bind>
</comp>

<comp id="6" class="1001" name="const_6">
<pin_list>
<pin id="7" dir="1" index="0" bw="1" slack="0"/>
</pin_list>
<bind>
<StgValue><ssdm name=""/></StgValue>
</bind>
</comp>

<comp id="8" class="1001" name="const_8">
<pin_list>
<pin id="9" dir="1" index="0" bw="1" slack="2147483647"/>
</pin_list>
<bind>
<StgValue><ssdm name="_ssdm_op_SpecMemCore"/></StgValue>
</bind>
</comp>

<comp id="10" class="1001" name="const_10">
<pin_list>
<pin id="11" dir="1" index="0" bw="1" slack="2147483647"/>
</pin_list>
<bind>
<StgValue><ssdm name=""/></StgValue>
</bind>
</comp>

<comp id="12" class="1001" name="const_12">
<pin_list>
<pin id="13" dir="1" index="0" bw="1" slack="2147483647"/>
</pin_list>
<bind>
<StgValue><ssdm name=""/></StgValue>
</bind>
</comp>

<comp id="14" class="1001" name="const_14">
<pin_list>
<pin id="15" dir="1" index="0" bw="1" slack="2147483647"/>
</pin_list>
<bind>
<StgValue><ssdm name=""/></StgValue>
</bind>
</comp>

<comp id="16" class="1001" name="const_16">
<pin_list>
<pin id="17" dir="1" index="0" bw="1" slack="0"/>
</pin_list>
<bind>
<StgValue><ssdm name="_ssdm_op_Read.ap_auto.float"/></StgValue>
</bind>
</comp>

<comp id="18" class="1001" name="const_18">
<pin_list>
<pin id="19" dir="1" index="0" bw="1" slack="0"/>
</pin_list>
<bind>
<StgValue><ssdm name=""/></StgValue>
</bind>
</comp>

<comp id="20" class="1001" name="const_20">
<pin_list>
<pin id="21" dir="1" index="0" bw="1" slack="0"/>
</pin_list>
<bind>
<StgValue><ssdm name=""/></StgValue>
</bind>
</comp>

<comp id="22" class="1001" name="const_22">
<pin_list>
<pin id="23" dir="1" index="0" bw="1" slack="0"/>
</pin_list>
<bind>
<StgValue><ssdm name="_ssdm_op_BitSelect.i1.i6.i32"/></StgValue>
</bind>
</comp>

<comp id="24" class="1001" name="const_24">
<pin_list>
<pin id="25" dir="1" index="0" bw="1" slack="0"/>
</pin_list>
<bind>
<StgValue><ssdm name=""/></StgValue>
</bind>
</comp>

<comp id="26" class="1001" name="const_26">
<pin_list>
<pin id="27" dir="1" index="0" bw="1" slack="0"/>
</pin_list>
<bind>
<StgValue><ssdm name=""/></StgValue>
</bind>
</comp>

<comp id="28" class="1001" name="const_28">
<pin_list>
<pin id="29" dir="1" index="0" bw="1" slack="0"/>
</pin_list>
<bind>
<StgValue><ssdm name=""/></StgValue>
</bind>
</comp>

<comp id="30" class="1001" name="const_30">
<pin_list>
<pin id="31" dir="1" index="0" bw="1" slack="0"/>
</pin_list>
<bind>
<StgValue><ssdm name=""/></StgValue>
</bind>
</comp>

<comp id="32" class="1001" name="const_32">
<pin_list>
<pin id="33" dir="1" index="0" bw="1" slack="0"/>
</pin_list>
<bind>
<StgValue><ssdm name="_ssdm_op_PartSelect.i8.i32.i32.i32"/></StgValue>
</bind>
</comp>

<comp id="34" class="1001" name="const_34">
<pin_list>
<pin id="35" dir="1" index="0" bw="1" slack="0"/>
</pin_list>
<bind>
<StgValue><ssdm name=""/></StgValue>
</bind>
</comp>

<comp id="36" class="1001" name="const_36">
<pin_list>
<pin id="37" dir="1" index="0" bw="1" slack="0"/>
</pin_list>
<bind>
<StgValue><ssdm name=""/></StgValue>
</bind>
</comp>

<comp id="38" class="1001" name="const_38">
<pin_list>
<pin id="39" dir="1" index="0" bw="1" slack="0"/>
</pin_list>
<bind>
<StgValue><ssdm name=""/></StgValue>
</bind>
</comp>

<comp id="40" class="1001" name="const_40">
<pin_list>
<pin id="41" dir="1" index="0" bw="1" slack="0"/>
</pin_list>
<bind>
<StgValue><ssdm name=""/></StgValue>
</bind>
</comp>

<comp id="42" class="1001" name="const_42">
<pin_list>
<pin id="43" dir="1" index="0" bw="1" slack="0"/>
</pin_list>
<bind>
<StgValue><ssdm name=""/></StgValue>
</bind>
</comp>

<comp id="44" class="1001" name="const_44">
<pin_list>
<pin id="45" dir="1" index="0" bw="1" slack="0"/>
</pin_list>
<bind>
<StgValue><ssdm name=""/></StgValue>
</bind>
</comp>

<comp id="46" class="1001" name="const_46">
<pin_list>
<pin id="47" dir="1" index="0" bw="1" slack="0"/>
</pin_list>
<bind>
<StgValue><ssdm name=""/></StgValue>
</bind>
</comp>

<comp id="48" class="1001" name="const_48">
<pin_list>
<pin id="49" dir="1" index="0" bw="1" slack="0"/>
</pin_list>
<bind>
<StgValue><ssdm name=""/></StgValue>
</bind>
</comp>

<comp id="50" class="1001" name="const_50">
<pin_list>
<pin id="51" dir="1" index="0" bw="1" slack="0"/>
</pin_list>
<bind>
<StgValue><ssdm name=""/></StgValue>
</bind>
</comp>

<comp id="52" class="1001" name="const_52">
<pin_list>
<pin id="53" dir="1" index="0" bw="1" slack="0"/>
</pin_list>
<bind>
<StgValue><ssdm name="_ssdm_op_BitSelect.i1.i32.i32"/></StgValue>
</bind>
</comp>

<comp id="54" class="1001" name="const_54">
<pin_list>
<pin id="55" dir="1" index="0" bw="1" slack="0"/>
</pin_list>
<bind>
<StgValue><ssdm name=""/></StgValue>
</bind>
</comp>

<comp id="56" class="1001" name="const_56">
<pin_list>
<pin id="57" dir="1" index="0" bw="1" slack="0"/>
</pin_list>
<bind>
<StgValue><ssdm name="_ssdm_op_BitConcatenate.i25.i1.i23.i1"/></StgValue>
</bind>
</comp>

<comp id="58" class="1001" name="const_58">
<pin_list>
<pin id="59" dir="1" index="0" bw="1" slack="0"/>
</pin_list>
<bind>
<StgValue><ssdm name=""/></StgValue>
</bind>
</comp>

<comp id="60" class="1001" name="const_60">
<pin_list>
<pin id="61" dir="1" index="0" bw="1" slack="0"/>
</pin_list>
<bind>
<StgValue><ssdm name=""/></StgValue>
</bind>
</comp>

<comp id="62" class="1001" name="const_62">
<pin_list>
<pin id="63" dir="1" index="0" bw="1" slack="0"/>
</pin_list>
<bind>
<StgValue><ssdm name=""/></StgValue>
</bind>
</comp>

<comp id="64" class="1001" name="const_64">
<pin_list>
<pin id="65" dir="1" index="0" bw="1" slack="0"/>
</pin_list>
<bind>
<StgValue><ssdm name="_ssdm_op_BitSelect.i1.i9.i32"/></StgValue>
</bind>
</comp>

<comp id="66" class="1001" name="const_66">
<pin_list>
<pin id="67" dir="1" index="0" bw="1" slack="0"/>
</pin_list>
<bind>
<StgValue><ssdm name=""/></StgValue>
</bind>
</comp>

<comp id="68" class="1001" name="const_68">
<pin_list>
<pin id="69" dir="1" index="0" bw="1" slack="0"/>
</pin_list>
<bind>
<StgValue><ssdm name=""/></StgValue>
</bind>
</comp>

<comp id="70" class="1001" name="const_70">
<pin_list>
<pin id="71" dir="1" index="0" bw="1" slack="0"/>
</pin_list>
<bind>
<StgValue><ssdm name="_ssdm_op_PartSelect.i15.i79.i32.i32"/></StgValue>
</bind>
</comp>

<comp id="72" class="1001" name="const_72">
<pin_list>
<pin id="73" dir="1" index="0" bw="1" slack="0"/>
</pin_list>
<bind>
<StgValue><ssdm name=""/></StgValue>
</bind>
</comp>

<comp id="74" class="1001" name="const_74">
<pin_list>
<pin id="75" dir="1" index="0" bw="1" slack="0"/>
</pin_list>
<bind>
<StgValue><ssdm name=""/></StgValue>
</bind>
</comp>

<comp id="76" class="1001" name="const_76">
<pin_list>
<pin id="77" dir="1" index="0" bw="1" slack="2147483647"/>
</pin_list>
<bind>
<StgValue><ssdm name="_ssdm_op_SpecPipeline"/></StgValue>
</bind>
</comp>

<comp id="78" class="1001" name="const_78">
<pin_list>
<pin id="79" dir="1" index="0" bw="1" slack="2147483647"/>
</pin_list>
<bind>
<StgValue><ssdm name=""/></StgValue>
</bind>
</comp>

<comp id="80" class="1001" name="const_80">
<pin_list>
<pin id="81" dir="1" index="0" bw="1" slack="2147483647"/>
</pin_list>
<bind>
<StgValue><ssdm name="empty_418"/></StgValue>
</bind>
</comp>

<comp id="82" class="1001" name="const_82">
<pin_list>
<pin id="83" dir="1" index="0" bw="1" slack="2147483647"/>
</pin_list>
<bind>
<StgValue><ssdm name="_ssdm_op_SpecLoopTripCount"/></StgValue>
</bind>
</comp>

<comp id="84" class="1001" name="const_84">
<pin_list>
<pin id="85" dir="1" index="0" bw="1" slack="2147483647"/>
</pin_list>
<bind>
<StgValue><ssdm name=""/></StgValue>
</bind>
</comp>

<comp id="86" class="1001" name="const_86">
<pin_list>
<pin id="87" dir="1" index="0" bw="1" slack="2147483647"/>
</pin_list>
<bind>
<StgValue><ssdm name="_ssdm_op_SpecLoopName"/></StgValue>
</bind>
</comp>

<comp id="88" class="1001" name="const_88">
<pin_list>
<pin id="89" dir="1" index="0" bw="1" slack="2147483647"/>
</pin_list>
<bind>
<StgValue><ssdm name="empty_488"/></StgValue>
</bind>
</comp>

<comp id="90" class="1001" name="const_90">
<pin_list>
<pin id="91" dir="1" index="0" bw="1" slack="0"/>
</pin_list>
<bind>
<StgValue><ssdm name=""/></StgValue>
</bind>
</comp>

<comp id="92" class="1001" name="const_92">
<pin_list>
<pin id="93" dir="1" index="0" bw="1" slack="0"/>
</pin_list>
<bind>
<StgValue><ssdm name="_ssdm_op_BitConcatenate.i480.i465.i15"/></StgValue>
</bind>
</comp>

<comp id="94" class="1001" name="const_94">
<pin_list>
<pin id="95" dir="1" index="0" bw="1" slack="0"/>
</pin_list>
<bind>
<StgValue><ssdm name="_ssdm_op_Write.ap_auto.i480P0A"/></StgValue>
</bind>
</comp>

<comp id="96" class="1004" name="quantized_word_fu_96">
<pin_list>
<pin id="97" dir="0" index="0" bw="1" slack="0"/>
<pin id="98" dir="1" index="1" bw="480" slack="0"/>
</pin_list>
<bind>
<opcode="alloca(26) " fcode="alloca"/>
<opset="quantized_word/1 "/>
</bind>
</comp>

<comp id="100" class="1004" name="index_fu_100">
<pin_list>
<pin id="101" dir="0" index="0" bw="1" slack="0"/>
<pin id="102" dir="1" index="1" bw="6" slack="0"/>
</pin_list>
<bind>
<opcode="alloca(26) " fcode="alloca"/>
<opset="index/1 "/>
</bind>
</comp>

<comp id="104" class="1004" name="inverse_scale_read_read_fu_104">
<pin_list>
<pin id="105" dir="0" index="0" bw="32" slack="0"/>
<pin id="106" dir="0" index="1" bw="32" slack="0"/>
<pin id="107" dir="1" index="2" bw="32" slack="2"/>
</pin_list>
<bind>
<opcode="read(1150) " fcode="read"/>
<opset="inverse_scale_read/1 "/>
</bind>
</comp>

<comp id="110" class="1004" name="write_ln0_write_fu_110">
<pin_list>
<pin id="111" dir="0" index="0" bw="0" slack="0"/>
<pin id="112" dir="0" index="1" bw="480" slack="0"/>
<pin id="113" dir="0" index="2" bw="480" slack="0"/>
<pin id="114" dir="1" index="3" bw="0" slack="2147483647"/>
</pin_list>
<bind>
<opcode="write(1151) " fcode="write"/>
<opset="write_ln0/20 "/>
</bind>
</comp>

<comp id="117" class="1004" name="normalized_addr_gep_fu_117">
<pin_list>
<pin id="118" dir="0" index="0" bw="32" slack="0"/>
<pin id="119" dir="0" index="1" bw="1" slack="0"/>
<pin id="120" dir="0" index="2" bw="6" slack="0"/>
<pin id="121" dir="1" index="3" bw="5" slack="0"/>
</pin_list>
<bind>
<opcode="getelementptr(29) " fcode="getelementptr"/>
<opset="normalized_addr/1 "/>
</bind>
</comp>

<comp id="124" class="1004" name="grp_access_fu_124">
<pin_list>
<pin id="125" dir="0" index="0" bw="5" slack="0"/>
<pin id="126" dir="0" index="1" bw="32" slack="2147483647"/>
<pin id="127" dir="0" index="2" bw="0" slack="2147483647"/>
<pin id="128" dir="1" index="3" bw="32" slack="1"/>
</pin_list>
<bind>
<opcode="load(27) " fcode="load"/>
<opset="normalized_load/1 "/>
</bind>
</comp>

<comp id="130" class="1004" name="grp_fu_130">
<pin_list>
<pin id="131" dir="0" index="0" bw="32" slack="3"/>
<pin id="132" dir="0" index="1" bw="32" slack="1"/>
<pin id="133" dir="1" index="2" bw="32" slack="1"/>
</pin_list>
<bind>
<opcode="fadd(9) " fcode="fadd"/>
<opset="rounded/9 "/>
</bind>
</comp>

<comp id="134" class="1004" name="grp_fu_134">
<pin_list>
<pin id="135" dir="0" index="0" bw="32" slack="1"/>
<pin id="136" dir="0" index="1" bw="32" slack="2"/>
<pin id="137" dir="1" index="2" bw="32" slack="1"/>
</pin_list>
<bind>
<opcode="fmul(13) " fcode="fmul"/>
<opset="scaled/3 "/>
</bind>
</comp>

<comp id="138" class="1004" name="grp_fu_138">
<pin_list>
<pin id="139" dir="0" index="0" bw="32" slack="1"/>
<pin id="140" dir="0" index="1" bw="32" slack="0"/>
<pin id="141" dir="1" index="2" bw="1" slack="0"/>
</pin_list>
<bind>
<opcode="fcmp(46) " fcode="fcmp"/>
<opset="tmp_57/7 "/>
</bind>
</comp>

<comp id="143" class="1004" name="grp_fu_143">
<pin_list>
<pin id="144" dir="0" index="0" bw="32" slack="1"/>
<pin id="145" dir="0" index="1" bw="32" slack="0"/>
<pin id="146" dir="1" index="2" bw="1" slack="0"/>
</pin_list>
<bind>
<opcode="fcmp(46) " fcode="fcmp"/>
<opset="tmp_59/16 "/>
</bind>
</comp>

<comp id="148" class="1004" name="grp_fu_148">
<pin_list>
<pin id="149" dir="0" index="0" bw="32" slack="1"/>
<pin id="150" dir="0" index="1" bw="32" slack="0"/>
<pin id="151" dir="1" index="2" bw="1" slack="0"/>
</pin_list>
<bind>
<opcode="fcmp(46) " fcode="fcmp"/>
<opset="tmp_61/18 "/>
</bind>
</comp>

<comp id="153" class="1004" name="store_ln173_store_fu_153">
<pin_list>
<pin id="154" dir="0" index="0" bw="6" slack="0"/>
<pin id="155" dir="0" index="1" bw="6" slack="0"/>
<pin id="156" dir="1" index="2" bw="0" slack="2147483647"/>
</pin_list>
<bind>
<opcode="store(28) " fcode="store"/>
<opset="store_ln173/1 "/>
</bind>
</comp>

<comp id="158" class="1004" name="store_ln171_store_fu_158">
<pin_list>
<pin id="159" dir="0" index="0" bw="1" slack="0"/>
<pin id="160" dir="0" index="1" bw="480" slack="0"/>
<pin id="161" dir="1" index="2" bw="0" slack="2147483647"/>
</pin_list>
<bind>
<opcode="store(28) " fcode="store"/>
<opset="store_ln171/1 "/>
</bind>
</comp>

<comp id="163" class="1004" name="index_7_load_fu_163">
<pin_list>
<pin id="164" dir="0" index="0" bw="6" slack="0"/>
<pin id="165" dir="1" index="1" bw="6" slack="0"/>
</pin_list>
<bind>
<opcode="load(27) " fcode="load"/>
<opset="index_7/1 "/>
</bind>
</comp>

<comp id="166" class="1004" name="tmp_fu_166">
<pin_list>
<pin id="167" dir="0" index="0" bw="1" slack="0"/>
<pin id="168" dir="0" index="1" bw="6" slack="0"/>
<pin id="169" dir="0" index="2" bw="4" slack="0"/>
<pin id="170" dir="1" index="3" bw="1" slack="19"/>
</pin_list>
<bind>
<opcode="bitselect(1000) " fcode="bitselect"/>
<opset="tmp/1 "/>
</bind>
</comp>

<comp id="174" class="1004" name="zext_ln174_fu_174">
<pin_list>
<pin id="175" dir="0" index="0" bw="6" slack="0"/>
<pin id="176" dir="1" index="1" bw="64" slack="0"/>
</pin_list>
<bind>
<opcode="zext(34) " fcode="zext"/>
<opset="zext_ln174/1 "/>
</bind>
</comp>

<comp id="179" class="1004" name="add_ln175_fu_179">
<pin_list>
<pin id="180" dir="0" index="0" bw="6" slack="0"/>
<pin id="181" dir="0" index="1" bw="1" slack="0"/>
<pin id="182" dir="1" index="2" bw="6" slack="0"/>
</pin_list>
<bind>
<opcode="add(8) " fcode="add"/>
<opset="add_ln175/1 "/>
</bind>
</comp>

<comp id="185" class="1004" name="store_ln173_store_fu_185">
<pin_list>
<pin id="186" dir="0" index="0" bw="6" slack="0"/>
<pin id="187" dir="0" index="1" bw="6" slack="0"/>
<pin id="188" dir="1" index="2" bw="0" slack="2147483647"/>
</pin_list>
<bind>
<opcode="store(28) " fcode="store"/>
<opset="store_ln173/1 "/>
</bind>
</comp>

<comp id="190" class="1004" name="bitcast_ln179_fu_190">
<pin_list>
<pin id="191" dir="0" index="0" bw="32" slack="2"/>
<pin id="192" dir="1" index="1" bw="32" slack="0"/>
</pin_list>
<bind>
<opcode="bitcast(44) " fcode="bitcast"/>
<opset="bitcast_ln179/8 "/>
</bind>
</comp>

<comp id="193" class="1004" name="tmp_56_fu_193">
<pin_list>
<pin id="194" dir="0" index="0" bw="8" slack="0"/>
<pin id="195" dir="0" index="1" bw="32" slack="0"/>
<pin id="196" dir="0" index="2" bw="6" slack="0"/>
<pin id="197" dir="0" index="3" bw="6" slack="0"/>
<pin id="198" dir="1" index="4" bw="8" slack="0"/>
</pin_list>
<bind>
<opcode="partselect(1002) " fcode="partselect"/>
<opset="tmp_56/8 "/>
</bind>
</comp>

<comp id="203" class="1004" name="trunc_ln179_fu_203">
<pin_list>
<pin id="204" dir="0" index="0" bw="32" slack="0"/>
<pin id="205" dir="1" index="1" bw="23" slack="0"/>
</pin_list>
<bind>
<opcode="trunc(33) " fcode="trunc"/>
<opset="trunc_ln179/8 "/>
</bind>
</comp>

<comp id="207" class="1004" name="icmp_ln179_fu_207">
<pin_list>
<pin id="208" dir="0" index="0" bw="8" slack="0"/>
<pin id="209" dir="0" index="1" bw="1" slack="0"/>
<pin id="210" dir="1" index="2" bw="1" slack="0"/>
</pin_list>
<bind>
<opcode="icmp(45) " fcode="icmp"/>
<opset="icmp_ln179/8 "/>
</bind>
</comp>

<comp id="213" class="1004" name="icmp_ln179_1_fu_213">
<pin_list>
<pin id="214" dir="0" index="0" bw="23" slack="0"/>
<pin id="215" dir="0" index="1" bw="1" slack="0"/>
<pin id="216" dir="1" index="2" bw="1" slack="0"/>
</pin_list>
<bind>
<opcode="icmp(45) " fcode="icmp"/>
<opset="icmp_ln179_1/8 "/>
</bind>
</comp>

<comp id="219" class="1004" name="or_ln179_fu_219">
<pin_list>
<pin id="220" dir="0" index="0" bw="1" slack="0"/>
<pin id="221" dir="0" index="1" bw="1" slack="0"/>
<pin id="222" dir="1" index="2" bw="1" slack="0"/>
</pin_list>
<bind>
<opcode="or(24) " fcode="or"/>
<opset="or_ln179/8 "/>
</bind>
</comp>

<comp id="225" class="1004" name="and_ln179_fu_225">
<pin_list>
<pin id="226" dir="0" index="0" bw="1" slack="0"/>
<pin id="227" dir="0" index="1" bw="1" slack="0"/>
<pin id="228" dir="1" index="2" bw="1" slack="0"/>
</pin_list>
<bind>
<opcode="and(23) " fcode="and"/>
<opset="and_ln179/8 "/>
</bind>
</comp>

<comp id="231" class="1004" name="select_ln179_fu_231">
<pin_list>
<pin id="232" dir="0" index="0" bw="1" slack="0"/>
<pin id="233" dir="0" index="1" bw="32" slack="0"/>
<pin id="234" dir="0" index="2" bw="32" slack="0"/>
<pin id="235" dir="1" index="3" bw="32" slack="1"/>
</pin_list>
<bind>
<opcode="select(49) " fcode="select"/>
<opset="select_ln179/8 "/>
</bind>
</comp>

<comp id="239" class="1004" name="bitcast_ln180_fu_239">
<pin_list>
<pin id="240" dir="0" index="0" bw="32" slack="2"/>
<pin id="241" dir="1" index="1" bw="32" slack="0"/>
</pin_list>
<bind>
<opcode="bitcast(44) " fcode="bitcast"/>
<opset="bitcast_ln180/17 "/>
</bind>
</comp>

<comp id="242" class="1004" name="tmp_58_fu_242">
<pin_list>
<pin id="243" dir="0" index="0" bw="8" slack="0"/>
<pin id="244" dir="0" index="1" bw="32" slack="0"/>
<pin id="245" dir="0" index="2" bw="6" slack="0"/>
<pin id="246" dir="0" index="3" bw="6" slack="0"/>
<pin id="247" dir="1" index="4" bw="8" slack="0"/>
</pin_list>
<bind>
<opcode="partselect(1002) " fcode="partselect"/>
<opset="tmp_58/17 "/>
</bind>
</comp>

<comp id="252" class="1004" name="trunc_ln180_fu_252">
<pin_list>
<pin id="253" dir="0" index="0" bw="32" slack="0"/>
<pin id="254" dir="1" index="1" bw="23" slack="0"/>
</pin_list>
<bind>
<opcode="trunc(33) " fcode="trunc"/>
<opset="trunc_ln180/17 "/>
</bind>
</comp>

<comp id="256" class="1004" name="icmp_ln180_fu_256">
<pin_list>
<pin id="257" dir="0" index="0" bw="8" slack="0"/>
<pin id="258" dir="0" index="1" bw="1" slack="0"/>
<pin id="259" dir="1" index="2" bw="1" slack="0"/>
</pin_list>
<bind>
<opcode="icmp(45) " fcode="icmp"/>
<opset="icmp_ln180/17 "/>
</bind>
</comp>

<comp id="262" class="1004" name="icmp_ln180_3_fu_262">
<pin_list>
<pin id="263" dir="0" index="0" bw="23" slack="0"/>
<pin id="264" dir="0" index="1" bw="1" slack="0"/>
<pin id="265" dir="1" index="2" bw="1" slack="0"/>
</pin_list>
<bind>
<opcode="icmp(45) " fcode="icmp"/>
<opset="icmp_ln180_3/17 "/>
</bind>
</comp>

<comp id="268" class="1004" name="or_ln180_fu_268">
<pin_list>
<pin id="269" dir="0" index="0" bw="1" slack="0"/>
<pin id="270" dir="0" index="1" bw="1" slack="0"/>
<pin id="271" dir="1" index="2" bw="1" slack="0"/>
</pin_list>
<bind>
<opcode="or(24) " fcode="or"/>
<opset="or_ln180/17 "/>
</bind>
</comp>

<comp id="274" class="1004" name="and_ln180_fu_274">
<pin_list>
<pin id="275" dir="0" index="0" bw="1" slack="0"/>
<pin id="276" dir="0" index="1" bw="1" slack="0"/>
<pin id="277" dir="1" index="2" bw="1" slack="0"/>
</pin_list>
<bind>
<opcode="and(23) " fcode="and"/>
<opset="and_ln180/17 "/>
</bind>
</comp>

<comp id="280" class="1004" name="rounded_7_fu_280">
<pin_list>
<pin id="281" dir="0" index="0" bw="1" slack="0"/>
<pin id="282" dir="0" index="1" bw="32" slack="0"/>
<pin id="283" dir="0" index="2" bw="32" slack="2"/>
<pin id="284" dir="1" index="3" bw="32" slack="1"/>
</pin_list>
<bind>
<opcode="select(49) " fcode="select"/>
<opset="rounded_7/17 "/>
</bind>
</comp>

<comp id="287" class="1004" name="bitcast_ln183_fu_287">
<pin_list>
<pin id="288" dir="0" index="0" bw="32" slack="2"/>
<pin id="289" dir="1" index="1" bw="32" slack="0"/>
</pin_list>
<bind>
<opcode="bitcast(44) " fcode="bitcast"/>
<opset="bitcast_ln183/19 "/>
</bind>
</comp>

<comp id="290" class="1004" name="tmp_60_fu_290">
<pin_list>
<pin id="291" dir="0" index="0" bw="8" slack="0"/>
<pin id="292" dir="0" index="1" bw="32" slack="0"/>
<pin id="293" dir="0" index="2" bw="6" slack="0"/>
<pin id="294" dir="0" index="3" bw="6" slack="0"/>
<pin id="295" dir="1" index="4" bw="8" slack="0"/>
</pin_list>
<bind>
<opcode="partselect(1002) " fcode="partselect"/>
<opset="tmp_60/19 "/>
</bind>
</comp>

<comp id="300" class="1004" name="trunc_ln183_fu_300">
<pin_list>
<pin id="301" dir="0" index="0" bw="32" slack="0"/>
<pin id="302" dir="1" index="1" bw="23" slack="0"/>
</pin_list>
<bind>
<opcode="trunc(33) " fcode="trunc"/>
<opset="trunc_ln183/19 "/>
</bind>
</comp>

<comp id="304" class="1004" name="icmp_ln183_fu_304">
<pin_list>
<pin id="305" dir="0" index="0" bw="8" slack="0"/>
<pin id="306" dir="0" index="1" bw="1" slack="0"/>
<pin id="307" dir="1" index="2" bw="1" slack="0"/>
</pin_list>
<bind>
<opcode="icmp(45) " fcode="icmp"/>
<opset="icmp_ln183/19 "/>
</bind>
</comp>

<comp id="310" class="1004" name="icmp_ln183_1_fu_310">
<pin_list>
<pin id="311" dir="0" index="0" bw="23" slack="0"/>
<pin id="312" dir="0" index="1" bw="1" slack="0"/>
<pin id="313" dir="1" index="2" bw="1" slack="0"/>
</pin_list>
<bind>
<opcode="icmp(45) " fcode="icmp"/>
<opset="icmp_ln183_1/19 "/>
</bind>
</comp>

<comp id="316" class="1004" name="or_ln183_fu_316">
<pin_list>
<pin id="317" dir="0" index="0" bw="1" slack="0"/>
<pin id="318" dir="0" index="1" bw="1" slack="0"/>
<pin id="319" dir="1" index="2" bw="1" slack="0"/>
</pin_list>
<bind>
<opcode="or(24) " fcode="or"/>
<opset="or_ln183/19 "/>
</bind>
</comp>

<comp id="322" class="1004" name="and_ln183_fu_322">
<pin_list>
<pin id="323" dir="0" index="0" bw="1" slack="0"/>
<pin id="324" dir="0" index="1" bw="1" slack="0"/>
<pin id="325" dir="1" index="2" bw="1" slack="0"/>
</pin_list>
<bind>
<opcode="and(23) " fcode="and"/>
<opset="and_ln183/19 "/>
</bind>
</comp>

<comp id="328" class="1004" name="data_fu_328">
<pin_list>
<pin id="329" dir="0" index="0" bw="1" slack="0"/>
<pin id="330" dir="0" index="1" bw="31" slack="0"/>
<pin id="331" dir="0" index="2" bw="32" slack="0"/>
<pin id="332" dir="1" index="3" bw="32" slack="0"/>
</pin_list>
<bind>
<opcode="select(49) " fcode="select"/>
<opset="data/19 "/>
</bind>
</comp>

<comp id="336" class="1004" name="xs_sign_fu_336">
<pin_list>
<pin id="337" dir="0" index="0" bw="1" slack="0"/>
<pin id="338" dir="0" index="1" bw="32" slack="0"/>
<pin id="339" dir="0" index="2" bw="6" slack="0"/>
<pin id="340" dir="1" index="3" bw="1" slack="2"/>
</pin_list>
<bind>
<opcode="bitselect(1000) " fcode="bitselect"/>
<opset="xs_sign/19 "/>
</bind>
</comp>

<comp id="344" class="1004" name="xs_exp_fu_344">
<pin_list>
<pin id="345" dir="0" index="0" bw="8" slack="0"/>
<pin id="346" dir="0" index="1" bw="32" slack="0"/>
<pin id="347" dir="0" index="2" bw="6" slack="0"/>
<pin id="348" dir="0" index="3" bw="6" slack="0"/>
<pin id="349" dir="1" index="4" bw="8" slack="1"/>
</pin_list>
<bind>
<opcode="partselect(1002) " fcode="partselect"/>
<opset="xs_exp/19 "/>
</bind>
</comp>

<comp id="354" class="1004" name="trunc_ln342_fu_354">
<pin_list>
<pin id="355" dir="0" index="0" bw="32" slack="0"/>
<pin id="356" dir="1" index="1" bw="23" slack="1"/>
</pin_list>
<bind>
<opcode="trunc(33) " fcode="trunc"/>
<opset="trunc_ln342/19 "/>
</bind>
</comp>

<comp id="358" class="1004" name="mantissa_fu_358">
<pin_list>
<pin id="359" dir="0" index="0" bw="25" slack="0"/>
<pin id="360" dir="0" index="1" bw="1" slack="0"/>
<pin id="361" dir="0" index="2" bw="23" slack="1"/>
<pin id="362" dir="0" index="3" bw="1" slack="0"/>
<pin id="363" dir="1" index="4" bw="25" slack="0"/>
</pin_list>
<bind>
<opcode="bitconcatenate(1004) " fcode="bitconcatenate"/>
<opset="mantissa/20 "/>
</bind>
</comp>

<comp id="367" class="1004" name="zext_ln15_fu_367">
<pin_list>
<pin id="368" dir="0" index="0" bw="25" slack="0"/>
<pin id="369" dir="1" index="1" bw="79" slack="0"/>
</pin_list>
<bind>
<opcode="zext(34) " fcode="zext"/>
<opset="zext_ln15/20 "/>
</bind>
</comp>

<comp id="371" class="1004" name="zext_ln317_fu_371">
<pin_list>
<pin id="372" dir="0" index="0" bw="8" slack="1"/>
<pin id="373" dir="1" index="1" bw="9" slack="0"/>
</pin_list>
<bind>
<opcode="zext(34) " fcode="zext"/>
<opset="zext_ln317/20 "/>
</bind>
</comp>

<comp id="374" class="1004" name="add_ln317_fu_374">
<pin_list>
<pin id="375" dir="0" index="0" bw="8" slack="0"/>
<pin id="376" dir="0" index="1" bw="8" slack="0"/>
<pin id="377" dir="1" index="2" bw="9" slack="0"/>
</pin_list>
<bind>
<opcode="add(8) " fcode="add"/>
<opset="add_ln317/20 "/>
</bind>
</comp>

<comp id="380" class="1004" name="tmp_253_fu_380">
<pin_list>
<pin id="381" dir="0" index="0" bw="1" slack="0"/>
<pin id="382" dir="0" index="1" bw="9" slack="0"/>
<pin id="383" dir="0" index="2" bw="5" slack="0"/>
<pin id="384" dir="1" index="3" bw="1" slack="0"/>
</pin_list>
<bind>
<opcode="bitselect(1000) " fcode="bitselect"/>
<opset="tmp_253/20 "/>
</bind>
</comp>

<comp id="388" class="1004" name="sub_ln18_fu_388">
<pin_list>
<pin id="389" dir="0" index="0" bw="8" slack="0"/>
<pin id="390" dir="0" index="1" bw="8" slack="1"/>
<pin id="391" dir="1" index="2" bw="8" slack="0"/>
</pin_list>
<bind>
<opcode="sub(10) " fcode="sub"/>
<opset="sub_ln18/20 "/>
</bind>
</comp>

<comp id="393" class="1004" name="sext_ln18_fu_393">
<pin_list>
<pin id="394" dir="0" index="0" bw="8" slack="0"/>
<pin id="395" dir="1" index="1" bw="9" slack="0"/>
</pin_list>
<bind>
<opcode="sext(35) " fcode="sext"/>
<opset="sext_ln18/20 "/>
</bind>
</comp>

<comp id="397" class="1004" name="select_ln18_fu_397">
<pin_list>
<pin id="398" dir="0" index="0" bw="1" slack="0"/>
<pin id="399" dir="0" index="1" bw="8" slack="0"/>
<pin id="400" dir="0" index="2" bw="9" slack="0"/>
<pin id="401" dir="1" index="3" bw="9" slack="0"/>
</pin_list>
<bind>
<opcode="select(49) " fcode="select"/>
<opset="select_ln18/20 "/>
</bind>
</comp>

<comp id="405" class="1004" name="sext_ln18_7_fu_405">
<pin_list>
<pin id="406" dir="0" index="0" bw="9" slack="0"/>
<pin id="407" dir="1" index="1" bw="32" slack="0"/>
</pin_list>
<bind>
<opcode="sext(35) " fcode="sext"/>
<opset="sext_ln18_7/20 "/>
</bind>
</comp>

<comp id="409" class="1004" name="zext_ln18_fu_409">
<pin_list>
<pin id="410" dir="0" index="0" bw="9" slack="0"/>
<pin id="411" dir="1" index="1" bw="79" slack="0"/>
</pin_list>
<bind>
<opcode="zext(34) " fcode="zext"/>
<opset="zext_ln18/20 "/>
</bind>
</comp>

<comp id="413" class="1004" name="lshr_ln18_fu_413">
<pin_list>
<pin id="414" dir="0" index="0" bw="25" slack="0"/>
<pin id="415" dir="0" index="1" bw="32" slack="0"/>
<pin id="416" dir="1" index="2" bw="79" slack="0"/>
</pin_list>
<bind>
<opcode="lshr(21) " fcode="lshr"/>
<opset="lshr_ln18/20 "/>
</bind>
</comp>

<comp id="419" class="1004" name="shl_ln18_fu_419">
<pin_list>
<pin id="420" dir="0" index="0" bw="25" slack="0"/>
<pin id="421" dir="0" index="1" bw="32" slack="0"/>
<pin id="422" dir="1" index="2" bw="79" slack="0"/>
</pin_list>
<bind>
<opcode="shl(20) " fcode="shl"/>
<opset="shl_ln18/20 "/>
</bind>
</comp>

<comp id="425" class="1004" name="tmp_254_fu_425">
<pin_list>
<pin id="426" dir="0" index="0" bw="15" slack="0"/>
<pin id="427" dir="0" index="1" bw="79" slack="0"/>
<pin id="428" dir="0" index="2" bw="6" slack="0"/>
<pin id="429" dir="0" index="3" bw="7" slack="0"/>
<pin id="430" dir="1" index="4" bw="15" slack="0"/>
</pin_list>
<bind>
<opcode="partselect(1002) " fcode="partselect"/>
<opset="tmp_254/20 "/>
</bind>
</comp>

<comp id="435" class="1004" name="tmp_255_fu_435">
<pin_list>
<pin id="436" dir="0" index="0" bw="15" slack="0"/>
<pin id="437" dir="0" index="1" bw="79" slack="0"/>
<pin id="438" dir="0" index="2" bw="6" slack="0"/>
<pin id="439" dir="0" index="3" bw="7" slack="0"/>
<pin id="440" dir="1" index="4" bw="15" slack="0"/>
</pin_list>
<bind>
<opcode="partselect(1002) " fcode="partselect"/>
<opset="tmp_255/20 "/>
</bind>
</comp>

<comp id="445" class="1004" name="val_fu_445">
<pin_list>
<pin id="446" dir="0" index="0" bw="1" slack="0"/>
<pin id="447" dir="0" index="1" bw="15" slack="0"/>
<pin id="448" dir="0" index="2" bw="15" slack="0"/>
<pin id="449" dir="1" index="3" bw="15" slack="1"/>
</pin_list>
<bind>
<opcode="select(49) " fcode="select"/>
<opset="val/20 "/>
</bind>
</comp>

<comp id="453" class="1004" name="quantized_word_load_load_fu_453">
<pin_list>
<pin id="454" dir="0" index="0" bw="480" slack="20"/>
<pin id="455" dir="1" index="1" bw="480" slack="0"/>
</pin_list>
<bind>
<opcode="load(27) " fcode="load"/>
<opset="quantized_word_load/21 "/>
</bind>
</comp>

<comp id="456" class="1004" name="result_7_fu_456">
<pin_list>
<pin id="457" dir="0" index="0" bw="1" slack="0"/>
<pin id="458" dir="0" index="1" bw="15" slack="1"/>
<pin id="459" dir="1" index="2" bw="15" slack="0"/>
</pin_list>
<bind>
<opcode="sub(10) " fcode="sub"/>
<opset="result_7/21 "/>
</bind>
</comp>

<comp id="461" class="1004" name="quantized_fu_461">
<pin_list>
<pin id="462" dir="0" index="0" bw="1" slack="2"/>
<pin id="463" dir="0" index="1" bw="15" slack="0"/>
<pin id="464" dir="0" index="2" bw="15" slack="1"/>
<pin id="465" dir="1" index="3" bw="15" slack="0"/>
</pin_list>
<bind>
<opcode="select(49) " fcode="select"/>
<opset="quantized/21 "/>
</bind>
</comp>

<comp id="467" class="1004" name="trunc_ln189_fu_467">
<pin_list>
<pin id="468" dir="0" index="0" bw="480" slack="0"/>
<pin id="469" dir="1" index="1" bw="465" slack="0"/>
</pin_list>
<bind>
<opcode="trunc(33) " fcode="trunc"/>
<opset="trunc_ln189/21 "/>
</bind>
</comp>

<comp id="471" class="1004" name="quantized_word_6_fu_471">
<pin_list>
<pin id="472" dir="0" index="0" bw="480" slack="0"/>
<pin id="473" dir="0" index="1" bw="465" slack="0"/>
<pin id="474" dir="0" index="2" bw="15" slack="0"/>
<pin id="475" dir="1" index="3" bw="480" slack="0"/>
</pin_list>
<bind>
<opcode="bitconcatenate(1004) " fcode="bitconcatenate"/>
<opset="quantized_word_6/21 "/>
</bind>
</comp>

<comp id="479" class="1004" name="store_ln171_store_fu_479">
<pin_list>
<pin id="480" dir="0" index="0" bw="480" slack="0"/>
<pin id="481" dir="0" index="1" bw="480" slack="20"/>
<pin id="482" dir="1" index="2" bw="0" slack="2147483647"/>
</pin_list>
<bind>
<opcode="store(28) " fcode="store"/>
<opset="store_ln171/21 "/>
</bind>
</comp>

<comp id="484" class="1004" name="quantized_word_load_6_load_fu_484">
<pin_list>
<pin id="485" dir="0" index="0" bw="480" slack="19"/>
<pin id="486" dir="1" index="1" bw="480" slack="0"/>
</pin_list>
<bind>
<opcode="load(27) " fcode="load"/>
<opset="quantized_word_load_6/20 "/>
</bind>
</comp>

<comp id="488" class="1005" name="quantized_word_reg_488">
<pin_list>
<pin id="489" dir="0" index="0" bw="480" slack="0"/>
<pin id="490" dir="1" index="1" bw="480" slack="0"/>
</pin_list>
<bind>
<opset="quantized_word "/>
</bind>
</comp>

<comp id="496" class="1005" name="index_reg_496">
<pin_list>
<pin id="497" dir="0" index="0" bw="6" slack="0"/>
<pin id="498" dir="1" index="1" bw="6" slack="0"/>
</pin_list>
<bind>
<opset="index "/>
</bind>
</comp>

<comp id="503" class="1005" name="inverse_scale_read_reg_503">
<pin_list>
<pin id="504" dir="0" index="0" bw="32" slack="2"/>
<pin id="505" dir="1" index="1" bw="32" slack="2"/>
</pin_list>
<bind>
<opset="inverse_scale_read "/>
</bind>
</comp>

<comp id="508" class="1005" name="tmp_reg_508">
<pin_list>
<pin id="509" dir="0" index="0" bw="1" slack="19"/>
<pin id="510" dir="1" index="1" bw="1" slack="2147483647"/>
</pin_list>
<bind>
<opset="tmp "/>
</bind>
</comp>

<comp id="512" class="1005" name="normalized_addr_reg_512">
<pin_list>
<pin id="513" dir="0" index="0" bw="5" slack="1"/>
<pin id="514" dir="1" index="1" bw="5" slack="1"/>
</pin_list>
<bind>
<opset="normalized_addr "/>
</bind>
</comp>

<comp id="517" class="1005" name="normalized_load_reg_517">
<pin_list>
<pin id="518" dir="0" index="0" bw="32" slack="1"/>
<pin id="519" dir="1" index="1" bw="32" slack="1"/>
</pin_list>
<bind>
<opset="normalized_load "/>
</bind>
</comp>

<comp id="522" class="1005" name="scaled_reg_522">
<pin_list>
<pin id="523" dir="0" index="0" bw="32" slack="1"/>
<pin id="524" dir="1" index="1" bw="32" slack="1"/>
</pin_list>
<bind>
<opset="scaled "/>
</bind>
</comp>

<comp id="529" class="1005" name="select_ln179_reg_529">
<pin_list>
<pin id="530" dir="0" index="0" bw="32" slack="1"/>
<pin id="531" dir="1" index="1" bw="32" slack="1"/>
</pin_list>
<bind>
<opset="select_ln179 "/>
</bind>
</comp>

<comp id="534" class="1005" name="rounded_reg_534">
<pin_list>
<pin id="535" dir="0" index="0" bw="32" slack="1"/>
<pin id="536" dir="1" index="1" bw="32" slack="1"/>
</pin_list>
<bind>
<opset="rounded "/>
</bind>
</comp>

<comp id="541" class="1005" name="rounded_7_reg_541">
<pin_list>
<pin id="542" dir="0" index="0" bw="32" slack="1"/>
<pin id="543" dir="1" index="1" bw="32" slack="1"/>
</pin_list>
<bind>
<opset="rounded_7 "/>
</bind>
</comp>

<comp id="547" class="1005" name="xs_sign_reg_547">
<pin_list>
<pin id="548" dir="0" index="0" bw="1" slack="2"/>
<pin id="549" dir="1" index="1" bw="1" slack="2"/>
</pin_list>
<bind>
<opset="xs_sign "/>
</bind>
</comp>

<comp id="552" class="1005" name="xs_exp_reg_552">
<pin_list>
<pin id="553" dir="0" index="0" bw="8" slack="1"/>
<pin id="554" dir="1" index="1" bw="8" slack="1"/>
</pin_list>
<bind>
<opset="xs_exp "/>
</bind>
</comp>

<comp id="558" class="1005" name="trunc_ln342_reg_558">
<pin_list>
<pin id="559" dir="0" index="0" bw="23" slack="1"/>
<pin id="560" dir="1" index="1" bw="23" slack="1"/>
</pin_list>
<bind>
<opset="trunc_ln342 "/>
</bind>
</comp>

<comp id="563" class="1005" name="val_reg_563">
<pin_list>
<pin id="564" dir="0" index="0" bw="15" slack="1"/>
<pin id="565" dir="1" index="1" bw="15" slack="1"/>
</pin_list>
<bind>
<opset="val "/>
</bind>
</comp>

</comp_list>

<net_list>
<net id="99"><net_src comp="6" pin="0"/><net_sink comp="96" pin=0"/></net>

<net id="103"><net_src comp="6" pin="0"/><net_sink comp="100" pin=0"/></net>

<net id="108"><net_src comp="16" pin="0"/><net_sink comp="104" pin=0"/></net>

<net id="109"><net_src comp="2" pin="0"/><net_sink comp="104" pin=1"/></net>

<net id="115"><net_src comp="94" pin="0"/><net_sink comp="110" pin=0"/></net>

<net id="116"><net_src comp="4" pin="0"/><net_sink comp="110" pin=1"/></net>

<net id="122"><net_src comp="0" pin="0"/><net_sink comp="117" pin=0"/></net>

<net id="123"><net_src comp="26" pin="0"/><net_sink comp="117" pin=1"/></net>

<net id="129"><net_src comp="117" pin="3"/><net_sink comp="124" pin=0"/></net>

<net id="142"><net_src comp="30" pin="0"/><net_sink comp="138" pin=1"/></net>

<net id="147"><net_src comp="46" pin="0"/><net_sink comp="143" pin=1"/></net>

<net id="152"><net_src comp="48" pin="0"/><net_sink comp="148" pin=1"/></net>

<net id="157"><net_src comp="18" pin="0"/><net_sink comp="153" pin=0"/></net>

<net id="162"><net_src comp="20" pin="0"/><net_sink comp="158" pin=0"/></net>

<net id="171"><net_src comp="22" pin="0"/><net_sink comp="166" pin=0"/></net>

<net id="172"><net_src comp="163" pin="1"/><net_sink comp="166" pin=1"/></net>

<net id="173"><net_src comp="24" pin="0"/><net_sink comp="166" pin=2"/></net>

<net id="177"><net_src comp="163" pin="1"/><net_sink comp="174" pin=0"/></net>

<net id="178"><net_src comp="174" pin="1"/><net_sink comp="117" pin=2"/></net>

<net id="183"><net_src comp="163" pin="1"/><net_sink comp="179" pin=0"/></net>

<net id="184"><net_src comp="28" pin="0"/><net_sink comp="179" pin=1"/></net>

<net id="189"><net_src comp="179" pin="2"/><net_sink comp="185" pin=0"/></net>

<net id="199"><net_src comp="32" pin="0"/><net_sink comp="193" pin=0"/></net>

<net id="200"><net_src comp="190" pin="1"/><net_sink comp="193" pin=1"/></net>

<net id="201"><net_src comp="34" pin="0"/><net_sink comp="193" pin=2"/></net>

<net id="202"><net_src comp="36" pin="0"/><net_sink comp="193" pin=3"/></net>

<net id="206"><net_src comp="190" pin="1"/><net_sink comp="203" pin=0"/></net>

<net id="211"><net_src comp="193" pin="4"/><net_sink comp="207" pin=0"/></net>

<net id="212"><net_src comp="38" pin="0"/><net_sink comp="207" pin=1"/></net>

<net id="217"><net_src comp="203" pin="1"/><net_sink comp="213" pin=0"/></net>

<net id="218"><net_src comp="40" pin="0"/><net_sink comp="213" pin=1"/></net>

<net id="223"><net_src comp="213" pin="2"/><net_sink comp="219" pin=0"/></net>

<net id="224"><net_src comp="207" pin="2"/><net_sink comp="219" pin=1"/></net>

<net id="229"><net_src comp="219" pin="2"/><net_sink comp="225" pin=0"/></net>

<net id="230"><net_src comp="138" pin="2"/><net_sink comp="225" pin=1"/></net>

<net id="236"><net_src comp="225" pin="2"/><net_sink comp="231" pin=0"/></net>

<net id="237"><net_src comp="42" pin="0"/><net_sink comp="231" pin=1"/></net>

<net id="238"><net_src comp="44" pin="0"/><net_sink comp="231" pin=2"/></net>

<net id="248"><net_src comp="32" pin="0"/><net_sink comp="242" pin=0"/></net>

<net id="249"><net_src comp="239" pin="1"/><net_sink comp="242" pin=1"/></net>

<net id="250"><net_src comp="34" pin="0"/><net_sink comp="242" pin=2"/></net>

<net id="251"><net_src comp="36" pin="0"/><net_sink comp="242" pin=3"/></net>

<net id="255"><net_src comp="239" pin="1"/><net_sink comp="252" pin=0"/></net>

<net id="260"><net_src comp="242" pin="4"/><net_sink comp="256" pin=0"/></net>

<net id="261"><net_src comp="38" pin="0"/><net_sink comp="256" pin=1"/></net>

<net id="266"><net_src comp="252" pin="1"/><net_sink comp="262" pin=0"/></net>

<net id="267"><net_src comp="40" pin="0"/><net_sink comp="262" pin=1"/></net>

<net id="272"><net_src comp="262" pin="2"/><net_sink comp="268" pin=0"/></net>

<net id="273"><net_src comp="256" pin="2"/><net_sink comp="268" pin=1"/></net>

<net id="278"><net_src comp="268" pin="2"/><net_sink comp="274" pin=0"/></net>

<net id="279"><net_src comp="143" pin="2"/><net_sink comp="274" pin=1"/></net>

<net id="285"><net_src comp="274" pin="2"/><net_sink comp="280" pin=0"/></net>

<net id="286"><net_src comp="46" pin="0"/><net_sink comp="280" pin=1"/></net>

<net id="296"><net_src comp="32" pin="0"/><net_sink comp="290" pin=0"/></net>

<net id="297"><net_src comp="287" pin="1"/><net_sink comp="290" pin=1"/></net>

<net id="298"><net_src comp="34" pin="0"/><net_sink comp="290" pin=2"/></net>

<net id="299"><net_src comp="36" pin="0"/><net_sink comp="290" pin=3"/></net>

<net id="303"><net_src comp="287" pin="1"/><net_sink comp="300" pin=0"/></net>

<net id="308"><net_src comp="290" pin="4"/><net_sink comp="304" pin=0"/></net>

<net id="309"><net_src comp="38" pin="0"/><net_sink comp="304" pin=1"/></net>

<net id="314"><net_src comp="300" pin="1"/><net_sink comp="310" pin=0"/></net>

<net id="315"><net_src comp="40" pin="0"/><net_sink comp="310" pin=1"/></net>

<net id="320"><net_src comp="310" pin="2"/><net_sink comp="316" pin=0"/></net>

<net id="321"><net_src comp="304" pin="2"/><net_sink comp="316" pin=1"/></net>

<net id="326"><net_src comp="316" pin="2"/><net_sink comp="322" pin=0"/></net>

<net id="327"><net_src comp="148" pin="2"/><net_sink comp="322" pin=1"/></net>

<net id="333"><net_src comp="322" pin="2"/><net_sink comp="328" pin=0"/></net>

<net id="334"><net_src comp="50" pin="0"/><net_sink comp="328" pin=1"/></net>

<net id="335"><net_src comp="287" pin="1"/><net_sink comp="328" pin=2"/></net>

<net id="341"><net_src comp="52" pin="0"/><net_sink comp="336" pin=0"/></net>

<net id="342"><net_src comp="328" pin="3"/><net_sink comp="336" pin=1"/></net>

<net id="343"><net_src comp="54" pin="0"/><net_sink comp="336" pin=2"/></net>

<net id="350"><net_src comp="32" pin="0"/><net_sink comp="344" pin=0"/></net>

<net id="351"><net_src comp="328" pin="3"/><net_sink comp="344" pin=1"/></net>

<net id="352"><net_src comp="34" pin="0"/><net_sink comp="344" pin=2"/></net>

<net id="353"><net_src comp="36" pin="0"/><net_sink comp="344" pin=3"/></net>

<net id="357"><net_src comp="328" pin="3"/><net_sink comp="354" pin=0"/></net>

<net id="364"><net_src comp="56" pin="0"/><net_sink comp="358" pin=0"/></net>

<net id="365"><net_src comp="58" pin="0"/><net_sink comp="358" pin=1"/></net>

<net id="366"><net_src comp="60" pin="0"/><net_sink comp="358" pin=3"/></net>

<net id="370"><net_src comp="358" pin="4"/><net_sink comp="367" pin=0"/></net>

<net id="378"><net_src comp="371" pin="1"/><net_sink comp="374" pin=0"/></net>

<net id="379"><net_src comp="62" pin="0"/><net_sink comp="374" pin=1"/></net>

<net id="385"><net_src comp="64" pin="0"/><net_sink comp="380" pin=0"/></net>

<net id="386"><net_src comp="374" pin="2"/><net_sink comp="380" pin=1"/></net>

<net id="387"><net_src comp="66" pin="0"/><net_sink comp="380" pin=2"/></net>

<net id="392"><net_src comp="68" pin="0"/><net_sink comp="388" pin=0"/></net>

<net id="396"><net_src comp="388" pin="2"/><net_sink comp="393" pin=0"/></net>

<net id="402"><net_src comp="380" pin="3"/><net_sink comp="397" pin=0"/></net>

<net id="403"><net_src comp="393" pin="1"/><net_sink comp="397" pin=1"/></net>

<net id="404"><net_src comp="374" pin="2"/><net_sink comp="397" pin=2"/></net>

<net id="408"><net_src comp="397" pin="3"/><net_sink comp="405" pin=0"/></net>

<net id="412"><net_src comp="405" pin="1"/><net_sink comp="409" pin=0"/></net>

<net id="417"><net_src comp="367" pin="1"/><net_sink comp="413" pin=0"/></net>

<net id="418"><net_src comp="409" pin="1"/><net_sink comp="413" pin=1"/></net>

<net id="423"><net_src comp="367" pin="1"/><net_sink comp="419" pin=0"/></net>

<net id="424"><net_src comp="409" pin="1"/><net_sink comp="419" pin=1"/></net>

<net id="431"><net_src comp="70" pin="0"/><net_sink comp="425" pin=0"/></net>

<net id="432"><net_src comp="413" pin="2"/><net_sink comp="425" pin=1"/></net>

<net id="433"><net_src comp="72" pin="0"/><net_sink comp="425" pin=2"/></net>

<net id="434"><net_src comp="74" pin="0"/><net_sink comp="425" pin=3"/></net>

<net id="441"><net_src comp="70" pin="0"/><net_sink comp="435" pin=0"/></net>

<net id="442"><net_src comp="419" pin="2"/><net_sink comp="435" pin=1"/></net>

<net id="443"><net_src comp="72" pin="0"/><net_sink comp="435" pin=2"/></net>

<net id="444"><net_src comp="74" pin="0"/><net_sink comp="435" pin=3"/></net>

<net id="450"><net_src comp="380" pin="3"/><net_sink comp="445" pin=0"/></net>

<net id="451"><net_src comp="425" pin="4"/><net_sink comp="445" pin=1"/></net>

<net id="452"><net_src comp="435" pin="4"/><net_sink comp="445" pin=2"/></net>

<net id="460"><net_src comp="90" pin="0"/><net_sink comp="456" pin=0"/></net>

<net id="466"><net_src comp="456" pin="2"/><net_sink comp="461" pin=1"/></net>

<net id="470"><net_src comp="453" pin="1"/><net_sink comp="467" pin=0"/></net>

<net id="476"><net_src comp="92" pin="0"/><net_sink comp="471" pin=0"/></net>

<net id="477"><net_src comp="467" pin="1"/><net_sink comp="471" pin=1"/></net>

<net id="478"><net_src comp="461" pin="3"/><net_sink comp="471" pin=2"/></net>

<net id="483"><net_src comp="471" pin="3"/><net_sink comp="479" pin=0"/></net>

<net id="487"><net_src comp="484" pin="1"/><net_sink comp="110" pin=2"/></net>

<net id="491"><net_src comp="96" pin="1"/><net_sink comp="488" pin=0"/></net>

<net id="492"><net_src comp="488" pin="1"/><net_sink comp="158" pin=1"/></net>

<net id="493"><net_src comp="488" pin="1"/><net_sink comp="453" pin=0"/></net>

<net id="494"><net_src comp="488" pin="1"/><net_sink comp="479" pin=1"/></net>

<net id="495"><net_src comp="488" pin="1"/><net_sink comp="484" pin=0"/></net>

<net id="499"><net_src comp="100" pin="1"/><net_sink comp="496" pin=0"/></net>

<net id="500"><net_src comp="496" pin="1"/><net_sink comp="153" pin=1"/></net>

<net id="501"><net_src comp="496" pin="1"/><net_sink comp="163" pin=0"/></net>

<net id="502"><net_src comp="496" pin="1"/><net_sink comp="185" pin=1"/></net>

<net id="506"><net_src comp="104" pin="2"/><net_sink comp="503" pin=0"/></net>

<net id="507"><net_src comp="503" pin="1"/><net_sink comp="134" pin=1"/></net>

<net id="511"><net_src comp="166" pin="3"/><net_sink comp="508" pin=0"/></net>

<net id="515"><net_src comp="117" pin="3"/><net_sink comp="512" pin=0"/></net>

<net id="516"><net_src comp="512" pin="1"/><net_sink comp="124" pin=0"/></net>

<net id="520"><net_src comp="124" pin="3"/><net_sink comp="517" pin=0"/></net>

<net id="521"><net_src comp="517" pin="1"/><net_sink comp="134" pin=0"/></net>

<net id="525"><net_src comp="134" pin="2"/><net_sink comp="522" pin=0"/></net>

<net id="526"><net_src comp="522" pin="1"/><net_sink comp="138" pin=0"/></net>

<net id="527"><net_src comp="522" pin="1"/><net_sink comp="190" pin=0"/></net>

<net id="528"><net_src comp="522" pin="1"/><net_sink comp="130" pin=0"/></net>

<net id="532"><net_src comp="231" pin="3"/><net_sink comp="529" pin=0"/></net>

<net id="533"><net_src comp="529" pin="1"/><net_sink comp="130" pin=1"/></net>

<net id="537"><net_src comp="130" pin="2"/><net_sink comp="534" pin=0"/></net>

<net id="538"><net_src comp="534" pin="1"/><net_sink comp="143" pin=0"/></net>

<net id="539"><net_src comp="534" pin="1"/><net_sink comp="239" pin=0"/></net>

<net id="540"><net_src comp="534" pin="1"/><net_sink comp="280" pin=2"/></net>

<net id="544"><net_src comp="280" pin="3"/><net_sink comp="541" pin=0"/></net>

<net id="545"><net_src comp="541" pin="1"/><net_sink comp="148" pin=0"/></net>

<net id="546"><net_src comp="541" pin="1"/><net_sink comp="287" pin=0"/></net>

<net id="550"><net_src comp="336" pin="3"/><net_sink comp="547" pin=0"/></net>

<net id="551"><net_src comp="547" pin="1"/><net_sink comp="461" pin=0"/></net>

<net id="555"><net_src comp="344" pin="4"/><net_sink comp="552" pin=0"/></net>

<net id="556"><net_src comp="552" pin="1"/><net_sink comp="371" pin=0"/></net>

<net id="557"><net_src comp="552" pin="1"/><net_sink comp="388" pin=1"/></net>

<net id="561"><net_src comp="354" pin="1"/><net_sink comp="558" pin=0"/></net>

<net id="562"><net_src comp="558" pin="1"/><net_sink comp="358" pin=2"/></net>

<net id="566"><net_src comp="445" pin="3"/><net_sink comp="563" pin=0"/></net>

<net id="567"><net_src comp="563" pin="1"/><net_sink comp="456" pin=1"/></net>

<net id="568"><net_src comp="563" pin="1"/><net_sink comp="461" pin=2"/></net>

</net_list>

</model> 
---------------- Datapath Model END ------------------

* FSMD analyzer results:
  - Output states:
	Port: quantized_word_out | {20 }
 - Input state : 
	Port: int4_rms_normalize_quantize_pe.15_Pipeline_quantize_reverse_loop : normalized | {1 2 }
	Port: int4_rms_normalize_quantize_pe.15_Pipeline_quantize_reverse_loop : inverse_scale | {1 }
  - Chain level:
	State 1
		store_ln173 : 1
		store_ln171 : 1
		index_7 : 1
		tmp : 2
		br_ln173 : 3
		zext_ln174 : 2
		normalized_addr : 3
		normalized_load : 4
		add_ln175 : 2
		store_ln173 : 3
	State 2
	State 3
	State 4
	State 5
	State 6
	State 7
	State 8
		tmp_56 : 1
		trunc_ln179 : 1
		icmp_ln179 : 2
		icmp_ln179_1 : 2
		or_ln179 : 3
		and_ln179 : 3
		select_ln179 : 3
	State 9
	State 10
	State 11
	State 12
	State 13
	State 14
	State 15
	State 16
	State 17
		tmp_58 : 1
		trunc_ln180 : 1
		icmp_ln180 : 2
		icmp_ln180_3 : 2
		or_ln180 : 3
		and_ln180 : 3
		rounded_7 : 3
	State 18
	State 19
		tmp_60 : 1
		trunc_ln183 : 1
		icmp_ln183 : 2
		icmp_ln183_1 : 2
		or_ln183 : 3
		and_ln183 : 3
		data : 3
		xs_sign : 4
		xs_exp : 4
		trunc_ln342 : 4
	State 20
		zext_ln15 : 1
		add_ln317 : 1
		tmp_253 : 2
		sext_ln18 : 1
		select_ln18 : 3
		sext_ln18_7 : 4
		zext_ln18 : 5
		lshr_ln18 : 6
		shl_ln18 : 6
		tmp_254 : 7
		tmp_255 : 7
		val : 8
		write_ln0 : 1
	State 21
		quantized : 1
		trunc_ln189 : 1
		quantized_word_6 : 2
		store_ln171 : 3


============================================================
+ Verbose Summary: Datapath Resource usage 
============================================================

* Functional unit list:
|----------|--------------------------------|---------|---------|---------|
| Operation|         Functional Unit        |   DSP   |    FF   |   LUT   |
|----------|--------------------------------|---------|---------|---------|
|   fadd   |           grp_fu_130           |    2    |   318   |   198   |
|----------|--------------------------------|---------|---------|---------|
|   fmul   |           grp_fu_134           |    3    |   143   |    78   |
|----------|--------------------------------|---------|---------|---------|
|          |        icmp_ln179_fu_207       |    0    |    0    |    15   |
|          |       icmp_ln179_1_fu_213      |    0    |    0    |    30   |
|   icmp   |        icmp_ln180_fu_256       |    0    |    0    |    15   |
|          |       icmp_ln180_3_fu_262      |    0    |    0    |    30   |
|          |        icmp_ln183_fu_304       |    0    |    0    |    15   |
|          |       icmp_ln183_1_fu_310      |    0    |    0    |    30   |
|----------|--------------------------------|---------|---------|---------|
|          |       select_ln179_fu_231      |    0    |    0    |    32   |
|          |        rounded_7_fu_280        |    0    |    0    |    32   |
|  select  |           data_fu_328          |    0    |    0    |    32   |
|          |       select_ln18_fu_397       |    0    |    0    |    9    |
|          |           val_fu_445           |    0    |    0    |    15   |
|          |        quantized_fu_461        |    0    |    0    |    15   |
|----------|--------------------------------|---------|---------|---------|
|   lshr   |        lshr_ln18_fu_413        |    0    |    0    |    92   |
|----------|--------------------------------|---------|---------|---------|
|    shl   |         shl_ln18_fu_419        |    0    |    0    |    92   |
|----------|--------------------------------|---------|---------|---------|
|    sub   |         sub_ln18_fu_388        |    0    |    0    |    15   |
|          |         result_7_fu_456        |    0    |    0    |    22   |
|----------|--------------------------------|---------|---------|---------|
|    add   |        add_ln175_fu_179        |    0    |    0    |    13   |
|          |        add_ln317_fu_374        |    0    |    0    |    15   |
|----------|--------------------------------|---------|---------|---------|
|          |         or_ln179_fu_219        |    0    |    0    |    2    |
|    or    |         or_ln180_fu_268        |    0    |    0    |    2    |
|          |         or_ln183_fu_316        |    0    |    0    |    2    |
|----------|--------------------------------|---------|---------|---------|
|          |        and_ln179_fu_225        |    0    |    0    |    2    |
|    and   |        and_ln180_fu_274        |    0    |    0    |    2    |
|          |        and_ln183_fu_322        |    0    |    0    |    2    |
|----------|--------------------------------|---------|---------|---------|
|   read   | inverse_scale_read_read_fu_104 |    0    |    0    |    0    |
|----------|--------------------------------|---------|---------|---------|
|   write  |     write_ln0_write_fu_110     |    0    |    0    |    0    |
|----------|--------------------------------|---------|---------|---------|
|          |           grp_fu_138           |    0    |    0    |    0    |
|   fcmp   |           grp_fu_143           |    0    |    0    |    0    |
|          |           grp_fu_148           |    0    |    0    |    0    |
|----------|--------------------------------|---------|---------|---------|
|          |           tmp_fu_166           |    0    |    0    |    0    |
| bitselect|         xs_sign_fu_336         |    0    |    0    |    0    |
|          |         tmp_253_fu_380         |    0    |    0    |    0    |
|----------|--------------------------------|---------|---------|---------|
|          |        zext_ln174_fu_174       |    0    |    0    |    0    |
|   zext   |        zext_ln15_fu_367        |    0    |    0    |    0    |
|          |        zext_ln317_fu_371       |    0    |    0    |    0    |
|          |        zext_ln18_fu_409        |    0    |    0    |    0    |
|----------|--------------------------------|---------|---------|---------|
|          |          tmp_56_fu_193         |    0    |    0    |    0    |
|          |          tmp_58_fu_242         |    0    |    0    |    0    |
|partselect|          tmp_60_fu_290         |    0    |    0    |    0    |
|          |          xs_exp_fu_344         |    0    |    0    |    0    |
|          |         tmp_254_fu_425         |    0    |    0    |    0    |
|          |         tmp_255_fu_435         |    0    |    0    |    0    |
|----------|--------------------------------|---------|---------|---------|
|          |       trunc_ln179_fu_203       |    0    |    0    |    0    |
|          |       trunc_ln180_fu_252       |    0    |    0    |    0    |
|   trunc  |       trunc_ln183_fu_300       |    0    |    0    |    0    |
|          |       trunc_ln342_fu_354       |    0    |    0    |    0    |
|          |       trunc_ln189_fu_467       |    0    |    0    |    0    |
|----------|--------------------------------|---------|---------|---------|
|bitconcatenate|         mantissa_fu_358        |    0    |    0    |    0    |
|          |     quantized_word_6_fu_471    |    0    |    0    |    0    |
|----------|--------------------------------|---------|---------|---------|
|   sext   |        sext_ln18_fu_393        |    0    |    0    |    0    |
|          |       sext_ln18_7_fu_405       |    0    |    0    |    0    |
|----------|--------------------------------|---------|---------|---------|
|   Total  |                                |    5    |   461   |   807   |
|----------|--------------------------------|---------|---------|---------|

Memories:
N/A

* Register list:
+--------------------------+--------+
|                          |   FF   |
+--------------------------+--------+
|       index_reg_496      |    6   |
|inverse_scale_read_reg_503|   32   |
|  normalized_addr_reg_512 |    5   |
|  normalized_load_reg_517 |   32   |
|  quantized_word_reg_488  |   480  |
|     rounded_7_reg_541    |   32   |
|      rounded_reg_534     |   32   |
|      scaled_reg_522      |   32   |
|   select_ln179_reg_529   |   32   |
|        tmp_reg_508       |    1   |
|    trunc_ln342_reg_558   |   23   |
|        val_reg_563       |   15   |
|      xs_exp_reg_552      |    8   |
|      xs_sign_reg_547     |    1   |
+--------------------------+--------+
|           Total          |   731  |
+--------------------------+--------+

* Multiplexer (MUX) list: 
|-------------------|------|------|------|--------||---------||---------|
|        Comp       |  Pin | Size |  BW  | S x BW ||  Delay  ||   LUT   |
|-------------------|------|------|------|--------||---------||---------|
| grp_access_fu_124 |  p0  |   2  |   5  |   10   ||    9    |
|-------------------|------|------|------|--------||---------||---------|
|       Total       |      |      |      |   10   ||  0.387  ||    9    |
|-------------------|------|------|------|--------||---------||---------|



* Summary:
+-----------+--------+--------+--------+--------+
|           |   DSP  |  Delay |   FF   |   LUT  |
+-----------+--------+--------+--------+--------+
|  Function |    5   |    -   |   461  |   807  |
|   Memory  |    -   |    -   |    -   |    -   |
|Multiplexer|    -   |    0   |    -   |    9   |
|  Register |    -   |    -   |   731  |    -   |
+-----------+--------+--------+--------+--------+
|   Total   |    5   |    0   |  1192  |   816  |
+-----------+--------+--------+--------+--------+
