

================================================================
== Vitis HLS Report for 'int4_cache_and_replay_activation_Pipeline_replay_local_activation_tile_loop_repl_1'
================================================================
* Date:           Tue Aug 11 09:17:35 2026

* Version:        2023.2 (Build 4023990 on Oct 11 2023)
* Project:        proj_int4_decoder_xo
* Solution:       solution1 (Vitis Kernel Flow Target)
* Product family: virtexuplus
* Target device:  xcu250-figd2104-2L-e


================================================================
== Performance Estimates
================================================================
+ Timing: 
    * Summary: 
    +--------+---------+----------+------------+
    |  Clock |  Target | Estimated| Uncertainty|
    +--------+---------+----------+------------+
    |ap_clk  |  3.33 ns|  2.605 ns|     0.90 ns|
    +--------+---------+----------+------------+

+ Latency: 
    * Summary: 
    +---------+---------+----------+-----------+------+-------+---------+
    |  Latency (cycles) |  Latency (absolute)  |   Interval   | Pipeline|
    |   min   |   max   |    min   |    max    |  min |  max  |   Type  |
    +---------+---------+----------+-----------+------+-------+---------+
    |     1026|    21674|  3.420 us|  72.239 us|  1026|  21674|       no|
    +---------+---------+----------+-----------+------+-------+---------+

    + Detail: 
        * Instance: 
        N/A

        * Loop: 
        +------------------------------------------------------------------------+---------+---------+----------+-----------+-----------+--------------+----------+
        |                                                                        |  Latency (cycles) | Iteration|  Initiation Interval  |     Trip     |          |
        |                                Loop Name                               |   min   |   max   |  Latency |  achieved |   target  |     Count    | Pipelined|
        +------------------------------------------------------------------------+---------+---------+----------+-----------+-----------+--------------+----------+
        |- replay_local_activation_tile_loop_replay_local_activation_group_loop  |     1024|    21672|         2|          1|          1|  1024 ~ 21672|       yes|
        +------------------------------------------------------------------------+---------+---------+----------+-----------+-----------+--------------+----------+

============================================================
+ Verbose Summary: Synthesis Manager
============================================================
InlineROM: 1
ExposeGlobal: 0
============================================================
+ Verbose Summary: CDFG Model
============================================================
IsTopModel: 0
ResetActiveHigh: 1
IsCombinational: 0
IsDatapathOnly: 0
HasWiredReturn: 1
HasMFsm: 2
HasVarLatency: 1
IsPipeline: 0
IsRtlPipelined: 0
IsInstanceOverlapped: 0
IsDontTouch: 0
HasImplIP: 0
IsGatedGlobalClock: 0

+ Individual pipeline summary: 
  * Pipeline-0: initiation interval (II) = 1, depth = 2


============================================================
+ Verbose Summary: Schedule
============================================================
* Number of FSM states : 2
* Pipeline : 1
  Pipeline-0 : II = 1, D = 2, States = { 1 2 }
* Dataflow Pipeline: 0

* FSM state transitions: 
1 --> 2 
2 --> 

* FSM state operations: 

State 1 <SV = 0> <Delay = 2.60>
ST_1 : Operation 5 [1/1] (0.00ns)   --->   "%group_3 = alloca i32 1" [source/int4_linear_controller.cpp:383->source/int4_linear_controller.cpp:890]   --->   Operation 5 'alloca' 'group_3' <Predicate = true> <Delay = 0.00>
ST_1 : Operation 6 [1/1] (0.00ns)   --->   "%indvar_flatten = alloca i32 1"   --->   Operation 6 'alloca' 'indvar_flatten' <Predicate = true> <Delay = 0.00>
ST_1 : Operation 7 [1/1] (0.00ns)   --->   "%specmemcore_ln0 = specmemcore void @_ssdm_op_SpecMemCore, i32 %scale_cache, i64 666, i64 18, i64 1"   --->   Operation 7 'specmemcore' 'specmemcore_ln0' <Predicate = true> <Delay = 0.00>
ST_1 : Operation 8 [1/1] (0.00ns)   --->   "%specmemcore_ln0 = specmemcore void @_ssdm_op_SpecMemCore, i480 %activation_cache, i64 666, i64 18, i64 1"   --->   Operation 8 'specmemcore' 'specmemcore_ln0' <Predicate = true> <Delay = 0.00>
ST_1 : Operation 9 [1/1] (0.00ns)   --->   "%specmemcore_ln0 = specmemcore void @_ssdm_op_SpecMemCore, i480 %replay_activation_stream, i64 666, i64 8, i64 18446744073709551615"   --->   Operation 9 'specmemcore' 'specmemcore_ln0' <Predicate = true> <Delay = 0.00>
ST_1 : Operation 10 [1/1] (0.00ns)   --->   "%specmemcore_ln0 = specmemcore void @_ssdm_op_SpecMemCore, i32 %replay_scale_stream, i64 666, i64 10, i64 18446744073709551615"   --->   Operation 10 'specmemcore' 'specmemcore_ln0' <Predicate = true> <Delay = 0.00>
ST_1 : Operation 11 [1/1] (0.00ns)   --->   "%specinterface_ln0 = specinterface void @_ssdm_op_SpecInterface, i480 %replay_activation_stream, void @empty_447, i32 0, i32 0, void @empty_418, i32 0, i32 0, void @empty_418, void @empty_418, void @empty_418, i32 0, i32 0, i32 0, i32 0, void @empty_418, void @empty_418, i32 4294967295, i32 0"   --->   Operation 11 'specinterface' 'specinterface_ln0' <Predicate = true> <Delay = 0.00>
ST_1 : Operation 12 [1/1] (0.00ns)   --->   "%specinterface_ln0 = specinterface void @_ssdm_op_SpecInterface, i32 %replay_scale_stream, void @empty_447, i32 0, i32 0, void @empty_418, i32 0, i32 0, void @empty_418, void @empty_418, void @empty_418, i32 0, i32 0, i32 0, i32 0, void @empty_418, void @empty_418, i32 4294967295, i32 0"   --->   Operation 12 'specinterface' 'specinterface_ln0' <Predicate = true> <Delay = 0.00>
ST_1 : Operation 13 [1/1] (0.00ns)   --->   "%shl_ln_read = read i9 @_ssdm_op_Read.ap_auto.i9, i9 %shl_ln"   --->   Operation 13 'read' 'shl_ln_read' <Predicate = true> <Delay = 0.00>
ST_1 : Operation 14 [1/1] (0.00ns)   --->   "%mul_ln380_read = read i15 @_ssdm_op_Read.ap_auto.i15, i15 %mul_ln380"   --->   Operation 14 'read' 'mul_ln380_read' <Predicate = true> <Delay = 0.00>
ST_1 : Operation 15 [1/1] (0.38ns)   --->   "%store_ln0 = store i15 0, i15 %indvar_flatten"   --->   Operation 15 'store' 'store_ln0' <Predicate = true> <Delay = 0.38>
ST_1 : Operation 16 [1/1] (0.38ns)   --->   "%store_ln383 = store i9 0, i9 %group_3" [source/int4_linear_controller.cpp:383->source/int4_linear_controller.cpp:890]   --->   Operation 16 'store' 'store_ln383' <Predicate = true> <Delay = 0.38>
ST_1 : Operation 17 [1/1] (0.00ns)   --->   "%br_ln0 = br void %for.inc16.i"   --->   Operation 17 'br' 'br_ln0' <Predicate = true> <Delay = 0.00>
ST_1 : Operation 18 [1/1] (0.00ns)   --->   "%indvar_flatten_load = load i15 %indvar_flatten" [source/int4_linear_controller.cpp:380->source/int4_linear_controller.cpp:890]   --->   Operation 18 'load' 'indvar_flatten_load' <Predicate = true> <Delay = 0.00>
ST_1 : Operation 19 [1/1] (0.77ns)   --->   "%icmp_ln380 = icmp_eq  i15 %indvar_flatten_load, i15 %mul_ln380_read" [source/int4_linear_controller.cpp:380->source/int4_linear_controller.cpp:890]   --->   Operation 19 'icmp' 'icmp_ln380' <Predicate = true> <Delay = 0.77> <CoreInst = "Cmp">   --->   Core 9 'Cmp' <Latency = 0> <II = 1> <Delay = 0.77> <FuncUnit> <Opcode : 'icmp'> <InPorts = 2> <OutPorts = 1>
ST_1 : Operation 20 [1/1] (0.77ns)   --->   "%add_ln380 = add i15 %indvar_flatten_load, i15 1" [source/int4_linear_controller.cpp:380->source/int4_linear_controller.cpp:890]   --->   Operation 20 'add' 'add_ln380' <Predicate = true> <Delay = 0.77> <CoreInst = "Adder">   --->   Core 1 'Adder' <Latency = 0> <II = 1> <Delay = 0.77> <FuncUnit> <Opcode : 'add' 'sub'> <InPorts = 2> <OutPorts = 1>
ST_1 : Operation 21 [1/1] (0.00ns)   --->   "%br_ln380 = br i1 %icmp_ln380, void %for.inc19.loopexit.i, void %int4_cache_and_replay_activation<2>.exit.exitStub" [source/int4_linear_controller.cpp:380->source/int4_linear_controller.cpp:890]   --->   Operation 21 'br' 'br_ln380' <Predicate = true> <Delay = 0.00>
ST_1 : Operation 22 [1/1] (0.00ns)   --->   "%group_3_load = load i9 %group_3" [source/int4_linear_controller.cpp:383->source/int4_linear_controller.cpp:890]   --->   Operation 22 'load' 'group_3_load' <Predicate = (!icmp_ln380)> <Delay = 0.00>
ST_1 : Operation 23 [1/1] (0.71ns)   --->   "%icmp_ln383 = icmp_eq  i9 %group_3_load, i9 %shl_ln_read" [source/int4_linear_controller.cpp:383->source/int4_linear_controller.cpp:890]   --->   Operation 23 'icmp' 'icmp_ln383' <Predicate = (!icmp_ln380)> <Delay = 0.71> <CoreInst = "Cmp">   --->   Core 9 'Cmp' <Latency = 0> <II = 1> <Delay = 0.71> <FuncUnit> <Opcode : 'icmp'> <InPorts = 2> <OutPorts = 1>
ST_1 : Operation 24 [1/1] (0.30ns)   --->   "%select_ln380 = select i1 %icmp_ln383, i9 0, i9 %group_3_load" [source/int4_linear_controller.cpp:380->source/int4_linear_controller.cpp:890]   --->   Operation 24 'select' 'select_ln380' <Predicate = (!icmp_ln380)> <Delay = 0.30> <CoreInst = "Sel">   --->   Core 73 'Sel' <Latency = 0> <II = 1> <Delay = 0.30> <FuncUnit> <Opcode : 'select'> <InPorts = 3> <OutPorts = 1>
ST_1 : Operation 25 [1/1] (0.00ns)   --->   "%zext_ln383 = zext i9 %select_ln380" [source/int4_linear_controller.cpp:383->source/int4_linear_controller.cpp:890]   --->   Operation 25 'zext' 'zext_ln383' <Predicate = (!icmp_ln380)> <Delay = 0.00>
ST_1 : Operation 26 [1/1] (0.00ns)   --->   "%activation_cache_addr = getelementptr i480 %activation_cache, i64 0, i64 %zext_ln383" [source/int4_linear_controller.cpp:386->source/int4_linear_controller.cpp:890]   --->   Operation 26 'getelementptr' 'activation_cache_addr' <Predicate = (!icmp_ln380)> <Delay = 0.00>
ST_1 : Operation 27 [2/2] (1.20ns)   --->   "%activation_cache_load = load i9 %activation_cache_addr" [source/int4_linear_controller.cpp:386->source/int4_linear_controller.cpp:890]   --->   Operation 27 'load' 'activation_cache_load' <Predicate = (!icmp_ln380)> <Delay = 1.20> <CoreInst = "RAM_1P_BRAM">   --->   Core 90 'RAM_1P_BRAM' <Latency = 1> <II = 1> <Delay = 1.20> <Storage> <Opcode : 'load' 'store'> <Ports = 1> <Width = 480> <Depth = 344> <RAM>
ST_1 : Operation 28 [1/1] (0.00ns)   --->   "%scale_cache_addr = getelementptr i32 %scale_cache, i64 0, i64 %zext_ln383" [source/int4_linear_controller.cpp:387->source/int4_linear_controller.cpp:890]   --->   Operation 28 'getelementptr' 'scale_cache_addr' <Predicate = (!icmp_ln380)> <Delay = 0.00>
ST_1 : Operation 29 [2/2] (1.19ns)   --->   "%scale_cache_load = load i9 %scale_cache_addr" [source/int4_linear_controller.cpp:387->source/int4_linear_controller.cpp:890]   --->   Operation 29 'load' 'scale_cache_load' <Predicate = (!icmp_ln380)> <Delay = 1.19> <CoreInst = "RAM_1P_BRAM">   --->   Core 90 'RAM_1P_BRAM' <Latency = 1> <II = 1> <Delay = 1.19> <Storage> <Opcode : 'load' 'store'> <Ports = 1> <Width = 32> <Depth = 344> <RAM>
ST_1 : Operation 30 [1/1] (0.71ns)   --->   "%add_ln383 = add i9 %select_ln380, i9 1" [source/int4_linear_controller.cpp:383->source/int4_linear_controller.cpp:890]   --->   Operation 30 'add' 'add_ln383' <Predicate = (!icmp_ln380)> <Delay = 0.71> <CoreInst = "Adder">   --->   Core 1 'Adder' <Latency = 0> <II = 1> <Delay = 0.71> <FuncUnit> <Opcode : 'add' 'sub'> <InPorts = 2> <OutPorts = 1>
ST_1 : Operation 31 [1/1] (0.38ns)   --->   "%store_ln380 = store i15 %add_ln380, i15 %indvar_flatten" [source/int4_linear_controller.cpp:380->source/int4_linear_controller.cpp:890]   --->   Operation 31 'store' 'store_ln380' <Predicate = (!icmp_ln380)> <Delay = 0.38>
ST_1 : Operation 32 [1/1] (0.38ns)   --->   "%store_ln383 = store i9 %add_ln383, i9 %group_3" [source/int4_linear_controller.cpp:383->source/int4_linear_controller.cpp:890]   --->   Operation 32 'store' 'store_ln383' <Predicate = (!icmp_ln380)> <Delay = 0.38>
ST_1 : Operation 42 [1/1] (0.00ns)   --->   "%ret_ln0 = ret"   --->   Operation 42 'ret' 'ret_ln0' <Predicate = (icmp_ln380)> <Delay = 0.00>

State 2 <SV = 1> <Delay = 2.41>
ST_2 : Operation 33 [1/1] (0.00ns)   --->   "%specloopname_ln0 = specloopname void @_ssdm_op_SpecLoopName, void @replay_local_activation_tile_loop_replay_local_activation_group_loop_str"   --->   Operation 33 'specloopname' 'specloopname_ln0' <Predicate = true> <Delay = 0.00>
ST_2 : Operation 34 [1/1] (0.00ns)   --->   "%speclooptripcount_ln0 = speclooptripcount void @_ssdm_op_SpecLoopTripCount, i64 1024, i64 21672, i64 8260"   --->   Operation 34 'speclooptripcount' 'speclooptripcount_ln0' <Predicate = true> <Delay = 0.00>
ST_2 : Operation 35 [1/1] (0.00ns)   --->   "%specpipeline_ln384 = specpipeline void @_ssdm_op_SpecPipeline, i32 1, i32 0, i32 0, i32 0, void @empty_418" [source/int4_linear_controller.cpp:384->source/int4_linear_controller.cpp:890]   --->   Operation 35 'specpipeline' 'specpipeline_ln384' <Predicate = true> <Delay = 0.00>
ST_2 : Operation 36 [1/2] (1.20ns)   --->   "%activation_cache_load = load i9 %activation_cache_addr" [source/int4_linear_controller.cpp:386->source/int4_linear_controller.cpp:890]   --->   Operation 36 'load' 'activation_cache_load' <Predicate = true> <Delay = 1.20> <CoreInst = "RAM_1P_BRAM">   --->   Core 90 'RAM_1P_BRAM' <Latency = 1> <II = 1> <Delay = 1.20> <Storage> <Opcode : 'load' 'store'> <Ports = 1> <Width = 480> <Depth = 344> <RAM>
ST_2 : Operation 37 [1/1] (1.21ns)   --->   "%write_ln386 = write void @_ssdm_op_Write.ap_fifo.volatile.i480P0A, i480 %replay_activation_stream, i480 %activation_cache_load" [source/int4_linear_controller.cpp:386->source/int4_linear_controller.cpp:890]   --->   Operation 37 'write' 'write_ln386' <Predicate = true> <Delay = 1.21> <CoreInst = "FIFO_BRAM">   --->   Core 79 'FIFO_BRAM' <Latency = 0> <II = 1> <Delay = 1.31> <Storage> <Opcode : 'read' 'write' 'nbread' 'nbwrite'> <Ports = 0> <Width = 480> <Depth = 2> <FIFO>
ST_2 : Operation 38 [1/2] (1.19ns)   --->   "%scale_cache_load = load i9 %scale_cache_addr" [source/int4_linear_controller.cpp:387->source/int4_linear_controller.cpp:890]   --->   Operation 38 'load' 'scale_cache_load' <Predicate = true> <Delay = 1.19> <CoreInst = "RAM_1P_BRAM">   --->   Core 90 'RAM_1P_BRAM' <Latency = 1> <II = 1> <Delay = 1.19> <Storage> <Opcode : 'load' 'store'> <Ports = 1> <Width = 32> <Depth = 344> <RAM>
ST_2 : Operation 39 [1/1] (0.00ns)   --->   "%bitcast_ln387 = bitcast i32 %scale_cache_load" [source/int4_linear_controller.cpp:387->source/int4_linear_controller.cpp:890]   --->   Operation 39 'bitcast' 'bitcast_ln387' <Predicate = true> <Delay = 0.00>
ST_2 : Operation 40 [1/1] (1.21ns)   --->   "%write_ln387 = write void @_ssdm_op_Write.ap_fifo.volatile.i32P0A, i32 %replay_scale_stream, i32 %bitcast_ln387" [source/int4_linear_controller.cpp:387->source/int4_linear_controller.cpp:890]   --->   Operation 40 'write' 'write_ln387' <Predicate = true> <Delay = 1.21> <CoreInst = "FIFO_SRL">   --->   Core 81 'FIFO_SRL' <Latency = 0> <II = 1> <Delay = 1.39> <Storage> <Opcode : 'read' 'write' 'nbread' 'nbwrite'> <Ports = 0> <Width = 32> <Depth = 2> <FIFO>
ST_2 : Operation 41 [1/1] (0.00ns)   --->   "%br_ln383 = br void %for.inc16.i" [source/int4_linear_controller.cpp:383->source/int4_linear_controller.cpp:890]   --->   Operation 41 'br' 'br_ln383' <Predicate = true> <Delay = 0.00>


============================================================
+ Verbose Summary: Timing violations
============================================================
Target clock period: 3.333ns, clock uncertainty: 0.900ns.

 <State 1>: 2.605ns
The critical path consists of the following:
	'store' operation 0 bit ('store_ln383', source/int4_linear_controller.cpp:383->source/int4_linear_controller.cpp:890) of constant 0 on local variable 'group', source/int4_linear_controller.cpp:383->source/int4_linear_controller.cpp:890 [18]  (0.387 ns)
	'load' operation 9 bit ('group_3_load', source/int4_linear_controller.cpp:383->source/int4_linear_controller.cpp:890) on local variable 'group', source/int4_linear_controller.cpp:383->source/int4_linear_controller.cpp:890 [26]  (0.000 ns)
	'icmp' operation 1 bit ('icmp_ln383', source/int4_linear_controller.cpp:383->source/int4_linear_controller.cpp:890) [29]  (0.715 ns)
	'select' operation 9 bit ('select_ln380', source/int4_linear_controller.cpp:380->source/int4_linear_controller.cpp:890) [30]  (0.303 ns)
	'getelementptr' operation 9 bit ('activation_cache_addr', source/int4_linear_controller.cpp:386->source/int4_linear_controller.cpp:890) [33]  (0.000 ns)
	'load' operation 480 bit ('activation_cache_load', source/int4_linear_controller.cpp:386->source/int4_linear_controller.cpp:890) on array 'activation_cache' [34]  (1.200 ns)

 <State 2>: 2.417ns
The critical path consists of the following:
	'load' operation 480 bit ('activation_cache_load', source/int4_linear_controller.cpp:386->source/int4_linear_controller.cpp:890) on array 'activation_cache' [34]  (1.200 ns)
	fifo write operation ('write_ln386', source/int4_linear_controller.cpp:386->source/int4_linear_controller.cpp:890) on port 'replay_activation_stream' (source/int4_linear_controller.cpp:386->source/int4_linear_controller.cpp:890) [35]  (1.217 ns)


============================================================
+ Verbose Summary: Binding
============================================================
N/A
* FSMD analyzer results:
  - Output states:
 - Input state : 
  - Chain level:
	State 1
	State 2


============================================================
+ Verbose Summary: Datapath Resource usage 
============================================================
N/A
