

================================================================
== Vitis HLS Report for 'int4_preprocess_activation_stream'
================================================================
* Date:           Tue Aug 11 09:17:18 2026

* Version:        2023.2 (Build 4023990 on Oct 11 2023)
* Project:        proj_int4_decoder_xo
* Solution:       solution1 (Vitis Kernel Flow Target)
* Product family: virtexuplus
* Target device:  xcu250-figd2104-2L-e


================================================================
== Performance Estimates
================================================================
+ Timing: 
    * Summary: 
    +--------+---------+----------+------------+
    |  Clock |  Target | Estimated| Uncertainty|
    +--------+---------+----------+------------+
    |ap_clk  |  3.33 ns|  2.608 ns|     0.90 ns|
    +--------+---------+----------+------------+

+ Latency: 
    * Summary: 
    +---------+---------+----------+-----------+-----+-------+---------+
    |  Latency (cycles) |  Latency (absolute)  |   Interval  | Pipeline|
    |   min   |   max   |    min   |    max    | min |  max  |   Type  |
    +---------+---------+----------+-----------+-----+-------+---------+
    |        1|    13203|  3.333 ns|  44.006 us|    1|  13203|       no|
    +---------+---------+----------+-----------+-----+-------+---------+

    + Detail: 
        * Instance: 
        N/A

        * Loop: 
        N/A

============================================================
+ Verbose Summary: Synthesis Manager
============================================================
InlineROM: 1
ExposeGlobal: 0
============================================================
+ Verbose Summary: CDFG Model
============================================================
IsTopModel: 0
ResetActiveHigh: 1
IsCombinational: 2
IsDatapathOnly: 0
HasWiredReturn: 1
HasMFsm: 0
HasVarLatency: 1
IsPipeline: 0
IsRtlPipelined: 0
IsInstanceOverlapped: 0
IsDontTouch: 0
HasImplIP: 0
IsGatedGlobalClock: 0


============================================================
+ Verbose Summary: Schedule
============================================================
* Number of FSM states : 2
* Pipeline : 0
* Dataflow Pipeline: 0

* FSM state transitions: 
1 --> 2 
2 --> 

* FSM state operations: 

State 1 <SV = 0> <Delay = 0.66>
ST_1 : Operation 3 [1/1] (0.00ns)   --->   "%specmemcore_ln0 = specmemcore void @_ssdm_op_SpecMemCore, i32 %scale_stream, i64 666, i64 10, i64 18446744073709551615"   --->   Operation 3 'specmemcore' 'specmemcore_ln0' <Predicate = true> <Delay = 0.00>
ST_1 : Operation 4 [1/1] (0.00ns)   --->   "%specmemcore_ln0 = specmemcore void @_ssdm_op_SpecMemCore, i480 %quantized_stream, i64 666, i64 8, i64 18446744073709551615"   --->   Operation 4 'specmemcore' 'specmemcore_ln0' <Predicate = true> <Delay = 0.00>
ST_1 : Operation 5 [1/1] (0.00ns)   --->   "%specmemcore_ln0 = specmemcore void @_ssdm_op_SpecMemCore, i512 %gate_pe0, i64 666, i64 18, i64 18446744073709551615"   --->   Operation 5 'specmemcore' 'specmemcore_ln0' <Predicate = true> <Delay = 0.00>
ST_1 : Operation 6 [1/1] (0.00ns)   --->   "%specmemcore_ln0 = specmemcore void @_ssdm_op_SpecMemCore, i512 %gate_pe1, i64 666, i64 18, i64 18446744073709551615"   --->   Operation 6 'specmemcore' 'specmemcore_ln0' <Predicate = true> <Delay = 0.00>
ST_1 : Operation 7 [1/1] (0.00ns)   --->   "%specmemcore_ln0 = specmemcore void @_ssdm_op_SpecMemCore, i512 %gate_pe2, i64 666, i64 18, i64 18446744073709551615"   --->   Operation 7 'specmemcore' 'specmemcore_ln0' <Predicate = true> <Delay = 0.00>
ST_1 : Operation 8 [1/1] (0.00ns)   --->   "%specmemcore_ln0 = specmemcore void @_ssdm_op_SpecMemCore, i512 %gate_pe3, i64 666, i64 18, i64 18446744073709551615"   --->   Operation 8 'specmemcore' 'specmemcore_ln0' <Predicate = true> <Delay = 0.00>
ST_1 : Operation 9 [1/1] (0.00ns)   --->   "%specmemcore_ln0 = specmemcore void @_ssdm_op_SpecMemCore, i512 %up_pe0, i64 666, i64 18, i64 18446744073709551615"   --->   Operation 9 'specmemcore' 'specmemcore_ln0' <Predicate = true> <Delay = 0.00>
ST_1 : Operation 10 [1/1] (0.00ns)   --->   "%specmemcore_ln0 = specmemcore void @_ssdm_op_SpecMemCore, i512 %up_pe1, i64 666, i64 18, i64 18446744073709551615"   --->   Operation 10 'specmemcore' 'specmemcore_ln0' <Predicate = true> <Delay = 0.00>
ST_1 : Operation 11 [1/1] (0.00ns)   --->   "%specmemcore_ln0 = specmemcore void @_ssdm_op_SpecMemCore, i512 %up_pe2, i64 666, i64 18, i64 18446744073709551615"   --->   Operation 11 'specmemcore' 'specmemcore_ln0' <Predicate = true> <Delay = 0.00>
ST_1 : Operation 12 [1/1] (0.00ns)   --->   "%specmemcore_ln0 = specmemcore void @_ssdm_op_SpecMemCore, i512 %up_pe3, i64 666, i64 18, i64 18446744073709551615"   --->   Operation 12 'specmemcore' 'specmemcore_ln0' <Predicate = true> <Delay = 0.00>
ST_1 : Operation 13 [1/1] (0.00ns)   --->   "%specmemcore_ln0 = specmemcore void @_ssdm_op_SpecMemCore, i512 %rms_input_pe0, i64 666, i64 22, i64 18446744073709551615"   --->   Operation 13 'specmemcore' 'specmemcore_ln0' <Predicate = true> <Delay = 0.00>
ST_1 : Operation 14 [1/1] (0.00ns)   --->   "%specmemcore_ln0 = specmemcore void @_ssdm_op_SpecMemCore, i512 %rms_input_pe1, i64 666, i64 22, i64 18446744073709551615"   --->   Operation 14 'specmemcore' 'specmemcore_ln0' <Predicate = true> <Delay = 0.00>
ST_1 : Operation 15 [1/1] (0.00ns)   --->   "%specmemcore_ln0 = specmemcore void @_ssdm_op_SpecMemCore, i512 %rms_input_pe2, i64 666, i64 22, i64 18446744073709551615"   --->   Operation 15 'specmemcore' 'specmemcore_ln0' <Predicate = true> <Delay = 0.00>
ST_1 : Operation 16 [1/1] (0.00ns)   --->   "%specmemcore_ln0 = specmemcore void @_ssdm_op_SpecMemCore, i512 %rms_input_pe3, i64 666, i64 22, i64 18446744073709551615"   --->   Operation 16 'specmemcore' 'specmemcore_ln0' <Predicate = true> <Delay = 0.00>
ST_1 : Operation 17 [1/1] (0.00ns)   --->   "%specinterface_ln0 = specinterface void @_ssdm_op_SpecInterface, i32 %scale_stream, void @empty_447, i32 0, i32 0, void @empty_418, i32 0, i32 0, void @empty_418, void @empty_418, void @empty_418, i32 0, i32 0, i32 0, i32 0, void @empty_418, void @empty_418, i32 4294967295, i32 0"   --->   Operation 17 'specinterface' 'specinterface_ln0' <Predicate = true> <Delay = 0.00>
ST_1 : Operation 18 [1/1] (0.00ns)   --->   "%specinterface_ln0 = specinterface void @_ssdm_op_SpecInterface, i480 %quantized_stream, void @empty_447, i32 0, i32 0, void @empty_418, i32 0, i32 0, void @empty_418, void @empty_418, void @empty_418, i32 0, i32 0, i32 0, i32 0, void @empty_418, void @empty_418, i32 4294967295, i32 0"   --->   Operation 18 'specinterface' 'specinterface_ln0' <Predicate = true> <Delay = 0.00>
ST_1 : Operation 19 [1/1] (0.00ns)   --->   "%idx3_read = read i13 @_ssdm_op_Read.ap_auto.i13, i13 %idx3" [source/int4_decoder_controller.cpp:32]   --->   Operation 19 'read' 'idx3_read' <Predicate = true> <Delay = 0.00>
ST_1 : Operation 20 [1/1] (0.00ns)   --->   "%idx2_read = read i13 @_ssdm_op_Read.ap_auto.i13, i13 %idx2" [source/int4_decoder_controller.cpp:32]   --->   Operation 20 'read' 'idx2_read' <Predicate = true> <Delay = 0.00>
ST_1 : Operation 21 [1/1] (0.00ns)   --->   "%idx1_read = read i13 @_ssdm_op_Read.ap_auto.i13, i13 %idx1" [source/int4_decoder_controller.cpp:32]   --->   Operation 21 'read' 'idx1_read' <Predicate = true> <Delay = 0.00>
ST_1 : Operation 22 [1/1] (0.00ns)   --->   "%idx_read = read i13 @_ssdm_op_Read.ap_auto.i13, i13 %idx" [source/int4_decoder_controller.cpp:32]   --->   Operation 22 'read' 'idx_read' <Predicate = true> <Delay = 0.00>
ST_1 : Operation 23 [1/1] (0.00ns)   --->   "%preprocess_mode_read = read i2 @_ssdm_op_Read.ap_auto.i2, i2 %preprocess_mode" [source/int4_decoder_controller.cpp:32]   --->   Operation 23 'read' 'preprocess_mode_read' <Predicate = true> <Delay = 0.00>
ST_1 : Operation 24 [1/1] (0.66ns)   --->   "%switch_ln32 = switch i2 %preprocess_mode_read, void %if.end, i2 1, void %if.then, i2 3, void %if.then2" [source/int4_decoder_controller.cpp:32]   --->   Operation 24 'switch' 'switch_ln32' <Predicate = true> <Delay = 0.66>
ST_1 : Operation 25 [2/2] (0.00ns)   --->   "%call_ln39 = call void @int4_swiglu_quantize_stream_4pe, i512 %gate_pe0, i512 %gate_pe1, i512 %gate_pe2, i512 %gate_pe3, i512 %up_pe0, i512 %up_pe1, i512 %up_pe2, i512 %up_pe3, i480 %quantized_stream, i32 %scale_stream" [source/int4_decoder_controller.cpp:39]   --->   Operation 25 'call' 'call_ln39' <Predicate = (preprocess_mode_read == 3)> <Delay = 0.00> <CoreType = "Generic">   --->   Core 0 '' <Latency = 0> <II = 1> <Delay = 1.00> <Generic> <Opcode : >
ST_1 : Operation 26 [2/2] (0.00ns)   --->   "%call_ln33 = call void @int4_rmsnorm_quantize_stream_4pe, i512 %rms_input_pe0, i512 %rms_input_pe1, i512 %rms_input_pe2, i512 %rms_input_pe3, i480 %quantized_stream, i32 %scale_stream, i13 %idx_read, i13 %idx1_read, i13 %idx2_read, i13 %idx3_read, i512 %model_norm_cache0, i512 %model_norm_cache1, i512 %model_norm_cache2, i512 %model_norm_cache3" [source/int4_decoder_controller.cpp:33]   --->   Operation 26 'call' 'call_ln33' <Predicate = (preprocess_mode_read == 1)> <Delay = 0.00> <CoreType = "Generic">   --->   Core 0 '' <Latency = 0> <II = 1> <Delay = 1.00> <Generic> <Opcode : >

State 2 <SV = 1> <Delay = 0.00>
ST_2 : Operation 27 [1/2] (0.00ns)   --->   "%call_ln39 = call void @int4_swiglu_quantize_stream_4pe, i512 %gate_pe0, i512 %gate_pe1, i512 %gate_pe2, i512 %gate_pe3, i512 %up_pe0, i512 %up_pe1, i512 %up_pe2, i512 %up_pe3, i480 %quantized_stream, i32 %scale_stream" [source/int4_decoder_controller.cpp:39]   --->   Operation 27 'call' 'call_ln39' <Predicate = (preprocess_mode_read == 3)> <Delay = 0.00> <CoreType = "Generic">   --->   Core 0 '' <Latency = 0> <II = 1> <Delay = 1.00> <Generic> <Opcode : >
ST_2 : Operation 28 [1/1] (0.00ns)   --->   "%br_ln43 = br void %if.end" [source/int4_decoder_controller.cpp:43]   --->   Operation 28 'br' 'br_ln43' <Predicate = (preprocess_mode_read == 3)> <Delay = 0.00>
ST_2 : Operation 29 [1/2] (0.00ns)   --->   "%call_ln33 = call void @int4_rmsnorm_quantize_stream_4pe, i512 %rms_input_pe0, i512 %rms_input_pe1, i512 %rms_input_pe2, i512 %rms_input_pe3, i480 %quantized_stream, i32 %scale_stream, i13 %idx_read, i13 %idx1_read, i13 %idx2_read, i13 %idx3_read, i512 %model_norm_cache0, i512 %model_norm_cache1, i512 %model_norm_cache2, i512 %model_norm_cache3" [source/int4_decoder_controller.cpp:33]   --->   Operation 29 'call' 'call_ln33' <Predicate = (preprocess_mode_read == 1)> <Delay = 0.00> <CoreType = "Generic">   --->   Core 0 '' <Latency = 0> <II = 1> <Delay = 1.00> <Generic> <Opcode : >
ST_2 : Operation 30 [1/1] (0.00ns)   --->   "%br_ln38 = br void %if.end3" [source/int4_decoder_controller.cpp:38]   --->   Operation 30 'br' 'br_ln38' <Predicate = (preprocess_mode_read == 1)> <Delay = 0.00>
ST_2 : Operation 31 [1/1] (0.00ns)   --->   "%br_ln0 = br void %if.end3"   --->   Operation 31 'br' 'br_ln0' <Predicate = (preprocess_mode_read != 1)> <Delay = 0.00>
ST_2 : Operation 32 [1/1] (0.00ns)   --->   "%ret_ln44 = ret" [source/int4_decoder_controller.cpp:44]   --->   Operation 32 'ret' 'ret_ln44' <Predicate = true> <Delay = 0.00>


============================================================
+ Verbose Summary: Timing violations
============================================================
Target clock period: 3.333ns, clock uncertainty: 0.900ns.

 <State 1>: 0.667ns
The critical path consists of the following:
	wire read operation ('preprocess_mode_read', source/int4_decoder_controller.cpp:32) on port 'preprocess_mode' (source/int4_decoder_controller.cpp:32) [44]  (0.000 ns)
	'call' operation 0 bit ('call_ln33', source/int4_decoder_controller.cpp:33) to 'int4_rmsnorm_quantize_stream_4pe' [50]  (0.000 ns)
	blocking operation 0.666906 ns on control path)

 <State 2>: 0.000ns
The critical path consists of the following:


============================================================
+ Verbose Summary: Binding
============================================================
N/A
* FSMD analyzer results:
  - Output states:
 - Input state : 
  - Chain level:
	State 1
	State 2


============================================================
+ Verbose Summary: Datapath Resource usage 
============================================================
N/A
