

================================================================
== Vitis HLS Report for 'int4_execute_dispatch_linear_Pipeline_seed_linear_stage_with_residual_loop'
================================================================
* Date:           Tue Aug 11 09:18:26 2026

* Version:        2023.2 (Build 4023990 on Oct 11 2023)
* Project:        proj_int4_decoder_xo
* Solution:       solution1 (Vitis Kernel Flow Target)
* Product family: virtexuplus
* Target device:  xcu250-figd2104-2L-e


================================================================
== Performance Estimates
================================================================
+ Timing: 
    * Summary: 
    +--------+---------+----------+------------+
    |  Clock |  Target | Estimated| Uncertainty|
    +--------+---------+----------+------------+
    |ap_clk  |  3.33 ns|  2.220 ns|     0.90 ns|
    +--------+---------+----------+------------+

+ Latency: 
    * Summary: 
    +---------+---------+----------+----------+-----+-----+---------+
    |  Latency (cycles) |  Latency (absolute) |  Interval | Pipeline|
    |   min   |   max   |    min   |    max   | min | max |   Type  |
    +---------+---------+----------+----------+-----+-----+---------+
    |       67|       67|  0.223 us|  0.223 us|   67|   67|       no|
    +---------+---------+----------+----------+-----+-----+---------+

    + Detail: 
        * Instance: 
        N/A

        * Loop: 
        +----------------------------------------+---------+---------+----------+-----------+-----------+------+----------+
        |                                        |  Latency (cycles) | Iteration|  Initiation Interval  | Trip |          |
        |                Loop Name               |   min   |   max   |  Latency |  achieved |   target  | Count| Pipelined|
        +----------------------------------------+---------+---------+----------+-----------+-----------+------+----------+
        |- seed_linear_stage_with_residual_loop  |       65|       65|         3|          1|          1|    64|       yes|
        +----------------------------------------+---------+---------+----------+-----------+-----------+------+----------+



================================================================
== Utilization Estimates
================================================================
* Summary: 
+---------------------+---------+-------+---------+---------+------+
|         Name        | BRAM_18K|  DSP  |    FF   |   LUT   | URAM |
+---------------------+---------+-------+---------+---------+------+
|DSP                  |        -|      -|        -|        -|     -|
|Expression           |        -|      -|        0|       31|     -|
|FIFO                 |        -|      -|        -|        -|     -|
|Instance             |        -|      -|        -|        -|     -|
|Memory               |        -|      -|        -|        -|     -|
|Multiplexer          |        -|      -|        -|       36|     -|
|Register             |        -|      -|     2074|        -|     -|
+---------------------+---------+-------+---------+---------+------+
|Total                |        0|      0|     2074|       67|     0|
+---------------------+---------+-------+---------+---------+------+
|Available SLR        |     1344|   3072|   864000|   432000|   320|
+---------------------+---------+-------+---------+---------+------+
|Utilization SLR (%)  |        0|      0|       ~0|       ~0|     0|
+---------------------+---------+-------+---------+---------+------+
|Available            |     5376|  12288|  3456000|  1728000|  1280|
+---------------------+---------+-------+---------+---------+------+
|Utilization (%)      |        0|      0|       ~0|       ~0|     0|
+---------------------+---------+-------+---------+---------+------+

+ Detail: 
    * Instance: 
    N/A

    * DSP: 
    N/A

    * Memory: 
    N/A

    * FIFO: 
    N/A

    * Expression: 
    +----------------------+----------+----+---+----+------------+------------+
    |     Variable Name    | Operation| DSP| FF| LUT| Bitwidth P0| Bitwidth P1|
    +----------------------+----------+----+---+----+------------+------------+
    |add_ln235_fu_188_p2   |         +|   0|  0|  14|           7|           1|
    |icmp_ln235_fu_182_p2  |      icmp|   0|  0|  15|           7|           8|
    |ap_enable_pp0         |       xor|   0|  0|   2|           1|           2|
    +----------------------+----------+----+---+----+------------+------------+
    |Total                 |          |   0|  0|  31|          15|          11|
    +----------------------+----------+----+---+----+------------+------------+

    * Multiplexer: 
    +--------------------------+----+-----------+-----+-----------+
    |           Name           | LUT| Input Size| Bits| Total Bits|
    +--------------------------+----+-----------+-----+-----------+
    |ap_done_int               |   9|          2|    1|          2|
    |ap_enable_reg_pp0_iter1   |   9|          2|    1|          2|
    |ap_sig_allocacmp_word_26  |   9|          2|    7|         14|
    |word_fu_50                |   9|          2|    7|         14|
    +--------------------------+----+-----------+-----+-----------+
    |Total                     |  36|          8|   16|         32|
    +--------------------------+----+-----------+-----+-----------+

    * Register: 
    +----------------------------------+-----+----+-----+-----------+
    |               Name               |  FF | LUT| Bits| Const Bits|
    +----------------------------------+-----+----+-----+-----------+
    |ap_CS_fsm                         |    1|   0|    1|          0|
    |ap_done_reg                       |    1|   0|    1|          0|
    |ap_enable_reg_pp0_iter1           |    1|   0|    1|          0|
    |ap_enable_reg_pp0_iter2           |    1|   0|    1|          0|
    |ap_loop_exit_ready_pp0_iter1_reg  |    1|   0|    1|          0|
    |residual_pe0_load_reg_246         |  512|   0|  512|          0|
    |residual_pe1_load_reg_251         |  512|   0|  512|          0|
    |residual_pe2_load_reg_256         |  512|   0|  512|          0|
    |residual_pe3_load_reg_261         |  512|   0|  512|          0|
    |word_fu_50                        |    7|   0|    7|          0|
    |zext_ln235_reg_218                |    7|   0|   64|         57|
    |zext_ln235_reg_218_pp0_iter1_reg  |    7|   0|   64|         57|
    +----------------------------------+-----+----+-----+-----------+
    |Total                             | 2074|   0| 2188|        114|
    +----------------------------------+-----+----+-----+-----------+



================================================================
== Interface
================================================================
* Summary: 
+------------------------+-----+-----+------------+----------------------------------------------------------------------------+--------------+
|        RTL Ports       | Dir | Bits|  Protocol  |                                Source Object                               |    C Type    |
+------------------------+-----+-----+------------+----------------------------------------------------------------------------+--------------+
|ap_clk                  |   in|    1|  ap_ctrl_hs|  int4_execute_dispatch_linear_Pipeline_seed_linear_stage_with_residual_loop|  return value|
|ap_rst                  |   in|    1|  ap_ctrl_hs|  int4_execute_dispatch_linear_Pipeline_seed_linear_stage_with_residual_loop|  return value|
|ap_start                |   in|    1|  ap_ctrl_hs|  int4_execute_dispatch_linear_Pipeline_seed_linear_stage_with_residual_loop|  return value|
|ap_done                 |  out|    1|  ap_ctrl_hs|  int4_execute_dispatch_linear_Pipeline_seed_linear_stage_with_residual_loop|  return value|
|ap_idle                 |  out|    1|  ap_ctrl_hs|  int4_execute_dispatch_linear_Pipeline_seed_linear_stage_with_residual_loop|  return value|
|ap_ready                |  out|    1|  ap_ctrl_hs|  int4_execute_dispatch_linear_Pipeline_seed_linear_stage_with_residual_loop|  return value|
|residual_pe0_address0   |  out|    6|   ap_memory|                                                                residual_pe0|         array|
|residual_pe0_ce0        |  out|    1|   ap_memory|                                                                residual_pe0|         array|
|residual_pe0_q0         |   in|  512|   ap_memory|                                                                residual_pe0|         array|
|linear_stage0_address1  |  out|    9|   ap_memory|                                                               linear_stage0|         array|
|linear_stage0_ce1       |  out|    1|   ap_memory|                                                               linear_stage0|         array|
|linear_stage0_we1       |  out|    1|   ap_memory|                                                               linear_stage0|         array|
|linear_stage0_d1        |  out|  512|   ap_memory|                                                               linear_stage0|         array|
|residual_pe1_address0   |  out|    6|   ap_memory|                                                                residual_pe1|         array|
|residual_pe1_ce0        |  out|    1|   ap_memory|                                                                residual_pe1|         array|
|residual_pe1_q0         |   in|  512|   ap_memory|                                                                residual_pe1|         array|
|linear_stage1_address1  |  out|    9|   ap_memory|                                                               linear_stage1|         array|
|linear_stage1_ce1       |  out|    1|   ap_memory|                                                               linear_stage1|         array|
|linear_stage1_we1       |  out|    1|   ap_memory|                                                               linear_stage1|         array|
|linear_stage1_d1        |  out|  512|   ap_memory|                                                               linear_stage1|         array|
|residual_pe2_address0   |  out|    6|   ap_memory|                                                                residual_pe2|         array|
|residual_pe2_ce0        |  out|    1|   ap_memory|                                                                residual_pe2|         array|
|residual_pe2_q0         |   in|  512|   ap_memory|                                                                residual_pe2|         array|
|linear_stage2_address1  |  out|    9|   ap_memory|                                                               linear_stage2|         array|
|linear_stage2_ce1       |  out|    1|   ap_memory|                                                               linear_stage2|         array|
|linear_stage2_we1       |  out|    1|   ap_memory|                                                               linear_stage2|         array|
|linear_stage2_d1        |  out|  512|   ap_memory|                                                               linear_stage2|         array|
|residual_pe3_address0   |  out|    6|   ap_memory|                                                                residual_pe3|         array|
|residual_pe3_ce0        |  out|    1|   ap_memory|                                                                residual_pe3|         array|
|residual_pe3_q0         |   in|  512|   ap_memory|                                                                residual_pe3|         array|
|linear_stage3_address1  |  out|    9|   ap_memory|                                                               linear_stage3|         array|
|linear_stage3_ce1       |  out|    1|   ap_memory|                                                               linear_stage3|         array|
|linear_stage3_we1       |  out|    1|   ap_memory|                                                               linear_stage3|         array|
|linear_stage3_d1        |  out|  512|   ap_memory|                                                               linear_stage3|         array|
+------------------------+-----+-----+------------+----------------------------------------------------------------------------+--------------+

============================================================
+ Verbose Summary: Synthesis Manager
============================================================
InlineROM: 1
ExposeGlobal: 0
============================================================
+ Verbose Summary: CDFG Model
============================================================
IsTopModel: 0
ResetActiveHigh: 1
IsCombinational: 2
IsDatapathOnly: 2
HasWiredReturn: 1
HasMFsm: 2
HasVarLatency: 1
IsPipeline: 0
IsRtlPipelined: 0
IsInstanceOverlapped: 0
IsDontTouch: 0
HasImplIP: 0
IsGatedGlobalClock: 0

+ Individual pipeline summary: 
  * Pipeline-0: initiation interval (II) = 1, depth = 3


============================================================
+ Verbose Summary: Schedule
============================================================
* Number of FSM states : 3
* Pipeline : 1
  Pipeline-0 : II = 1, D = 3, States = { 1 2 3 }
* Dataflow Pipeline: 0

* FSM state transitions: 
1 --> 2 
2 --> 3 
3 --> 

* FSM state operations: 

State 1 <SV = 0> <Delay = 1.58>
ST_1 : Operation 6 [1/1] (0.00ns)   --->   "%word = alloca i32 1" [source/int4_decoder_controller.cpp:235]   --->   Operation 6 'alloca' 'word' <Predicate = true> <Delay = 0.00>
ST_1 : Operation 7 [1/1] (0.00ns)   --->   "%specmemcore_ln0 = specmemcore void @_ssdm_op_SpecMemCore, i512 %linear_stage3, i64 666, i64 24, i64 18446744073709551615"   --->   Operation 7 'specmemcore' 'specmemcore_ln0' <Predicate = true> <Delay = 0.00>
ST_1 : Operation 8 [1/1] (0.00ns)   --->   "%specmemcore_ln0 = specmemcore void @_ssdm_op_SpecMemCore, i512 %linear_stage2, i64 666, i64 24, i64 18446744073709551615"   --->   Operation 8 'specmemcore' 'specmemcore_ln0' <Predicate = true> <Delay = 0.00>
ST_1 : Operation 9 [1/1] (0.00ns)   --->   "%specmemcore_ln0 = specmemcore void @_ssdm_op_SpecMemCore, i512 %linear_stage1, i64 666, i64 24, i64 18446744073709551615"   --->   Operation 9 'specmemcore' 'specmemcore_ln0' <Predicate = true> <Delay = 0.00>
ST_1 : Operation 10 [1/1] (0.00ns)   --->   "%specmemcore_ln0 = specmemcore void @_ssdm_op_SpecMemCore, i512 %linear_stage0, i64 666, i64 24, i64 18446744073709551615"   --->   Operation 10 'specmemcore' 'specmemcore_ln0' <Predicate = true> <Delay = 0.00>
ST_1 : Operation 11 [1/1] (0.00ns)   --->   "%specmemcore_ln0 = specmemcore void @_ssdm_op_SpecMemCore, i512 %residual_pe3, i64 666, i64 22, i64 18446744073709551615"   --->   Operation 11 'specmemcore' 'specmemcore_ln0' <Predicate = true> <Delay = 0.00>
ST_1 : Operation 12 [1/1] (0.00ns)   --->   "%specmemcore_ln0 = specmemcore void @_ssdm_op_SpecMemCore, i512 %residual_pe2, i64 666, i64 22, i64 18446744073709551615"   --->   Operation 12 'specmemcore' 'specmemcore_ln0' <Predicate = true> <Delay = 0.00>
ST_1 : Operation 13 [1/1] (0.00ns)   --->   "%specmemcore_ln0 = specmemcore void @_ssdm_op_SpecMemCore, i512 %residual_pe1, i64 666, i64 22, i64 18446744073709551615"   --->   Operation 13 'specmemcore' 'specmemcore_ln0' <Predicate = true> <Delay = 0.00>
ST_1 : Operation 14 [1/1] (0.00ns)   --->   "%specmemcore_ln0 = specmemcore void @_ssdm_op_SpecMemCore, i512 %residual_pe0, i64 666, i64 22, i64 18446744073709551615"   --->   Operation 14 'specmemcore' 'specmemcore_ln0' <Predicate = true> <Delay = 0.00>
ST_1 : Operation 15 [1/1] (0.38ns)   --->   "%store_ln235 = store i7 0, i7 %word" [source/int4_decoder_controller.cpp:235]   --->   Operation 15 'store' 'store_ln235' <Predicate = true> <Delay = 0.38>
ST_1 : Operation 16 [1/1] (0.00ns)   --->   "%br_ln0 = br void %for.inc"   --->   Operation 16 'br' 'br_ln0' <Predicate = true> <Delay = 0.00>
ST_1 : Operation 17 [1/1] (0.00ns)   --->   "%word_26 = load i7 %word" [source/int4_decoder_controller.cpp:235]   --->   Operation 17 'load' 'word_26' <Predicate = true> <Delay = 0.00>
ST_1 : Operation 18 [1/1] (0.70ns)   --->   "%icmp_ln235 = icmp_eq  i7 %word_26, i7 64" [source/int4_decoder_controller.cpp:235]   --->   Operation 18 'icmp' 'icmp_ln235' <Predicate = true> <Delay = 0.70> <CoreInst = "Cmp">   --->   Core 9 'Cmp' <Latency = 0> <II = 1> <Delay = 0.70> <FuncUnit> <Opcode : 'icmp'> <InPorts = 2> <OutPorts = 1>
ST_1 : Operation 19 [1/1] (0.70ns)   --->   "%add_ln235 = add i7 %word_26, i7 1" [source/int4_decoder_controller.cpp:235]   --->   Operation 19 'add' 'add_ln235' <Predicate = true> <Delay = 0.70> <CoreInst = "Adder">   --->   Core 1 'Adder' <Latency = 0> <II = 1> <Delay = 0.70> <FuncUnit> <Opcode : 'add' 'sub'> <InPorts = 2> <OutPorts = 1>
ST_1 : Operation 20 [1/1] (0.00ns)   --->   "%br_ln235 = br i1 %icmp_ln235, void %for.inc.split, void %if.end.loopexit.exitStub" [source/int4_decoder_controller.cpp:235]   --->   Operation 20 'br' 'br_ln235' <Predicate = true> <Delay = 0.00>
ST_1 : Operation 21 [1/1] (0.00ns)   --->   "%zext_ln235 = zext i7 %word_26" [source/int4_decoder_controller.cpp:235]   --->   Operation 21 'zext' 'zext_ln235' <Predicate = (!icmp_ln235)> <Delay = 0.00>
ST_1 : Operation 22 [1/1] (0.00ns)   --->   "%residual_pe0_addr = getelementptr i512 %residual_pe0, i64 0, i64 %zext_ln235" [source/int4_decoder_controller.cpp:237]   --->   Operation 22 'getelementptr' 'residual_pe0_addr' <Predicate = (!icmp_ln235)> <Delay = 0.00>
ST_1 : Operation 23 [2/2] (1.20ns)   --->   "%residual_pe0_load = load i6 %residual_pe0_addr" [source/int4_decoder_controller.cpp:237]   --->   Operation 23 'load' 'residual_pe0_load' <Predicate = (!icmp_ln235)> <Delay = 1.20> <CoreInst = "RAM_2P_BRAM">   --->   Core 94 'RAM_2P_BRAM' <Latency = 1> <II = 1> <Delay = 1.20> <Storage> <Opcode : 'load' 'store'> <Ports = 2> <Width = 512> <Depth = 64> <RAM>
ST_1 : Operation 24 [1/1] (0.00ns)   --->   "%residual_pe1_addr = getelementptr i512 %residual_pe1, i64 0, i64 %zext_ln235" [source/int4_decoder_controller.cpp:238]   --->   Operation 24 'getelementptr' 'residual_pe1_addr' <Predicate = (!icmp_ln235)> <Delay = 0.00>
ST_1 : Operation 25 [2/2] (1.20ns)   --->   "%residual_pe1_load = load i6 %residual_pe1_addr" [source/int4_decoder_controller.cpp:238]   --->   Operation 25 'load' 'residual_pe1_load' <Predicate = (!icmp_ln235)> <Delay = 1.20> <CoreInst = "RAM_2P_BRAM">   --->   Core 94 'RAM_2P_BRAM' <Latency = 1> <II = 1> <Delay = 1.20> <Storage> <Opcode : 'load' 'store'> <Ports = 2> <Width = 512> <Depth = 64> <RAM>
ST_1 : Operation 26 [1/1] (0.00ns)   --->   "%residual_pe2_addr = getelementptr i512 %residual_pe2, i64 0, i64 %zext_ln235" [source/int4_decoder_controller.cpp:239]   --->   Operation 26 'getelementptr' 'residual_pe2_addr' <Predicate = (!icmp_ln235)> <Delay = 0.00>
ST_1 : Operation 27 [2/2] (1.20ns)   --->   "%residual_pe2_load = load i6 %residual_pe2_addr" [source/int4_decoder_controller.cpp:239]   --->   Operation 27 'load' 'residual_pe2_load' <Predicate = (!icmp_ln235)> <Delay = 1.20> <CoreInst = "RAM_2P_BRAM">   --->   Core 94 'RAM_2P_BRAM' <Latency = 1> <II = 1> <Delay = 1.20> <Storage> <Opcode : 'load' 'store'> <Ports = 2> <Width = 512> <Depth = 64> <RAM>
ST_1 : Operation 28 [1/1] (0.00ns)   --->   "%residual_pe3_addr = getelementptr i512 %residual_pe3, i64 0, i64 %zext_ln235" [source/int4_decoder_controller.cpp:240]   --->   Operation 28 'getelementptr' 'residual_pe3_addr' <Predicate = (!icmp_ln235)> <Delay = 0.00>
ST_1 : Operation 29 [2/2] (1.20ns)   --->   "%residual_pe3_load = load i6 %residual_pe3_addr" [source/int4_decoder_controller.cpp:240]   --->   Operation 29 'load' 'residual_pe3_load' <Predicate = (!icmp_ln235)> <Delay = 1.20> <CoreInst = "RAM_2P_BRAM">   --->   Core 94 'RAM_2P_BRAM' <Latency = 1> <II = 1> <Delay = 1.20> <Storage> <Opcode : 'load' 'store'> <Ports = 2> <Width = 512> <Depth = 64> <RAM>
ST_1 : Operation 30 [1/1] (0.38ns)   --->   "%store_ln235 = store i7 %add_ln235, i7 %word" [source/int4_decoder_controller.cpp:235]   --->   Operation 30 'store' 'store_ln235' <Predicate = (!icmp_ln235)> <Delay = 0.38>

State 2 <SV = 1> <Delay = 1.20>
ST_2 : Operation 31 [1/2] (1.20ns)   --->   "%residual_pe0_load = load i6 %residual_pe0_addr" [source/int4_decoder_controller.cpp:237]   --->   Operation 31 'load' 'residual_pe0_load' <Predicate = true> <Delay = 1.20> <CoreInst = "RAM_2P_BRAM">   --->   Core 94 'RAM_2P_BRAM' <Latency = 1> <II = 1> <Delay = 1.20> <Storage> <Opcode : 'load' 'store'> <Ports = 2> <Width = 512> <Depth = 64> <RAM>
ST_2 : Operation 32 [1/2] (1.20ns)   --->   "%residual_pe1_load = load i6 %residual_pe1_addr" [source/int4_decoder_controller.cpp:238]   --->   Operation 32 'load' 'residual_pe1_load' <Predicate = true> <Delay = 1.20> <CoreInst = "RAM_2P_BRAM">   --->   Core 94 'RAM_2P_BRAM' <Latency = 1> <II = 1> <Delay = 1.20> <Storage> <Opcode : 'load' 'store'> <Ports = 2> <Width = 512> <Depth = 64> <RAM>
ST_2 : Operation 33 [1/2] (1.20ns)   --->   "%residual_pe2_load = load i6 %residual_pe2_addr" [source/int4_decoder_controller.cpp:239]   --->   Operation 33 'load' 'residual_pe2_load' <Predicate = true> <Delay = 1.20> <CoreInst = "RAM_2P_BRAM">   --->   Core 94 'RAM_2P_BRAM' <Latency = 1> <II = 1> <Delay = 1.20> <Storage> <Opcode : 'load' 'store'> <Ports = 2> <Width = 512> <Depth = 64> <RAM>
ST_2 : Operation 34 [1/2] (1.20ns)   --->   "%residual_pe3_load = load i6 %residual_pe3_addr" [source/int4_decoder_controller.cpp:240]   --->   Operation 34 'load' 'residual_pe3_load' <Predicate = true> <Delay = 1.20> <CoreInst = "RAM_2P_BRAM">   --->   Core 94 'RAM_2P_BRAM' <Latency = 1> <II = 1> <Delay = 1.20> <Storage> <Opcode : 'load' 'store'> <Ports = 2> <Width = 512> <Depth = 64> <RAM>
ST_2 : Operation 47 [1/1] (0.00ns)   --->   "%ret_ln0 = ret"   --->   Operation 47 'ret' 'ret_ln0' <Predicate = (icmp_ln235)> <Delay = 0.00>

State 3 <SV = 2> <Delay = 2.22>
ST_3 : Operation 35 [1/1] (0.00ns)   --->   "%specpipeline_ln236 = specpipeline void @_ssdm_op_SpecPipeline, i32 1, i32 0, i32 0, i32 0, void @empty_418" [source/int4_decoder_controller.cpp:236]   --->   Operation 35 'specpipeline' 'specpipeline_ln236' <Predicate = true> <Delay = 0.00>
ST_3 : Operation 36 [1/1] (0.00ns)   --->   "%speclooptripcount_ln235 = speclooptripcount void @_ssdm_op_SpecLoopTripCount, i64 64, i64 64, i64 64" [source/int4_decoder_controller.cpp:235]   --->   Operation 36 'speclooptripcount' 'speclooptripcount_ln235' <Predicate = true> <Delay = 0.00>
ST_3 : Operation 37 [1/1] (0.00ns)   --->   "%specloopname_ln235 = specloopname void @_ssdm_op_SpecLoopName, void @empty_472" [source/int4_decoder_controller.cpp:235]   --->   Operation 37 'specloopname' 'specloopname_ln235' <Predicate = true> <Delay = 0.00>
ST_3 : Operation 38 [1/1] (0.00ns)   --->   "%linear_stage0_addr = getelementptr i512 %linear_stage0, i64 0, i64 %zext_ln235" [source/int4_decoder_controller.cpp:237]   --->   Operation 38 'getelementptr' 'linear_stage0_addr' <Predicate = true> <Delay = 0.00>
ST_3 : Operation 39 [1/1] (2.22ns)   --->   "%store_ln237 = store i512 %residual_pe0_load, i9 %linear_stage0_addr" [source/int4_decoder_controller.cpp:237]   --->   Operation 39 'store' 'store_ln237' <Predicate = true> <Delay = 2.22> <CoreInst = "RAM_2P_URAM">   --->   Core 95 'RAM_2P_URAM' <Latency = 1> <II = 1> <Delay = 2.22> <Storage> <Opcode : 'load' 'store'> <Ports = 2> <Width = 512> <Depth = 504> <RAM>
ST_3 : Operation 40 [1/1] (0.00ns)   --->   "%linear_stage1_addr = getelementptr i512 %linear_stage1, i64 0, i64 %zext_ln235" [source/int4_decoder_controller.cpp:238]   --->   Operation 40 'getelementptr' 'linear_stage1_addr' <Predicate = true> <Delay = 0.00>
ST_3 : Operation 41 [1/1] (2.22ns)   --->   "%store_ln238 = store i512 %residual_pe1_load, i9 %linear_stage1_addr" [source/int4_decoder_controller.cpp:238]   --->   Operation 41 'store' 'store_ln238' <Predicate = true> <Delay = 2.22> <CoreInst = "RAM_2P_URAM">   --->   Core 95 'RAM_2P_URAM' <Latency = 1> <II = 1> <Delay = 2.22> <Storage> <Opcode : 'load' 'store'> <Ports = 2> <Width = 512> <Depth = 504> <RAM>
ST_3 : Operation 42 [1/1] (0.00ns)   --->   "%linear_stage2_addr = getelementptr i512 %linear_stage2, i64 0, i64 %zext_ln235" [source/int4_decoder_controller.cpp:239]   --->   Operation 42 'getelementptr' 'linear_stage2_addr' <Predicate = true> <Delay = 0.00>
ST_3 : Operation 43 [1/1] (2.22ns)   --->   "%store_ln239 = store i512 %residual_pe2_load, i9 %linear_stage2_addr" [source/int4_decoder_controller.cpp:239]   --->   Operation 43 'store' 'store_ln239' <Predicate = true> <Delay = 2.22> <CoreInst = "RAM_2P_URAM">   --->   Core 95 'RAM_2P_URAM' <Latency = 1> <II = 1> <Delay = 2.22> <Storage> <Opcode : 'load' 'store'> <Ports = 2> <Width = 512> <Depth = 504> <RAM>
ST_3 : Operation 44 [1/1] (0.00ns)   --->   "%linear_stage3_addr = getelementptr i512 %linear_stage3, i64 0, i64 %zext_ln235" [source/int4_decoder_controller.cpp:240]   --->   Operation 44 'getelementptr' 'linear_stage3_addr' <Predicate = true> <Delay = 0.00>
ST_3 : Operation 45 [1/1] (2.22ns)   --->   "%store_ln240 = store i512 %residual_pe3_load, i9 %linear_stage3_addr" [source/int4_decoder_controller.cpp:240]   --->   Operation 45 'store' 'store_ln240' <Predicate = true> <Delay = 2.22> <CoreInst = "RAM_2P_URAM">   --->   Core 95 'RAM_2P_URAM' <Latency = 1> <II = 1> <Delay = 2.22> <Storage> <Opcode : 'load' 'store'> <Ports = 2> <Width = 512> <Depth = 504> <RAM>
ST_3 : Operation 46 [1/1] (0.00ns)   --->   "%br_ln235 = br void %for.inc" [source/int4_decoder_controller.cpp:235]   --->   Operation 46 'br' 'br_ln235' <Predicate = true> <Delay = 0.00>


============================================================
+ Verbose Summary: Binding
============================================================
STG Binding: 
---------------- STG Properties BEGIN ----------------
- Is combinational: 0
- Is one-state seq: 0
- Is datapath-only: 0
- Is pipelined: 0
- Is top level: 0
Port [ Return ] is wired: 1; IO mode=ap_ctrl_hs:ce=0
Port [ residual_pe0]:  wired=1; compound=1; hidden=0; nouse=0; global=0; static=0; extern=0; dir=0; type=1; pingpong=0; private_global=0; MemPort=[13]; IO mode=ap_memory:ce=0
Port [ linear_stage0]:  wired=1; compound=1; hidden=0; nouse=0; global=0; static=0; extern=0; dir=1; type=1; pingpong=0; private_global=0; MemPort=[30]; IO mode=ap_memory:ce=0
Port [ residual_pe1]:  wired=1; compound=1; hidden=0; nouse=0; global=0; static=0; extern=0; dir=0; type=1; pingpong=0; private_global=0; MemPort=[13]; IO mode=ap_memory:ce=0
Port [ linear_stage1]:  wired=1; compound=1; hidden=0; nouse=0; global=0; static=0; extern=0; dir=1; type=1; pingpong=0; private_global=0; MemPort=[30]; IO mode=ap_memory:ce=0
Port [ residual_pe2]:  wired=1; compound=1; hidden=0; nouse=0; global=0; static=0; extern=0; dir=0; type=1; pingpong=0; private_global=0; MemPort=[13]; IO mode=ap_memory:ce=0
Port [ linear_stage2]:  wired=1; compound=1; hidden=0; nouse=0; global=0; static=0; extern=0; dir=1; type=1; pingpong=0; private_global=0; MemPort=[30]; IO mode=ap_memory:ce=0
Port [ residual_pe3]:  wired=1; compound=1; hidden=0; nouse=0; global=0; static=0; extern=0; dir=0; type=1; pingpong=0; private_global=0; MemPort=[13]; IO mode=ap_memory:ce=0
Port [ linear_stage3]:  wired=1; compound=1; hidden=0; nouse=0; global=0; static=0; extern=0; dir=1; type=1; pingpong=0; private_global=0; MemPort=[30]; IO mode=ap_memory:ce=0
---------------- STG Properties END ------------------

---------------- Datapath Model BEGIN ----------------

<LifeTime>
<method=bitvector/>
word                    (alloca           ) [ 0100]
specmemcore_ln0         (specmemcore      ) [ 0000]
specmemcore_ln0         (specmemcore      ) [ 0000]
specmemcore_ln0         (specmemcore      ) [ 0000]
specmemcore_ln0         (specmemcore      ) [ 0000]
specmemcore_ln0         (specmemcore      ) [ 0000]
specmemcore_ln0         (specmemcore      ) [ 0000]
specmemcore_ln0         (specmemcore      ) [ 0000]
specmemcore_ln0         (specmemcore      ) [ 0000]
store_ln235             (store            ) [ 0000]
br_ln0                  (br               ) [ 0000]
word_26                 (load             ) [ 0000]
icmp_ln235              (icmp             ) [ 0110]
add_ln235               (add              ) [ 0000]
br_ln235                (br               ) [ 0000]
zext_ln235              (zext             ) [ 0111]
residual_pe0_addr       (getelementptr    ) [ 0110]
residual_pe1_addr       (getelementptr    ) [ 0110]
residual_pe2_addr       (getelementptr    ) [ 0110]
residual_pe3_addr       (getelementptr    ) [ 0110]
store_ln235             (store            ) [ 0000]
residual_pe0_load       (load             ) [ 0101]
residual_pe1_load       (load             ) [ 0101]
residual_pe2_load       (load             ) [ 0101]
residual_pe3_load       (load             ) [ 0101]
specpipeline_ln236      (specpipeline     ) [ 0000]
speclooptripcount_ln235 (speclooptripcount) [ 0000]
specloopname_ln235      (specloopname     ) [ 0000]
linear_stage0_addr      (getelementptr    ) [ 0000]
store_ln237             (store            ) [ 0000]
linear_stage1_addr      (getelementptr    ) [ 0000]
store_ln238             (store            ) [ 0000]
linear_stage2_addr      (getelementptr    ) [ 0000]
store_ln239             (store            ) [ 0000]
linear_stage3_addr      (getelementptr    ) [ 0000]
store_ln240             (store            ) [ 0000]
br_ln235                (br               ) [ 0000]
ret_ln0                 (ret              ) [ 0000]
</LifeTime>

<model>

<comp_list>
<comp id="0" class="1000" name="residual_pe0">
<pin_list>
<pin id="1" dir="1" index="0" bw="1" slack="0"/>
</pin_list>
<bind>
<StgValue><ssdm name="residual_pe0"/><MemPortTyVec>1 3 </MemPortTyVec>
</StgValue>
</bind>
</comp>

<comp id="2" class="1000" name="linear_stage0">
<pin_list>
<pin id="3" dir="1" index="0" bw="1" slack="0"/>
</pin_list>
<bind>
<StgValue><ssdm name="linear_stage0"/><MemPortTyVec>3 0 </MemPortTyVec>
</StgValue>
</bind>
</comp>

<comp id="4" class="1000" name="residual_pe1">
<pin_list>
<pin id="5" dir="1" index="0" bw="1" slack="0"/>
</pin_list>
<bind>
<StgValue><ssdm name="residual_pe1"/><MemPortTyVec>1 3 </MemPortTyVec>
</StgValue>
</bind>
</comp>

<comp id="6" class="1000" name="linear_stage1">
<pin_list>
<pin id="7" dir="1" index="0" bw="1" slack="0"/>
</pin_list>
<bind>
<StgValue><ssdm name="linear_stage1"/><MemPortTyVec>3 0 </MemPortTyVec>
</StgValue>
</bind>
</comp>

<comp id="8" class="1000" name="residual_pe2">
<pin_list>
<pin id="9" dir="1" index="0" bw="1" slack="0"/>
</pin_list>
<bind>
<StgValue><ssdm name="residual_pe2"/><MemPortTyVec>1 3 </MemPortTyVec>
</StgValue>
</bind>
</comp>

<comp id="10" class="1000" name="linear_stage2">
<pin_list>
<pin id="11" dir="1" index="0" bw="1" slack="0"/>
</pin_list>
<bind>
<StgValue><ssdm name="linear_stage2"/><MemPortTyVec>3 0 </MemPortTyVec>
</StgValue>
</bind>
</comp>

<comp id="12" class="1000" name="residual_pe3">
<pin_list>
<pin id="13" dir="1" index="0" bw="1" slack="0"/>
</pin_list>
<bind>
<StgValue><ssdm name="residual_pe3"/><MemPortTyVec>1 3 </MemPortTyVec>
</StgValue>
</bind>
</comp>

<comp id="14" class="1000" name="linear_stage3">
<pin_list>
<pin id="15" dir="1" index="0" bw="1" slack="0"/>
</pin_list>
<bind>
<StgValue><ssdm name="linear_stage3"/><MemPortTyVec>3 0 </MemPortTyVec>
</StgValue>
</bind>
</comp>

<comp id="16" class="1001" name="const_16">
<pin_list>
<pin id="17" dir="1" index="0" bw="1" slack="0"/>
</pin_list>
<bind>
<StgValue><ssdm name=""/></StgValue>
</bind>
</comp>

<comp id="18" class="1001" name="const_18">
<pin_list>
<pin id="19" dir="1" index="0" bw="1" slack="2147483647"/>
</pin_list>
<bind>
<StgValue><ssdm name="_ssdm_op_SpecMemCore"/></StgValue>
</bind>
</comp>

<comp id="20" class="1001" name="const_20">
<pin_list>
<pin id="21" dir="1" index="0" bw="1" slack="2147483647"/>
</pin_list>
<bind>
<StgValue><ssdm name=""/></StgValue>
</bind>
</comp>

<comp id="22" class="1001" name="const_22">
<pin_list>
<pin id="23" dir="1" index="0" bw="1" slack="2147483647"/>
</pin_list>
<bind>
<StgValue><ssdm name=""/></StgValue>
</bind>
</comp>

<comp id="24" class="1001" name="const_24">
<pin_list>
<pin id="25" dir="1" index="0" bw="1" slack="2147483647"/>
</pin_list>
<bind>
<StgValue><ssdm name=""/></StgValue>
</bind>
</comp>

<comp id="26" class="1001" name="const_26">
<pin_list>
<pin id="27" dir="1" index="0" bw="1" slack="2147483647"/>
</pin_list>
<bind>
<StgValue><ssdm name=""/></StgValue>
</bind>
</comp>

<comp id="28" class="1001" name="const_28">
<pin_list>
<pin id="29" dir="1" index="0" bw="1" slack="0"/>
</pin_list>
<bind>
<StgValue><ssdm name=""/></StgValue>
</bind>
</comp>

<comp id="30" class="1001" name="const_30">
<pin_list>
<pin id="31" dir="1" index="0" bw="1" slack="0"/>
</pin_list>
<bind>
<StgValue><ssdm name=""/></StgValue>
</bind>
</comp>

<comp id="32" class="1001" name="const_32">
<pin_list>
<pin id="33" dir="1" index="0" bw="1" slack="0"/>
</pin_list>
<bind>
<StgValue><ssdm name=""/></StgValue>
</bind>
</comp>

<comp id="34" class="1001" name="const_34">
<pin_list>
<pin id="35" dir="1" index="0" bw="1" slack="0"/>
</pin_list>
<bind>
<StgValue><ssdm name=""/></StgValue>
</bind>
</comp>

<comp id="36" class="1001" name="const_36">
<pin_list>
<pin id="37" dir="1" index="0" bw="1" slack="2147483647"/>
</pin_list>
<bind>
<StgValue><ssdm name="_ssdm_op_SpecPipeline"/></StgValue>
</bind>
</comp>

<comp id="38" class="1001" name="const_38">
<pin_list>
<pin id="39" dir="1" index="0" bw="1" slack="2147483647"/>
</pin_list>
<bind>
<StgValue><ssdm name=""/></StgValue>
</bind>
</comp>

<comp id="40" class="1001" name="const_40">
<pin_list>
<pin id="41" dir="1" index="0" bw="1" slack="2147483647"/>
</pin_list>
<bind>
<StgValue><ssdm name="empty_418"/></StgValue>
</bind>
</comp>

<comp id="42" class="1001" name="const_42">
<pin_list>
<pin id="43" dir="1" index="0" bw="1" slack="2147483647"/>
</pin_list>
<bind>
<StgValue><ssdm name="_ssdm_op_SpecLoopTripCount"/></StgValue>
</bind>
</comp>

<comp id="44" class="1001" name="const_44">
<pin_list>
<pin id="45" dir="1" index="0" bw="1" slack="2147483647"/>
</pin_list>
<bind>
<StgValue><ssdm name=""/></StgValue>
</bind>
</comp>

<comp id="46" class="1001" name="const_46">
<pin_list>
<pin id="47" dir="1" index="0" bw="1" slack="2147483647"/>
</pin_list>
<bind>
<StgValue><ssdm name="_ssdm_op_SpecLoopName"/></StgValue>
</bind>
</comp>

<comp id="48" class="1001" name="const_48">
<pin_list>
<pin id="49" dir="1" index="0" bw="1" slack="2147483647"/>
</pin_list>
<bind>
<StgValue><ssdm name="empty_472"/></StgValue>
</bind>
</comp>

<comp id="50" class="1004" name="word_fu_50">
<pin_list>
<pin id="51" dir="0" index="0" bw="1" slack="0"/>
<pin id="52" dir="1" index="1" bw="7" slack="0"/>
</pin_list>
<bind>
<opcode="alloca(26) " fcode="alloca"/>
<opset="word/1 "/>
</bind>
</comp>

<comp id="54" class="1004" name="residual_pe0_addr_gep_fu_54">
<pin_list>
<pin id="55" dir="0" index="0" bw="512" slack="0"/>
<pin id="56" dir="0" index="1" bw="1" slack="0"/>
<pin id="57" dir="0" index="2" bw="7" slack="0"/>
<pin id="58" dir="1" index="3" bw="6" slack="0"/>
</pin_list>
<bind>
<opcode="getelementptr(29) " fcode="getelementptr"/>
<opset="residual_pe0_addr/1 "/>
</bind>
</comp>

<comp id="61" class="1004" name="grp_access_fu_61">
<pin_list>
<pin id="62" dir="0" index="0" bw="6" slack="0"/>
<pin id="63" dir="0" index="1" bw="512" slack="2147483647"/>
<pin id="64" dir="0" index="2" bw="0" slack="2147483647"/>
<pin id="65" dir="1" index="3" bw="512" slack="1"/>
</pin_list>
<bind>
<opcode="load(27) " fcode="load"/>
<opset="residual_pe0_load/1 "/>
</bind>
</comp>

<comp id="67" class="1004" name="residual_pe1_addr_gep_fu_67">
<pin_list>
<pin id="68" dir="0" index="0" bw="512" slack="0"/>
<pin id="69" dir="0" index="1" bw="1" slack="0"/>
<pin id="70" dir="0" index="2" bw="7" slack="0"/>
<pin id="71" dir="1" index="3" bw="6" slack="0"/>
</pin_list>
<bind>
<opcode="getelementptr(29) " fcode="getelementptr"/>
<opset="residual_pe1_addr/1 "/>
</bind>
</comp>

<comp id="74" class="1004" name="grp_access_fu_74">
<pin_list>
<pin id="75" dir="0" index="0" bw="6" slack="0"/>
<pin id="76" dir="0" index="1" bw="512" slack="2147483647"/>
<pin id="77" dir="0" index="2" bw="0" slack="2147483647"/>
<pin id="78" dir="1" index="3" bw="512" slack="1"/>
</pin_list>
<bind>
<opcode="load(27) " fcode="load"/>
<opset="residual_pe1_load/1 "/>
</bind>
</comp>

<comp id="80" class="1004" name="residual_pe2_addr_gep_fu_80">
<pin_list>
<pin id="81" dir="0" index="0" bw="512" slack="0"/>
<pin id="82" dir="0" index="1" bw="1" slack="0"/>
<pin id="83" dir="0" index="2" bw="7" slack="0"/>
<pin id="84" dir="1" index="3" bw="6" slack="0"/>
</pin_list>
<bind>
<opcode="getelementptr(29) " fcode="getelementptr"/>
<opset="residual_pe2_addr/1 "/>
</bind>
</comp>

<comp id="87" class="1004" name="grp_access_fu_87">
<pin_list>
<pin id="88" dir="0" index="0" bw="6" slack="0"/>
<pin id="89" dir="0" index="1" bw="512" slack="2147483647"/>
<pin id="90" dir="0" index="2" bw="0" slack="2147483647"/>
<pin id="91" dir="1" index="3" bw="512" slack="1"/>
</pin_list>
<bind>
<opcode="load(27) " fcode="load"/>
<opset="residual_pe2_load/1 "/>
</bind>
</comp>

<comp id="93" class="1004" name="residual_pe3_addr_gep_fu_93">
<pin_list>
<pin id="94" dir="0" index="0" bw="512" slack="0"/>
<pin id="95" dir="0" index="1" bw="1" slack="0"/>
<pin id="96" dir="0" index="2" bw="7" slack="0"/>
<pin id="97" dir="1" index="3" bw="6" slack="0"/>
</pin_list>
<bind>
<opcode="getelementptr(29) " fcode="getelementptr"/>
<opset="residual_pe3_addr/1 "/>
</bind>
</comp>

<comp id="100" class="1004" name="grp_access_fu_100">
<pin_list>
<pin id="101" dir="0" index="0" bw="6" slack="0"/>
<pin id="102" dir="0" index="1" bw="512" slack="2147483647"/>
<pin id="103" dir="0" index="2" bw="0" slack="2147483647"/>
<pin id="104" dir="1" index="3" bw="512" slack="1"/>
</pin_list>
<bind>
<opcode="load(27) " fcode="load"/>
<opset="residual_pe3_load/1 "/>
</bind>
</comp>

<comp id="106" class="1004" name="linear_stage0_addr_gep_fu_106">
<pin_list>
<pin id="107" dir="0" index="0" bw="512" slack="0"/>
<pin id="108" dir="0" index="1" bw="1" slack="0"/>
<pin id="109" dir="0" index="2" bw="7" slack="2"/>
<pin id="110" dir="1" index="3" bw="9" slack="0"/>
</pin_list>
<bind>
<opcode="getelementptr(29) " fcode="getelementptr"/>
<opset="linear_stage0_addr/3 "/>
</bind>
</comp>

<comp id="113" class="1004" name="store_ln237_access_fu_113">
<pin_list>
<pin id="114" dir="0" index="0" bw="9" slack="2147483647"/>
<pin id="115" dir="0" index="1" bw="512" slack="2147483647"/>
<pin id="116" dir="0" index="2" bw="0" slack="0"/>
<pin id="118" dir="0" index="4" bw="9" slack="1"/>
<pin id="119" dir="0" index="5" bw="512" slack="2147483647"/>
<pin id="120" dir="0" index="6" bw="0" slack="2147483647"/>
<pin id="117" dir="1" index="3" bw="512" slack="2147483647"/>
<pin id="121" dir="1" index="7" bw="512" slack="2147483647"/>
</pin_list>
<bind>
<opcode="store(28) " fcode="store"/>
<opset="store_ln237/3 "/>
</bind>
</comp>

<comp id="123" class="1004" name="linear_stage1_addr_gep_fu_123">
<pin_list>
<pin id="124" dir="0" index="0" bw="512" slack="0"/>
<pin id="125" dir="0" index="1" bw="1" slack="0"/>
<pin id="126" dir="0" index="2" bw="7" slack="2"/>
<pin id="127" dir="1" index="3" bw="9" slack="0"/>
</pin_list>
<bind>
<opcode="getelementptr(29) " fcode="getelementptr"/>
<opset="linear_stage1_addr/3 "/>
</bind>
</comp>

<comp id="130" class="1004" name="store_ln238_access_fu_130">
<pin_list>
<pin id="131" dir="0" index="0" bw="9" slack="2147483647"/>
<pin id="132" dir="0" index="1" bw="512" slack="2147483647"/>
<pin id="133" dir="0" index="2" bw="0" slack="0"/>
<pin id="135" dir="0" index="4" bw="9" slack="1"/>
<pin id="136" dir="0" index="5" bw="512" slack="2147483647"/>
<pin id="137" dir="0" index="6" bw="0" slack="2147483647"/>
<pin id="134" dir="1" index="3" bw="512" slack="2147483647"/>
<pin id="138" dir="1" index="7" bw="512" slack="2147483647"/>
</pin_list>
<bind>
<opcode="store(28) " fcode="store"/>
<opset="store_ln238/3 "/>
</bind>
</comp>

<comp id="140" class="1004" name="linear_stage2_addr_gep_fu_140">
<pin_list>
<pin id="141" dir="0" index="0" bw="512" slack="0"/>
<pin id="142" dir="0" index="1" bw="1" slack="0"/>
<pin id="143" dir="0" index="2" bw="7" slack="2"/>
<pin id="144" dir="1" index="3" bw="9" slack="0"/>
</pin_list>
<bind>
<opcode="getelementptr(29) " fcode="getelementptr"/>
<opset="linear_stage2_addr/3 "/>
</bind>
</comp>

<comp id="147" class="1004" name="store_ln239_access_fu_147">
<pin_list>
<pin id="148" dir="0" index="0" bw="9" slack="2147483647"/>
<pin id="149" dir="0" index="1" bw="512" slack="2147483647"/>
<pin id="150" dir="0" index="2" bw="0" slack="0"/>
<pin id="152" dir="0" index="4" bw="9" slack="1"/>
<pin id="153" dir="0" index="5" bw="512" slack="2147483647"/>
<pin id="154" dir="0" index="6" bw="0" slack="2147483647"/>
<pin id="151" dir="1" index="3" bw="512" slack="2147483647"/>
<pin id="155" dir="1" index="7" bw="512" slack="2147483647"/>
</pin_list>
<bind>
<opcode="store(28) " fcode="store"/>
<opset="store_ln239/3 "/>
</bind>
</comp>

<comp id="157" class="1004" name="linear_stage3_addr_gep_fu_157">
<pin_list>
<pin id="158" dir="0" index="0" bw="512" slack="0"/>
<pin id="159" dir="0" index="1" bw="1" slack="0"/>
<pin id="160" dir="0" index="2" bw="7" slack="2"/>
<pin id="161" dir="1" index="3" bw="9" slack="0"/>
</pin_list>
<bind>
<opcode="getelementptr(29) " fcode="getelementptr"/>
<opset="linear_stage3_addr/3 "/>
</bind>
</comp>

<comp id="164" class="1004" name="store_ln240_access_fu_164">
<pin_list>
<pin id="165" dir="0" index="0" bw="9" slack="2147483647"/>
<pin id="166" dir="0" index="1" bw="512" slack="2147483647"/>
<pin id="167" dir="0" index="2" bw="0" slack="0"/>
<pin id="169" dir="0" index="4" bw="9" slack="1"/>
<pin id="170" dir="0" index="5" bw="512" slack="2147483647"/>
<pin id="171" dir="0" index="6" bw="0" slack="2147483647"/>
<pin id="168" dir="1" index="3" bw="512" slack="2147483647"/>
<pin id="172" dir="1" index="7" bw="512" slack="2147483647"/>
</pin_list>
<bind>
<opcode="store(28) " fcode="store"/>
<opset="store_ln240/3 "/>
</bind>
</comp>

<comp id="174" class="1004" name="store_ln235_store_fu_174">
<pin_list>
<pin id="175" dir="0" index="0" bw="1" slack="0"/>
<pin id="176" dir="0" index="1" bw="7" slack="0"/>
<pin id="177" dir="1" index="2" bw="0" slack="2147483647"/>
</pin_list>
<bind>
<opcode="store(28) " fcode="store"/>
<opset="store_ln235/1 "/>
</bind>
</comp>

<comp id="179" class="1004" name="word_26_load_fu_179">
<pin_list>
<pin id="180" dir="0" index="0" bw="7" slack="0"/>
<pin id="181" dir="1" index="1" bw="7" slack="0"/>
</pin_list>
<bind>
<opcode="load(27) " fcode="load"/>
<opset="word_26/1 "/>
</bind>
</comp>

<comp id="182" class="1004" name="icmp_ln235_fu_182">
<pin_list>
<pin id="183" dir="0" index="0" bw="7" slack="0"/>
<pin id="184" dir="0" index="1" bw="7" slack="0"/>
<pin id="185" dir="1" index="2" bw="1" slack="1"/>
</pin_list>
<bind>
<opcode="icmp(45) " fcode="icmp"/>
<opset="icmp_ln235/1 "/>
</bind>
</comp>

<comp id="188" class="1004" name="add_ln235_fu_188">
<pin_list>
<pin id="189" dir="0" index="0" bw="7" slack="0"/>
<pin id="190" dir="0" index="1" bw="1" slack="0"/>
<pin id="191" dir="1" index="2" bw="7" slack="0"/>
</pin_list>
<bind>
<opcode="add(8) " fcode="add"/>
<opset="add_ln235/1 "/>
</bind>
</comp>

<comp id="194" class="1004" name="zext_ln235_fu_194">
<pin_list>
<pin id="195" dir="0" index="0" bw="7" slack="0"/>
<pin id="196" dir="1" index="1" bw="64" slack="0"/>
</pin_list>
<bind>
<opcode="zext(34) " fcode="zext"/>
<opset="zext_ln235/1 "/>
</bind>
</comp>

<comp id="202" class="1004" name="store_ln235_store_fu_202">
<pin_list>
<pin id="203" dir="0" index="0" bw="7" slack="0"/>
<pin id="204" dir="0" index="1" bw="7" slack="0"/>
<pin id="205" dir="1" index="2" bw="0" slack="2147483647"/>
</pin_list>
<bind>
<opcode="store(28) " fcode="store"/>
<opset="store_ln235/1 "/>
</bind>
</comp>

<comp id="207" class="1005" name="word_reg_207">
<pin_list>
<pin id="208" dir="0" index="0" bw="7" slack="0"/>
<pin id="209" dir="1" index="1" bw="7" slack="0"/>
</pin_list>
<bind>
<opset="word "/>
</bind>
</comp>

<comp id="214" class="1005" name="icmp_ln235_reg_214">
<pin_list>
<pin id="215" dir="0" index="0" bw="1" slack="1"/>
<pin id="216" dir="1" index="1" bw="1" slack="2147483647"/>
</pin_list>
<bind>
<opset="icmp_ln235 "/>
</bind>
</comp>

<comp id="218" class="1005" name="zext_ln235_reg_218">
<pin_list>
<pin id="219" dir="0" index="0" bw="64" slack="2"/>
<pin id="220" dir="1" index="1" bw="64" slack="2"/>
</pin_list>
<bind>
<opset="zext_ln235 "/>
</bind>
</comp>

<comp id="226" class="1005" name="residual_pe0_addr_reg_226">
<pin_list>
<pin id="227" dir="0" index="0" bw="6" slack="1"/>
<pin id="228" dir="1" index="1" bw="6" slack="1"/>
</pin_list>
<bind>
<opset="residual_pe0_addr "/>
</bind>
</comp>

<comp id="231" class="1005" name="residual_pe1_addr_reg_231">
<pin_list>
<pin id="232" dir="0" index="0" bw="6" slack="1"/>
<pin id="233" dir="1" index="1" bw="6" slack="1"/>
</pin_list>
<bind>
<opset="residual_pe1_addr "/>
</bind>
</comp>

<comp id="236" class="1005" name="residual_pe2_addr_reg_236">
<pin_list>
<pin id="237" dir="0" index="0" bw="6" slack="1"/>
<pin id="238" dir="1" index="1" bw="6" slack="1"/>
</pin_list>
<bind>
<opset="residual_pe2_addr "/>
</bind>
</comp>

<comp id="241" class="1005" name="residual_pe3_addr_reg_241">
<pin_list>
<pin id="242" dir="0" index="0" bw="6" slack="1"/>
<pin id="243" dir="1" index="1" bw="6" slack="1"/>
</pin_list>
<bind>
<opset="residual_pe3_addr "/>
</bind>
</comp>

<comp id="246" class="1005" name="residual_pe0_load_reg_246">
<pin_list>
<pin id="247" dir="0" index="0" bw="512" slack="1"/>
<pin id="248" dir="1" index="1" bw="512" slack="1"/>
</pin_list>
<bind>
<opset="residual_pe0_load "/>
</bind>
</comp>

<comp id="251" class="1005" name="residual_pe1_load_reg_251">
<pin_list>
<pin id="252" dir="0" index="0" bw="512" slack="1"/>
<pin id="253" dir="1" index="1" bw="512" slack="1"/>
</pin_list>
<bind>
<opset="residual_pe1_load "/>
</bind>
</comp>

<comp id="256" class="1005" name="residual_pe2_load_reg_256">
<pin_list>
<pin id="257" dir="0" index="0" bw="512" slack="1"/>
<pin id="258" dir="1" index="1" bw="512" slack="1"/>
</pin_list>
<bind>
<opset="residual_pe2_load "/>
</bind>
</comp>

<comp id="261" class="1005" name="residual_pe3_load_reg_261">
<pin_list>
<pin id="262" dir="0" index="0" bw="512" slack="1"/>
<pin id="263" dir="1" index="1" bw="512" slack="1"/>
</pin_list>
<bind>
<opset="residual_pe3_load "/>
</bind>
</comp>

</comp_list>

<net_list>
<net id="53"><net_src comp="16" pin="0"/><net_sink comp="50" pin=0"/></net>

<net id="59"><net_src comp="0" pin="0"/><net_sink comp="54" pin=0"/></net>

<net id="60"><net_src comp="34" pin="0"/><net_sink comp="54" pin=1"/></net>

<net id="66"><net_src comp="54" pin="3"/><net_sink comp="61" pin=0"/></net>

<net id="72"><net_src comp="4" pin="0"/><net_sink comp="67" pin=0"/></net>

<net id="73"><net_src comp="34" pin="0"/><net_sink comp="67" pin=1"/></net>

<net id="79"><net_src comp="67" pin="3"/><net_sink comp="74" pin=0"/></net>

<net id="85"><net_src comp="8" pin="0"/><net_sink comp="80" pin=0"/></net>

<net id="86"><net_src comp="34" pin="0"/><net_sink comp="80" pin=1"/></net>

<net id="92"><net_src comp="80" pin="3"/><net_sink comp="87" pin=0"/></net>

<net id="98"><net_src comp="12" pin="0"/><net_sink comp="93" pin=0"/></net>

<net id="99"><net_src comp="34" pin="0"/><net_sink comp="93" pin=1"/></net>

<net id="105"><net_src comp="93" pin="3"/><net_sink comp="100" pin=0"/></net>

<net id="111"><net_src comp="2" pin="0"/><net_sink comp="106" pin=0"/></net>

<net id="112"><net_src comp="34" pin="0"/><net_sink comp="106" pin=1"/></net>

<net id="122"><net_src comp="106" pin="3"/><net_sink comp="113" pin=2"/></net>

<net id="128"><net_src comp="6" pin="0"/><net_sink comp="123" pin=0"/></net>

<net id="129"><net_src comp="34" pin="0"/><net_sink comp="123" pin=1"/></net>

<net id="139"><net_src comp="123" pin="3"/><net_sink comp="130" pin=2"/></net>

<net id="145"><net_src comp="10" pin="0"/><net_sink comp="140" pin=0"/></net>

<net id="146"><net_src comp="34" pin="0"/><net_sink comp="140" pin=1"/></net>

<net id="156"><net_src comp="140" pin="3"/><net_sink comp="147" pin=2"/></net>

<net id="162"><net_src comp="14" pin="0"/><net_sink comp="157" pin=0"/></net>

<net id="163"><net_src comp="34" pin="0"/><net_sink comp="157" pin=1"/></net>

<net id="173"><net_src comp="157" pin="3"/><net_sink comp="164" pin=2"/></net>

<net id="178"><net_src comp="28" pin="0"/><net_sink comp="174" pin=0"/></net>

<net id="186"><net_src comp="179" pin="1"/><net_sink comp="182" pin=0"/></net>

<net id="187"><net_src comp="30" pin="0"/><net_sink comp="182" pin=1"/></net>

<net id="192"><net_src comp="179" pin="1"/><net_sink comp="188" pin=0"/></net>

<net id="193"><net_src comp="32" pin="0"/><net_sink comp="188" pin=1"/></net>

<net id="197"><net_src comp="179" pin="1"/><net_sink comp="194" pin=0"/></net>

<net id="198"><net_src comp="194" pin="1"/><net_sink comp="54" pin=2"/></net>

<net id="199"><net_src comp="194" pin="1"/><net_sink comp="67" pin=2"/></net>

<net id="200"><net_src comp="194" pin="1"/><net_sink comp="80" pin=2"/></net>

<net id="201"><net_src comp="194" pin="1"/><net_sink comp="93" pin=2"/></net>

<net id="206"><net_src comp="188" pin="2"/><net_sink comp="202" pin=0"/></net>

<net id="210"><net_src comp="50" pin="1"/><net_sink comp="207" pin=0"/></net>

<net id="211"><net_src comp="207" pin="1"/><net_sink comp="174" pin=1"/></net>

<net id="212"><net_src comp="207" pin="1"/><net_sink comp="179" pin=0"/></net>

<net id="213"><net_src comp="207" pin="1"/><net_sink comp="202" pin=1"/></net>

<net id="217"><net_src comp="182" pin="2"/><net_sink comp="214" pin=0"/></net>

<net id="221"><net_src comp="194" pin="1"/><net_sink comp="218" pin=0"/></net>

<net id="222"><net_src comp="218" pin="1"/><net_sink comp="106" pin=2"/></net>

<net id="223"><net_src comp="218" pin="1"/><net_sink comp="123" pin=2"/></net>

<net id="224"><net_src comp="218" pin="1"/><net_sink comp="140" pin=2"/></net>

<net id="225"><net_src comp="218" pin="1"/><net_sink comp="157" pin=2"/></net>

<net id="229"><net_src comp="54" pin="3"/><net_sink comp="226" pin=0"/></net>

<net id="230"><net_src comp="226" pin="1"/><net_sink comp="61" pin=0"/></net>

<net id="234"><net_src comp="67" pin="3"/><net_sink comp="231" pin=0"/></net>

<net id="235"><net_src comp="231" pin="1"/><net_sink comp="74" pin=0"/></net>

<net id="239"><net_src comp="80" pin="3"/><net_sink comp="236" pin=0"/></net>

<net id="240"><net_src comp="236" pin="1"/><net_sink comp="87" pin=0"/></net>

<net id="244"><net_src comp="93" pin="3"/><net_sink comp="241" pin=0"/></net>

<net id="245"><net_src comp="241" pin="1"/><net_sink comp="100" pin=0"/></net>

<net id="249"><net_src comp="61" pin="3"/><net_sink comp="246" pin=0"/></net>

<net id="250"><net_src comp="246" pin="1"/><net_sink comp="113" pin=4"/></net>

<net id="254"><net_src comp="74" pin="3"/><net_sink comp="251" pin=0"/></net>

<net id="255"><net_src comp="251" pin="1"/><net_sink comp="130" pin=4"/></net>

<net id="259"><net_src comp="87" pin="3"/><net_sink comp="256" pin=0"/></net>

<net id="260"><net_src comp="256" pin="1"/><net_sink comp="147" pin=4"/></net>

<net id="264"><net_src comp="100" pin="3"/><net_sink comp="261" pin=0"/></net>

<net id="265"><net_src comp="261" pin="1"/><net_sink comp="164" pin=4"/></net>

</net_list>

</model> 
---------------- Datapath Model END ------------------

* FSMD analyzer results:
  - Output states:
	Port: residual_pe0 | {}
	Port: linear_stage0 | {3 }
	Port: residual_pe1 | {}
	Port: linear_stage1 | {3 }
	Port: residual_pe2 | {}
	Port: linear_stage2 | {3 }
	Port: residual_pe3 | {}
	Port: linear_stage3 | {3 }
 - Input state : 
	Port: int4_execute_dispatch_linear_Pipeline_seed_linear_stage_with_residual_loop : residual_pe0 | {1 2 }
	Port: int4_execute_dispatch_linear_Pipeline_seed_linear_stage_with_residual_loop : linear_stage0 | {}
	Port: int4_execute_dispatch_linear_Pipeline_seed_linear_stage_with_residual_loop : residual_pe1 | {1 2 }
	Port: int4_execute_dispatch_linear_Pipeline_seed_linear_stage_with_residual_loop : linear_stage1 | {}
	Port: int4_execute_dispatch_linear_Pipeline_seed_linear_stage_with_residual_loop : residual_pe2 | {1 2 }
	Port: int4_execute_dispatch_linear_Pipeline_seed_linear_stage_with_residual_loop : linear_stage2 | {}
	Port: int4_execute_dispatch_linear_Pipeline_seed_linear_stage_with_residual_loop : residual_pe3 | {1 2 }
	Port: int4_execute_dispatch_linear_Pipeline_seed_linear_stage_with_residual_loop : linear_stage3 | {}
  - Chain level:
	State 1
		store_ln235 : 1
		word_26 : 1
		icmp_ln235 : 2
		add_ln235 : 2
		br_ln235 : 3
		zext_ln235 : 2
		residual_pe0_addr : 3
		residual_pe0_load : 4
		residual_pe1_addr : 3
		residual_pe1_load : 4
		residual_pe2_addr : 3
		residual_pe2_load : 4
		residual_pe3_addr : 3
		residual_pe3_load : 4
		store_ln235 : 3
	State 2
	State 3
		store_ln237 : 1
		store_ln238 : 1
		store_ln239 : 1
		store_ln240 : 1


============================================================
+ Verbose Summary: Datapath Resource usage 
============================================================

* Functional unit list:
|----------|-------------------|---------|---------|
| Operation|  Functional Unit  |    FF   |   LUT   |
|----------|-------------------|---------|---------|
|   icmp   | icmp_ln235_fu_182 |    0    |    14   |
|----------|-------------------|---------|---------|
|    add   |  add_ln235_fu_188 |    0    |    14   |
|----------|-------------------|---------|---------|
|   zext   | zext_ln235_fu_194 |    0    |    0    |
|----------|-------------------|---------|---------|
|   Total  |                   |    0    |    28   |
|----------|-------------------|---------|---------|

Memories:
N/A

* Register list:
+-------------------------+--------+
|                         |   FF   |
+-------------------------+--------+
|    icmp_ln235_reg_214   |    1   |
|residual_pe0_addr_reg_226|    6   |
|residual_pe0_load_reg_246|   512  |
|residual_pe1_addr_reg_231|    6   |
|residual_pe1_load_reg_251|   512  |
|residual_pe2_addr_reg_236|    6   |
|residual_pe2_load_reg_256|   512  |
|residual_pe3_addr_reg_241|    6   |
|residual_pe3_load_reg_261|   512  |
|       word_reg_207      |    7   |
|    zext_ln235_reg_218   |   64   |
+-------------------------+--------+
|          Total          |  2144  |
+-------------------------+--------+

* Multiplexer (MUX) list: 
|-------------------|------|------|------|--------||---------||---------|
|        Comp       |  Pin | Size |  BW  | S x BW ||  Delay  ||   LUT   |
|-------------------|------|------|------|--------||---------||---------|
|  grp_access_fu_61 |  p0  |   2  |   6  |   12   ||    9    |
|  grp_access_fu_74 |  p0  |   2  |   6  |   12   ||    9    |
|  grp_access_fu_87 |  p0  |   2  |   6  |   12   ||    9    |
| grp_access_fu_100 |  p0  |   2  |   6  |   12   ||    9    |
|-------------------|------|------|------|--------||---------||---------|
|       Total       |      |      |      |   48   ||  1.548  ||    36   |
|-------------------|------|------|------|--------||---------||---------|



* Summary:
+-----------+--------+--------+--------+
|           |  Delay |   FF   |   LUT  |
+-----------+--------+--------+--------+
|  Function |    -   |    0   |   28   |
|   Memory  |    -   |    -   |    -   |
|Multiplexer|    1   |    -   |   36   |
|  Register |    -   |  2144  |    -   |
+-----------+--------+--------+--------+
|   Total   |    1   |  2144  |   64   |
+-----------+--------+--------+--------+
