

================================================================
== Vitis HLS Report for 'int4_route_linear_projection_4_s'
================================================================
* Date:           Tue Aug 11 09:19:43 2026

* Version:        2023.2 (Build 4023990 on Oct 11 2023)
* Project:        proj_int4_decoder_xo
* Solution:       solution1 (Vitis Kernel Flow Target)
* Product family: virtexuplus
* Target device:  xcu250-figd2104-2L-e


================================================================
== Performance Estimates
================================================================
+ Timing: 
    * Summary: 
    +--------+---------+----------+------------+
    |  Clock |  Target | Estimated| Uncertainty|
    +--------+---------+----------+------------+
    |ap_clk  |  3.33 ns|  2.607 ns|     0.90 ns|
    +--------+---------+----------+------------+

+ Latency: 
    * Summary: 
    +---------+---------+----------+----------+-----+-----+---------+
    |  Latency (cycles) |  Latency (absolute) |  Interval | Pipeline|
    |   min   |   max   |    min   |    max   | min | max |   Type  |
    +---------+---------+----------+----------+-----+-----+---------+
    |      179|      179|  0.597 us|  0.597 us|  179|  179|       no|
    +---------+---------+----------+----------+-----+-----+---------+

    + Detail: 
        * Instance: 
        N/A

        * Loop: 
        +--------------------------------+---------+---------+----------+-----------+-----------+------+----------+
        |                                |  Latency (cycles) | Iteration|  Initiation Interval  | Trip |          |
        |            Loop Name           |   min   |   max   |  Latency |  achieved |   target  | Count| Pipelined|
        +--------------------------------+---------+---------+----------+-----------+-----------+------+----------+
        |- route_linear_projection_loop  |      177|      177|         3|          1|          1|   176|       yes|
        +--------------------------------+---------+---------+----------+-----------+-----------+------+----------+



================================================================
== Utilization Estimates
================================================================
* Summary: 
+---------------------+---------+-------+---------+---------+------+
|         Name        | BRAM_18K|  DSP  |    FF   |   LUT   | URAM |
+---------------------+---------+-------+---------+---------+------+
|DSP                  |        -|      -|        -|        -|     -|
|Expression           |        -|      -|        0|       32|     -|
|FIFO                 |        -|      -|        -|        -|     -|
|Instance             |        -|      -|        -|        -|     -|
|Memory               |        -|      -|        -|        -|     -|
|Multiplexer          |        -|      -|        -|       36|     -|
|Register             |        -|      -|     2077|        -|     -|
+---------------------+---------+-------+---------+---------+------+
|Total                |        0|      0|     2077|       68|     0|
+---------------------+---------+-------+---------+---------+------+
|Available SLR        |     1344|   3072|   864000|   432000|   320|
+---------------------+---------+-------+---------+---------+------+
|Utilization SLR (%)  |        0|      0|       ~0|       ~0|     0|
+---------------------+---------+-------+---------+---------+------+
|Available            |     5376|  12288|  3456000|  1728000|  1280|
+---------------------+---------+-------+---------+---------+------+
|Utilization (%)      |        0|      0|       ~0|       ~0|     0|
+---------------------+---------+-------+---------+---------+------+

+ Detail: 
    * Instance: 
    N/A

    * DSP: 
    N/A

    * Memory: 
    N/A

    * FIFO: 
    N/A

    * Expression: 
    +----------------------+----------+----+---+----+------------+------------+
    |     Variable Name    | Operation| DSP| FF| LUT| Bitwidth P0| Bitwidth P1|
    +----------------------+----------+----+---+----+------------+------------+
    |add_ln157_fu_172_p2   |         +|   0|  0|  15|           8|           1|
    |icmp_ln157_fu_166_p2  |      icmp|   0|  0|  15|           8|           8|
    |ap_enable_pp0         |       xor|   0|  0|   2|           1|           2|
    +----------------------+----------+----+---+----+------------+------------+
    |Total                 |          |   0|  0|  32|          17|          11|
    +----------------------+----------+----+---+----+------------+------------+

    * Multiplexer: 
    +--------------------------+----+-----------+-----+-----------+
    |           Name           | LUT| Input Size| Bits| Total Bits|
    +--------------------------+----+-----------+-----+-----------+
    |ap_done_int               |   9|          2|    1|          2|
    |ap_enable_reg_pp0_iter1   |   9|          2|    1|          2|
    |ap_sig_allocacmp_word_20  |   9|          2|    8|         16|
    |word_fu_50                |   9|          2|    8|         16|
    +--------------------------+----+-----------+-----+-----------+
    |Total                     |  36|          8|   18|         36|
    +--------------------------+----+-----------+-----+-----------+

    * Register: 
    +----------------------------------+-----+----+-----+-----------+
    |               Name               |  FF | LUT| Bits| Const Bits|
    +----------------------------------+-----+----+-----+-----------+
    |ap_CS_fsm                         |    1|   0|    1|          0|
    |ap_done_reg                       |    1|   0|    1|          0|
    |ap_enable_reg_pp0_iter1           |    1|   0|    1|          0|
    |ap_enable_reg_pp0_iter2           |    1|   0|    1|          0|
    |ap_loop_exit_ready_pp0_iter1_reg  |    1|   0|    1|          0|
    |linear_stage0_load_reg_230        |  512|   0|  512|          0|
    |linear_stage1_load_reg_235        |  512|   0|  512|          0|
    |linear_stage2_load_reg_240        |  512|   0|  512|          0|
    |linear_stage3_load_reg_245        |  512|   0|  512|          0|
    |word_fu_50                        |    8|   0|    8|          0|
    |zext_ln157_reg_202                |    8|   0|   64|         56|
    |zext_ln157_reg_202_pp0_iter1_reg  |    8|   0|   64|         56|
    +----------------------------------+-----+----+-----+-----------+
    |Total                             | 2077|   0| 2189|        112|
    +----------------------------------+-----+----+-----+-----------+



================================================================
== Interface
================================================================
* Summary: 
+------------------------+-----+-----+------------+---------------------------------+--------------+
|        RTL Ports       | Dir | Bits|  Protocol  |          Source Object          |    C Type    |
+------------------------+-----+-----+------------+---------------------------------+--------------+
|ap_clk                  |   in|    1|  ap_ctrl_hs|  int4_route_linear_projection<4>|  return value|
|ap_rst                  |   in|    1|  ap_ctrl_hs|  int4_route_linear_projection<4>|  return value|
|ap_start                |   in|    1|  ap_ctrl_hs|  int4_route_linear_projection<4>|  return value|
|ap_done                 |  out|    1|  ap_ctrl_hs|  int4_route_linear_projection<4>|  return value|
|ap_idle                 |  out|    1|  ap_ctrl_hs|  int4_route_linear_projection<4>|  return value|
|ap_ready                |  out|    1|  ap_ctrl_hs|  int4_route_linear_projection<4>|  return value|
|linear_stage0_address0  |  out|    9|   ap_memory|                    linear_stage0|         array|
|linear_stage0_ce0       |  out|    1|   ap_memory|                    linear_stage0|         array|
|linear_stage0_q0        |   in|  512|   ap_memory|                    linear_stage0|         array|
|linear_stage1_address0  |  out|    9|   ap_memory|                    linear_stage1|         array|
|linear_stage1_ce0       |  out|    1|   ap_memory|                    linear_stage1|         array|
|linear_stage1_q0        |   in|  512|   ap_memory|                    linear_stage1|         array|
|linear_stage2_address0  |  out|    9|   ap_memory|                    linear_stage2|         array|
|linear_stage2_ce0       |  out|    1|   ap_memory|                    linear_stage2|         array|
|linear_stage2_q0        |   in|  512|   ap_memory|                    linear_stage2|         array|
|linear_stage3_address0  |  out|    9|   ap_memory|                    linear_stage3|         array|
|linear_stage3_ce0       |  out|    1|   ap_memory|                    linear_stage3|         array|
|linear_stage3_q0        |   in|  512|   ap_memory|                    linear_stage3|         array|
|output0_address0        |  out|    8|   ap_memory|                          output0|         array|
|output0_ce0             |  out|    1|   ap_memory|                          output0|         array|
|output0_we0             |  out|    1|   ap_memory|                          output0|         array|
|output0_d0              |  out|  512|   ap_memory|                          output0|         array|
|output1_address0        |  out|    8|   ap_memory|                          output1|         array|
|output1_ce0             |  out|    1|   ap_memory|                          output1|         array|
|output1_we0             |  out|    1|   ap_memory|                          output1|         array|
|output1_d0              |  out|  512|   ap_memory|                          output1|         array|
|output2_address0        |  out|    8|   ap_memory|                          output2|         array|
|output2_ce0             |  out|    1|   ap_memory|                          output2|         array|
|output2_we0             |  out|    1|   ap_memory|                          output2|         array|
|output2_d0              |  out|  512|   ap_memory|                          output2|         array|
|output3_address0        |  out|    8|   ap_memory|                          output3|         array|
|output3_ce0             |  out|    1|   ap_memory|                          output3|         array|
|output3_we0             |  out|    1|   ap_memory|                          output3|         array|
|output3_d0              |  out|  512|   ap_memory|                          output3|         array|
+------------------------+-----+-----+------------+---------------------------------+--------------+

============================================================
+ Verbose Summary: Synthesis Manager
============================================================
InlineROM: 1
ExposeGlobal: 0
============================================================
+ Verbose Summary: CDFG Model
============================================================
IsTopModel: 0
ResetActiveHigh: 1
IsCombinational: 2
IsDatapathOnly: 2
HasWiredReturn: 1
HasMFsm: 2
HasVarLatency: 1
IsPipeline: 0
IsRtlPipelined: 0
IsInstanceOverlapped: 0
IsDontTouch: 0
HasImplIP: 0
IsGatedGlobalClock: 0

+ Individual pipeline summary: 
  * Pipeline-0: initiation interval (II) = 1, depth = 3


============================================================
+ Verbose Summary: Schedule
============================================================
* Number of FSM states : 3
* Pipeline : 1
  Pipeline-0 : II = 1, D = 3, States = { 1 2 3 }
* Dataflow Pipeline: 0

* FSM state transitions: 
1 --> 2 
2 --> 3 
3 --> 

* FSM state operations: 

State 1 <SV = 0> <Delay = 2.60>
ST_1 : Operation 6 [1/1] (0.00ns)   --->   "%word = alloca i32 1" [source/int4_decoder_controller.cpp:157]   --->   Operation 6 'alloca' 'word' <Predicate = true> <Delay = 0.00>
ST_1 : Operation 7 [1/1] (0.00ns)   --->   "%specmemcore_ln0 = specmemcore void @_ssdm_op_SpecMemCore, i512 %linear_stage3, i64 666, i64 24, i64 18446744073709551615"   --->   Operation 7 'specmemcore' 'specmemcore_ln0' <Predicate = true> <Delay = 0.00>
ST_1 : Operation 8 [1/1] (0.00ns)   --->   "%specmemcore_ln0 = specmemcore void @_ssdm_op_SpecMemCore, i512 %linear_stage2, i64 666, i64 24, i64 18446744073709551615"   --->   Operation 8 'specmemcore' 'specmemcore_ln0' <Predicate = true> <Delay = 0.00>
ST_1 : Operation 9 [1/1] (0.00ns)   --->   "%specmemcore_ln0 = specmemcore void @_ssdm_op_SpecMemCore, i512 %linear_stage1, i64 666, i64 24, i64 18446744073709551615"   --->   Operation 9 'specmemcore' 'specmemcore_ln0' <Predicate = true> <Delay = 0.00>
ST_1 : Operation 10 [1/1] (0.00ns)   --->   "%specmemcore_ln0 = specmemcore void @_ssdm_op_SpecMemCore, i512 %linear_stage0, i64 666, i64 24, i64 18446744073709551615"   --->   Operation 10 'specmemcore' 'specmemcore_ln0' <Predicate = true> <Delay = 0.00>
ST_1 : Operation 11 [1/1] (0.00ns)   --->   "%specmemcore_ln0 = specmemcore void @_ssdm_op_SpecMemCore, i512 %output3, i64 666, i64 18, i64 18446744073709551615"   --->   Operation 11 'specmemcore' 'specmemcore_ln0' <Predicate = true> <Delay = 0.00>
ST_1 : Operation 12 [1/1] (0.00ns)   --->   "%specmemcore_ln0 = specmemcore void @_ssdm_op_SpecMemCore, i512 %output2, i64 666, i64 18, i64 18446744073709551615"   --->   Operation 12 'specmemcore' 'specmemcore_ln0' <Predicate = true> <Delay = 0.00>
ST_1 : Operation 13 [1/1] (0.00ns)   --->   "%specmemcore_ln0 = specmemcore void @_ssdm_op_SpecMemCore, i512 %output1, i64 666, i64 18, i64 18446744073709551615"   --->   Operation 13 'specmemcore' 'specmemcore_ln0' <Predicate = true> <Delay = 0.00>
ST_1 : Operation 14 [1/1] (0.00ns)   --->   "%specmemcore_ln0 = specmemcore void @_ssdm_op_SpecMemCore, i512 %output0, i64 666, i64 18, i64 18446744073709551615"   --->   Operation 14 'specmemcore' 'specmemcore_ln0' <Predicate = true> <Delay = 0.00>
ST_1 : Operation 15 [1/1] (0.38ns)   --->   "%store_ln157 = store i8 0, i8 %word" [source/int4_decoder_controller.cpp:157]   --->   Operation 15 'store' 'store_ln157' <Predicate = true> <Delay = 0.38>
ST_1 : Operation 16 [1/1] (0.00ns)   --->   "%br_ln157 = br void %for.inc" [source/int4_decoder_controller.cpp:157]   --->   Operation 16 'br' 'br_ln157' <Predicate = true> <Delay = 0.00>
ST_1 : Operation 17 [1/1] (0.00ns)   --->   "%word_20 = load i8 %word" [source/int4_decoder_controller.cpp:157]   --->   Operation 17 'load' 'word_20' <Predicate = true> <Delay = 0.00>
ST_1 : Operation 18 [1/1] (0.70ns)   --->   "%icmp_ln157 = icmp_eq  i8 %word_20, i8 176" [source/int4_decoder_controller.cpp:157]   --->   Operation 18 'icmp' 'icmp_ln157' <Predicate = true> <Delay = 0.70> <CoreInst = "Cmp">   --->   Core 9 'Cmp' <Latency = 0> <II = 1> <Delay = 0.70> <FuncUnit> <Opcode : 'icmp'> <InPorts = 2> <OutPorts = 1>
ST_1 : Operation 19 [1/1] (0.70ns)   --->   "%add_ln157 = add i8 %word_20, i8 1" [source/int4_decoder_controller.cpp:157]   --->   Operation 19 'add' 'add_ln157' <Predicate = true> <Delay = 0.70> <CoreInst = "Adder">   --->   Core 1 'Adder' <Latency = 0> <II = 1> <Delay = 0.70> <FuncUnit> <Opcode : 'add' 'sub'> <InPorts = 2> <OutPorts = 1>
ST_1 : Operation 20 [1/1] (0.00ns)   --->   "%br_ln157 = br i1 %icmp_ln157, void %for.inc.split, void %for.end" [source/int4_decoder_controller.cpp:157]   --->   Operation 20 'br' 'br_ln157' <Predicate = true> <Delay = 0.00>
ST_1 : Operation 21 [1/1] (0.00ns)   --->   "%zext_ln157 = zext i8 %word_20" [source/int4_decoder_controller.cpp:157]   --->   Operation 21 'zext' 'zext_ln157' <Predicate = (!icmp_ln157)> <Delay = 0.00>
ST_1 : Operation 22 [1/1] (0.00ns)   --->   "%linear_stage0_addr = getelementptr i512 %linear_stage0, i64 0, i64 %zext_ln157" [source/int4_decoder_controller.cpp:159]   --->   Operation 22 'getelementptr' 'linear_stage0_addr' <Predicate = (!icmp_ln157)> <Delay = 0.00>
ST_1 : Operation 23 [2/2] (2.22ns)   --->   "%linear_stage0_load = load i9 %linear_stage0_addr" [source/int4_decoder_controller.cpp:159]   --->   Operation 23 'load' 'linear_stage0_load' <Predicate = (!icmp_ln157)> <Delay = 2.22> <CoreInst = "RAM_2P_URAM">   --->   Core 95 'RAM_2P_URAM' <Latency = 1> <II = 1> <Delay = 2.22> <Storage> <Opcode : 'load' 'store'> <Ports = 2> <Width = 512> <Depth = 504> <RAM>
ST_1 : Operation 24 [1/1] (0.00ns)   --->   "%linear_stage1_addr = getelementptr i512 %linear_stage1, i64 0, i64 %zext_ln157" [source/int4_decoder_controller.cpp:160]   --->   Operation 24 'getelementptr' 'linear_stage1_addr' <Predicate = (!icmp_ln157)> <Delay = 0.00>
ST_1 : Operation 25 [2/2] (2.22ns)   --->   "%linear_stage1_load = load i9 %linear_stage1_addr" [source/int4_decoder_controller.cpp:160]   --->   Operation 25 'load' 'linear_stage1_load' <Predicate = (!icmp_ln157)> <Delay = 2.22> <CoreInst = "RAM_2P_URAM">   --->   Core 95 'RAM_2P_URAM' <Latency = 1> <II = 1> <Delay = 2.22> <Storage> <Opcode : 'load' 'store'> <Ports = 2> <Width = 512> <Depth = 504> <RAM>
ST_1 : Operation 26 [1/1] (0.00ns)   --->   "%linear_stage2_addr = getelementptr i512 %linear_stage2, i64 0, i64 %zext_ln157" [source/int4_decoder_controller.cpp:161]   --->   Operation 26 'getelementptr' 'linear_stage2_addr' <Predicate = (!icmp_ln157)> <Delay = 0.00>
ST_1 : Operation 27 [2/2] (2.22ns)   --->   "%linear_stage2_load = load i9 %linear_stage2_addr" [source/int4_decoder_controller.cpp:161]   --->   Operation 27 'load' 'linear_stage2_load' <Predicate = (!icmp_ln157)> <Delay = 2.22> <CoreInst = "RAM_2P_URAM">   --->   Core 95 'RAM_2P_URAM' <Latency = 1> <II = 1> <Delay = 2.22> <Storage> <Opcode : 'load' 'store'> <Ports = 2> <Width = 512> <Depth = 504> <RAM>
ST_1 : Operation 28 [1/1] (0.00ns)   --->   "%linear_stage3_addr = getelementptr i512 %linear_stage3, i64 0, i64 %zext_ln157" [source/int4_decoder_controller.cpp:162]   --->   Operation 28 'getelementptr' 'linear_stage3_addr' <Predicate = (!icmp_ln157)> <Delay = 0.00>
ST_1 : Operation 29 [2/2] (2.22ns)   --->   "%linear_stage3_load = load i9 %linear_stage3_addr" [source/int4_decoder_controller.cpp:162]   --->   Operation 29 'load' 'linear_stage3_load' <Predicate = (!icmp_ln157)> <Delay = 2.22> <CoreInst = "RAM_2P_URAM">   --->   Core 95 'RAM_2P_URAM' <Latency = 1> <II = 1> <Delay = 2.22> <Storage> <Opcode : 'load' 'store'> <Ports = 2> <Width = 512> <Depth = 504> <RAM>
ST_1 : Operation 30 [1/1] (0.38ns)   --->   "%store_ln157 = store i8 %add_ln157, i8 %word" [source/int4_decoder_controller.cpp:157]   --->   Operation 30 'store' 'store_ln157' <Predicate = (!icmp_ln157)> <Delay = 0.38>

State 2 <SV = 1> <Delay = 2.22>
ST_2 : Operation 31 [1/2] (2.22ns)   --->   "%linear_stage0_load = load i9 %linear_stage0_addr" [source/int4_decoder_controller.cpp:159]   --->   Operation 31 'load' 'linear_stage0_load' <Predicate = true> <Delay = 2.22> <CoreInst = "RAM_2P_URAM">   --->   Core 95 'RAM_2P_URAM' <Latency = 1> <II = 1> <Delay = 2.22> <Storage> <Opcode : 'load' 'store'> <Ports = 2> <Width = 512> <Depth = 504> <RAM>
ST_2 : Operation 32 [1/2] (2.22ns)   --->   "%linear_stage1_load = load i9 %linear_stage1_addr" [source/int4_decoder_controller.cpp:160]   --->   Operation 32 'load' 'linear_stage1_load' <Predicate = true> <Delay = 2.22> <CoreInst = "RAM_2P_URAM">   --->   Core 95 'RAM_2P_URAM' <Latency = 1> <II = 1> <Delay = 2.22> <Storage> <Opcode : 'load' 'store'> <Ports = 2> <Width = 512> <Depth = 504> <RAM>
ST_2 : Operation 33 [1/2] (2.22ns)   --->   "%linear_stage2_load = load i9 %linear_stage2_addr" [source/int4_decoder_controller.cpp:161]   --->   Operation 33 'load' 'linear_stage2_load' <Predicate = true> <Delay = 2.22> <CoreInst = "RAM_2P_URAM">   --->   Core 95 'RAM_2P_URAM' <Latency = 1> <II = 1> <Delay = 2.22> <Storage> <Opcode : 'load' 'store'> <Ports = 2> <Width = 512> <Depth = 504> <RAM>
ST_2 : Operation 34 [1/2] (2.22ns)   --->   "%linear_stage3_load = load i9 %linear_stage3_addr" [source/int4_decoder_controller.cpp:162]   --->   Operation 34 'load' 'linear_stage3_load' <Predicate = true> <Delay = 2.22> <CoreInst = "RAM_2P_URAM">   --->   Core 95 'RAM_2P_URAM' <Latency = 1> <II = 1> <Delay = 2.22> <Storage> <Opcode : 'load' 'store'> <Ports = 2> <Width = 512> <Depth = 504> <RAM>
ST_2 : Operation 47 [1/1] (0.00ns)   --->   "%ret_ln164 = ret" [source/int4_decoder_controller.cpp:164]   --->   Operation 47 'ret' 'ret_ln164' <Predicate = (icmp_ln157)> <Delay = 0.00>

State 3 <SV = 2> <Delay = 1.20>
ST_3 : Operation 35 [1/1] (0.00ns)   --->   "%specpipeline_ln158 = specpipeline void @_ssdm_op_SpecPipeline, i32 1, i32 0, i32 0, i32 0, void @empty_418" [source/int4_decoder_controller.cpp:158]   --->   Operation 35 'specpipeline' 'specpipeline_ln158' <Predicate = true> <Delay = 0.00>
ST_3 : Operation 36 [1/1] (0.00ns)   --->   "%speclooptripcount_ln157 = speclooptripcount void @_ssdm_op_SpecLoopTripCount, i64 176, i64 176, i64 176" [source/int4_decoder_controller.cpp:157]   --->   Operation 36 'speclooptripcount' 'speclooptripcount_ln157' <Predicate = true> <Delay = 0.00>
ST_3 : Operation 37 [1/1] (0.00ns)   --->   "%specloopname_ln157 = specloopname void @_ssdm_op_SpecLoopName, void @empty_456" [source/int4_decoder_controller.cpp:157]   --->   Operation 37 'specloopname' 'specloopname_ln157' <Predicate = true> <Delay = 0.00>
ST_3 : Operation 38 [1/1] (0.00ns)   --->   "%output0_addr = getelementptr i512 %output0, i64 0, i64 %zext_ln157" [source/int4_decoder_controller.cpp:159]   --->   Operation 38 'getelementptr' 'output0_addr' <Predicate = true> <Delay = 0.00>
ST_3 : Operation 39 [1/1] (1.20ns)   --->   "%store_ln159 = store i512 %linear_stage0_load, i8 %output0_addr" [source/int4_decoder_controller.cpp:159]   --->   Operation 39 'store' 'store_ln159' <Predicate = true> <Delay = 1.20> <CoreInst = "RAM_1P_BRAM">   --->   Core 90 'RAM_1P_BRAM' <Latency = 1> <II = 1> <Delay = 1.20> <Storage> <Opcode : 'load' 'store'> <Ports = 1> <Width = 512> <Depth = 176> <RAM>
ST_3 : Operation 40 [1/1] (0.00ns)   --->   "%output1_addr = getelementptr i512 %output1, i64 0, i64 %zext_ln157" [source/int4_decoder_controller.cpp:160]   --->   Operation 40 'getelementptr' 'output1_addr' <Predicate = true> <Delay = 0.00>
ST_3 : Operation 41 [1/1] (1.20ns)   --->   "%store_ln160 = store i512 %linear_stage1_load, i8 %output1_addr" [source/int4_decoder_controller.cpp:160]   --->   Operation 41 'store' 'store_ln160' <Predicate = true> <Delay = 1.20> <CoreInst = "RAM_1P_BRAM">   --->   Core 90 'RAM_1P_BRAM' <Latency = 1> <II = 1> <Delay = 1.20> <Storage> <Opcode : 'load' 'store'> <Ports = 1> <Width = 512> <Depth = 176> <RAM>
ST_3 : Operation 42 [1/1] (0.00ns)   --->   "%output2_addr = getelementptr i512 %output2, i64 0, i64 %zext_ln157" [source/int4_decoder_controller.cpp:161]   --->   Operation 42 'getelementptr' 'output2_addr' <Predicate = true> <Delay = 0.00>
ST_3 : Operation 43 [1/1] (1.20ns)   --->   "%store_ln161 = store i512 %linear_stage2_load, i8 %output2_addr" [source/int4_decoder_controller.cpp:161]   --->   Operation 43 'store' 'store_ln161' <Predicate = true> <Delay = 1.20> <CoreInst = "RAM_1P_BRAM">   --->   Core 90 'RAM_1P_BRAM' <Latency = 1> <II = 1> <Delay = 1.20> <Storage> <Opcode : 'load' 'store'> <Ports = 1> <Width = 512> <Depth = 176> <RAM>
ST_3 : Operation 44 [1/1] (0.00ns)   --->   "%output3_addr = getelementptr i512 %output3, i64 0, i64 %zext_ln157" [source/int4_decoder_controller.cpp:162]   --->   Operation 44 'getelementptr' 'output3_addr' <Predicate = true> <Delay = 0.00>
ST_3 : Operation 45 [1/1] (1.20ns)   --->   "%store_ln162 = store i512 %linear_stage3_load, i8 %output3_addr" [source/int4_decoder_controller.cpp:162]   --->   Operation 45 'store' 'store_ln162' <Predicate = true> <Delay = 1.20> <CoreInst = "RAM_1P_BRAM">   --->   Core 90 'RAM_1P_BRAM' <Latency = 1> <II = 1> <Delay = 1.20> <Storage> <Opcode : 'load' 'store'> <Ports = 1> <Width = 512> <Depth = 176> <RAM>
ST_3 : Operation 46 [1/1] (0.00ns)   --->   "%br_ln157 = br void %for.inc" [source/int4_decoder_controller.cpp:157]   --->   Operation 46 'br' 'br_ln157' <Predicate = true> <Delay = 0.00>


============================================================
+ Verbose Summary: Binding
============================================================
STG Binding: 
---------------- STG Properties BEGIN ----------------
- Is combinational: 0
- Is one-state seq: 0
- Is datapath-only: 0
- Is pipelined: 0
- Is top level: 0
Port [ Return ] is wired: 1; IO mode=ap_ctrl_hs:ce=0
Port [ linear_stage0]:  wired=1; compound=1; hidden=0; nouse=0; global=0; static=0; extern=0; dir=0; type=1; pingpong=0; private_global=0; MemPort=[13]; IO mode=ap_memory:ce=0
Port [ linear_stage1]:  wired=1; compound=1; hidden=0; nouse=0; global=0; static=0; extern=0; dir=0; type=1; pingpong=0; private_global=0; MemPort=[13]; IO mode=ap_memory:ce=0
Port [ linear_stage2]:  wired=1; compound=1; hidden=0; nouse=0; global=0; static=0; extern=0; dir=0; type=1; pingpong=0; private_global=0; MemPort=[13]; IO mode=ap_memory:ce=0
Port [ linear_stage3]:  wired=1; compound=1; hidden=0; nouse=0; global=0; static=0; extern=0; dir=0; type=1; pingpong=0; private_global=0; MemPort=[13]; IO mode=ap_memory:ce=0
Port [ output0]:  wired=1; compound=1; hidden=0; nouse=0; global=0; static=0; extern=0; dir=1; type=1; pingpong=0; private_global=0; MemPort=[0]; IO mode=ap_memory:ce=0
Port [ output1]:  wired=1; compound=1; hidden=0; nouse=0; global=0; static=0; extern=0; dir=1; type=1; pingpong=0; private_global=0; MemPort=[0]; IO mode=ap_memory:ce=0
Port [ output2]:  wired=1; compound=1; hidden=0; nouse=0; global=0; static=0; extern=0; dir=1; type=1; pingpong=0; private_global=0; MemPort=[0]; IO mode=ap_memory:ce=0
Port [ output3]:  wired=1; compound=1; hidden=0; nouse=0; global=0; static=0; extern=0; dir=1; type=1; pingpong=0; private_global=0; MemPort=[0]; IO mode=ap_memory:ce=0
---------------- STG Properties END ------------------

---------------- Datapath Model BEGIN ----------------

<LifeTime>
<method=bitvector/>
word                    (alloca           ) [ 0100]
specmemcore_ln0         (specmemcore      ) [ 0000]
specmemcore_ln0         (specmemcore      ) [ 0000]
specmemcore_ln0         (specmemcore      ) [ 0000]
specmemcore_ln0         (specmemcore      ) [ 0000]
specmemcore_ln0         (specmemcore      ) [ 0000]
specmemcore_ln0         (specmemcore      ) [ 0000]
specmemcore_ln0         (specmemcore      ) [ 0000]
specmemcore_ln0         (specmemcore      ) [ 0000]
store_ln157             (store            ) [ 0000]
br_ln157                (br               ) [ 0000]
word_20                 (load             ) [ 0000]
icmp_ln157              (icmp             ) [ 0110]
add_ln157               (add              ) [ 0000]
br_ln157                (br               ) [ 0000]
zext_ln157              (zext             ) [ 0111]
linear_stage0_addr      (getelementptr    ) [ 0110]
linear_stage1_addr      (getelementptr    ) [ 0110]
linear_stage2_addr      (getelementptr    ) [ 0110]
linear_stage3_addr      (getelementptr    ) [ 0110]
store_ln157             (store            ) [ 0000]
linear_stage0_load      (load             ) [ 0101]
linear_stage1_load      (load             ) [ 0101]
linear_stage2_load      (load             ) [ 0101]
linear_stage3_load      (load             ) [ 0101]
specpipeline_ln158      (specpipeline     ) [ 0000]
speclooptripcount_ln157 (speclooptripcount) [ 0000]
specloopname_ln157      (specloopname     ) [ 0000]
output0_addr            (getelementptr    ) [ 0000]
store_ln159             (store            ) [ 0000]
output1_addr            (getelementptr    ) [ 0000]
store_ln160             (store            ) [ 0000]
output2_addr            (getelementptr    ) [ 0000]
store_ln161             (store            ) [ 0000]
output3_addr            (getelementptr    ) [ 0000]
store_ln162             (store            ) [ 0000]
br_ln157                (br               ) [ 0000]
ret_ln164               (ret              ) [ 0000]
</LifeTime>

<model>

<comp_list>
<comp id="0" class="1000" name="linear_stage0">
<pin_list>
<pin id="1" dir="1" index="0" bw="1" slack="0"/>
</pin_list>
<bind>
<StgValue><ssdm name="linear_stage0"/><MemPortTyVec>1 3 </MemPortTyVec>
</StgValue>
</bind>
</comp>

<comp id="2" class="1000" name="linear_stage1">
<pin_list>
<pin id="3" dir="1" index="0" bw="1" slack="0"/>
</pin_list>
<bind>
<StgValue><ssdm name="linear_stage1"/><MemPortTyVec>1 3 </MemPortTyVec>
</StgValue>
</bind>
</comp>

<comp id="4" class="1000" name="linear_stage2">
<pin_list>
<pin id="5" dir="1" index="0" bw="1" slack="0"/>
</pin_list>
<bind>
<StgValue><ssdm name="linear_stage2"/><MemPortTyVec>1 3 </MemPortTyVec>
</StgValue>
</bind>
</comp>

<comp id="6" class="1000" name="linear_stage3">
<pin_list>
<pin id="7" dir="1" index="0" bw="1" slack="0"/>
</pin_list>
<bind>
<StgValue><ssdm name="linear_stage3"/><MemPortTyVec>1 3 </MemPortTyVec>
</StgValue>
</bind>
</comp>

<comp id="8" class="1000" name="output0">
<pin_list>
<pin id="9" dir="1" index="0" bw="1" slack="0"/>
</pin_list>
<bind>
<StgValue><ssdm name="output0"/><MemPortTyVec>0 </MemPortTyVec>
</StgValue>
</bind>
</comp>

<comp id="10" class="1000" name="output1">
<pin_list>
<pin id="11" dir="1" index="0" bw="1" slack="0"/>
</pin_list>
<bind>
<StgValue><ssdm name="output1"/><MemPortTyVec>0 </MemPortTyVec>
</StgValue>
</bind>
</comp>

<comp id="12" class="1000" name="output2">
<pin_list>
<pin id="13" dir="1" index="0" bw="1" slack="0"/>
</pin_list>
<bind>
<StgValue><ssdm name="output2"/><MemPortTyVec>0 </MemPortTyVec>
</StgValue>
</bind>
</comp>

<comp id="14" class="1000" name="output3">
<pin_list>
<pin id="15" dir="1" index="0" bw="1" slack="0"/>
</pin_list>
<bind>
<StgValue><ssdm name="output3"/><MemPortTyVec>0 </MemPortTyVec>
</StgValue>
</bind>
</comp>

<comp id="16" class="1001" name="const_16">
<pin_list>
<pin id="17" dir="1" index="0" bw="1" slack="0"/>
</pin_list>
<bind>
<StgValue><ssdm name=""/></StgValue>
</bind>
</comp>

<comp id="18" class="1001" name="const_18">
<pin_list>
<pin id="19" dir="1" index="0" bw="1" slack="2147483647"/>
</pin_list>
<bind>
<StgValue><ssdm name="_ssdm_op_SpecMemCore"/></StgValue>
</bind>
</comp>

<comp id="20" class="1001" name="const_20">
<pin_list>
<pin id="21" dir="1" index="0" bw="1" slack="2147483647"/>
</pin_list>
<bind>
<StgValue><ssdm name=""/></StgValue>
</bind>
</comp>

<comp id="22" class="1001" name="const_22">
<pin_list>
<pin id="23" dir="1" index="0" bw="1" slack="2147483647"/>
</pin_list>
<bind>
<StgValue><ssdm name=""/></StgValue>
</bind>
</comp>

<comp id="24" class="1001" name="const_24">
<pin_list>
<pin id="25" dir="1" index="0" bw="1" slack="2147483647"/>
</pin_list>
<bind>
<StgValue><ssdm name=""/></StgValue>
</bind>
</comp>

<comp id="26" class="1001" name="const_26">
<pin_list>
<pin id="27" dir="1" index="0" bw="1" slack="2147483647"/>
</pin_list>
<bind>
<StgValue><ssdm name=""/></StgValue>
</bind>
</comp>

<comp id="28" class="1001" name="const_28">
<pin_list>
<pin id="29" dir="1" index="0" bw="1" slack="0"/>
</pin_list>
<bind>
<StgValue><ssdm name=""/></StgValue>
</bind>
</comp>

<comp id="30" class="1001" name="const_30">
<pin_list>
<pin id="31" dir="1" index="0" bw="1" slack="0"/>
</pin_list>
<bind>
<StgValue><ssdm name=""/></StgValue>
</bind>
</comp>

<comp id="32" class="1001" name="const_32">
<pin_list>
<pin id="33" dir="1" index="0" bw="1" slack="0"/>
</pin_list>
<bind>
<StgValue><ssdm name=""/></StgValue>
</bind>
</comp>

<comp id="34" class="1001" name="const_34">
<pin_list>
<pin id="35" dir="1" index="0" bw="1" slack="0"/>
</pin_list>
<bind>
<StgValue><ssdm name=""/></StgValue>
</bind>
</comp>

<comp id="36" class="1001" name="const_36">
<pin_list>
<pin id="37" dir="1" index="0" bw="1" slack="2147483647"/>
</pin_list>
<bind>
<StgValue><ssdm name="_ssdm_op_SpecPipeline"/></StgValue>
</bind>
</comp>

<comp id="38" class="1001" name="const_38">
<pin_list>
<pin id="39" dir="1" index="0" bw="1" slack="2147483647"/>
</pin_list>
<bind>
<StgValue><ssdm name=""/></StgValue>
</bind>
</comp>

<comp id="40" class="1001" name="const_40">
<pin_list>
<pin id="41" dir="1" index="0" bw="1" slack="2147483647"/>
</pin_list>
<bind>
<StgValue><ssdm name="empty_418"/></StgValue>
</bind>
</comp>

<comp id="42" class="1001" name="const_42">
<pin_list>
<pin id="43" dir="1" index="0" bw="1" slack="2147483647"/>
</pin_list>
<bind>
<StgValue><ssdm name="_ssdm_op_SpecLoopTripCount"/></StgValue>
</bind>
</comp>

<comp id="44" class="1001" name="const_44">
<pin_list>
<pin id="45" dir="1" index="0" bw="1" slack="2147483647"/>
</pin_list>
<bind>
<StgValue><ssdm name=""/></StgValue>
</bind>
</comp>

<comp id="46" class="1001" name="const_46">
<pin_list>
<pin id="47" dir="1" index="0" bw="1" slack="2147483647"/>
</pin_list>
<bind>
<StgValue><ssdm name="_ssdm_op_SpecLoopName"/></StgValue>
</bind>
</comp>

<comp id="48" class="1001" name="const_48">
<pin_list>
<pin id="49" dir="1" index="0" bw="1" slack="2147483647"/>
</pin_list>
<bind>
<StgValue><ssdm name="empty_456"/></StgValue>
</bind>
</comp>

<comp id="50" class="1004" name="word_fu_50">
<pin_list>
<pin id="51" dir="0" index="0" bw="1" slack="0"/>
<pin id="52" dir="1" index="1" bw="8" slack="0"/>
</pin_list>
<bind>
<opcode="alloca(26) " fcode="alloca"/>
<opset="word/1 "/>
</bind>
</comp>

<comp id="54" class="1004" name="linear_stage0_addr_gep_fu_54">
<pin_list>
<pin id="55" dir="0" index="0" bw="512" slack="0"/>
<pin id="56" dir="0" index="1" bw="1" slack="0"/>
<pin id="57" dir="0" index="2" bw="8" slack="0"/>
<pin id="58" dir="1" index="3" bw="9" slack="0"/>
</pin_list>
<bind>
<opcode="getelementptr(29) " fcode="getelementptr"/>
<opset="linear_stage0_addr/1 "/>
</bind>
</comp>

<comp id="61" class="1004" name="grp_access_fu_61">
<pin_list>
<pin id="62" dir="0" index="0" bw="9" slack="0"/>
<pin id="63" dir="0" index="1" bw="512" slack="2147483647"/>
<pin id="64" dir="0" index="2" bw="0" slack="2147483647"/>
<pin id="65" dir="1" index="3" bw="512" slack="1"/>
</pin_list>
<bind>
<opcode="load(27) " fcode="load"/>
<opset="linear_stage0_load/1 "/>
</bind>
</comp>

<comp id="67" class="1004" name="linear_stage1_addr_gep_fu_67">
<pin_list>
<pin id="68" dir="0" index="0" bw="512" slack="0"/>
<pin id="69" dir="0" index="1" bw="1" slack="0"/>
<pin id="70" dir="0" index="2" bw="8" slack="0"/>
<pin id="71" dir="1" index="3" bw="9" slack="0"/>
</pin_list>
<bind>
<opcode="getelementptr(29) " fcode="getelementptr"/>
<opset="linear_stage1_addr/1 "/>
</bind>
</comp>

<comp id="74" class="1004" name="grp_access_fu_74">
<pin_list>
<pin id="75" dir="0" index="0" bw="9" slack="0"/>
<pin id="76" dir="0" index="1" bw="512" slack="2147483647"/>
<pin id="77" dir="0" index="2" bw="0" slack="2147483647"/>
<pin id="78" dir="1" index="3" bw="512" slack="1"/>
</pin_list>
<bind>
<opcode="load(27) " fcode="load"/>
<opset="linear_stage1_load/1 "/>
</bind>
</comp>

<comp id="80" class="1004" name="linear_stage2_addr_gep_fu_80">
<pin_list>
<pin id="81" dir="0" index="0" bw="512" slack="0"/>
<pin id="82" dir="0" index="1" bw="1" slack="0"/>
<pin id="83" dir="0" index="2" bw="8" slack="0"/>
<pin id="84" dir="1" index="3" bw="9" slack="0"/>
</pin_list>
<bind>
<opcode="getelementptr(29) " fcode="getelementptr"/>
<opset="linear_stage2_addr/1 "/>
</bind>
</comp>

<comp id="87" class="1004" name="grp_access_fu_87">
<pin_list>
<pin id="88" dir="0" index="0" bw="9" slack="0"/>
<pin id="89" dir="0" index="1" bw="512" slack="2147483647"/>
<pin id="90" dir="0" index="2" bw="0" slack="2147483647"/>
<pin id="91" dir="1" index="3" bw="512" slack="1"/>
</pin_list>
<bind>
<opcode="load(27) " fcode="load"/>
<opset="linear_stage2_load/1 "/>
</bind>
</comp>

<comp id="93" class="1004" name="linear_stage3_addr_gep_fu_93">
<pin_list>
<pin id="94" dir="0" index="0" bw="512" slack="0"/>
<pin id="95" dir="0" index="1" bw="1" slack="0"/>
<pin id="96" dir="0" index="2" bw="8" slack="0"/>
<pin id="97" dir="1" index="3" bw="9" slack="0"/>
</pin_list>
<bind>
<opcode="getelementptr(29) " fcode="getelementptr"/>
<opset="linear_stage3_addr/1 "/>
</bind>
</comp>

<comp id="100" class="1004" name="grp_access_fu_100">
<pin_list>
<pin id="101" dir="0" index="0" bw="9" slack="0"/>
<pin id="102" dir="0" index="1" bw="512" slack="2147483647"/>
<pin id="103" dir="0" index="2" bw="0" slack="2147483647"/>
<pin id="104" dir="1" index="3" bw="512" slack="1"/>
</pin_list>
<bind>
<opcode="load(27) " fcode="load"/>
<opset="linear_stage3_load/1 "/>
</bind>
</comp>

<comp id="106" class="1004" name="output0_addr_gep_fu_106">
<pin_list>
<pin id="107" dir="0" index="0" bw="512" slack="0"/>
<pin id="108" dir="0" index="1" bw="1" slack="0"/>
<pin id="109" dir="0" index="2" bw="8" slack="2"/>
<pin id="110" dir="1" index="3" bw="8" slack="0"/>
</pin_list>
<bind>
<opcode="getelementptr(29) " fcode="getelementptr"/>
<opset="output0_addr/3 "/>
</bind>
</comp>

<comp id="113" class="1004" name="store_ln159_access_fu_113">
<pin_list>
<pin id="114" dir="0" index="0" bw="8" slack="0"/>
<pin id="115" dir="0" index="1" bw="512" slack="1"/>
<pin id="116" dir="0" index="2" bw="0" slack="2147483647"/>
<pin id="117" dir="1" index="3" bw="512" slack="2147483647"/>
</pin_list>
<bind>
<opcode="store(28) " fcode="store"/>
<opset="store_ln159/3 "/>
</bind>
</comp>

<comp id="119" class="1004" name="output1_addr_gep_fu_119">
<pin_list>
<pin id="120" dir="0" index="0" bw="512" slack="0"/>
<pin id="121" dir="0" index="1" bw="1" slack="0"/>
<pin id="122" dir="0" index="2" bw="8" slack="2"/>
<pin id="123" dir="1" index="3" bw="8" slack="0"/>
</pin_list>
<bind>
<opcode="getelementptr(29) " fcode="getelementptr"/>
<opset="output1_addr/3 "/>
</bind>
</comp>

<comp id="126" class="1004" name="store_ln160_access_fu_126">
<pin_list>
<pin id="127" dir="0" index="0" bw="8" slack="0"/>
<pin id="128" dir="0" index="1" bw="512" slack="1"/>
<pin id="129" dir="0" index="2" bw="0" slack="2147483647"/>
<pin id="130" dir="1" index="3" bw="512" slack="2147483647"/>
</pin_list>
<bind>
<opcode="store(28) " fcode="store"/>
<opset="store_ln160/3 "/>
</bind>
</comp>

<comp id="132" class="1004" name="output2_addr_gep_fu_132">
<pin_list>
<pin id="133" dir="0" index="0" bw="512" slack="0"/>
<pin id="134" dir="0" index="1" bw="1" slack="0"/>
<pin id="135" dir="0" index="2" bw="8" slack="2"/>
<pin id="136" dir="1" index="3" bw="8" slack="0"/>
</pin_list>
<bind>
<opcode="getelementptr(29) " fcode="getelementptr"/>
<opset="output2_addr/3 "/>
</bind>
</comp>

<comp id="139" class="1004" name="store_ln161_access_fu_139">
<pin_list>
<pin id="140" dir="0" index="0" bw="8" slack="0"/>
<pin id="141" dir="0" index="1" bw="512" slack="1"/>
<pin id="142" dir="0" index="2" bw="0" slack="2147483647"/>
<pin id="143" dir="1" index="3" bw="512" slack="2147483647"/>
</pin_list>
<bind>
<opcode="store(28) " fcode="store"/>
<opset="store_ln161/3 "/>
</bind>
</comp>

<comp id="145" class="1004" name="output3_addr_gep_fu_145">
<pin_list>
<pin id="146" dir="0" index="0" bw="512" slack="0"/>
<pin id="147" dir="0" index="1" bw="1" slack="0"/>
<pin id="148" dir="0" index="2" bw="8" slack="2"/>
<pin id="149" dir="1" index="3" bw="8" slack="0"/>
</pin_list>
<bind>
<opcode="getelementptr(29) " fcode="getelementptr"/>
<opset="output3_addr/3 "/>
</bind>
</comp>

<comp id="152" class="1004" name="store_ln162_access_fu_152">
<pin_list>
<pin id="153" dir="0" index="0" bw="8" slack="0"/>
<pin id="154" dir="0" index="1" bw="512" slack="1"/>
<pin id="155" dir="0" index="2" bw="0" slack="2147483647"/>
<pin id="156" dir="1" index="3" bw="512" slack="2147483647"/>
</pin_list>
<bind>
<opcode="store(28) " fcode="store"/>
<opset="store_ln162/3 "/>
</bind>
</comp>

<comp id="158" class="1004" name="store_ln157_store_fu_158">
<pin_list>
<pin id="159" dir="0" index="0" bw="1" slack="0"/>
<pin id="160" dir="0" index="1" bw="8" slack="0"/>
<pin id="161" dir="1" index="2" bw="0" slack="2147483647"/>
</pin_list>
<bind>
<opcode="store(28) " fcode="store"/>
<opset="store_ln157/1 "/>
</bind>
</comp>

<comp id="163" class="1004" name="word_20_load_fu_163">
<pin_list>
<pin id="164" dir="0" index="0" bw="8" slack="0"/>
<pin id="165" dir="1" index="1" bw="8" slack="0"/>
</pin_list>
<bind>
<opcode="load(27) " fcode="load"/>
<opset="word_20/1 "/>
</bind>
</comp>

<comp id="166" class="1004" name="icmp_ln157_fu_166">
<pin_list>
<pin id="167" dir="0" index="0" bw="8" slack="0"/>
<pin id="168" dir="0" index="1" bw="8" slack="0"/>
<pin id="169" dir="1" index="2" bw="1" slack="1"/>
</pin_list>
<bind>
<opcode="icmp(45) " fcode="icmp"/>
<opset="icmp_ln157/1 "/>
</bind>
</comp>

<comp id="172" class="1004" name="add_ln157_fu_172">
<pin_list>
<pin id="173" dir="0" index="0" bw="8" slack="0"/>
<pin id="174" dir="0" index="1" bw="1" slack="0"/>
<pin id="175" dir="1" index="2" bw="8" slack="0"/>
</pin_list>
<bind>
<opcode="add(8) " fcode="add"/>
<opset="add_ln157/1 "/>
</bind>
</comp>

<comp id="178" class="1004" name="zext_ln157_fu_178">
<pin_list>
<pin id="179" dir="0" index="0" bw="8" slack="0"/>
<pin id="180" dir="1" index="1" bw="64" slack="0"/>
</pin_list>
<bind>
<opcode="zext(34) " fcode="zext"/>
<opset="zext_ln157/1 "/>
</bind>
</comp>

<comp id="186" class="1004" name="store_ln157_store_fu_186">
<pin_list>
<pin id="187" dir="0" index="0" bw="8" slack="0"/>
<pin id="188" dir="0" index="1" bw="8" slack="0"/>
<pin id="189" dir="1" index="2" bw="0" slack="2147483647"/>
</pin_list>
<bind>
<opcode="store(28) " fcode="store"/>
<opset="store_ln157/1 "/>
</bind>
</comp>

<comp id="191" class="1005" name="word_reg_191">
<pin_list>
<pin id="192" dir="0" index="0" bw="8" slack="0"/>
<pin id="193" dir="1" index="1" bw="8" slack="0"/>
</pin_list>
<bind>
<opset="word "/>
</bind>
</comp>

<comp id="198" class="1005" name="icmp_ln157_reg_198">
<pin_list>
<pin id="199" dir="0" index="0" bw="1" slack="1"/>
<pin id="200" dir="1" index="1" bw="1" slack="2147483647"/>
</pin_list>
<bind>
<opset="icmp_ln157 "/>
</bind>
</comp>

<comp id="202" class="1005" name="zext_ln157_reg_202">
<pin_list>
<pin id="203" dir="0" index="0" bw="64" slack="2"/>
<pin id="204" dir="1" index="1" bw="64" slack="2"/>
</pin_list>
<bind>
<opset="zext_ln157 "/>
</bind>
</comp>

<comp id="210" class="1005" name="linear_stage0_addr_reg_210">
<pin_list>
<pin id="211" dir="0" index="0" bw="9" slack="1"/>
<pin id="212" dir="1" index="1" bw="9" slack="1"/>
</pin_list>
<bind>
<opset="linear_stage0_addr "/>
</bind>
</comp>

<comp id="215" class="1005" name="linear_stage1_addr_reg_215">
<pin_list>
<pin id="216" dir="0" index="0" bw="9" slack="1"/>
<pin id="217" dir="1" index="1" bw="9" slack="1"/>
</pin_list>
<bind>
<opset="linear_stage1_addr "/>
</bind>
</comp>

<comp id="220" class="1005" name="linear_stage2_addr_reg_220">
<pin_list>
<pin id="221" dir="0" index="0" bw="9" slack="1"/>
<pin id="222" dir="1" index="1" bw="9" slack="1"/>
</pin_list>
<bind>
<opset="linear_stage2_addr "/>
</bind>
</comp>

<comp id="225" class="1005" name="linear_stage3_addr_reg_225">
<pin_list>
<pin id="226" dir="0" index="0" bw="9" slack="1"/>
<pin id="227" dir="1" index="1" bw="9" slack="1"/>
</pin_list>
<bind>
<opset="linear_stage3_addr "/>
</bind>
</comp>

<comp id="230" class="1005" name="linear_stage0_load_reg_230">
<pin_list>
<pin id="231" dir="0" index="0" bw="512" slack="1"/>
<pin id="232" dir="1" index="1" bw="512" slack="1"/>
</pin_list>
<bind>
<opset="linear_stage0_load "/>
</bind>
</comp>

<comp id="235" class="1005" name="linear_stage1_load_reg_235">
<pin_list>
<pin id="236" dir="0" index="0" bw="512" slack="1"/>
<pin id="237" dir="1" index="1" bw="512" slack="1"/>
</pin_list>
<bind>
<opset="linear_stage1_load "/>
</bind>
</comp>

<comp id="240" class="1005" name="linear_stage2_load_reg_240">
<pin_list>
<pin id="241" dir="0" index="0" bw="512" slack="1"/>
<pin id="242" dir="1" index="1" bw="512" slack="1"/>
</pin_list>
<bind>
<opset="linear_stage2_load "/>
</bind>
</comp>

<comp id="245" class="1005" name="linear_stage3_load_reg_245">
<pin_list>
<pin id="246" dir="0" index="0" bw="512" slack="1"/>
<pin id="247" dir="1" index="1" bw="512" slack="1"/>
</pin_list>
<bind>
<opset="linear_stage3_load "/>
</bind>
</comp>

</comp_list>

<net_list>
<net id="53"><net_src comp="16" pin="0"/><net_sink comp="50" pin=0"/></net>

<net id="59"><net_src comp="0" pin="0"/><net_sink comp="54" pin=0"/></net>

<net id="60"><net_src comp="34" pin="0"/><net_sink comp="54" pin=1"/></net>

<net id="66"><net_src comp="54" pin="3"/><net_sink comp="61" pin=0"/></net>

<net id="72"><net_src comp="2" pin="0"/><net_sink comp="67" pin=0"/></net>

<net id="73"><net_src comp="34" pin="0"/><net_sink comp="67" pin=1"/></net>

<net id="79"><net_src comp="67" pin="3"/><net_sink comp="74" pin=0"/></net>

<net id="85"><net_src comp="4" pin="0"/><net_sink comp="80" pin=0"/></net>

<net id="86"><net_src comp="34" pin="0"/><net_sink comp="80" pin=1"/></net>

<net id="92"><net_src comp="80" pin="3"/><net_sink comp="87" pin=0"/></net>

<net id="98"><net_src comp="6" pin="0"/><net_sink comp="93" pin=0"/></net>

<net id="99"><net_src comp="34" pin="0"/><net_sink comp="93" pin=1"/></net>

<net id="105"><net_src comp="93" pin="3"/><net_sink comp="100" pin=0"/></net>

<net id="111"><net_src comp="8" pin="0"/><net_sink comp="106" pin=0"/></net>

<net id="112"><net_src comp="34" pin="0"/><net_sink comp="106" pin=1"/></net>

<net id="118"><net_src comp="106" pin="3"/><net_sink comp="113" pin=0"/></net>

<net id="124"><net_src comp="10" pin="0"/><net_sink comp="119" pin=0"/></net>

<net id="125"><net_src comp="34" pin="0"/><net_sink comp="119" pin=1"/></net>

<net id="131"><net_src comp="119" pin="3"/><net_sink comp="126" pin=0"/></net>

<net id="137"><net_src comp="12" pin="0"/><net_sink comp="132" pin=0"/></net>

<net id="138"><net_src comp="34" pin="0"/><net_sink comp="132" pin=1"/></net>

<net id="144"><net_src comp="132" pin="3"/><net_sink comp="139" pin=0"/></net>

<net id="150"><net_src comp="14" pin="0"/><net_sink comp="145" pin=0"/></net>

<net id="151"><net_src comp="34" pin="0"/><net_sink comp="145" pin=1"/></net>

<net id="157"><net_src comp="145" pin="3"/><net_sink comp="152" pin=0"/></net>

<net id="162"><net_src comp="28" pin="0"/><net_sink comp="158" pin=0"/></net>

<net id="170"><net_src comp="163" pin="1"/><net_sink comp="166" pin=0"/></net>

<net id="171"><net_src comp="30" pin="0"/><net_sink comp="166" pin=1"/></net>

<net id="176"><net_src comp="163" pin="1"/><net_sink comp="172" pin=0"/></net>

<net id="177"><net_src comp="32" pin="0"/><net_sink comp="172" pin=1"/></net>

<net id="181"><net_src comp="163" pin="1"/><net_sink comp="178" pin=0"/></net>

<net id="182"><net_src comp="178" pin="1"/><net_sink comp="54" pin=2"/></net>

<net id="183"><net_src comp="178" pin="1"/><net_sink comp="67" pin=2"/></net>

<net id="184"><net_src comp="178" pin="1"/><net_sink comp="80" pin=2"/></net>

<net id="185"><net_src comp="178" pin="1"/><net_sink comp="93" pin=2"/></net>

<net id="190"><net_src comp="172" pin="2"/><net_sink comp="186" pin=0"/></net>

<net id="194"><net_src comp="50" pin="1"/><net_sink comp="191" pin=0"/></net>

<net id="195"><net_src comp="191" pin="1"/><net_sink comp="158" pin=1"/></net>

<net id="196"><net_src comp="191" pin="1"/><net_sink comp="163" pin=0"/></net>

<net id="197"><net_src comp="191" pin="1"/><net_sink comp="186" pin=1"/></net>

<net id="201"><net_src comp="166" pin="2"/><net_sink comp="198" pin=0"/></net>

<net id="205"><net_src comp="178" pin="1"/><net_sink comp="202" pin=0"/></net>

<net id="206"><net_src comp="202" pin="1"/><net_sink comp="106" pin=2"/></net>

<net id="207"><net_src comp="202" pin="1"/><net_sink comp="119" pin=2"/></net>

<net id="208"><net_src comp="202" pin="1"/><net_sink comp="132" pin=2"/></net>

<net id="209"><net_src comp="202" pin="1"/><net_sink comp="145" pin=2"/></net>

<net id="213"><net_src comp="54" pin="3"/><net_sink comp="210" pin=0"/></net>

<net id="214"><net_src comp="210" pin="1"/><net_sink comp="61" pin=0"/></net>

<net id="218"><net_src comp="67" pin="3"/><net_sink comp="215" pin=0"/></net>

<net id="219"><net_src comp="215" pin="1"/><net_sink comp="74" pin=0"/></net>

<net id="223"><net_src comp="80" pin="3"/><net_sink comp="220" pin=0"/></net>

<net id="224"><net_src comp="220" pin="1"/><net_sink comp="87" pin=0"/></net>

<net id="228"><net_src comp="93" pin="3"/><net_sink comp="225" pin=0"/></net>

<net id="229"><net_src comp="225" pin="1"/><net_sink comp="100" pin=0"/></net>

<net id="233"><net_src comp="61" pin="3"/><net_sink comp="230" pin=0"/></net>

<net id="234"><net_src comp="230" pin="1"/><net_sink comp="113" pin=1"/></net>

<net id="238"><net_src comp="74" pin="3"/><net_sink comp="235" pin=0"/></net>

<net id="239"><net_src comp="235" pin="1"/><net_sink comp="126" pin=1"/></net>

<net id="243"><net_src comp="87" pin="3"/><net_sink comp="240" pin=0"/></net>

<net id="244"><net_src comp="240" pin="1"/><net_sink comp="139" pin=1"/></net>

<net id="248"><net_src comp="100" pin="3"/><net_sink comp="245" pin=0"/></net>

<net id="249"><net_src comp="245" pin="1"/><net_sink comp="152" pin=1"/></net>

</net_list>

</model> 
---------------- Datapath Model END ------------------

* FSMD analyzer results:
  - Output states:
	Port: linear_stage0 | {}
	Port: linear_stage1 | {}
	Port: linear_stage2 | {}
	Port: linear_stage3 | {}
	Port: output0 | {3 }
	Port: output1 | {3 }
	Port: output2 | {3 }
	Port: output3 | {3 }
 - Input state : 
	Port: int4_route_linear_projection<4> : linear_stage0 | {1 2 }
	Port: int4_route_linear_projection<4> : linear_stage1 | {1 2 }
	Port: int4_route_linear_projection<4> : linear_stage2 | {1 2 }
	Port: int4_route_linear_projection<4> : linear_stage3 | {1 2 }
	Port: int4_route_linear_projection<4> : output0 | {}
	Port: int4_route_linear_projection<4> : output1 | {}
	Port: int4_route_linear_projection<4> : output2 | {}
	Port: int4_route_linear_projection<4> : output3 | {}
  - Chain level:
	State 1
		store_ln157 : 1
		word_20 : 1
		icmp_ln157 : 2
		add_ln157 : 2
		br_ln157 : 3
		zext_ln157 : 2
		linear_stage0_addr : 3
		linear_stage0_load : 4
		linear_stage1_addr : 3
		linear_stage1_load : 4
		linear_stage2_addr : 3
		linear_stage2_load : 4
		linear_stage3_addr : 3
		linear_stage3_load : 4
		store_ln157 : 3
	State 2
	State 3
		store_ln159 : 1
		store_ln160 : 1
		store_ln161 : 1
		store_ln162 : 1


============================================================
+ Verbose Summary: Datapath Resource usage 
============================================================

* Functional unit list:
|----------|-------------------|---------|---------|
| Operation|  Functional Unit  |    FF   |   LUT   |
|----------|-------------------|---------|---------|
|   icmp   | icmp_ln157_fu_166 |    0    |    15   |
|----------|-------------------|---------|---------|
|    add   |  add_ln157_fu_172 |    0    |    15   |
|----------|-------------------|---------|---------|
|   zext   | zext_ln157_fu_178 |    0    |    0    |
|----------|-------------------|---------|---------|
|   Total  |                   |    0    |    30   |
|----------|-------------------|---------|---------|

Memories:
N/A

* Register list:
+--------------------------+--------+
|                          |   FF   |
+--------------------------+--------+
|    icmp_ln157_reg_198    |    1   |
|linear_stage0_addr_reg_210|    9   |
|linear_stage0_load_reg_230|   512  |
|linear_stage1_addr_reg_215|    9   |
|linear_stage1_load_reg_235|   512  |
|linear_stage2_addr_reg_220|    9   |
|linear_stage2_load_reg_240|   512  |
|linear_stage3_addr_reg_225|    9   |
|linear_stage3_load_reg_245|   512  |
|       word_reg_191       |    8   |
|    zext_ln157_reg_202    |   64   |
+--------------------------+--------+
|           Total          |  2157  |
+--------------------------+--------+

* Multiplexer (MUX) list: 
|-------------------|------|------|------|--------||---------||---------|
|        Comp       |  Pin | Size |  BW  | S x BW ||  Delay  ||   LUT   |
|-------------------|------|------|------|--------||---------||---------|
|  grp_access_fu_61 |  p0  |   2  |   9  |   18   ||    9    |
|  grp_access_fu_74 |  p0  |   2  |   9  |   18   ||    9    |
|  grp_access_fu_87 |  p0  |   2  |   9  |   18   ||    9    |
| grp_access_fu_100 |  p0  |   2  |   9  |   18   ||    9    |
|-------------------|------|------|------|--------||---------||---------|
|       Total       |      |      |      |   72   ||  1.548  ||    36   |
|-------------------|------|------|------|--------||---------||---------|



* Summary:
+-----------+--------+--------+--------+
|           |  Delay |   FF   |   LUT  |
+-----------+--------+--------+--------+
|  Function |    -   |    0   |   30   |
|   Memory  |    -   |    -   |    -   |
|Multiplexer|    1   |    -   |   36   |
|  Register |    -   |  2157  |    -   |
+-----------+--------+--------+--------+
|   Total   |    1   |  2157  |   66   |
+-----------+--------+--------+--------+
