

================================================================
== Vitis HLS Report for 'int4_load_residual_4ddr_Pipeline_load_residual_word_loop'
================================================================
* Date:           Tue Aug 11 09:16:50 2026

* Version:        2023.2 (Build 4023990 on Oct 11 2023)
* Project:        proj_int4_decoder_xo
* Solution:       solution1 (Vitis Kernel Flow Target)
* Product family: virtexuplus
* Target device:  xcu250-figd2104-2L-e


================================================================
== Performance Estimates
================================================================
+ Timing: 
    * Summary: 
    +--------+---------+----------+------------+
    |  Clock |  Target | Estimated| Uncertainty|
    +--------+---------+----------+------------+
    |ap_clk  |  3.33 ns|  2.433 ns|     0.90 ns|
    +--------+---------+----------+------------+

+ Latency: 
    * Summary: 
    +---------+---------+----------+----------+-----+-----+---------+
    |  Latency (cycles) |  Latency (absolute) |  Interval | Pipeline|
    |   min   |   max   |    min   |    max   | min | max |   Type  |
    +---------+---------+----------+----------+-----+-----+---------+
    |       67|       67|  0.223 us|  0.223 us|   67|   67|       no|
    +---------+---------+----------+----------+-----+-----+---------+

    + Detail: 
        * Instance: 
        N/A

        * Loop: 
        +---------------------------+---------+---------+----------+-----------+-----------+------+----------+
        |                           |  Latency (cycles) | Iteration|  Initiation Interval  | Trip |          |
        |         Loop Name         |   min   |   max   |  Latency |  achieved |   target  | Count| Pipelined|
        +---------------------------+---------+---------+----------+-----------+-----------+------+----------+
        |- load_residual_word_loop  |       65|       65|         3|          1|          1|    64|       yes|
        +---------------------------+---------+---------+----------+-----------+-----------+------+----------+

============================================================
+ Verbose Summary: Synthesis Manager
============================================================
InlineROM: 1
ExposeGlobal: 0
============================================================
+ Verbose Summary: CDFG Model
============================================================
IsTopModel: 0
ResetActiveHigh: 1
IsCombinational: 0
IsDatapathOnly: 0
HasWiredReturn: 1
HasMFsm: 2
HasVarLatency: 1
IsPipeline: 0
IsRtlPipelined: 0
IsInstanceOverlapped: 0
IsDontTouch: 0
HasImplIP: 0
IsGatedGlobalClock: 0

+ Individual pipeline summary: 
  * Pipeline-0: initiation interval (II) = 1, depth = 3


============================================================
+ Verbose Summary: Schedule
============================================================
* Number of FSM states : 3
* Pipeline : 1
  Pipeline-0 : II = 1, D = 3, States = { 1 2 3 }
* Dataflow Pipeline: 0

* FSM state transitions: 
1 --> 2 
2 --> 3 
3 --> 

* FSM state operations: 

State 1 <SV = 0> <Delay = 1.47>
ST_1 : Operation 6 [1/1] (0.00ns)   --->   "%word = alloca i32 1" [source/int4_decoder_controller.cpp:470]   --->   Operation 6 'alloca' 'word' <Predicate = true> <Delay = 0.00>
ST_1 : Operation 7 [1/1] (0.00ns)   --->   "%sext_ln470_3_read = read i58 @_ssdm_op_Read.ap_auto.i58, i58 %sext_ln470_3"   --->   Operation 7 'read' 'sext_ln470_3_read' <Predicate = true> <Delay = 0.00>
ST_1 : Operation 8 [1/1] (0.00ns)   --->   "%sext_ln470_2_read = read i58 @_ssdm_op_Read.ap_auto.i58, i58 %sext_ln470_2"   --->   Operation 8 'read' 'sext_ln470_2_read' <Predicate = true> <Delay = 0.00>
ST_1 : Operation 9 [1/1] (0.00ns)   --->   "%sext_ln470_1_read = read i58 @_ssdm_op_Read.ap_auto.i58, i58 %sext_ln470_1"   --->   Operation 9 'read' 'sext_ln470_1_read' <Predicate = true> <Delay = 0.00>
ST_1 : Operation 10 [1/1] (0.00ns)   --->   "%sext_ln470_read = read i58 @_ssdm_op_Read.ap_auto.i58, i58 %sext_ln470"   --->   Operation 10 'read' 'sext_ln470_read' <Predicate = true> <Delay = 0.00>
ST_1 : Operation 11 [1/1] (0.00ns)   --->   "%sext_ln470_3_cast = sext i58 %sext_ln470_3_read"   --->   Operation 11 'sext' 'sext_ln470_3_cast' <Predicate = true> <Delay = 0.00>
ST_1 : Operation 12 [1/1] (0.00ns)   --->   "%sext_ln470_2_cast = sext i58 %sext_ln470_2_read"   --->   Operation 12 'sext' 'sext_ln470_2_cast' <Predicate = true> <Delay = 0.00>
ST_1 : Operation 13 [1/1] (0.00ns)   --->   "%sext_ln470_1_cast = sext i58 %sext_ln470_1_read"   --->   Operation 13 'sext' 'sext_ln470_1_cast' <Predicate = true> <Delay = 0.00>
ST_1 : Operation 14 [1/1] (0.00ns)   --->   "%sext_ln470_cast = sext i58 %sext_ln470_read"   --->   Operation 14 'sext' 'sext_ln470_cast' <Predicate = true> <Delay = 0.00>
ST_1 : Operation 15 [1/1] (0.00ns)   --->   "%specmemcore_ln0 = specmemcore void @_ssdm_op_SpecMemCore, i512 %residual_buffer0, i64 666, i64 22, i64 18446744073709551615"   --->   Operation 15 'specmemcore' 'specmemcore_ln0' <Predicate = true> <Delay = 0.00>
ST_1 : Operation 16 [1/1] (0.00ns)   --->   "%specmemcore_ln0 = specmemcore void @_ssdm_op_SpecMemCore, i512 %residual_buffer1, i64 666, i64 22, i64 18446744073709551615"   --->   Operation 16 'specmemcore' 'specmemcore_ln0' <Predicate = true> <Delay = 0.00>
ST_1 : Operation 17 [1/1] (0.00ns)   --->   "%specmemcore_ln0 = specmemcore void @_ssdm_op_SpecMemCore, i512 %residual_buffer2, i64 666, i64 22, i64 18446744073709551615"   --->   Operation 17 'specmemcore' 'specmemcore_ln0' <Predicate = true> <Delay = 0.00>
ST_1 : Operation 18 [1/1] (0.00ns)   --->   "%specmemcore_ln0 = specmemcore void @_ssdm_op_SpecMemCore, i512 %residual_buffer3, i64 666, i64 22, i64 18446744073709551615"   --->   Operation 18 'specmemcore' 'specmemcore_ln0' <Predicate = true> <Delay = 0.00>
ST_1 : Operation 19 [1/1] (0.00ns)   --->   "%specinterface_ln0 = specinterface void @_ssdm_op_SpecInterface, i512 %gmem0, void @empty_417, i32 0, i32 0, void @empty_418, i32 64, i32 13043328, void @empty_419, void @empty_420, void @empty_418, i32 8, i32 2, i32 256, i32 64, void @empty_418, void @empty_418, i32 4294967295, i32 0"   --->   Operation 19 'specinterface' 'specinterface_ln0' <Predicate = true> <Delay = 0.00>
ST_1 : Operation 20 [1/1] (0.00ns)   --->   "%specinterface_ln0 = specinterface void @_ssdm_op_SpecInterface, i512 %gmem1, void @empty_417, i32 0, i32 0, void @empty_418, i32 64, i32 13043328, void @empty_421, void @empty_420, void @empty_418, i32 8, i32 2, i32 256, i32 64, void @empty_418, void @empty_418, i32 4294967295, i32 0"   --->   Operation 20 'specinterface' 'specinterface_ln0' <Predicate = true> <Delay = 0.00>
ST_1 : Operation 21 [1/1] (0.00ns)   --->   "%specinterface_ln0 = specinterface void @_ssdm_op_SpecInterface, i512 %gmem2, void @empty_417, i32 0, i32 0, void @empty_418, i32 64, i32 13043328, void @empty_422, void @empty_420, void @empty_418, i32 8, i32 2, i32 256, i32 64, void @empty_418, void @empty_418, i32 4294967295, i32 0"   --->   Operation 21 'specinterface' 'specinterface_ln0' <Predicate = true> <Delay = 0.00>
ST_1 : Operation 22 [1/1] (0.00ns)   --->   "%specinterface_ln0 = specinterface void @_ssdm_op_SpecInterface, i512 %gmem3, void @empty_417, i32 0, i32 0, void @empty_418, i32 64, i32 13043328, void @empty_423, void @empty_420, void @empty_418, i32 8, i32 2, i32 256, i32 64, void @empty_418, void @empty_418, i32 4294967295, i32 0"   --->   Operation 22 'specinterface' 'specinterface_ln0' <Predicate = true> <Delay = 0.00>
ST_1 : Operation 23 [1/1] (0.38ns)   --->   "%store_ln470 = store i7 0, i7 %word" [source/int4_decoder_controller.cpp:470]   --->   Operation 23 'store' 'store_ln470' <Predicate = true> <Delay = 0.38>
ST_1 : Operation 24 [1/1] (0.00ns)   --->   "%br_ln0 = br void %for.inc"   --->   Operation 24 'br' 'br_ln0' <Predicate = true> <Delay = 0.00>
ST_1 : Operation 25 [1/1] (0.00ns)   --->   "%word_25 = load i7 %word" [source/int4_decoder_controller.cpp:472]   --->   Operation 25 'load' 'word_25' <Predicate = true> <Delay = 0.00>
ST_1 : Operation 26 [1/1] (0.70ns)   --->   "%icmp_ln471 = icmp_eq  i7 %word_25, i7 64" [source/int4_decoder_controller.cpp:471]   --->   Operation 26 'icmp' 'icmp_ln471' <Predicate = true> <Delay = 0.70> <CoreInst = "Cmp">   --->   Core 9 'Cmp' <Latency = 0> <II = 1> <Delay = 0.70> <FuncUnit> <Opcode : 'icmp'> <InPorts = 2> <OutPorts = 1>
ST_1 : Operation 27 [1/1] (0.70ns)   --->   "%add_ln472 = add i7 %word_25, i7 1" [source/int4_decoder_controller.cpp:472]   --->   Operation 27 'add' 'add_ln472' <Predicate = true> <Delay = 0.70> <CoreInst = "Adder">   --->   Core 1 'Adder' <Latency = 0> <II = 1> <Delay = 0.70> <FuncUnit> <Opcode : 'add' 'sub'> <InPorts = 2> <OutPorts = 1>
ST_1 : Operation 28 [1/1] (0.00ns)   --->   "%br_ln470 = br i1 %icmp_ln471, void %for.inc.split, void %for.end.exitStub" [source/int4_decoder_controller.cpp:470]   --->   Operation 28 'br' 'br_ln470' <Predicate = true> <Delay = 0.00>
ST_1 : Operation 29 [1/1] (0.38ns)   --->   "%store_ln470 = store i7 %add_ln472, i7 %word" [source/int4_decoder_controller.cpp:470]   --->   Operation 29 'store' 'store_ln470' <Predicate = (!icmp_ln471)> <Delay = 0.38>

State 2 <SV = 1> <Delay = 2.43>
ST_2 : Operation 30 [1/1] (0.00ns)   --->   "%gmem0_addr = getelementptr i512 %gmem0, i64 %sext_ln470_cast" [source/int4_decoder_controller.cpp:470]   --->   Operation 30 'getelementptr' 'gmem0_addr' <Predicate = true> <Delay = 0.00>
ST_2 : Operation 31 [1/1] (0.00ns)   --->   "%gmem1_addr = getelementptr i512 %gmem1, i64 %sext_ln470_1_cast" [source/int4_decoder_controller.cpp:470]   --->   Operation 31 'getelementptr' 'gmem1_addr' <Predicate = true> <Delay = 0.00>
ST_2 : Operation 32 [1/1] (0.00ns)   --->   "%gmem2_addr = getelementptr i512 %gmem2, i64 %sext_ln470_2_cast" [source/int4_decoder_controller.cpp:470]   --->   Operation 32 'getelementptr' 'gmem2_addr' <Predicate = true> <Delay = 0.00>
ST_2 : Operation 33 [1/1] (0.00ns)   --->   "%gmem3_addr = getelementptr i512 %gmem3, i64 %sext_ln470_3_cast" [source/int4_decoder_controller.cpp:470]   --->   Operation 33 'getelementptr' 'gmem3_addr' <Predicate = true> <Delay = 0.00>
ST_2 : Operation 34 [1/1] (2.43ns)   --->   "%gmem0_addr_read = read i512 @_ssdm_op_Read.m_axi.p1i512, i512 %gmem0_addr" [source/int4_decoder_controller.cpp:474]   --->   Operation 34 'read' 'gmem0_addr_read' <Predicate = true> <Delay = 2.43> <CoreInst = "m_axi">   --->   Core 121 'm_axi' <Latency = 0> <II = 1> <Delay = 1.00> <Adapter> <Opcode : 'read' 'write' 'readreq' 'writereq' 'writeresp'>
ST_2 : Operation 35 [1/1] (2.43ns)   --->   "%gmem1_addr_read = read i512 @_ssdm_op_Read.m_axi.p1i512, i512 %gmem1_addr" [source/int4_decoder_controller.cpp:475]   --->   Operation 35 'read' 'gmem1_addr_read' <Predicate = true> <Delay = 2.43> <CoreInst = "m_axi">   --->   Core 121 'm_axi' <Latency = 0> <II = 1> <Delay = 1.00> <Adapter> <Opcode : 'read' 'write' 'readreq' 'writereq' 'writeresp'>
ST_2 : Operation 36 [1/1] (2.43ns)   --->   "%gmem2_addr_read = read i512 @_ssdm_op_Read.m_axi.p1i512, i512 %gmem2_addr" [source/int4_decoder_controller.cpp:476]   --->   Operation 36 'read' 'gmem2_addr_read' <Predicate = true> <Delay = 2.43> <CoreInst = "m_axi">   --->   Core 121 'm_axi' <Latency = 0> <II = 1> <Delay = 1.00> <Adapter> <Opcode : 'read' 'write' 'readreq' 'writereq' 'writeresp'>
ST_2 : Operation 37 [1/1] (2.43ns)   --->   "%gmem3_addr_read = read i512 @_ssdm_op_Read.m_axi.p1i512, i512 %gmem3_addr" [source/int4_decoder_controller.cpp:477]   --->   Operation 37 'read' 'gmem3_addr_read' <Predicate = true> <Delay = 2.43> <CoreInst = "m_axi">   --->   Core 121 'm_axi' <Latency = 0> <II = 1> <Delay = 1.00> <Adapter> <Opcode : 'read' 'write' 'readreq' 'writereq' 'writeresp'>
ST_2 : Operation 51 [1/1] (0.00ns)   --->   "%ret_ln0 = ret"   --->   Operation 51 'ret' 'ret_ln0' <Predicate = (icmp_ln471)> <Delay = 0.00>

State 3 <SV = 2> <Delay = 1.20>
ST_3 : Operation 38 [1/1] (0.00ns)   --->   "%zext_ln471 = zext i7 %word_25" [source/int4_decoder_controller.cpp:471]   --->   Operation 38 'zext' 'zext_ln471' <Predicate = true> <Delay = 0.00>
ST_3 : Operation 39 [1/1] (0.00ns)   --->   "%specpipeline_ln473 = specpipeline void @_ssdm_op_SpecPipeline, i32 1, i32 0, i32 0, i32 0, void @empty_418" [source/int4_decoder_controller.cpp:473]   --->   Operation 39 'specpipeline' 'specpipeline_ln473' <Predicate = true> <Delay = 0.00>
ST_3 : Operation 40 [1/1] (0.00ns)   --->   "%speclooptripcount_ln470 = speclooptripcount void @_ssdm_op_SpecLoopTripCount, i64 64, i64 64, i64 64" [source/int4_decoder_controller.cpp:470]   --->   Operation 40 'speclooptripcount' 'speclooptripcount_ln470' <Predicate = true> <Delay = 0.00>
ST_3 : Operation 41 [1/1] (0.00ns)   --->   "%specloopname_ln470 = specloopname void @_ssdm_op_SpecLoopName, void @empty_470" [source/int4_decoder_controller.cpp:470]   --->   Operation 41 'specloopname' 'specloopname_ln470' <Predicate = true> <Delay = 0.00>
ST_3 : Operation 42 [1/1] (0.00ns)   --->   "%residual_buffer0_addr = getelementptr i512 %residual_buffer0, i64 0, i64 %zext_ln471" [source/int4_decoder_controller.cpp:474]   --->   Operation 42 'getelementptr' 'residual_buffer0_addr' <Predicate = true> <Delay = 0.00>
ST_3 : Operation 43 [1/1] (1.20ns)   --->   "%store_ln474 = store i512 %gmem0_addr_read, i6 %residual_buffer0_addr" [source/int4_decoder_controller.cpp:474]   --->   Operation 43 'store' 'store_ln474' <Predicate = true> <Delay = 1.20> <CoreInst = "RAM_2P_BRAM">   --->   Core 94 'RAM_2P_BRAM' <Latency = 1> <II = 1> <Delay = 1.20> <Storage> <Opcode : 'load' 'store'> <Ports = 2> <Width = 512> <Depth = 64> <RAM>
ST_3 : Operation 44 [1/1] (0.00ns)   --->   "%residual_buffer1_addr = getelementptr i512 %residual_buffer1, i64 0, i64 %zext_ln471" [source/int4_decoder_controller.cpp:475]   --->   Operation 44 'getelementptr' 'residual_buffer1_addr' <Predicate = true> <Delay = 0.00>
ST_3 : Operation 45 [1/1] (1.20ns)   --->   "%store_ln475 = store i512 %gmem1_addr_read, i6 %residual_buffer1_addr" [source/int4_decoder_controller.cpp:475]   --->   Operation 45 'store' 'store_ln475' <Predicate = true> <Delay = 1.20> <CoreInst = "RAM_2P_BRAM">   --->   Core 94 'RAM_2P_BRAM' <Latency = 1> <II = 1> <Delay = 1.20> <Storage> <Opcode : 'load' 'store'> <Ports = 2> <Width = 512> <Depth = 64> <RAM>
ST_3 : Operation 46 [1/1] (0.00ns)   --->   "%residual_buffer2_addr = getelementptr i512 %residual_buffer2, i64 0, i64 %zext_ln471" [source/int4_decoder_controller.cpp:476]   --->   Operation 46 'getelementptr' 'residual_buffer2_addr' <Predicate = true> <Delay = 0.00>
ST_3 : Operation 47 [1/1] (1.20ns)   --->   "%store_ln476 = store i512 %gmem2_addr_read, i6 %residual_buffer2_addr" [source/int4_decoder_controller.cpp:476]   --->   Operation 47 'store' 'store_ln476' <Predicate = true> <Delay = 1.20> <CoreInst = "RAM_2P_BRAM">   --->   Core 94 'RAM_2P_BRAM' <Latency = 1> <II = 1> <Delay = 1.20> <Storage> <Opcode : 'load' 'store'> <Ports = 2> <Width = 512> <Depth = 64> <RAM>
ST_3 : Operation 48 [1/1] (0.00ns)   --->   "%residual_buffer3_addr = getelementptr i512 %residual_buffer3, i64 0, i64 %zext_ln471" [source/int4_decoder_controller.cpp:477]   --->   Operation 48 'getelementptr' 'residual_buffer3_addr' <Predicate = true> <Delay = 0.00>
ST_3 : Operation 49 [1/1] (1.20ns)   --->   "%store_ln477 = store i512 %gmem3_addr_read, i6 %residual_buffer3_addr" [source/int4_decoder_controller.cpp:477]   --->   Operation 49 'store' 'store_ln477' <Predicate = true> <Delay = 1.20> <CoreInst = "RAM_2P_BRAM">   --->   Core 94 'RAM_2P_BRAM' <Latency = 1> <II = 1> <Delay = 1.20> <Storage> <Opcode : 'load' 'store'> <Ports = 2> <Width = 512> <Depth = 64> <RAM>
ST_3 : Operation 50 [1/1] (0.00ns)   --->   "%br_ln470 = br void %for.inc" [source/int4_decoder_controller.cpp:470]   --->   Operation 50 'br' 'br_ln470' <Predicate = true> <Delay = 0.00>


============================================================
+ Verbose Summary: Binding
============================================================
STG Binding: 
---------------- STG Properties BEGIN ----------------
- Is combinational: 0
- Is one-state seq: 0
- Is datapath-only: 0
- Is pipelined: 0
- Is top level: 0
Port [ Return ] is wired: 1; IO mode=ap_ctrl_hs:ce=0
Port [ gmem0]:  wired=1; compound=1; hidden=0; nouse=0; global=0; static=0; extern=0; dir=0; type=4; pingpong=0; private_global=0; IO mode=m_axi:ce=0
Port [ sext_ln470]:  wired=1; compound=0; hidden=0; nouse=0; global=0; static=0; extern=0; dir=0; type=0; pingpong=0; private_global=0; IO mode=ap_none:ce=0
Port [ gmem1]:  wired=1; compound=1; hidden=0; nouse=0; global=0; static=0; extern=0; dir=0; type=4; pingpong=0; private_global=0; IO mode=m_axi:ce=0
Port [ sext_ln470_1]:  wired=1; compound=0; hidden=0; nouse=0; global=0; static=0; extern=0; dir=0; type=0; pingpong=0; private_global=0; IO mode=ap_none:ce=0
Port [ gmem2]:  wired=1; compound=1; hidden=0; nouse=0; global=0; static=0; extern=0; dir=0; type=4; pingpong=0; private_global=0; IO mode=m_axi:ce=0
Port [ sext_ln470_2]:  wired=1; compound=0; hidden=0; nouse=0; global=0; static=0; extern=0; dir=0; type=0; pingpong=0; private_global=0; IO mode=ap_none:ce=0
Port [ gmem3]:  wired=1; compound=1; hidden=0; nouse=0; global=0; static=0; extern=0; dir=0; type=4; pingpong=0; private_global=0; IO mode=m_axi:ce=0
Port [ sext_ln470_3]:  wired=1; compound=0; hidden=0; nouse=0; global=0; static=0; extern=0; dir=0; type=0; pingpong=0; private_global=0; IO mode=ap_none:ce=0
Port [ residual_buffer0]:  wired=1; compound=1; hidden=0; nouse=0; global=0; static=0; extern=0; dir=1; type=1; pingpong=0; private_global=0; MemPort=[30]; IO mode=ap_memory:ce=0
Port [ residual_buffer1]:  wired=1; compound=1; hidden=0; nouse=0; global=0; static=0; extern=0; dir=1; type=1; pingpong=0; private_global=0; MemPort=[30]; IO mode=ap_memory:ce=0
Port [ residual_buffer2]:  wired=1; compound=1; hidden=0; nouse=0; global=0; static=0; extern=0; dir=1; type=1; pingpong=0; private_global=0; MemPort=[30]; IO mode=ap_memory:ce=0
Port [ residual_buffer3]:  wired=1; compound=1; hidden=0; nouse=0; global=0; static=0; extern=0; dir=1; type=1; pingpong=0; private_global=0; MemPort=[30]; IO mode=ap_memory:ce=0
---------------- STG Properties END ------------------

---------------- Datapath Model BEGIN ----------------

<LifeTime>
<method=bitvector/>
word                    (alloca           ) [ 0100]
sext_ln470_3_read       (read             ) [ 0000]
sext_ln470_2_read       (read             ) [ 0000]
sext_ln470_1_read       (read             ) [ 0000]
sext_ln470_read         (read             ) [ 0000]
sext_ln470_3_cast       (sext             ) [ 0110]
sext_ln470_2_cast       (sext             ) [ 0110]
sext_ln470_1_cast       (sext             ) [ 0110]
sext_ln470_cast         (sext             ) [ 0110]
specmemcore_ln0         (specmemcore      ) [ 0000]
specmemcore_ln0         (specmemcore      ) [ 0000]
specmemcore_ln0         (specmemcore      ) [ 0000]
specmemcore_ln0         (specmemcore      ) [ 0000]
specinterface_ln0       (specinterface    ) [ 0000]
specinterface_ln0       (specinterface    ) [ 0000]
specinterface_ln0       (specinterface    ) [ 0000]
specinterface_ln0       (specinterface    ) [ 0000]
store_ln470             (store            ) [ 0000]
br_ln0                  (br               ) [ 0000]
word_25                 (load             ) [ 0111]
icmp_ln471              (icmp             ) [ 0110]
add_ln472               (add              ) [ 0000]
br_ln470                (br               ) [ 0000]
store_ln470             (store            ) [ 0000]
gmem0_addr              (getelementptr    ) [ 0000]
gmem1_addr              (getelementptr    ) [ 0000]
gmem2_addr              (getelementptr    ) [ 0000]
gmem3_addr              (getelementptr    ) [ 0000]
gmem0_addr_read         (read             ) [ 0101]
gmem1_addr_read         (read             ) [ 0101]
gmem2_addr_read         (read             ) [ 0101]
gmem3_addr_read         (read             ) [ 0101]
zext_ln471              (zext             ) [ 0000]
specpipeline_ln473      (specpipeline     ) [ 0000]
speclooptripcount_ln470 (speclooptripcount) [ 0000]
specloopname_ln470      (specloopname     ) [ 0000]
residual_buffer0_addr   (getelementptr    ) [ 0000]
store_ln474             (store            ) [ 0000]
residual_buffer1_addr   (getelementptr    ) [ 0000]
store_ln475             (store            ) [ 0000]
residual_buffer2_addr   (getelementptr    ) [ 0000]
store_ln476             (store            ) [ 0000]
residual_buffer3_addr   (getelementptr    ) [ 0000]
store_ln477             (store            ) [ 0000]
br_ln470                (br               ) [ 0000]
ret_ln0                 (ret              ) [ 0000]
</LifeTime>

<model>

<comp_list>
<comp id="0" class="1000" name="gmem0">
<pin_list>
<pin id="1" dir="1" index="0" bw="1" slack="0"/>
</pin_list>
<bind>
<StgValue><ssdm name="gmem0"/></StgValue>
</bind>
</comp>

<comp id="2" class="1000" name="sext_ln470">
<pin_list>
<pin id="3" dir="1" index="0" bw="1" slack="0"/>
</pin_list>
<bind>
<StgValue><ssdm name="sext_ln470"/></StgValue>
</bind>
</comp>

<comp id="4" class="1000" name="gmem1">
<pin_list>
<pin id="5" dir="1" index="0" bw="1" slack="0"/>
</pin_list>
<bind>
<StgValue><ssdm name="gmem1"/></StgValue>
</bind>
</comp>

<comp id="6" class="1000" name="sext_ln470_1">
<pin_list>
<pin id="7" dir="1" index="0" bw="1" slack="0"/>
</pin_list>
<bind>
<StgValue><ssdm name="sext_ln470_1"/></StgValue>
</bind>
</comp>

<comp id="8" class="1000" name="gmem2">
<pin_list>
<pin id="9" dir="1" index="0" bw="1" slack="0"/>
</pin_list>
<bind>
<StgValue><ssdm name="gmem2"/></StgValue>
</bind>
</comp>

<comp id="10" class="1000" name="sext_ln470_2">
<pin_list>
<pin id="11" dir="1" index="0" bw="1" slack="0"/>
</pin_list>
<bind>
<StgValue><ssdm name="sext_ln470_2"/></StgValue>
</bind>
</comp>

<comp id="12" class="1000" name="gmem3">
<pin_list>
<pin id="13" dir="1" index="0" bw="1" slack="0"/>
</pin_list>
<bind>
<StgValue><ssdm name="gmem3"/></StgValue>
</bind>
</comp>

<comp id="14" class="1000" name="sext_ln470_3">
<pin_list>
<pin id="15" dir="1" index="0" bw="1" slack="0"/>
</pin_list>
<bind>
<StgValue><ssdm name="sext_ln470_3"/></StgValue>
</bind>
</comp>

<comp id="16" class="1000" name="residual_buffer0">
<pin_list>
<pin id="17" dir="1" index="0" bw="1" slack="0"/>
</pin_list>
<bind>
<StgValue><ssdm name="residual_buffer0"/><MemPortTyVec>3 0 </MemPortTyVec>
</StgValue>
</bind>
</comp>

<comp id="18" class="1000" name="residual_buffer1">
<pin_list>
<pin id="19" dir="1" index="0" bw="1" slack="0"/>
</pin_list>
<bind>
<StgValue><ssdm name="residual_buffer1"/><MemPortTyVec>3 0 </MemPortTyVec>
</StgValue>
</bind>
</comp>

<comp id="20" class="1000" name="residual_buffer2">
<pin_list>
<pin id="21" dir="1" index="0" bw="1" slack="0"/>
</pin_list>
<bind>
<StgValue><ssdm name="residual_buffer2"/><MemPortTyVec>3 0 </MemPortTyVec>
</StgValue>
</bind>
</comp>

<comp id="22" class="1000" name="residual_buffer3">
<pin_list>
<pin id="23" dir="1" index="0" bw="1" slack="0"/>
</pin_list>
<bind>
<StgValue><ssdm name="residual_buffer3"/><MemPortTyVec>3 0 </MemPortTyVec>
</StgValue>
</bind>
</comp>

<comp id="24" class="1001" name="const_24">
<pin_list>
<pin id="25" dir="1" index="0" bw="1" slack="0"/>
</pin_list>
<bind>
<StgValue><ssdm name=""/></StgValue>
</bind>
</comp>

<comp id="26" class="1001" name="const_26">
<pin_list>
<pin id="27" dir="1" index="0" bw="1" slack="0"/>
</pin_list>
<bind>
<StgValue><ssdm name="_ssdm_op_Read.ap_auto.i58"/></StgValue>
</bind>
</comp>

<comp id="28" class="1001" name="const_28">
<pin_list>
<pin id="29" dir="1" index="0" bw="1" slack="2147483647"/>
</pin_list>
<bind>
<StgValue><ssdm name="_ssdm_op_SpecMemCore"/></StgValue>
</bind>
</comp>

<comp id="30" class="1001" name="const_30">
<pin_list>
<pin id="31" dir="1" index="0" bw="1" slack="2147483647"/>
</pin_list>
<bind>
<StgValue><ssdm name=""/></StgValue>
</bind>
</comp>

<comp id="32" class="1001" name="const_32">
<pin_list>
<pin id="33" dir="1" index="0" bw="1" slack="2147483647"/>
</pin_list>
<bind>
<StgValue><ssdm name=""/></StgValue>
</bind>
</comp>

<comp id="34" class="1001" name="const_34">
<pin_list>
<pin id="35" dir="1" index="0" bw="1" slack="2147483647"/>
</pin_list>
<bind>
<StgValue><ssdm name=""/></StgValue>
</bind>
</comp>

<comp id="36" class="1001" name="const_36">
<pin_list>
<pin id="37" dir="1" index="0" bw="1" slack="2147483647"/>
</pin_list>
<bind>
<StgValue><ssdm name="_ssdm_op_SpecInterface"/></StgValue>
</bind>
</comp>

<comp id="38" class="1001" name="const_38">
<pin_list>
<pin id="39" dir="1" index="0" bw="1" slack="2147483647"/>
</pin_list>
<bind>
<StgValue><ssdm name="empty_417"/></StgValue>
</bind>
</comp>

<comp id="40" class="1001" name="const_40">
<pin_list>
<pin id="41" dir="1" index="0" bw="1" slack="2147483647"/>
</pin_list>
<bind>
<StgValue><ssdm name=""/></StgValue>
</bind>
</comp>

<comp id="42" class="1001" name="const_42">
<pin_list>
<pin id="43" dir="1" index="0" bw="1" slack="2147483647"/>
</pin_list>
<bind>
<StgValue><ssdm name="empty_418"/></StgValue>
</bind>
</comp>

<comp id="44" class="1001" name="const_44">
<pin_list>
<pin id="45" dir="1" index="0" bw="1" slack="2147483647"/>
</pin_list>
<bind>
<StgValue><ssdm name=""/></StgValue>
</bind>
</comp>

<comp id="46" class="1001" name="const_46">
<pin_list>
<pin id="47" dir="1" index="0" bw="1" slack="2147483647"/>
</pin_list>
<bind>
<StgValue><ssdm name=""/></StgValue>
</bind>
</comp>

<comp id="48" class="1001" name="const_48">
<pin_list>
<pin id="49" dir="1" index="0" bw="1" slack="2147483647"/>
</pin_list>
<bind>
<StgValue><ssdm name="empty_419"/></StgValue>
</bind>
</comp>

<comp id="50" class="1001" name="const_50">
<pin_list>
<pin id="51" dir="1" index="0" bw="1" slack="2147483647"/>
</pin_list>
<bind>
<StgValue><ssdm name="empty_420"/></StgValue>
</bind>
</comp>

<comp id="52" class="1001" name="const_52">
<pin_list>
<pin id="53" dir="1" index="0" bw="1" slack="2147483647"/>
</pin_list>
<bind>
<StgValue><ssdm name=""/></StgValue>
</bind>
</comp>

<comp id="54" class="1001" name="const_54">
<pin_list>
<pin id="55" dir="1" index="0" bw="1" slack="2147483647"/>
</pin_list>
<bind>
<StgValue><ssdm name=""/></StgValue>
</bind>
</comp>

<comp id="56" class="1001" name="const_56">
<pin_list>
<pin id="57" dir="1" index="0" bw="1" slack="2147483647"/>
</pin_list>
<bind>
<StgValue><ssdm name=""/></StgValue>
</bind>
</comp>

<comp id="58" class="1001" name="const_58">
<pin_list>
<pin id="59" dir="1" index="0" bw="1" slack="2147483647"/>
</pin_list>
<bind>
<StgValue><ssdm name=""/></StgValue>
</bind>
</comp>

<comp id="60" class="1001" name="const_60">
<pin_list>
<pin id="61" dir="1" index="0" bw="1" slack="2147483647"/>
</pin_list>
<bind>
<StgValue><ssdm name="empty_421"/></StgValue>
</bind>
</comp>

<comp id="62" class="1001" name="const_62">
<pin_list>
<pin id="63" dir="1" index="0" bw="1" slack="2147483647"/>
</pin_list>
<bind>
<StgValue><ssdm name="empty_422"/></StgValue>
</bind>
</comp>

<comp id="64" class="1001" name="const_64">
<pin_list>
<pin id="65" dir="1" index="0" bw="1" slack="2147483647"/>
</pin_list>
<bind>
<StgValue><ssdm name="empty_423"/></StgValue>
</bind>
</comp>

<comp id="66" class="1001" name="const_66">
<pin_list>
<pin id="67" dir="1" index="0" bw="1" slack="0"/>
</pin_list>
<bind>
<StgValue><ssdm name=""/></StgValue>
</bind>
</comp>

<comp id="68" class="1001" name="const_68">
<pin_list>
<pin id="69" dir="1" index="0" bw="1" slack="0"/>
</pin_list>
<bind>
<StgValue><ssdm name=""/></StgValue>
</bind>
</comp>

<comp id="70" class="1001" name="const_70">
<pin_list>
<pin id="71" dir="1" index="0" bw="1" slack="0"/>
</pin_list>
<bind>
<StgValue><ssdm name=""/></StgValue>
</bind>
</comp>

<comp id="72" class="1001" name="const_72">
<pin_list>
<pin id="73" dir="1" index="0" bw="1" slack="0"/>
</pin_list>
<bind>
<StgValue><ssdm name="_ssdm_op_Read.m_axi.p1i512"/></StgValue>
</bind>
</comp>

<comp id="74" class="1001" name="const_74">
<pin_list>
<pin id="75" dir="1" index="0" bw="1" slack="2147483647"/>
</pin_list>
<bind>
<StgValue><ssdm name="_ssdm_op_SpecPipeline"/></StgValue>
</bind>
</comp>

<comp id="76" class="1001" name="const_76">
<pin_list>
<pin id="77" dir="1" index="0" bw="1" slack="2147483647"/>
</pin_list>
<bind>
<StgValue><ssdm name="_ssdm_op_SpecLoopTripCount"/></StgValue>
</bind>
</comp>

<comp id="78" class="1001" name="const_78">
<pin_list>
<pin id="79" dir="1" index="0" bw="1" slack="2147483647"/>
</pin_list>
<bind>
<StgValue><ssdm name=""/></StgValue>
</bind>
</comp>

<comp id="80" class="1001" name="const_80">
<pin_list>
<pin id="81" dir="1" index="0" bw="1" slack="2147483647"/>
</pin_list>
<bind>
<StgValue><ssdm name="_ssdm_op_SpecLoopName"/></StgValue>
</bind>
</comp>

<comp id="82" class="1001" name="const_82">
<pin_list>
<pin id="83" dir="1" index="0" bw="1" slack="2147483647"/>
</pin_list>
<bind>
<StgValue><ssdm name="empty_470"/></StgValue>
</bind>
</comp>

<comp id="84" class="1001" name="const_84">
<pin_list>
<pin id="85" dir="1" index="0" bw="1" slack="0"/>
</pin_list>
<bind>
<StgValue><ssdm name=""/></StgValue>
</bind>
</comp>

<comp id="86" class="1004" name="word_fu_86">
<pin_list>
<pin id="87" dir="0" index="0" bw="1" slack="0"/>
<pin id="88" dir="1" index="1" bw="7" slack="0"/>
</pin_list>
<bind>
<opcode="alloca(26) " fcode="alloca"/>
<opset="word/1 "/>
</bind>
</comp>

<comp id="90" class="1004" name="sext_ln470_3_read_read_fu_90">
<pin_list>
<pin id="91" dir="0" index="0" bw="58" slack="0"/>
<pin id="92" dir="0" index="1" bw="58" slack="0"/>
<pin id="93" dir="1" index="2" bw="58" slack="0"/>
</pin_list>
<bind>
<opcode="read(1150) " fcode="read"/>
<opset="sext_ln470_3_read/1 "/>
</bind>
</comp>

<comp id="96" class="1004" name="sext_ln470_2_read_read_fu_96">
<pin_list>
<pin id="97" dir="0" index="0" bw="58" slack="0"/>
<pin id="98" dir="0" index="1" bw="58" slack="0"/>
<pin id="99" dir="1" index="2" bw="58" slack="0"/>
</pin_list>
<bind>
<opcode="read(1150) " fcode="read"/>
<opset="sext_ln470_2_read/1 "/>
</bind>
</comp>

<comp id="102" class="1004" name="sext_ln470_1_read_read_fu_102">
<pin_list>
<pin id="103" dir="0" index="0" bw="58" slack="0"/>
<pin id="104" dir="0" index="1" bw="58" slack="0"/>
<pin id="105" dir="1" index="2" bw="58" slack="0"/>
</pin_list>
<bind>
<opcode="read(1150) " fcode="read"/>
<opset="sext_ln470_1_read/1 "/>
</bind>
</comp>

<comp id="108" class="1004" name="sext_ln470_read_read_fu_108">
<pin_list>
<pin id="109" dir="0" index="0" bw="58" slack="0"/>
<pin id="110" dir="0" index="1" bw="58" slack="0"/>
<pin id="111" dir="1" index="2" bw="58" slack="0"/>
</pin_list>
<bind>
<opcode="read(1150) " fcode="read"/>
<opset="sext_ln470_read/1 "/>
</bind>
</comp>

<comp id="114" class="1004" name="gmem0_addr_read_read_fu_114">
<pin_list>
<pin id="115" dir="0" index="0" bw="512" slack="0"/>
<pin id="116" dir="0" index="1" bw="512" slack="0"/>
<pin id="117" dir="1" index="2" bw="512" slack="1"/>
</pin_list>
<bind>
<opcode="read(1150) " fcode="read"/>
<opset="gmem0_addr_read/2 "/>
</bind>
</comp>

<comp id="119" class="1004" name="gmem1_addr_read_read_fu_119">
<pin_list>
<pin id="120" dir="0" index="0" bw="512" slack="0"/>
<pin id="121" dir="0" index="1" bw="512" slack="0"/>
<pin id="122" dir="1" index="2" bw="512" slack="1"/>
</pin_list>
<bind>
<opcode="read(1150) " fcode="read"/>
<opset="gmem1_addr_read/2 "/>
</bind>
</comp>

<comp id="124" class="1004" name="gmem2_addr_read_read_fu_124">
<pin_list>
<pin id="125" dir="0" index="0" bw="512" slack="0"/>
<pin id="126" dir="0" index="1" bw="512" slack="0"/>
<pin id="127" dir="1" index="2" bw="512" slack="1"/>
</pin_list>
<bind>
<opcode="read(1150) " fcode="read"/>
<opset="gmem2_addr_read/2 "/>
</bind>
</comp>

<comp id="129" class="1004" name="gmem3_addr_read_read_fu_129">
<pin_list>
<pin id="130" dir="0" index="0" bw="512" slack="0"/>
<pin id="131" dir="0" index="1" bw="512" slack="0"/>
<pin id="132" dir="1" index="2" bw="512" slack="1"/>
</pin_list>
<bind>
<opcode="read(1150) " fcode="read"/>
<opset="gmem3_addr_read/2 "/>
</bind>
</comp>

<comp id="134" class="1004" name="residual_buffer0_addr_gep_fu_134">
<pin_list>
<pin id="135" dir="0" index="0" bw="512" slack="0"/>
<pin id="136" dir="0" index="1" bw="1" slack="0"/>
<pin id="137" dir="0" index="2" bw="7" slack="0"/>
<pin id="138" dir="1" index="3" bw="6" slack="0"/>
</pin_list>
<bind>
<opcode="getelementptr(29) " fcode="getelementptr"/>
<opset="residual_buffer0_addr/3 "/>
</bind>
</comp>

<comp id="141" class="1004" name="store_ln474_access_fu_141">
<pin_list>
<pin id="142" dir="0" index="0" bw="6" slack="2147483647"/>
<pin id="143" dir="0" index="1" bw="512" slack="2147483647"/>
<pin id="144" dir="0" index="2" bw="0" slack="0"/>
<pin id="146" dir="0" index="4" bw="6" slack="1"/>
<pin id="147" dir="0" index="5" bw="512" slack="2147483647"/>
<pin id="148" dir="0" index="6" bw="0" slack="2147483647"/>
<pin id="145" dir="1" index="3" bw="512" slack="2147483647"/>
<pin id="149" dir="1" index="7" bw="512" slack="2147483647"/>
</pin_list>
<bind>
<opcode="store(28) " fcode="store"/>
<opset="store_ln474/3 "/>
</bind>
</comp>

<comp id="151" class="1004" name="residual_buffer1_addr_gep_fu_151">
<pin_list>
<pin id="152" dir="0" index="0" bw="512" slack="0"/>
<pin id="153" dir="0" index="1" bw="1" slack="0"/>
<pin id="154" dir="0" index="2" bw="7" slack="0"/>
<pin id="155" dir="1" index="3" bw="6" slack="0"/>
</pin_list>
<bind>
<opcode="getelementptr(29) " fcode="getelementptr"/>
<opset="residual_buffer1_addr/3 "/>
</bind>
</comp>

<comp id="158" class="1004" name="store_ln475_access_fu_158">
<pin_list>
<pin id="159" dir="0" index="0" bw="6" slack="2147483647"/>
<pin id="160" dir="0" index="1" bw="512" slack="2147483647"/>
<pin id="161" dir="0" index="2" bw="0" slack="0"/>
<pin id="163" dir="0" index="4" bw="6" slack="1"/>
<pin id="164" dir="0" index="5" bw="512" slack="2147483647"/>
<pin id="165" dir="0" index="6" bw="0" slack="2147483647"/>
<pin id="162" dir="1" index="3" bw="512" slack="2147483647"/>
<pin id="166" dir="1" index="7" bw="512" slack="2147483647"/>
</pin_list>
<bind>
<opcode="store(28) " fcode="store"/>
<opset="store_ln475/3 "/>
</bind>
</comp>

<comp id="168" class="1004" name="residual_buffer2_addr_gep_fu_168">
<pin_list>
<pin id="169" dir="0" index="0" bw="512" slack="0"/>
<pin id="170" dir="0" index="1" bw="1" slack="0"/>
<pin id="171" dir="0" index="2" bw="7" slack="0"/>
<pin id="172" dir="1" index="3" bw="6" slack="0"/>
</pin_list>
<bind>
<opcode="getelementptr(29) " fcode="getelementptr"/>
<opset="residual_buffer2_addr/3 "/>
</bind>
</comp>

<comp id="175" class="1004" name="store_ln476_access_fu_175">
<pin_list>
<pin id="176" dir="0" index="0" bw="6" slack="2147483647"/>
<pin id="177" dir="0" index="1" bw="512" slack="2147483647"/>
<pin id="178" dir="0" index="2" bw="0" slack="0"/>
<pin id="180" dir="0" index="4" bw="6" slack="1"/>
<pin id="181" dir="0" index="5" bw="512" slack="2147483647"/>
<pin id="182" dir="0" index="6" bw="0" slack="2147483647"/>
<pin id="179" dir="1" index="3" bw="512" slack="2147483647"/>
<pin id="183" dir="1" index="7" bw="512" slack="2147483647"/>
</pin_list>
<bind>
<opcode="store(28) " fcode="store"/>
<opset="store_ln476/3 "/>
</bind>
</comp>

<comp id="185" class="1004" name="residual_buffer3_addr_gep_fu_185">
<pin_list>
<pin id="186" dir="0" index="0" bw="512" slack="0"/>
<pin id="187" dir="0" index="1" bw="1" slack="0"/>
<pin id="188" dir="0" index="2" bw="7" slack="0"/>
<pin id="189" dir="1" index="3" bw="6" slack="0"/>
</pin_list>
<bind>
<opcode="getelementptr(29) " fcode="getelementptr"/>
<opset="residual_buffer3_addr/3 "/>
</bind>
</comp>

<comp id="192" class="1004" name="store_ln477_access_fu_192">
<pin_list>
<pin id="193" dir="0" index="0" bw="6" slack="2147483647"/>
<pin id="194" dir="0" index="1" bw="512" slack="2147483647"/>
<pin id="195" dir="0" index="2" bw="0" slack="0"/>
<pin id="197" dir="0" index="4" bw="6" slack="1"/>
<pin id="198" dir="0" index="5" bw="512" slack="2147483647"/>
<pin id="199" dir="0" index="6" bw="0" slack="2147483647"/>
<pin id="196" dir="1" index="3" bw="512" slack="2147483647"/>
<pin id="200" dir="1" index="7" bw="512" slack="2147483647"/>
</pin_list>
<bind>
<opcode="store(28) " fcode="store"/>
<opset="store_ln477/3 "/>
</bind>
</comp>

<comp id="202" class="1004" name="sext_ln470_3_cast_fu_202">
<pin_list>
<pin id="203" dir="0" index="0" bw="58" slack="0"/>
<pin id="204" dir="1" index="1" bw="64" slack="1"/>
</pin_list>
<bind>
<opcode="sext(35) " fcode="sext"/>
<opset="sext_ln470_3_cast/1 "/>
</bind>
</comp>

<comp id="206" class="1004" name="sext_ln470_2_cast_fu_206">
<pin_list>
<pin id="207" dir="0" index="0" bw="58" slack="0"/>
<pin id="208" dir="1" index="1" bw="64" slack="1"/>
</pin_list>
<bind>
<opcode="sext(35) " fcode="sext"/>
<opset="sext_ln470_2_cast/1 "/>
</bind>
</comp>

<comp id="210" class="1004" name="sext_ln470_1_cast_fu_210">
<pin_list>
<pin id="211" dir="0" index="0" bw="58" slack="0"/>
<pin id="212" dir="1" index="1" bw="64" slack="1"/>
</pin_list>
<bind>
<opcode="sext(35) " fcode="sext"/>
<opset="sext_ln470_1_cast/1 "/>
</bind>
</comp>

<comp id="214" class="1004" name="sext_ln470_cast_fu_214">
<pin_list>
<pin id="215" dir="0" index="0" bw="58" slack="0"/>
<pin id="216" dir="1" index="1" bw="64" slack="1"/>
</pin_list>
<bind>
<opcode="sext(35) " fcode="sext"/>
<opset="sext_ln470_cast/1 "/>
</bind>
</comp>

<comp id="218" class="1004" name="store_ln470_store_fu_218">
<pin_list>
<pin id="219" dir="0" index="0" bw="1" slack="0"/>
<pin id="220" dir="0" index="1" bw="7" slack="0"/>
<pin id="221" dir="1" index="2" bw="0" slack="2147483647"/>
</pin_list>
<bind>
<opcode="store(28) " fcode="store"/>
<opset="store_ln470/1 "/>
</bind>
</comp>

<comp id="223" class="1004" name="word_25_load_fu_223">
<pin_list>
<pin id="224" dir="0" index="0" bw="7" slack="0"/>
<pin id="225" dir="1" index="1" bw="7" slack="0"/>
</pin_list>
<bind>
<opcode="load(27) " fcode="load"/>
<opset="word_25/1 "/>
</bind>
</comp>

<comp id="226" class="1004" name="icmp_ln471_fu_226">
<pin_list>
<pin id="227" dir="0" index="0" bw="7" slack="0"/>
<pin id="228" dir="0" index="1" bw="7" slack="0"/>
<pin id="229" dir="1" index="2" bw="1" slack="1"/>
</pin_list>
<bind>
<opcode="icmp(45) " fcode="icmp"/>
<opset="icmp_ln471/1 "/>
</bind>
</comp>

<comp id="232" class="1004" name="add_ln472_fu_232">
<pin_list>
<pin id="233" dir="0" index="0" bw="7" slack="0"/>
<pin id="234" dir="0" index="1" bw="1" slack="0"/>
<pin id="235" dir="1" index="2" bw="7" slack="0"/>
</pin_list>
<bind>
<opcode="add(8) " fcode="add"/>
<opset="add_ln472/1 "/>
</bind>
</comp>

<comp id="238" class="1004" name="store_ln470_store_fu_238">
<pin_list>
<pin id="239" dir="0" index="0" bw="7" slack="0"/>
<pin id="240" dir="0" index="1" bw="7" slack="0"/>
<pin id="241" dir="1" index="2" bw="0" slack="2147483647"/>
</pin_list>
<bind>
<opcode="store(28) " fcode="store"/>
<opset="store_ln470/1 "/>
</bind>
</comp>

<comp id="243" class="1004" name="gmem0_addr_fu_243">
<pin_list>
<pin id="244" dir="0" index="0" bw="512" slack="0"/>
<pin id="245" dir="0" index="1" bw="58" slack="1"/>
<pin id="246" dir="1" index="2" bw="512" slack="0"/>
</pin_list>
<bind>
<opcode="getelementptr(29) " fcode="getelementptr"/>
<opset="gmem0_addr/2 "/>
</bind>
</comp>

<comp id="249" class="1004" name="gmem1_addr_fu_249">
<pin_list>
<pin id="250" dir="0" index="0" bw="512" slack="0"/>
<pin id="251" dir="0" index="1" bw="58" slack="1"/>
<pin id="252" dir="1" index="2" bw="512" slack="0"/>
</pin_list>
<bind>
<opcode="getelementptr(29) " fcode="getelementptr"/>
<opset="gmem1_addr/2 "/>
</bind>
</comp>

<comp id="255" class="1004" name="gmem2_addr_fu_255">
<pin_list>
<pin id="256" dir="0" index="0" bw="512" slack="0"/>
<pin id="257" dir="0" index="1" bw="58" slack="1"/>
<pin id="258" dir="1" index="2" bw="512" slack="0"/>
</pin_list>
<bind>
<opcode="getelementptr(29) " fcode="getelementptr"/>
<opset="gmem2_addr/2 "/>
</bind>
</comp>

<comp id="261" class="1004" name="gmem3_addr_fu_261">
<pin_list>
<pin id="262" dir="0" index="0" bw="512" slack="0"/>
<pin id="263" dir="0" index="1" bw="58" slack="1"/>
<pin id="264" dir="1" index="2" bw="512" slack="0"/>
</pin_list>
<bind>
<opcode="getelementptr(29) " fcode="getelementptr"/>
<opset="gmem3_addr/2 "/>
</bind>
</comp>

<comp id="267" class="1004" name="zext_ln471_fu_267">
<pin_list>
<pin id="268" dir="0" index="0" bw="7" slack="2"/>
<pin id="269" dir="1" index="1" bw="64" slack="0"/>
</pin_list>
<bind>
<opcode="zext(34) " fcode="zext"/>
<opset="zext_ln471/3 "/>
</bind>
</comp>

<comp id="274" class="1005" name="word_reg_274">
<pin_list>
<pin id="275" dir="0" index="0" bw="7" slack="0"/>
<pin id="276" dir="1" index="1" bw="7" slack="0"/>
</pin_list>
<bind>
<opset="word "/>
</bind>
</comp>

<comp id="281" class="1005" name="sext_ln470_3_cast_reg_281">
<pin_list>
<pin id="282" dir="0" index="0" bw="64" slack="1"/>
<pin id="283" dir="1" index="1" bw="64" slack="1"/>
</pin_list>
<bind>
<opset="sext_ln470_3_cast "/>
</bind>
</comp>

<comp id="286" class="1005" name="sext_ln470_2_cast_reg_286">
<pin_list>
<pin id="287" dir="0" index="0" bw="64" slack="1"/>
<pin id="288" dir="1" index="1" bw="64" slack="1"/>
</pin_list>
<bind>
<opset="sext_ln470_2_cast "/>
</bind>
</comp>

<comp id="291" class="1005" name="sext_ln470_1_cast_reg_291">
<pin_list>
<pin id="292" dir="0" index="0" bw="64" slack="1"/>
<pin id="293" dir="1" index="1" bw="64" slack="1"/>
</pin_list>
<bind>
<opset="sext_ln470_1_cast "/>
</bind>
</comp>

<comp id="296" class="1005" name="sext_ln470_cast_reg_296">
<pin_list>
<pin id="297" dir="0" index="0" bw="64" slack="1"/>
<pin id="298" dir="1" index="1" bw="64" slack="1"/>
</pin_list>
<bind>
<opset="sext_ln470_cast "/>
</bind>
</comp>

<comp id="301" class="1005" name="word_25_reg_301">
<pin_list>
<pin id="302" dir="0" index="0" bw="7" slack="2"/>
<pin id="303" dir="1" index="1" bw="7" slack="2"/>
</pin_list>
<bind>
<opset="word_25 "/>
</bind>
</comp>

<comp id="306" class="1005" name="icmp_ln471_reg_306">
<pin_list>
<pin id="307" dir="0" index="0" bw="1" slack="1"/>
<pin id="308" dir="1" index="1" bw="1" slack="2147483647"/>
</pin_list>
<bind>
<opset="icmp_ln471 "/>
</bind>
</comp>

<comp id="310" class="1005" name="gmem0_addr_read_reg_310">
<pin_list>
<pin id="311" dir="0" index="0" bw="512" slack="1"/>
<pin id="312" dir="1" index="1" bw="512" slack="1"/>
</pin_list>
<bind>
<opset="gmem0_addr_read "/>
</bind>
</comp>

<comp id="315" class="1005" name="gmem1_addr_read_reg_315">
<pin_list>
<pin id="316" dir="0" index="0" bw="512" slack="1"/>
<pin id="317" dir="1" index="1" bw="512" slack="1"/>
</pin_list>
<bind>
<opset="gmem1_addr_read "/>
</bind>
</comp>

<comp id="320" class="1005" name="gmem2_addr_read_reg_320">
<pin_list>
<pin id="321" dir="0" index="0" bw="512" slack="1"/>
<pin id="322" dir="1" index="1" bw="512" slack="1"/>
</pin_list>
<bind>
<opset="gmem2_addr_read "/>
</bind>
</comp>

<comp id="325" class="1005" name="gmem3_addr_read_reg_325">
<pin_list>
<pin id="326" dir="0" index="0" bw="512" slack="1"/>
<pin id="327" dir="1" index="1" bw="512" slack="1"/>
</pin_list>
<bind>
<opset="gmem3_addr_read "/>
</bind>
</comp>

</comp_list>

<net_list>
<net id="89"><net_src comp="24" pin="0"/><net_sink comp="86" pin=0"/></net>

<net id="94"><net_src comp="26" pin="0"/><net_sink comp="90" pin=0"/></net>

<net id="95"><net_src comp="14" pin="0"/><net_sink comp="90" pin=1"/></net>

<net id="100"><net_src comp="26" pin="0"/><net_sink comp="96" pin=0"/></net>

<net id="101"><net_src comp="10" pin="0"/><net_sink comp="96" pin=1"/></net>

<net id="106"><net_src comp="26" pin="0"/><net_sink comp="102" pin=0"/></net>

<net id="107"><net_src comp="6" pin="0"/><net_sink comp="102" pin=1"/></net>

<net id="112"><net_src comp="26" pin="0"/><net_sink comp="108" pin=0"/></net>

<net id="113"><net_src comp="2" pin="0"/><net_sink comp="108" pin=1"/></net>

<net id="118"><net_src comp="72" pin="0"/><net_sink comp="114" pin=0"/></net>

<net id="123"><net_src comp="72" pin="0"/><net_sink comp="119" pin=0"/></net>

<net id="128"><net_src comp="72" pin="0"/><net_sink comp="124" pin=0"/></net>

<net id="133"><net_src comp="72" pin="0"/><net_sink comp="129" pin=0"/></net>

<net id="139"><net_src comp="16" pin="0"/><net_sink comp="134" pin=0"/></net>

<net id="140"><net_src comp="84" pin="0"/><net_sink comp="134" pin=1"/></net>

<net id="150"><net_src comp="134" pin="3"/><net_sink comp="141" pin=2"/></net>

<net id="156"><net_src comp="18" pin="0"/><net_sink comp="151" pin=0"/></net>

<net id="157"><net_src comp="84" pin="0"/><net_sink comp="151" pin=1"/></net>

<net id="167"><net_src comp="151" pin="3"/><net_sink comp="158" pin=2"/></net>

<net id="173"><net_src comp="20" pin="0"/><net_sink comp="168" pin=0"/></net>

<net id="174"><net_src comp="84" pin="0"/><net_sink comp="168" pin=1"/></net>

<net id="184"><net_src comp="168" pin="3"/><net_sink comp="175" pin=2"/></net>

<net id="190"><net_src comp="22" pin="0"/><net_sink comp="185" pin=0"/></net>

<net id="191"><net_src comp="84" pin="0"/><net_sink comp="185" pin=1"/></net>

<net id="201"><net_src comp="185" pin="3"/><net_sink comp="192" pin=2"/></net>

<net id="205"><net_src comp="90" pin="2"/><net_sink comp="202" pin=0"/></net>

<net id="209"><net_src comp="96" pin="2"/><net_sink comp="206" pin=0"/></net>

<net id="213"><net_src comp="102" pin="2"/><net_sink comp="210" pin=0"/></net>

<net id="217"><net_src comp="108" pin="2"/><net_sink comp="214" pin=0"/></net>

<net id="222"><net_src comp="66" pin="0"/><net_sink comp="218" pin=0"/></net>

<net id="230"><net_src comp="223" pin="1"/><net_sink comp="226" pin=0"/></net>

<net id="231"><net_src comp="68" pin="0"/><net_sink comp="226" pin=1"/></net>

<net id="236"><net_src comp="223" pin="1"/><net_sink comp="232" pin=0"/></net>

<net id="237"><net_src comp="70" pin="0"/><net_sink comp="232" pin=1"/></net>

<net id="242"><net_src comp="232" pin="2"/><net_sink comp="238" pin=0"/></net>

<net id="247"><net_src comp="0" pin="0"/><net_sink comp="243" pin=0"/></net>

<net id="248"><net_src comp="243" pin="2"/><net_sink comp="114" pin=1"/></net>

<net id="253"><net_src comp="4" pin="0"/><net_sink comp="249" pin=0"/></net>

<net id="254"><net_src comp="249" pin="2"/><net_sink comp="119" pin=1"/></net>

<net id="259"><net_src comp="8" pin="0"/><net_sink comp="255" pin=0"/></net>

<net id="260"><net_src comp="255" pin="2"/><net_sink comp="124" pin=1"/></net>

<net id="265"><net_src comp="12" pin="0"/><net_sink comp="261" pin=0"/></net>

<net id="266"><net_src comp="261" pin="2"/><net_sink comp="129" pin=1"/></net>

<net id="270"><net_src comp="267" pin="1"/><net_sink comp="134" pin=2"/></net>

<net id="271"><net_src comp="267" pin="1"/><net_sink comp="151" pin=2"/></net>

<net id="272"><net_src comp="267" pin="1"/><net_sink comp="168" pin=2"/></net>

<net id="273"><net_src comp="267" pin="1"/><net_sink comp="185" pin=2"/></net>

<net id="277"><net_src comp="86" pin="1"/><net_sink comp="274" pin=0"/></net>

<net id="278"><net_src comp="274" pin="1"/><net_sink comp="218" pin=1"/></net>

<net id="279"><net_src comp="274" pin="1"/><net_sink comp="223" pin=0"/></net>

<net id="280"><net_src comp="274" pin="1"/><net_sink comp="238" pin=1"/></net>

<net id="284"><net_src comp="202" pin="1"/><net_sink comp="281" pin=0"/></net>

<net id="285"><net_src comp="281" pin="1"/><net_sink comp="261" pin=1"/></net>

<net id="289"><net_src comp="206" pin="1"/><net_sink comp="286" pin=0"/></net>

<net id="290"><net_src comp="286" pin="1"/><net_sink comp="255" pin=1"/></net>

<net id="294"><net_src comp="210" pin="1"/><net_sink comp="291" pin=0"/></net>

<net id="295"><net_src comp="291" pin="1"/><net_sink comp="249" pin=1"/></net>

<net id="299"><net_src comp="214" pin="1"/><net_sink comp="296" pin=0"/></net>

<net id="300"><net_src comp="296" pin="1"/><net_sink comp="243" pin=1"/></net>

<net id="304"><net_src comp="223" pin="1"/><net_sink comp="301" pin=0"/></net>

<net id="305"><net_src comp="301" pin="1"/><net_sink comp="267" pin=0"/></net>

<net id="309"><net_src comp="226" pin="2"/><net_sink comp="306" pin=0"/></net>

<net id="313"><net_src comp="114" pin="2"/><net_sink comp="310" pin=0"/></net>

<net id="314"><net_src comp="310" pin="1"/><net_sink comp="141" pin=4"/></net>

<net id="318"><net_src comp="119" pin="2"/><net_sink comp="315" pin=0"/></net>

<net id="319"><net_src comp="315" pin="1"/><net_sink comp="158" pin=4"/></net>

<net id="323"><net_src comp="124" pin="2"/><net_sink comp="320" pin=0"/></net>

<net id="324"><net_src comp="320" pin="1"/><net_sink comp="175" pin=4"/></net>

<net id="328"><net_src comp="129" pin="2"/><net_sink comp="325" pin=0"/></net>

<net id="329"><net_src comp="325" pin="1"/><net_sink comp="192" pin=4"/></net>

</net_list>

</model> 
---------------- Datapath Model END ------------------

* FSMD analyzer results:
  - Output states:
	Port: residual_buffer0 | {3 }
	Port: residual_buffer1 | {3 }
	Port: residual_buffer2 | {3 }
	Port: residual_buffer3 | {3 }
 - Input state : 
	Port: int4_load_residual_4ddr_Pipeline_load_residual_word_loop : gmem0 | {2 }
	Port: int4_load_residual_4ddr_Pipeline_load_residual_word_loop : sext_ln470 | {1 }
	Port: int4_load_residual_4ddr_Pipeline_load_residual_word_loop : gmem1 | {2 }
	Port: int4_load_residual_4ddr_Pipeline_load_residual_word_loop : sext_ln470_1 | {1 }
	Port: int4_load_residual_4ddr_Pipeline_load_residual_word_loop : gmem2 | {2 }
	Port: int4_load_residual_4ddr_Pipeline_load_residual_word_loop : sext_ln470_2 | {1 }
	Port: int4_load_residual_4ddr_Pipeline_load_residual_word_loop : gmem3 | {2 }
	Port: int4_load_residual_4ddr_Pipeline_load_residual_word_loop : sext_ln470_3 | {1 }
  - Chain level:
	State 1
		store_ln470 : 1
		word_25 : 1
		icmp_ln471 : 2
		add_ln472 : 2
		br_ln470 : 3
		store_ln470 : 3
	State 2
		gmem0_addr_read : 1
		gmem1_addr_read : 1
		gmem2_addr_read : 1
		gmem3_addr_read : 1
	State 3
		residual_buffer0_addr : 1
		store_ln474 : 2
		residual_buffer1_addr : 1
		store_ln475 : 2
		residual_buffer2_addr : 1
		store_ln476 : 2
		residual_buffer3_addr : 1
		store_ln477 : 2


============================================================
+ Verbose Summary: Datapath Resource usage 
============================================================

* Functional unit list:
|----------|-------------------------------|---------|---------|
| Operation|        Functional Unit        |    FF   |   LUT   |
|----------|-------------------------------|---------|---------|
|   icmp   |       icmp_ln471_fu_226       |    0    |    14   |
|----------|-------------------------------|---------|---------|
|    add   |        add_ln472_fu_232       |    0    |    14   |
|----------|-------------------------------|---------|---------|
|          |  sext_ln470_3_read_read_fu_90 |    0    |    0    |
|          |  sext_ln470_2_read_read_fu_96 |    0    |    0    |
|          | sext_ln470_1_read_read_fu_102 |    0    |    0    |
|   read   |  sext_ln470_read_read_fu_108  |    0    |    0    |
|          |  gmem0_addr_read_read_fu_114  |    0    |    0    |
|          |  gmem1_addr_read_read_fu_119  |    0    |    0    |
|          |  gmem2_addr_read_read_fu_124  |    0    |    0    |
|          |  gmem3_addr_read_read_fu_129  |    0    |    0    |
|----------|-------------------------------|---------|---------|
|          |    sext_ln470_3_cast_fu_202   |    0    |    0    |
|   sext   |    sext_ln470_2_cast_fu_206   |    0    |    0    |
|          |    sext_ln470_1_cast_fu_210   |    0    |    0    |
|          |     sext_ln470_cast_fu_214    |    0    |    0    |
|----------|-------------------------------|---------|---------|
|   zext   |       zext_ln471_fu_267       |    0    |    0    |
|----------|-------------------------------|---------|---------|
|   Total  |                               |    0    |    28   |
|----------|-------------------------------|---------|---------|

Memories:
N/A

* Register list:
+-------------------------+--------+
|                         |   FF   |
+-------------------------+--------+
| gmem0_addr_read_reg_310 |   512  |
| gmem1_addr_read_reg_315 |   512  |
| gmem2_addr_read_reg_320 |   512  |
| gmem3_addr_read_reg_325 |   512  |
|    icmp_ln471_reg_306   |    1   |
|sext_ln470_1_cast_reg_291|   64   |
|sext_ln470_2_cast_reg_286|   64   |
|sext_ln470_3_cast_reg_281|   64   |
| sext_ln470_cast_reg_296 |   64   |
|     word_25_reg_301     |    7   |
|       word_reg_274      |    7   |
+-------------------------+--------+
|          Total          |  2319  |
+-------------------------+--------+

* Multiplexer (MUX) list: 
|--------|------|------|------|--------|
|  Comp  |  Pin | Size |  BW  | S x BW |
|--------|------|------|------|--------|
|  Total |      |      |      |    0   |
|--------|------|------|------|--------|



* Summary:
+-----------+--------+--------+
|           |   FF   |   LUT  |
+-----------+--------+--------+
|  Function |    0   |   28   |
|   Memory  |    -   |    -   |
|Multiplexer|    -   |    -   |
|  Register |  2319  |    -   |
+-----------+--------+--------+
|   Total   |  2319  |   28   |
+-----------+--------+--------+
