C:\KLTN\u250\proj_int4_decoder_xo\solution1\.autopilot\db\int4_decoder_blocks.pp.0.cpp:1451:7: warning: Added loop label VITIS_LOOP_1207_1:   [xilinx-label-all-loops]
      for (i = 0; i < __N - 1; ++i) {
      ^~~
      VITIS_LOOP_1207_1: 
C:\KLTN\u250\proj_int4_decoder_xo\solution1\.autopilot\db\int4_decoder_blocks.pp.0.cpp:1451:7: note: FIX-IT applied suggested code changes
C:\KLTN\u250\proj_int4_decoder_xo\solution1\.autopilot\db\int4_decoder_blocks.pp.0.cpp:2425:5: warning: Added loop label VITIS_LOOP_676_1:   [xilinx-label-all-loops]
    for (unsigned i = low; i != high; ++i) {
    ^~~
    VITIS_LOOP_676_1: 
C:\KLTN\u250\proj_int4_decoder_xo\solution1\.autopilot\db\int4_decoder_blocks.pp.0.cpp:2425:5: note: FIX-IT applied suggested code changes
C:\KLTN\u250\proj_int4_decoder_xo\solution1\.autopilot\db\int4_decoder_blocks.pp.0.cpp:2439:5: warning: Added loop label VITIS_LOOP_690_1:   [xilinx-label-all-loops]
    for (unsigned i = low; i != high; ++i) {
    ^~~
    VITIS_LOOP_690_1: 
C:\KLTN\u250\proj_int4_decoder_xo\solution1\.autopilot\db\int4_decoder_blocks.pp.0.cpp:2439:5: note: FIX-IT applied suggested code changes
C:\KLTN\u250\proj_int4_decoder_xo\solution1\.autopilot\db\int4_decoder_blocks.pp.0.cpp:2453:5: warning: Added loop label VITIS_LOOP_704_1:   [xilinx-label-all-loops]
    for (unsigned i = low; i != high; ++i) {
    ^~~
    VITIS_LOOP_704_1: 
C:\KLTN\u250\proj_int4_decoder_xo\solution1\.autopilot\db\int4_decoder_blocks.pp.0.cpp:2453:5: note: FIX-IT applied suggested code changes
C:\KLTN\u250\proj_int4_decoder_xo\solution1\.autopilot\db\int4_decoder_blocks.pp.0.cpp:4082:7: warning: Added loop label VITIS_LOOP_1247_1:   [xilinx-label-all-loops]
      for (i = 0; i < __N - 1; ++i) {
      ^~~
      VITIS_LOOP_1247_1: 
C:\KLTN\u250\proj_int4_decoder_xo\solution1\.autopilot\db\int4_decoder_blocks.pp.0.cpp:4082:7: note: FIX-IT applied suggested code changes
C:\KLTN\u250\proj_int4_decoder_xo\solution1\.autopilot\db\int4_decoder_blocks.pp.0.cpp:13164:72: error: Invalid Directive: for current device, ROM_1P + LUTRAM is invalid combination for BIND_STORAGE's option 'type + impl' [clang-diagnostic-error]
#pragma HLS BIND_STORAGE variable=fourth_order_double::sin_cos_K0 type=ROM_1P impl=LUTRAM
                                                                       ^
C:\KLTN\u250\proj_int4_decoder_xo\solution1\.autopilot\db\int4_decoder_blocks.pp.0.cpp:13165:72: error: Invalid Directive: for current device, ROM_1P + LUTRAM is invalid combination for BIND_STORAGE's option 'type + impl' [clang-diagnostic-error]
#pragma HLS BIND_STORAGE variable=fourth_order_double::sin_cos_K1 type=ROM_1P impl=LUTRAM
                                                                       ^
C:\KLTN\u250\proj_int4_decoder_xo\solution1\.autopilot\db\int4_decoder_blocks.pp.0.cpp:13166:72: error: Invalid Directive: for current device, ROM_1P + LUTRAM is invalid combination for BIND_STORAGE's option 'type + impl' [clang-diagnostic-error]
#pragma HLS BIND_STORAGE variable=fourth_order_double::sin_cos_K2 type=ROM_1P impl=LUTRAM
                                                                       ^
C:\KLTN\u250\proj_int4_decoder_xo\solution1\.autopilot\db\int4_decoder_blocks.pp.0.cpp:13167:72: error: Invalid Directive: for current device, ROM_1P + LUTRAM is invalid combination for BIND_STORAGE's option 'type + impl' [clang-diagnostic-error]
#pragma HLS BIND_STORAGE variable=fourth_order_double::sin_cos_K3 type=ROM_1P impl=LUTRAM
                                                                       ^
C:\KLTN\u250\proj_int4_decoder_xo\solution1\.autopilot\db\int4_decoder_blocks.pp.0.cpp:13168:72: error: Invalid Directive: for current device, ROM_1P + LUTRAM is invalid combination for BIND_STORAGE's option 'type + impl' [clang-diagnostic-error]
#pragma HLS BIND_STORAGE variable=fourth_order_double::sin_cos_K4 type=ROM_1P impl=LUTRAM
                                                                       ^
C:\KLTN\u250\proj_int4_decoder_xo\solution1\.autopilot\db\int4_decoder_blocks.pp.0.cpp:13198:68: error: Invalid Directive: for current device, ROM_1P + LUTRAM is invalid combination for BIND_STORAGE's option 'type + impl' [clang-diagnostic-error]
#pragma HLS BIND_STORAGE variable=fourth_order_double::cos_K0 type=ROM_1P impl=LUTRAM
                                                                   ^
C:\KLTN\u250\proj_int4_decoder_xo\solution1\.autopilot\db\int4_decoder_blocks.pp.0.cpp:13199:68: error: Invalid Directive: for current device, ROM_1P + LUTRAM is invalid combination for BIND_STORAGE's option 'type + impl' [clang-diagnostic-error]
#pragma HLS BIND_STORAGE variable=fourth_order_double::cos_K1 type=ROM_1P impl=LUTRAM
                                                                   ^
C:\KLTN\u250\proj_int4_decoder_xo\solution1\.autopilot\db\int4_decoder_blocks.pp.0.cpp:13200:68: error: Invalid Directive: for current device, ROM_1P + LUTRAM is invalid combination for BIND_STORAGE's option 'type + impl' [clang-diagnostic-error]
#pragma HLS BIND_STORAGE variable=fourth_order_double::cos_K2 type=ROM_1P impl=LUTRAM
                                                                   ^
C:\KLTN\u250\proj_int4_decoder_xo\solution1\.autopilot\db\int4_decoder_blocks.pp.0.cpp:13201:68: error: Invalid Directive: for current device, ROM_1P + LUTRAM is invalid combination for BIND_STORAGE's option 'type + impl' [clang-diagnostic-error]
#pragma HLS BIND_STORAGE variable=fourth_order_double::cos_K3 type=ROM_1P impl=LUTRAM
                                                                   ^
C:\KLTN\u250\proj_int4_decoder_xo\solution1\.autopilot\db\int4_decoder_blocks.pp.0.cpp:13202:68: error: Invalid Directive: for current device, ROM_1P + LUTRAM is invalid combination for BIND_STORAGE's option 'type + impl' [clang-diagnostic-error]
#pragma HLS BIND_STORAGE variable=fourth_order_double::cos_K4 type=ROM_1P impl=LUTRAM
                                                                   ^
C:\KLTN\u250\proj_int4_decoder_xo\solution1\.autopilot\db\int4_decoder_blocks.pp.0.cpp:13203:68: error: Invalid Directive: for current device, ROM_1P + LUTRAM is invalid combination for BIND_STORAGE's option 'type + impl' [clang-diagnostic-error]
#pragma HLS BIND_STORAGE variable=fourth_order_double::sin_K0 type=ROM_1P impl=LUTRAM
                                                                   ^
C:\KLTN\u250\proj_int4_decoder_xo\solution1\.autopilot\db\int4_decoder_blocks.pp.0.cpp:13204:68: error: Invalid Directive: for current device, ROM_1P + LUTRAM is invalid combination for BIND_STORAGE's option 'type + impl' [clang-diagnostic-error]
#pragma HLS BIND_STORAGE variable=fourth_order_double::sin_K1 type=ROM_1P impl=LUTRAM
                                                                   ^
C:\KLTN\u250\proj_int4_decoder_xo\solution1\.autopilot\db\int4_decoder_blocks.pp.0.cpp:13205:68: error: Invalid Directive: for current device, ROM_1P + LUTRAM is invalid combination for BIND_STORAGE's option 'type + impl' [clang-diagnostic-error]
#pragma HLS BIND_STORAGE variable=fourth_order_double::sin_K2 type=ROM_1P impl=LUTRAM
                                                                   ^
C:\KLTN\u250\proj_int4_decoder_xo\solution1\.autopilot\db\int4_decoder_blocks.pp.0.cpp:13206:68: error: Invalid Directive: for current device, ROM_1P + LUTRAM is invalid combination for BIND_STORAGE's option 'type + impl' [clang-diagnostic-error]
#pragma HLS BIND_STORAGE variable=fourth_order_double::sin_K3 type=ROM_1P impl=LUTRAM
                                                                   ^
C:\KLTN\u250\proj_int4_decoder_xo\solution1\.autopilot\db\int4_decoder_blocks.pp.0.cpp:13207:68: error: Invalid Directive: for current device, ROM_1P + LUTRAM is invalid combination for BIND_STORAGE's option 'type + impl' [clang-diagnostic-error]
#pragma HLS BIND_STORAGE variable=fourth_order_double::sin_K4 type=ROM_1P impl=LUTRAM
                                                                   ^
C:\KLTN\u250\proj_int4_decoder_xo\solution1\.autopilot\db\int4_decoder_blocks.pp.0.cpp:13257:71: error: Invalid Directive: for current device, ROM_1P + LUTRAM is invalid combination for BIND_STORAGE's option 'type + impl' [clang-diagnostic-error]
#pragma HLS BIND_STORAGE variable=second_order_float::sin_cos_K0 type=ROM_1P impl=LUTRAM
                                                                      ^
C:\KLTN\u250\proj_int4_decoder_xo\solution1\.autopilot\db\int4_decoder_blocks.pp.0.cpp:13258:71: error: Invalid Directive: for current device, ROM_1P + LUTRAM is invalid combination for BIND_STORAGE's option 'type + impl' [clang-diagnostic-error]
#pragma HLS BIND_STORAGE variable=second_order_float::sin_cos_K1 type=ROM_1P impl=LUTRAM
                                                                      ^
C:\KLTN\u250\proj_int4_decoder_xo\solution1\.autopilot\db\int4_decoder_blocks.pp.0.cpp:13259:71: error: Invalid Directive: for current device, ROM_1P + LUTRAM is invalid combination for BIND_STORAGE's option 'type + impl' [clang-diagnostic-error]
#pragma HLS BIND_STORAGE variable=second_order_float::sin_cos_K2 type=ROM_1P impl=LUTRAM
                                                                      ^
C:\KLTN\u250\proj_int4_decoder_xo\solution1\.autopilot\db\int4_decoder_blocks.pp.0.cpp:13286:67: error: Invalid Directive: for current device, ROM_1P + LUTRAM is invalid combination for BIND_STORAGE's option 'type + impl' [clang-diagnostic-error]
#pragma HLS BIND_STORAGE variable=second_order_float::cos_K0 type=ROM_1P impl=LUTRAM
                                                                  ^
C:\KLTN\u250\proj_int4_decoder_xo\solution1\.autopilot\db\int4_decoder_blocks.pp.0.cpp:13287:67: error: Invalid Directive: for current device, ROM_1P + LUTRAM is invalid combination for BIND_STORAGE's option 'type + impl' [clang-diagnostic-error]
#pragma HLS BIND_STORAGE variable=second_order_float::cos_K1 type=ROM_1P impl=LUTRAM
                                                                  ^
C:\KLTN\u250\proj_int4_decoder_xo\solution1\.autopilot\db\int4_decoder_blocks.pp.0.cpp:13288:67: error: Invalid Directive: for current device, ROM_1P + LUTRAM is invalid combination for BIND_STORAGE's option 'type + impl' [clang-diagnostic-error]
#pragma HLS BIND_STORAGE variable=second_order_float::cos_K2 type=ROM_1P impl=LUTRAM
                                                                  ^
C:\KLTN\u250\proj_int4_decoder_xo\solution1\.autopilot\db\int4_decoder_blocks.pp.0.cpp:13289:67: error: Invalid Directive: for current device, ROM_1P + LUTRAM is invalid combination for BIND_STORAGE's option 'type + impl' [clang-diagnostic-error]
#pragma HLS BIND_STORAGE variable=second_order_float::sin_K0 type=ROM_1P impl=LUTRAM
                                                                  ^
C:\KLTN\u250\proj_int4_decoder_xo\solution1\.autopilot\db\int4_decoder_blocks.pp.0.cpp:13290:67: error: Invalid Directive: for current device, ROM_1P + LUTRAM is invalid combination for BIND_STORAGE's option 'type + impl' [clang-diagnostic-error]
#pragma HLS BIND_STORAGE variable=second_order_float::sin_K1 type=ROM_1P impl=LUTRAM
                                                                  ^
C:\KLTN\u250\proj_int4_decoder_xo\solution1\.autopilot\db\int4_decoder_blocks.pp.0.cpp:13291:67: error: Invalid Directive: for current device, ROM_1P + LUTRAM is invalid combination for BIND_STORAGE's option 'type + impl' [clang-diagnostic-error]
#pragma HLS BIND_STORAGE variable=second_order_float::sin_K2 type=ROM_1P impl=LUTRAM
                                                                  ^
C:\KLTN\u250\proj_int4_decoder_xo\solution1\.autopilot\db\int4_decoder_blocks.pp.0.cpp:13327:73: error: Invalid Directive: for current device, ROM_1P + LUTRAM is invalid combination for BIND_STORAGE's option 'type + impl' [clang-diagnostic-error]
#pragma HLS BIND_STORAGE variable=first_order_fixed_16::sin_cos_K0 type=ROM_1P impl=LUTRAM
                                                                        ^
C:\KLTN\u250\proj_int4_decoder_xo\solution1\.autopilot\db\int4_decoder_blocks.pp.0.cpp:13328:73: error: Invalid Directive: for current device, ROM_1P + LUTRAM is invalid combination for BIND_STORAGE's option 'type + impl' [clang-diagnostic-error]
#pragma HLS BIND_STORAGE variable=first_order_fixed_16::sin_cos_K1 type=ROM_1P impl=LUTRAM
                                                                        ^
C:\KLTN\u250\proj_int4_decoder_xo\solution1\.autopilot\db\int4_decoder_blocks.pp.0.cpp:13602:5: warning: Added loop label VITIS_LOOP_61_1:   [xilinx-label-all-loops]
    for (int n=0; n<Nmax; n++){
    ^~~
    VITIS_LOOP_61_1: 
C:\KLTN\u250\proj_int4_decoder_xo\solution1\.autopilot\db\int4_decoder_blocks.pp.0.cpp:13602:5: note: FIX-IT applied suggested code changes
C:\KLTN\u250\proj_int4_decoder_xo\solution1\.autopilot\db\int4_decoder_blocks.pp.0.cpp:13648:5: warning: Added loop label VITIS_LOOP_117_1:   [xilinx-label-all-loops]
    for (int n=0; n<Nmax; n++){
    ^~~
    VITIS_LOOP_117_1: 
C:\KLTN\u250\proj_int4_decoder_xo\solution1\.autopilot\db\int4_decoder_blocks.pp.0.cpp:13648:5: note: FIX-IT applied suggested code changes
C:\KLTN\u250\proj_int4_decoder_xo\solution1\.autopilot\db\int4_decoder_blocks.pp.0.cpp:13811:9: warning: Added loop label VITIS_LOOP_289_1:   [xilinx-label-all-loops]
        for(int i=0;i<W-1;i++){
        ^~~
        VITIS_LOOP_289_1: 
C:\KLTN\u250\proj_int4_decoder_xo\solution1\.autopilot\db\int4_decoder_blocks.pp.0.cpp:13811:9: note: FIX-IT applied suggested code changes
C:\KLTN\u250\proj_int4_decoder_xo\solution1\.autopilot\db\int4_decoder_blocks.pp.0.cpp:13963:9: warning: Added loop label VITIS_LOOP_449_1:   [xilinx-label-all-loops]
        for(int i=0;i<W-1;i++){
        ^~~
        VITIS_LOOP_449_1: 
C:\KLTN\u250\proj_int4_decoder_xo\solution1\.autopilot\db\int4_decoder_blocks.pp.0.cpp:13963:9: note: FIX-IT applied suggested code changes
C:\KLTN\u250\proj_int4_decoder_xo\solution1\.autopilot\db\int4_decoder_blocks.pp.0.cpp:14143:5: warning: Added loop label VITIS_LOOP_629_1:   [xilinx-label-all-loops]
    for(int i=0;i<W+1;i++){
    ^~~
    VITIS_LOOP_629_1: 
C:\KLTN\u250\proj_int4_decoder_xo\solution1\.autopilot\db\int4_decoder_blocks.pp.0.cpp:14143:5: note: FIX-IT applied suggested code changes
C:\KLTN\u250\proj_int4_decoder_xo\solution1\.autopilot\db\int4_decoder_blocks.pp.0.cpp:14147:5: warning: Added loop label VITIS_LOOP_633_2:   [xilinx-label-all-loops]
    for(int i=0;i<W+1;i++){
    ^~~
    VITIS_LOOP_633_2: 
C:\KLTN\u250\proj_int4_decoder_xo\solution1\.autopilot\db\int4_decoder_blocks.pp.0.cpp:14147:5: note: FIX-IT applied suggested code changes
C:\KLTN\u250\proj_int4_decoder_xo\solution1\.autopilot\db\int4_decoder_blocks.pp.0.cpp:14257:5: warning: Added loop label VITIS_LOOP_743_1:   [xilinx-label-all-loops]
    for (int n=0; n<Nmax; n++){
    ^~~
    VITIS_LOOP_743_1: 
C:\KLTN\u250\proj_int4_decoder_xo\solution1\.autopilot\db\int4_decoder_blocks.pp.0.cpp:14257:5: note: FIX-IT applied suggested code changes
C:\KLTN\u250\proj_int4_decoder_xo\solution1\.autopilot\db\int4_decoder_blocks.pp.0.cpp:14347:7: warning: Added loop label VITIS_LOOP_840_1:   [xilinx-label-all-loops]
      for(int i=0;i<W-1;i++){
      ^~~
      VITIS_LOOP_840_1: 
C:\KLTN\u250\proj_int4_decoder_xo\solution1\.autopilot\db\int4_decoder_blocks.pp.0.cpp:14347:7: note: FIX-IT applied suggested code changes
C:\KLTN\u250\proj_int4_decoder_xo\solution1\.autopilot\db\int4_decoder_blocks.pp.0.cpp:14366:7: warning: Added loop label VITIS_LOOP_859_2:   [xilinx-label-all-loops]
      for(int i=0;i<W-1;i++){
      ^~~
      VITIS_LOOP_859_2: 
C:\KLTN\u250\proj_int4_decoder_xo\solution1\.autopilot\db\int4_decoder_blocks.pp.0.cpp:14366:7: note: FIX-IT applied suggested code changes
C:\KLTN\u250\proj_int4_decoder_xo\solution1\.autopilot\db\int4_decoder_blocks.pp.0.cpp:14656:5: warning: Added loop label VITIS_LOOP_1173_1:   [xilinx-label-all-loops]
    for(int i=0; i<Nmax; i++) {
    ^~~
    VITIS_LOOP_1173_1: 
C:\KLTN\u250\proj_int4_decoder_xo\solution1\.autopilot\db\int4_decoder_blocks.pp.0.cpp:14656:5: note: FIX-IT applied suggested code changes
C:\KLTN\u250\proj_int4_decoder_xo\solution1\.autopilot\db\int4_decoder_blocks.pp.0.cpp:14739:5: warning: Added loop label VITIS_LOOP_1256_1:   [xilinx-label-all-loops]
    for(int i=0; i<Nmax; i++) {
    ^~~
    VITIS_LOOP_1256_1: 
C:\KLTN\u250\proj_int4_decoder_xo\solution1\.autopilot\db\int4_decoder_blocks.pp.0.cpp:14739:5: note: FIX-IT applied suggested code changes
C:\KLTN\u250\proj_int4_decoder_xo\solution1\.autopilot\db\int4_decoder_blocks.pp.0.cpp:15145:13: warning: Added loop label VITIS_LOOP_68_1:   [xilinx-label-all-loops]
            for (int j = 3; j >= I_+1; j--) {
            ^~~
            VITIS_LOOP_68_1: 
C:\KLTN\u250\proj_int4_decoder_xo\solution1\.autopilot\db\int4_decoder_blocks.pp.0.cpp:15145:13: note: FIX-IT applied suggested code changes
C:\KLTN\u250\proj_int4_decoder_xo\solution1\.autopilot\db\int4_decoder_blocks.pp.0.cpp:15151:17: warning: Added loop label VITIS_LOOP_74_2:   [xilinx-label-all-loops]
                for (int j = 3; j >= I_+1; j--){
                ^~~
                VITIS_LOOP_74_2: 
C:\KLTN\u250\proj_int4_decoder_xo\solution1\.autopilot\db\int4_decoder_blocks.pp.0.cpp:15151:17: note: FIX-IT applied suggested code changes
C:\KLTN\u250\proj_int4_decoder_xo\solution1\.autopilot\db\int4_decoder_blocks.pp.0.cpp:15155:17: warning: Added loop label VITIS_LOOP_78_3:   [xilinx-label-all-loops]
                for (int j = I_; j >= 0; j--){
                ^~~
                VITIS_LOOP_78_3: 
C:\KLTN\u250\proj_int4_decoder_xo\solution1\.autopilot\db\int4_decoder_blocks.pp.0.cpp:15155:17: note: FIX-IT applied suggested code changes
C:\KLTN\u250\proj_int4_decoder_xo\solution1\.autopilot\db\int4_decoder_blocks.pp.0.cpp:15203:13: warning: Added loop label VITIS_LOOP_145_4:   [xilinx-label-all-loops]
            for (int j = 9; j >= I_+4; j--) {
            ^~~
            VITIS_LOOP_145_4: 
C:\KLTN\u250\proj_int4_decoder_xo\solution1\.autopilot\db\int4_decoder_blocks.pp.0.cpp:15203:13: note: FIX-IT applied suggested code changes
C:\KLTN\u250\proj_int4_decoder_xo\solution1\.autopilot\db\int4_decoder_blocks.pp.0.cpp:15209:17: warning: Added loop label VITIS_LOOP_151_5:   [xilinx-label-all-loops]
                for (int j = 9; j >= I_+4; j--){
                ^~~
                VITIS_LOOP_151_5: 
C:\KLTN\u250\proj_int4_decoder_xo\solution1\.autopilot\db\int4_decoder_blocks.pp.0.cpp:15209:17: note: FIX-IT applied suggested code changes
C:\KLTN\u250\proj_int4_decoder_xo\solution1\.autopilot\db\int4_decoder_blocks.pp.0.cpp:15213:17: warning: Added loop label VITIS_LOOP_155_6:   [xilinx-label-all-loops]
                for (int j = I_+3; j >= 0; j--){
                ^~~
                VITIS_LOOP_155_6: 
C:\KLTN\u250\proj_int4_decoder_xo\solution1\.autopilot\db\int4_decoder_blocks.pp.0.cpp:15213:17: note: FIX-IT applied suggested code changes
C:\KLTN\u250\proj_int4_decoder_xo\solution1\.autopilot\db\int4_decoder_blocks.pp.0.cpp:15228:9: warning: Added loop label VITIS_LOOP_170_7:   [xilinx-label-all-loops]
        for (int j = 14; j < 22; j++){
        ^~~
        VITIS_LOOP_170_7: 
C:\KLTN\u250\proj_int4_decoder_xo\solution1\.autopilot\db\int4_decoder_blocks.pp.0.cpp:15228:9: note: FIX-IT applied suggested code changes
C:\KLTN\u250\proj_int4_decoder_xo\solution1\.autopilot\db\int4_decoder_blocks.pp.0.cpp:15236:17: warning: Added loop label VITIS_LOOP_178_8:   [xilinx-label-all-loops]
                for (int j = 0; j < 22; j++){
                ^~~
                VITIS_LOOP_178_8: 
C:\KLTN\u250\proj_int4_decoder_xo\solution1\.autopilot\db\int4_decoder_blocks.pp.0.cpp:15236:17: note: FIX-IT applied suggested code changes
C:\KLTN\u250\proj_int4_decoder_xo\solution1\.autopilot\db\int4_decoder_blocks.pp.0.cpp:15301:13: warning: Added loop label VITIS_LOOP_243_9:   [xilinx-label-all-loops]
            for (int j = 21; j >= I_+10; j--) {
            ^~~
            VITIS_LOOP_243_9: 
C:\KLTN\u250\proj_int4_decoder_xo\solution1\.autopilot\db\int4_decoder_blocks.pp.0.cpp:15301:13: note: FIX-IT applied suggested code changes
C:\KLTN\u250\proj_int4_decoder_xo\solution1\.autopilot\db\int4_decoder_blocks.pp.0.cpp:15307:17: warning: Added loop label VITIS_LOOP_249_10:   [xilinx-label-all-loops]
                for (int j = 21; j >= I_+10; j--) {
                ^~~
                VITIS_LOOP_249_10: 
C:\KLTN\u250\proj_int4_decoder_xo\solution1\.autopilot\db\int4_decoder_blocks.pp.0.cpp:15307:17: note: FIX-IT applied suggested code changes
C:\KLTN\u250\proj_int4_decoder_xo\solution1\.autopilot\db\int4_decoder_blocks.pp.0.cpp:15311:17: warning: Added loop label VITIS_LOOP_253_11:   [xilinx-label-all-loops]
                for (int j = I_+9; j >= 0; j--) {
                ^~~
                VITIS_LOOP_253_11: 
C:\KLTN\u250\proj_int4_decoder_xo\solution1\.autopilot\db\int4_decoder_blocks.pp.0.cpp:15311:17: note: FIX-IT applied suggested code changes
C:\KLTN\u250\proj_int4_decoder_xo\solution1\.autopilot\db\int4_decoder_blocks.pp.0.cpp:15326:9: warning: Added loop label VITIS_LOOP_268_12:   [xilinx-label-all-loops]
        for (int j = 27; j < 46; j++){
        ^~~
        VITIS_LOOP_268_12: 
C:\KLTN\u250\proj_int4_decoder_xo\solution1\.autopilot\db\int4_decoder_blocks.pp.0.cpp:15326:9: note: FIX-IT applied suggested code changes
C:\KLTN\u250\proj_int4_decoder_xo\solution1\.autopilot\db\int4_decoder_blocks.pp.0.cpp:15334:17: warning: Added loop label VITIS_LOOP_276_13:   [xilinx-label-all-loops]
                for (int j = 0; j < 46; j++) {
                ^~~
                VITIS_LOOP_276_13: 
C:\KLTN\u250\proj_int4_decoder_xo\solution1\.autopilot\db\int4_decoder_blocks.pp.0.cpp:15334:17: note: FIX-IT applied suggested code changes
C:\KLTN\u250\proj_int4_decoder_xo\solution1\.autopilot\db\int4_decoder_blocks.pp.0.cpp:15563:13: warning: Added loop label VITIS_LOOP_505_14:   [xilinx-label-all-loops]
            for (int j = 45; j >= I_+22; j--) {
            ^~~
            VITIS_LOOP_505_14: 
C:\KLTN\u250\proj_int4_decoder_xo\solution1\.autopilot\db\int4_decoder_blocks.pp.0.cpp:15563:13: note: FIX-IT applied suggested code changes
C:\KLTN\u250\proj_int4_decoder_xo\solution1\.autopilot\db\int4_decoder_blocks.pp.0.cpp:15569:17: warning: Added loop label VITIS_LOOP_511_15:   [xilinx-label-all-loops]
                for (int j = 45; j >= I_+22; j--){
                ^~~
                VITIS_LOOP_511_15: 
C:\KLTN\u250\proj_int4_decoder_xo\solution1\.autopilot\db\int4_decoder_blocks.pp.0.cpp:15569:17: note: FIX-IT applied suggested code changes
C:\KLTN\u250\proj_int4_decoder_xo\solution1\.autopilot\db\int4_decoder_blocks.pp.0.cpp:15573:17: warning: Added loop label VITIS_LOOP_515_16:   [xilinx-label-all-loops]
                for (int j = I_+21; j >= 0; j--) {
                ^~~
                VITIS_LOOP_515_16: 
C:\KLTN\u250\proj_int4_decoder_xo\solution1\.autopilot\db\int4_decoder_blocks.pp.0.cpp:15573:17: note: FIX-IT applied suggested code changes
C:\KLTN\u250\proj_int4_decoder_xo\solution1\.autopilot\db\int4_decoder_blocks.pp.0.cpp:15583:9: warning: Added loop label VITIS_LOOP_525_17:   [xilinx-label-all-loops]
        for (int j = 32-F_; j < 32+I_; j++){
        ^~~
        VITIS_LOOP_525_17: 
C:\KLTN\u250\proj_int4_decoder_xo\solution1\.autopilot\db\int4_decoder_blocks.pp.0.cpp:15583:9: note: FIX-IT applied suggested code changes
C:\KLTN\u250\proj_int4_decoder_xo\solution1\.autopilot\db\int4_decoder_blocks.pp.0.cpp:15587:9: warning: Added loop label VITIS_LOOP_529_18:   [xilinx-label-all-loops]
        for (int j = 32+I_; j <= 64; j++){
        ^~~
        VITIS_LOOP_529_18: 
C:\KLTN\u250\proj_int4_decoder_xo\solution1\.autopilot\db\int4_decoder_blocks.pp.0.cpp:15587:9: note: FIX-IT applied suggested code changes
C:\KLTN\u250\proj_int4_decoder_xo\solution1\.autopilot\db\int4_decoder_blocks.pp.0.cpp:15597:9: warning: Added loop label VITIS_LOOP_539_19:   [xilinx-label-all-loops]
        for (int j = 37; j < 64; j++) {
        ^~~
        VITIS_LOOP_539_19: 
C:\KLTN\u250\proj_int4_decoder_xo\solution1\.autopilot\db\int4_decoder_blocks.pp.0.cpp:15597:9: note: FIX-IT applied suggested code changes
C:\KLTN\u250\proj_int4_decoder_xo\solution1\.autopilot\db\int4_decoder_blocks.pp.0.cpp:15605:17: warning: Added loop label VITIS_LOOP_547_20:   [xilinx-label-all-loops]
                for (int j = 0; j < 64; j++){
                ^~~
                VITIS_LOOP_547_20: 
C:\KLTN\u250\proj_int4_decoder_xo\solution1\.autopilot\db\int4_decoder_blocks.pp.0.cpp:15605:17: note: FIX-IT applied suggested code changes
C:\KLTN\u250\proj_int4_decoder_xo\solution1\.autopilot\db\int4_decoder_blocks.pp.0.cpp:15966:13: warning: Added loop label VITIS_LOOP_908_21:   [xilinx-label-all-loops]
            for (int j = 63; j >= I_+31; j--) {
            ^~~
            VITIS_LOOP_908_21: 
C:\KLTN\u250\proj_int4_decoder_xo\solution1\.autopilot\db\int4_decoder_blocks.pp.0.cpp:15966:13: note: FIX-IT applied suggested code changes
C:\KLTN\u250\proj_int4_decoder_xo\solution1\.autopilot\db\int4_decoder_blocks.pp.0.cpp:15972:17: warning: Added loop label VITIS_LOOP_914_22:   [xilinx-label-all-loops]
                for (int j = 63; j >= I_+31; j--) {
                ^~~
                VITIS_LOOP_914_22: 
C:\KLTN\u250\proj_int4_decoder_xo\solution1\.autopilot\db\int4_decoder_blocks.pp.0.cpp:15972:17: note: FIX-IT applied suggested code changes
C:\KLTN\u250\proj_int4_decoder_xo\solution1\.autopilot\db\int4_decoder_blocks.pp.0.cpp:15976:17: warning: Added loop label VITIS_LOOP_918_23:   [xilinx-label-all-loops]
                for (int j = I_+30; j >= 0; j--) {
                ^~~
                VITIS_LOOP_918_23: 
C:\KLTN\u250\proj_int4_decoder_xo\solution1\.autopilot\db\int4_decoder_blocks.pp.0.cpp:15976:17: note: FIX-IT applied suggested code changes
C:\KLTN\u250\proj_int4_decoder_xo\solution1\.autopilot\db\int4_decoder_blocks.pp.0.cpp:16092:13: warning: Added loop label VITIS_LOOP_1034_1:   [xilinx-label-all-loops]
            for (int j = 4; j >= I_+1; j--) {
            ^~~
            VITIS_LOOP_1034_1: 
C:\KLTN\u250\proj_int4_decoder_xo\solution1\.autopilot\db\int4_decoder_blocks.pp.0.cpp:16092:13: note: FIX-IT applied suggested code changes
C:\KLTN\u250\proj_int4_decoder_xo\solution1\.autopilot\db\int4_decoder_blocks.pp.0.cpp:16098:17: warning: Added loop label VITIS_LOOP_1040_2:   [xilinx-label-all-loops]
                for (int j = 4; j >= I_+1; j--) {
                ^~~
                VITIS_LOOP_1040_2: 
C:\KLTN\u250\proj_int4_decoder_xo\solution1\.autopilot\db\int4_decoder_blocks.pp.0.cpp:16098:17: note: FIX-IT applied suggested code changes
C:\KLTN\u250\proj_int4_decoder_xo\solution1\.autopilot\db\int4_decoder_blocks.pp.0.cpp:16102:17: warning: Added loop label VITIS_LOOP_1044_3:   [xilinx-label-all-loops]
                for (int j = I_; j >= 0; j--) {
                ^~~
                VITIS_LOOP_1044_3: 
C:\KLTN\u250\proj_int4_decoder_xo\solution1\.autopilot\db\int4_decoder_blocks.pp.0.cpp:16102:17: note: FIX-IT applied suggested code changes
C:\KLTN\u250\proj_int4_decoder_xo\solution1\.autopilot\db\int4_decoder_blocks.pp.0.cpp:16189:13: warning: Added loop label VITIS_LOOP_1131_4:   [xilinx-label-all-loops]
            for (int j = 10; j >= I_+4; j--) {
            ^~~
            VITIS_LOOP_1131_4: 
C:\KLTN\u250\proj_int4_decoder_xo\solution1\.autopilot\db\int4_decoder_blocks.pp.0.cpp:16189:13: note: FIX-IT applied suggested code changes
C:\KLTN\u250\proj_int4_decoder_xo\solution1\.autopilot\db\int4_decoder_blocks.pp.0.cpp:16195:17: warning: Added loop label VITIS_LOOP_1137_5:   [xilinx-label-all-loops]
                for (int j = 10; j >= I_+4; j--) {
                ^~~
                VITIS_LOOP_1137_5: 
C:\KLTN\u250\proj_int4_decoder_xo\solution1\.autopilot\db\int4_decoder_blocks.pp.0.cpp:16195:17: note: FIX-IT applied suggested code changes
C:\KLTN\u250\proj_int4_decoder_xo\solution1\.autopilot\db\int4_decoder_blocks.pp.0.cpp:16199:17: warning: Added loop label VITIS_LOOP_1141_6:   [xilinx-label-all-loops]
                for (int j = I_+3; j >= 0; j--) {
                ^~~
                VITIS_LOOP_1141_6: 
C:\KLTN\u250\proj_int4_decoder_xo\solution1\.autopilot\db\int4_decoder_blocks.pp.0.cpp:16199:17: note: FIX-IT applied suggested code changes
C:\KLTN\u250\proj_int4_decoder_xo\solution1\.autopilot\db\int4_decoder_blocks.pp.0.cpp:16218:9: warning: Added loop label VITIS_LOOP_1160_7:   [xilinx-label-all-loops]
        for (int j = wf+3; j < w-1; j++) {
        ^~~
        VITIS_LOOP_1160_7: 
C:\KLTN\u250\proj_int4_decoder_xo\solution1\.autopilot\db\int4_decoder_blocks.pp.0.cpp:16218:9: note: FIX-IT applied suggested code changes
C:\KLTN\u250\proj_int4_decoder_xo\solution1\.autopilot\db\int4_decoder_blocks.pp.0.cpp:16225:17: warning: Added loop label VITIS_LOOP_1167_8:   [xilinx-label-all-loops]
                for (int j = 0; j < 22; j++) {
                ^~~
                VITIS_LOOP_1167_8: 
C:\KLTN\u250\proj_int4_decoder_xo\solution1\.autopilot\db\int4_decoder_blocks.pp.0.cpp:16225:17: note: FIX-IT applied suggested code changes
C:\KLTN\u250\proj_int4_decoder_xo\solution1\.autopilot\db\int4_decoder_blocks.pp.0.cpp:16341:13: warning: Added loop label VITIS_LOOP_1283_9:   [xilinx-label-all-loops]
            for (int j = 22; j >= I_+10; j--) {
            ^~~
            VITIS_LOOP_1283_9: 
C:\KLTN\u250\proj_int4_decoder_xo\solution1\.autopilot\db\int4_decoder_blocks.pp.0.cpp:16341:13: note: FIX-IT applied suggested code changes
C:\KLTN\u250\proj_int4_decoder_xo\solution1\.autopilot\db\int4_decoder_blocks.pp.0.cpp:16347:17: warning: Added loop label VITIS_LOOP_1289_10:   [xilinx-label-all-loops]
                for (int j = 22; j >= I_+10; j--){
                ^~~
                VITIS_LOOP_1289_10: 
C:\KLTN\u250\proj_int4_decoder_xo\solution1\.autopilot\db\int4_decoder_blocks.pp.0.cpp:16347:17: note: FIX-IT applied suggested code changes
C:\KLTN\u250\proj_int4_decoder_xo\solution1\.autopilot\db\int4_decoder_blocks.pp.0.cpp:16351:17: warning: Added loop label VITIS_LOOP_1293_11:   [xilinx-label-all-loops]
                for (int j = I_+9; j >= 0; j--) {
                ^~~
                VITIS_LOOP_1293_11: 
C:\KLTN\u250\proj_int4_decoder_xo\solution1\.autopilot\db\int4_decoder_blocks.pp.0.cpp:16351:17: note: FIX-IT applied suggested code changes
C:\KLTN\u250\proj_int4_decoder_xo\solution1\.autopilot\db\int4_decoder_blocks.pp.0.cpp:16371:9: warning: Added loop label VITIS_LOOP_1313_12:   [xilinx-label-all-loops]
        for (int j = wf+4; j < w-1; j++){
        ^~~
        VITIS_LOOP_1313_12: 
C:\KLTN\u250\proj_int4_decoder_xo\solution1\.autopilot\db\int4_decoder_blocks.pp.0.cpp:16371:9: note: FIX-IT applied suggested code changes
C:\KLTN\u250\proj_int4_decoder_xo\solution1\.autopilot\db\int4_decoder_blocks.pp.0.cpp:16378:17: warning: Added loop label VITIS_LOOP_1320_13:   [xilinx-label-all-loops]
                for (int j = 0; j < 46; j++) {
                ^~~
                VITIS_LOOP_1320_13: 
C:\KLTN\u250\proj_int4_decoder_xo\solution1\.autopilot\db\int4_decoder_blocks.pp.0.cpp:16378:17: note: FIX-IT applied suggested code changes
C:\KLTN\u250\proj_int4_decoder_xo\solution1\.autopilot\db\int4_decoder_blocks.pp.0.cpp:16640:13: warning: Added loop label VITIS_LOOP_1582_14:   [xilinx-label-all-loops]
            for (int j = 46; j >= I_+22; j--) {
            ^~~
            VITIS_LOOP_1582_14: 
C:\KLTN\u250\proj_int4_decoder_xo\solution1\.autopilot\db\int4_decoder_blocks.pp.0.cpp:16640:13: note: FIX-IT applied suggested code changes
C:\KLTN\u250\proj_int4_decoder_xo\solution1\.autopilot\db\int4_decoder_blocks.pp.0.cpp:16646:17: warning: Added loop label VITIS_LOOP_1588_15:   [xilinx-label-all-loops]
                for (int j = 46; j >= I_+22; j--) {
                ^~~
                VITIS_LOOP_1588_15: 
C:\KLTN\u250\proj_int4_decoder_xo\solution1\.autopilot\db\int4_decoder_blocks.pp.0.cpp:16646:17: note: FIX-IT applied suggested code changes
C:\KLTN\u250\proj_int4_decoder_xo\solution1\.autopilot\db\int4_decoder_blocks.pp.0.cpp:16650:17: warning: Added loop label VITIS_LOOP_1592_16:   [xilinx-label-all-loops]
                for (int j = I_+21; j >= 0; j--) {
                ^~~
                VITIS_LOOP_1592_16: 
C:\KLTN\u250\proj_int4_decoder_xo\solution1\.autopilot\db\int4_decoder_blocks.pp.0.cpp:16650:17: note: FIX-IT applied suggested code changes
C:\KLTN\u250\proj_int4_decoder_xo\solution1\.autopilot\db\int4_decoder_blocks.pp.0.cpp:16674:9: warning: Added loop label VITIS_LOOP_1616_17:   [xilinx-label-all-loops]
        for (int j = wf+5; j < w-1; j++){
        ^~~
        VITIS_LOOP_1616_17: 
C:\KLTN\u250\proj_int4_decoder_xo\solution1\.autopilot\db\int4_decoder_blocks.pp.0.cpp:16674:9: note: FIX-IT applied suggested code changes
C:\KLTN\u250\proj_int4_decoder_xo\solution1\.autopilot\db\int4_decoder_blocks.pp.0.cpp:16681:17: warning: Added loop label VITIS_LOOP_1623_18:   [xilinx-label-all-loops]
                for (int j = 0; j < 64; j++) {
                ^~~
                VITIS_LOOP_1623_18: 
C:\KLTN\u250\proj_int4_decoder_xo\solution1\.autopilot\db\int4_decoder_blocks.pp.0.cpp:16681:17: note: FIX-IT applied suggested code changes
C:\KLTN\u250\proj_int4_decoder_xo\solution1\.autopilot\db\int4_decoder_blocks.pp.0.cpp:17111:13: warning: Added loop label VITIS_LOOP_2053_19:   [xilinx-label-all-loops]
            for (int j = 64; j >= I_+31; j--) {
            ^~~
            VITIS_LOOP_2053_19: 
C:\KLTN\u250\proj_int4_decoder_xo\solution1\.autopilot\db\int4_decoder_blocks.pp.0.cpp:17111:13: note: FIX-IT applied suggested code changes
C:\KLTN\u250\proj_int4_decoder_xo\solution1\.autopilot\db\int4_decoder_blocks.pp.0.cpp:17117:17: warning: Added loop label VITIS_LOOP_2059_20:   [xilinx-label-all-loops]
                for (int j = 64; j >= I_+31; j--) {
                ^~~
                VITIS_LOOP_2059_20: 
C:\KLTN\u250\proj_int4_decoder_xo\solution1\.autopilot\db\int4_decoder_blocks.pp.0.cpp:17117:17: note: FIX-IT applied suggested code changes
C:\KLTN\u250\proj_int4_decoder_xo\solution1\.autopilot\db\int4_decoder_blocks.pp.0.cpp:17121:17: warning: Added loop label VITIS_LOOP_2063_21:   [xilinx-label-all-loops]
                for (int j = I_+30; j >= 0; j--) {
                ^~~
                VITIS_LOOP_2063_21: 
C:\KLTN\u250\proj_int4_decoder_xo\solution1\.autopilot\db\int4_decoder_blocks.pp.0.cpp:17121:17: note: FIX-IT applied suggested code changes
C:\KLTN\u250\proj_int4_decoder_xo\solution1\.autopilot\db\int4_decoder_blocks.pp.0.cpp:17251:13: warning: Added loop label VITIS_LOOP_2193_1:   [xilinx-label-all-loops]
            for(int j=3; j>=I+1; j--) {
            ^~~
            VITIS_LOOP_2193_1: 
C:\KLTN\u250\proj_int4_decoder_xo\solution1\.autopilot\db\int4_decoder_blocks.pp.0.cpp:17251:13: note: FIX-IT applied suggested code changes
C:\KLTN\u250\proj_int4_decoder_xo\solution1\.autopilot\db\int4_decoder_blocks.pp.0.cpp:17258:17: warning: Added loop label VITIS_LOOP_2200_2:   [xilinx-label-all-loops]
                for(int j=3; j>=I+1; j--) {
                ^~~
                VITIS_LOOP_2200_2: 
C:\KLTN\u250\proj_int4_decoder_xo\solution1\.autopilot\db\int4_decoder_blocks.pp.0.cpp:17258:17: note: FIX-IT applied suggested code changes
C:\KLTN\u250\proj_int4_decoder_xo\solution1\.autopilot\db\int4_decoder_blocks.pp.0.cpp:17262:17: warning: Added loop label VITIS_LOOP_2204_3:   [xilinx-label-all-loops]
                for(int j=I; j>=0; j--) {
                ^~~
                VITIS_LOOP_2204_3: 
C:\KLTN\u250\proj_int4_decoder_xo\solution1\.autopilot\db\int4_decoder_blocks.pp.0.cpp:17262:17: note: FIX-IT applied suggested code changes
C:\KLTN\u250\proj_int4_decoder_xo\solution1\.autopilot\db\int4_decoder_blocks.pp.0.cpp:17309:13: warning: Added loop label VITIS_LOOP_2251_4:   [xilinx-label-all-loops]
            for(int j=7; j>=3+I; j--) {
            ^~~
            VITIS_LOOP_2251_4: 
C:\KLTN\u250\proj_int4_decoder_xo\solution1\.autopilot\db\int4_decoder_blocks.pp.0.cpp:17309:13: note: FIX-IT applied suggested code changes
C:\KLTN\u250\proj_int4_decoder_xo\solution1\.autopilot\db\int4_decoder_blocks.pp.0.cpp:17316:17: warning: Added loop label VITIS_LOOP_2258_5:   [xilinx-label-all-loops]
                for(int j=7; j>=3+I; j--) {
                ^~~
                VITIS_LOOP_2258_5: 
C:\KLTN\u250\proj_int4_decoder_xo\solution1\.autopilot\db\int4_decoder_blocks.pp.0.cpp:17316:17: note: FIX-IT applied suggested code changes
C:\KLTN\u250\proj_int4_decoder_xo\solution1\.autopilot\db\int4_decoder_blocks.pp.0.cpp:17320:17: warning: Added loop label VITIS_LOOP_2262_6:   [xilinx-label-all-loops]
                for(int j=I+2; j>=0; j--) {
                ^~~
                VITIS_LOOP_2262_6: 
C:\KLTN\u250\proj_int4_decoder_xo\solution1\.autopilot\db\int4_decoder_blocks.pp.0.cpp:17320:17: note: FIX-IT applied suggested code changes
C:\KLTN\u250\proj_int4_decoder_xo\solution1\.autopilot\db\int4_decoder_blocks.pp.0.cpp:17338:9: warning: Added loop label VITIS_LOOP_2280_7:   [xilinx-label-all-loops]
        for(int j=11; j<16; j++) {
        ^~~
        VITIS_LOOP_2280_7: 
C:\KLTN\u250\proj_int4_decoder_xo\solution1\.autopilot\db\int4_decoder_blocks.pp.0.cpp:17338:9: note: FIX-IT applied suggested code changes
C:\KLTN\u250\proj_int4_decoder_xo\solution1\.autopilot\db\int4_decoder_blocks.pp.0.cpp:17393:13: warning: Added loop label VITIS_LOOP_2335_8:   [xilinx-label-all-loops]
            for(int j=15; j>=7+I; j--) {
            ^~~
            VITIS_LOOP_2335_8: 
C:\KLTN\u250\proj_int4_decoder_xo\solution1\.autopilot\db\int4_decoder_blocks.pp.0.cpp:17393:13: note: FIX-IT applied suggested code changes
C:\KLTN\u250\proj_int4_decoder_xo\solution1\.autopilot\db\int4_decoder_blocks.pp.0.cpp:17400:17: warning: Added loop label VITIS_LOOP_2342_9:   [xilinx-label-all-loops]
                for(int j=15; j>=7+I; j--) {
                ^~~
                VITIS_LOOP_2342_9: 
C:\KLTN\u250\proj_int4_decoder_xo\solution1\.autopilot\db\int4_decoder_blocks.pp.0.cpp:17400:17: note: FIX-IT applied suggested code changes
C:\KLTN\u250\proj_int4_decoder_xo\solution1\.autopilot\db\int4_decoder_blocks.pp.0.cpp:17404:17: warning: Added loop label VITIS_LOOP_2346_10:   [xilinx-label-all-loops]
                for(int j=6+I; j>=0; j--) {
                ^~~
                VITIS_LOOP_2346_10: 
C:\KLTN\u250\proj_int4_decoder_xo\solution1\.autopilot\db\int4_decoder_blocks.pp.0.cpp:17404:17: note: FIX-IT applied suggested code changes
C:\KLTN\u250\proj_int4_decoder_xo\solution1\.autopilot\db\int4_decoder_blocks.pp.0.cpp:17422:9: warning: Added loop label VITIS_LOOP_2364_11:   [xilinx-label-all-loops]
        for(int j=20; j<32; j++) {
        ^~~
        VITIS_LOOP_2364_11: 
C:\KLTN\u250\proj_int4_decoder_xo\solution1\.autopilot\db\int4_decoder_blocks.pp.0.cpp:17422:9: note: FIX-IT applied suggested code changes
C:\KLTN\u250\proj_int4_decoder_xo\solution1\.autopilot\db\int4_decoder_blocks.pp.0.cpp:17511:13: warning: Added loop label VITIS_LOOP_2453_12:   [xilinx-label-all-loops]
            for(int j=31; j>=I+15; j--) {
            ^~~
            VITIS_LOOP_2453_12: 
C:\KLTN\u250\proj_int4_decoder_xo\solution1\.autopilot\db\int4_decoder_blocks.pp.0.cpp:17511:13: note: FIX-IT applied suggested code changes
C:\KLTN\u250\proj_int4_decoder_xo\solution1\.autopilot\db\int4_decoder_blocks.pp.0.cpp:17518:17: warning: Added loop label VITIS_LOOP_2460_13:   [xilinx-label-all-loops]
                for(int j=31; j>=I+15; j--) {
                ^~~
                VITIS_LOOP_2460_13: 
C:\KLTN\u250\proj_int4_decoder_xo\solution1\.autopilot\db\int4_decoder_blocks.pp.0.cpp:17518:17: note: FIX-IT applied suggested code changes
C:\KLTN\u250\proj_int4_decoder_xo\solution1\.autopilot\db\int4_decoder_blocks.pp.0.cpp:17522:17: warning: Added loop label VITIS_LOOP_2464_14:   [xilinx-label-all-loops]
                for(int j=I+14; j>=0; j--) {
                ^~~
                VITIS_LOOP_2464_14: 
C:\KLTN\u250\proj_int4_decoder_xo\solution1\.autopilot\db\int4_decoder_blocks.pp.0.cpp:17522:17: note: FIX-IT applied suggested code changes
C:\KLTN\u250\proj_int4_decoder_xo\solution1\.autopilot\db\int4_decoder_blocks.pp.0.cpp:17532:9: warning: Added loop label VITIS_LOOP_2474_15:   [xilinx-label-all-loops]
        for(int j=32-F; j<32+I; j++) {
        ^~~
        VITIS_LOOP_2474_15: 
C:\KLTN\u250\proj_int4_decoder_xo\solution1\.autopilot\db\int4_decoder_blocks.pp.0.cpp:17532:9: note: FIX-IT applied suggested code changes
C:\KLTN\u250\proj_int4_decoder_xo\solution1\.autopilot\db\int4_decoder_blocks.pp.0.cpp:17536:9: warning: Added loop label VITIS_LOOP_2478_16:   [xilinx-label-all-loops]
        for(int j=32+I; j<=64; j++) {
        ^~~
        VITIS_LOOP_2478_16: 
C:\KLTN\u250\proj_int4_decoder_xo\solution1\.autopilot\db\int4_decoder_blocks.pp.0.cpp:17536:9: note: FIX-IT applied suggested code changes
C:\KLTN\u250\proj_int4_decoder_xo\solution1\.autopilot\db\int4_decoder_blocks.pp.0.cpp:17547:9: warning: Added loop label VITIS_LOOP_2489_17:   [xilinx-label-all-loops]
        for(int j=37; j<64; j++) {
        ^~~
        VITIS_LOOP_2489_17: 
C:\KLTN\u250\proj_int4_decoder_xo\solution1\.autopilot\db\int4_decoder_blocks.pp.0.cpp:17547:9: note: FIX-IT applied suggested code changes
C:\KLTN\u250\proj_int4_decoder_xo\solution1\.autopilot\db\int4_decoder_blocks.pp.0.cpp:17555:17: warning: Added loop label VITIS_LOOP_2497_18:   [xilinx-label-all-loops]
                for(int j=0; j<64; j++) {
                ^~~
                VITIS_LOOP_2497_18: 
C:\KLTN\u250\proj_int4_decoder_xo\solution1\.autopilot\db\int4_decoder_blocks.pp.0.cpp:17555:17: note: FIX-IT applied suggested code changes
C:\KLTN\u250\proj_int4_decoder_xo\solution1\.autopilot\db\int4_decoder_blocks.pp.0.cpp:17880:13: warning: Added loop label VITIS_LOOP_2822_19:   [xilinx-label-all-loops]
            for(int j=63; j>=I+31; j--) {
            ^~~
            VITIS_LOOP_2822_19: 
C:\KLTN\u250\proj_int4_decoder_xo\solution1\.autopilot\db\int4_decoder_blocks.pp.0.cpp:17880:13: note: FIX-IT applied suggested code changes
C:\KLTN\u250\proj_int4_decoder_xo\solution1\.autopilot\db\int4_decoder_blocks.pp.0.cpp:17887:17: warning: Added loop label VITIS_LOOP_2829_20:   [xilinx-label-all-loops]
                for(int j=63; j>=I+31; j--) {
                ^~~
                VITIS_LOOP_2829_20: 
C:\KLTN\u250\proj_int4_decoder_xo\solution1\.autopilot\db\int4_decoder_blocks.pp.0.cpp:17887:17: note: FIX-IT applied suggested code changes
C:\KLTN\u250\proj_int4_decoder_xo\solution1\.autopilot\db\int4_decoder_blocks.pp.0.cpp:17891:17: warning: Added loop label VITIS_LOOP_2833_21:   [xilinx-label-all-loops]
                for(int j=I+30; j>=0; j--) {
                ^~~
                VITIS_LOOP_2833_21: 
C:\KLTN\u250\proj_int4_decoder_xo\solution1\.autopilot\db\int4_decoder_blocks.pp.0.cpp:17891:17: note: FIX-IT applied suggested code changes
C:\KLTN\u250\proj_int4_decoder_xo\solution1\.autopilot\db\int4_decoder_blocks.pp.0.cpp:17979:4: warning: Added loop label VITIS_LOOP_2921_1:   [xilinx-label-all-loops]
   for(int j = 5; j>=I_+2; j--) {
   ^~~
   VITIS_LOOP_2921_1: 
C:\KLTN\u250\proj_int4_decoder_xo\solution1\.autopilot\db\int4_decoder_blocks.pp.0.cpp:17979:4: note: FIX-IT applied suggested code changes
C:\KLTN\u250\proj_int4_decoder_xo\solution1\.autopilot\db\int4_decoder_blocks.pp.0.cpp:17986:5: warning: Added loop label VITIS_LOOP_2928_2:   [xilinx-label-all-loops]
    for(int j = 5; j>=I_+2; j--) {
    ^~~
    VITIS_LOOP_2928_2: 
C:\KLTN\u250\proj_int4_decoder_xo\solution1\.autopilot\db\int4_decoder_blocks.pp.0.cpp:17986:5: note: FIX-IT applied suggested code changes
C:\KLTN\u250\proj_int4_decoder_xo\solution1\.autopilot\db\int4_decoder_blocks.pp.0.cpp:17990:5: warning: Added loop label VITIS_LOOP_2932_3:   [xilinx-label-all-loops]
    for(int j = I_+1; j>=0; j--) {
    ^~~
    VITIS_LOOP_2932_3: 
C:\KLTN\u250\proj_int4_decoder_xo\solution1\.autopilot\db\int4_decoder_blocks.pp.0.cpp:17990:5: note: FIX-IT applied suggested code changes
C:\KLTN\u250\proj_int4_decoder_xo\solution1\.autopilot\db\int4_decoder_blocks.pp.0.cpp:18005:3: warning: Added loop label VITIS_LOOP_2947_4:   [xilinx-label-all-loops]
  for(int j = 11; j >=7; j--) {
  ^~~
  VITIS_LOOP_2947_4: 
C:\KLTN\u250\proj_int4_decoder_xo\solution1\.autopilot\db\int4_decoder_blocks.pp.0.cpp:18005:3: note: FIX-IT applied suggested code changes
C:\KLTN\u250\proj_int4_decoder_xo\solution1\.autopilot\db\int4_decoder_blocks.pp.0.cpp:18037:4: warning: Added loop label VITIS_LOOP_2979_5:   [xilinx-label-all-loops]
   for(int j = 11; j >= I_+5; j--) {
   ^~~
   VITIS_LOOP_2979_5: 
C:\KLTN\u250\proj_int4_decoder_xo\solution1\.autopilot\db\int4_decoder_blocks.pp.0.cpp:18037:4: note: FIX-IT applied suggested code changes
C:\KLTN\u250\proj_int4_decoder_xo\solution1\.autopilot\db\int4_decoder_blocks.pp.0.cpp:18044:5: warning: Added loop label VITIS_LOOP_2986_6:   [xilinx-label-all-loops]
    for(int j = 11; j>= I_+5; j--) {
    ^~~
    VITIS_LOOP_2986_6: 
C:\KLTN\u250\proj_int4_decoder_xo\solution1\.autopilot\db\int4_decoder_blocks.pp.0.cpp:18044:5: note: FIX-IT applied suggested code changes
C:\KLTN\u250\proj_int4_decoder_xo\solution1\.autopilot\db\int4_decoder_blocks.pp.0.cpp:18048:5: warning: Added loop label VITIS_LOOP_2990_7:   [xilinx-label-all-loops]
    for(int j = I_+4; j>=0; j--) {
    ^~~
    VITIS_LOOP_2990_7: 
C:\KLTN\u250\proj_int4_decoder_xo\solution1\.autopilot\db\int4_decoder_blocks.pp.0.cpp:18048:5: note: FIX-IT applied suggested code changes
C:\KLTN\u250\proj_int4_decoder_xo\solution1\.autopilot\db\int4_decoder_blocks.pp.0.cpp:18063:3: warning: Added loop label VITIS_LOOP_3005_8:   [xilinx-label-all-loops]
  for(int j = 25; j>=15; j--) {
  ^~~
  VITIS_LOOP_3005_8: 
C:\KLTN\u250\proj_int4_decoder_xo\solution1\.autopilot\db\int4_decoder_blocks.pp.0.cpp:18063:3: note: FIX-IT applied suggested code changes
C:\KLTN\u250\proj_int4_decoder_xo\solution1\.autopilot\db\int4_decoder_blocks.pp.0.cpp:18113:4: warning: Added loop label VITIS_LOOP_3055_9:   [xilinx-label-all-loops]
   for(int j = 25; j>= I_+12; j--) {
   ^~~
   VITIS_LOOP_3055_9: 
C:\KLTN\u250\proj_int4_decoder_xo\solution1\.autopilot\db\int4_decoder_blocks.pp.0.cpp:18113:4: note: FIX-IT applied suggested code changes
C:\KLTN\u250\proj_int4_decoder_xo\solution1\.autopilot\db\int4_decoder_blocks.pp.0.cpp:18120:5: warning: Added loop label VITIS_LOOP_3062_10:   [xilinx-label-all-loops]
    for(int j = 25; j>=I_+12; j--) {
    ^~~
    VITIS_LOOP_3062_10: 
C:\KLTN\u250\proj_int4_decoder_xo\solution1\.autopilot\db\int4_decoder_blocks.pp.0.cpp:18120:5: note: FIX-IT applied suggested code changes
C:\KLTN\u250\proj_int4_decoder_xo\solution1\.autopilot\db\int4_decoder_blocks.pp.0.cpp:18124:5: warning: Added loop label VITIS_LOOP_3066_11:   [xilinx-label-all-loops]
    for(int j = I_+11; j>=0; j--) {
    ^~~
    VITIS_LOOP_3066_11: 
C:\KLTN\u250\proj_int4_decoder_xo\solution1\.autopilot\db\int4_decoder_blocks.pp.0.cpp:18124:5: note: FIX-IT applied suggested code changes
C:\KLTN\u250\proj_int4_decoder_xo\solution1\.autopilot\db\int4_decoder_blocks.pp.0.cpp:18139:3: warning: Added loop label VITIS_LOOP_3081_12:   [xilinx-label-all-loops]
  for(int j = 51; j >= 29; j--) {
  ^~~
  VITIS_LOOP_3081_12: 
C:\KLTN\u250\proj_int4_decoder_xo\solution1\.autopilot\db\int4_decoder_blocks.pp.0.cpp:18139:3: note: FIX-IT applied suggested code changes
C:\KLTN\u250\proj_int4_decoder_xo\solution1\.autopilot\db\int4_decoder_blocks.pp.0.cpp:18276:4: warning: Added loop label VITIS_LOOP_3218_13:   [xilinx-label-all-loops]
   for(int j = 51; j >= 25 + I_; j--) {
   ^~~
   VITIS_LOOP_3218_13: 
C:\KLTN\u250\proj_int4_decoder_xo\solution1\.autopilot\db\int4_decoder_blocks.pp.0.cpp:18276:4: note: FIX-IT applied suggested code changes
C:\KLTN\u250\proj_int4_decoder_xo\solution1\.autopilot\db\int4_decoder_blocks.pp.0.cpp:18283:5: warning: Added loop label VITIS_LOOP_3225_14:   [xilinx-label-all-loops]
    for(int j = 51; j>=25 + I_; j--) {
    ^~~
    VITIS_LOOP_3225_14: 
C:\KLTN\u250\proj_int4_decoder_xo\solution1\.autopilot\db\int4_decoder_blocks.pp.0.cpp:18283:5: note: FIX-IT applied suggested code changes
C:\KLTN\u250\proj_int4_decoder_xo\solution1\.autopilot\db\int4_decoder_blocks.pp.0.cpp:18287:5: warning: Added loop label VITIS_LOOP_3229_15:   [xilinx-label-all-loops]
    for(int j = 24 + I_; j >= 0; j--) {
    ^~~
    VITIS_LOOP_3229_15: 
C:\KLTN\u250\proj_int4_decoder_xo\solution1\.autopilot\db\int4_decoder_blocks.pp.0.cpp:18287:5: note: FIX-IT applied suggested code changes
C:\KLTN\u250\proj_int4_decoder_xo\solution1\.autopilot\db\int4_decoder_blocks.pp.0.cpp:18302:3: warning: Added loop label VITIS_LOOP_3244_16:   [xilinx-label-all-loops]
  for(int j = 63; j >= 36; j--) {
  ^~~
  VITIS_LOOP_3244_16: 
C:\KLTN\u250\proj_int4_decoder_xo\solution1\.autopilot\db\int4_decoder_blocks.pp.0.cpp:18302:3: note: FIX-IT applied suggested code changes
C:\KLTN\u250\proj_int4_decoder_xo\solution1\.autopilot\db\int4_decoder_blocks.pp.0.cpp:18462:4: warning: Added loop label VITIS_LOOP_3404_17:   [xilinx-label-all-loops]
   for(int j = 63; j >= 31 + I_; j--) {
   ^~~
   VITIS_LOOP_3404_17: 
C:\KLTN\u250\proj_int4_decoder_xo\solution1\.autopilot\db\int4_decoder_blocks.pp.0.cpp:18462:4: note: FIX-IT applied suggested code changes
C:\KLTN\u250\proj_int4_decoder_xo\solution1\.autopilot\db\int4_decoder_blocks.pp.0.cpp:18469:5: warning: Added loop label VITIS_LOOP_3411_18:   [xilinx-label-all-loops]
    for(int j = 63; j >= 31 + I_; j--) {
    ^~~
    VITIS_LOOP_3411_18: 
C:\KLTN\u250\proj_int4_decoder_xo\solution1\.autopilot\db\int4_decoder_blocks.pp.0.cpp:18469:5: note: FIX-IT applied suggested code changes
C:\KLTN\u250\proj_int4_decoder_xo\solution1\.autopilot\db\int4_decoder_blocks.pp.0.cpp:18473:5: warning: Added loop label VITIS_LOOP_3415_19:   [xilinx-label-all-loops]
    for(int j = 30 + I_; j >= 0; j--) {
    ^~~
    VITIS_LOOP_3415_19: 
C:\KLTN\u250\proj_int4_decoder_xo\solution1\.autopilot\db\int4_decoder_blocks.pp.0.cpp:18473:5: note: FIX-IT applied suggested code changes
C:\KLTN\u250\proj_int4_decoder_xo\solution1\.autopilot\db\int4_decoder_blocks.pp.0.cpp:19188:13: warning: Added loop label VITIS_LOOP_703_1:   [xilinx-label-all-loops]
            for (b_exp = I_-1; b_exp >= -F_; b_exp--) {
            ^~~
            VITIS_LOOP_703_1: 
C:\KLTN\u250\proj_int4_decoder_xo\solution1\.autopilot\db\int4_decoder_blocks.pp.0.cpp:19188:13: note: FIX-IT applied suggested code changes
C:\KLTN\u250\proj_int4_decoder_xo\solution1\.autopilot\db\int4_decoder_blocks.pp.0.cpp:19406:13: warning: Added loop label VITIS_LOOP_921_1:   [xilinx-label-all-loops]
            for (b_exp = I_-1; b_exp >= -F_; b_exp--) {
            ^~~
            VITIS_LOOP_921_1: 
C:\KLTN\u250\proj_int4_decoder_xo\solution1\.autopilot\db\int4_decoder_blocks.pp.0.cpp:19406:13: note: FIX-IT applied suggested code changes
C:\KLTN\u250\proj_int4_decoder_xo\solution1\.autopilot\db\int4_decoder_blocks.pp.0.cpp:19823:13: warning: Added loop label VITIS_LOOP_1345_1:   [xilinx-label-all-loops]
            for (b_exp = I_-1; b_exp >= -F_; b_exp--) {
            ^~~
            VITIS_LOOP_1345_1: 
C:\KLTN\u250\proj_int4_decoder_xo\solution1\.autopilot\db\int4_decoder_blocks.pp.0.cpp:19823:13: note: FIX-IT applied suggested code changes
C:\KLTN\u250\proj_int4_decoder_xo\solution1\.autopilot\db\int4_decoder_blocks.pp.0.cpp:20143:9: warning: Added loop label VITIS_LOOP_240_1:   [xilinx-label-all-loops]
        for ( int pos = msbr-1; pos >= 0; pos-- ) {
        ^~~
        VITIS_LOOP_240_1: 
C:\KLTN\u250\proj_int4_decoder_xo\solution1\.autopilot\db\int4_decoder_blocks.pp.0.cpp:20143:9: note: FIX-IT applied suggested code changes
C:\KLTN\u250\proj_int4_decoder_xo\solution1\.autopilot\db\int4_decoder_blocks.pp.0.cpp:20171:9: warning: Added loop label VITIS_LOOP_268_2:   [xilinx-label-all-loops]
        for ( int pos = -1; pos >= -F_-1; pos-- ) {
        ^~~
        VITIS_LOOP_268_2: 
C:\KLTN\u250\proj_int4_decoder_xo\solution1\.autopilot\db\int4_decoder_blocks.pp.0.cpp:20171:9: note: FIX-IT applied suggested code changes
C:\KLTN\u250\proj_int4_decoder_xo\solution1\.autopilot\db\int4_decoder_blocks.pp.0.cpp:20873:13: warning: Added loop label VITIS_LOOP_48_1:   [xilinx-label-all-loops]
            for (int j = 0; j < W_-1; j++){
            ^~~
            VITIS_LOOP_48_1: 
C:\KLTN\u250\proj_int4_decoder_xo\solution1\.autopilot\db\int4_decoder_blocks.pp.0.cpp:20873:13: note: FIX-IT applied suggested code changes
C:\KLTN\u250\proj_int4_decoder_xo\solution1\.autopilot\db\int4_decoder_blocks.pp.0.cpp:20926:5: warning: Added loop label VITIS_LOOP_109_2:   [xilinx-label-all-loops]
    for (int j = F_l+F_+I_m-1; j < F_l+W_+5; j++){
    ^~~
    VITIS_LOOP_109_2: 
C:\KLTN\u250\proj_int4_decoder_xo\solution1\.autopilot\db\int4_decoder_blocks.pp.0.cpp:20926:5: note: FIX-IT applied suggested code changes
C:\KLTN\u250\proj_int4_decoder_xo\solution1\.autopilot\db\int4_decoder_blocks.pp.0.cpp:20940:13: warning: Added loop label VITIS_LOOP_123_3:   [xilinx-label-all-loops]
            for (int j = WO_m-1; j >= W_-1; j--) {
            ^~~
            VITIS_LOOP_123_3: 
C:\KLTN\u250\proj_int4_decoder_xo\solution1\.autopilot\db\int4_decoder_blocks.pp.0.cpp:20940:13: note: FIX-IT applied suggested code changes
C:\KLTN\u250\proj_int4_decoder_xo\solution1\.autopilot\db\int4_decoder_blocks.pp.0.cpp:20970:13: warning: Added loop label VITIS_LOOP_153_4:   [xilinx-label-all-loops]
            for (int j = W_-2; j >= 0; j--){
            ^~~
            VITIS_LOOP_153_4: 
C:\KLTN\u250\proj_int4_decoder_xo\solution1\.autopilot\db\int4_decoder_blocks.pp.0.cpp:20970:13: note: FIX-IT applied suggested code changes
C:\KLTN\u250\proj_int4_decoder_xo\solution1\.autopilot\db\int4_decoder_blocks.pp.0.cpp:21055:12: warning: Added loop label VITIS_LOOP_281_1:   [xilinx-label-all-loops]
           for(int i = wf_log+we_log-2; i > WI_e - 2; --i) {
           ^~~
           VITIS_LOOP_281_1: 
C:\KLTN\u250\proj_int4_decoder_xo\solution1\.autopilot\db\int4_decoder_blocks.pp.0.cpp:21055:12: note: FIX-IT applied suggested code changes
C:\KLTN\u250\proj_int4_decoder_xo\solution1\.autopilot\db\int4_decoder_blocks.pp.0.cpp:21075:16: warning: Added loop label VITIS_LOOP_301_2:   [xilinx-label-all-loops]
               for (int j = WO_e-1; j >= W_-1; j--) {
               ^~~
               VITIS_LOOP_301_2: 
C:\KLTN\u250\proj_int4_decoder_xo\solution1\.autopilot\db\int4_decoder_blocks.pp.0.cpp:21075:16: note: FIX-IT applied suggested code changes
C:\KLTN\u250\proj_int4_decoder_xo\solution1\.autopilot\db\int4_decoder_blocks.pp.0.cpp:21089:20: warning: Added loop label VITIS_LOOP_315_3:   [xilinx-label-all-loops]
                   for(int i = 0; i < W_-1; ++i) {
                   ^~~
                   VITIS_LOOP_315_3: 
C:\KLTN\u250\proj_int4_decoder_xo\solution1\.autopilot\db\int4_decoder_blocks.pp.0.cpp:21089:20: note: FIX-IT applied suggested code changes
C:\KLTN\u250\proj_int4_decoder_xo\solution1\.autopilot\db\int4_decoder_blocks.pp.0.cpp:21182:12: warning: Added loop label VITIS_LOOP_433_1:   [xilinx-label-all-loops]
           for (int j =WO_d-1; j >= W_-1; j--) {
           ^~~
           VITIS_LOOP_433_1: 
C:\KLTN\u250\proj_int4_decoder_xo\solution1\.autopilot\db\int4_decoder_blocks.pp.0.cpp:21182:12: note: FIX-IT applied suggested code changes
C:\KLTN\u250\proj_int4_decoder_xo\solution1\.autopilot\db\int4_decoder_blocks.pp.0.cpp:21196:15: warning: Added loop label VITIS_LOOP_447_2:   [xilinx-label-all-loops]
              for(int i = 0; i < W_-1; ++i) {
              ^~~
              VITIS_LOOP_447_2: 
C:\KLTN\u250\proj_int4_decoder_xo\solution1\.autopilot\db\int4_decoder_blocks.pp.0.cpp:21196:15: note: FIX-IT applied suggested code changes
C:\KLTN\u250\proj_int4_decoder_xo\solution1\.autopilot\db\int4_decoder_blocks.pp.0.cpp:21316:13: warning: Added loop label VITIS_LOOP_33_1:   [xilinx-label-all-loops]
            for (int i = 0; i < W_-1; i++){
            ^~~
            VITIS_LOOP_33_1: 
C:\KLTN\u250\proj_int4_decoder_xo\solution1\.autopilot\db\int4_decoder_blocks.pp.0.cpp:21316:13: note: FIX-IT applied suggested code changes
C:\KLTN\u250\proj_int4_decoder_xo\solution1\.autopilot\db\int4_decoder_blocks.pp.0.cpp:21440:13: warning: Added loop label VITIS_LOOP_183_1:   [xilinx-label-all-loops]
            for (int i = 0; i < W_-1; i++){
            ^~~
            VITIS_LOOP_183_1: 
C:\KLTN\u250\proj_int4_decoder_xo\solution1\.autopilot\db\int4_decoder_blocks.pp.0.cpp:21440:13: note: FIX-IT applied suggested code changes
C:\KLTN\u250\proj_int4_decoder_xo\solution1\.autopilot\db\int4_decoder_blocks.pp.0.cpp:21495:13: warning: Added loop label VITIS_LOOP_248_1:   [xilinx-label-all-loops]
            for (int i = 0; i < W_-1; i++){
            ^~~
            VITIS_LOOP_248_1: 
C:\KLTN\u250\proj_int4_decoder_xo\solution1\.autopilot\db\int4_decoder_blocks.pp.0.cpp:21495:13: note: FIX-IT applied suggested code changes
C:\KLTN\u250\proj_int4_decoder_xo\solution1\.autopilot\db\int4_decoder_blocks.pp.0.cpp:22014:2: warning: Added loop label VITIS_LOOP_16_1:   [xilinx-label-all-loops]
 for (int i=0; i<W_;i++)
 ^~~
 VITIS_LOOP_16_1: 
C:\KLTN\u250\proj_int4_decoder_xo\solution1\.autopilot\db\int4_decoder_blocks.pp.0.cpp:22014:2: note: FIX-IT applied suggested code changes
C:\KLTN\u250\proj_int4_decoder_xo\solution1\.autopilot\db\int4_decoder_blocks.pp.0.cpp:22025:2: warning: Added loop label VITIS_LOOP_27_1:   [xilinx-label-all-loops]
 for (int i=0; i<W_;i++)
 ^~~
 VITIS_LOOP_27_1: 
C:\KLTN\u250\proj_int4_decoder_xo\solution1\.autopilot\db\int4_decoder_blocks.pp.0.cpp:22025:2: note: FIX-IT applied suggested code changes
C:\KLTN\u250\proj_int4_decoder_xo\solution1\.autopilot\db\int4_decoder_blocks.pp.0.cpp:22036:2: warning: Added loop label VITIS_LOOP_38_1:   [xilinx-label-all-loops]
 for (int i=0; i<I_;i++)
 ^~~
 VITIS_LOOP_38_1: 
C:\KLTN\u250\proj_int4_decoder_xo\solution1\.autopilot\db\int4_decoder_blocks.pp.0.cpp:22036:2: note: FIX-IT applied suggested code changes
C:\KLTN\u250\proj_int4_decoder_xo\solution1\.autopilot\db\int4_decoder_blocks.pp.0.cpp:22047:2: warning: Added loop label VITIS_LOOP_49_1:   [xilinx-label-all-loops]
 for (int i=0; i<I_;i++)
 ^~~
 VITIS_LOOP_49_1: 
C:\KLTN\u250\proj_int4_decoder_xo\solution1\.autopilot\db\int4_decoder_blocks.pp.0.cpp:22047:2: note: FIX-IT applied suggested code changes
C:\KLTN\u250\proj_int4_decoder_xo\solution1\.autopilot\db\int4_decoder_blocks.pp.0.cpp:22058:2: warning: Added loop label VITIS_LOOP_60_1:   [xilinx-label-all-loops]
 for (int i=0; i<W_;i++)
 ^~~
 VITIS_LOOP_60_1: 
C:\KLTN\u250\proj_int4_decoder_xo\solution1\.autopilot\db\int4_decoder_blocks.pp.0.cpp:22058:2: note: FIX-IT applied suggested code changes
C:\KLTN\u250\proj_int4_decoder_xo\solution1\.autopilot\db\int4_decoder_blocks.pp.0.cpp:22069:2: warning: Added loop label VITIS_LOOP_71_1:   [xilinx-label-all-loops]
 for (int i=0; i<W_;i++)
 ^~~
 VITIS_LOOP_71_1: 
C:\KLTN\u250\proj_int4_decoder_xo\solution1\.autopilot\db\int4_decoder_blocks.pp.0.cpp:22069:2: note: FIX-IT applied suggested code changes
C:\KLTN\u250\proj_int4_decoder_xo\solution1\.autopilot\db\int4_decoder_blocks.pp.0.cpp:22080:2: warning: Added loop label VITIS_LOOP_82_1:   [xilinx-label-all-loops]
 for (int i=0; i<I_;i++)
 ^~~
 VITIS_LOOP_82_1: 
C:\KLTN\u250\proj_int4_decoder_xo\solution1\.autopilot\db\int4_decoder_blocks.pp.0.cpp:22080:2: note: FIX-IT applied suggested code changes
C:\KLTN\u250\proj_int4_decoder_xo\solution1\.autopilot\db\int4_decoder_blocks.pp.0.cpp:22091:2: warning: Added loop label VITIS_LOOP_93_1:   [xilinx-label-all-loops]
 for (int i=0; i<I_;i++)
 ^~~
 VITIS_LOOP_93_1: 
C:\KLTN\u250\proj_int4_decoder_xo\solution1\.autopilot\db\int4_decoder_blocks.pp.0.cpp:22091:2: note: FIX-IT applied suggested code changes
C:\KLTN\u250\proj_int4_decoder_xo\solution1\.autopilot\db\int4_decoder_blocks.pp.0.cpp:24416:12: warning: Added loop label VITIS_LOOP_26_1:   [xilinx-label-all-loops]
           for(int i = 0; i < W_-1; ++i) {
           ^~~
           VITIS_LOOP_26_1: 
C:\KLTN\u250\proj_int4_decoder_xo\solution1\.autopilot\db\int4_decoder_blocks.pp.0.cpp:24416:12: note: FIX-IT applied suggested code changes
C:\KLTN\u250\proj_int4_decoder_xo\solution1\.autopilot\db\int4_decoder_blocks.pp.0.cpp:24480:7: warning: Added loop label VITIS_LOOP_40_1:   [xilinx-label-all-loops]
      for(int pos = msbr - 1 ; pos >= -F-1; pos--) {
      ^~~
      VITIS_LOOP_40_1: 
C:\KLTN\u250\proj_int4_decoder_xo\solution1\.autopilot\db\int4_decoder_blocks.pp.0.cpp:24480:7: note: FIX-IT applied suggested code changes
C:\KLTN\u250\proj_int4_decoder_xo\solution1\.autopilot\db\int4_decoder_blocks.pp.0.cpp:24597:9: warning: Added loop label VITIS_LOOP_49_1:   [xilinx-label-all-loops]
        for(int pos = msbr - 1; pos >= 0; pos--) {
        ^~~
        VITIS_LOOP_49_1: 
C:\KLTN\u250\proj_int4_decoder_xo\solution1\.autopilot\db\int4_decoder_blocks.pp.0.cpp:24597:9: note: FIX-IT applied suggested code changes
C:\KLTN\u250\proj_int4_decoder_xo\solution1\.autopilot\db\int4_decoder_blocks.pp.0.cpp:24622:5: warning: Added loop label VITIS_LOOP_81_2:   [xilinx-label-all-loops]
    for(int pos = -1; pos >= -F-1; pos--) {
    ^~~
    VITIS_LOOP_81_2: 
C:\KLTN\u250\proj_int4_decoder_xo\solution1\.autopilot\db\int4_decoder_blocks.pp.0.cpp:24622:5: note: FIX-IT applied suggested code changes
C:\KLTN\u250\proj_int4_decoder_xo\solution1\.autopilot\db\int4_decoder_blocks.pp.0.cpp:24692:8: warning: Added loop label VITIS_LOOP_169_3:   [xilinx-label-all-loops]
       for(int i = 0; i < W - 1; ++i) {
       ^~~
       VITIS_LOOP_169_3: 
C:\KLTN\u250\proj_int4_decoder_xo\solution1\.autopilot\db\int4_decoder_blocks.pp.0.cpp:24692:8: note: FIX-IT applied suggested code changes
C:\KLTN\u250\proj_int4_decoder_xo\solution1\.autopilot\db\int4_decoder_blocks.pp.0.cpp:27021:51: error: Invalid Directive: for current device, ram_1p + bram is invalid combination for BIND_STORAGE's option 'type + impl' [clang-diagnostic-error]
#pragma HLS BIND_STORAGE variable=normalized type=ram_1p impl=bram latency=1
                                                  ^
C:\KLTN\u250\proj_int4_decoder_xo\solution1\.autopilot\db\int4_decoder_blocks.pp.0.cpp:27270:54: error: Invalid Directive: for current device, fifo + bram is invalid combination for BIND_STORAGE's option 'type + impl' [clang-diagnostic-error]
#pragma HLS BIND_STORAGE variable=quantized_pe0 type=fifo impl=bram
                                                     ^
C:\KLTN\u250\proj_int4_decoder_xo\solution1\.autopilot\db\int4_decoder_blocks.pp.0.cpp:27271:54: error: Invalid Directive: for current device, fifo + bram is invalid combination for BIND_STORAGE's option 'type + impl' [clang-diagnostic-error]
#pragma HLS BIND_STORAGE variable=quantized_pe1 type=fifo impl=bram
                                                     ^
C:\KLTN\u250\proj_int4_decoder_xo\solution1\.autopilot\db\int4_decoder_blocks.pp.0.cpp:27272:54: error: Invalid Directive: for current device, fifo + bram is invalid combination for BIND_STORAGE's option 'type + impl' [clang-diagnostic-error]
#pragma HLS BIND_STORAGE variable=quantized_pe2 type=fifo impl=bram
                                                     ^
C:\KLTN\u250\proj_int4_decoder_xo\solution1\.autopilot\db\int4_decoder_blocks.pp.0.cpp:27273:54: error: Invalid Directive: for current device, fifo + bram is invalid combination for BIND_STORAGE's option 'type + impl' [clang-diagnostic-error]
#pragma HLS BIND_STORAGE variable=quantized_pe3 type=fifo impl=bram
                                                     ^
C:\KLTN\u250\proj_int4_decoder_xo\solution1\.autopilot\db\int4_decoder_blocks.pp.0.cpp:27324:54: error: Invalid Directive: for current device, fifo + bram is invalid combination for BIND_STORAGE's option 'type + impl' [clang-diagnostic-error]
#pragma HLS BIND_STORAGE variable=quantized_pe0 type=fifo impl=bram
                                                     ^
C:\KLTN\u250\proj_int4_decoder_xo\solution1\.autopilot\db\int4_decoder_blocks.pp.0.cpp:27325:54: error: Invalid Directive: for current device, fifo + bram is invalid combination for BIND_STORAGE's option 'type + impl' [clang-diagnostic-error]
#pragma HLS BIND_STORAGE variable=quantized_pe1 type=fifo impl=bram
                                                     ^
C:\KLTN\u250\proj_int4_decoder_xo\solution1\.autopilot\db\int4_decoder_blocks.pp.0.cpp:27326:54: error: Invalid Directive: for current device, fifo + bram is invalid combination for BIND_STORAGE's option 'type + impl' [clang-diagnostic-error]
#pragma HLS BIND_STORAGE variable=quantized_pe2 type=fifo impl=bram
                                                     ^
C:\KLTN\u250\proj_int4_decoder_xo\solution1\.autopilot\db\int4_decoder_blocks.pp.0.cpp:27327:54: error: Invalid Directive: for current device, fifo + bram is invalid combination for BIND_STORAGE's option 'type + impl' [clang-diagnostic-error]
#pragma HLS BIND_STORAGE variable=quantized_pe3 type=fifo impl=bram
                                                     ^
C:\KLTN\u250\proj_int4_decoder_xo\solution1\.autopilot\db\int4_decoder_blocks.pp.0.cpp:27625:53: error: Invalid Directive: for current device, ram_1p + bram is invalid combination for BIND_STORAGE's option 'type + impl' [clang-diagnostic-error]
#pragma HLS BIND_STORAGE variable=swiglu_group type=ram_1p impl=bram latency=1
                                                    ^
C:\KLTN\u250\proj_int4_decoder_xo\solution1\.autopilot\db\int4_decoder_blocks.pp.0.cpp:27927:54: error: Invalid Directive: for current device, fifo + bram is invalid combination for BIND_STORAGE's option 'type + impl' [clang-diagnostic-error]
#pragma HLS BIND_STORAGE variable=quantized_pe0 type=fifo impl=bram
                                                     ^
C:\KLTN\u250\proj_int4_decoder_xo\solution1\.autopilot\db\int4_decoder_blocks.pp.0.cpp:27928:54: error: Invalid Directive: for current device, fifo + bram is invalid combination for BIND_STORAGE's option 'type + impl' [clang-diagnostic-error]
#pragma HLS BIND_STORAGE variable=quantized_pe1 type=fifo impl=bram
                                                     ^
C:\KLTN\u250\proj_int4_decoder_xo\solution1\.autopilot\db\int4_decoder_blocks.pp.0.cpp:27929:54: error: Invalid Directive: for current device, fifo + bram is invalid combination for BIND_STORAGE's option 'type + impl' [clang-diagnostic-error]
#pragma HLS BIND_STORAGE variable=quantized_pe2 type=fifo impl=bram
                                                     ^
C:\KLTN\u250\proj_int4_decoder_xo\solution1\.autopilot\db\int4_decoder_blocks.pp.0.cpp:27930:54: error: Invalid Directive: for current device, fifo + bram is invalid combination for BIND_STORAGE's option 'type + impl' [clang-diagnostic-error]
#pragma HLS BIND_STORAGE variable=quantized_pe3 type=fifo impl=bram
                                                     ^
C:\KLTN\u250\proj_int4_decoder_xo\solution1\.autopilot\db\int4_decoder_blocks.pp.0.cpp:27931:50: error: Invalid Directive: for current device, fifo + srl is invalid combination for BIND_STORAGE's option 'type + impl' [clang-diagnostic-error]
#pragma HLS BIND_STORAGE variable=scale_pe0 type=fifo impl=srl
                                                 ^
C:\KLTN\u250\proj_int4_decoder_xo\solution1\.autopilot\db\int4_decoder_blocks.pp.0.cpp:27932:50: error: Invalid Directive: for current device, fifo + srl is invalid combination for BIND_STORAGE's option 'type + impl' [clang-diagnostic-error]
#pragma HLS BIND_STORAGE variable=scale_pe1 type=fifo impl=srl
                                                 ^
C:\KLTN\u250\proj_int4_decoder_xo\solution1\.autopilot\db\int4_decoder_blocks.pp.0.cpp:27933:50: error: Invalid Directive: for current device, fifo + srl is invalid combination for BIND_STORAGE's option 'type + impl' [clang-diagnostic-error]
#pragma HLS BIND_STORAGE variable=scale_pe2 type=fifo impl=srl
                                                 ^
C:\KLTN\u250\proj_int4_decoder_xo\solution1\.autopilot\db\int4_decoder_blocks.pp.0.cpp:27934:50: error: Invalid Directive: for current device, fifo + srl is invalid combination for BIND_STORAGE's option 'type + impl' [clang-diagnostic-error]
#pragma HLS BIND_STORAGE variable=scale_pe3 type=fifo impl=srl
                                                 ^
C:\KLTN\u250\proj_int4_decoder_xo\solution1\.autopilot\db\int4_decoder_blocks.pp.0.cpp:27979:54: error: Invalid Directive: for current device, fifo + bram is invalid combination for BIND_STORAGE's option 'type + impl' [clang-diagnostic-error]
#pragma HLS BIND_STORAGE variable=quantized_pe0 type=fifo impl=bram
                                                     ^
C:\KLTN\u250\proj_int4_decoder_xo\solution1\.autopilot\db\int4_decoder_blocks.pp.0.cpp:27980:54: error: Invalid Directive: for current device, fifo + bram is invalid combination for BIND_STORAGE's option 'type + impl' [clang-diagnostic-error]
#pragma HLS BIND_STORAGE variable=quantized_pe1 type=fifo impl=bram
                                                     ^
C:\KLTN\u250\proj_int4_decoder_xo\solution1\.autopilot\db\int4_decoder_blocks.pp.0.cpp:27981:54: error: Invalid Directive: for current device, fifo + bram is invalid combination for BIND_STORAGE's option 'type + impl' [clang-diagnostic-error]
#pragma HLS BIND_STORAGE variable=quantized_pe2 type=fifo impl=bram
                                                     ^
C:\KLTN\u250\proj_int4_decoder_xo\solution1\.autopilot\db\int4_decoder_blocks.pp.0.cpp:27982:54: error: Invalid Directive: for current device, fifo + bram is invalid combination for BIND_STORAGE's option 'type + impl' [clang-diagnostic-error]
#pragma HLS BIND_STORAGE variable=quantized_pe3 type=fifo impl=bram
                                                     ^
C:\KLTN\u250\proj_int4_decoder_xo\solution1\.autopilot\db\int4_decoder_blocks.pp.0.cpp:27983:50: error: Invalid Directive: for current device, fifo + srl is invalid combination for BIND_STORAGE's option 'type + impl' [clang-diagnostic-error]
#pragma HLS BIND_STORAGE variable=scale_pe0 type=fifo impl=srl
                                                 ^
C:\KLTN\u250\proj_int4_decoder_xo\solution1\.autopilot\db\int4_decoder_blocks.pp.0.cpp:27984:50: error: Invalid Directive: for current device, fifo + srl is invalid combination for BIND_STORAGE's option 'type + impl' [clang-diagnostic-error]
#pragma HLS BIND_STORAGE variable=scale_pe1 type=fifo impl=srl
                                                 ^
C:\KLTN\u250\proj_int4_decoder_xo\solution1\.autopilot\db\int4_decoder_blocks.pp.0.cpp:27985:50: error: Invalid Directive: for current device, fifo + srl is invalid combination for BIND_STORAGE's option 'type + impl' [clang-diagnostic-error]
#pragma HLS BIND_STORAGE variable=scale_pe2 type=fifo impl=srl
                                                 ^
C:\KLTN\u250\proj_int4_decoder_xo\solution1\.autopilot\db\int4_decoder_blocks.pp.0.cpp:27986:50: error: Invalid Directive: for current device, fifo + srl is invalid combination for BIND_STORAGE's option 'type + impl' [clang-diagnostic-error]
#pragma HLS BIND_STORAGE variable=scale_pe3 type=fifo impl=srl
                                                 ^
