

================================================================
== Vitis HLS Report for 'int4_route_linear_projection_7_Pipeline_route_linear_projection_loop'
================================================================
* Date:           Tue Aug 11 09:17:50 2026

* Version:        2023.2 (Build 4023990 on Oct 11 2023)
* Project:        proj_int4_decoder_xo
* Solution:       solution1 (Vitis Kernel Flow Target)
* Product family: virtexuplus
* Target device:  xcu250-figd2104-2L-e


================================================================
== Performance Estimates
================================================================
+ Timing: 
    * Summary: 
    +--------+---------+----------+------------+
    |  Clock |  Target | Estimated| Uncertainty|
    +--------+---------+----------+------------+
    |ap_clk  |  3.33 ns|  2.607 ns|     0.90 ns|
    +--------+---------+----------+------------+

+ Latency: 
    * Summary: 
    +---------+---------+----------+----------+-----+-----+---------+
    |  Latency (cycles) |  Latency (absolute) |  Interval | Pipeline|
    |   min   |   max   |    min   |    max   | min | max |   Type  |
    +---------+---------+----------+----------+-----+-----+---------+
    |      507|      507|  1.690 us|  1.690 us|  507|  507|       no|
    +---------+---------+----------+----------+-----+-----+---------+

    + Detail: 
        * Instance: 
        N/A

        * Loop: 
        +--------------------------------+---------+---------+----------+-----------+-----------+------+----------+
        |                                |  Latency (cycles) | Iteration|  Initiation Interval  | Trip |          |
        |            Loop Name           |   min   |   max   |  Latency |  achieved |   target  | Count| Pipelined|
        +--------------------------------+---------+---------+----------+-----------+-----------+------+----------+
        |- route_linear_projection_loop  |      505|      505|         3|          1|          1|   504|       yes|
        +--------------------------------+---------+---------+----------+-----------+-----------+------+----------+

============================================================
+ Verbose Summary: Synthesis Manager
============================================================
InlineROM: 1
ExposeGlobal: 0
============================================================
+ Verbose Summary: CDFG Model
============================================================
IsTopModel: 0
ResetActiveHigh: 1
IsCombinational: 0
IsDatapathOnly: 0
HasWiredReturn: 1
HasMFsm: 2
HasVarLatency: 1
IsPipeline: 0
IsRtlPipelined: 0
IsInstanceOverlapped: 0
IsDontTouch: 0
HasImplIP: 0
IsGatedGlobalClock: 0

+ Individual pipeline summary: 
  * Pipeline-0: initiation interval (II) = 1, depth = 3


============================================================
+ Verbose Summary: Schedule
============================================================
* Number of FSM states : 3
* Pipeline : 1
  Pipeline-0 : II = 1, D = 3, States = { 1 2 3 }
* Dataflow Pipeline: 0

* FSM state transitions: 
1 --> 2 
2 --> 3 
3 --> 

* FSM state operations: 

State 1 <SV = 0> <Delay = 2.60>
ST_1 : Operation 6 [1/1] (0.00ns)   --->   "%word = alloca i32 1" [source/int4_decoder_controller.cpp:157]   --->   Operation 6 'alloca' 'word' <Predicate = true> <Delay = 0.00>
ST_1 : Operation 7 [1/1] (0.00ns)   --->   "%sext_ln157_3_read = read i58 @_ssdm_op_Read.ap_auto.i58, i58 %sext_ln157_3"   --->   Operation 7 'read' 'sext_ln157_3_read' <Predicate = true> <Delay = 0.00>
ST_1 : Operation 8 [1/1] (0.00ns)   --->   "%sext_ln157_2_read = read i58 @_ssdm_op_Read.ap_auto.i58, i58 %sext_ln157_2"   --->   Operation 8 'read' 'sext_ln157_2_read' <Predicate = true> <Delay = 0.00>
ST_1 : Operation 9 [1/1] (0.00ns)   --->   "%sext_ln157_1_read = read i58 @_ssdm_op_Read.ap_auto.i58, i58 %sext_ln157_1"   --->   Operation 9 'read' 'sext_ln157_1_read' <Predicate = true> <Delay = 0.00>
ST_1 : Operation 10 [1/1] (0.00ns)   --->   "%sext_ln157_read = read i58 @_ssdm_op_Read.ap_auto.i58, i58 %sext_ln157"   --->   Operation 10 'read' 'sext_ln157_read' <Predicate = true> <Delay = 0.00>
ST_1 : Operation 11 [1/1] (0.00ns)   --->   "%sext_ln157_3_cast = sext i58 %sext_ln157_3_read"   --->   Operation 11 'sext' 'sext_ln157_3_cast' <Predicate = true> <Delay = 0.00>
ST_1 : Operation 12 [1/1] (0.00ns)   --->   "%sext_ln157_2_cast = sext i58 %sext_ln157_2_read"   --->   Operation 12 'sext' 'sext_ln157_2_cast' <Predicate = true> <Delay = 0.00>
ST_1 : Operation 13 [1/1] (0.00ns)   --->   "%sext_ln157_1_cast = sext i58 %sext_ln157_1_read"   --->   Operation 13 'sext' 'sext_ln157_1_cast' <Predicate = true> <Delay = 0.00>
ST_1 : Operation 14 [1/1] (0.00ns)   --->   "%sext_ln157_cast = sext i58 %sext_ln157_read"   --->   Operation 14 'sext' 'sext_ln157_cast' <Predicate = true> <Delay = 0.00>
ST_1 : Operation 15 [1/1] (0.00ns)   --->   "%specmemcore_ln0 = specmemcore void @_ssdm_op_SpecMemCore, i512 %linear_stage0, i64 666, i64 24, i64 18446744073709551615"   --->   Operation 15 'specmemcore' 'specmemcore_ln0' <Predicate = true> <Delay = 0.00>
ST_1 : Operation 16 [1/1] (0.00ns)   --->   "%specmemcore_ln0 = specmemcore void @_ssdm_op_SpecMemCore, i512 %linear_stage1, i64 666, i64 24, i64 18446744073709551615"   --->   Operation 16 'specmemcore' 'specmemcore_ln0' <Predicate = true> <Delay = 0.00>
ST_1 : Operation 17 [1/1] (0.00ns)   --->   "%specmemcore_ln0 = specmemcore void @_ssdm_op_SpecMemCore, i512 %linear_stage2, i64 666, i64 24, i64 18446744073709551615"   --->   Operation 17 'specmemcore' 'specmemcore_ln0' <Predicate = true> <Delay = 0.00>
ST_1 : Operation 18 [1/1] (0.00ns)   --->   "%specmemcore_ln0 = specmemcore void @_ssdm_op_SpecMemCore, i512 %linear_stage3, i64 666, i64 24, i64 18446744073709551615"   --->   Operation 18 'specmemcore' 'specmemcore_ln0' <Predicate = true> <Delay = 0.00>
ST_1 : Operation 19 [1/1] (0.00ns)   --->   "%specinterface_ln0 = specinterface void @_ssdm_op_SpecInterface, i512 %gmem0, void @empty_417, i32 0, i32 0, void @empty_418, i32 64, i32 13043328, void @empty_419, void @empty_420, void @empty_418, i32 8, i32 2, i32 256, i32 64, void @empty_418, void @empty_418, i32 4294967295, i32 0"   --->   Operation 19 'specinterface' 'specinterface_ln0' <Predicate = true> <Delay = 0.00>
ST_1 : Operation 20 [1/1] (0.00ns)   --->   "%specinterface_ln0 = specinterface void @_ssdm_op_SpecInterface, i512 %gmem1, void @empty_417, i32 0, i32 0, void @empty_418, i32 64, i32 13043328, void @empty_421, void @empty_420, void @empty_418, i32 8, i32 2, i32 256, i32 64, void @empty_418, void @empty_418, i32 4294967295, i32 0"   --->   Operation 20 'specinterface' 'specinterface_ln0' <Predicate = true> <Delay = 0.00>
ST_1 : Operation 21 [1/1] (0.00ns)   --->   "%specinterface_ln0 = specinterface void @_ssdm_op_SpecInterface, i512 %gmem2, void @empty_417, i32 0, i32 0, void @empty_418, i32 64, i32 13043328, void @empty_422, void @empty_420, void @empty_418, i32 8, i32 2, i32 256, i32 64, void @empty_418, void @empty_418, i32 4294967295, i32 0"   --->   Operation 21 'specinterface' 'specinterface_ln0' <Predicate = true> <Delay = 0.00>
ST_1 : Operation 22 [1/1] (0.00ns)   --->   "%specinterface_ln0 = specinterface void @_ssdm_op_SpecInterface, i512 %gmem3, void @empty_417, i32 0, i32 0, void @empty_418, i32 64, i32 13043328, void @empty_423, void @empty_420, void @empty_418, i32 8, i32 2, i32 256, i32 64, void @empty_418, void @empty_418, i32 4294967295, i32 0"   --->   Operation 22 'specinterface' 'specinterface_ln0' <Predicate = true> <Delay = 0.00>
ST_1 : Operation 23 [1/1] (0.38ns)   --->   "%store_ln157 = store i9 0, i9 %word" [source/int4_decoder_controller.cpp:157]   --->   Operation 23 'store' 'store_ln157' <Predicate = true> <Delay = 0.38>
ST_1 : Operation 24 [1/1] (0.00ns)   --->   "%br_ln0 = br void %for.inc"   --->   Operation 24 'br' 'br_ln0' <Predicate = true> <Delay = 0.00>
ST_1 : Operation 25 [1/1] (0.00ns)   --->   "%word_17 = load i9 %word" [source/int4_decoder_controller.cpp:157]   --->   Operation 25 'load' 'word_17' <Predicate = true> <Delay = 0.00>
ST_1 : Operation 26 [1/1] (0.71ns)   --->   "%icmp_ln157 = icmp_eq  i9 %word_17, i9 504" [source/int4_decoder_controller.cpp:157]   --->   Operation 26 'icmp' 'icmp_ln157' <Predicate = true> <Delay = 0.71> <CoreInst = "Cmp">   --->   Core 9 'Cmp' <Latency = 0> <II = 1> <Delay = 0.71> <FuncUnit> <Opcode : 'icmp'> <InPorts = 2> <OutPorts = 1>
ST_1 : Operation 27 [1/1] (0.71ns)   --->   "%add_ln157 = add i9 %word_17, i9 1" [source/int4_decoder_controller.cpp:157]   --->   Operation 27 'add' 'add_ln157' <Predicate = true> <Delay = 0.71> <CoreInst = "Adder">   --->   Core 1 'Adder' <Latency = 0> <II = 1> <Delay = 0.71> <FuncUnit> <Opcode : 'add' 'sub'> <InPorts = 2> <OutPorts = 1>
ST_1 : Operation 28 [1/1] (0.00ns)   --->   "%br_ln157 = br i1 %icmp_ln157, void %for.inc.split, void %for.end.exitStub" [source/int4_decoder_controller.cpp:157]   --->   Operation 28 'br' 'br_ln157' <Predicate = true> <Delay = 0.00>
ST_1 : Operation 29 [1/1] (0.00ns)   --->   "%zext_ln157 = zext i9 %word_17" [source/int4_decoder_controller.cpp:157]   --->   Operation 29 'zext' 'zext_ln157' <Predicate = (!icmp_ln157)> <Delay = 0.00>
ST_1 : Operation 30 [1/1] (0.00ns)   --->   "%linear_stage0_addr = getelementptr i512 %linear_stage0, i64 0, i64 %zext_ln157" [source/int4_decoder_controller.cpp:159]   --->   Operation 30 'getelementptr' 'linear_stage0_addr' <Predicate = (!icmp_ln157)> <Delay = 0.00>
ST_1 : Operation 31 [2/2] (2.22ns)   --->   "%linear_stage0_load = load i9 %linear_stage0_addr" [source/int4_decoder_controller.cpp:159]   --->   Operation 31 'load' 'linear_stage0_load' <Predicate = (!icmp_ln157)> <Delay = 2.22> <CoreInst = "RAM_2P_URAM">   --->   Core 95 'RAM_2P_URAM' <Latency = 1> <II = 1> <Delay = 2.22> <Storage> <Opcode : 'load' 'store'> <Ports = 2> <Width = 512> <Depth = 504> <RAM>
ST_1 : Operation 32 [1/1] (0.00ns)   --->   "%linear_stage1_addr = getelementptr i512 %linear_stage1, i64 0, i64 %zext_ln157" [source/int4_decoder_controller.cpp:160]   --->   Operation 32 'getelementptr' 'linear_stage1_addr' <Predicate = (!icmp_ln157)> <Delay = 0.00>
ST_1 : Operation 33 [2/2] (2.22ns)   --->   "%linear_stage1_load = load i9 %linear_stage1_addr" [source/int4_decoder_controller.cpp:160]   --->   Operation 33 'load' 'linear_stage1_load' <Predicate = (!icmp_ln157)> <Delay = 2.22> <CoreInst = "RAM_2P_URAM">   --->   Core 95 'RAM_2P_URAM' <Latency = 1> <II = 1> <Delay = 2.22> <Storage> <Opcode : 'load' 'store'> <Ports = 2> <Width = 512> <Depth = 504> <RAM>
ST_1 : Operation 34 [1/1] (0.00ns)   --->   "%linear_stage2_addr = getelementptr i512 %linear_stage2, i64 0, i64 %zext_ln157" [source/int4_decoder_controller.cpp:161]   --->   Operation 34 'getelementptr' 'linear_stage2_addr' <Predicate = (!icmp_ln157)> <Delay = 0.00>
ST_1 : Operation 35 [2/2] (2.22ns)   --->   "%linear_stage2_load = load i9 %linear_stage2_addr" [source/int4_decoder_controller.cpp:161]   --->   Operation 35 'load' 'linear_stage2_load' <Predicate = (!icmp_ln157)> <Delay = 2.22> <CoreInst = "RAM_2P_URAM">   --->   Core 95 'RAM_2P_URAM' <Latency = 1> <II = 1> <Delay = 2.22> <Storage> <Opcode : 'load' 'store'> <Ports = 2> <Width = 512> <Depth = 504> <RAM>
ST_1 : Operation 36 [1/1] (0.00ns)   --->   "%linear_stage3_addr = getelementptr i512 %linear_stage3, i64 0, i64 %zext_ln157" [source/int4_decoder_controller.cpp:162]   --->   Operation 36 'getelementptr' 'linear_stage3_addr' <Predicate = (!icmp_ln157)> <Delay = 0.00>
ST_1 : Operation 37 [2/2] (2.22ns)   --->   "%linear_stage3_load = load i9 %linear_stage3_addr" [source/int4_decoder_controller.cpp:162]   --->   Operation 37 'load' 'linear_stage3_load' <Predicate = (!icmp_ln157)> <Delay = 2.22> <CoreInst = "RAM_2P_URAM">   --->   Core 95 'RAM_2P_URAM' <Latency = 1> <II = 1> <Delay = 2.22> <Storage> <Opcode : 'load' 'store'> <Ports = 2> <Width = 512> <Depth = 504> <RAM>
ST_1 : Operation 38 [1/1] (0.38ns)   --->   "%store_ln157 = store i9 %add_ln157, i9 %word" [source/int4_decoder_controller.cpp:157]   --->   Operation 38 'store' 'store_ln157' <Predicate = (!icmp_ln157)> <Delay = 0.38>

State 2 <SV = 1> <Delay = 2.22>
ST_2 : Operation 39 [1/2] (2.22ns)   --->   "%linear_stage0_load = load i9 %linear_stage0_addr" [source/int4_decoder_controller.cpp:159]   --->   Operation 39 'load' 'linear_stage0_load' <Predicate = true> <Delay = 2.22> <CoreInst = "RAM_2P_URAM">   --->   Core 95 'RAM_2P_URAM' <Latency = 1> <II = 1> <Delay = 2.22> <Storage> <Opcode : 'load' 'store'> <Ports = 2> <Width = 512> <Depth = 504> <RAM>
ST_2 : Operation 40 [1/2] (2.22ns)   --->   "%linear_stage1_load = load i9 %linear_stage1_addr" [source/int4_decoder_controller.cpp:160]   --->   Operation 40 'load' 'linear_stage1_load' <Predicate = true> <Delay = 2.22> <CoreInst = "RAM_2P_URAM">   --->   Core 95 'RAM_2P_URAM' <Latency = 1> <II = 1> <Delay = 2.22> <Storage> <Opcode : 'load' 'store'> <Ports = 2> <Width = 512> <Depth = 504> <RAM>
ST_2 : Operation 41 [1/2] (2.22ns)   --->   "%linear_stage2_load = load i9 %linear_stage2_addr" [source/int4_decoder_controller.cpp:161]   --->   Operation 41 'load' 'linear_stage2_load' <Predicate = true> <Delay = 2.22> <CoreInst = "RAM_2P_URAM">   --->   Core 95 'RAM_2P_URAM' <Latency = 1> <II = 1> <Delay = 2.22> <Storage> <Opcode : 'load' 'store'> <Ports = 2> <Width = 512> <Depth = 504> <RAM>
ST_2 : Operation 42 [1/2] (2.22ns)   --->   "%linear_stage3_load = load i9 %linear_stage3_addr" [source/int4_decoder_controller.cpp:162]   --->   Operation 42 'load' 'linear_stage3_load' <Predicate = true> <Delay = 2.22> <CoreInst = "RAM_2P_URAM">   --->   Core 95 'RAM_2P_URAM' <Latency = 1> <II = 1> <Delay = 2.22> <Storage> <Opcode : 'load' 'store'> <Ports = 2> <Width = 512> <Depth = 504> <RAM>
ST_2 : Operation 55 [1/1] (0.00ns)   --->   "%ret_ln0 = ret"   --->   Operation 55 'ret' 'ret_ln0' <Predicate = (icmp_ln157)> <Delay = 0.00>

State 3 <SV = 2> <Delay = 2.43>
ST_3 : Operation 43 [1/1] (0.00ns)   --->   "%gmem0_addr = getelementptr i512 %gmem0, i64 %sext_ln157_cast" [source/int4_decoder_controller.cpp:157]   --->   Operation 43 'getelementptr' 'gmem0_addr' <Predicate = true> <Delay = 0.00>
ST_3 : Operation 44 [1/1] (0.00ns)   --->   "%gmem1_addr = getelementptr i512 %gmem1, i64 %sext_ln157_1_cast" [source/int4_decoder_controller.cpp:157]   --->   Operation 44 'getelementptr' 'gmem1_addr' <Predicate = true> <Delay = 0.00>
ST_3 : Operation 45 [1/1] (0.00ns)   --->   "%gmem2_addr = getelementptr i512 %gmem2, i64 %sext_ln157_2_cast" [source/int4_decoder_controller.cpp:157]   --->   Operation 45 'getelementptr' 'gmem2_addr' <Predicate = true> <Delay = 0.00>
ST_3 : Operation 46 [1/1] (0.00ns)   --->   "%gmem3_addr = getelementptr i512 %gmem3, i64 %sext_ln157_3_cast" [source/int4_decoder_controller.cpp:157]   --->   Operation 46 'getelementptr' 'gmem3_addr' <Predicate = true> <Delay = 0.00>
ST_3 : Operation 47 [1/1] (0.00ns)   --->   "%specpipeline_ln158 = specpipeline void @_ssdm_op_SpecPipeline, i32 1, i32 0, i32 0, i32 0, void @empty_418" [source/int4_decoder_controller.cpp:158]   --->   Operation 47 'specpipeline' 'specpipeline_ln158' <Predicate = true> <Delay = 0.00>
ST_3 : Operation 48 [1/1] (0.00ns)   --->   "%speclooptripcount_ln157 = speclooptripcount void @_ssdm_op_SpecLoopTripCount, i64 504, i64 504, i64 504" [source/int4_decoder_controller.cpp:157]   --->   Operation 48 'speclooptripcount' 'speclooptripcount_ln157' <Predicate = true> <Delay = 0.00>
ST_3 : Operation 49 [1/1] (0.00ns)   --->   "%specloopname_ln157 = specloopname void @_ssdm_op_SpecLoopName, void @empty_456" [source/int4_decoder_controller.cpp:157]   --->   Operation 49 'specloopname' 'specloopname_ln157' <Predicate = true> <Delay = 0.00>
ST_3 : Operation 50 [1/1] (2.43ns)   --->   "%write_ln159 = write void @_ssdm_op_Write.m_axi.p1i512, i512 %gmem0_addr, i512 %linear_stage0_load, i64 18446744073709551615" [source/int4_decoder_controller.cpp:159]   --->   Operation 50 'write' 'write_ln159' <Predicate = true> <Delay = 2.43> <CoreInst = "m_axi">   --->   Core 121 'm_axi' <Latency = 0> <II = 1> <Delay = 1.00> <Adapter> <Opcode : 'read' 'write' 'readreq' 'writereq' 'writeresp'>
ST_3 : Operation 51 [1/1] (2.43ns)   --->   "%write_ln160 = write void @_ssdm_op_Write.m_axi.p1i512, i512 %gmem1_addr, i512 %linear_stage1_load, i64 18446744073709551615" [source/int4_decoder_controller.cpp:160]   --->   Operation 51 'write' 'write_ln160' <Predicate = true> <Delay = 2.43> <CoreInst = "m_axi">   --->   Core 121 'm_axi' <Latency = 0> <II = 1> <Delay = 1.00> <Adapter> <Opcode : 'read' 'write' 'readreq' 'writereq' 'writeresp'>
ST_3 : Operation 52 [1/1] (2.43ns)   --->   "%write_ln161 = write void @_ssdm_op_Write.m_axi.p1i512, i512 %gmem2_addr, i512 %linear_stage2_load, i64 18446744073709551615" [source/int4_decoder_controller.cpp:161]   --->   Operation 52 'write' 'write_ln161' <Predicate = true> <Delay = 2.43> <CoreInst = "m_axi">   --->   Core 121 'm_axi' <Latency = 0> <II = 1> <Delay = 1.00> <Adapter> <Opcode : 'read' 'write' 'readreq' 'writereq' 'writeresp'>
ST_3 : Operation 53 [1/1] (2.43ns)   --->   "%write_ln162 = write void @_ssdm_op_Write.m_axi.p1i512, i512 %gmem3_addr, i512 %linear_stage3_load, i64 18446744073709551615" [source/int4_decoder_controller.cpp:162]   --->   Operation 53 'write' 'write_ln162' <Predicate = true> <Delay = 2.43> <CoreInst = "m_axi">   --->   Core 121 'm_axi' <Latency = 0> <II = 1> <Delay = 1.00> <Adapter> <Opcode : 'read' 'write' 'readreq' 'writereq' 'writeresp'>
ST_3 : Operation 54 [1/1] (0.00ns)   --->   "%br_ln157 = br void %for.inc" [source/int4_decoder_controller.cpp:157]   --->   Operation 54 'br' 'br_ln157' <Predicate = true> <Delay = 0.00>


============================================================
+ Verbose Summary: Binding
============================================================
STG Binding: 
---------------- STG Properties BEGIN ----------------
- Is combinational: 0
- Is one-state seq: 0
- Is datapath-only: 0
- Is pipelined: 0
- Is top level: 0
Port [ Return ] is wired: 1; IO mode=ap_ctrl_hs:ce=0
Port [ gmem0]:  wired=1; compound=1; hidden=0; nouse=0; global=0; static=0; extern=0; dir=1; type=4; pingpong=0; private_global=0; IO mode=m_axi:ce=0
Port [ sext_ln157]:  wired=1; compound=0; hidden=0; nouse=0; global=0; static=0; extern=0; dir=0; type=0; pingpong=0; private_global=0; IO mode=ap_none:ce=0
Port [ gmem1]:  wired=1; compound=1; hidden=0; nouse=0; global=0; static=0; extern=0; dir=1; type=4; pingpong=0; private_global=0; IO mode=m_axi:ce=0
Port [ sext_ln157_1]:  wired=1; compound=0; hidden=0; nouse=0; global=0; static=0; extern=0; dir=0; type=0; pingpong=0; private_global=0; IO mode=ap_none:ce=0
Port [ gmem2]:  wired=1; compound=1; hidden=0; nouse=0; global=0; static=0; extern=0; dir=1; type=4; pingpong=0; private_global=0; IO mode=m_axi:ce=0
Port [ sext_ln157_2]:  wired=1; compound=0; hidden=0; nouse=0; global=0; static=0; extern=0; dir=0; type=0; pingpong=0; private_global=0; IO mode=ap_none:ce=0
Port [ gmem3]:  wired=1; compound=1; hidden=0; nouse=0; global=0; static=0; extern=0; dir=1; type=4; pingpong=0; private_global=0; IO mode=m_axi:ce=0
Port [ sext_ln157_3]:  wired=1; compound=0; hidden=0; nouse=0; global=0; static=0; extern=0; dir=0; type=0; pingpong=0; private_global=0; IO mode=ap_none:ce=0
Port [ linear_stage0]:  wired=1; compound=1; hidden=0; nouse=0; global=0; static=0; extern=0; dir=0; type=1; pingpong=0; private_global=0; MemPort=[13]; IO mode=ap_memory:ce=0
Port [ linear_stage1]:  wired=1; compound=1; hidden=0; nouse=0; global=0; static=0; extern=0; dir=0; type=1; pingpong=0; private_global=0; MemPort=[13]; IO mode=ap_memory:ce=0
Port [ linear_stage2]:  wired=1; compound=1; hidden=0; nouse=0; global=0; static=0; extern=0; dir=0; type=1; pingpong=0; private_global=0; MemPort=[13]; IO mode=ap_memory:ce=0
Port [ linear_stage3]:  wired=1; compound=1; hidden=0; nouse=0; global=0; static=0; extern=0; dir=0; type=1; pingpong=0; private_global=0; MemPort=[13]; IO mode=ap_memory:ce=0
---------------- STG Properties END ------------------

---------------- Datapath Model BEGIN ----------------

<LifeTime>
<method=bitvector/>
word                    (alloca           ) [ 0100]
sext_ln157_3_read       (read             ) [ 0000]
sext_ln157_2_read       (read             ) [ 0000]
sext_ln157_1_read       (read             ) [ 0000]
sext_ln157_read         (read             ) [ 0000]
sext_ln157_3_cast       (sext             ) [ 0111]
sext_ln157_2_cast       (sext             ) [ 0111]
sext_ln157_1_cast       (sext             ) [ 0111]
sext_ln157_cast         (sext             ) [ 0111]
specmemcore_ln0         (specmemcore      ) [ 0000]
specmemcore_ln0         (specmemcore      ) [ 0000]
specmemcore_ln0         (specmemcore      ) [ 0000]
specmemcore_ln0         (specmemcore      ) [ 0000]
specinterface_ln0       (specinterface    ) [ 0000]
specinterface_ln0       (specinterface    ) [ 0000]
specinterface_ln0       (specinterface    ) [ 0000]
specinterface_ln0       (specinterface    ) [ 0000]
store_ln157             (store            ) [ 0000]
br_ln0                  (br               ) [ 0000]
word_17                 (load             ) [ 0000]
icmp_ln157              (icmp             ) [ 0110]
add_ln157               (add              ) [ 0000]
br_ln157                (br               ) [ 0000]
zext_ln157              (zext             ) [ 0000]
linear_stage0_addr      (getelementptr    ) [ 0110]
linear_stage1_addr      (getelementptr    ) [ 0110]
linear_stage2_addr      (getelementptr    ) [ 0110]
linear_stage3_addr      (getelementptr    ) [ 0110]
store_ln157             (store            ) [ 0000]
linear_stage0_load      (load             ) [ 0101]
linear_stage1_load      (load             ) [ 0101]
linear_stage2_load      (load             ) [ 0101]
linear_stage3_load      (load             ) [ 0101]
gmem0_addr              (getelementptr    ) [ 0000]
gmem1_addr              (getelementptr    ) [ 0000]
gmem2_addr              (getelementptr    ) [ 0000]
gmem3_addr              (getelementptr    ) [ 0000]
specpipeline_ln158      (specpipeline     ) [ 0000]
speclooptripcount_ln157 (speclooptripcount) [ 0000]
specloopname_ln157      (specloopname     ) [ 0000]
write_ln159             (write            ) [ 0000]
write_ln160             (write            ) [ 0000]
write_ln161             (write            ) [ 0000]
write_ln162             (write            ) [ 0000]
br_ln157                (br               ) [ 0000]
ret_ln0                 (ret              ) [ 0000]
</LifeTime>

<model>

<comp_list>
<comp id="0" class="1000" name="gmem0">
<pin_list>
<pin id="1" dir="1" index="0" bw="1" slack="0"/>
</pin_list>
<bind>
<StgValue><ssdm name="gmem0"/></StgValue>
</bind>
</comp>

<comp id="2" class="1000" name="sext_ln157">
<pin_list>
<pin id="3" dir="1" index="0" bw="1" slack="0"/>
</pin_list>
<bind>
<StgValue><ssdm name="sext_ln157"/></StgValue>
</bind>
</comp>

<comp id="4" class="1000" name="gmem1">
<pin_list>
<pin id="5" dir="1" index="0" bw="1" slack="0"/>
</pin_list>
<bind>
<StgValue><ssdm name="gmem1"/></StgValue>
</bind>
</comp>

<comp id="6" class="1000" name="sext_ln157_1">
<pin_list>
<pin id="7" dir="1" index="0" bw="1" slack="0"/>
</pin_list>
<bind>
<StgValue><ssdm name="sext_ln157_1"/></StgValue>
</bind>
</comp>

<comp id="8" class="1000" name="gmem2">
<pin_list>
<pin id="9" dir="1" index="0" bw="1" slack="0"/>
</pin_list>
<bind>
<StgValue><ssdm name="gmem2"/></StgValue>
</bind>
</comp>

<comp id="10" class="1000" name="sext_ln157_2">
<pin_list>
<pin id="11" dir="1" index="0" bw="1" slack="0"/>
</pin_list>
<bind>
<StgValue><ssdm name="sext_ln157_2"/></StgValue>
</bind>
</comp>

<comp id="12" class="1000" name="gmem3">
<pin_list>
<pin id="13" dir="1" index="0" bw="1" slack="0"/>
</pin_list>
<bind>
<StgValue><ssdm name="gmem3"/></StgValue>
</bind>
</comp>

<comp id="14" class="1000" name="sext_ln157_3">
<pin_list>
<pin id="15" dir="1" index="0" bw="1" slack="0"/>
</pin_list>
<bind>
<StgValue><ssdm name="sext_ln157_3"/></StgValue>
</bind>
</comp>

<comp id="16" class="1000" name="linear_stage0">
<pin_list>
<pin id="17" dir="1" index="0" bw="1" slack="0"/>
</pin_list>
<bind>
<StgValue><ssdm name="linear_stage0"/><MemPortTyVec>1 3 </MemPortTyVec>
</StgValue>
</bind>
</comp>

<comp id="18" class="1000" name="linear_stage1">
<pin_list>
<pin id="19" dir="1" index="0" bw="1" slack="0"/>
</pin_list>
<bind>
<StgValue><ssdm name="linear_stage1"/><MemPortTyVec>1 3 </MemPortTyVec>
</StgValue>
</bind>
</comp>

<comp id="20" class="1000" name="linear_stage2">
<pin_list>
<pin id="21" dir="1" index="0" bw="1" slack="0"/>
</pin_list>
<bind>
<StgValue><ssdm name="linear_stage2"/><MemPortTyVec>1 3 </MemPortTyVec>
</StgValue>
</bind>
</comp>

<comp id="22" class="1000" name="linear_stage3">
<pin_list>
<pin id="23" dir="1" index="0" bw="1" slack="0"/>
</pin_list>
<bind>
<StgValue><ssdm name="linear_stage3"/><MemPortTyVec>1 3 </MemPortTyVec>
</StgValue>
</bind>
</comp>

<comp id="24" class="1001" name="const_24">
<pin_list>
<pin id="25" dir="1" index="0" bw="1" slack="0"/>
</pin_list>
<bind>
<StgValue><ssdm name=""/></StgValue>
</bind>
</comp>

<comp id="26" class="1001" name="const_26">
<pin_list>
<pin id="27" dir="1" index="0" bw="1" slack="0"/>
</pin_list>
<bind>
<StgValue><ssdm name="_ssdm_op_Read.ap_auto.i58"/></StgValue>
</bind>
</comp>

<comp id="28" class="1001" name="const_28">
<pin_list>
<pin id="29" dir="1" index="0" bw="1" slack="2147483647"/>
</pin_list>
<bind>
<StgValue><ssdm name="_ssdm_op_SpecMemCore"/></StgValue>
</bind>
</comp>

<comp id="30" class="1001" name="const_30">
<pin_list>
<pin id="31" dir="1" index="0" bw="1" slack="2147483647"/>
</pin_list>
<bind>
<StgValue><ssdm name=""/></StgValue>
</bind>
</comp>

<comp id="32" class="1001" name="const_32">
<pin_list>
<pin id="33" dir="1" index="0" bw="1" slack="2147483647"/>
</pin_list>
<bind>
<StgValue><ssdm name=""/></StgValue>
</bind>
</comp>

<comp id="34" class="1001" name="const_34">
<pin_list>
<pin id="35" dir="1" index="0" bw="1" slack="0"/>
</pin_list>
<bind>
<StgValue><ssdm name=""/></StgValue>
</bind>
</comp>

<comp id="36" class="1001" name="const_36">
<pin_list>
<pin id="37" dir="1" index="0" bw="1" slack="2147483647"/>
</pin_list>
<bind>
<StgValue><ssdm name="_ssdm_op_SpecInterface"/></StgValue>
</bind>
</comp>

<comp id="38" class="1001" name="const_38">
<pin_list>
<pin id="39" dir="1" index="0" bw="1" slack="2147483647"/>
</pin_list>
<bind>
<StgValue><ssdm name="empty_417"/></StgValue>
</bind>
</comp>

<comp id="40" class="1001" name="const_40">
<pin_list>
<pin id="41" dir="1" index="0" bw="1" slack="2147483647"/>
</pin_list>
<bind>
<StgValue><ssdm name=""/></StgValue>
</bind>
</comp>

<comp id="42" class="1001" name="const_42">
<pin_list>
<pin id="43" dir="1" index="0" bw="1" slack="2147483647"/>
</pin_list>
<bind>
<StgValue><ssdm name="empty_418"/></StgValue>
</bind>
</comp>

<comp id="44" class="1001" name="const_44">
<pin_list>
<pin id="45" dir="1" index="0" bw="1" slack="2147483647"/>
</pin_list>
<bind>
<StgValue><ssdm name=""/></StgValue>
</bind>
</comp>

<comp id="46" class="1001" name="const_46">
<pin_list>
<pin id="47" dir="1" index="0" bw="1" slack="2147483647"/>
</pin_list>
<bind>
<StgValue><ssdm name=""/></StgValue>
</bind>
</comp>

<comp id="48" class="1001" name="const_48">
<pin_list>
<pin id="49" dir="1" index="0" bw="1" slack="2147483647"/>
</pin_list>
<bind>
<StgValue><ssdm name="empty_419"/></StgValue>
</bind>
</comp>

<comp id="50" class="1001" name="const_50">
<pin_list>
<pin id="51" dir="1" index="0" bw="1" slack="2147483647"/>
</pin_list>
<bind>
<StgValue><ssdm name="empty_420"/></StgValue>
</bind>
</comp>

<comp id="52" class="1001" name="const_52">
<pin_list>
<pin id="53" dir="1" index="0" bw="1" slack="2147483647"/>
</pin_list>
<bind>
<StgValue><ssdm name=""/></StgValue>
</bind>
</comp>

<comp id="54" class="1001" name="const_54">
<pin_list>
<pin id="55" dir="1" index="0" bw="1" slack="2147483647"/>
</pin_list>
<bind>
<StgValue><ssdm name=""/></StgValue>
</bind>
</comp>

<comp id="56" class="1001" name="const_56">
<pin_list>
<pin id="57" dir="1" index="0" bw="1" slack="2147483647"/>
</pin_list>
<bind>
<StgValue><ssdm name=""/></StgValue>
</bind>
</comp>

<comp id="58" class="1001" name="const_58">
<pin_list>
<pin id="59" dir="1" index="0" bw="1" slack="2147483647"/>
</pin_list>
<bind>
<StgValue><ssdm name=""/></StgValue>
</bind>
</comp>

<comp id="60" class="1001" name="const_60">
<pin_list>
<pin id="61" dir="1" index="0" bw="1" slack="2147483647"/>
</pin_list>
<bind>
<StgValue><ssdm name="empty_421"/></StgValue>
</bind>
</comp>

<comp id="62" class="1001" name="const_62">
<pin_list>
<pin id="63" dir="1" index="0" bw="1" slack="2147483647"/>
</pin_list>
<bind>
<StgValue><ssdm name="empty_422"/></StgValue>
</bind>
</comp>

<comp id="64" class="1001" name="const_64">
<pin_list>
<pin id="65" dir="1" index="0" bw="1" slack="2147483647"/>
</pin_list>
<bind>
<StgValue><ssdm name="empty_423"/></StgValue>
</bind>
</comp>

<comp id="66" class="1001" name="const_66">
<pin_list>
<pin id="67" dir="1" index="0" bw="1" slack="0"/>
</pin_list>
<bind>
<StgValue><ssdm name=""/></StgValue>
</bind>
</comp>

<comp id="68" class="1001" name="const_68">
<pin_list>
<pin id="69" dir="1" index="0" bw="1" slack="0"/>
</pin_list>
<bind>
<StgValue><ssdm name=""/></StgValue>
</bind>
</comp>

<comp id="70" class="1001" name="const_70">
<pin_list>
<pin id="71" dir="1" index="0" bw="1" slack="0"/>
</pin_list>
<bind>
<StgValue><ssdm name=""/></StgValue>
</bind>
</comp>

<comp id="72" class="1001" name="const_72">
<pin_list>
<pin id="73" dir="1" index="0" bw="1" slack="0"/>
</pin_list>
<bind>
<StgValue><ssdm name=""/></StgValue>
</bind>
</comp>

<comp id="74" class="1001" name="const_74">
<pin_list>
<pin id="75" dir="1" index="0" bw="1" slack="2147483647"/>
</pin_list>
<bind>
<StgValue><ssdm name="_ssdm_op_SpecPipeline"/></StgValue>
</bind>
</comp>

<comp id="76" class="1001" name="const_76">
<pin_list>
<pin id="77" dir="1" index="0" bw="1" slack="2147483647"/>
</pin_list>
<bind>
<StgValue><ssdm name="_ssdm_op_SpecLoopTripCount"/></StgValue>
</bind>
</comp>

<comp id="78" class="1001" name="const_78">
<pin_list>
<pin id="79" dir="1" index="0" bw="1" slack="2147483647"/>
</pin_list>
<bind>
<StgValue><ssdm name=""/></StgValue>
</bind>
</comp>

<comp id="80" class="1001" name="const_80">
<pin_list>
<pin id="81" dir="1" index="0" bw="1" slack="2147483647"/>
</pin_list>
<bind>
<StgValue><ssdm name="_ssdm_op_SpecLoopName"/></StgValue>
</bind>
</comp>

<comp id="82" class="1001" name="const_82">
<pin_list>
<pin id="83" dir="1" index="0" bw="1" slack="2147483647"/>
</pin_list>
<bind>
<StgValue><ssdm name="empty_456"/></StgValue>
</bind>
</comp>

<comp id="84" class="1001" name="const_84">
<pin_list>
<pin id="85" dir="1" index="0" bw="1" slack="0"/>
</pin_list>
<bind>
<StgValue><ssdm name="_ssdm_op_Write.m_axi.p1i512"/></StgValue>
</bind>
</comp>

<comp id="86" class="1004" name="word_fu_86">
<pin_list>
<pin id="87" dir="0" index="0" bw="1" slack="0"/>
<pin id="88" dir="1" index="1" bw="9" slack="0"/>
</pin_list>
<bind>
<opcode="alloca(26) " fcode="alloca"/>
<opset="word/1 "/>
</bind>
</comp>

<comp id="90" class="1004" name="sext_ln157_3_read_read_fu_90">
<pin_list>
<pin id="91" dir="0" index="0" bw="58" slack="0"/>
<pin id="92" dir="0" index="1" bw="58" slack="0"/>
<pin id="93" dir="1" index="2" bw="58" slack="0"/>
</pin_list>
<bind>
<opcode="read(1150) " fcode="read"/>
<opset="sext_ln157_3_read/1 "/>
</bind>
</comp>

<comp id="96" class="1004" name="sext_ln157_2_read_read_fu_96">
<pin_list>
<pin id="97" dir="0" index="0" bw="58" slack="0"/>
<pin id="98" dir="0" index="1" bw="58" slack="0"/>
<pin id="99" dir="1" index="2" bw="58" slack="0"/>
</pin_list>
<bind>
<opcode="read(1150) " fcode="read"/>
<opset="sext_ln157_2_read/1 "/>
</bind>
</comp>

<comp id="102" class="1004" name="sext_ln157_1_read_read_fu_102">
<pin_list>
<pin id="103" dir="0" index="0" bw="58" slack="0"/>
<pin id="104" dir="0" index="1" bw="58" slack="0"/>
<pin id="105" dir="1" index="2" bw="58" slack="0"/>
</pin_list>
<bind>
<opcode="read(1150) " fcode="read"/>
<opset="sext_ln157_1_read/1 "/>
</bind>
</comp>

<comp id="108" class="1004" name="sext_ln157_read_read_fu_108">
<pin_list>
<pin id="109" dir="0" index="0" bw="58" slack="0"/>
<pin id="110" dir="0" index="1" bw="58" slack="0"/>
<pin id="111" dir="1" index="2" bw="58" slack="0"/>
</pin_list>
<bind>
<opcode="read(1150) " fcode="read"/>
<opset="sext_ln157_read/1 "/>
</bind>
</comp>

<comp id="114" class="1004" name="write_ln159_write_fu_114">
<pin_list>
<pin id="115" dir="0" index="0" bw="0" slack="0"/>
<pin id="116" dir="0" index="1" bw="512" slack="0"/>
<pin id="117" dir="0" index="2" bw="512" slack="1"/>
<pin id="118" dir="0" index="3" bw="1" slack="0"/>
<pin id="119" dir="1" index="4" bw="0" slack="2147483647"/>
</pin_list>
<bind>
<opcode="write(1151) " fcode="write"/>
<opset="write_ln159/3 "/>
</bind>
</comp>

<comp id="122" class="1004" name="write_ln160_write_fu_122">
<pin_list>
<pin id="123" dir="0" index="0" bw="0" slack="0"/>
<pin id="124" dir="0" index="1" bw="512" slack="0"/>
<pin id="125" dir="0" index="2" bw="512" slack="1"/>
<pin id="126" dir="0" index="3" bw="1" slack="0"/>
<pin id="127" dir="1" index="4" bw="0" slack="2147483647"/>
</pin_list>
<bind>
<opcode="write(1151) " fcode="write"/>
<opset="write_ln160/3 "/>
</bind>
</comp>

<comp id="130" class="1004" name="write_ln161_write_fu_130">
<pin_list>
<pin id="131" dir="0" index="0" bw="0" slack="0"/>
<pin id="132" dir="0" index="1" bw="512" slack="0"/>
<pin id="133" dir="0" index="2" bw="512" slack="1"/>
<pin id="134" dir="0" index="3" bw="1" slack="0"/>
<pin id="135" dir="1" index="4" bw="0" slack="2147483647"/>
</pin_list>
<bind>
<opcode="write(1151) " fcode="write"/>
<opset="write_ln161/3 "/>
</bind>
</comp>

<comp id="138" class="1004" name="write_ln162_write_fu_138">
<pin_list>
<pin id="139" dir="0" index="0" bw="0" slack="0"/>
<pin id="140" dir="0" index="1" bw="512" slack="0"/>
<pin id="141" dir="0" index="2" bw="512" slack="1"/>
<pin id="142" dir="0" index="3" bw="1" slack="0"/>
<pin id="143" dir="1" index="4" bw="0" slack="2147483647"/>
</pin_list>
<bind>
<opcode="write(1151) " fcode="write"/>
<opset="write_ln162/3 "/>
</bind>
</comp>

<comp id="146" class="1004" name="linear_stage0_addr_gep_fu_146">
<pin_list>
<pin id="147" dir="0" index="0" bw="512" slack="0"/>
<pin id="148" dir="0" index="1" bw="1" slack="0"/>
<pin id="149" dir="0" index="2" bw="9" slack="0"/>
<pin id="150" dir="1" index="3" bw="9" slack="0"/>
</pin_list>
<bind>
<opcode="getelementptr(29) " fcode="getelementptr"/>
<opset="linear_stage0_addr/1 "/>
</bind>
</comp>

<comp id="153" class="1004" name="grp_access_fu_153">
<pin_list>
<pin id="154" dir="0" index="0" bw="9" slack="0"/>
<pin id="155" dir="0" index="1" bw="512" slack="2147483647"/>
<pin id="156" dir="0" index="2" bw="0" slack="2147483647"/>
<pin id="157" dir="1" index="3" bw="512" slack="1"/>
</pin_list>
<bind>
<opcode="load(27) " fcode="load"/>
<opset="linear_stage0_load/1 "/>
</bind>
</comp>

<comp id="159" class="1004" name="linear_stage1_addr_gep_fu_159">
<pin_list>
<pin id="160" dir="0" index="0" bw="512" slack="0"/>
<pin id="161" dir="0" index="1" bw="1" slack="0"/>
<pin id="162" dir="0" index="2" bw="9" slack="0"/>
<pin id="163" dir="1" index="3" bw="9" slack="0"/>
</pin_list>
<bind>
<opcode="getelementptr(29) " fcode="getelementptr"/>
<opset="linear_stage1_addr/1 "/>
</bind>
</comp>

<comp id="166" class="1004" name="grp_access_fu_166">
<pin_list>
<pin id="167" dir="0" index="0" bw="9" slack="0"/>
<pin id="168" dir="0" index="1" bw="512" slack="2147483647"/>
<pin id="169" dir="0" index="2" bw="0" slack="2147483647"/>
<pin id="170" dir="1" index="3" bw="512" slack="1"/>
</pin_list>
<bind>
<opcode="load(27) " fcode="load"/>
<opset="linear_stage1_load/1 "/>
</bind>
</comp>

<comp id="172" class="1004" name="linear_stage2_addr_gep_fu_172">
<pin_list>
<pin id="173" dir="0" index="0" bw="512" slack="0"/>
<pin id="174" dir="0" index="1" bw="1" slack="0"/>
<pin id="175" dir="0" index="2" bw="9" slack="0"/>
<pin id="176" dir="1" index="3" bw="9" slack="0"/>
</pin_list>
<bind>
<opcode="getelementptr(29) " fcode="getelementptr"/>
<opset="linear_stage2_addr/1 "/>
</bind>
</comp>

<comp id="179" class="1004" name="grp_access_fu_179">
<pin_list>
<pin id="180" dir="0" index="0" bw="9" slack="0"/>
<pin id="181" dir="0" index="1" bw="512" slack="2147483647"/>
<pin id="182" dir="0" index="2" bw="0" slack="2147483647"/>
<pin id="183" dir="1" index="3" bw="512" slack="1"/>
</pin_list>
<bind>
<opcode="load(27) " fcode="load"/>
<opset="linear_stage2_load/1 "/>
</bind>
</comp>

<comp id="185" class="1004" name="linear_stage3_addr_gep_fu_185">
<pin_list>
<pin id="186" dir="0" index="0" bw="512" slack="0"/>
<pin id="187" dir="0" index="1" bw="1" slack="0"/>
<pin id="188" dir="0" index="2" bw="9" slack="0"/>
<pin id="189" dir="1" index="3" bw="9" slack="0"/>
</pin_list>
<bind>
<opcode="getelementptr(29) " fcode="getelementptr"/>
<opset="linear_stage3_addr/1 "/>
</bind>
</comp>

<comp id="192" class="1004" name="grp_access_fu_192">
<pin_list>
<pin id="193" dir="0" index="0" bw="9" slack="0"/>
<pin id="194" dir="0" index="1" bw="512" slack="2147483647"/>
<pin id="195" dir="0" index="2" bw="0" slack="2147483647"/>
<pin id="196" dir="1" index="3" bw="512" slack="1"/>
</pin_list>
<bind>
<opcode="load(27) " fcode="load"/>
<opset="linear_stage3_load/1 "/>
</bind>
</comp>

<comp id="198" class="1004" name="sext_ln157_3_cast_fu_198">
<pin_list>
<pin id="199" dir="0" index="0" bw="58" slack="0"/>
<pin id="200" dir="1" index="1" bw="64" slack="2"/>
</pin_list>
<bind>
<opcode="sext(35) " fcode="sext"/>
<opset="sext_ln157_3_cast/1 "/>
</bind>
</comp>

<comp id="202" class="1004" name="sext_ln157_2_cast_fu_202">
<pin_list>
<pin id="203" dir="0" index="0" bw="58" slack="0"/>
<pin id="204" dir="1" index="1" bw="64" slack="2"/>
</pin_list>
<bind>
<opcode="sext(35) " fcode="sext"/>
<opset="sext_ln157_2_cast/1 "/>
</bind>
</comp>

<comp id="206" class="1004" name="sext_ln157_1_cast_fu_206">
<pin_list>
<pin id="207" dir="0" index="0" bw="58" slack="0"/>
<pin id="208" dir="1" index="1" bw="64" slack="2"/>
</pin_list>
<bind>
<opcode="sext(35) " fcode="sext"/>
<opset="sext_ln157_1_cast/1 "/>
</bind>
</comp>

<comp id="210" class="1004" name="sext_ln157_cast_fu_210">
<pin_list>
<pin id="211" dir="0" index="0" bw="58" slack="0"/>
<pin id="212" dir="1" index="1" bw="64" slack="2"/>
</pin_list>
<bind>
<opcode="sext(35) " fcode="sext"/>
<opset="sext_ln157_cast/1 "/>
</bind>
</comp>

<comp id="214" class="1004" name="store_ln157_store_fu_214">
<pin_list>
<pin id="215" dir="0" index="0" bw="1" slack="0"/>
<pin id="216" dir="0" index="1" bw="9" slack="0"/>
<pin id="217" dir="1" index="2" bw="0" slack="2147483647"/>
</pin_list>
<bind>
<opcode="store(28) " fcode="store"/>
<opset="store_ln157/1 "/>
</bind>
</comp>

<comp id="219" class="1004" name="word_17_load_fu_219">
<pin_list>
<pin id="220" dir="0" index="0" bw="9" slack="0"/>
<pin id="221" dir="1" index="1" bw="9" slack="0"/>
</pin_list>
<bind>
<opcode="load(27) " fcode="load"/>
<opset="word_17/1 "/>
</bind>
</comp>

<comp id="222" class="1004" name="icmp_ln157_fu_222">
<pin_list>
<pin id="223" dir="0" index="0" bw="9" slack="0"/>
<pin id="224" dir="0" index="1" bw="4" slack="0"/>
<pin id="225" dir="1" index="2" bw="1" slack="1"/>
</pin_list>
<bind>
<opcode="icmp(45) " fcode="icmp"/>
<opset="icmp_ln157/1 "/>
</bind>
</comp>

<comp id="228" class="1004" name="add_ln157_fu_228">
<pin_list>
<pin id="229" dir="0" index="0" bw="9" slack="0"/>
<pin id="230" dir="0" index="1" bw="1" slack="0"/>
<pin id="231" dir="1" index="2" bw="9" slack="0"/>
</pin_list>
<bind>
<opcode="add(8) " fcode="add"/>
<opset="add_ln157/1 "/>
</bind>
</comp>

<comp id="234" class="1004" name="zext_ln157_fu_234">
<pin_list>
<pin id="235" dir="0" index="0" bw="9" slack="0"/>
<pin id="236" dir="1" index="1" bw="64" slack="0"/>
</pin_list>
<bind>
<opcode="zext(34) " fcode="zext"/>
<opset="zext_ln157/1 "/>
</bind>
</comp>

<comp id="242" class="1004" name="store_ln157_store_fu_242">
<pin_list>
<pin id="243" dir="0" index="0" bw="9" slack="0"/>
<pin id="244" dir="0" index="1" bw="9" slack="0"/>
<pin id="245" dir="1" index="2" bw="0" slack="2147483647"/>
</pin_list>
<bind>
<opcode="store(28) " fcode="store"/>
<opset="store_ln157/1 "/>
</bind>
</comp>

<comp id="247" class="1004" name="gmem0_addr_fu_247">
<pin_list>
<pin id="248" dir="0" index="0" bw="512" slack="0"/>
<pin id="249" dir="0" index="1" bw="58" slack="2"/>
<pin id="250" dir="1" index="2" bw="512" slack="0"/>
</pin_list>
<bind>
<opcode="getelementptr(29) " fcode="getelementptr"/>
<opset="gmem0_addr/3 "/>
</bind>
</comp>

<comp id="253" class="1004" name="gmem1_addr_fu_253">
<pin_list>
<pin id="254" dir="0" index="0" bw="512" slack="0"/>
<pin id="255" dir="0" index="1" bw="58" slack="2"/>
<pin id="256" dir="1" index="2" bw="512" slack="0"/>
</pin_list>
<bind>
<opcode="getelementptr(29) " fcode="getelementptr"/>
<opset="gmem1_addr/3 "/>
</bind>
</comp>

<comp id="259" class="1004" name="gmem2_addr_fu_259">
<pin_list>
<pin id="260" dir="0" index="0" bw="512" slack="0"/>
<pin id="261" dir="0" index="1" bw="58" slack="2"/>
<pin id="262" dir="1" index="2" bw="512" slack="0"/>
</pin_list>
<bind>
<opcode="getelementptr(29) " fcode="getelementptr"/>
<opset="gmem2_addr/3 "/>
</bind>
</comp>

<comp id="265" class="1004" name="gmem3_addr_fu_265">
<pin_list>
<pin id="266" dir="0" index="0" bw="512" slack="0"/>
<pin id="267" dir="0" index="1" bw="58" slack="2"/>
<pin id="268" dir="1" index="2" bw="512" slack="0"/>
</pin_list>
<bind>
<opcode="getelementptr(29) " fcode="getelementptr"/>
<opset="gmem3_addr/3 "/>
</bind>
</comp>

<comp id="271" class="1005" name="word_reg_271">
<pin_list>
<pin id="272" dir="0" index="0" bw="9" slack="0"/>
<pin id="273" dir="1" index="1" bw="9" slack="0"/>
</pin_list>
<bind>
<opset="word "/>
</bind>
</comp>

<comp id="278" class="1005" name="sext_ln157_3_cast_reg_278">
<pin_list>
<pin id="279" dir="0" index="0" bw="64" slack="2"/>
<pin id="280" dir="1" index="1" bw="64" slack="2"/>
</pin_list>
<bind>
<opset="sext_ln157_3_cast "/>
</bind>
</comp>

<comp id="283" class="1005" name="sext_ln157_2_cast_reg_283">
<pin_list>
<pin id="284" dir="0" index="0" bw="64" slack="2"/>
<pin id="285" dir="1" index="1" bw="64" slack="2"/>
</pin_list>
<bind>
<opset="sext_ln157_2_cast "/>
</bind>
</comp>

<comp id="288" class="1005" name="sext_ln157_1_cast_reg_288">
<pin_list>
<pin id="289" dir="0" index="0" bw="64" slack="2"/>
<pin id="290" dir="1" index="1" bw="64" slack="2"/>
</pin_list>
<bind>
<opset="sext_ln157_1_cast "/>
</bind>
</comp>

<comp id="293" class="1005" name="sext_ln157_cast_reg_293">
<pin_list>
<pin id="294" dir="0" index="0" bw="64" slack="2"/>
<pin id="295" dir="1" index="1" bw="64" slack="2"/>
</pin_list>
<bind>
<opset="sext_ln157_cast "/>
</bind>
</comp>

<comp id="298" class="1005" name="icmp_ln157_reg_298">
<pin_list>
<pin id="299" dir="0" index="0" bw="1" slack="1"/>
<pin id="300" dir="1" index="1" bw="1" slack="2147483647"/>
</pin_list>
<bind>
<opset="icmp_ln157 "/>
</bind>
</comp>

<comp id="302" class="1005" name="linear_stage0_addr_reg_302">
<pin_list>
<pin id="303" dir="0" index="0" bw="9" slack="1"/>
<pin id="304" dir="1" index="1" bw="9" slack="1"/>
</pin_list>
<bind>
<opset="linear_stage0_addr "/>
</bind>
</comp>

<comp id="307" class="1005" name="linear_stage1_addr_reg_307">
<pin_list>
<pin id="308" dir="0" index="0" bw="9" slack="1"/>
<pin id="309" dir="1" index="1" bw="9" slack="1"/>
</pin_list>
<bind>
<opset="linear_stage1_addr "/>
</bind>
</comp>

<comp id="312" class="1005" name="linear_stage2_addr_reg_312">
<pin_list>
<pin id="313" dir="0" index="0" bw="9" slack="1"/>
<pin id="314" dir="1" index="1" bw="9" slack="1"/>
</pin_list>
<bind>
<opset="linear_stage2_addr "/>
</bind>
</comp>

<comp id="317" class="1005" name="linear_stage3_addr_reg_317">
<pin_list>
<pin id="318" dir="0" index="0" bw="9" slack="1"/>
<pin id="319" dir="1" index="1" bw="9" slack="1"/>
</pin_list>
<bind>
<opset="linear_stage3_addr "/>
</bind>
</comp>

<comp id="322" class="1005" name="linear_stage0_load_reg_322">
<pin_list>
<pin id="323" dir="0" index="0" bw="512" slack="1"/>
<pin id="324" dir="1" index="1" bw="512" slack="1"/>
</pin_list>
<bind>
<opset="linear_stage0_load "/>
</bind>
</comp>

<comp id="327" class="1005" name="linear_stage1_load_reg_327">
<pin_list>
<pin id="328" dir="0" index="0" bw="512" slack="1"/>
<pin id="329" dir="1" index="1" bw="512" slack="1"/>
</pin_list>
<bind>
<opset="linear_stage1_load "/>
</bind>
</comp>

<comp id="332" class="1005" name="linear_stage2_load_reg_332">
<pin_list>
<pin id="333" dir="0" index="0" bw="512" slack="1"/>
<pin id="334" dir="1" index="1" bw="512" slack="1"/>
</pin_list>
<bind>
<opset="linear_stage2_load "/>
</bind>
</comp>

<comp id="337" class="1005" name="linear_stage3_load_reg_337">
<pin_list>
<pin id="338" dir="0" index="0" bw="512" slack="1"/>
<pin id="339" dir="1" index="1" bw="512" slack="1"/>
</pin_list>
<bind>
<opset="linear_stage3_load "/>
</bind>
</comp>

</comp_list>

<net_list>
<net id="89"><net_src comp="24" pin="0"/><net_sink comp="86" pin=0"/></net>

<net id="94"><net_src comp="26" pin="0"/><net_sink comp="90" pin=0"/></net>

<net id="95"><net_src comp="14" pin="0"/><net_sink comp="90" pin=1"/></net>

<net id="100"><net_src comp="26" pin="0"/><net_sink comp="96" pin=0"/></net>

<net id="101"><net_src comp="10" pin="0"/><net_sink comp="96" pin=1"/></net>

<net id="106"><net_src comp="26" pin="0"/><net_sink comp="102" pin=0"/></net>

<net id="107"><net_src comp="6" pin="0"/><net_sink comp="102" pin=1"/></net>

<net id="112"><net_src comp="26" pin="0"/><net_sink comp="108" pin=0"/></net>

<net id="113"><net_src comp="2" pin="0"/><net_sink comp="108" pin=1"/></net>

<net id="120"><net_src comp="84" pin="0"/><net_sink comp="114" pin=0"/></net>

<net id="121"><net_src comp="34" pin="0"/><net_sink comp="114" pin=3"/></net>

<net id="128"><net_src comp="84" pin="0"/><net_sink comp="122" pin=0"/></net>

<net id="129"><net_src comp="34" pin="0"/><net_sink comp="122" pin=3"/></net>

<net id="136"><net_src comp="84" pin="0"/><net_sink comp="130" pin=0"/></net>

<net id="137"><net_src comp="34" pin="0"/><net_sink comp="130" pin=3"/></net>

<net id="144"><net_src comp="84" pin="0"/><net_sink comp="138" pin=0"/></net>

<net id="145"><net_src comp="34" pin="0"/><net_sink comp="138" pin=3"/></net>

<net id="151"><net_src comp="16" pin="0"/><net_sink comp="146" pin=0"/></net>

<net id="152"><net_src comp="72" pin="0"/><net_sink comp="146" pin=1"/></net>

<net id="158"><net_src comp="146" pin="3"/><net_sink comp="153" pin=0"/></net>

<net id="164"><net_src comp="18" pin="0"/><net_sink comp="159" pin=0"/></net>

<net id="165"><net_src comp="72" pin="0"/><net_sink comp="159" pin=1"/></net>

<net id="171"><net_src comp="159" pin="3"/><net_sink comp="166" pin=0"/></net>

<net id="177"><net_src comp="20" pin="0"/><net_sink comp="172" pin=0"/></net>

<net id="178"><net_src comp="72" pin="0"/><net_sink comp="172" pin=1"/></net>

<net id="184"><net_src comp="172" pin="3"/><net_sink comp="179" pin=0"/></net>

<net id="190"><net_src comp="22" pin="0"/><net_sink comp="185" pin=0"/></net>

<net id="191"><net_src comp="72" pin="0"/><net_sink comp="185" pin=1"/></net>

<net id="197"><net_src comp="185" pin="3"/><net_sink comp="192" pin=0"/></net>

<net id="201"><net_src comp="90" pin="2"/><net_sink comp="198" pin=0"/></net>

<net id="205"><net_src comp="96" pin="2"/><net_sink comp="202" pin=0"/></net>

<net id="209"><net_src comp="102" pin="2"/><net_sink comp="206" pin=0"/></net>

<net id="213"><net_src comp="108" pin="2"/><net_sink comp="210" pin=0"/></net>

<net id="218"><net_src comp="66" pin="0"/><net_sink comp="214" pin=0"/></net>

<net id="226"><net_src comp="219" pin="1"/><net_sink comp="222" pin=0"/></net>

<net id="227"><net_src comp="68" pin="0"/><net_sink comp="222" pin=1"/></net>

<net id="232"><net_src comp="219" pin="1"/><net_sink comp="228" pin=0"/></net>

<net id="233"><net_src comp="70" pin="0"/><net_sink comp="228" pin=1"/></net>

<net id="237"><net_src comp="219" pin="1"/><net_sink comp="234" pin=0"/></net>

<net id="238"><net_src comp="234" pin="1"/><net_sink comp="146" pin=2"/></net>

<net id="239"><net_src comp="234" pin="1"/><net_sink comp="159" pin=2"/></net>

<net id="240"><net_src comp="234" pin="1"/><net_sink comp="172" pin=2"/></net>

<net id="241"><net_src comp="234" pin="1"/><net_sink comp="185" pin=2"/></net>

<net id="246"><net_src comp="228" pin="2"/><net_sink comp="242" pin=0"/></net>

<net id="251"><net_src comp="0" pin="0"/><net_sink comp="247" pin=0"/></net>

<net id="252"><net_src comp="247" pin="2"/><net_sink comp="114" pin=1"/></net>

<net id="257"><net_src comp="4" pin="0"/><net_sink comp="253" pin=0"/></net>

<net id="258"><net_src comp="253" pin="2"/><net_sink comp="122" pin=1"/></net>

<net id="263"><net_src comp="8" pin="0"/><net_sink comp="259" pin=0"/></net>

<net id="264"><net_src comp="259" pin="2"/><net_sink comp="130" pin=1"/></net>

<net id="269"><net_src comp="12" pin="0"/><net_sink comp="265" pin=0"/></net>

<net id="270"><net_src comp="265" pin="2"/><net_sink comp="138" pin=1"/></net>

<net id="274"><net_src comp="86" pin="1"/><net_sink comp="271" pin=0"/></net>

<net id="275"><net_src comp="271" pin="1"/><net_sink comp="214" pin=1"/></net>

<net id="276"><net_src comp="271" pin="1"/><net_sink comp="219" pin=0"/></net>

<net id="277"><net_src comp="271" pin="1"/><net_sink comp="242" pin=1"/></net>

<net id="281"><net_src comp="198" pin="1"/><net_sink comp="278" pin=0"/></net>

<net id="282"><net_src comp="278" pin="1"/><net_sink comp="265" pin=1"/></net>

<net id="286"><net_src comp="202" pin="1"/><net_sink comp="283" pin=0"/></net>

<net id="287"><net_src comp="283" pin="1"/><net_sink comp="259" pin=1"/></net>

<net id="291"><net_src comp="206" pin="1"/><net_sink comp="288" pin=0"/></net>

<net id="292"><net_src comp="288" pin="1"/><net_sink comp="253" pin=1"/></net>

<net id="296"><net_src comp="210" pin="1"/><net_sink comp="293" pin=0"/></net>

<net id="297"><net_src comp="293" pin="1"/><net_sink comp="247" pin=1"/></net>

<net id="301"><net_src comp="222" pin="2"/><net_sink comp="298" pin=0"/></net>

<net id="305"><net_src comp="146" pin="3"/><net_sink comp="302" pin=0"/></net>

<net id="306"><net_src comp="302" pin="1"/><net_sink comp="153" pin=0"/></net>

<net id="310"><net_src comp="159" pin="3"/><net_sink comp="307" pin=0"/></net>

<net id="311"><net_src comp="307" pin="1"/><net_sink comp="166" pin=0"/></net>

<net id="315"><net_src comp="172" pin="3"/><net_sink comp="312" pin=0"/></net>

<net id="316"><net_src comp="312" pin="1"/><net_sink comp="179" pin=0"/></net>

<net id="320"><net_src comp="185" pin="3"/><net_sink comp="317" pin=0"/></net>

<net id="321"><net_src comp="317" pin="1"/><net_sink comp="192" pin=0"/></net>

<net id="325"><net_src comp="153" pin="3"/><net_sink comp="322" pin=0"/></net>

<net id="326"><net_src comp="322" pin="1"/><net_sink comp="114" pin=2"/></net>

<net id="330"><net_src comp="166" pin="3"/><net_sink comp="327" pin=0"/></net>

<net id="331"><net_src comp="327" pin="1"/><net_sink comp="122" pin=2"/></net>

<net id="335"><net_src comp="179" pin="3"/><net_sink comp="332" pin=0"/></net>

<net id="336"><net_src comp="332" pin="1"/><net_sink comp="130" pin=2"/></net>

<net id="340"><net_src comp="192" pin="3"/><net_sink comp="337" pin=0"/></net>

<net id="341"><net_src comp="337" pin="1"/><net_sink comp="138" pin=2"/></net>

</net_list>

</model> 
---------------- Datapath Model END ------------------

* FSMD analyzer results:
  - Output states:
	Port: gmem0 | {3 }
	Port: gmem1 | {3 }
	Port: gmem2 | {3 }
	Port: gmem3 | {3 }
 - Input state : 
	Port: int4_route_linear_projection<7>_Pipeline_route_linear_projection_loop : sext_ln157 | {1 }
	Port: int4_route_linear_projection<7>_Pipeline_route_linear_projection_loop : sext_ln157_1 | {1 }
	Port: int4_route_linear_projection<7>_Pipeline_route_linear_projection_loop : sext_ln157_2 | {1 }
	Port: int4_route_linear_projection<7>_Pipeline_route_linear_projection_loop : sext_ln157_3 | {1 }
	Port: int4_route_linear_projection<7>_Pipeline_route_linear_projection_loop : linear_stage0 | {1 2 }
	Port: int4_route_linear_projection<7>_Pipeline_route_linear_projection_loop : linear_stage1 | {1 2 }
	Port: int4_route_linear_projection<7>_Pipeline_route_linear_projection_loop : linear_stage2 | {1 2 }
	Port: int4_route_linear_projection<7>_Pipeline_route_linear_projection_loop : linear_stage3 | {1 2 }
  - Chain level:
	State 1
		store_ln157 : 1
		word_17 : 1
		icmp_ln157 : 2
		add_ln157 : 2
		br_ln157 : 3
		zext_ln157 : 2
		linear_stage0_addr : 3
		linear_stage0_load : 4
		linear_stage1_addr : 3
		linear_stage1_load : 4
		linear_stage2_addr : 3
		linear_stage2_load : 4
		linear_stage3_addr : 3
		linear_stage3_load : 4
		store_ln157 : 3
	State 2
	State 3
		write_ln159 : 1
		write_ln160 : 1
		write_ln161 : 1
		write_ln162 : 1


============================================================
+ Verbose Summary: Datapath Resource usage 
============================================================

* Functional unit list:
|----------|-------------------------------|---------|---------|
| Operation|        Functional Unit        |    FF   |   LUT   |
|----------|-------------------------------|---------|---------|
|   icmp   |       icmp_ln157_fu_222       |    0    |    16   |
|----------|-------------------------------|---------|---------|
|    add   |        add_ln157_fu_228       |    0    |    16   |
|----------|-------------------------------|---------|---------|
|          |  sext_ln157_3_read_read_fu_90 |    0    |    0    |
|   read   |  sext_ln157_2_read_read_fu_96 |    0    |    0    |
|          | sext_ln157_1_read_read_fu_102 |    0    |    0    |
|          |  sext_ln157_read_read_fu_108  |    0    |    0    |
|----------|-------------------------------|---------|---------|
|          |    write_ln159_write_fu_114   |    0    |    0    |
|   write  |    write_ln160_write_fu_122   |    0    |    0    |
|          |    write_ln161_write_fu_130   |    0    |    0    |
|          |    write_ln162_write_fu_138   |    0    |    0    |
|----------|-------------------------------|---------|---------|
|          |    sext_ln157_3_cast_fu_198   |    0    |    0    |
|   sext   |    sext_ln157_2_cast_fu_202   |    0    |    0    |
|          |    sext_ln157_1_cast_fu_206   |    0    |    0    |
|          |     sext_ln157_cast_fu_210    |    0    |    0    |
|----------|-------------------------------|---------|---------|
|   zext   |       zext_ln157_fu_234       |    0    |    0    |
|----------|-------------------------------|---------|---------|
|   Total  |                               |    0    |    32   |
|----------|-------------------------------|---------|---------|

Memories:
N/A

* Register list:
+--------------------------+--------+
|                          |   FF   |
+--------------------------+--------+
|    icmp_ln157_reg_298    |    1   |
|linear_stage0_addr_reg_302|    9   |
|linear_stage0_load_reg_322|   512  |
|linear_stage1_addr_reg_307|    9   |
|linear_stage1_load_reg_327|   512  |
|linear_stage2_addr_reg_312|    9   |
|linear_stage2_load_reg_332|   512  |
|linear_stage3_addr_reg_317|    9   |
|linear_stage3_load_reg_337|   512  |
| sext_ln157_1_cast_reg_288|   64   |
| sext_ln157_2_cast_reg_283|   64   |
| sext_ln157_3_cast_reg_278|   64   |
|  sext_ln157_cast_reg_293 |   64   |
|       word_reg_271       |    9   |
+--------------------------+--------+
|           Total          |  2350  |
+--------------------------+--------+

* Multiplexer (MUX) list: 
|-------------------|------|------|------|--------||---------||---------|
|        Comp       |  Pin | Size |  BW  | S x BW ||  Delay  ||   LUT   |
|-------------------|------|------|------|--------||---------||---------|
| grp_access_fu_153 |  p0  |   2  |   9  |   18   ||    9    |
| grp_access_fu_166 |  p0  |   2  |   9  |   18   ||    9    |
| grp_access_fu_179 |  p0  |   2  |   9  |   18   ||    9    |
| grp_access_fu_192 |  p0  |   2  |   9  |   18   ||    9    |
|-------------------|------|------|------|--------||---------||---------|
|       Total       |      |      |      |   72   ||  1.548  ||    36   |
|-------------------|------|------|------|--------||---------||---------|



* Summary:
+-----------+--------+--------+--------+
|           |  Delay |   FF   |   LUT  |
+-----------+--------+--------+--------+
|  Function |    -   |    0   |   32   |
|   Memory  |    -   |    -   |    -   |
|Multiplexer|    1   |    -   |   36   |
|  Register |    -   |  2350  |    -   |
+-----------+--------+--------+--------+
|   Total   |    1   |  2350  |   68   |
+-----------+--------+--------+--------+
