

================================================================
== Vitis HLS Report for 'int4_cache_and_replay_activation_0_s'
================================================================
* Date:           Tue Aug 11 09:17:21 2026

* Version:        2023.2 (Build 4023990 on Oct 11 2023)
* Project:        proj_int4_decoder_xo
* Solution:       solution1 (Vitis Kernel Flow Target)
* Product family: virtexuplus
* Target device:  xcu250-figd2104-2L-e


================================================================
== Performance Estimates
================================================================
+ Timing: 
    * Summary: 
    +--------+---------+----------+------------+
    |  Clock |  Target | Estimated| Uncertainty|
    +--------+---------+----------+------------+
    |ap_clk  |  3.33 ns|  2.605 ns|     0.90 ns|
    +--------+---------+----------+------------+

+ Latency: 
    * Summary: 
    +---------+---------+----------+-----------+------+-------+---------+
    |  Latency (cycles) |  Latency (absolute)  |   Interval   | Pipeline|
    |   min   |   max   |    min   |    max    |  min |  max  |   Type  |
    +---------+---------+----------+-----------+------+-------+---------+
    |     1161|    22025|  3.870 us|  73.409 us|  1161|  22025|       no|
    +---------+---------+----------+-----------+------+-------+---------+

    + Detail: 
        * Instance: 
        N/A

        * Loop: 
        N/A

============================================================
+ Verbose Summary: Synthesis Manager
============================================================
InlineROM: 1
ExposeGlobal: 0
============================================================
+ Verbose Summary: CDFG Model
============================================================
IsTopModel: 0
ResetActiveHigh: 1
IsCombinational: 2
IsDatapathOnly: 0
HasWiredReturn: 1
HasMFsm: 0
HasVarLatency: 1
IsPipeline: 0
IsRtlPipelined: 0
IsInstanceOverlapped: 0
IsDontTouch: 0
HasImplIP: 0
IsGatedGlobalClock: 0


============================================================
+ Verbose Summary: Schedule
============================================================
* Number of FSM states : 6
* Pipeline : 0
* Dataflow Pipeline: 0

* FSM state transitions: 
1 --> 2 
2 --> 3 
3 --> 4 
4 --> 5 
5 --> 6 
6 --> 

* FSM state operations: 

State 1 <SV = 0> <Delay = 2.43>
ST_1 : Operation 7 [1/1] (1.21ns)   --->   "%p_read_19 = read i6 @_ssdm_op_Read.ap_auto.i6, i6 %p_read1"   --->   Operation 7 'read' 'p_read_19' <Predicate = true> <Delay = 1.21> <CoreInst = "FIFO_SRL">   --->   Core 81 'FIFO_SRL' <Latency = 0> <II = 1> <Delay = 1.42> <Storage> <Opcode : 'read' 'write' 'nbread' 'nbwrite'> <Ports = 0> <Width = -1> <Depth = -1> <FIFO>
ST_1 : Operation 8 [1/1] (1.21ns)   --->   "%p_read24 = read i6 @_ssdm_op_Read.ap_auto.i6, i6 %p_read"   --->   Operation 8 'read' 'p_read24' <Predicate = true> <Delay = 1.21> <CoreInst = "FIFO_SRL">   --->   Core 81 'FIFO_SRL' <Latency = 0> <II = 1> <Delay = 1.42> <Storage> <Opcode : 'read' 'write' 'nbread' 'nbwrite'> <Ports = 0> <Width = -1> <Depth = -1> <FIFO>
ST_1 : Operation 9 [1/1] (1.21ns)   --->   "%write_ln0 = write void @_ssdm_op_Write.ap_fifo.i6P0A, i6 %local_tiles_loc_c20, i6 %p_read24"   --->   Operation 9 'write' 'write_ln0' <Predicate = true> <Delay = 1.21> <CoreInst = "FIFO_SRL">   --->   Core 81 'FIFO_SRL' <Latency = 0> <II = 1> <Delay = 1.36> <Storage> <Opcode : 'read' 'write' 'nbread' 'nbwrite'> <Ports = 0> <Width = 6> <Depth = 2> <FIFO>
ST_1 : Operation 10 [1/1] (1.21ns)   --->   "%write_ln0 = write void @_ssdm_op_Write.ap_fifo.i6P0A, i6 %input_tiles_loc_c16, i6 %p_read_19"   --->   Operation 10 'write' 'write_ln0' <Predicate = true> <Delay = 1.21> <CoreInst = "FIFO_SRL">   --->   Core 81 'FIFO_SRL' <Latency = 0> <II = 1> <Delay = 1.36> <Storage> <Opcode : 'read' 'write' 'nbread' 'nbwrite'> <Ports = 0> <Width = 6> <Depth = 2> <FIFO>
ST_1 : Operation 11 [1/1] (0.00ns)   --->   "%activation_cache = alloca i64 1" [source/int4_linear_controller.cpp:364->source/int4_linear_controller.cpp:890]   --->   Operation 11 'alloca' 'activation_cache' <Predicate = true> <Delay = 0.00> <CoreInst = "RAM_1P_BRAM">   --->   Core 90 'RAM_1P_BRAM' <Latency = 1> <II = 1> <Delay = 1.20> <Storage> <Opcode : 'load' 'store'> <Ports = 1> <Width = 480> <Depth = 344> <RAM>
ST_1 : Operation 12 [1/1] (0.00ns)   --->   "%scale_cache = alloca i64 1" [source/int4_linear_controller.cpp:365->source/int4_linear_controller.cpp:890]   --->   Operation 12 'alloca' 'scale_cache' <Predicate = true> <Delay = 0.00> <CoreInst = "RAM_1P_BRAM">   --->   Core 90 'RAM_1P_BRAM' <Latency = 1> <II = 1> <Delay = 1.19> <Storage> <Opcode : 'load' 'store'> <Ports = 1> <Width = 32> <Depth = 344> <RAM>

State 2 <SV = 1> <Delay = 1.10>
ST_2 : Operation 13 [1/1] (0.00ns)   --->   "%shl_ln = bitconcatenate i9 @_ssdm_op_BitConcatenate.i9.i6.i3, i6 %p_read_19, i3 0" [source/int4_linear_controller.cpp:372->source/int4_linear_controller.cpp:890]   --->   Operation 13 'bitconcatenate' 'shl_ln' <Predicate = true> <Delay = 0.00>
ST_2 : Operation 14 [1/1] (0.00ns)   --->   "%empty = wait i32 @_ssdm_op_Wait"   --->   Operation 14 'wait' 'empty' <Predicate = true> <Delay = 0.00>
ST_2 : Operation 15 [2/2] (1.10ns)   --->   "%call_ln372 = call void @int4_cache_and_replay_activation<0>_Pipeline_cache_local_activation_loop, i9 %shl_ln, i480 %quantized_pe0, i480 %activation_cache, i32 %activation_scale_pe0, i32 %scale_cache" [source/int4_linear_controller.cpp:372->source/int4_linear_controller.cpp:890]   --->   Operation 15 'call' 'call_ln372' <Predicate = true> <Delay = 1.10> <CoreType = "Generic">   --->   Core 0 '' <Latency = 0> <II = 1> <Delay = 1.00> <Generic> <Opcode : >

State 3 <SV = 2> <Delay = 0.00>
ST_3 : Operation 16 [1/2] (0.00ns)   --->   "%call_ln372 = call void @int4_cache_and_replay_activation<0>_Pipeline_cache_local_activation_loop, i9 %shl_ln, i480 %quantized_pe0, i480 %activation_cache, i32 %activation_scale_pe0, i32 %scale_cache" [source/int4_linear_controller.cpp:372->source/int4_linear_controller.cpp:890]   --->   Operation 16 'call' 'call_ln372' <Predicate = true> <Delay = 0.00> <CoreType = "Generic">   --->   Core 0 '' <Latency = 0> <II = 1> <Delay = 1.00> <Generic> <Opcode : >

State 4 <SV = 3> <Delay = 1.46>
ST_4 : Operation 17 [1/1] (0.00ns)   --->   "%empty_963 = wait i32 @_ssdm_op_Wait"   --->   Operation 17 'wait' 'empty_963' <Predicate = true> <Delay = 0.00>
ST_4 : Operation 18 [1/1] (0.00ns)   --->   "%zext_ln380 = zext i6 %p_read24" [source/int4_linear_controller.cpp:380->source/int4_linear_controller.cpp:890]   --->   Operation 18 'zext' 'zext_ln380' <Predicate = true> <Delay = 0.00>
ST_4 : Operation 19 [1/1] (0.00ns)   --->   "%zext_ln380_4 = zext i9 %shl_ln" [source/int4_linear_controller.cpp:380->source/int4_linear_controller.cpp:890]   --->   Operation 19 'zext' 'zext_ln380_4' <Predicate = true> <Delay = 0.00>
ST_4 : Operation 20 [1/1] (1.46ns)   --->   "%mul_ln380 = mul i15 %zext_ln380, i15 %zext_ln380_4" [source/int4_linear_controller.cpp:380->source/int4_linear_controller.cpp:890]   --->   Operation 20 'mul' 'mul_ln380' <Predicate = true> <Delay = 1.46> <CoreInst = "Multiplier">   --->   Core 3 'Multiplier' <Latency = 0> <II = 1> <Delay = 1.46> <FuncUnit> <Opcode : 'mul'> <InPorts = 2> <OutPorts = 1>

State 5 <SV = 4> <Delay = 2.21>
ST_5 : Operation 21 [1/1] (0.00ns)   --->   "%empty_964 = wait i32 @_ssdm_op_Wait"   --->   Operation 21 'wait' 'empty_964' <Predicate = true> <Delay = 0.00>
ST_5 : Operation 22 [2/2] (2.21ns)   --->   "%call_ln380 = call void @int4_cache_and_replay_activation_Pipeline_replay_local_activation_tile_loop_repl.3, i15 %mul_ln380, i9 %shl_ln, i480 %activation_cache, i480 %replay_activation_stream, i32 %scale_cache, i32 %replay_scale_stream" [source/int4_linear_controller.cpp:380->source/int4_linear_controller.cpp:890]   --->   Operation 22 'call' 'call_ln380' <Predicate = true> <Delay = 2.21> <CoreType = "Generic">   --->   Core 0 '' <Latency = 0> <II = 1> <Delay = 1.00> <Generic> <Opcode : >

State 6 <SV = 5> <Delay = 0.00>
ST_6 : Operation 23 [1/1] (0.00ns)   --->   "%specinterface_ln0 = specinterface void @_ssdm_op_SpecInterface, i6 %local_tiles_loc_c20, void @ap_fifo_str, i32 0, i32 0, void @p_str, i32 0, i32 0, void @p_str, void @p_str, void @p_str, i32 2, i32 2, i32 16, i32 16, void @p_str, void @ScalarProp_str, i32 4294967295, i32 0"   --->   Operation 23 'specinterface' 'specinterface_ln0' <Predicate = true> <Delay = 0.00>
ST_6 : Operation 24 [1/1] (0.00ns)   --->   "%specinterface_ln0 = specinterface void @_ssdm_op_SpecInterface, i6 %input_tiles_loc_c16, void @ap_fifo_str, i32 0, i32 0, void @p_str, i32 0, i32 0, void @p_str, void @p_str, void @p_str, i32 2, i32 2, i32 16, i32 16, void @p_str, void @ScalarProp_str, i32 4294967295, i32 0"   --->   Operation 24 'specinterface' 'specinterface_ln0' <Predicate = true> <Delay = 0.00>
ST_6 : Operation 25 [1/1] (0.00ns)   --->   "%specmemcore_ln0 = specmemcore void @_ssdm_op_SpecMemCore, i32 %replay_scale_stream, i64 666, i64 10, i64 18446744073709551615"   --->   Operation 25 'specmemcore' 'specmemcore_ln0' <Predicate = true> <Delay = 0.00>
ST_6 : Operation 26 [1/1] (0.00ns)   --->   "%specmemcore_ln0 = specmemcore void @_ssdm_op_SpecMemCore, i480 %replay_activation_stream, i64 666, i64 8, i64 18446744073709551615"   --->   Operation 26 'specmemcore' 'specmemcore_ln0' <Predicate = true> <Delay = 0.00>
ST_6 : Operation 27 [1/1] (0.00ns)   --->   "%specmemcore_ln0 = specmemcore void @_ssdm_op_SpecMemCore, i480 %quantized_pe0, i64 666, i64 8, i64 18446744073709551615"   --->   Operation 27 'specmemcore' 'specmemcore_ln0' <Predicate = true> <Delay = 0.00>
ST_6 : Operation 28 [1/1] (0.00ns)   --->   "%specmemcore_ln0 = specmemcore void @_ssdm_op_SpecMemCore, i32 %activation_scale_pe0, i64 666, i64 10, i64 18446744073709551615"   --->   Operation 28 'specmemcore' 'specmemcore_ln0' <Predicate = true> <Delay = 0.00>
ST_6 : Operation 29 [1/1] (0.00ns)   --->   "%specinterface_ln0 = specinterface void @_ssdm_op_SpecInterface, i32 %replay_scale_stream, void @empty_447, i32 0, i32 0, void @empty_418, i32 0, i32 0, void @empty_418, void @empty_418, void @empty_418, i32 0, i32 0, i32 0, i32 0, void @empty_418, void @empty_418, i32 4294967295, i32 0"   --->   Operation 29 'specinterface' 'specinterface_ln0' <Predicate = true> <Delay = 0.00>
ST_6 : Operation 30 [1/1] (0.00ns)   --->   "%specinterface_ln0 = specinterface void @_ssdm_op_SpecInterface, i480 %replay_activation_stream, void @empty_447, i32 0, i32 0, void @empty_418, i32 0, i32 0, void @empty_418, void @empty_418, void @empty_418, i32 0, i32 0, i32 0, i32 0, void @empty_418, void @empty_418, i32 4294967295, i32 0"   --->   Operation 30 'specinterface' 'specinterface_ln0' <Predicate = true> <Delay = 0.00>
ST_6 : Operation 31 [1/1] (0.00ns)   --->   "%specinterface_ln0 = specinterface void @_ssdm_op_SpecInterface, i480 %quantized_pe0, void @empty_447, i32 0, i32 0, void @empty_418, i32 0, i32 0, void @empty_418, void @empty_418, void @empty_418, i32 0, i32 0, i32 0, i32 0, void @empty_418, void @empty_418, i32 4294967295, i32 0"   --->   Operation 31 'specinterface' 'specinterface_ln0' <Predicate = true> <Delay = 0.00>
ST_6 : Operation 32 [1/1] (0.00ns)   --->   "%specinterface_ln0 = specinterface void @_ssdm_op_SpecInterface, i32 %activation_scale_pe0, void @empty_447, i32 0, i32 0, void @empty_418, i32 0, i32 0, void @empty_418, void @empty_418, void @empty_418, i32 0, i32 0, i32 0, i32 0, void @empty_418, void @empty_418, i32 4294967295, i32 0"   --->   Operation 32 'specinterface' 'specinterface_ln0' <Predicate = true> <Delay = 0.00>
ST_6 : Operation 33 [1/1] (0.00ns)   --->   "%specmemcore_ln366 = specmemcore void @_ssdm_op_SpecMemCore, i480 %activation_cache, i64 666, i64 18, i64 1" [source/int4_linear_controller.cpp:366->source/int4_linear_controller.cpp:890]   --->   Operation 33 'specmemcore' 'specmemcore_ln366' <Predicate = true> <Delay = 0.00>
ST_6 : Operation 34 [1/1] (0.00ns)   --->   "%specmemcore_ln367 = specmemcore void @_ssdm_op_SpecMemCore, i32 %scale_cache, i64 666, i64 18, i64 1" [source/int4_linear_controller.cpp:367->source/int4_linear_controller.cpp:890]   --->   Operation 34 'specmemcore' 'specmemcore_ln367' <Predicate = true> <Delay = 0.00>
ST_6 : Operation 35 [1/2] (0.00ns)   --->   "%call_ln380 = call void @int4_cache_and_replay_activation_Pipeline_replay_local_activation_tile_loop_repl.3, i15 %mul_ln380, i9 %shl_ln, i480 %activation_cache, i480 %replay_activation_stream, i32 %scale_cache, i32 %replay_scale_stream" [source/int4_linear_controller.cpp:380->source/int4_linear_controller.cpp:890]   --->   Operation 35 'call' 'call_ln380' <Predicate = true> <Delay = 0.00> <CoreType = "Generic">   --->   Core 0 '' <Latency = 0> <II = 1> <Delay = 1.00> <Generic> <Opcode : >
ST_6 : Operation 36 [1/1] (0.00ns)   --->   "%ret_ln890 = ret" [source/int4_linear_controller.cpp:890]   --->   Operation 36 'ret' 'ret_ln890' <Predicate = true> <Delay = 0.00>


============================================================
+ Verbose Summary: Timing violations
============================================================
Target clock period: 3.333ns, clock uncertainty: 0.900ns.

 <State 1>: 2.433ns
The critical path consists of the following:
	wire read operation ('p_read24') on port 'p_read' [11]  (1.217 ns)
	fifo write operation ('write_ln0') on port 'local_tiles_loc_c20' [12]  (1.217 ns)

 <State 2>: 1.102ns
The critical path consists of the following:
	'call' operation 0 bit ('call_ln372', source/int4_linear_controller.cpp:372->source/int4_linear_controller.cpp:890) to 'int4_cache_and_replay_activation<0>_Pipeline_cache_local_activation_loop' [29]  (1.102 ns)

 <State 3>: 0.000ns
The critical path consists of the following:

 <State 4>: 1.460ns
The critical path consists of the following:
	'mul' operation 15 bit ('mul_ln380', source/int4_linear_controller.cpp:380->source/int4_linear_controller.cpp:890) [33]  (1.460 ns)

 <State 5>: 2.218ns
The critical path consists of the following:
	'call' operation 0 bit ('call_ln380', source/int4_linear_controller.cpp:380->source/int4_linear_controller.cpp:890) to 'int4_cache_and_replay_activation_Pipeline_replay_local_activation_tile_loop_repl.3' [35]  (2.218 ns)

 <State 6>: 0.000ns
The critical path consists of the following:


============================================================
+ Verbose Summary: Binding
============================================================
N/A
* FSMD analyzer results:
  - Output states:
 - Input state : 
  - Chain level:
	State 1
	State 2
	State 3
	State 4
	State 5
	State 6


============================================================
+ Verbose Summary: Datapath Resource usage 
============================================================
N/A
