

================================================================
== Vitis HLS Report for 'int4_dequantize_final_blocks_21'
================================================================
* Date:           Tue Aug 11 09:19:24 2026

* Version:        2023.2 (Build 4023990 on Oct 11 2023)
* Project:        proj_int4_decoder_xo
* Solution:       solution1 (Vitis Kernel Flow Target)
* Product family: virtexuplus
* Target device:  xcu250-figd2104-2L-e


================================================================
== Performance Estimates
================================================================
+ Timing: 
    * Summary: 
    +--------+---------+----------+------------+
    |  Clock |  Target | Estimated| Uncertainty|
    +--------+---------+----------+------------+
    |ap_clk  |  3.33 ns|  2.433 ns|     0.90 ns|
    +--------+---------+----------+------------+

+ Latency: 
    * Summary: 
    +---------+---------+----------+----------+-------+--------+---------+
    |  Latency (cycles) |  Latency (absolute) |    Interval    | Pipeline|
    |   min   |   max   |    min   |    max   |  min  |   max  |   Type  |
    +---------+---------+----------+----------+-------+--------+---------+
    |    32795|   693531|  0.109 ms|  2.312 ms|  32795|  693531|       no|
    +---------+---------+----------+----------+-------+--------+---------+

    + Detail: 
        * Instance: 
        +--------------------------------------------------------------------------------------------+----------------------------------------------------------------------------------+---------+---------+----------+----------+-------+--------+---------+
        |                                                                                            |                                                                                  |  Latency (cycles) |  Latency (absolute) |    Interval    | Pipeline|
        |                                          Instance                                          |                                      Module                                      |   min   |   max   |    min   |    max   |  min  |   max  |   Type  |
        +--------------------------------------------------------------------------------------------+----------------------------------------------------------------------------------+---------+---------+----------+----------+-------+--------+---------+
        |grp_int4_dequantize_final_blocks_21_Pipeline_dequant_local_tile_loop_dequant_flat_bl_fu_90  |int4_dequantize_final_blocks_21_Pipeline_dequant_local_tile_loop_dequant_flat_bl  |    32793|   693529|  0.109 ms|  2.312 ms|  32793|  693529|       no|
        +--------------------------------------------------------------------------------------------+----------------------------------------------------------------------------------+---------+---------+----------+----------+-------+--------+---------+

        * Loop: 
        N/A



================================================================
== Utilization Estimates
================================================================
* Summary: 
+---------------------+---------+-------+---------+---------+------+
|         Name        | BRAM_18K|  DSP  |    FF   |   LUT   | URAM |
+---------------------+---------+-------+---------+---------+------+
|DSP                  |        -|      -|        -|        -|     -|
|Expression           |        -|      -|        0|       24|     -|
|FIFO                 |        -|      -|        -|        -|     -|
|Instance             |        0|     24|     5361|     4052|     0|
|Memory               |        -|      -|        -|        -|     -|
|Multiplexer          |        -|      -|        -|       92|     -|
|Register             |        -|      -|       61|        -|     -|
+---------------------+---------+-------+---------+---------+------+
|Total                |        0|     24|     5422|     4168|     0|
+---------------------+---------+-------+---------+---------+------+
|Available SLR        |     1344|   3072|   864000|   432000|   320|
+---------------------+---------+-------+---------+---------+------+
|Utilization SLR (%)  |        0|     ~0|       ~0|       ~0|     0|
+---------------------+---------+-------+---------+---------+------+
|Available            |     5376|  12288|  3456000|  1728000|  1280|
+---------------------+---------+-------+---------+---------+------+
|Utilization (%)      |        0|     ~0|       ~0|       ~0|     0|
+---------------------+---------+-------+---------+---------+------+

+ Detail: 
    * Instance: 
    +--------------------------------------------------------------------------------------------+----------------------------------------------------------------------------------+---------+----+------+------+-----+
    |                                          Instance                                          |                                      Module                                      | BRAM_18K| DSP|  FF  |  LUT | URAM|
    +--------------------------------------------------------------------------------------------+----------------------------------------------------------------------------------+---------+----+------+------+-----+
    |grp_int4_dequantize_final_blocks_21_Pipeline_dequant_local_tile_loop_dequant_flat_bl_fu_90  |int4_dequantize_final_blocks_21_Pipeline_dequant_local_tile_loop_dequant_flat_bl  |        0|  23|  5361|  4049|    0|
    |mul_6ns_14ns_20_1_1_U2620                                                                   |mul_6ns_14ns_20_1_1                                                               |        0|   1|     0|     3|    0|
    +--------------------------------------------------------------------------------------------+----------------------------------------------------------------------------------+---------+----+------+------+-----+
    |Total                                                                                       |                                                                                  |        0|  24|  5361|  4052|    0|
    +--------------------------------------------------------------------------------------------+----------------------------------------------------------------------------------+---------+----+------+------+-----+

    * DSP: 
    N/A

    * Memory: 
    N/A

    * FIFO: 
    N/A

    * Expression: 
    +-----------------+----------+----+---+----+------------+------------+
    |  Variable Name  | Operation| DSP| FF| LUT| Bitwidth P0| Bitwidth P1|
    +-----------------+----------+----+---+----+------------+------------+
    |sub_i_fu_118_p2  |         +|   0|  0|  22|          15|           7|
    |ap_block_state1  |        or|   0|  0|   2|           1|           1|
    +-----------------+----------+----+---+----+------------+------------+
    |Total            |          |   0|  0|  24|          16|           8|
    +-----------------+----------+----+---+----+------------+------------+

    * Multiplexer: 
    +---------------------------+----+-----------+-----+-----------+
    |            Name           | LUT| Input Size| Bits| Total Bits|
    +---------------------------+----+-----------+-----+-----------+
    |ap_NS_fsm                  |  20|          4|    1|          4|
    |ap_done                    |   9|          2|    1|          2|
    |final_block_stream_write   |   9|          2|    1|          2|
    |group_stream_read          |   9|          2|    1|          2|
    |idx1_blk_n                 |   9|          2|    1|          2|
    |input_tiles_loc_blk_n      |   9|          2|    1|          2|
    |local_tiles_loc_blk_n      |   9|          2|    1|          2|
    |local_tiles_loc_c18_blk_n  |   9|          2|    1|          2|
    |replay_scale_stream_read   |   9|          2|    1|          2|
    +---------------------------+----+-----------+-----+-----------+
    |Total                      |  92|         20|    9|         20|
    +---------------------------+----+-----------+-----+-----------+

    * Register: 
    +---------------------------------------------------------------------------------------------------------+----+----+-----+-----------+
    |                                                   Name                                                  | FF | LUT| Bits| Const Bits|
    +---------------------------------------------------------------------------------------------------------+----+----+-----+-----------+
    |ap_CS_fsm                                                                                                |   3|   0|    3|          0|
    |ap_done_reg                                                                                              |   1|   0|    1|          0|
    |block_count_reg_154                                                                                      |   6|   0|   14|          8|
    |bound_reg_164                                                                                            |  20|   0|   20|          0|
    |grp_int4_dequantize_final_blocks_21_Pipeline_dequant_local_tile_loop_dequant_flat_bl_fu_90_ap_start_reg  |   1|   0|    1|          0|
    |idx1_read_reg_139                                                                                        |  11|   0|   11|          0|
    |input_tiles_loc_read_reg_149                                                                             |   6|   0|    6|          0|
    |local_tiles_loc_read_reg_144                                                                             |   6|   0|    6|          0|
    |sub_i_reg_159                                                                                            |   7|   0|   15|          8|
    +---------------------------------------------------------------------------------------------------------+----+----+-----+-----------+
    |Total                                                                                                    |  61|   0|   77|         16|
    +---------------------------------------------------------------------------------------------------------+----+----+-----+-----------+



================================================================
== Interface
================================================================
* Summary: 
+------------------------------------+-----+-----+------------+---------------------------------+--------------+
|              RTL Ports             | Dir | Bits|  Protocol  |          Source Object          |    C Type    |
+------------------------------------+-----+-----+------------+---------------------------------+--------------+
|ap_clk                              |   in|    1|  ap_ctrl_hs|  int4_dequantize_final_blocks.21|  return value|
|ap_rst                              |   in|    1|  ap_ctrl_hs|  int4_dequantize_final_blocks.21|  return value|
|ap_start                            |   in|    1|  ap_ctrl_hs|  int4_dequantize_final_blocks.21|  return value|
|ap_done                             |  out|    1|  ap_ctrl_hs|  int4_dequantize_final_blocks.21|  return value|
|ap_continue                         |   in|    1|  ap_ctrl_hs|  int4_dequantize_final_blocks.21|  return value|
|ap_idle                             |  out|    1|  ap_ctrl_hs|  int4_dequantize_final_blocks.21|  return value|
|ap_ready                            |  out|    1|  ap_ctrl_hs|  int4_dequantize_final_blocks.21|  return value|
|group_stream_dout                   |   in|   92|     ap_fifo|                     group_stream|       pointer|
|group_stream_num_data_valid         |   in|    7|     ap_fifo|                     group_stream|       pointer|
|group_stream_fifo_cap               |   in|    7|     ap_fifo|                     group_stream|       pointer|
|group_stream_empty_n                |   in|    1|     ap_fifo|                     group_stream|       pointer|
|group_stream_read                   |  out|    1|     ap_fifo|                     group_stream|       pointer|
|replay_scale_stream_dout            |   in|   32|     ap_fifo|              replay_scale_stream|       pointer|
|replay_scale_stream_num_data_valid  |   in|    3|     ap_fifo|              replay_scale_stream|       pointer|
|replay_scale_stream_fifo_cap        |   in|    3|     ap_fifo|              replay_scale_stream|       pointer|
|replay_scale_stream_empty_n         |   in|    1|     ap_fifo|              replay_scale_stream|       pointer|
|replay_scale_stream_read            |  out|    1|     ap_fifo|              replay_scale_stream|       pointer|
|final_block_stream_din              |  out|  128|     ap_fifo|               final_block_stream|       pointer|
|final_block_stream_num_data_valid   |   in|    6|     ap_fifo|               final_block_stream|       pointer|
|final_block_stream_fifo_cap         |   in|    6|     ap_fifo|               final_block_stream|       pointer|
|final_block_stream_full_n           |   in|    1|     ap_fifo|               final_block_stream|       pointer|
|final_block_stream_write            |  out|    1|     ap_fifo|               final_block_stream|       pointer|
|local_tiles_loc_dout                |   in|    6|     ap_fifo|                  local_tiles_loc|       pointer|
|local_tiles_loc_num_data_valid      |   in|    3|     ap_fifo|                  local_tiles_loc|       pointer|
|local_tiles_loc_fifo_cap            |   in|    3|     ap_fifo|                  local_tiles_loc|       pointer|
|local_tiles_loc_empty_n             |   in|    1|     ap_fifo|                  local_tiles_loc|       pointer|
|local_tiles_loc_read                |  out|    1|     ap_fifo|                  local_tiles_loc|       pointer|
|input_tiles_loc_dout                |   in|    6|     ap_fifo|                  input_tiles_loc|       pointer|
|input_tiles_loc_num_data_valid      |   in|    3|     ap_fifo|                  input_tiles_loc|       pointer|
|input_tiles_loc_fifo_cap            |   in|    3|     ap_fifo|                  input_tiles_loc|       pointer|
|input_tiles_loc_empty_n             |   in|    1|     ap_fifo|                  input_tiles_loc|       pointer|
|input_tiles_loc_read                |  out|    1|     ap_fifo|                  input_tiles_loc|       pointer|
|idx1_dout                           |   in|   11|     ap_fifo|                             idx1|       pointer|
|idx1_num_data_valid                 |   in|    4|     ap_fifo|                             idx1|       pointer|
|idx1_fifo_cap                       |   in|    4|     ap_fifo|                             idx1|       pointer|
|idx1_empty_n                        |   in|    1|     ap_fifo|                             idx1|       pointer|
|idx1_read                           |  out|    1|     ap_fifo|                             idx1|       pointer|
|local_tiles_loc_c18_din             |  out|    6|     ap_fifo|              local_tiles_loc_c18|       pointer|
|local_tiles_loc_c18_num_data_valid  |   in|    3|     ap_fifo|              local_tiles_loc_c18|       pointer|
|local_tiles_loc_c18_fifo_cap        |   in|    3|     ap_fifo|              local_tiles_loc_c18|       pointer|
|local_tiles_loc_c18_full_n          |   in|    1|     ap_fifo|              local_tiles_loc_c18|       pointer|
|local_tiles_loc_c18_write           |  out|    1|     ap_fifo|              local_tiles_loc_c18|       pointer|
|model_scale_cache3_address0         |  out|   11|   ap_memory|               model_scale_cache3|         array|
|model_scale_cache3_ce0              |  out|    1|   ap_memory|               model_scale_cache3|         array|
|model_scale_cache3_q0               |   in|  512|   ap_memory|               model_scale_cache3|         array|
+------------------------------------+-----+-----+------------+---------------------------------+--------------+

============================================================
+ Verbose Summary: Synthesis Manager
============================================================
InlineROM: 1
ExposeGlobal: 0
============================================================
+ Verbose Summary: CDFG Model
============================================================
IsTopModel: 0
ResetActiveHigh: 1
IsCombinational: 2
IsDatapathOnly: 0
HasWiredReturn: 1
HasMFsm: 0
HasVarLatency: 1
IsPipeline: 0
IsRtlPipelined: 0
IsInstanceOverlapped: 0
IsDontTouch: 0
HasImplIP: 0
IsGatedGlobalClock: 0


============================================================
+ Verbose Summary: Schedule
============================================================
* Number of FSM states : 3
* Pipeline : 0
* Dataflow Pipeline: 0

* FSM state transitions: 
1 --> 2 
2 --> 3 
3 --> 

* FSM state operations: 

State 1 <SV = 0> <Delay = 2.43>
ST_1 : Operation 4 [1/1] (1.21ns)   --->   "%idx1_read = read i11 @_ssdm_op_Read.ap_fifo.i11P0A, i11 %idx1"   --->   Operation 4 'read' 'idx1_read' <Predicate = true> <Delay = 1.21> <CoreInst = "FIFO_SRL">   --->   Core 81 'FIFO_SRL' <Latency = 0> <II = 1> <Delay = 1.38> <Storage> <Opcode : 'read' 'write' 'nbread' 'nbwrite'> <Ports = 0> <Width = 11> <Depth = 5> <FIFO>
ST_1 : Operation 5 [1/1] (1.21ns)   --->   "%local_tiles_loc_read = read i6 @_ssdm_op_Read.ap_fifo.i6P0A, i6 %local_tiles_loc"   --->   Operation 5 'read' 'local_tiles_loc_read' <Predicate = true> <Delay = 1.21> <CoreInst = "FIFO_SRL">   --->   Core 81 'FIFO_SRL' <Latency = 0> <II = 1> <Delay = 1.36> <Storage> <Opcode : 'read' 'write' 'nbread' 'nbwrite'> <Ports = 0> <Width = 6> <Depth = 2> <FIFO>
ST_1 : Operation 6 [1/1] (1.21ns)   --->   "%write_ln0 = write void @_ssdm_op_Write.ap_fifo.i6P0A, i6 %local_tiles_loc_c18, i6 %local_tiles_loc_read"   --->   Operation 6 'write' 'write_ln0' <Predicate = true> <Delay = 1.21> <CoreInst = "FIFO_SRL">   --->   Core 81 'FIFO_SRL' <Latency = 0> <II = 1> <Delay = 1.36> <Storage> <Opcode : 'read' 'write' 'nbread' 'nbwrite'> <Ports = 0> <Width = 6> <Depth = 2> <FIFO>
ST_1 : Operation 7 [1/1] (1.21ns)   --->   "%input_tiles_loc_read = read i6 @_ssdm_op_Read.ap_fifo.i6P0A, i6 %input_tiles_loc"   --->   Operation 7 'read' 'input_tiles_loc_read' <Predicate = true> <Delay = 1.21> <CoreInst = "FIFO_SRL">   --->   Core 81 'FIFO_SRL' <Latency = 0> <II = 1> <Delay = 1.36> <Storage> <Opcode : 'read' 'write' 'nbread' 'nbwrite'> <Ports = 0> <Width = 6> <Depth = 2> <FIFO>

State 2 <SV = 1> <Delay = 1.90>
ST_2 : Operation 8 [1/1] (0.00ns)   --->   "%block_count = bitconcatenate i14 @_ssdm_op_BitConcatenate.i14.i6.i8, i6 %input_tiles_loc_read, i8 0"   --->   Operation 8 'bitconcatenate' 'block_count' <Predicate = true> <Delay = 0.00>
ST_2 : Operation 9 [1/1] (0.00ns)   --->   "%block_count_cast4_i = zext i14 %block_count"   --->   Operation 9 'zext' 'block_count_cast4_i' <Predicate = true> <Delay = 0.00>
ST_2 : Operation 10 [1/1] (0.76ns)   --->   "%sub_i = add i15 %block_count_cast4_i, i15 32736"   --->   Operation 10 'add' 'sub_i' <Predicate = true> <Delay = 0.76> <CoreInst = "Adder">   --->   Core 1 'Adder' <Latency = 0> <II = 1> <Delay = 0.77> <FuncUnit> <Opcode : 'add' 'sub'> <InPorts = 2> <OutPorts = 1>
ST_2 : Operation 11 [1/1] (0.00ns)   --->   "%cast = zext i6 %local_tiles_loc_read"   --->   Operation 11 'zext' 'cast' <Predicate = true> <Delay = 0.00>
ST_2 : Operation 12 [1/1] (0.00ns)   --->   "%cast1 = zext i14 %block_count"   --->   Operation 12 'zext' 'cast1' <Predicate = true> <Delay = 0.00>
ST_2 : Operation 13 [1/1] (1.90ns)   --->   "%bound = mul i20 %cast, i20 %cast1"   --->   Operation 13 'mul' 'bound' <Predicate = true> <Delay = 1.90> <CoreInst = "Multiplier">   --->   Core 3 'Multiplier' <Latency = 0> <II = 1> <Delay = 1.90> <FuncUnit> <Opcode : 'mul'> <InPorts = 2> <OutPorts = 1>
ST_2 : Operation 14 [1/1] (0.00ns)   --->   "%empty = wait i32 @_ssdm_op_Wait"   --->   Operation 14 'wait' 'empty' <Predicate = true> <Delay = 0.00>
ST_2 : Operation 15 [2/2] (0.00ns)   --->   "%call_ln0 = call void @int4_dequantize_final_blocks.21_Pipeline_dequant_local_tile_loop_dequant_flat_bl, i20 %bound, i128 %final_block_stream, i15 %sub_i, i92 %group_stream, i14 %block_count, i11 %idx1_read, i32 %replay_scale_stream, i512 %model_scale_cache3"   --->   Operation 15 'call' 'call_ln0' <Predicate = true> <Delay = 0.00> <CoreType = "Generic">   --->   Core 0 '' <Latency = 0> <II = 1> <Delay = 1.00> <Generic> <Opcode : >

State 3 <SV = 2> <Delay = 0.00>
ST_3 : Operation 16 [1/1] (0.00ns)   --->   "%specinterface_ln0 = specinterface void @_ssdm_op_SpecInterface, i11 %idx1, void @ap_fifo_str, i32 0, i32 0, void @p_str, i32 0, i32 0, void @p_str, void @p_str, void @p_str, i32 2, i32 2, i32 16, i32 16, void @p_str, void @ScalarProp_str, i32 4294967295, i32 0"   --->   Operation 16 'specinterface' 'specinterface_ln0' <Predicate = true> <Delay = 0.00>
ST_3 : Operation 17 [1/1] (0.00ns)   --->   "%specinterface_ln0 = specinterface void @_ssdm_op_SpecInterface, i6 %local_tiles_loc, void @ap_fifo_str, i32 0, i32 0, void @p_str, i32 0, i32 0, void @p_str, void @p_str, void @p_str, i32 2, i32 2, i32 16, i32 16, void @p_str, void @ScalarProp_str, i32 4294967295, i32 0"   --->   Operation 17 'specinterface' 'specinterface_ln0' <Predicate = true> <Delay = 0.00>
ST_3 : Operation 18 [1/1] (0.00ns)   --->   "%specinterface_ln0 = specinterface void @_ssdm_op_SpecInterface, i6 %local_tiles_loc_c18, void @ap_fifo_str, i32 0, i32 0, void @p_str, i32 0, i32 0, void @p_str, void @p_str, void @p_str, i32 2, i32 2, i32 16, i32 16, void @p_str, void @ScalarProp_str, i32 4294967295, i32 0"   --->   Operation 18 'specinterface' 'specinterface_ln0' <Predicate = true> <Delay = 0.00>
ST_3 : Operation 19 [1/1] (0.00ns)   --->   "%specinterface_ln0 = specinterface void @_ssdm_op_SpecInterface, i6 %input_tiles_loc, void @ap_fifo_str, i32 0, i32 0, void @p_str, i32 0, i32 0, void @p_str, void @p_str, void @p_str, i32 2, i32 2, i32 16, i32 16, void @p_str, void @ScalarProp_str, i32 4294967295, i32 0"   --->   Operation 19 'specinterface' 'specinterface_ln0' <Predicate = true> <Delay = 0.00>
ST_3 : Operation 20 [1/1] (0.00ns)   --->   "%specmemcore_ln0 = specmemcore void @_ssdm_op_SpecMemCore, i128 %final_block_stream, i64 666, i64 8, i64 18446744073709551615"   --->   Operation 20 'specmemcore' 'specmemcore_ln0' <Predicate = true> <Delay = 0.00>
ST_3 : Operation 21 [1/1] (0.00ns)   --->   "%specmemcore_ln0 = specmemcore void @_ssdm_op_SpecMemCore, i32 %replay_scale_stream, i64 666, i64 10, i64 18446744073709551615"   --->   Operation 21 'specmemcore' 'specmemcore_ln0' <Predicate = true> <Delay = 0.00>
ST_3 : Operation 22 [1/1] (0.00ns)   --->   "%specmemcore_ln0 = specmemcore void @_ssdm_op_SpecMemCore, i92 %group_stream, i64 666, i64 10, i64 18446744073709551615"   --->   Operation 22 'specmemcore' 'specmemcore_ln0' <Predicate = true> <Delay = 0.00>
ST_3 : Operation 23 [1/1] (0.00ns)   --->   "%specmemcore_ln0 = specmemcore void @_ssdm_op_SpecMemCore, i512 %model_scale_cache3, i64 666, i64 20, i64 18446744073709551615"   --->   Operation 23 'specmemcore' 'specmemcore_ln0' <Predicate = true> <Delay = 0.00>
ST_3 : Operation 24 [1/1] (0.00ns)   --->   "%specinterface_ln0 = specinterface void @_ssdm_op_SpecInterface, i128 %final_block_stream, void @empty_447, i32 0, i32 0, void @empty_418, i32 0, i32 0, void @empty_418, void @empty_418, void @empty_418, i32 0, i32 0, i32 0, i32 0, void @empty_418, void @empty_418, i32 4294967295, i32 0"   --->   Operation 24 'specinterface' 'specinterface_ln0' <Predicate = true> <Delay = 0.00>
ST_3 : Operation 25 [1/1] (0.00ns)   --->   "%specinterface_ln0 = specinterface void @_ssdm_op_SpecInterface, i32 %replay_scale_stream, void @empty_447, i32 0, i32 0, void @empty_418, i32 0, i32 0, void @empty_418, void @empty_418, void @empty_418, i32 0, i32 0, i32 0, i32 0, void @empty_418, void @empty_418, i32 4294967295, i32 0"   --->   Operation 25 'specinterface' 'specinterface_ln0' <Predicate = true> <Delay = 0.00>
ST_3 : Operation 26 [1/1] (0.00ns)   --->   "%specinterface_ln0 = specinterface void @_ssdm_op_SpecInterface, i92 %group_stream, void @empty_447, i32 0, i32 0, void @empty_418, i32 0, i32 0, void @empty_418, void @empty_418, void @empty_418, i32 0, i32 0, i32 0, i32 0, void @empty_418, void @empty_418, i32 4294967295, i32 0"   --->   Operation 26 'specinterface' 'specinterface_ln0' <Predicate = true> <Delay = 0.00>
ST_3 : Operation 27 [1/2] (0.00ns)   --->   "%call_ln0 = call void @int4_dequantize_final_blocks.21_Pipeline_dequant_local_tile_loop_dequant_flat_bl, i20 %bound, i128 %final_block_stream, i15 %sub_i, i92 %group_stream, i14 %block_count, i11 %idx1_read, i32 %replay_scale_stream, i512 %model_scale_cache3"   --->   Operation 27 'call' 'call_ln0' <Predicate = true> <Delay = 0.00> <CoreType = "Generic">   --->   Core 0 '' <Latency = 0> <II = 1> <Delay = 1.00> <Generic> <Opcode : >
ST_3 : Operation 28 [1/1] (0.00ns)   --->   "%ret_ln903 = ret" [source/int4_linear_controller.cpp:903]   --->   Operation 28 'ret' 'ret_ln903' <Predicate = true> <Delay = 0.00>


============================================================
+ Verbose Summary: Binding
============================================================
STG Binding: 
---------------- STG Properties BEGIN ----------------
- Is combinational: 0
- Is one-state seq: 0
- Is datapath-only: 0
- Is pipelined: 0
- Is top level: 0
Port [ Return ] is wired: 1; IO mode=ap_ctrl_hs:ce=0
Port [ group_stream]:  wired=1; compound=1; hidden=0; nouse=0; global=0; static=0; extern=0; dir=0; type=3; pingpong=0; private_global=0; IO mode=ap_fifo:ce=0
Port [ replay_scale_stream]:  wired=1; compound=1; hidden=0; nouse=0; global=0; static=0; extern=0; dir=0; type=3; pingpong=0; private_global=0; IO mode=ap_fifo:ce=0
Port [ final_block_stream]:  wired=1; compound=1; hidden=0; nouse=0; global=0; static=0; extern=0; dir=1; type=3; pingpong=0; private_global=0; IO mode=ap_fifo:ce=0
Port [ local_tiles_loc]:  wired=1; compound=1; hidden=0; nouse=0; global=0; static=0; extern=0; dir=0; type=3; pingpong=0; private_global=0; IO mode=ap_fifo:ce=0
Port [ input_tiles_loc]:  wired=1; compound=1; hidden=0; nouse=0; global=0; static=0; extern=0; dir=0; type=3; pingpong=0; private_global=0; IO mode=ap_fifo:ce=0
Port [ idx1]:  wired=1; compound=1; hidden=0; nouse=0; global=0; static=0; extern=0; dir=0; type=3; pingpong=0; private_global=0; IO mode=ap_fifo:ce=0
Port [ local_tiles_loc_c18]:  wired=1; compound=1; hidden=0; nouse=0; global=0; static=0; extern=0; dir=1; type=3; pingpong=0; private_global=0; IO mode=ap_fifo:ce=0
Port [ model_scale_cache3]:  wired=1; compound=1; hidden=0; nouse=0; global=1; static=1; extern=0; dir=0; type=1; pingpong=0; private_global=0; MemPort=[1]; IO mode=ap_memory:ce=0
---------------- STG Properties END ------------------

---------------- Datapath Model BEGIN ----------------

<LifeTime>
<method=bitvector/>
idx1_read            (read          ) [ 0011]
local_tiles_loc_read (read          ) [ 0010]
write_ln0            (write         ) [ 0000]
input_tiles_loc_read (read          ) [ 0010]
block_count          (bitconcatenate) [ 0001]
block_count_cast4_i  (zext          ) [ 0000]
sub_i                (add           ) [ 0001]
cast                 (zext          ) [ 0000]
cast1                (zext          ) [ 0000]
bound                (mul           ) [ 0001]
empty                (wait          ) [ 0000]
specinterface_ln0    (specinterface ) [ 0000]
specinterface_ln0    (specinterface ) [ 0000]
specinterface_ln0    (specinterface ) [ 0000]
specinterface_ln0    (specinterface ) [ 0000]
specmemcore_ln0      (specmemcore   ) [ 0000]
specmemcore_ln0      (specmemcore   ) [ 0000]
specmemcore_ln0      (specmemcore   ) [ 0000]
specmemcore_ln0      (specmemcore   ) [ 0000]
specinterface_ln0    (specinterface ) [ 0000]
specinterface_ln0    (specinterface ) [ 0000]
specinterface_ln0    (specinterface ) [ 0000]
call_ln0             (call          ) [ 0000]
ret_ln903            (ret           ) [ 0000]
</LifeTime>

<model>

<comp_list>
<comp id="0" class="1000" name="group_stream">
<pin_list>
<pin id="1" dir="1" index="0" bw="1" slack="0"/>
</pin_list>
<bind>
<StgValue><ssdm name="group_stream"/></StgValue>
</bind>
</comp>

<comp id="2" class="1000" name="replay_scale_stream">
<pin_list>
<pin id="3" dir="1" index="0" bw="1" slack="0"/>
</pin_list>
<bind>
<StgValue><ssdm name="replay_scale_stream"/></StgValue>
</bind>
</comp>

<comp id="4" class="1000" name="final_block_stream">
<pin_list>
<pin id="5" dir="1" index="0" bw="1" slack="0"/>
</pin_list>
<bind>
<StgValue><ssdm name="final_block_stream"/></StgValue>
</bind>
</comp>

<comp id="6" class="1000" name="local_tiles_loc">
<pin_list>
<pin id="7" dir="1" index="0" bw="1" slack="0"/>
</pin_list>
<bind>
<StgValue><ssdm name="local_tiles_loc"/></StgValue>
</bind>
</comp>

<comp id="8" class="1000" name="input_tiles_loc">
<pin_list>
<pin id="9" dir="1" index="0" bw="1" slack="0"/>
</pin_list>
<bind>
<StgValue><ssdm name="input_tiles_loc"/></StgValue>
</bind>
</comp>

<comp id="10" class="1000" name="idx1">
<pin_list>
<pin id="11" dir="1" index="0" bw="1" slack="0"/>
</pin_list>
<bind>
<StgValue><ssdm name="idx1"/></StgValue>
</bind>
</comp>

<comp id="12" class="1000" name="local_tiles_loc_c18">
<pin_list>
<pin id="13" dir="1" index="0" bw="1" slack="0"/>
</pin_list>
<bind>
<StgValue><ssdm name="local_tiles_loc_c18"/></StgValue>
</bind>
</comp>

<comp id="14" class="1000" name="model_scale_cache3">
<pin_list>
<pin id="15" dir="1" index="0" bw="1" slack="0"/>
</pin_list>
<bind>
<StgValue><ssdm name="model_scale_cache3"/><MemPortTyVec>1 </MemPortTyVec>
</StgValue>
</bind>
</comp>

<comp id="16" class="1001" name="const_16">
<pin_list>
<pin id="17" dir="1" index="0" bw="1" slack="0"/>
</pin_list>
<bind>
<StgValue><ssdm name="_ssdm_op_Read.ap_fifo.i11P0A"/></StgValue>
</bind>
</comp>

<comp id="18" class="1001" name="const_18">
<pin_list>
<pin id="19" dir="1" index="0" bw="1" slack="0"/>
</pin_list>
<bind>
<StgValue><ssdm name="_ssdm_op_Read.ap_fifo.i6P0A"/></StgValue>
</bind>
</comp>

<comp id="20" class="1001" name="const_20">
<pin_list>
<pin id="21" dir="1" index="0" bw="1" slack="0"/>
</pin_list>
<bind>
<StgValue><ssdm name="_ssdm_op_Write.ap_fifo.i6P0A"/></StgValue>
</bind>
</comp>

<comp id="22" class="1001" name="const_22">
<pin_list>
<pin id="23" dir="1" index="0" bw="1" slack="0"/>
</pin_list>
<bind>
<StgValue><ssdm name="_ssdm_op_BitConcatenate.i14.i6.i8"/></StgValue>
</bind>
</comp>

<comp id="24" class="1001" name="const_24">
<pin_list>
<pin id="25" dir="1" index="0" bw="1" slack="0"/>
</pin_list>
<bind>
<StgValue><ssdm name=""/></StgValue>
</bind>
</comp>

<comp id="26" class="1001" name="const_26">
<pin_list>
<pin id="27" dir="1" index="0" bw="1" slack="0"/>
</pin_list>
<bind>
<StgValue><ssdm name=""/></StgValue>
</bind>
</comp>

<comp id="28" class="1001" name="const_28">
<pin_list>
<pin id="29" dir="1" index="0" bw="1" slack="2147483647"/>
</pin_list>
<bind>
<StgValue><ssdm name="_ssdm_op_Wait"/></StgValue>
</bind>
</comp>

<comp id="30" class="1001" name="const_30">
<pin_list>
<pin id="31" dir="1" index="0" bw="1" slack="0"/>
</pin_list>
<bind>
<StgValue><ssdm name="int4_dequantize_final_blocks.21_Pipeline_dequant_local_tile_loop_dequant_flat_bl"/></StgValue>
</bind>
</comp>

<comp id="32" class="1001" name="const_32">
<pin_list>
<pin id="33" dir="1" index="0" bw="1" slack="2147483647"/>
</pin_list>
<bind>
<StgValue><ssdm name="_ssdm_op_SpecInterface"/></StgValue>
</bind>
</comp>

<comp id="34" class="1001" name="const_34">
<pin_list>
<pin id="35" dir="1" index="0" bw="1" slack="2147483647"/>
</pin_list>
<bind>
<StgValue><ssdm name="ap_fifo_str"/></StgValue>
</bind>
</comp>

<comp id="36" class="1001" name="const_36">
<pin_list>
<pin id="37" dir="1" index="0" bw="1" slack="2147483647"/>
</pin_list>
<bind>
<StgValue><ssdm name=""/></StgValue>
</bind>
</comp>

<comp id="38" class="1001" name="const_38">
<pin_list>
<pin id="39" dir="1" index="0" bw="1" slack="2147483647"/>
</pin_list>
<bind>
<StgValue><ssdm name="p_str"/></StgValue>
</bind>
</comp>

<comp id="40" class="1001" name="const_40">
<pin_list>
<pin id="41" dir="1" index="0" bw="1" slack="2147483647"/>
</pin_list>
<bind>
<StgValue><ssdm name=""/></StgValue>
</bind>
</comp>

<comp id="42" class="1001" name="const_42">
<pin_list>
<pin id="43" dir="1" index="0" bw="1" slack="2147483647"/>
</pin_list>
<bind>
<StgValue><ssdm name=""/></StgValue>
</bind>
</comp>

<comp id="44" class="1001" name="const_44">
<pin_list>
<pin id="45" dir="1" index="0" bw="1" slack="2147483647"/>
</pin_list>
<bind>
<StgValue><ssdm name="ScalarProp_str"/></StgValue>
</bind>
</comp>

<comp id="46" class="1001" name="const_46">
<pin_list>
<pin id="47" dir="1" index="0" bw="1" slack="2147483647"/>
</pin_list>
<bind>
<StgValue><ssdm name=""/></StgValue>
</bind>
</comp>

<comp id="48" class="1001" name="const_48">
<pin_list>
<pin id="49" dir="1" index="0" bw="1" slack="2147483647"/>
</pin_list>
<bind>
<StgValue><ssdm name="_ssdm_op_SpecMemCore"/></StgValue>
</bind>
</comp>

<comp id="50" class="1001" name="const_50">
<pin_list>
<pin id="51" dir="1" index="0" bw="1" slack="2147483647"/>
</pin_list>
<bind>
<StgValue><ssdm name=""/></StgValue>
</bind>
</comp>

<comp id="52" class="1001" name="const_52">
<pin_list>
<pin id="53" dir="1" index="0" bw="1" slack="2147483647"/>
</pin_list>
<bind>
<StgValue><ssdm name=""/></StgValue>
</bind>
</comp>

<comp id="54" class="1001" name="const_54">
<pin_list>
<pin id="55" dir="1" index="0" bw="1" slack="2147483647"/>
</pin_list>
<bind>
<StgValue><ssdm name=""/></StgValue>
</bind>
</comp>

<comp id="56" class="1001" name="const_56">
<pin_list>
<pin id="57" dir="1" index="0" bw="1" slack="2147483647"/>
</pin_list>
<bind>
<StgValue><ssdm name=""/></StgValue>
</bind>
</comp>

<comp id="58" class="1001" name="const_58">
<pin_list>
<pin id="59" dir="1" index="0" bw="1" slack="2147483647"/>
</pin_list>
<bind>
<StgValue><ssdm name=""/></StgValue>
</bind>
</comp>

<comp id="60" class="1001" name="const_60">
<pin_list>
<pin id="61" dir="1" index="0" bw="1" slack="2147483647"/>
</pin_list>
<bind>
<StgValue><ssdm name="empty_447"/></StgValue>
</bind>
</comp>

<comp id="62" class="1001" name="const_62">
<pin_list>
<pin id="63" dir="1" index="0" bw="1" slack="2147483647"/>
</pin_list>
<bind>
<StgValue><ssdm name="empty_418"/></StgValue>
</bind>
</comp>

<comp id="64" class="1004" name="idx1_read_read_fu_64">
<pin_list>
<pin id="65" dir="0" index="0" bw="11" slack="0"/>
<pin id="66" dir="0" index="1" bw="11" slack="0"/>
<pin id="67" dir="1" index="2" bw="11" slack="1"/>
</pin_list>
<bind>
<opcode="read(1150) " fcode="read"/>
<opset="idx1_read/1 "/>
</bind>
</comp>

<comp id="70" class="1004" name="local_tiles_loc_read_read_fu_70">
<pin_list>
<pin id="71" dir="0" index="0" bw="6" slack="0"/>
<pin id="72" dir="0" index="1" bw="6" slack="0"/>
<pin id="73" dir="1" index="2" bw="6" slack="0"/>
</pin_list>
<bind>
<opcode="read(1150) " fcode="read"/>
<opset="local_tiles_loc_read/1 "/>
</bind>
</comp>

<comp id="76" class="1004" name="write_ln0_write_fu_76">
<pin_list>
<pin id="77" dir="0" index="0" bw="0" slack="0"/>
<pin id="78" dir="0" index="1" bw="6" slack="0"/>
<pin id="79" dir="0" index="2" bw="6" slack="0"/>
<pin id="80" dir="1" index="3" bw="0" slack="2147483647"/>
</pin_list>
<bind>
<opcode="write(1151) " fcode="write"/>
<opset="write_ln0/1 "/>
</bind>
</comp>

<comp id="84" class="1004" name="input_tiles_loc_read_read_fu_84">
<pin_list>
<pin id="85" dir="0" index="0" bw="6" slack="0"/>
<pin id="86" dir="0" index="1" bw="6" slack="0"/>
<pin id="87" dir="1" index="2" bw="6" slack="1"/>
</pin_list>
<bind>
<opcode="read(1150) " fcode="read"/>
<opset="input_tiles_loc_read/1 "/>
</bind>
</comp>

<comp id="90" class="1004" name="grp_int4_dequantize_final_blocks_21_Pipeline_dequant_local_tile_loop_dequant_flat_bl_fu_90">
<pin_list>
<pin id="91" dir="0" index="0" bw="0" slack="0"/>
<pin id="92" dir="0" index="1" bw="20" slack="0"/>
<pin id="93" dir="0" index="2" bw="128" slack="0"/>
<pin id="94" dir="0" index="3" bw="15" slack="0"/>
<pin id="95" dir="0" index="4" bw="92" slack="0"/>
<pin id="96" dir="0" index="5" bw="14" slack="0"/>
<pin id="97" dir="0" index="6" bw="11" slack="1"/>
<pin id="98" dir="0" index="7" bw="32" slack="0"/>
<pin id="99" dir="0" index="8" bw="512" slack="0"/>
<pin id="100" dir="1" index="9" bw="0" slack="2147483647"/>
</pin_list>
<bind>
<opcode="call(48) " fcode="call"/>
<opset="call_ln0/2 "/>
</bind>
</comp>

<comp id="106" class="1004" name="block_count_fu_106">
<pin_list>
<pin id="107" dir="0" index="0" bw="14" slack="0"/>
<pin id="108" dir="0" index="1" bw="6" slack="1"/>
<pin id="109" dir="0" index="2" bw="1" slack="0"/>
<pin id="110" dir="1" index="3" bw="14" slack="0"/>
</pin_list>
<bind>
<opcode="bitconcatenate(1004) " fcode="bitconcatenate"/>
<opset="block_count/2 "/>
</bind>
</comp>

<comp id="114" class="1004" name="block_count_cast4_i_fu_114">
<pin_list>
<pin id="115" dir="0" index="0" bw="14" slack="0"/>
<pin id="116" dir="1" index="1" bw="15" slack="0"/>
</pin_list>
<bind>
<opcode="zext(34) " fcode="zext"/>
<opset="block_count_cast4_i/2 "/>
</bind>
</comp>

<comp id="118" class="1004" name="sub_i_fu_118">
<pin_list>
<pin id="119" dir="0" index="0" bw="14" slack="0"/>
<pin id="120" dir="0" index="1" bw="6" slack="0"/>
<pin id="121" dir="1" index="2" bw="15" slack="0"/>
</pin_list>
<bind>
<opcode="add(8) " fcode="add"/>
<opset="sub_i/2 "/>
</bind>
</comp>

<comp id="125" class="1004" name="cast_fu_125">
<pin_list>
<pin id="126" dir="0" index="0" bw="6" slack="1"/>
<pin id="127" dir="1" index="1" bw="20" slack="0"/>
</pin_list>
<bind>
<opcode="zext(34) " fcode="zext"/>
<opset="cast/2 "/>
</bind>
</comp>

<comp id="128" class="1004" name="cast1_fu_128">
<pin_list>
<pin id="129" dir="0" index="0" bw="14" slack="0"/>
<pin id="130" dir="1" index="1" bw="20" slack="0"/>
</pin_list>
<bind>
<opcode="zext(34) " fcode="zext"/>
<opset="cast1/2 "/>
</bind>
</comp>

<comp id="132" class="1004" name="bound_fu_132">
<pin_list>
<pin id="133" dir="0" index="0" bw="6" slack="0"/>
<pin id="134" dir="0" index="1" bw="14" slack="0"/>
<pin id="135" dir="1" index="2" bw="20" slack="0"/>
</pin_list>
<bind>
<opcode="mul(12) " fcode="mul"/>
<opset="bound/2 "/>
</bind>
</comp>

<comp id="139" class="1005" name="idx1_read_reg_139">
<pin_list>
<pin id="140" dir="0" index="0" bw="11" slack="1"/>
<pin id="141" dir="1" index="1" bw="11" slack="1"/>
</pin_list>
<bind>
<opset="idx1_read "/>
</bind>
</comp>

<comp id="144" class="1005" name="local_tiles_loc_read_reg_144">
<pin_list>
<pin id="145" dir="0" index="0" bw="6" slack="1"/>
<pin id="146" dir="1" index="1" bw="6" slack="1"/>
</pin_list>
<bind>
<opset="local_tiles_loc_read "/>
</bind>
</comp>

<comp id="149" class="1005" name="input_tiles_loc_read_reg_149">
<pin_list>
<pin id="150" dir="0" index="0" bw="6" slack="1"/>
<pin id="151" dir="1" index="1" bw="6" slack="1"/>
</pin_list>
<bind>
<opset="input_tiles_loc_read "/>
</bind>
</comp>

<comp id="154" class="1005" name="block_count_reg_154">
<pin_list>
<pin id="155" dir="0" index="0" bw="14" slack="1"/>
<pin id="156" dir="1" index="1" bw="14" slack="1"/>
</pin_list>
<bind>
<opset="block_count "/>
</bind>
</comp>

<comp id="159" class="1005" name="sub_i_reg_159">
<pin_list>
<pin id="160" dir="0" index="0" bw="15" slack="1"/>
<pin id="161" dir="1" index="1" bw="15" slack="1"/>
</pin_list>
<bind>
<opset="sub_i "/>
</bind>
</comp>

<comp id="164" class="1005" name="bound_reg_164">
<pin_list>
<pin id="165" dir="0" index="0" bw="20" slack="1"/>
<pin id="166" dir="1" index="1" bw="20" slack="1"/>
</pin_list>
<bind>
<opset="bound "/>
</bind>
</comp>

</comp_list>

<net_list>
<net id="68"><net_src comp="16" pin="0"/><net_sink comp="64" pin=0"/></net>

<net id="69"><net_src comp="10" pin="0"/><net_sink comp="64" pin=1"/></net>

<net id="74"><net_src comp="18" pin="0"/><net_sink comp="70" pin=0"/></net>

<net id="75"><net_src comp="6" pin="0"/><net_sink comp="70" pin=1"/></net>

<net id="81"><net_src comp="20" pin="0"/><net_sink comp="76" pin=0"/></net>

<net id="82"><net_src comp="12" pin="0"/><net_sink comp="76" pin=1"/></net>

<net id="83"><net_src comp="70" pin="2"/><net_sink comp="76" pin=2"/></net>

<net id="88"><net_src comp="18" pin="0"/><net_sink comp="84" pin=0"/></net>

<net id="89"><net_src comp="8" pin="0"/><net_sink comp="84" pin=1"/></net>

<net id="101"><net_src comp="30" pin="0"/><net_sink comp="90" pin=0"/></net>

<net id="102"><net_src comp="4" pin="0"/><net_sink comp="90" pin=2"/></net>

<net id="103"><net_src comp="0" pin="0"/><net_sink comp="90" pin=4"/></net>

<net id="104"><net_src comp="2" pin="0"/><net_sink comp="90" pin=7"/></net>

<net id="105"><net_src comp="14" pin="0"/><net_sink comp="90" pin=8"/></net>

<net id="111"><net_src comp="22" pin="0"/><net_sink comp="106" pin=0"/></net>

<net id="112"><net_src comp="24" pin="0"/><net_sink comp="106" pin=2"/></net>

<net id="113"><net_src comp="106" pin="3"/><net_sink comp="90" pin=5"/></net>

<net id="117"><net_src comp="106" pin="3"/><net_sink comp="114" pin=0"/></net>

<net id="122"><net_src comp="114" pin="1"/><net_sink comp="118" pin=0"/></net>

<net id="123"><net_src comp="26" pin="0"/><net_sink comp="118" pin=1"/></net>

<net id="124"><net_src comp="118" pin="2"/><net_sink comp="90" pin=3"/></net>

<net id="131"><net_src comp="106" pin="3"/><net_sink comp="128" pin=0"/></net>

<net id="136"><net_src comp="125" pin="1"/><net_sink comp="132" pin=0"/></net>

<net id="137"><net_src comp="128" pin="1"/><net_sink comp="132" pin=1"/></net>

<net id="138"><net_src comp="132" pin="2"/><net_sink comp="90" pin=1"/></net>

<net id="142"><net_src comp="64" pin="2"/><net_sink comp="139" pin=0"/></net>

<net id="143"><net_src comp="139" pin="1"/><net_sink comp="90" pin=6"/></net>

<net id="147"><net_src comp="70" pin="2"/><net_sink comp="144" pin=0"/></net>

<net id="148"><net_src comp="144" pin="1"/><net_sink comp="125" pin=0"/></net>

<net id="152"><net_src comp="84" pin="2"/><net_sink comp="149" pin=0"/></net>

<net id="153"><net_src comp="149" pin="1"/><net_sink comp="106" pin=1"/></net>

<net id="157"><net_src comp="106" pin="3"/><net_sink comp="154" pin=0"/></net>

<net id="158"><net_src comp="154" pin="1"/><net_sink comp="90" pin=5"/></net>

<net id="162"><net_src comp="118" pin="2"/><net_sink comp="159" pin=0"/></net>

<net id="163"><net_src comp="159" pin="1"/><net_sink comp="90" pin=3"/></net>

<net id="167"><net_src comp="132" pin="2"/><net_sink comp="164" pin=0"/></net>

<net id="168"><net_src comp="164" pin="1"/><net_sink comp="90" pin=1"/></net>

</net_list>

</model> 
---------------- Datapath Model END ------------------

* FSMD analyzer results:
  - Output states:
	Port: final_block_stream | {2 3 }
	Port: local_tiles_loc_c18 | {1 }
	Port: model_scale_cache3 | {}
 - Input state : 
	Port: int4_dequantize_final_blocks.21 : group_stream | {2 3 }
	Port: int4_dequantize_final_blocks.21 : replay_scale_stream | {2 3 }
	Port: int4_dequantize_final_blocks.21 : local_tiles_loc | {1 }
	Port: int4_dequantize_final_blocks.21 : input_tiles_loc | {1 }
	Port: int4_dequantize_final_blocks.21 : idx1 | {1 }
	Port: int4_dequantize_final_blocks.21 : model_scale_cache3 | {2 3 }
  - Chain level:
	State 1
	State 2
		block_count_cast4_i : 1
		sub_i : 2
		cast1 : 1
		bound : 2
		call_ln0 : 3
	State 3


============================================================
+ Verbose Summary: Datapath Resource usage 
============================================================

* Functional unit list:
|----------|--------------------------------------------------------------------------------------------|---------|---------|---------|---------|---------|---------|
| Operation|                                       Functional Unit                                      |   BRAM  |   DSP   |  Delay  |    FF   |   LUT   |   URAM  |
|----------|--------------------------------------------------------------------------------------------|---------|---------|---------|---------|---------|---------|
|   call   | grp_int4_dequantize_final_blocks_21_Pipeline_dequant_local_tile_loop_dequant_flat_bl_fu_90 |    0    |    23   |  5.418  |   4359  |   3425  |    0    |
|----------|--------------------------------------------------------------------------------------------|---------|---------|---------|---------|---------|---------|
|    add   |                                        sub_i_fu_118                                        |    0    |    0    |    0    |    0    |    21   |    0    |
|----------|--------------------------------------------------------------------------------------------|---------|---------|---------|---------|---------|---------|
|    mul   |                                        bound_fu_132                                        |    0    |    1    |    0    |    0    |    3    |    0    |
|----------|--------------------------------------------------------------------------------------------|---------|---------|---------|---------|---------|---------|
|          |                                    idx1_read_read_fu_64                                    |    0    |    0    |    0    |    0    |    0    |    0    |
|   read   |                               local_tiles_loc_read_read_fu_70                              |    0    |    0    |    0    |    0    |    0    |    0    |
|          |                               input_tiles_loc_read_read_fu_84                              |    0    |    0    |    0    |    0    |    0    |    0    |
|----------|--------------------------------------------------------------------------------------------|---------|---------|---------|---------|---------|---------|
|   write  |                                    write_ln0_write_fu_76                                   |    0    |    0    |    0    |    0    |    0    |    0    |
|----------|--------------------------------------------------------------------------------------------|---------|---------|---------|---------|---------|---------|
|bitconcatenate|                                     block_count_fu_106                                     |    0    |    0    |    0    |    0    |    0    |    0    |
|----------|--------------------------------------------------------------------------------------------|---------|---------|---------|---------|---------|---------|
|          |                                 block_count_cast4_i_fu_114                                 |    0    |    0    |    0    |    0    |    0    |    0    |
|   zext   |                                         cast_fu_125                                        |    0    |    0    |    0    |    0    |    0    |    0    |
|          |                                        cast1_fu_128                                        |    0    |    0    |    0    |    0    |    0    |    0    |
|----------|--------------------------------------------------------------------------------------------|---------|---------|---------|---------|---------|---------|
|   Total  |                                                                                            |    0    |    24   |  5.418  |   4359  |   3449  |    0    |
|----------|--------------------------------------------------------------------------------------------|---------|---------|---------|---------|---------|---------|

Memories:
N/A

* Register list:
+----------------------------+--------+
|                            |   FF   |
+----------------------------+--------+
|     block_count_reg_154    |   14   |
|        bound_reg_164       |   20   |
|      idx1_read_reg_139     |   11   |
|input_tiles_loc_read_reg_149|    6   |
|local_tiles_loc_read_reg_144|    6   |
|        sub_i_reg_159       |   15   |
+----------------------------+--------+
|            Total           |   72   |
+----------------------------+--------+

* Multiplexer (MUX) list: 
|--------------------------------------------------------------------------------------------|------|------|------|--------||---------||---------|
|                                            Comp                                            |  Pin | Size |  BW  | S x BW ||  Delay  ||   LUT   |
|--------------------------------------------------------------------------------------------|------|------|------|--------||---------||---------|
| grp_int4_dequantize_final_blocks_21_Pipeline_dequant_local_tile_loop_dequant_flat_bl_fu_90 |  p1  |   2  |  20  |   40   ||    9    |
| grp_int4_dequantize_final_blocks_21_Pipeline_dequant_local_tile_loop_dequant_flat_bl_fu_90 |  p3  |   2  |  15  |   30   ||    9    |
| grp_int4_dequantize_final_blocks_21_Pipeline_dequant_local_tile_loop_dequant_flat_bl_fu_90 |  p5  |   2  |  14  |   28   ||    9    |
|--------------------------------------------------------------------------------------------|------|------|------|--------||---------||---------|
|                                            Total                                           |      |      |      |   98   ||  1.161  ||    27   |
|--------------------------------------------------------------------------------------------|------|------|------|--------||---------||---------|



* Summary:
+-----------+--------+--------+--------+--------+--------+--------+
|           |  BRAM  |   DSP  |  Delay |   FF   |   LUT  |  URAM  |
+-----------+--------+--------+--------+--------+--------+--------+
|  Function |    0   |   24   |    5   |  4359  |  3449  |    0   |
|   Memory  |    -   |    -   |    -   |    -   |    -   |    -   |
|Multiplexer|    -   |    -   |    1   |    -   |   27   |    -   |
|  Register |    -   |    -   |    -   |   72   |    -   |    -   |
+-----------+--------+--------+--------+--------+--------+--------+
|   Total   |    0   |   24   |    6   |  4431  |  3476  |    0   |
+-----------+--------+--------+--------+--------+--------+--------+
