

================================================================
== Vitis HLS Report for 'int4_write_outputs_7'
================================================================
* Date:           Tue Aug 11 09:17:39 2026

* Version:        2023.2 (Build 4023990 on Oct 11 2023)
* Project:        proj_int4_decoder_xo
* Solution:       solution1 (Vitis Kernel Flow Target)
* Product family: virtexuplus
* Target device:  xcu250-figd2104-2L-e


================================================================
== Performance Estimates
================================================================
+ Timing: 
    * Summary: 
    +--------+---------+----------+------------+
    |  Clock |  Target | Estimated| Uncertainty|
    +--------+---------+----------+------------+
    |ap_clk  |  3.33 ns|  2.342 ns|     0.90 ns|
    +--------+---------+----------+------------+

+ Latency: 
    * Summary: 
    +---------+---------+----------+----------+-----+------+---------+
    |  Latency (cycles) |  Latency (absolute) |  Interval  | Pipeline|
    |   min   |   max   |    min   |    max   | min |  max |   Type  |
    +---------+---------+----------+----------+-----+------+---------+
    |       68|     1857|  0.227 us|  6.189 us|   68|  1857|       no|
    +---------+---------+----------+----------+-----+------+---------+

    + Detail: 
        * Instance: 
        N/A

        * Loop: 
        +---------------------------+---------+---------+----------+-----------+-----------+------+----------+
        |                           |  Latency (cycles) | Iteration|  Initiation Interval  | Trip |          |
        |         Loop Name         |   min   |   max   |  Latency |  achieved |   target  | Count| Pipelined|
        +---------------------------+---------+---------+----------+-----------+-----------+------+----------+
        |- write_output_fused_loop  |     1856|     1856|        29|          -|          -|    64|        no|
        +---------------------------+---------+---------+----------+-----------+-----------+------+----------+

============================================================
+ Verbose Summary: Synthesis Manager
============================================================
InlineROM: 1
ExposeGlobal: 0
============================================================
+ Verbose Summary: CDFG Model
============================================================
IsTopModel: 0
ResetActiveHigh: 1
IsCombinational: 2
IsDatapathOnly: 0
HasWiredReturn: 1
HasMFsm: 0
HasVarLatency: 1
IsPipeline: 0
IsRtlPipelined: 0
IsInstanceOverlapped: 0
IsDontTouch: 0
HasImplIP: 0
IsGatedGlobalClock: 0


============================================================
+ Verbose Summary: Schedule
============================================================
* Number of FSM states : 6
* Pipeline : 0
* Dataflow Pipeline: 0

* FSM state transitions: 
1 --> 2 
2 --> 3 
3 --> 4 
4 --> 5 
5 --> 6 
6 --> 2 

* FSM state operations: 

State 1 <SV = 0> <Delay = 2.31>
ST_1 : Operation 7 [1/1] (1.21ns)   --->   "%p_read_3 = read i1 @_ssdm_op_Read.ap_auto.i1, i1 %p_read"   --->   Operation 7 'read' 'p_read_3' <Predicate = true> <Delay = 1.21> <CoreInst = "FIFO_SRL">   --->   Core 81 'FIFO_SRL' <Latency = 0> <II = 1> <Delay = 1.42> <Storage> <Opcode : 'read' 'write' 'nbread' 'nbwrite'> <Ports = 0> <Width = -1> <Depth = -1> <FIFO>
ST_1 : Operation 8 [1/1] (0.00ns)   --->   "%p_loc71 = alloca i64 1"   --->   Operation 8 'alloca' 'p_loc71' <Predicate = true> <Delay = 0.00>
ST_1 : Operation 9 [1/1] (0.00ns)   --->   "%p_loc70 = alloca i64 1"   --->   Operation 9 'alloca' 'p_loc70' <Predicate = true> <Delay = 0.00>
ST_1 : Operation 10 [1/1] (0.00ns)   --->   "%p_loc69 = alloca i64 1"   --->   Operation 10 'alloca' 'p_loc69' <Predicate = true> <Delay = 0.00>
ST_1 : Operation 11 [1/1] (0.00ns)   --->   "%p_loc68 = alloca i64 1"   --->   Operation 11 'alloca' 'p_loc68' <Predicate = true> <Delay = 0.00>
ST_1 : Operation 12 [1/1] (0.00ns)   --->   "%p_loc67 = alloca i64 1"   --->   Operation 12 'alloca' 'p_loc67' <Predicate = true> <Delay = 0.00>
ST_1 : Operation 13 [1/1] (0.00ns)   --->   "%p_loc66 = alloca i64 1"   --->   Operation 13 'alloca' 'p_loc66' <Predicate = true> <Delay = 0.00>
ST_1 : Operation 14 [1/1] (0.00ns)   --->   "%p_loc65 = alloca i64 1"   --->   Operation 14 'alloca' 'p_loc65' <Predicate = true> <Delay = 0.00>
ST_1 : Operation 15 [1/1] (0.00ns)   --->   "%p_loc64 = alloca i64 1"   --->   Operation 15 'alloca' 'p_loc64' <Predicate = true> <Delay = 0.00>
ST_1 : Operation 16 [1/1] (0.00ns)   --->   "%p_loc63 = alloca i64 1"   --->   Operation 16 'alloca' 'p_loc63' <Predicate = true> <Delay = 0.00>
ST_1 : Operation 17 [1/1] (0.00ns)   --->   "%p_loc62 = alloca i64 1"   --->   Operation 17 'alloca' 'p_loc62' <Predicate = true> <Delay = 0.00>
ST_1 : Operation 18 [1/1] (0.00ns)   --->   "%p_loc61 = alloca i64 1"   --->   Operation 18 'alloca' 'p_loc61' <Predicate = true> <Delay = 0.00>
ST_1 : Operation 19 [1/1] (0.00ns)   --->   "%p_loc60 = alloca i64 1"   --->   Operation 19 'alloca' 'p_loc60' <Predicate = true> <Delay = 0.00>
ST_1 : Operation 20 [1/1] (0.00ns)   --->   "%p_loc59 = alloca i64 1"   --->   Operation 20 'alloca' 'p_loc59' <Predicate = true> <Delay = 0.00>
ST_1 : Operation 21 [1/1] (0.00ns)   --->   "%p_loc58 = alloca i64 1"   --->   Operation 21 'alloca' 'p_loc58' <Predicate = true> <Delay = 0.00>
ST_1 : Operation 22 [1/1] (0.00ns)   --->   "%p_loc57 = alloca i64 1"   --->   Operation 22 'alloca' 'p_loc57' <Predicate = true> <Delay = 0.00>
ST_1 : Operation 23 [1/1] (0.00ns)   --->   "%p_loc = alloca i64 1"   --->   Operation 23 'alloca' 'p_loc' <Predicate = true> <Delay = 0.00>
ST_1 : Operation 24 [1/1] (0.00ns)   --->   "%specinterface_ln0 = specinterface void @_ssdm_op_SpecInterface, i6 %local_tiles_loc, void @ap_fifo_str, i32 0, i32 0, void @p_str, i32 0, i32 0, void @p_str, void @p_str, void @p_str, i32 2, i32 2, i32 16, i32 16, void @p_str, void @ScalarProp_str, i32 4294967295, i32 0"   --->   Operation 24 'specinterface' 'specinterface_ln0' <Predicate = true> <Delay = 0.00>
ST_1 : Operation 25 [1/1] (1.21ns)   --->   "%local_tiles = read i6 @_ssdm_op_Read.ap_fifo.i6P0A, i6 %local_tiles_loc" [source/int4_linear_controller.cpp:690->source/int4_linear_controller.cpp:919]   --->   Operation 25 'read' 'local_tiles' <Predicate = true> <Delay = 1.21> <CoreInst = "FIFO_SRL">   --->   Core 81 'FIFO_SRL' <Latency = 0> <II = 1> <Delay = 1.36> <Storage> <Opcode : 'read' 'write' 'nbread' 'nbwrite'> <Ports = 0> <Width = 6> <Depth = 2> <FIFO>
ST_1 : Operation 26 [1/1] (0.00ns)   --->   "%specmemcore_ln0 = specmemcore void @_ssdm_op_SpecMemCore, i512 %output_stream, i64 666, i64 8, i64 18446744073709551615"   --->   Operation 26 'specmemcore' 'specmemcore_ln0' <Predicate = true> <Delay = 0.00>
ST_1 : Operation 27 [1/1] (0.00ns)   --->   "%specmemcore_ln0 = specmemcore void @_ssdm_op_SpecMemCore, i512 %output_mem, i64 666, i64 24, i64 18446744073709551615"   --->   Operation 27 'specmemcore' 'specmemcore_ln0' <Predicate = true> <Delay = 0.00>
ST_1 : Operation 28 [1/1] (0.00ns)   --->   "%specinterface_ln0 = specinterface void @_ssdm_op_SpecInterface, i512 %output_stream, void @empty_447, i32 0, i32 0, void @empty_418, i32 0, i32 0, void @empty_418, void @empty_418, void @empty_418, i32 0, i32 0, i32 0, i32 0, void @empty_418, void @empty_418, i32 4294967295, i32 0"   --->   Operation 28 'specinterface' 'specinterface_ln0' <Predicate = true> <Delay = 0.00>
ST_1 : Operation 29 [1/1] (0.00ns)   --->   "%shl_ln = bitconcatenate i9 @_ssdm_op_BitConcatenate.i9.i6.i3, i6 %local_tiles, i3 0" [source/int4_linear_controller.cpp:713->source/int4_linear_controller.cpp:919]   --->   Operation 29 'bitconcatenate' 'shl_ln' <Predicate = true> <Delay = 0.00>
ST_1 : Operation 30 [1/1] (0.00ns)   --->   "%br_ln702 = br i1 %p_read_3, void %for.inc.i.preheader, void %fused_residual_unpack_loop.i.preheader" [source/int4_linear_controller.cpp:702->source/int4_linear_controller.cpp:919]   --->   Operation 30 'br' 'br_ln702' <Predicate = true> <Delay = 0.00>
ST_1 : Operation 31 [1/1] (0.00ns)   --->   "%empty = wait i32 @_ssdm_op_Wait"   --->   Operation 31 'wait' 'empty' <Predicate = (!p_read_3)> <Delay = 0.00>
ST_1 : Operation 32 [2/2] (1.10ns)   --->   "%call_ln713 = call void @int4_write_outputs.7_Pipeline_write_output_direct_loop, i9 %shl_ln, i512 %output_stream, i512 %output_mem" [source/int4_linear_controller.cpp:713->source/int4_linear_controller.cpp:919]   --->   Operation 32 'call' 'call_ln713' <Predicate = (!p_read_3)> <Delay = 1.10> <CoreType = "Generic">   --->   Core 0 '' <Latency = 0> <II = 1> <Delay = 1.00> <Generic> <Opcode : >
ST_1 : Operation 33 [1/1] (0.00ns)   --->   "%word = alloca i32 1" [source/int4_linear_controller.cpp:713->source/int4_linear_controller.cpp:919]   --->   Operation 33 'alloca' 'word' <Predicate = (p_read_3)> <Delay = 0.00>
ST_1 : Operation 34 [1/1] (0.38ns)   --->   "%store_ln713 = store i9 0, i9 %word" [source/int4_linear_controller.cpp:713->source/int4_linear_controller.cpp:919]   --->   Operation 34 'store' 'store_ln713' <Predicate = (p_read_3)> <Delay = 0.38>
ST_1 : Operation 35 [1/1] (0.00ns)   --->   "%br_ln713 = br void %fused_residual_unpack_loop.i" [source/int4_linear_controller.cpp:713->source/int4_linear_controller.cpp:919]   --->   Operation 35 'br' 'br_ln713' <Predicate = (p_read_3)> <Delay = 0.00>

State 2 <SV = 1> <Delay = 2.22>
ST_2 : Operation 36 [1/2] (0.00ns)   --->   "%call_ln713 = call void @int4_write_outputs.7_Pipeline_write_output_direct_loop, i9 %shl_ln, i512 %output_stream, i512 %output_mem" [source/int4_linear_controller.cpp:713->source/int4_linear_controller.cpp:919]   --->   Operation 36 'call' 'call_ln713' <Predicate = (!p_read_3)> <Delay = 0.00> <CoreType = "Generic">   --->   Core 0 '' <Latency = 0> <II = 1> <Delay = 1.00> <Generic> <Opcode : >
ST_2 : Operation 37 [1/1] (0.00ns)   --->   "%br_ln0 = br void %int4_write_outputs.7.exit"   --->   Operation 37 'br' 'br_ln0' <Predicate = (!p_read_3)> <Delay = 0.00>
ST_2 : Operation 38 [1/1] (0.00ns)   --->   "%word_10 = load i9 %word" [source/int4_linear_controller.cpp:713->source/int4_linear_controller.cpp:919]   --->   Operation 38 'load' 'word_10' <Predicate = (p_read_3)> <Delay = 0.00>
ST_2 : Operation 39 [1/1] (0.71ns)   --->   "%icmp_ln713 = icmp_eq  i9 %word_10, i9 %shl_ln" [source/int4_linear_controller.cpp:713->source/int4_linear_controller.cpp:919]   --->   Operation 39 'icmp' 'icmp_ln713' <Predicate = (p_read_3)> <Delay = 0.71> <CoreInst = "Cmp">   --->   Core 9 'Cmp' <Latency = 0> <II = 1> <Delay = 0.71> <FuncUnit> <Opcode : 'icmp'> <InPorts = 2> <OutPorts = 1>
ST_2 : Operation 40 [1/1] (0.71ns)   --->   "%add_ln713 = add i9 %word_10, i9 1" [source/int4_linear_controller.cpp:713->source/int4_linear_controller.cpp:919]   --->   Operation 40 'add' 'add_ln713' <Predicate = (p_read_3)> <Delay = 0.71> <CoreInst = "Adder">   --->   Core 1 'Adder' <Latency = 0> <II = 1> <Delay = 0.71> <FuncUnit> <Opcode : 'add' 'sub'> <InPorts = 2> <OutPorts = 1>
ST_2 : Operation 41 [1/1] (0.00ns)   --->   "%br_ln713 = br i1 %icmp_ln713, void %fused_residual_unpack_loop.split.i, void %int4_write_outputs.7.exit.loopexit" [source/int4_linear_controller.cpp:713->source/int4_linear_controller.cpp:919]   --->   Operation 41 'br' 'br_ln713' <Predicate = (p_read_3)> <Delay = 0.00>
ST_2 : Operation 42 [1/1] (0.00ns)   --->   "%zext_ln713 = zext i9 %word_10" [source/int4_linear_controller.cpp:713->source/int4_linear_controller.cpp:919]   --->   Operation 42 'zext' 'zext_ln713' <Predicate = (p_read_3 & !icmp_ln713)> <Delay = 0.00>
ST_2 : Operation 43 [1/1] (0.00ns)   --->   "%output_mem_addr = getelementptr i512 %output_mem, i64 0, i64 %zext_ln713" [source/int4_linear_controller.cpp:720->source/int4_linear_controller.cpp:919]   --->   Operation 43 'getelementptr' 'output_mem_addr' <Predicate = (p_read_3 & !icmp_ln713)> <Delay = 0.00>
ST_2 : Operation 44 [2/2] (2.22ns)   --->   "%residual_word = load i9 %output_mem_addr" [source/int4_linear_controller.cpp:720->source/int4_linear_controller.cpp:919]   --->   Operation 44 'load' 'residual_word' <Predicate = (p_read_3 & !icmp_ln713)> <Delay = 2.22> <CoreInst = "RAM_2P_URAM">   --->   Core 95 'RAM_2P_URAM' <Latency = 1> <II = 1> <Delay = 2.22> <Storage> <Opcode : 'load' 'store'> <Ports = 2> <Width = 512> <Depth = 504> <RAM>
ST_2 : Operation 45 [1/1] (0.38ns)   --->   "%store_ln713 = store i9 %add_ln713, i9 %word" [source/int4_linear_controller.cpp:713->source/int4_linear_controller.cpp:919]   --->   Operation 45 'store' 'store_ln713' <Predicate = (p_read_3 & !icmp_ln713)> <Delay = 0.38>
ST_2 : Operation 46 [1/1] (0.00ns)   --->   "%br_ln0 = br void %int4_write_outputs.7.exit"   --->   Operation 46 'br' 'br_ln0' <Predicate = (p_read_3 & icmp_ln713)> <Delay = 0.00>
ST_2 : Operation 47 [1/1] (0.00ns)   --->   "%ret_ln919 = ret" [source/int4_linear_controller.cpp:919]   --->   Operation 47 'ret' 'ret_ln919' <Predicate = (icmp_ln713) | (!p_read_3)> <Delay = 0.00>

State 3 <SV = 2> <Delay = 2.22>
ST_3 : Operation 48 [1/2] (2.22ns)   --->   "%residual_word = load i9 %output_mem_addr" [source/int4_linear_controller.cpp:720->source/int4_linear_controller.cpp:919]   --->   Operation 48 'load' 'residual_word' <Predicate = true> <Delay = 2.22> <CoreInst = "RAM_2P_URAM">   --->   Core 95 'RAM_2P_URAM' <Latency = 1> <II = 1> <Delay = 2.22> <Storage> <Opcode : 'load' 'store'> <Ports = 2> <Width = 512> <Depth = 504> <RAM>
ST_3 : Operation 49 [1/1] (0.00ns)   --->   "%converter_63 = trunc i512 %residual_word" [source/int4_linear_controller.cpp:742->source/int4_linear_controller.cpp:919]   --->   Operation 49 'trunc' 'converter_63' <Predicate = true> <Delay = 0.00>
ST_3 : Operation 50 [1/1] (0.00ns)   --->   "%converter_65 = partselect i32 @_ssdm_op_PartSelect.i32.i512.i32.i32, i512 %residual_word, i32 32, i32 63" [source/int4_linear_controller.cpp:742->source/int4_linear_controller.cpp:919]   --->   Operation 50 'partselect' 'converter_65' <Predicate = true> <Delay = 0.00>
ST_3 : Operation 51 [1/1] (0.00ns)   --->   "%converter_67 = partselect i32 @_ssdm_op_PartSelect.i32.i512.i32.i32, i512 %residual_word, i32 64, i32 95" [source/int4_linear_controller.cpp:742->source/int4_linear_controller.cpp:919]   --->   Operation 51 'partselect' 'converter_67' <Predicate = true> <Delay = 0.00>
ST_3 : Operation 52 [1/1] (0.00ns)   --->   "%converter_69 = partselect i32 @_ssdm_op_PartSelect.i32.i512.i32.i32, i512 %residual_word, i32 96, i32 127" [source/int4_linear_controller.cpp:742->source/int4_linear_controller.cpp:919]   --->   Operation 52 'partselect' 'converter_69' <Predicate = true> <Delay = 0.00>
ST_3 : Operation 53 [1/1] (0.00ns)   --->   "%converter_71 = partselect i32 @_ssdm_op_PartSelect.i32.i512.i32.i32, i512 %residual_word, i32 128, i32 159" [source/int4_linear_controller.cpp:742->source/int4_linear_controller.cpp:919]   --->   Operation 53 'partselect' 'converter_71' <Predicate = true> <Delay = 0.00>
ST_3 : Operation 54 [1/1] (0.00ns)   --->   "%converter_73 = partselect i32 @_ssdm_op_PartSelect.i32.i512.i32.i32, i512 %residual_word, i32 160, i32 191" [source/int4_linear_controller.cpp:742->source/int4_linear_controller.cpp:919]   --->   Operation 54 'partselect' 'converter_73' <Predicate = true> <Delay = 0.00>
ST_3 : Operation 55 [1/1] (0.00ns)   --->   "%converter_75 = partselect i32 @_ssdm_op_PartSelect.i32.i512.i32.i32, i512 %residual_word, i32 192, i32 223" [source/int4_linear_controller.cpp:742->source/int4_linear_controller.cpp:919]   --->   Operation 55 'partselect' 'converter_75' <Predicate = true> <Delay = 0.00>
ST_3 : Operation 56 [1/1] (0.00ns)   --->   "%converter_77 = partselect i32 @_ssdm_op_PartSelect.i32.i512.i32.i32, i512 %residual_word, i32 224, i32 255" [source/int4_linear_controller.cpp:742->source/int4_linear_controller.cpp:919]   --->   Operation 56 'partselect' 'converter_77' <Predicate = true> <Delay = 0.00>
ST_3 : Operation 57 [1/1] (0.00ns)   --->   "%converter_79 = partselect i32 @_ssdm_op_PartSelect.i32.i512.i32.i32, i512 %residual_word, i32 256, i32 287" [source/int4_linear_controller.cpp:742->source/int4_linear_controller.cpp:919]   --->   Operation 57 'partselect' 'converter_79' <Predicate = true> <Delay = 0.00>
ST_3 : Operation 58 [1/1] (0.00ns)   --->   "%converter_81 = partselect i32 @_ssdm_op_PartSelect.i32.i512.i32.i32, i512 %residual_word, i32 288, i32 319" [source/int4_linear_controller.cpp:742->source/int4_linear_controller.cpp:919]   --->   Operation 58 'partselect' 'converter_81' <Predicate = true> <Delay = 0.00>
ST_3 : Operation 59 [1/1] (0.00ns)   --->   "%converter_83 = partselect i32 @_ssdm_op_PartSelect.i32.i512.i32.i32, i512 %residual_word, i32 320, i32 351" [source/int4_linear_controller.cpp:742->source/int4_linear_controller.cpp:919]   --->   Operation 59 'partselect' 'converter_83' <Predicate = true> <Delay = 0.00>
ST_3 : Operation 60 [1/1] (0.00ns)   --->   "%converter_85 = partselect i32 @_ssdm_op_PartSelect.i32.i512.i32.i32, i512 %residual_word, i32 352, i32 383" [source/int4_linear_controller.cpp:742->source/int4_linear_controller.cpp:919]   --->   Operation 60 'partselect' 'converter_85' <Predicate = true> <Delay = 0.00>
ST_3 : Operation 61 [1/1] (0.00ns)   --->   "%converter_87 = partselect i32 @_ssdm_op_PartSelect.i32.i512.i32.i32, i512 %residual_word, i32 384, i32 415" [source/int4_linear_controller.cpp:742->source/int4_linear_controller.cpp:919]   --->   Operation 61 'partselect' 'converter_87' <Predicate = true> <Delay = 0.00>
ST_3 : Operation 62 [1/1] (0.00ns)   --->   "%converter_89 = partselect i32 @_ssdm_op_PartSelect.i32.i512.i32.i32, i512 %residual_word, i32 416, i32 447" [source/int4_linear_controller.cpp:742->source/int4_linear_controller.cpp:919]   --->   Operation 62 'partselect' 'converter_89' <Predicate = true> <Delay = 0.00>
ST_3 : Operation 63 [1/1] (0.00ns)   --->   "%converter_91 = partselect i32 @_ssdm_op_PartSelect.i32.i512.i32.i32, i512 %residual_word, i32 448, i32 479" [source/int4_linear_controller.cpp:742->source/int4_linear_controller.cpp:919]   --->   Operation 63 'partselect' 'converter_91' <Predicate = true> <Delay = 0.00>
ST_3 : Operation 64 [1/1] (0.00ns)   --->   "%converter_93 = partselect i32 @_ssdm_op_PartSelect.i32.i512.i32.i32, i512 %residual_word, i32 480, i32 511" [source/int4_linear_controller.cpp:742->source/int4_linear_controller.cpp:919]   --->   Operation 64 'partselect' 'converter_93' <Predicate = true> <Delay = 0.00>

State 4 <SV = 3> <Delay = 1.70>
ST_4 : Operation 65 [1/1] (1.21ns)   --->   "%branch_word = read i512 @_ssdm_op_Read.ap_fifo.volatile.i512P0A, i512 %output_stream" [source/int4_linear_controller.cpp:717->source/int4_linear_controller.cpp:919]   --->   Operation 65 'read' 'branch_word' <Predicate = true> <Delay = 1.21> <CoreInst = "FIFO_BRAM">   --->   Core 79 'FIFO_BRAM' <Latency = 0> <II = 1> <Delay = 1.30> <Storage> <Opcode : 'read' 'write' 'nbread' 'nbwrite'> <Ports = 0> <Width = 512> <Depth = 16> <FIFO>
ST_4 : Operation 66 [1/1] (0.00ns)   --->   "%converter = trunc i512 %branch_word" [source/int4_linear_controller.cpp:738->source/int4_linear_controller.cpp:919]   --->   Operation 66 'trunc' 'converter' <Predicate = true> <Delay = 0.00>
ST_4 : Operation 67 [1/1] (0.00ns)   --->   "%branch_values = bitcast i32 %converter" [source/int4_linear_controller.cpp:18->source/int4_linear_controller.cpp:737->source/int4_linear_controller.cpp:919]   --->   Operation 67 'bitcast' 'branch_values' <Predicate = true> <Delay = 0.00>
ST_4 : Operation 68 [1/1] (0.00ns)   --->   "%residual_values = bitcast i32 %converter_63" [source/int4_linear_controller.cpp:18->source/int4_linear_controller.cpp:741->source/int4_linear_controller.cpp:919]   --->   Operation 68 'bitcast' 'residual_values' <Predicate = true> <Delay = 0.00>
ST_4 : Operation 69 [1/1] (0.00ns)   --->   "%converter_64 = partselect i32 @_ssdm_op_PartSelect.i32.i512.i32.i32, i512 %branch_word, i32 32, i32 63" [source/int4_linear_controller.cpp:738->source/int4_linear_controller.cpp:919]   --->   Operation 69 'partselect' 'converter_64' <Predicate = true> <Delay = 0.00>
ST_4 : Operation 70 [1/1] (0.00ns)   --->   "%branch_values_31 = bitcast i32 %converter_64" [source/int4_linear_controller.cpp:18->source/int4_linear_controller.cpp:737->source/int4_linear_controller.cpp:919]   --->   Operation 70 'bitcast' 'branch_values_31' <Predicate = true> <Delay = 0.00>
ST_4 : Operation 71 [1/1] (0.00ns)   --->   "%residual_values_31 = bitcast i32 %converter_65" [source/int4_linear_controller.cpp:18->source/int4_linear_controller.cpp:741->source/int4_linear_controller.cpp:919]   --->   Operation 71 'bitcast' 'residual_values_31' <Predicate = true> <Delay = 0.00>
ST_4 : Operation 72 [1/1] (0.00ns)   --->   "%converter_66 = partselect i32 @_ssdm_op_PartSelect.i32.i512.i32.i32, i512 %branch_word, i32 64, i32 95" [source/int4_linear_controller.cpp:738->source/int4_linear_controller.cpp:919]   --->   Operation 72 'partselect' 'converter_66' <Predicate = true> <Delay = 0.00>
ST_4 : Operation 73 [1/1] (0.00ns)   --->   "%branch_values_32 = bitcast i32 %converter_66" [source/int4_linear_controller.cpp:18->source/int4_linear_controller.cpp:737->source/int4_linear_controller.cpp:919]   --->   Operation 73 'bitcast' 'branch_values_32' <Predicate = true> <Delay = 0.00>
ST_4 : Operation 74 [1/1] (0.00ns)   --->   "%residual_values_32 = bitcast i32 %converter_67" [source/int4_linear_controller.cpp:18->source/int4_linear_controller.cpp:741->source/int4_linear_controller.cpp:919]   --->   Operation 74 'bitcast' 'residual_values_32' <Predicate = true> <Delay = 0.00>
ST_4 : Operation 75 [1/1] (0.00ns)   --->   "%converter_68 = partselect i32 @_ssdm_op_PartSelect.i32.i512.i32.i32, i512 %branch_word, i32 96, i32 127" [source/int4_linear_controller.cpp:738->source/int4_linear_controller.cpp:919]   --->   Operation 75 'partselect' 'converter_68' <Predicate = true> <Delay = 0.00>
ST_4 : Operation 76 [1/1] (0.00ns)   --->   "%branch_values_33 = bitcast i32 %converter_68" [source/int4_linear_controller.cpp:18->source/int4_linear_controller.cpp:737->source/int4_linear_controller.cpp:919]   --->   Operation 76 'bitcast' 'branch_values_33' <Predicate = true> <Delay = 0.00>
ST_4 : Operation 77 [1/1] (0.00ns)   --->   "%residual_values_33 = bitcast i32 %converter_69" [source/int4_linear_controller.cpp:18->source/int4_linear_controller.cpp:741->source/int4_linear_controller.cpp:919]   --->   Operation 77 'bitcast' 'residual_values_33' <Predicate = true> <Delay = 0.00>
ST_4 : Operation 78 [1/1] (0.00ns)   --->   "%converter_70 = partselect i32 @_ssdm_op_PartSelect.i32.i512.i32.i32, i512 %branch_word, i32 128, i32 159" [source/int4_linear_controller.cpp:738->source/int4_linear_controller.cpp:919]   --->   Operation 78 'partselect' 'converter_70' <Predicate = true> <Delay = 0.00>
ST_4 : Operation 79 [1/1] (0.00ns)   --->   "%branch_values_34 = bitcast i32 %converter_70" [source/int4_linear_controller.cpp:18->source/int4_linear_controller.cpp:737->source/int4_linear_controller.cpp:919]   --->   Operation 79 'bitcast' 'branch_values_34' <Predicate = true> <Delay = 0.00>
ST_4 : Operation 80 [1/1] (0.00ns)   --->   "%residual_values_34 = bitcast i32 %converter_71" [source/int4_linear_controller.cpp:18->source/int4_linear_controller.cpp:741->source/int4_linear_controller.cpp:919]   --->   Operation 80 'bitcast' 'residual_values_34' <Predicate = true> <Delay = 0.00>
ST_4 : Operation 81 [1/1] (0.00ns)   --->   "%converter_72 = partselect i32 @_ssdm_op_PartSelect.i32.i512.i32.i32, i512 %branch_word, i32 160, i32 191" [source/int4_linear_controller.cpp:738->source/int4_linear_controller.cpp:919]   --->   Operation 81 'partselect' 'converter_72' <Predicate = true> <Delay = 0.00>
ST_4 : Operation 82 [1/1] (0.00ns)   --->   "%branch_values_35 = bitcast i32 %converter_72" [source/int4_linear_controller.cpp:18->source/int4_linear_controller.cpp:737->source/int4_linear_controller.cpp:919]   --->   Operation 82 'bitcast' 'branch_values_35' <Predicate = true> <Delay = 0.00>
ST_4 : Operation 83 [1/1] (0.00ns)   --->   "%residual_values_35 = bitcast i32 %converter_73" [source/int4_linear_controller.cpp:18->source/int4_linear_controller.cpp:741->source/int4_linear_controller.cpp:919]   --->   Operation 83 'bitcast' 'residual_values_35' <Predicate = true> <Delay = 0.00>
ST_4 : Operation 84 [1/1] (0.00ns)   --->   "%converter_74 = partselect i32 @_ssdm_op_PartSelect.i32.i512.i32.i32, i512 %branch_word, i32 192, i32 223" [source/int4_linear_controller.cpp:738->source/int4_linear_controller.cpp:919]   --->   Operation 84 'partselect' 'converter_74' <Predicate = true> <Delay = 0.00>
ST_4 : Operation 85 [1/1] (0.00ns)   --->   "%branch_values_36 = bitcast i32 %converter_74" [source/int4_linear_controller.cpp:18->source/int4_linear_controller.cpp:737->source/int4_linear_controller.cpp:919]   --->   Operation 85 'bitcast' 'branch_values_36' <Predicate = true> <Delay = 0.00>
ST_4 : Operation 86 [1/1] (0.00ns)   --->   "%residual_values_36 = bitcast i32 %converter_75" [source/int4_linear_controller.cpp:18->source/int4_linear_controller.cpp:741->source/int4_linear_controller.cpp:919]   --->   Operation 86 'bitcast' 'residual_values_36' <Predicate = true> <Delay = 0.00>
ST_4 : Operation 87 [1/1] (0.00ns)   --->   "%converter_76 = partselect i32 @_ssdm_op_PartSelect.i32.i512.i32.i32, i512 %branch_word, i32 224, i32 255" [source/int4_linear_controller.cpp:738->source/int4_linear_controller.cpp:919]   --->   Operation 87 'partselect' 'converter_76' <Predicate = true> <Delay = 0.00>
ST_4 : Operation 88 [1/1] (0.00ns)   --->   "%branch_values_37 = bitcast i32 %converter_76" [source/int4_linear_controller.cpp:18->source/int4_linear_controller.cpp:737->source/int4_linear_controller.cpp:919]   --->   Operation 88 'bitcast' 'branch_values_37' <Predicate = true> <Delay = 0.00>
ST_4 : Operation 89 [1/1] (0.00ns)   --->   "%residual_values_37 = bitcast i32 %converter_77" [source/int4_linear_controller.cpp:18->source/int4_linear_controller.cpp:741->source/int4_linear_controller.cpp:919]   --->   Operation 89 'bitcast' 'residual_values_37' <Predicate = true> <Delay = 0.00>
ST_4 : Operation 90 [1/1] (0.00ns)   --->   "%converter_78 = partselect i32 @_ssdm_op_PartSelect.i32.i512.i32.i32, i512 %branch_word, i32 256, i32 287" [source/int4_linear_controller.cpp:738->source/int4_linear_controller.cpp:919]   --->   Operation 90 'partselect' 'converter_78' <Predicate = true> <Delay = 0.00>
ST_4 : Operation 91 [1/1] (0.00ns)   --->   "%branch_values_38 = bitcast i32 %converter_78" [source/int4_linear_controller.cpp:18->source/int4_linear_controller.cpp:737->source/int4_linear_controller.cpp:919]   --->   Operation 91 'bitcast' 'branch_values_38' <Predicate = true> <Delay = 0.00>
ST_4 : Operation 92 [1/1] (0.00ns)   --->   "%residual_values_38 = bitcast i32 %converter_79" [source/int4_linear_controller.cpp:18->source/int4_linear_controller.cpp:741->source/int4_linear_controller.cpp:919]   --->   Operation 92 'bitcast' 'residual_values_38' <Predicate = true> <Delay = 0.00>
ST_4 : Operation 93 [1/1] (0.00ns)   --->   "%converter_80 = partselect i32 @_ssdm_op_PartSelect.i32.i512.i32.i32, i512 %branch_word, i32 288, i32 319" [source/int4_linear_controller.cpp:738->source/int4_linear_controller.cpp:919]   --->   Operation 93 'partselect' 'converter_80' <Predicate = true> <Delay = 0.00>
ST_4 : Operation 94 [1/1] (0.00ns)   --->   "%branch_values_39 = bitcast i32 %converter_80" [source/int4_linear_controller.cpp:18->source/int4_linear_controller.cpp:737->source/int4_linear_controller.cpp:919]   --->   Operation 94 'bitcast' 'branch_values_39' <Predicate = true> <Delay = 0.00>
ST_4 : Operation 95 [1/1] (0.00ns)   --->   "%residual_values_39 = bitcast i32 %converter_81" [source/int4_linear_controller.cpp:18->source/int4_linear_controller.cpp:741->source/int4_linear_controller.cpp:919]   --->   Operation 95 'bitcast' 'residual_values_39' <Predicate = true> <Delay = 0.00>
ST_4 : Operation 96 [1/1] (0.00ns)   --->   "%converter_82 = partselect i32 @_ssdm_op_PartSelect.i32.i512.i32.i32, i512 %branch_word, i32 320, i32 351" [source/int4_linear_controller.cpp:738->source/int4_linear_controller.cpp:919]   --->   Operation 96 'partselect' 'converter_82' <Predicate = true> <Delay = 0.00>
ST_4 : Operation 97 [1/1] (0.00ns)   --->   "%branch_values_40 = bitcast i32 %converter_82" [source/int4_linear_controller.cpp:18->source/int4_linear_controller.cpp:737->source/int4_linear_controller.cpp:919]   --->   Operation 97 'bitcast' 'branch_values_40' <Predicate = true> <Delay = 0.00>
ST_4 : Operation 98 [1/1] (0.00ns)   --->   "%residual_values_40 = bitcast i32 %converter_83" [source/int4_linear_controller.cpp:18->source/int4_linear_controller.cpp:741->source/int4_linear_controller.cpp:919]   --->   Operation 98 'bitcast' 'residual_values_40' <Predicate = true> <Delay = 0.00>
ST_4 : Operation 99 [1/1] (0.00ns)   --->   "%converter_84 = partselect i32 @_ssdm_op_PartSelect.i32.i512.i32.i32, i512 %branch_word, i32 352, i32 383" [source/int4_linear_controller.cpp:738->source/int4_linear_controller.cpp:919]   --->   Operation 99 'partselect' 'converter_84' <Predicate = true> <Delay = 0.00>
ST_4 : Operation 100 [1/1] (0.00ns)   --->   "%branch_values_41 = bitcast i32 %converter_84" [source/int4_linear_controller.cpp:18->source/int4_linear_controller.cpp:737->source/int4_linear_controller.cpp:919]   --->   Operation 100 'bitcast' 'branch_values_41' <Predicate = true> <Delay = 0.00>
ST_4 : Operation 101 [1/1] (0.00ns)   --->   "%residual_values_41 = bitcast i32 %converter_85" [source/int4_linear_controller.cpp:18->source/int4_linear_controller.cpp:741->source/int4_linear_controller.cpp:919]   --->   Operation 101 'bitcast' 'residual_values_41' <Predicate = true> <Delay = 0.00>
ST_4 : Operation 102 [1/1] (0.00ns)   --->   "%converter_86 = partselect i32 @_ssdm_op_PartSelect.i32.i512.i32.i32, i512 %branch_word, i32 384, i32 415" [source/int4_linear_controller.cpp:738->source/int4_linear_controller.cpp:919]   --->   Operation 102 'partselect' 'converter_86' <Predicate = true> <Delay = 0.00>
ST_4 : Operation 103 [1/1] (0.00ns)   --->   "%branch_values_42 = bitcast i32 %converter_86" [source/int4_linear_controller.cpp:18->source/int4_linear_controller.cpp:737->source/int4_linear_controller.cpp:919]   --->   Operation 103 'bitcast' 'branch_values_42' <Predicate = true> <Delay = 0.00>
ST_4 : Operation 104 [1/1] (0.00ns)   --->   "%residual_values_42 = bitcast i32 %converter_87" [source/int4_linear_controller.cpp:18->source/int4_linear_controller.cpp:741->source/int4_linear_controller.cpp:919]   --->   Operation 104 'bitcast' 'residual_values_42' <Predicate = true> <Delay = 0.00>
ST_4 : Operation 105 [1/1] (0.00ns)   --->   "%converter_88 = partselect i32 @_ssdm_op_PartSelect.i32.i512.i32.i32, i512 %branch_word, i32 416, i32 447" [source/int4_linear_controller.cpp:738->source/int4_linear_controller.cpp:919]   --->   Operation 105 'partselect' 'converter_88' <Predicate = true> <Delay = 0.00>
ST_4 : Operation 106 [1/1] (0.00ns)   --->   "%branch_values_43 = bitcast i32 %converter_88" [source/int4_linear_controller.cpp:18->source/int4_linear_controller.cpp:737->source/int4_linear_controller.cpp:919]   --->   Operation 106 'bitcast' 'branch_values_43' <Predicate = true> <Delay = 0.00>
ST_4 : Operation 107 [1/1] (0.00ns)   --->   "%residual_values_43 = bitcast i32 %converter_89" [source/int4_linear_controller.cpp:18->source/int4_linear_controller.cpp:741->source/int4_linear_controller.cpp:919]   --->   Operation 107 'bitcast' 'residual_values_43' <Predicate = true> <Delay = 0.00>
ST_4 : Operation 108 [1/1] (0.00ns)   --->   "%converter_90 = partselect i32 @_ssdm_op_PartSelect.i32.i512.i32.i32, i512 %branch_word, i32 448, i32 479" [source/int4_linear_controller.cpp:738->source/int4_linear_controller.cpp:919]   --->   Operation 108 'partselect' 'converter_90' <Predicate = true> <Delay = 0.00>
ST_4 : Operation 109 [1/1] (0.00ns)   --->   "%branch_values_44 = bitcast i32 %converter_90" [source/int4_linear_controller.cpp:18->source/int4_linear_controller.cpp:737->source/int4_linear_controller.cpp:919]   --->   Operation 109 'bitcast' 'branch_values_44' <Predicate = true> <Delay = 0.00>
ST_4 : Operation 110 [1/1] (0.00ns)   --->   "%residual_values_44 = bitcast i32 %converter_91" [source/int4_linear_controller.cpp:18->source/int4_linear_controller.cpp:741->source/int4_linear_controller.cpp:919]   --->   Operation 110 'bitcast' 'residual_values_44' <Predicate = true> <Delay = 0.00>
ST_4 : Operation 111 [1/1] (0.00ns)   --->   "%converter_92 = partselect i32 @_ssdm_op_PartSelect.i32.i512.i32.i32, i512 %branch_word, i32 480, i32 511" [source/int4_linear_controller.cpp:738->source/int4_linear_controller.cpp:919]   --->   Operation 111 'partselect' 'converter_92' <Predicate = true> <Delay = 0.00>
ST_4 : Operation 112 [1/1] (0.00ns)   --->   "%branch_values_45 = bitcast i32 %converter_92" [source/int4_linear_controller.cpp:18->source/int4_linear_controller.cpp:737->source/int4_linear_controller.cpp:919]   --->   Operation 112 'bitcast' 'branch_values_45' <Predicate = true> <Delay = 0.00>
ST_4 : Operation 113 [1/1] (0.00ns)   --->   "%residual_values_45 = bitcast i32 %converter_93" [source/int4_linear_controller.cpp:18->source/int4_linear_controller.cpp:741->source/int4_linear_controller.cpp:919]   --->   Operation 113 'bitcast' 'residual_values_45' <Predicate = true> <Delay = 0.00>
ST_4 : Operation 114 [2/2] (0.49ns)   --->   "%call_ln18 = call void @int4_write_outputs.7_Pipeline_fused_residual_add_loop, i32 %residual_values, i32 %residual_values_31, i32 %residual_values_32, i32 %residual_values_33, i32 %residual_values_34, i32 %residual_values_35, i32 %residual_values_36, i32 %residual_values_37, i32 %residual_values_38, i32 %residual_values_39, i32 %residual_values_40, i32 %residual_values_41, i32 %residual_values_42, i32 %residual_values_43, i32 %residual_values_44, i32 %residual_values_45, i32 %branch_values, i32 %branch_values_31, i32 %branch_values_32, i32 %branch_values_33, i32 %branch_values_34, i32 %branch_values_35, i32 %branch_values_36, i32 %branch_values_37, i32 %branch_values_38, i32 %branch_values_39, i32 %branch_values_40, i32 %branch_values_41, i32 %branch_values_42, i32 %branch_values_43, i32 %branch_values_44, i32 %branch_values_45, i32 %p_loc, i32 %p_loc57, i32 %p_loc58, i32 %p_loc59, i32 %p_loc60, i32 %p_loc61, i32 %p_loc62, i32 %p_loc63, i32 %p_loc64, i32 %p_loc65, i32 %p_loc66, i32 %p_loc67, i32 %p_loc68, i32 %p_loc69, i32 %p_loc70, i32 %p_loc71" [source/int4_linear_controller.cpp:18->source/int4_linear_controller.cpp:741->source/int4_linear_controller.cpp:919]   --->   Operation 114 'call' 'call_ln18' <Predicate = true> <Delay = 0.49> <CoreType = "Generic">   --->   Core 0 '' <Latency = 0> <II = 1> <Delay = 1.00> <Generic> <Opcode : >

State 5 <SV = 4> <Delay = 0.00>
ST_5 : Operation 115 [1/2] (0.00ns)   --->   "%call_ln18 = call void @int4_write_outputs.7_Pipeline_fused_residual_add_loop, i32 %residual_values, i32 %residual_values_31, i32 %residual_values_32, i32 %residual_values_33, i32 %residual_values_34, i32 %residual_values_35, i32 %residual_values_36, i32 %residual_values_37, i32 %residual_values_38, i32 %residual_values_39, i32 %residual_values_40, i32 %residual_values_41, i32 %residual_values_42, i32 %residual_values_43, i32 %residual_values_44, i32 %residual_values_45, i32 %branch_values, i32 %branch_values_31, i32 %branch_values_32, i32 %branch_values_33, i32 %branch_values_34, i32 %branch_values_35, i32 %branch_values_36, i32 %branch_values_37, i32 %branch_values_38, i32 %branch_values_39, i32 %branch_values_40, i32 %branch_values_41, i32 %branch_values_42, i32 %branch_values_43, i32 %branch_values_44, i32 %branch_values_45, i32 %p_loc, i32 %p_loc57, i32 %p_loc58, i32 %p_loc59, i32 %p_loc60, i32 %p_loc61, i32 %p_loc62, i32 %p_loc63, i32 %p_loc64, i32 %p_loc65, i32 %p_loc66, i32 %p_loc67, i32 %p_loc68, i32 %p_loc69, i32 %p_loc70, i32 %p_loc71" [source/int4_linear_controller.cpp:18->source/int4_linear_controller.cpp:741->source/int4_linear_controller.cpp:919]   --->   Operation 115 'call' 'call_ln18' <Predicate = true> <Delay = 0.00> <CoreType = "Generic">   --->   Core 0 '' <Latency = 0> <II = 1> <Delay = 1.00> <Generic> <Opcode : >

State 6 <SV = 5> <Delay = 2.22>
ST_6 : Operation 116 [1/1] (0.00ns)   --->   "%speclooptripcount_ln715 = speclooptripcount void @_ssdm_op_SpecLoopTripCount, i64 64, i64 64, i64 64" [source/int4_linear_controller.cpp:715->source/int4_linear_controller.cpp:919]   --->   Operation 116 'speclooptripcount' 'speclooptripcount_ln715' <Predicate = true> <Delay = 0.00>
ST_6 : Operation 117 [1/1] (0.00ns)   --->   "%specloopname_ln713 = specloopname void @_ssdm_op_SpecLoopName, void @empty_458" [source/int4_linear_controller.cpp:713->source/int4_linear_controller.cpp:919]   --->   Operation 117 'specloopname' 'specloopname_ln713' <Predicate = true> <Delay = 0.00>
ST_6 : Operation 118 [1/1] (0.00ns)   --->   "%p_loc_load = load i32 %p_loc"   --->   Operation 118 'load' 'p_loc_load' <Predicate = true> <Delay = 0.00>
ST_6 : Operation 119 [1/1] (0.00ns)   --->   "%p_loc57_load = load i32 %p_loc57"   --->   Operation 119 'load' 'p_loc57_load' <Predicate = true> <Delay = 0.00>
ST_6 : Operation 120 [1/1] (0.00ns)   --->   "%p_loc58_load = load i32 %p_loc58"   --->   Operation 120 'load' 'p_loc58_load' <Predicate = true> <Delay = 0.00>
ST_6 : Operation 121 [1/1] (0.00ns)   --->   "%p_loc59_load = load i32 %p_loc59"   --->   Operation 121 'load' 'p_loc59_load' <Predicate = true> <Delay = 0.00>
ST_6 : Operation 122 [1/1] (0.00ns)   --->   "%p_loc60_load = load i32 %p_loc60"   --->   Operation 122 'load' 'p_loc60_load' <Predicate = true> <Delay = 0.00>
ST_6 : Operation 123 [1/1] (0.00ns)   --->   "%p_loc61_load = load i32 %p_loc61"   --->   Operation 123 'load' 'p_loc61_load' <Predicate = true> <Delay = 0.00>
ST_6 : Operation 124 [1/1] (0.00ns)   --->   "%p_loc62_load = load i32 %p_loc62"   --->   Operation 124 'load' 'p_loc62_load' <Predicate = true> <Delay = 0.00>
ST_6 : Operation 125 [1/1] (0.00ns)   --->   "%p_loc63_load = load i32 %p_loc63"   --->   Operation 125 'load' 'p_loc63_load' <Predicate = true> <Delay = 0.00>
ST_6 : Operation 126 [1/1] (0.00ns)   --->   "%p_loc64_load = load i32 %p_loc64"   --->   Operation 126 'load' 'p_loc64_load' <Predicate = true> <Delay = 0.00>
ST_6 : Operation 127 [1/1] (0.00ns)   --->   "%p_loc65_load = load i32 %p_loc65"   --->   Operation 127 'load' 'p_loc65_load' <Predicate = true> <Delay = 0.00>
ST_6 : Operation 128 [1/1] (0.00ns)   --->   "%p_loc66_load = load i32 %p_loc66"   --->   Operation 128 'load' 'p_loc66_load' <Predicate = true> <Delay = 0.00>
ST_6 : Operation 129 [1/1] (0.00ns)   --->   "%p_loc67_load = load i32 %p_loc67"   --->   Operation 129 'load' 'p_loc67_load' <Predicate = true> <Delay = 0.00>
ST_6 : Operation 130 [1/1] (0.00ns)   --->   "%p_loc68_load = load i32 %p_loc68"   --->   Operation 130 'load' 'p_loc68_load' <Predicate = true> <Delay = 0.00>
ST_6 : Operation 131 [1/1] (0.00ns)   --->   "%p_loc69_load = load i32 %p_loc69"   --->   Operation 131 'load' 'p_loc69_load' <Predicate = true> <Delay = 0.00>
ST_6 : Operation 132 [1/1] (0.00ns)   --->   "%p_loc70_load = load i32 %p_loc70"   --->   Operation 132 'load' 'p_loc70_load' <Predicate = true> <Delay = 0.00>
ST_6 : Operation 133 [1/1] (0.00ns)   --->   "%p_loc71_load = load i32 %p_loc71"   --->   Operation 133 'load' 'p_loc71_load' <Predicate = true> <Delay = 0.00>
ST_6 : Operation 134 [1/1] (0.00ns)   --->   "%bitcast_ln25 = bitcast i32 %p_loc71_load" [source/int4_linear_controller.cpp:25->source/int4_linear_controller.cpp:762->source/int4_linear_controller.cpp:919]   --->   Operation 134 'bitcast' 'bitcast_ln25' <Predicate = true> <Delay = 0.00>
ST_6 : Operation 135 [1/1] (0.00ns)   --->   "%bitcast_ln25_31 = bitcast i32 %p_loc70_load" [source/int4_linear_controller.cpp:25->source/int4_linear_controller.cpp:762->source/int4_linear_controller.cpp:919]   --->   Operation 135 'bitcast' 'bitcast_ln25_31' <Predicate = true> <Delay = 0.00>
ST_6 : Operation 136 [1/1] (0.00ns)   --->   "%bitcast_ln25_32 = bitcast i32 %p_loc69_load" [source/int4_linear_controller.cpp:25->source/int4_linear_controller.cpp:762->source/int4_linear_controller.cpp:919]   --->   Operation 136 'bitcast' 'bitcast_ln25_32' <Predicate = true> <Delay = 0.00>
ST_6 : Operation 137 [1/1] (0.00ns)   --->   "%bitcast_ln25_33 = bitcast i32 %p_loc68_load" [source/int4_linear_controller.cpp:25->source/int4_linear_controller.cpp:762->source/int4_linear_controller.cpp:919]   --->   Operation 137 'bitcast' 'bitcast_ln25_33' <Predicate = true> <Delay = 0.00>
ST_6 : Operation 138 [1/1] (0.00ns)   --->   "%bitcast_ln25_34 = bitcast i32 %p_loc67_load" [source/int4_linear_controller.cpp:25->source/int4_linear_controller.cpp:762->source/int4_linear_controller.cpp:919]   --->   Operation 138 'bitcast' 'bitcast_ln25_34' <Predicate = true> <Delay = 0.00>
ST_6 : Operation 139 [1/1] (0.00ns)   --->   "%bitcast_ln25_35 = bitcast i32 %p_loc66_load" [source/int4_linear_controller.cpp:25->source/int4_linear_controller.cpp:762->source/int4_linear_controller.cpp:919]   --->   Operation 139 'bitcast' 'bitcast_ln25_35' <Predicate = true> <Delay = 0.00>
ST_6 : Operation 140 [1/1] (0.00ns)   --->   "%bitcast_ln25_36 = bitcast i32 %p_loc65_load" [source/int4_linear_controller.cpp:25->source/int4_linear_controller.cpp:762->source/int4_linear_controller.cpp:919]   --->   Operation 140 'bitcast' 'bitcast_ln25_36' <Predicate = true> <Delay = 0.00>
ST_6 : Operation 141 [1/1] (0.00ns)   --->   "%bitcast_ln25_37 = bitcast i32 %p_loc64_load" [source/int4_linear_controller.cpp:25->source/int4_linear_controller.cpp:762->source/int4_linear_controller.cpp:919]   --->   Operation 141 'bitcast' 'bitcast_ln25_37' <Predicate = true> <Delay = 0.00>
ST_6 : Operation 142 [1/1] (0.00ns)   --->   "%bitcast_ln25_38 = bitcast i32 %p_loc63_load" [source/int4_linear_controller.cpp:25->source/int4_linear_controller.cpp:762->source/int4_linear_controller.cpp:919]   --->   Operation 142 'bitcast' 'bitcast_ln25_38' <Predicate = true> <Delay = 0.00>
ST_6 : Operation 143 [1/1] (0.00ns)   --->   "%bitcast_ln25_39 = bitcast i32 %p_loc62_load" [source/int4_linear_controller.cpp:25->source/int4_linear_controller.cpp:762->source/int4_linear_controller.cpp:919]   --->   Operation 143 'bitcast' 'bitcast_ln25_39' <Predicate = true> <Delay = 0.00>
ST_6 : Operation 144 [1/1] (0.00ns)   --->   "%bitcast_ln25_40 = bitcast i32 %p_loc61_load" [source/int4_linear_controller.cpp:25->source/int4_linear_controller.cpp:762->source/int4_linear_controller.cpp:919]   --->   Operation 144 'bitcast' 'bitcast_ln25_40' <Predicate = true> <Delay = 0.00>
ST_6 : Operation 145 [1/1] (0.00ns)   --->   "%bitcast_ln25_41 = bitcast i32 %p_loc60_load" [source/int4_linear_controller.cpp:25->source/int4_linear_controller.cpp:762->source/int4_linear_controller.cpp:919]   --->   Operation 145 'bitcast' 'bitcast_ln25_41' <Predicate = true> <Delay = 0.00>
ST_6 : Operation 146 [1/1] (0.00ns)   --->   "%bitcast_ln25_42 = bitcast i32 %p_loc59_load" [source/int4_linear_controller.cpp:25->source/int4_linear_controller.cpp:762->source/int4_linear_controller.cpp:919]   --->   Operation 146 'bitcast' 'bitcast_ln25_42' <Predicate = true> <Delay = 0.00>
ST_6 : Operation 147 [1/1] (0.00ns)   --->   "%bitcast_ln25_43 = bitcast i32 %p_loc58_load" [source/int4_linear_controller.cpp:25->source/int4_linear_controller.cpp:762->source/int4_linear_controller.cpp:919]   --->   Operation 147 'bitcast' 'bitcast_ln25_43' <Predicate = true> <Delay = 0.00>
ST_6 : Operation 148 [1/1] (0.00ns)   --->   "%bitcast_ln25_44 = bitcast i32 %p_loc57_load" [source/int4_linear_controller.cpp:25->source/int4_linear_controller.cpp:762->source/int4_linear_controller.cpp:919]   --->   Operation 148 'bitcast' 'bitcast_ln25_44' <Predicate = true> <Delay = 0.00>
ST_6 : Operation 149 [1/1] (0.00ns)   --->   "%bitcast_ln25_45 = bitcast i32 %p_loc_load" [source/int4_linear_controller.cpp:25->source/int4_linear_controller.cpp:762->source/int4_linear_controller.cpp:919]   --->   Operation 149 'bitcast' 'bitcast_ln25_45' <Predicate = true> <Delay = 0.00>
ST_6 : Operation 150 [1/1] (0.00ns)   --->   "%sum_word = bitconcatenate i512 @_ssdm_op_BitConcatenate.i512.i32.i32.i32.i32.i32.i32.i32.i32.i32.i32.i32.i32.i32.i32.i32.i32, i32 %bitcast_ln25_45, i32 %bitcast_ln25_44, i32 %bitcast_ln25_43, i32 %bitcast_ln25_42, i32 %bitcast_ln25_41, i32 %bitcast_ln25_40, i32 %bitcast_ln25_39, i32 %bitcast_ln25_38, i32 %bitcast_ln25_37, i32 %bitcast_ln25_36, i32 %bitcast_ln25_35, i32 %bitcast_ln25_34, i32 %bitcast_ln25_33, i32 %bitcast_ln25_32, i32 %bitcast_ln25_31, i32 %bitcast_ln25" [source/int4_linear_controller.cpp:761->source/int4_linear_controller.cpp:919]   --->   Operation 150 'bitconcatenate' 'sum_word' <Predicate = true> <Delay = 0.00>
ST_6 : Operation 151 [1/1] (2.22ns)   --->   "%store_ln764 = store i512 %sum_word, i9 %output_mem_addr" [source/int4_linear_controller.cpp:764->source/int4_linear_controller.cpp:919]   --->   Operation 151 'store' 'store_ln764' <Predicate = true> <Delay = 2.22> <CoreInst = "RAM_2P_URAM">   --->   Core 95 'RAM_2P_URAM' <Latency = 1> <II = 1> <Delay = 2.22> <Storage> <Opcode : 'load' 'store'> <Ports = 2> <Width = 512> <Depth = 504> <RAM>
ST_6 : Operation 152 [1/1] (0.00ns)   --->   "%br_ln713 = br void %fused_residual_unpack_loop.i" [source/int4_linear_controller.cpp:713->source/int4_linear_controller.cpp:919]   --->   Operation 152 'br' 'br_ln713' <Predicate = true> <Delay = 0.00>


============================================================
+ Verbose Summary: Timing violations
============================================================
Target clock period: 3.333ns, clock uncertainty: 0.900ns.

 <State 1>: 2.319ns
The critical path consists of the following:
	wire read operation ('p_read_3') on port 'p_read' [5]  (1.217 ns)
	'call' operation 0 bit ('call_ln713', source/int4_linear_controller.cpp:713->source/int4_linear_controller.cpp:919) to 'int4_write_outputs.7_Pipeline_write_output_direct_loop' [31]  (1.102 ns)

 <State 2>: 2.220ns
The critical path consists of the following:
	'load' operation 9 bit ('word', source/int4_linear_controller.cpp:713->source/int4_linear_controller.cpp:919) on local variable 'word', source/int4_linear_controller.cpp:713->source/int4_linear_controller.cpp:919 [38]  (0.000 ns)
	'getelementptr' operation 9 bit ('output_mem_addr', source/int4_linear_controller.cpp:720->source/int4_linear_controller.cpp:919) [47]  (0.000 ns)
	'load' operation 512 bit ('residual_word', source/int4_linear_controller.cpp:720->source/int4_linear_controller.cpp:919) on array 'output_mem' [48]  (2.220 ns)

 <State 3>: 2.220ns
The critical path consists of the following:
	'load' operation 512 bit ('residual_word', source/int4_linear_controller.cpp:720->source/int4_linear_controller.cpp:919) on array 'output_mem' [48]  (2.220 ns)

 <State 4>: 1.710ns
The critical path consists of the following:
	fifo read operation ('branch_word', source/int4_linear_controller.cpp:717->source/int4_linear_controller.cpp:919) on port 'output_stream' (source/int4_linear_controller.cpp:717->source/int4_linear_controller.cpp:919) [46]  (1.217 ns)
	'call' operation 0 bit ('call_ln18', source/int4_linear_controller.cpp:18->source/int4_linear_controller.cpp:741->source/int4_linear_controller.cpp:919) to 'int4_write_outputs.7_Pipeline_fused_residual_add_loop' [113]  (0.493 ns)

 <State 5>: 0.000ns
The critical path consists of the following:

 <State 6>: 2.220ns
The critical path consists of the following:
	'load' operation 32 bit ('p_loc_load') on local variable 'p_loc' [114]  (0.000 ns)
	'store' operation 0 bit ('store_ln764', source/int4_linear_controller.cpp:764->source/int4_linear_controller.cpp:919) of variable 'sum_word', source/int4_linear_controller.cpp:761->source/int4_linear_controller.cpp:919 on array 'output_mem' [147]  (2.220 ns)


============================================================
+ Verbose Summary: Binding
============================================================
N/A
* FSMD analyzer results:
  - Output states:
 - Input state : 
  - Chain level:
	State 1
	State 2
	State 3
	State 4
	State 5
	State 6


============================================================
+ Verbose Summary: Datapath Resource usage 
============================================================
N/A
