

================================================================
== Vitis HLS Report for 'int4_rms_gather_streams'
================================================================
* Date:           Tue Aug 11 09:17:17 2026

* Version:        2023.2 (Build 4023990 on Oct 11 2023)
* Project:        proj_int4_decoder_xo
* Solution:       solution1 (Vitis Kernel Flow Target)
* Product family: virtexuplus
* Target device:  xcu250-figd2104-2L-e


================================================================
== Performance Estimates
================================================================
+ Timing: 
    * Summary: 
    +--------+---------+----------+------------+
    |  Clock |  Target | Estimated| Uncertainty|
    +--------+---------+----------+------------+
    |ap_clk  |  3.33 ns|  2.608 ns|     0.90 ns|
    +--------+---------+----------+------------+

+ Latency: 
    * Summary: 
    +---------+---------+----------+----------+-----+-----+---------+
    |  Latency (cycles) |  Latency (absolute) |  Interval | Pipeline|
    |   min   |   max   |    min   |    max   | min | max |   Type  |
    +---------+---------+----------+----------+-----+-----+---------+
    |      131|      131|  0.437 us|  0.437 us|  131|  131|       no|
    +---------+---------+----------+----------+-----+-----+---------+

    + Detail: 
        * Instance: 
        N/A

        * Loop: 
        +-----------------------------------------------------------------------+---------+---------+----------+-----------+-----------+------+----------+
        |                                                                       |  Latency (cycles) | Iteration|  Initiation Interval  | Trip |          |
        |                               Loop Name                               |   min   |   max   |  Latency |  achieved |   target  | Count| Pipelined|
        +-----------------------------------------------------------------------+---------+---------+----------+-----------+-----------+------+----------+
        |- rms_stream_local_tile_loop_rms_stream_pe_loop_rms_stream_group_loop  |      129|      129|         3|          1|          1|   128|       yes|
        +-----------------------------------------------------------------------+---------+---------+----------+-----------+-----------+------+----------+

============================================================
+ Verbose Summary: Synthesis Manager
============================================================
InlineROM: 1
ExposeGlobal: 0
============================================================
+ Verbose Summary: CDFG Model
============================================================
IsTopModel: 0
ResetActiveHigh: 1
IsCombinational: 2
IsDatapathOnly: 0
HasWiredReturn: 1
HasMFsm: 2
HasVarLatency: 1
IsPipeline: 0
IsRtlPipelined: 0
IsInstanceOverlapped: 0
IsDontTouch: 0
HasImplIP: 0
IsGatedGlobalClock: 0

+ Individual pipeline summary: 
  * Pipeline-0: initiation interval (II) = 1, depth = 3


============================================================
+ Verbose Summary: Schedule
============================================================
* Number of FSM states : 3
* Pipeline : 1
  Pipeline-0 : II = 1, D = 3, States = { 1 2 3 }
* Dataflow Pipeline: 0

* FSM state transitions: 
1 --> 2 
2 --> 3 
3 --> 

* FSM state operations: 

State 1 <SV = 0> <Delay = 2.60>
ST_1 : Operation 6 [1/1] (0.00ns)   --->   "%group_01 = alloca i32 1" [source/int4_decoder_blocks.cpp:276]   --->   Operation 6 'alloca' 'group_01' <Predicate = true> <Delay = 0.00>
ST_1 : Operation 7 [1/1] (0.00ns)   --->   "%pe = alloca i32 1" [source/int4_decoder_blocks.cpp:274]   --->   Operation 7 'alloca' 'pe' <Predicate = true> <Delay = 0.00>
ST_1 : Operation 8 [1/1] (0.00ns)   --->   "%indvar_flatten = alloca i32 1"   --->   Operation 8 'alloca' 'indvar_flatten' <Predicate = true> <Delay = 0.00>
ST_1 : Operation 9 [1/1] (0.00ns)   --->   "%indvar_flatten10 = alloca i32 1"   --->   Operation 9 'alloca' 'indvar_flatten10' <Predicate = true> <Delay = 0.00>
ST_1 : Operation 10 [1/1] (0.00ns)   --->   "%specmemcore_ln0 = specmemcore void @_ssdm_op_SpecMemCore, i480 %quantized_pe3, i64 666, i64 8, i64 18446744073709551615"   --->   Operation 10 'specmemcore' 'specmemcore_ln0' <Predicate = true> <Delay = 0.00>
ST_1 : Operation 11 [1/1] (0.00ns)   --->   "%specmemcore_ln0 = specmemcore void @_ssdm_op_SpecMemCore, i480 %quantized_pe2, i64 666, i64 8, i64 18446744073709551615"   --->   Operation 11 'specmemcore' 'specmemcore_ln0' <Predicate = true> <Delay = 0.00>
ST_1 : Operation 12 [1/1] (0.00ns)   --->   "%specmemcore_ln0 = specmemcore void @_ssdm_op_SpecMemCore, i480 %quantized_pe1, i64 666, i64 8, i64 18446744073709551615"   --->   Operation 12 'specmemcore' 'specmemcore_ln0' <Predicate = true> <Delay = 0.00>
ST_1 : Operation 13 [1/1] (0.00ns)   --->   "%specmemcore_ln0 = specmemcore void @_ssdm_op_SpecMemCore, i480 %quantized_pe0, i64 666, i64 8, i64 18446744073709551615"   --->   Operation 13 'specmemcore' 'specmemcore_ln0' <Predicate = true> <Delay = 0.00>
ST_1 : Operation 14 [1/1] (0.00ns)   --->   "%specmemcore_ln0 = specmemcore void @_ssdm_op_SpecMemCore, i480 %quantized_stream, i64 666, i64 8, i64 18446744073709551615"   --->   Operation 14 'specmemcore' 'specmemcore_ln0' <Predicate = true> <Delay = 0.00>
ST_1 : Operation 15 [1/1] (0.00ns)   --->   "%specmemcore_ln0 = specmemcore void @_ssdm_op_SpecMemCore, i32 %scale_stream, i64 666, i64 10, i64 18446744073709551615"   --->   Operation 15 'specmemcore' 'specmemcore_ln0' <Predicate = true> <Delay = 0.00>
ST_1 : Operation 16 [1/1] (0.00ns)   --->   "%specinterface_ln0 = specinterface void @_ssdm_op_SpecInterface, i32 %scale_pe3, void @empty_447, i32 0, i32 0, void @empty_418, i32 0, i32 0, void @empty_418, void @empty_418, void @empty_418, i32 0, i32 0, i32 0, i32 0, void @empty_418, void @empty_418, i32 4294967295, i32 0"   --->   Operation 16 'specinterface' 'specinterface_ln0' <Predicate = true> <Delay = 0.00>
ST_1 : Operation 17 [1/1] (0.00ns)   --->   "%specinterface_ln0 = specinterface void @_ssdm_op_SpecInterface, i32 %scale_pe2, void @empty_447, i32 0, i32 0, void @empty_418, i32 0, i32 0, void @empty_418, void @empty_418, void @empty_418, i32 0, i32 0, i32 0, i32 0, void @empty_418, void @empty_418, i32 4294967295, i32 0"   --->   Operation 17 'specinterface' 'specinterface_ln0' <Predicate = true> <Delay = 0.00>
ST_1 : Operation 18 [1/1] (0.00ns)   --->   "%specinterface_ln0 = specinterface void @_ssdm_op_SpecInterface, i32 %scale_pe1, void @empty_447, i32 0, i32 0, void @empty_418, i32 0, i32 0, void @empty_418, void @empty_418, void @empty_418, i32 0, i32 0, i32 0, i32 0, void @empty_418, void @empty_418, i32 4294967295, i32 0"   --->   Operation 18 'specinterface' 'specinterface_ln0' <Predicate = true> <Delay = 0.00>
ST_1 : Operation 19 [1/1] (0.00ns)   --->   "%specinterface_ln0 = specinterface void @_ssdm_op_SpecInterface, i32 %scale_pe0, void @empty_447, i32 0, i32 0, void @empty_418, i32 0, i32 0, void @empty_418, void @empty_418, void @empty_418, i32 0, i32 0, i32 0, i32 0, void @empty_418, void @empty_418, i32 4294967295, i32 0"   --->   Operation 19 'specinterface' 'specinterface_ln0' <Predicate = true> <Delay = 0.00>
ST_1 : Operation 20 [1/1] (0.00ns)   --->   "%specinterface_ln0 = specinterface void @_ssdm_op_SpecInterface, i480 %quantized_pe3, void @empty_447, i32 0, i32 0, void @empty_418, i32 0, i32 0, void @empty_418, void @empty_418, void @empty_418, i32 0, i32 0, i32 0, i32 0, void @empty_418, void @empty_418, i32 4294967295, i32 0"   --->   Operation 20 'specinterface' 'specinterface_ln0' <Predicate = true> <Delay = 0.00>
ST_1 : Operation 21 [1/1] (0.00ns)   --->   "%specinterface_ln0 = specinterface void @_ssdm_op_SpecInterface, i480 %quantized_pe2, void @empty_447, i32 0, i32 0, void @empty_418, i32 0, i32 0, void @empty_418, void @empty_418, void @empty_418, i32 0, i32 0, i32 0, i32 0, void @empty_418, void @empty_418, i32 4294967295, i32 0"   --->   Operation 21 'specinterface' 'specinterface_ln0' <Predicate = true> <Delay = 0.00>
ST_1 : Operation 22 [1/1] (0.00ns)   --->   "%specinterface_ln0 = specinterface void @_ssdm_op_SpecInterface, i480 %quantized_pe1, void @empty_447, i32 0, i32 0, void @empty_418, i32 0, i32 0, void @empty_418, void @empty_418, void @empty_418, i32 0, i32 0, i32 0, i32 0, void @empty_418, void @empty_418, i32 4294967295, i32 0"   --->   Operation 22 'specinterface' 'specinterface_ln0' <Predicate = true> <Delay = 0.00>
ST_1 : Operation 23 [1/1] (0.00ns)   --->   "%specinterface_ln0 = specinterface void @_ssdm_op_SpecInterface, i480 %quantized_pe0, void @empty_447, i32 0, i32 0, void @empty_418, i32 0, i32 0, void @empty_418, void @empty_418, void @empty_418, i32 0, i32 0, i32 0, i32 0, void @empty_418, void @empty_418, i32 4294967295, i32 0"   --->   Operation 23 'specinterface' 'specinterface_ln0' <Predicate = true> <Delay = 0.00>
ST_1 : Operation 24 [1/1] (0.00ns)   --->   "%specinterface_ln0 = specinterface void @_ssdm_op_SpecInterface, i480 %quantized_stream, void @empty_447, i32 0, i32 0, void @empty_418, i32 0, i32 0, void @empty_418, void @empty_418, void @empty_418, i32 0, i32 0, i32 0, i32 0, void @empty_418, void @empty_418, i32 4294967295, i32 0"   --->   Operation 24 'specinterface' 'specinterface_ln0' <Predicate = true> <Delay = 0.00>
ST_1 : Operation 25 [1/1] (0.00ns)   --->   "%specinterface_ln0 = specinterface void @_ssdm_op_SpecInterface, i32 %scale_stream, void @empty_447, i32 0, i32 0, void @empty_418, i32 0, i32 0, void @empty_418, void @empty_418, void @empty_418, i32 0, i32 0, i32 0, i32 0, void @empty_418, void @empty_418, i32 4294967295, i32 0"   --->   Operation 25 'specinterface' 'specinterface_ln0' <Predicate = true> <Delay = 0.00>
ST_1 : Operation 26 [1/1] (0.38ns)   --->   "%store_ln0 = store i8 0, i8 %indvar_flatten10"   --->   Operation 26 'store' 'store_ln0' <Predicate = true> <Delay = 0.38>
ST_1 : Operation 27 [1/1] (0.38ns)   --->   "%store_ln0 = store i6 0, i6 %indvar_flatten"   --->   Operation 27 'store' 'store_ln0' <Predicate = true> <Delay = 0.38>
ST_1 : Operation 28 [1/1] (0.38ns)   --->   "%store_ln274 = store i3 0, i3 %pe" [source/int4_decoder_blocks.cpp:274]   --->   Operation 28 'store' 'store_ln274' <Predicate = true> <Delay = 0.38>
ST_1 : Operation 29 [1/1] (0.38ns)   --->   "%store_ln276 = store i3 0, i3 %group_01" [source/int4_decoder_blocks.cpp:276]   --->   Operation 29 'store' 'store_ln276' <Predicate = true> <Delay = 0.38>
ST_1 : Operation 30 [1/1] (0.00ns)   --->   "%br_ln269 = br void %for.body8" [source/int4_decoder_blocks.cpp:269]   --->   Operation 30 'br' 'br_ln269' <Predicate = true> <Delay = 0.00>
ST_1 : Operation 31 [1/1] (0.00ns)   --->   "%group_13 = load i3 %group_01" [source/int4_decoder_blocks.cpp:278]   --->   Operation 31 'load' 'group_13' <Predicate = true> <Delay = 0.00>
ST_1 : Operation 32 [1/1] (0.00ns)   --->   "%indvar_flatten_load = load i6 %indvar_flatten" [source/int4_decoder_blocks.cpp:274]   --->   Operation 32 'load' 'indvar_flatten_load' <Predicate = true> <Delay = 0.00>
ST_1 : Operation 33 [1/1] (0.00ns)   --->   "%indvar_flatten10_load = load i8 %indvar_flatten10" [source/int4_decoder_blocks.cpp:270]   --->   Operation 33 'load' 'indvar_flatten10_load' <Predicate = true> <Delay = 0.00>
ST_1 : Operation 34 [1/1] (0.70ns)   --->   "%icmp_ln270 = icmp_eq  i8 %indvar_flatten10_load, i8 128" [source/int4_decoder_blocks.cpp:270]   --->   Operation 34 'icmp' 'icmp_ln270' <Predicate = true> <Delay = 0.70> <CoreInst = "Cmp">   --->   Core 9 'Cmp' <Latency = 0> <II = 1> <Delay = 0.70> <FuncUnit> <Opcode : 'icmp'> <InPorts = 2> <OutPorts = 1>
ST_1 : Operation 35 [1/1] (0.70ns)   --->   "%add_ln270 = add i8 %indvar_flatten10_load, i8 1" [source/int4_decoder_blocks.cpp:270]   --->   Operation 35 'add' 'add_ln270' <Predicate = true> <Delay = 0.70> <CoreInst = "Adder">   --->   Core 1 'Adder' <Latency = 0> <II = 1> <Delay = 0.70> <FuncUnit> <Opcode : 'add' 'sub'> <InPorts = 2> <OutPorts = 1>
ST_1 : Operation 36 [1/1] (0.00ns)   --->   "%br_ln270 = br i1 %icmp_ln270, void %for.inc27, void %for.end29" [source/int4_decoder_blocks.cpp:270]   --->   Operation 36 'br' 'br_ln270' <Predicate = true> <Delay = 0.00>
ST_1 : Operation 37 [1/1] (0.00ns)   --->   "%pe_load = load i3 %pe" [source/int4_decoder_blocks.cpp:269]   --->   Operation 37 'load' 'pe_load' <Predicate = (!icmp_ln270)> <Delay = 0.00>
ST_1 : Operation 38 [1/1] (0.70ns)   --->   "%icmp_ln274 = icmp_eq  i6 %indvar_flatten_load, i6 16" [source/int4_decoder_blocks.cpp:274]   --->   Operation 38 'icmp' 'icmp_ln274' <Predicate = (!icmp_ln270)> <Delay = 0.70> <CoreInst = "Cmp">   --->   Core 9 'Cmp' <Latency = 0> <II = 1> <Delay = 0.70> <FuncUnit> <Opcode : 'icmp'> <InPorts = 2> <OutPorts = 1>
ST_1 : Operation 39 [1/1] (0.27ns)   --->   "%select_ln269 = select i1 %icmp_ln274, i3 0, i3 %pe_load" [source/int4_decoder_blocks.cpp:269]   --->   Operation 39 'select' 'select_ln269' <Predicate = (!icmp_ln270)> <Delay = 0.27> <CoreInst = "Sel">   --->   Core 73 'Sel' <Latency = 0> <II = 1> <Delay = 0.27> <FuncUnit> <Opcode : 'select'> <InPorts = 3> <OutPorts = 1>
ST_1 : Operation 40 [1/1] (0.00ns) (grouped into LUT with out node and_ln269)   --->   "%xor_ln269 = xor i1 %icmp_ln274, i1 1" [source/int4_decoder_blocks.cpp:269]   --->   Operation 40 'xor' 'xor_ln269' <Predicate = (!icmp_ln270)> <Delay = 0.00> <CoreInst = "LogicGate">   --->   Core 74 'LogicGate' <Latency = 0> <II = 1> <Delay = 0.12> <FuncUnit> <Opcode : 'and' 'or' 'xor'> <InPorts = 2> <OutPorts = 1>
ST_1 : Operation 41 [1/1] (0.57ns)   --->   "%icmp_ln277 = icmp_eq  i3 %group_13, i3 4" [source/int4_decoder_blocks.cpp:277]   --->   Operation 41 'icmp' 'icmp_ln277' <Predicate = (!icmp_ln270)> <Delay = 0.57> <CoreInst = "Cmp">   --->   Core 9 'Cmp' <Latency = 0> <II = 1> <Delay = 0.57> <FuncUnit> <Opcode : 'icmp'> <InPorts = 2> <OutPorts = 1>
ST_1 : Operation 42 [1/1] (0.12ns) (out node of the LUT)   --->   "%and_ln269 = and i1 %icmp_ln277, i1 %xor_ln269" [source/int4_decoder_blocks.cpp:269]   --->   Operation 42 'and' 'and_ln269' <Predicate = (!icmp_ln270)> <Delay = 0.12> <CoreInst = "LogicGate">   --->   Core 74 'LogicGate' <Latency = 0> <II = 1> <Delay = 0.12> <FuncUnit> <Opcode : 'and' 'or' 'xor'> <InPorts = 2> <OutPorts = 1>
ST_1 : Operation 43 [1/1] (0.57ns)   --->   "%pe_3 = add i3 %select_ln269, i3 1" [source/int4_decoder_blocks.cpp:274]   --->   Operation 43 'add' 'pe_3' <Predicate = (!icmp_ln270)> <Delay = 0.57> <CoreInst = "Adder">   --->   Core 1 'Adder' <Latency = 0> <II = 1> <Delay = 0.57> <FuncUnit> <Opcode : 'add' 'sub'> <InPorts = 2> <OutPorts = 1>
ST_1 : Operation 44 [1/1] (0.27ns)   --->   "%select_ln274 = select i1 %and_ln269, i3 %pe_3, i3 %select_ln269" [source/int4_decoder_blocks.cpp:274]   --->   Operation 44 'select' 'select_ln274' <Predicate = (!icmp_ln270)> <Delay = 0.27> <CoreInst = "Sel">   --->   Core 73 'Sel' <Latency = 0> <II = 1> <Delay = 0.27> <FuncUnit> <Opcode : 'select'> <InPorts = 3> <OutPorts = 1>
ST_1 : Operation 45 [1/1] (0.57ns)   --->   "%add_ln278 = add i3 %group_13, i3 1" [source/int4_decoder_blocks.cpp:278]   --->   Operation 45 'add' 'add_ln278' <Predicate = (!icmp_ln270)> <Delay = 0.57> <CoreInst = "Adder">   --->   Core 1 'Adder' <Latency = 0> <II = 1> <Delay = 0.57> <FuncUnit> <Opcode : 'add' 'sub'> <InPorts = 2> <OutPorts = 1>
ST_1 : Operation 46 [1/1] (0.00ns) (grouped into LUT with out node group)   --->   "%or_ln278 = or i1 %and_ln269, i1 %icmp_ln274" [source/int4_decoder_blocks.cpp:278]   --->   Operation 46 'or' 'or_ln278' <Predicate = (!icmp_ln270)> <Delay = 0.00> <CoreInst = "LogicGate">   --->   Core 74 'LogicGate' <Latency = 0> <II = 1> <Delay = 0.12> <FuncUnit> <Opcode : 'and' 'or' 'xor'> <InPorts = 2> <OutPorts = 1>
ST_1 : Operation 47 [1/1] (0.27ns) (out node of the LUT)   --->   "%group = select i1 %or_ln278, i3 1, i3 %add_ln278" [source/int4_decoder_blocks.cpp:278]   --->   Operation 47 'select' 'group' <Predicate = (!icmp_ln270)> <Delay = 0.27> <CoreInst = "Sel">   --->   Core 73 'Sel' <Latency = 0> <II = 1> <Delay = 0.27> <FuncUnit> <Opcode : 'select'> <InPorts = 3> <OutPorts = 1>
ST_1 : Operation 48 [1/1] (0.70ns)   --->   "%add_ln274_1 = add i6 %indvar_flatten_load, i6 1" [source/int4_decoder_blocks.cpp:274]   --->   Operation 48 'add' 'add_ln274_1' <Predicate = (!icmp_ln270)> <Delay = 0.70> <CoreInst = "Adder">   --->   Core 1 'Adder' <Latency = 0> <II = 1> <Delay = 0.70> <FuncUnit> <Opcode : 'add' 'sub'> <InPorts = 2> <OutPorts = 1>
ST_1 : Operation 49 [1/1] (0.29ns)   --->   "%select_ln274_1 = select i1 %icmp_ln274, i6 1, i6 %add_ln274_1" [source/int4_decoder_blocks.cpp:274]   --->   Operation 49 'select' 'select_ln274_1' <Predicate = (!icmp_ln270)> <Delay = 0.29> <CoreInst = "Sel">   --->   Core 73 'Sel' <Latency = 0> <II = 1> <Delay = 0.29> <FuncUnit> <Opcode : 'select'> <InPorts = 3> <OutPorts = 1>
ST_1 : Operation 50 [1/1] (0.38ns)   --->   "%store_ln270 = store i8 %add_ln270, i8 %indvar_flatten10" [source/int4_decoder_blocks.cpp:270]   --->   Operation 50 'store' 'store_ln270' <Predicate = (!icmp_ln270)> <Delay = 0.38>
ST_1 : Operation 51 [1/1] (0.38ns)   --->   "%store_ln274 = store i6 %select_ln274_1, i6 %indvar_flatten" [source/int4_decoder_blocks.cpp:274]   --->   Operation 51 'store' 'store_ln274' <Predicate = (!icmp_ln270)> <Delay = 0.38>
ST_1 : Operation 52 [1/1] (0.38ns)   --->   "%store_ln274 = store i3 %select_ln274, i3 %pe" [source/int4_decoder_blocks.cpp:274]   --->   Operation 52 'store' 'store_ln274' <Predicate = (!icmp_ln270)> <Delay = 0.38>
ST_1 : Operation 53 [1/1] (0.38ns)   --->   "%store_ln276 = store i3 %group, i3 %group_01" [source/int4_decoder_blocks.cpp:276]   --->   Operation 53 'store' 'store_ln276' <Predicate = (!icmp_ln270)> <Delay = 0.38>

State 2 <SV = 1> <Delay = 2.34>
ST_2 : Operation 54 [1/1] (0.00ns)   --->   "%specloopname_ln0 = specloopname void @_ssdm_op_SpecLoopName, void @rms_stream_local_tile_loop_rms_stream_pe_loop_rms_stream_group_loop_str"   --->   Operation 54 'specloopname' 'specloopname_ln0' <Predicate = true> <Delay = 0.00>
ST_2 : Operation 55 [1/1] (0.00ns)   --->   "%speclooptripcount_ln0 = speclooptripcount void @_ssdm_op_SpecLoopTripCount, i64 128, i64 128, i64 128"   --->   Operation 55 'speclooptripcount' 'speclooptripcount_ln0' <Predicate = true> <Delay = 0.00>
ST_2 : Operation 56 [1/1] (0.00ns)   --->   "%specpipeline_ln279 = specpipeline void @_ssdm_op_SpecPipeline, i32 1, i32 0, i32 0, i32 0, void @empty_418" [source/int4_decoder_blocks.cpp:279]   --->   Operation 56 'specpipeline' 'specpipeline_ln279' <Predicate = true> <Delay = 0.00>
ST_2 : Operation 57 [1/1] (0.67ns)   --->   "%switch_ln282 = switch i3 %select_ln274, void %if.else19, i3 0, void %if.then, i3 1, void %if.then11, i3 2, void %if.then16" [source/int4_decoder_blocks.cpp:282]   --->   Operation 57 'switch' 'switch_ln282' <Predicate = true> <Delay = 0.67>
ST_2 : Operation 58 [1/1] (1.21ns)   --->   "%quantized_22 = read i480 @_ssdm_op_Read.ap_fifo.volatile.i480P0A, i480 %quantized_pe2" [source/int4_decoder_blocks.cpp:289]   --->   Operation 58 'read' 'quantized_22' <Predicate = (!icmp_ln270 & select_ln274 == 2)> <Delay = 1.21> <CoreInst = "FIFO_BRAM">   --->   Core 79 'FIFO_BRAM' <Latency = 0> <II = 1> <Delay = 1.42> <Storage> <Opcode : 'read' 'write' 'nbread' 'nbwrite'> <Ports = 0> <Width = 480> <Depth = 4> <FIFO>
ST_2 : Operation 59 [1/1] (1.21ns)   --->   "%scale_9 = read i32 @_ssdm_op_Read.ap_fifo.volatile.i32P0A, i32 %scale_pe2" [source/int4_decoder_blocks.cpp:290]   --->   Operation 59 'read' 'scale_9' <Predicate = (!icmp_ln270 & select_ln274 == 2)> <Delay = 1.21> <CoreInst = "FIFO_SRL">   --->   Core 81 'FIFO_SRL' <Latency = 0> <II = 1> <Delay = 1.46> <Storage> <Opcode : 'read' 'write' 'nbread' 'nbwrite'> <Ports = 0> <Width = 32> <Depth = 4> <FIFO>
ST_2 : Operation 60 [1/1] (0.45ns)   --->   "%br_ln291 = br void %for.inc" [source/int4_decoder_blocks.cpp:291]   --->   Operation 60 'br' 'br_ln291' <Predicate = (!icmp_ln270 & select_ln274 == 2)> <Delay = 0.45>
ST_2 : Operation 61 [1/1] (1.21ns)   --->   "%quantized_21 = read i480 @_ssdm_op_Read.ap_fifo.volatile.i480P0A, i480 %quantized_pe1" [source/int4_decoder_blocks.cpp:286]   --->   Operation 61 'read' 'quantized_21' <Predicate = (!icmp_ln270 & select_ln274 == 1)> <Delay = 1.21> <CoreInst = "FIFO_BRAM">   --->   Core 79 'FIFO_BRAM' <Latency = 0> <II = 1> <Delay = 1.42> <Storage> <Opcode : 'read' 'write' 'nbread' 'nbwrite'> <Ports = 0> <Width = 480> <Depth = 4> <FIFO>
ST_2 : Operation 62 [1/1] (1.21ns)   --->   "%scale_8 = read i32 @_ssdm_op_Read.ap_fifo.volatile.i32P0A, i32 %scale_pe1" [source/int4_decoder_blocks.cpp:287]   --->   Operation 62 'read' 'scale_8' <Predicate = (!icmp_ln270 & select_ln274 == 1)> <Delay = 1.21> <CoreInst = "FIFO_SRL">   --->   Core 81 'FIFO_SRL' <Latency = 0> <II = 1> <Delay = 1.46> <Storage> <Opcode : 'read' 'write' 'nbread' 'nbwrite'> <Ports = 0> <Width = 32> <Depth = 4> <FIFO>
ST_2 : Operation 63 [1/1] (0.45ns)   --->   "%br_ln288 = br void %for.inc" [source/int4_decoder_blocks.cpp:288]   --->   Operation 63 'br' 'br_ln288' <Predicate = (!icmp_ln270 & select_ln274 == 1)> <Delay = 0.45>
ST_2 : Operation 64 [1/1] (1.21ns)   --->   "%quantized_20 = read i480 @_ssdm_op_Read.ap_fifo.volatile.i480P0A, i480 %quantized_pe0" [source/int4_decoder_blocks.cpp:283]   --->   Operation 64 'read' 'quantized_20' <Predicate = (!icmp_ln270 & select_ln274 == 0)> <Delay = 1.21> <CoreInst = "FIFO_BRAM">   --->   Core 79 'FIFO_BRAM' <Latency = 0> <II = 1> <Delay = 1.42> <Storage> <Opcode : 'read' 'write' 'nbread' 'nbwrite'> <Ports = 0> <Width = 480> <Depth = 4> <FIFO>
ST_2 : Operation 65 [1/1] (1.21ns)   --->   "%scale_7 = read i32 @_ssdm_op_Read.ap_fifo.volatile.i32P0A, i32 %scale_pe0" [source/int4_decoder_blocks.cpp:284]   --->   Operation 65 'read' 'scale_7' <Predicate = (!icmp_ln270 & select_ln274 == 0)> <Delay = 1.21> <CoreInst = "FIFO_SRL">   --->   Core 81 'FIFO_SRL' <Latency = 0> <II = 1> <Delay = 1.46> <Storage> <Opcode : 'read' 'write' 'nbread' 'nbwrite'> <Ports = 0> <Width = 32> <Depth = 4> <FIFO>
ST_2 : Operation 66 [1/1] (0.45ns)   --->   "%br_ln285 = br void %for.inc" [source/int4_decoder_blocks.cpp:285]   --->   Operation 66 'br' 'br_ln285' <Predicate = (!icmp_ln270 & select_ln274 == 0)> <Delay = 0.45>
ST_2 : Operation 67 [1/1] (1.21ns)   --->   "%quantized = read i480 @_ssdm_op_Read.ap_fifo.volatile.i480P0A, i480 %quantized_pe3" [source/int4_decoder_blocks.cpp:292]   --->   Operation 67 'read' 'quantized' <Predicate = (!icmp_ln270 & select_ln274 != 0 & select_ln274 != 1 & select_ln274 != 2)> <Delay = 1.21> <CoreInst = "FIFO_BRAM">   --->   Core 79 'FIFO_BRAM' <Latency = 0> <II = 1> <Delay = 1.42> <Storage> <Opcode : 'read' 'write' 'nbread' 'nbwrite'> <Ports = 0> <Width = 480> <Depth = 4> <FIFO>
ST_2 : Operation 68 [1/1] (1.21ns)   --->   "%scale = read i32 @_ssdm_op_Read.ap_fifo.volatile.i32P0A, i32 %scale_pe3" [source/int4_decoder_blocks.cpp:293]   --->   Operation 68 'read' 'scale' <Predicate = (!icmp_ln270 & select_ln274 != 0 & select_ln274 != 1 & select_ln274 != 2)> <Delay = 1.21> <CoreInst = "FIFO_SRL">   --->   Core 81 'FIFO_SRL' <Latency = 0> <II = 1> <Delay = 1.46> <Storage> <Opcode : 'read' 'write' 'nbread' 'nbwrite'> <Ports = 0> <Width = 32> <Depth = 4> <FIFO>
ST_2 : Operation 69 [1/1] (0.45ns)   --->   "%br_ln0 = br void %for.inc"   --->   Operation 69 'br' 'br_ln0' <Predicate = (!icmp_ln270 & select_ln274 != 0 & select_ln274 != 1 & select_ln274 != 2)> <Delay = 0.45>
ST_2 : Operation 75 [1/1] (0.00ns)   --->   "%ret_ln300 = ret" [source/int4_decoder_blocks.cpp:300]   --->   Operation 75 'ret' 'ret_ln300' <Predicate = (icmp_ln270)> <Delay = 0.00>

State 3 <SV = 2> <Delay = 1.21>
ST_3 : Operation 70 [1/1] (0.00ns)   --->   "%quantized_2 = phi i480 %quantized_20, void %if.then, i480 %quantized_21, void %if.then11, i480 %quantized_22, void %if.then16, i480 %quantized, void %if.else19"   --->   Operation 70 'phi' 'quantized_2' <Predicate = true> <Delay = 0.00>
ST_3 : Operation 71 [1/1] (0.00ns)   --->   "%empty = phi i32 %scale_7, void %if.then, i32 %scale_8, void %if.then11, i32 %scale_9, void %if.then16, i32 %scale, void %if.else19"   --->   Operation 71 'phi' 'empty' <Predicate = true> <Delay = 0.00>
ST_3 : Operation 72 [1/1] (1.21ns)   --->   "%write_ln295 = write void @_ssdm_op_Write.ap_fifo.volatile.i480P0A, i480 %quantized_stream, i480 %quantized_2" [source/int4_decoder_blocks.cpp:295]   --->   Operation 72 'write' 'write_ln295' <Predicate = true> <Delay = 1.21> <CoreInst = "FIFO_BRAM">   --->   Core 79 'FIFO_BRAM' <Latency = 0> <II = 1> <Delay = 1.42> <Storage> <Opcode : 'read' 'write' 'nbread' 'nbwrite'> <Ports = 0> <Width = 480> <Depth = 4> <FIFO>
ST_3 : Operation 73 [1/1] (1.21ns)   --->   "%write_ln296 = write void @_ssdm_op_Write.ap_fifo.volatile.i32P0A, i32 %scale_stream, i32 %empty" [source/int4_decoder_blocks.cpp:296]   --->   Operation 73 'write' 'write_ln296' <Predicate = true> <Delay = 1.21> <CoreInst = "FIFO_SRL">   --->   Core 81 'FIFO_SRL' <Latency = 0> <II = 1> <Delay = 1.46> <Storage> <Opcode : 'read' 'write' 'nbread' 'nbwrite'> <Ports = 0> <Width = 32> <Depth = 4> <FIFO>
ST_3 : Operation 74 [1/1] (0.00ns)   --->   "%br_ln276 = br void %for.body8" [source/int4_decoder_blocks.cpp:276]   --->   Operation 74 'br' 'br_ln276' <Predicate = true> <Delay = 0.00>


============================================================
+ Verbose Summary: Timing violations
============================================================
Target clock period: 3.333ns, clock uncertainty: 0.900ns.

 <State 1>: 2.608ns
The critical path consists of the following:
	'store' operation 0 bit ('store_ln0') of constant 0 on local variable 'indvar_flatten' [32]  (0.387 ns)
	'load' operation 6 bit ('indvar_flatten_load', source/int4_decoder_blocks.cpp:274) on local variable 'indvar_flatten' [38]  (0.000 ns)
	'icmp' operation 1 bit ('icmp_ln274', source/int4_decoder_blocks.cpp:274) [47]  (0.706 ns)
	'select' operation 3 bit ('select_ln269', source/int4_decoder_blocks.cpp:269) [48]  (0.278 ns)
	'add' operation 3 bit ('pe_3', source/int4_decoder_blocks.cpp:274) [52]  (0.572 ns)
	'select' operation 3 bit ('select_ln274', source/int4_decoder_blocks.cpp:274) [53]  (0.278 ns)
	'store' operation 0 bit ('store_ln274', source/int4_decoder_blocks.cpp:274) of variable 'select_ln274', source/int4_decoder_blocks.cpp:274 on local variable 'pe', source/int4_decoder_blocks.cpp:274 [84]  (0.387 ns)

 <State 2>: 2.340ns
The critical path consists of the following:
	fifo read operation ('quantized', source/int4_decoder_blocks.cpp:289) on port 'quantized_pe2' (source/int4_decoder_blocks.cpp:289) [57]  (1.217 ns)
	multiplexor before 'phi' operation 480 bit ('quantized') with incoming values : ('quantized', source/int4_decoder_blocks.cpp:289) ('quantized', source/int4_decoder_blocks.cpp:286) ('quantized', source/int4_decoder_blocks.cpp:283) ('quantized', source/int4_decoder_blocks.cpp:292) [73]  (0.453 ns)
	blocking operation 0.670859 ns on control path)

 <State 3>: 1.217ns
The critical path consists of the following:
	'phi' operation 480 bit ('quantized') with incoming values : ('quantized', source/int4_decoder_blocks.cpp:289) ('quantized', source/int4_decoder_blocks.cpp:286) ('quantized', source/int4_decoder_blocks.cpp:283) ('quantized', source/int4_decoder_blocks.cpp:292) [73]  (0.000 ns)
	fifo write operation ('write_ln295', source/int4_decoder_blocks.cpp:295) on port 'quantized_stream' (source/int4_decoder_blocks.cpp:295) [75]  (1.217 ns)


============================================================
+ Verbose Summary: Binding
============================================================
N/A
* FSMD analyzer results:
  - Output states:
 - Input state : 
  - Chain level:
	State 1
	State 2
	State 3


============================================================
+ Verbose Summary: Datapath Resource usage 
============================================================
N/A
