

================================================================
== Vitis HLS Report for 'swiftkv_run_bank_Pipeline_pe_write_kv_word_loop'
================================================================
* Date:           Tue Aug 11 09:16:52 2026

* Version:        2023.2 (Build 4023990 on Oct 11 2023)
* Project:        proj_int4_decoder_xo
* Solution:       solution1 (Vitis Kernel Flow Target)
* Product family: virtexuplus
* Target device:  xcu250-figd2104-2L-e


================================================================
== Performance Estimates
================================================================
+ Timing: 
    * Summary: 
    +--------+---------+----------+------------+
    |  Clock |  Target | Estimated| Uncertainty|
    +--------+---------+----------+------------+
    |ap_clk  |  3.33 ns|  2.433 ns|     0.90 ns|
    +--------+---------+----------+------------+

+ Latency: 
    * Summary: 
    +---------+---------+-----------+-----------+-----+-----+---------+
    |  Latency (cycles) |   Latency (absolute)  |  Interval | Pipeline|
    |   min   |   max   |    min    |    max    | min | max |   Type  |
    +---------+---------+-----------+-----------+-----+-----+---------+
    |        7|        7|  23.331 ns|  23.331 ns|    7|    7|       no|
    +---------+---------+-----------+-----------+-----+-----+---------+

    + Detail: 
        * Instance: 
        N/A

        * Loop: 
        +-------------------------+---------+---------+----------+-----------+-----------+------+----------+
        |                         |  Latency (cycles) | Iteration|  Initiation Interval  | Trip |          |
        |        Loop Name        |   min   |   max   |  Latency |  achieved |   target  | Count| Pipelined|
        +-------------------------+---------+---------+----------+-----------+-----------+------+----------+
        |- pe_write_kv_word_loop  |        5|        5|         2|          1|          1|     5|       yes|
        +-------------------------+---------+---------+----------+-----------+-----------+------+----------+

============================================================
+ Verbose Summary: Synthesis Manager
============================================================
InlineROM: 1
ExposeGlobal: 0
============================================================
+ Verbose Summary: CDFG Model
============================================================
IsTopModel: 0
ResetActiveHigh: 1
IsCombinational: 0
IsDatapathOnly: 0
HasWiredReturn: 1
HasMFsm: 2
HasVarLatency: 1
IsPipeline: 0
IsRtlPipelined: 0
IsInstanceOverlapped: 0
IsDontTouch: 0
HasImplIP: 0
IsGatedGlobalClock: 0

+ Individual pipeline summary: 
  * Pipeline-0: initiation interval (II) = 1, depth = 2


============================================================
+ Verbose Summary: Schedule
============================================================
* Number of FSM states : 2
* Pipeline : 1
  Pipeline-0 : II = 1, D = 2, States = { 1 2 }
* Dataflow Pipeline: 0

* FSM state transitions: 
1 --> 2 
2 --> 

* FSM state operations: 

State 1 <SV = 0> <Delay = 1.34>
ST_1 : Operation 5 [1/1] (0.00ns)   --->   "%word = alloca i32 1" [source/swiftkv_attention.cpp:1952]   --->   Operation 5 'alloca' 'word' <Predicate = true> <Delay = 0.00>
ST_1 : Operation 6 [1/1] (0.00ns)   --->   "%compressed_kv_record_4_read = read i512 @_ssdm_op_Read.ap_auto.i512, i512 %compressed_kv_record_4"   --->   Operation 6 'read' 'compressed_kv_record_4_read' <Predicate = true> <Delay = 0.00>
ST_1 : Operation 7 [1/1] (0.00ns)   --->   "%compressed_kv_record_3_read = read i512 @_ssdm_op_Read.ap_auto.i512, i512 %compressed_kv_record_3"   --->   Operation 7 'read' 'compressed_kv_record_3_read' <Predicate = true> <Delay = 0.00>
ST_1 : Operation 8 [1/1] (0.00ns)   --->   "%compressed_kv_record_2_read = read i512 @_ssdm_op_Read.ap_auto.i512, i512 %compressed_kv_record_2"   --->   Operation 8 'read' 'compressed_kv_record_2_read' <Predicate = true> <Delay = 0.00>
ST_1 : Operation 9 [1/1] (0.00ns)   --->   "%compressed_kv_record_1_read = read i512 @_ssdm_op_Read.ap_auto.i512, i512 %compressed_kv_record_1"   --->   Operation 9 'read' 'compressed_kv_record_1_read' <Predicate = true> <Delay = 0.00>
ST_1 : Operation 10 [1/1] (0.00ns)   --->   "%compressed_kv_record_read = read i512 @_ssdm_op_Read.ap_auto.i512, i512 %compressed_kv_record"   --->   Operation 10 'read' 'compressed_kv_record_read' <Predicate = true> <Delay = 0.00>
ST_1 : Operation 11 [1/1] (0.00ns)   --->   "%sext_ln1952_read = read i58 @_ssdm_op_Read.ap_auto.i58, i58 %sext_ln1952"   --->   Operation 11 'read' 'sext_ln1952_read' <Predicate = true> <Delay = 0.00>
ST_1 : Operation 12 [1/1] (0.00ns)   --->   "%sext_ln1952_cast = sext i58 %sext_ln1952_read"   --->   Operation 12 'sext' 'sext_ln1952_cast' <Predicate = true> <Delay = 0.00>
ST_1 : Operation 13 [1/1] (0.00ns)   --->   "%specinterface_ln0 = specinterface void @_ssdm_op_SpecInterface, i512 %gmem3, void @empty_417, i32 0, i32 0, void @empty_418, i32 64, i32 13043328, void @empty_423, void @empty_420, void @empty_418, i32 8, i32 2, i32 256, i32 64, void @empty_418, void @empty_418, i32 4294967295, i32 0"   --->   Operation 13 'specinterface' 'specinterface_ln0' <Predicate = true> <Delay = 0.00>
ST_1 : Operation 14 [1/1] (0.38ns)   --->   "%store_ln1952 = store i3 0, i3 %word" [source/swiftkv_attention.cpp:1952]   --->   Operation 14 'store' 'store_ln1952' <Predicate = true> <Delay = 0.38>
ST_1 : Operation 15 [1/1] (0.00ns)   --->   "%br_ln0 = br void %for.inc150"   --->   Operation 15 'br' 'br_ln0' <Predicate = true> <Delay = 0.00>
ST_1 : Operation 16 [1/1] (0.00ns)   --->   "%word_1 = load i3 %word" [source/swiftkv_attention.cpp:1954]   --->   Operation 16 'load' 'word_1' <Predicate = true> <Delay = 0.00>
ST_1 : Operation 17 [1/1] (0.57ns)   --->   "%icmp_ln1953 = icmp_eq  i3 %word_1, i3 5" [source/swiftkv_attention.cpp:1953]   --->   Operation 17 'icmp' 'icmp_ln1953' <Predicate = true> <Delay = 0.57> <CoreInst = "Cmp">   --->   Core 9 'Cmp' <Latency = 0> <II = 1> <Delay = 0.57> <FuncUnit> <Opcode : 'icmp'> <InPorts = 2> <OutPorts = 1>
ST_1 : Operation 18 [1/1] (0.57ns)   --->   "%add_ln1954 = add i3 %word_1, i3 1" [source/swiftkv_attention.cpp:1954]   --->   Operation 18 'add' 'add_ln1954' <Predicate = true> <Delay = 0.57> <CoreInst = "Adder">   --->   Core 1 'Adder' <Latency = 0> <II = 1> <Delay = 0.57> <FuncUnit> <Opcode : 'add' 'sub'> <InPorts = 2> <OutPorts = 1>
ST_1 : Operation 19 [1/1] (0.00ns)   --->   "%br_ln1952 = br i1 %icmp_ln1953, void %for.inc150.split, void %for.inc156.exitStub" [source/swiftkv_attention.cpp:1952]   --->   Operation 19 'br' 'br_ln1952' <Predicate = true> <Delay = 0.00>
ST_1 : Operation 20 [1/1] (0.48ns)   --->   "%tmp = sparsemux i512 @_ssdm_op_SparseMux.ap_auto.5i512.i512.i3, i3 0, i512 %compressed_kv_record_read, i3 1, i512 %compressed_kv_record_1_read, i3 2, i512 %compressed_kv_record_2_read, i3 3, i512 %compressed_kv_record_3_read, i3 4, i512 %compressed_kv_record_4_read, i512 0, i3 %word_1" [source/swiftkv_attention.cpp:1956]   --->   Operation 20 'sparsemux' 'tmp' <Predicate = (!icmp_ln1953)> <Delay = 0.48> <CoreInst = "SparseMux">   --->   Core 147 'SparseMux' <Latency = 0> <II = 1> <Delay = 0.48> <FuncUnit> <Opcode : 'sparsemux'> <InPorts = 2> <OutPorts = 1>
ST_1 : Operation 21 [1/1] (0.38ns)   --->   "%store_ln1952 = store i3 %add_ln1954, i3 %word" [source/swiftkv_attention.cpp:1952]   --->   Operation 21 'store' 'store_ln1952' <Predicate = (!icmp_ln1953)> <Delay = 0.38>
ST_1 : Operation 28 [1/1] (0.00ns)   --->   "%ret_ln0 = ret"   --->   Operation 28 'ret' 'ret_ln0' <Predicate = (icmp_ln1953)> <Delay = 0.00>

State 2 <SV = 1> <Delay = 2.43>
ST_2 : Operation 22 [1/1] (0.00ns)   --->   "%gmem3_addr = getelementptr i512 %gmem3, i64 %sext_ln1952_cast" [source/swiftkv_attention.cpp:1952]   --->   Operation 22 'getelementptr' 'gmem3_addr' <Predicate = true> <Delay = 0.00>
ST_2 : Operation 23 [1/1] (0.00ns)   --->   "%specpipeline_ln1955 = specpipeline void @_ssdm_op_SpecPipeline, i32 1, i32 0, i32 0, i32 0, void @empty_418" [source/swiftkv_attention.cpp:1955]   --->   Operation 23 'specpipeline' 'specpipeline_ln1955' <Predicate = true> <Delay = 0.00>
ST_2 : Operation 24 [1/1] (0.00ns)   --->   "%speclooptripcount_ln1952 = speclooptripcount void @_ssdm_op_SpecLoopTripCount, i64 5, i64 5, i64 5" [source/swiftkv_attention.cpp:1952]   --->   Operation 24 'speclooptripcount' 'speclooptripcount_ln1952' <Predicate = true> <Delay = 0.00>
ST_2 : Operation 25 [1/1] (0.00ns)   --->   "%specloopname_ln1952 = specloopname void @_ssdm_op_SpecLoopName, void @empty_476" [source/swiftkv_attention.cpp:1952]   --->   Operation 25 'specloopname' 'specloopname_ln1952' <Predicate = true> <Delay = 0.00>
ST_2 : Operation 26 [1/1] (2.43ns)   --->   "%write_ln1956 = write void @_ssdm_op_Write.m_axi.p1i512, i512 %gmem3_addr, i512 %tmp, i64 18446744073709551615" [source/swiftkv_attention.cpp:1956]   --->   Operation 26 'write' 'write_ln1956' <Predicate = true> <Delay = 2.43> <CoreInst = "m_axi">   --->   Core 121 'm_axi' <Latency = 0> <II = 1> <Delay = 1.00> <Adapter> <Opcode : 'read' 'write' 'readreq' 'writereq' 'writeresp'>
ST_2 : Operation 27 [1/1] (0.00ns)   --->   "%br_ln1952 = br void %for.inc150" [source/swiftkv_attention.cpp:1952]   --->   Operation 27 'br' 'br_ln1952' <Predicate = true> <Delay = 0.00>


============================================================
+ Verbose Summary: Timing violations
============================================================
Target clock period: 3.333ns, clock uncertainty: 0.900ns.

 <State 1>: 1.346ns
The critical path consists of the following:
	'store' operation 0 bit ('store_ln1952', source/swiftkv_attention.cpp:1952) of constant 0 on local variable 'word', source/swiftkv_attention.cpp:1952 [17]  (0.387 ns)
	'load' operation 3 bit ('word', source/swiftkv_attention.cpp:1954) on local variable 'word', source/swiftkv_attention.cpp:1952 [20]  (0.000 ns)
	'icmp' operation 1 bit ('icmp_ln1953', source/swiftkv_attention.cpp:1953) [21]  (0.572 ns)
	'store' operation 0 bit ('store_ln1952', source/swiftkv_attention.cpp:1952) of variable 'add_ln1954', source/swiftkv_attention.cpp:1954 on local variable 'word', source/swiftkv_attention.cpp:1952 [31]  (0.387 ns)

 <State 2>: 2.433ns
The critical path consists of the following:
	'getelementptr' operation 512 bit ('gmem3_addr', source/swiftkv_attention.cpp:1952) [25]  (0.000 ns)
	bus write operation ('write_ln1956', source/swiftkv_attention.cpp:1956) on port 'gmem3' (source/swiftkv_attention.cpp:1956) [30]  (2.433 ns)


============================================================
+ Verbose Summary: Binding
============================================================
N/A
* FSMD analyzer results:
  - Output states:
 - Input state : 
  - Chain level:
	State 1
	State 2


============================================================
+ Verbose Summary: Datapath Resource usage 
============================================================
N/A
