

================================================================
== Vitis HLS Report for 'swiftkv_quantize_kv_record_Pipeline_find_kv_group_max_block_loop'
================================================================
* Date:           Tue Aug 11 09:16:51 2026

* Version:        2023.2 (Build 4023990 on Oct 11 2023)
* Project:        proj_int4_decoder_xo
* Solution:       solution1 (Vitis Kernel Flow Target)
* Product family: virtexuplus
* Target device:  xcu250-figd2104-2L-e


================================================================
== Performance Estimates
================================================================
+ Timing: 
    * Summary: 
    +--------+---------+----------+------------+
    |  Clock |  Target | Estimated| Uncertainty|
    +--------+---------+----------+------------+
    |ap_clk  |  3.33 ns|  2.214 ns|     0.90 ns|
    +--------+---------+----------+------------+

+ Latency: 
    * Summary: 
    +---------+---------+-----------+-----------+-----+-----+---------+
    |  Latency (cycles) |   Latency (absolute)  |  Interval | Pipeline|
    |   min   |   max   |    min    |    max    | min | max |   Type  |
    +---------+---------+-----------+-----------+-----+-----+---------+
    |       11|       11|  36.663 ns|  36.663 ns|   11|   11|       no|
    +---------+---------+-----------+-----------+-----+-----+---------+

    + Detail: 
        * Instance: 
        N/A

        * Loop: 
        +--------------------------------+---------+---------+----------+-----------+-----------+------+----------+
        |                                |  Latency (cycles) | Iteration|  Initiation Interval  | Trip |          |
        |            Loop Name           |   min   |   max   |  Latency |  achieved |   target  | Count| Pipelined|
        +--------------------------------+---------+---------+----------+-----------+-----------+------+----------+
        |- find_kv_group_max_block_loop  |        9|        9|         3|          1|          1|     8|       yes|
        +--------------------------------+---------+---------+----------+-----------+-----------+------+----------+

============================================================
+ Verbose Summary: Synthesis Manager
============================================================
InlineROM: 1
ExposeGlobal: 0
============================================================
+ Verbose Summary: CDFG Model
============================================================
IsTopModel: 0
ResetActiveHigh: 1
IsCombinational: 0
IsDatapathOnly: 0
HasWiredReturn: 1
HasMFsm: 2
HasVarLatency: 1
IsPipeline: 0
IsRtlPipelined: 0
IsInstanceOverlapped: 0
IsDontTouch: 0
HasImplIP: 0
IsGatedGlobalClock: 0

+ Individual pipeline summary: 
  * Pipeline-0: initiation interval (II) = 1, depth = 3


============================================================
+ Verbose Summary: Schedule
============================================================
* Number of FSM states : 3
* Pipeline : 1
  Pipeline-0 : II = 1, D = 3, States = { 1 2 3 }
* Dataflow Pipeline: 0

* FSM state transitions: 
1 --> 2 
2 --> 3 
3 --> 

* FSM state operations: 

State 1 <SV = 0> <Delay = 2.07>
ST_1 : Operation 6 [1/1] (0.00ns)   --->   "%maximum_k = alloca i32 1" [source/swiftkv_attention.cpp:403]   --->   Operation 6 'alloca' 'maximum_k' <Predicate = true> <Delay = 0.00>
ST_1 : Operation 7 [1/1] (0.00ns)   --->   "%maximum_v = alloca i32 1" [source/swiftkv_attention.cpp:404]   --->   Operation 7 'alloca' 'maximum_v' <Predicate = true> <Delay = 0.00>
ST_1 : Operation 8 [1/1] (0.00ns)   --->   "%block = alloca i32 1" [source/swiftkv_attention.cpp:443]   --->   Operation 8 'alloca' 'block' <Predicate = true> <Delay = 0.00>
ST_1 : Operation 9 [1/1] (0.00ns)   --->   "%v_raw_6287_read = read i32 @_ssdm_op_Read.ap_auto.i32, i32 %v_raw_6287"   --->   Operation 9 'read' 'v_raw_6287_read' <Predicate = true> <Delay = 0.00>
ST_1 : Operation 10 [1/1] (0.00ns)   --->   "%v_raw_5879_read = read i32 @_ssdm_op_Read.ap_auto.i32, i32 %v_raw_5879"   --->   Operation 10 'read' 'v_raw_5879_read' <Predicate = true> <Delay = 0.00>
ST_1 : Operation 11 [1/1] (0.00ns)   --->   "%v_raw_5471_read = read i32 @_ssdm_op_Read.ap_auto.i32, i32 %v_raw_5471"   --->   Operation 11 'read' 'v_raw_5471_read' <Predicate = true> <Delay = 0.00>
ST_1 : Operation 12 [1/1] (0.00ns)   --->   "%v_raw_5063_read = read i32 @_ssdm_op_Read.ap_auto.i32, i32 %v_raw_5063"   --->   Operation 12 'read' 'v_raw_5063_read' <Predicate = true> <Delay = 0.00>
ST_1 : Operation 13 [1/1] (0.00ns)   --->   "%v_raw_4657_read = read i32 @_ssdm_op_Read.ap_auto.i32, i32 %v_raw_4657"   --->   Operation 13 'read' 'v_raw_4657_read' <Predicate = true> <Delay = 0.00>
ST_1 : Operation 14 [1/1] (0.00ns)   --->   "%v_raw_4249_read = read i32 @_ssdm_op_Read.ap_auto.i32, i32 %v_raw_4249"   --->   Operation 14 'read' 'v_raw_4249_read' <Predicate = true> <Delay = 0.00>
ST_1 : Operation 15 [1/1] (0.00ns)   --->   "%v_raw_3841_read = read i32 @_ssdm_op_Read.ap_auto.i32, i32 %v_raw_3841"   --->   Operation 15 'read' 'v_raw_3841_read' <Predicate = true> <Delay = 0.00>
ST_1 : Operation 16 [1/1] (0.00ns)   --->   "%v_raw_3433_read = read i32 @_ssdm_op_Read.ap_auto.i32, i32 %v_raw_3433"   --->   Operation 16 'read' 'v_raw_3433_read' <Predicate = true> <Delay = 0.00>
ST_1 : Operation 17 [1/1] (0.00ns)   --->   "%v_raw_6185_read = read i32 @_ssdm_op_Read.ap_auto.i32, i32 %v_raw_6185"   --->   Operation 17 'read' 'v_raw_6185_read' <Predicate = true> <Delay = 0.00>
ST_1 : Operation 18 [1/1] (0.00ns)   --->   "%v_raw_5777_read = read i32 @_ssdm_op_Read.ap_auto.i32, i32 %v_raw_5777"   --->   Operation 18 'read' 'v_raw_5777_read' <Predicate = true> <Delay = 0.00>
ST_1 : Operation 19 [1/1] (0.00ns)   --->   "%v_raw_5369_read = read i32 @_ssdm_op_Read.ap_auto.i32, i32 %v_raw_5369"   --->   Operation 19 'read' 'v_raw_5369_read' <Predicate = true> <Delay = 0.00>
ST_1 : Operation 20 [1/1] (0.00ns)   --->   "%v_raw_4961_read = read i32 @_ssdm_op_Read.ap_auto.i32, i32 %v_raw_4961"   --->   Operation 20 'read' 'v_raw_4961_read' <Predicate = true> <Delay = 0.00>
ST_1 : Operation 21 [1/1] (0.00ns)   --->   "%v_raw_4555_read = read i32 @_ssdm_op_Read.ap_auto.i32, i32 %v_raw_4555"   --->   Operation 21 'read' 'v_raw_4555_read' <Predicate = true> <Delay = 0.00>
ST_1 : Operation 22 [1/1] (0.00ns)   --->   "%v_raw_4147_read = read i32 @_ssdm_op_Read.ap_auto.i32, i32 %v_raw_4147"   --->   Operation 22 'read' 'v_raw_4147_read' <Predicate = true> <Delay = 0.00>
ST_1 : Operation 23 [1/1] (0.00ns)   --->   "%v_raw_3739_read = read i32 @_ssdm_op_Read.ap_auto.i32, i32 %v_raw_3739"   --->   Operation 23 'read' 'v_raw_3739_read' <Predicate = true> <Delay = 0.00>
ST_1 : Operation 24 [1/1] (0.00ns)   --->   "%v_raw_3331_read = read i32 @_ssdm_op_Read.ap_auto.i32, i32 %v_raw_3331"   --->   Operation 24 'read' 'v_raw_3331_read' <Predicate = true> <Delay = 0.00>
ST_1 : Operation 25 [1/1] (0.00ns)   --->   "%v_raw_6083_read = read i32 @_ssdm_op_Read.ap_auto.i32, i32 %v_raw_6083"   --->   Operation 25 'read' 'v_raw_6083_read' <Predicate = true> <Delay = 0.00>
ST_1 : Operation 26 [1/1] (0.00ns)   --->   "%v_raw_5675_read = read i32 @_ssdm_op_Read.ap_auto.i32, i32 %v_raw_5675"   --->   Operation 26 'read' 'v_raw_5675_read' <Predicate = true> <Delay = 0.00>
ST_1 : Operation 27 [1/1] (0.00ns)   --->   "%v_raw_5267_read = read i32 @_ssdm_op_Read.ap_auto.i32, i32 %v_raw_5267"   --->   Operation 27 'read' 'v_raw_5267_read' <Predicate = true> <Delay = 0.00>
ST_1 : Operation 28 [1/1] (0.00ns)   --->   "%v_raw_4859_read = read i32 @_ssdm_op_Read.ap_auto.i32, i32 %v_raw_4859"   --->   Operation 28 'read' 'v_raw_4859_read' <Predicate = true> <Delay = 0.00>
ST_1 : Operation 29 [1/1] (0.00ns)   --->   "%v_raw_4453_read = read i32 @_ssdm_op_Read.ap_auto.i32, i32 %v_raw_4453"   --->   Operation 29 'read' 'v_raw_4453_read' <Predicate = true> <Delay = 0.00>
ST_1 : Operation 30 [1/1] (0.00ns)   --->   "%v_raw_4045_read = read i32 @_ssdm_op_Read.ap_auto.i32, i32 %v_raw_4045"   --->   Operation 30 'read' 'v_raw_4045_read' <Predicate = true> <Delay = 0.00>
ST_1 : Operation 31 [1/1] (0.00ns)   --->   "%v_raw_3637_read = read i32 @_ssdm_op_Read.ap_auto.i32, i32 %v_raw_3637"   --->   Operation 31 'read' 'v_raw_3637_read' <Predicate = true> <Delay = 0.00>
ST_1 : Operation 32 [1/1] (0.00ns)   --->   "%v_raw_3229_read = read i32 @_ssdm_op_Read.ap_auto.i32, i32 %v_raw_3229"   --->   Operation 32 'read' 'v_raw_3229_read' <Predicate = true> <Delay = 0.00>
ST_1 : Operation 33 [1/1] (0.00ns)   --->   "%v_raw_5981_read = read i32 @_ssdm_op_Read.ap_auto.i32, i32 %v_raw_5981"   --->   Operation 33 'read' 'v_raw_5981_read' <Predicate = true> <Delay = 0.00>
ST_1 : Operation 34 [1/1] (0.00ns)   --->   "%v_raw_5573_read = read i32 @_ssdm_op_Read.ap_auto.i32, i32 %v_raw_5573"   --->   Operation 34 'read' 'v_raw_5573_read' <Predicate = true> <Delay = 0.00>
ST_1 : Operation 35 [1/1] (0.00ns)   --->   "%v_raw_5165_read = read i32 @_ssdm_op_Read.ap_auto.i32, i32 %v_raw_5165"   --->   Operation 35 'read' 'v_raw_5165_read' <Predicate = true> <Delay = 0.00>
ST_1 : Operation 36 [1/1] (0.00ns)   --->   "%tmp = read i32 @_ssdm_op_Read.ap_auto.i32, i32 %empty"   --->   Operation 36 'read' 'tmp' <Predicate = true> <Delay = 0.00>
ST_1 : Operation 37 [1/1] (0.00ns)   --->   "%v_raw_4351_read = read i32 @_ssdm_op_Read.ap_auto.i32, i32 %v_raw_4351"   --->   Operation 37 'read' 'v_raw_4351_read' <Predicate = true> <Delay = 0.00>
ST_1 : Operation 38 [1/1] (0.00ns)   --->   "%v_raw_3943_read = read i32 @_ssdm_op_Read.ap_auto.i32, i32 %v_raw_3943"   --->   Operation 38 'read' 'v_raw_3943_read' <Predicate = true> <Delay = 0.00>
ST_1 : Operation 39 [1/1] (0.00ns)   --->   "%v_raw_3535_read = read i32 @_ssdm_op_Read.ap_auto.i32, i32 %v_raw_3535"   --->   Operation 39 'read' 'v_raw_3535_read' <Predicate = true> <Delay = 0.00>
ST_1 : Operation 40 [1/1] (0.00ns)   --->   "%tmp_139 = read i32 @_ssdm_op_Read.ap_auto.i32, i32 %empty_614"   --->   Operation 40 'read' 'tmp_139' <Predicate = true> <Delay = 0.00>
ST_1 : Operation 41 [1/1] (0.00ns)   --->   "%k_raw_6286_read = read i32 @_ssdm_op_Read.ap_auto.i32, i32 %k_raw_6286"   --->   Operation 41 'read' 'k_raw_6286_read' <Predicate = true> <Delay = 0.00>
ST_1 : Operation 42 [1/1] (0.00ns)   --->   "%k_raw_5878_read = read i32 @_ssdm_op_Read.ap_auto.i32, i32 %k_raw_5878"   --->   Operation 42 'read' 'k_raw_5878_read' <Predicate = true> <Delay = 0.00>
ST_1 : Operation 43 [1/1] (0.00ns)   --->   "%k_raw_5470_read = read i32 @_ssdm_op_Read.ap_auto.i32, i32 %k_raw_5470"   --->   Operation 43 'read' 'k_raw_5470_read' <Predicate = true> <Delay = 0.00>
ST_1 : Operation 44 [1/1] (0.00ns)   --->   "%k_raw_5062_read = read i32 @_ssdm_op_Read.ap_auto.i32, i32 %k_raw_5062"   --->   Operation 44 'read' 'k_raw_5062_read' <Predicate = true> <Delay = 0.00>
ST_1 : Operation 45 [1/1] (0.00ns)   --->   "%k_raw_4656_read = read i32 @_ssdm_op_Read.ap_auto.i32, i32 %k_raw_4656"   --->   Operation 45 'read' 'k_raw_4656_read' <Predicate = true> <Delay = 0.00>
ST_1 : Operation 46 [1/1] (0.00ns)   --->   "%k_raw_4248_read = read i32 @_ssdm_op_Read.ap_auto.i32, i32 %k_raw_4248"   --->   Operation 46 'read' 'k_raw_4248_read' <Predicate = true> <Delay = 0.00>
ST_1 : Operation 47 [1/1] (0.00ns)   --->   "%k_raw_3840_read = read i32 @_ssdm_op_Read.ap_auto.i32, i32 %k_raw_3840"   --->   Operation 47 'read' 'k_raw_3840_read' <Predicate = true> <Delay = 0.00>
ST_1 : Operation 48 [1/1] (0.00ns)   --->   "%k_raw_3432_read = read i32 @_ssdm_op_Read.ap_auto.i32, i32 %k_raw_3432"   --->   Operation 48 'read' 'k_raw_3432_read' <Predicate = true> <Delay = 0.00>
ST_1 : Operation 49 [1/1] (0.00ns)   --->   "%k_raw_6184_read = read i32 @_ssdm_op_Read.ap_auto.i32, i32 %k_raw_6184"   --->   Operation 49 'read' 'k_raw_6184_read' <Predicate = true> <Delay = 0.00>
ST_1 : Operation 50 [1/1] (0.00ns)   --->   "%k_raw_5776_read = read i32 @_ssdm_op_Read.ap_auto.i32, i32 %k_raw_5776"   --->   Operation 50 'read' 'k_raw_5776_read' <Predicate = true> <Delay = 0.00>
ST_1 : Operation 51 [1/1] (0.00ns)   --->   "%k_raw_5368_read = read i32 @_ssdm_op_Read.ap_auto.i32, i32 %k_raw_5368"   --->   Operation 51 'read' 'k_raw_5368_read' <Predicate = true> <Delay = 0.00>
ST_1 : Operation 52 [1/1] (0.00ns)   --->   "%k_raw_4960_read = read i32 @_ssdm_op_Read.ap_auto.i32, i32 %k_raw_4960"   --->   Operation 52 'read' 'k_raw_4960_read' <Predicate = true> <Delay = 0.00>
ST_1 : Operation 53 [1/1] (0.00ns)   --->   "%k_raw_4554_read = read i32 @_ssdm_op_Read.ap_auto.i32, i32 %k_raw_4554"   --->   Operation 53 'read' 'k_raw_4554_read' <Predicate = true> <Delay = 0.00>
ST_1 : Operation 54 [1/1] (0.00ns)   --->   "%k_raw_4146_read = read i32 @_ssdm_op_Read.ap_auto.i32, i32 %k_raw_4146"   --->   Operation 54 'read' 'k_raw_4146_read' <Predicate = true> <Delay = 0.00>
ST_1 : Operation 55 [1/1] (0.00ns)   --->   "%k_raw_3738_read = read i32 @_ssdm_op_Read.ap_auto.i32, i32 %k_raw_3738"   --->   Operation 55 'read' 'k_raw_3738_read' <Predicate = true> <Delay = 0.00>
ST_1 : Operation 56 [1/1] (0.00ns)   --->   "%k_raw_3330_read = read i32 @_ssdm_op_Read.ap_auto.i32, i32 %k_raw_3330"   --->   Operation 56 'read' 'k_raw_3330_read' <Predicate = true> <Delay = 0.00>
ST_1 : Operation 57 [1/1] (0.00ns)   --->   "%k_raw_6082_read = read i32 @_ssdm_op_Read.ap_auto.i32, i32 %k_raw_6082"   --->   Operation 57 'read' 'k_raw_6082_read' <Predicate = true> <Delay = 0.00>
ST_1 : Operation 58 [1/1] (0.00ns)   --->   "%k_raw_5674_read = read i32 @_ssdm_op_Read.ap_auto.i32, i32 %k_raw_5674"   --->   Operation 58 'read' 'k_raw_5674_read' <Predicate = true> <Delay = 0.00>
ST_1 : Operation 59 [1/1] (0.00ns)   --->   "%k_raw_5266_read = read i32 @_ssdm_op_Read.ap_auto.i32, i32 %k_raw_5266"   --->   Operation 59 'read' 'k_raw_5266_read' <Predicate = true> <Delay = 0.00>
ST_1 : Operation 60 [1/1] (0.00ns)   --->   "%k_raw_4858_read = read i32 @_ssdm_op_Read.ap_auto.i32, i32 %k_raw_4858"   --->   Operation 60 'read' 'k_raw_4858_read' <Predicate = true> <Delay = 0.00>
ST_1 : Operation 61 [1/1] (0.00ns)   --->   "%k_raw_4452_read = read i32 @_ssdm_op_Read.ap_auto.i32, i32 %k_raw_4452"   --->   Operation 61 'read' 'k_raw_4452_read' <Predicate = true> <Delay = 0.00>
ST_1 : Operation 62 [1/1] (0.00ns)   --->   "%k_raw_4044_read = read i32 @_ssdm_op_Read.ap_auto.i32, i32 %k_raw_4044"   --->   Operation 62 'read' 'k_raw_4044_read' <Predicate = true> <Delay = 0.00>
ST_1 : Operation 63 [1/1] (0.00ns)   --->   "%k_raw_3636_read = read i32 @_ssdm_op_Read.ap_auto.i32, i32 %k_raw_3636"   --->   Operation 63 'read' 'k_raw_3636_read' <Predicate = true> <Delay = 0.00>
ST_1 : Operation 64 [1/1] (0.00ns)   --->   "%k_raw_3228_read = read i32 @_ssdm_op_Read.ap_auto.i32, i32 %k_raw_3228"   --->   Operation 64 'read' 'k_raw_3228_read' <Predicate = true> <Delay = 0.00>
ST_1 : Operation 65 [1/1] (0.00ns)   --->   "%k_raw_5980_read = read i32 @_ssdm_op_Read.ap_auto.i32, i32 %k_raw_5980"   --->   Operation 65 'read' 'k_raw_5980_read' <Predicate = true> <Delay = 0.00>
ST_1 : Operation 66 [1/1] (0.00ns)   --->   "%k_raw_5572_read = read i32 @_ssdm_op_Read.ap_auto.i32, i32 %k_raw_5572"   --->   Operation 66 'read' 'k_raw_5572_read' <Predicate = true> <Delay = 0.00>
ST_1 : Operation 67 [1/1] (0.00ns)   --->   "%k_raw_5164_read = read i32 @_ssdm_op_Read.ap_auto.i32, i32 %k_raw_5164"   --->   Operation 67 'read' 'k_raw_5164_read' <Predicate = true> <Delay = 0.00>
ST_1 : Operation 68 [1/1] (0.00ns)   --->   "%tmp_140 = read i32 @_ssdm_op_Read.ap_auto.i32, i32 %empty_613"   --->   Operation 68 'read' 'tmp_140' <Predicate = true> <Delay = 0.00>
ST_1 : Operation 69 [1/1] (0.00ns)   --->   "%k_raw_4350_read = read i32 @_ssdm_op_Read.ap_auto.i32, i32 %k_raw_4350"   --->   Operation 69 'read' 'k_raw_4350_read' <Predicate = true> <Delay = 0.00>
ST_1 : Operation 70 [1/1] (0.00ns)   --->   "%k_raw_3942_read = read i32 @_ssdm_op_Read.ap_auto.i32, i32 %k_raw_3942"   --->   Operation 70 'read' 'k_raw_3942_read' <Predicate = true> <Delay = 0.00>
ST_1 : Operation 71 [1/1] (0.00ns)   --->   "%k_raw_3534_read = read i32 @_ssdm_op_Read.ap_auto.i32, i32 %k_raw_3534"   --->   Operation 71 'read' 'k_raw_3534_read' <Predicate = true> <Delay = 0.00>
ST_1 : Operation 72 [1/1] (0.00ns)   --->   "%tmp_141 = read i32 @_ssdm_op_Read.ap_auto.i32, i32 %empty_612"   --->   Operation 72 'read' 'tmp_141' <Predicate = true> <Delay = 0.00>
ST_1 : Operation 73 [1/1] (0.38ns)   --->   "%store_ln443 = store i4 0, i4 %block" [source/swiftkv_attention.cpp:443]   --->   Operation 73 'store' 'store_ln443' <Predicate = true> <Delay = 0.38>
ST_1 : Operation 74 [1/1] (0.38ns)   --->   "%store_ln404 = store i32 0, i32 %maximum_v" [source/swiftkv_attention.cpp:404]   --->   Operation 74 'store' 'store_ln404' <Predicate = true> <Delay = 0.38>
ST_1 : Operation 75 [1/1] (0.38ns)   --->   "%store_ln403 = store i32 0, i32 %maximum_k" [source/swiftkv_attention.cpp:403]   --->   Operation 75 'store' 'store_ln403' <Predicate = true> <Delay = 0.38>
ST_1 : Operation 76 [1/1] (0.00ns)   --->   "%br_ln0 = br void %find_kv_group_max_lane_loop"   --->   Operation 76 'br' 'br_ln0' <Predicate = true> <Delay = 0.00>
ST_1 : Operation 77 [1/1] (0.00ns)   --->   "%block_2 = load i4 %block" [source/swiftkv_attention.cpp:447]   --->   Operation 77 'load' 'block_2' <Predicate = true> <Delay = 0.00>
ST_1 : Operation 78 [1/1] (0.70ns)   --->   "%icmp_ln444 = icmp_eq  i4 %block_2, i4 8" [source/swiftkv_attention.cpp:444]   --->   Operation 78 'icmp' 'icmp_ln444' <Predicate = true> <Delay = 0.70> <CoreInst = "Cmp">   --->   Core 9 'Cmp' <Latency = 0> <II = 1> <Delay = 0.70> <FuncUnit> <Opcode : 'icmp'> <InPorts = 2> <OutPorts = 1>
ST_1 : Operation 79 [1/1] (0.70ns)   --->   "%add_ln445 = add i4 %block_2, i4 1" [source/swiftkv_attention.cpp:445]   --->   Operation 79 'add' 'add_ln445' <Predicate = true> <Delay = 0.70> <CoreInst = "Adder">   --->   Core 1 'Adder' <Latency = 0> <II = 1> <Delay = 0.70> <FuncUnit> <Opcode : 'add' 'sub'> <InPorts = 2> <OutPorts = 1>
ST_1 : Operation 80 [1/1] (0.00ns)   --->   "%br_ln443 = br i1 %icmp_ln444, void %find_kv_group_max_lane_loop.split, void %for.end125.exitStub" [source/swiftkv_attention.cpp:443]   --->   Operation 80 'br' 'br_ln443' <Predicate = true> <Delay = 0.00>
ST_1 : Operation 81 [1/1] (0.00ns)   --->   "%trunc_ln447 = trunc i4 %block_2" [source/swiftkv_attention.cpp:447]   --->   Operation 81 'trunc' 'trunc_ln447' <Predicate = (!icmp_ln444)> <Delay = 0.00>
ST_1 : Operation 82 [1/1] (0.58ns)   --->   "%raw = sparsemux i32 @_ssdm_op_SparseMux.ap_auto.8i32.i32.i3, i3 0, i32 %tmp_141, i3 1, i32 %k_raw_3534_read, i3 2, i32 %k_raw_3942_read, i3 3, i32 %k_raw_4350_read, i3 4, i32 %tmp_140, i3 5, i32 %k_raw_5164_read, i3 6, i32 %k_raw_5572_read, i3 7, i32 %k_raw_5980_read, i32 0, i3 %trunc_ln447" [source/swiftkv_attention.cpp:447]   --->   Operation 82 'sparsemux' 'raw' <Predicate = (!icmp_ln444)> <Delay = 0.58> <CoreInst = "SparseMux">   --->   Core 147 'SparseMux' <Latency = 0> <II = 1> <Delay = 0.58> <FuncUnit> <Opcode : 'sparsemux'> <InPorts = 2> <OutPorts = 1>
ST_1 : Operation 83 [1/1] (0.00ns)   --->   "%tmp_142 = bitselect i1 @_ssdm_op_BitSelect.i1.i32.i32, i32 %raw, i32 31" [source/swiftkv_attention.cpp:315->source/swiftkv_attention.cpp:456]   --->   Operation 83 'bitselect' 'tmp_142' <Predicate = (!icmp_ln444)> <Delay = 0.00>
ST_1 : Operation 84 [1/1] (0.88ns)   --->   "%sub_ln316 = sub i32 0, i32 %raw" [source/swiftkv_attention.cpp:316->source/swiftkv_attention.cpp:456]   --->   Operation 84 'sub' 'sub_ln316' <Predicate = (!icmp_ln444)> <Delay = 0.88> <CoreInst = "Adder">   --->   Core 1 'Adder' <Latency = 0> <II = 1> <Delay = 0.88> <FuncUnit> <Opcode : 'add' 'sub'> <InPorts = 2> <OutPorts = 1>
ST_1 : Operation 85 [1/1] (0.22ns)   --->   "%magnitude_k = select i1 %tmp_142, i32 %sub_ln316, i32 %raw" [source/swiftkv_attention.cpp:315->source/swiftkv_attention.cpp:456]   --->   Operation 85 'select' 'magnitude_k' <Predicate = (!icmp_ln444)> <Delay = 0.22> <CoreInst = "Sel">   --->   Core 73 'Sel' <Latency = 0> <II = 1> <Delay = 0.22> <FuncUnit> <Opcode : 'select'> <InPorts = 3> <OutPorts = 1>
ST_1 : Operation 86 [1/1] (0.58ns)   --->   "%raw_2 = sparsemux i32 @_ssdm_op_SparseMux.ap_auto.8i32.i32.i3, i3 0, i32 %k_raw_3228_read, i3 1, i32 %k_raw_3636_read, i3 2, i32 %k_raw_4044_read, i3 3, i32 %k_raw_4452_read, i3 4, i32 %k_raw_4858_read, i3 5, i32 %k_raw_5266_read, i3 6, i32 %k_raw_5674_read, i3 7, i32 %k_raw_6082_read, i32 0, i3 %trunc_ln447" [source/swiftkv_attention.cpp:447]   --->   Operation 86 'sparsemux' 'raw_2' <Predicate = (!icmp_ln444)> <Delay = 0.58> <CoreInst = "SparseMux">   --->   Core 147 'SparseMux' <Latency = 0> <II = 1> <Delay = 0.58> <FuncUnit> <Opcode : 'sparsemux'> <InPorts = 2> <OutPorts = 1>
ST_1 : Operation 87 [1/1] (0.00ns)   --->   "%tmp_143 = bitselect i1 @_ssdm_op_BitSelect.i1.i32.i32, i32 %raw_2, i32 31" [source/swiftkv_attention.cpp:315->source/swiftkv_attention.cpp:456]   --->   Operation 87 'bitselect' 'tmp_143' <Predicate = (!icmp_ln444)> <Delay = 0.00>
ST_1 : Operation 88 [1/1] (0.88ns)   --->   "%sub_ln316_1 = sub i32 0, i32 %raw_2" [source/swiftkv_attention.cpp:316->source/swiftkv_attention.cpp:456]   --->   Operation 88 'sub' 'sub_ln316_1' <Predicate = (!icmp_ln444)> <Delay = 0.88> <CoreInst = "Adder">   --->   Core 1 'Adder' <Latency = 0> <II = 1> <Delay = 0.88> <FuncUnit> <Opcode : 'add' 'sub'> <InPorts = 2> <OutPorts = 1>
ST_1 : Operation 89 [1/1] (0.22ns)   --->   "%magnitude_k_1 = select i1 %tmp_143, i32 %sub_ln316_1, i32 %raw_2" [source/swiftkv_attention.cpp:315->source/swiftkv_attention.cpp:456]   --->   Operation 89 'select' 'magnitude_k_1' <Predicate = (!icmp_ln444)> <Delay = 0.22> <CoreInst = "Sel">   --->   Core 73 'Sel' <Latency = 0> <II = 1> <Delay = 0.22> <FuncUnit> <Opcode : 'select'> <InPorts = 3> <OutPorts = 1>
ST_1 : Operation 90 [1/1] (0.58ns)   --->   "%raw_4 = sparsemux i32 @_ssdm_op_SparseMux.ap_auto.8i32.i32.i3, i3 0, i32 %k_raw_3330_read, i3 1, i32 %k_raw_3738_read, i3 2, i32 %k_raw_4146_read, i3 3, i32 %k_raw_4554_read, i3 4, i32 %k_raw_4960_read, i3 5, i32 %k_raw_5368_read, i3 6, i32 %k_raw_5776_read, i3 7, i32 %k_raw_6184_read, i32 0, i3 %trunc_ln447" [source/swiftkv_attention.cpp:447]   --->   Operation 90 'sparsemux' 'raw_4' <Predicate = (!icmp_ln444)> <Delay = 0.58> <CoreInst = "SparseMux">   --->   Core 147 'SparseMux' <Latency = 0> <II = 1> <Delay = 0.58> <FuncUnit> <Opcode : 'sparsemux'> <InPorts = 2> <OutPorts = 1>
ST_1 : Operation 91 [1/1] (0.00ns)   --->   "%tmp_144 = bitselect i1 @_ssdm_op_BitSelect.i1.i32.i32, i32 %raw_4, i32 31" [source/swiftkv_attention.cpp:315->source/swiftkv_attention.cpp:456]   --->   Operation 91 'bitselect' 'tmp_144' <Predicate = (!icmp_ln444)> <Delay = 0.00>
ST_1 : Operation 92 [1/1] (0.88ns)   --->   "%sub_ln316_2 = sub i32 0, i32 %raw_4" [source/swiftkv_attention.cpp:316->source/swiftkv_attention.cpp:456]   --->   Operation 92 'sub' 'sub_ln316_2' <Predicate = (!icmp_ln444)> <Delay = 0.88> <CoreInst = "Adder">   --->   Core 1 'Adder' <Latency = 0> <II = 1> <Delay = 0.88> <FuncUnit> <Opcode : 'add' 'sub'> <InPorts = 2> <OutPorts = 1>
ST_1 : Operation 93 [1/1] (0.22ns)   --->   "%magnitude_k_2 = select i1 %tmp_144, i32 %sub_ln316_2, i32 %raw_4" [source/swiftkv_attention.cpp:315->source/swiftkv_attention.cpp:456]   --->   Operation 93 'select' 'magnitude_k_2' <Predicate = (!icmp_ln444)> <Delay = 0.22> <CoreInst = "Sel">   --->   Core 73 'Sel' <Latency = 0> <II = 1> <Delay = 0.22> <FuncUnit> <Opcode : 'select'> <InPorts = 3> <OutPorts = 1>
ST_1 : Operation 94 [1/1] (0.58ns)   --->   "%raw_6 = sparsemux i32 @_ssdm_op_SparseMux.ap_auto.8i32.i32.i3, i3 0, i32 %k_raw_3432_read, i3 1, i32 %k_raw_3840_read, i3 2, i32 %k_raw_4248_read, i3 3, i32 %k_raw_4656_read, i3 4, i32 %k_raw_5062_read, i3 5, i32 %k_raw_5470_read, i3 6, i32 %k_raw_5878_read, i3 7, i32 %k_raw_6286_read, i32 0, i3 %trunc_ln447" [source/swiftkv_attention.cpp:447]   --->   Operation 94 'sparsemux' 'raw_6' <Predicate = (!icmp_ln444)> <Delay = 0.58> <CoreInst = "SparseMux">   --->   Core 147 'SparseMux' <Latency = 0> <II = 1> <Delay = 0.58> <FuncUnit> <Opcode : 'sparsemux'> <InPorts = 2> <OutPorts = 1>
ST_1 : Operation 95 [1/1] (0.00ns)   --->   "%tmp_145 = bitselect i1 @_ssdm_op_BitSelect.i1.i32.i32, i32 %raw_6, i32 31" [source/swiftkv_attention.cpp:315->source/swiftkv_attention.cpp:456]   --->   Operation 95 'bitselect' 'tmp_145' <Predicate = (!icmp_ln444)> <Delay = 0.00>
ST_1 : Operation 96 [1/1] (0.88ns)   --->   "%sub_ln316_3 = sub i32 0, i32 %raw_6" [source/swiftkv_attention.cpp:316->source/swiftkv_attention.cpp:456]   --->   Operation 96 'sub' 'sub_ln316_3' <Predicate = (!icmp_ln444)> <Delay = 0.88> <CoreInst = "Adder">   --->   Core 1 'Adder' <Latency = 0> <II = 1> <Delay = 0.88> <FuncUnit> <Opcode : 'add' 'sub'> <InPorts = 2> <OutPorts = 1>
ST_1 : Operation 97 [1/1] (0.22ns)   --->   "%magnitude_k_3 = select i1 %tmp_145, i32 %sub_ln316_3, i32 %raw_6" [source/swiftkv_attention.cpp:315->source/swiftkv_attention.cpp:456]   --->   Operation 97 'select' 'magnitude_k_3' <Predicate = (!icmp_ln444)> <Delay = 0.22> <CoreInst = "Sel">   --->   Core 73 'Sel' <Latency = 0> <II = 1> <Delay = 0.22> <FuncUnit> <Opcode : 'select'> <InPorts = 3> <OutPorts = 1>
ST_1 : Operation 98 [1/1] (0.58ns)   --->   "%raw_1 = sparsemux i32 @_ssdm_op_SparseMux.ap_auto.8i32.i32.i3, i3 0, i32 %tmp_139, i3 1, i32 %v_raw_3535_read, i3 2, i32 %v_raw_3943_read, i3 3, i32 %v_raw_4351_read, i3 4, i32 %tmp, i3 5, i32 %v_raw_5165_read, i3 6, i32 %v_raw_5573_read, i3 7, i32 %v_raw_5981_read, i32 0, i3 %trunc_ln447" [source/swiftkv_attention.cpp:447]   --->   Operation 98 'sparsemux' 'raw_1' <Predicate = (!icmp_ln444)> <Delay = 0.58> <CoreInst = "SparseMux">   --->   Core 147 'SparseMux' <Latency = 0> <II = 1> <Delay = 0.58> <FuncUnit> <Opcode : 'sparsemux'> <InPorts = 2> <OutPorts = 1>
ST_1 : Operation 99 [1/1] (0.00ns)   --->   "%tmp_146 = bitselect i1 @_ssdm_op_BitSelect.i1.i32.i32, i32 %raw_1, i32 31" [source/swiftkv_attention.cpp:315->source/swiftkv_attention.cpp:458]   --->   Operation 99 'bitselect' 'tmp_146' <Predicate = (!icmp_ln444)> <Delay = 0.00>
ST_1 : Operation 100 [1/1] (0.88ns)   --->   "%sub_ln316_4 = sub i32 0, i32 %raw_1" [source/swiftkv_attention.cpp:316->source/swiftkv_attention.cpp:458]   --->   Operation 100 'sub' 'sub_ln316_4' <Predicate = (!icmp_ln444)> <Delay = 0.88> <CoreInst = "Adder">   --->   Core 1 'Adder' <Latency = 0> <II = 1> <Delay = 0.88> <FuncUnit> <Opcode : 'add' 'sub'> <InPorts = 2> <OutPorts = 1>
ST_1 : Operation 101 [1/1] (0.22ns)   --->   "%magnitude_v = select i1 %tmp_146, i32 %sub_ln316_4, i32 %raw_1" [source/swiftkv_attention.cpp:315->source/swiftkv_attention.cpp:458]   --->   Operation 101 'select' 'magnitude_v' <Predicate = (!icmp_ln444)> <Delay = 0.22> <CoreInst = "Sel">   --->   Core 73 'Sel' <Latency = 0> <II = 1> <Delay = 0.22> <FuncUnit> <Opcode : 'select'> <InPorts = 3> <OutPorts = 1>
ST_1 : Operation 102 [1/1] (0.58ns)   --->   "%raw_3 = sparsemux i32 @_ssdm_op_SparseMux.ap_auto.8i32.i32.i3, i3 0, i32 %v_raw_3229_read, i3 1, i32 %v_raw_3637_read, i3 2, i32 %v_raw_4045_read, i3 3, i32 %v_raw_4453_read, i3 4, i32 %v_raw_4859_read, i3 5, i32 %v_raw_5267_read, i3 6, i32 %v_raw_5675_read, i3 7, i32 %v_raw_6083_read, i32 0, i3 %trunc_ln447" [source/swiftkv_attention.cpp:447]   --->   Operation 102 'sparsemux' 'raw_3' <Predicate = (!icmp_ln444)> <Delay = 0.58> <CoreInst = "SparseMux">   --->   Core 147 'SparseMux' <Latency = 0> <II = 1> <Delay = 0.58> <FuncUnit> <Opcode : 'sparsemux'> <InPorts = 2> <OutPorts = 1>
ST_1 : Operation 103 [1/1] (0.00ns)   --->   "%tmp_147 = bitselect i1 @_ssdm_op_BitSelect.i1.i32.i32, i32 %raw_3, i32 31" [source/swiftkv_attention.cpp:315->source/swiftkv_attention.cpp:458]   --->   Operation 103 'bitselect' 'tmp_147' <Predicate = (!icmp_ln444)> <Delay = 0.00>
ST_1 : Operation 104 [1/1] (0.88ns)   --->   "%sub_ln316_5 = sub i32 0, i32 %raw_3" [source/swiftkv_attention.cpp:316->source/swiftkv_attention.cpp:458]   --->   Operation 104 'sub' 'sub_ln316_5' <Predicate = (!icmp_ln444)> <Delay = 0.88> <CoreInst = "Adder">   --->   Core 1 'Adder' <Latency = 0> <II = 1> <Delay = 0.88> <FuncUnit> <Opcode : 'add' 'sub'> <InPorts = 2> <OutPorts = 1>
ST_1 : Operation 105 [1/1] (0.22ns)   --->   "%magnitude_v_1 = select i1 %tmp_147, i32 %sub_ln316_5, i32 %raw_3" [source/swiftkv_attention.cpp:315->source/swiftkv_attention.cpp:458]   --->   Operation 105 'select' 'magnitude_v_1' <Predicate = (!icmp_ln444)> <Delay = 0.22> <CoreInst = "Sel">   --->   Core 73 'Sel' <Latency = 0> <II = 1> <Delay = 0.22> <FuncUnit> <Opcode : 'select'> <InPorts = 3> <OutPorts = 1>
ST_1 : Operation 106 [1/1] (0.58ns)   --->   "%raw_5 = sparsemux i32 @_ssdm_op_SparseMux.ap_auto.8i32.i32.i3, i3 0, i32 %v_raw_3331_read, i3 1, i32 %v_raw_3739_read, i3 2, i32 %v_raw_4147_read, i3 3, i32 %v_raw_4555_read, i3 4, i32 %v_raw_4961_read, i3 5, i32 %v_raw_5369_read, i3 6, i32 %v_raw_5777_read, i3 7, i32 %v_raw_6185_read, i32 0, i3 %trunc_ln447" [source/swiftkv_attention.cpp:447]   --->   Operation 106 'sparsemux' 'raw_5' <Predicate = (!icmp_ln444)> <Delay = 0.58> <CoreInst = "SparseMux">   --->   Core 147 'SparseMux' <Latency = 0> <II = 1> <Delay = 0.58> <FuncUnit> <Opcode : 'sparsemux'> <InPorts = 2> <OutPorts = 1>
ST_1 : Operation 107 [1/1] (0.00ns)   --->   "%tmp_148 = bitselect i1 @_ssdm_op_BitSelect.i1.i32.i32, i32 %raw_5, i32 31" [source/swiftkv_attention.cpp:315->source/swiftkv_attention.cpp:458]   --->   Operation 107 'bitselect' 'tmp_148' <Predicate = (!icmp_ln444)> <Delay = 0.00>
ST_1 : Operation 108 [1/1] (0.88ns)   --->   "%sub_ln316_6 = sub i32 0, i32 %raw_5" [source/swiftkv_attention.cpp:316->source/swiftkv_attention.cpp:458]   --->   Operation 108 'sub' 'sub_ln316_6' <Predicate = (!icmp_ln444)> <Delay = 0.88> <CoreInst = "Adder">   --->   Core 1 'Adder' <Latency = 0> <II = 1> <Delay = 0.88> <FuncUnit> <Opcode : 'add' 'sub'> <InPorts = 2> <OutPorts = 1>
ST_1 : Operation 109 [1/1] (0.22ns)   --->   "%magnitude_v_2 = select i1 %tmp_148, i32 %sub_ln316_6, i32 %raw_5" [source/swiftkv_attention.cpp:315->source/swiftkv_attention.cpp:458]   --->   Operation 109 'select' 'magnitude_v_2' <Predicate = (!icmp_ln444)> <Delay = 0.22> <CoreInst = "Sel">   --->   Core 73 'Sel' <Latency = 0> <II = 1> <Delay = 0.22> <FuncUnit> <Opcode : 'select'> <InPorts = 3> <OutPorts = 1>
ST_1 : Operation 110 [1/1] (0.58ns)   --->   "%raw_7 = sparsemux i32 @_ssdm_op_SparseMux.ap_auto.8i32.i32.i3, i3 0, i32 %v_raw_3433_read, i3 1, i32 %v_raw_3841_read, i3 2, i32 %v_raw_4249_read, i3 3, i32 %v_raw_4657_read, i3 4, i32 %v_raw_5063_read, i3 5, i32 %v_raw_5471_read, i3 6, i32 %v_raw_5879_read, i3 7, i32 %v_raw_6287_read, i32 0, i3 %trunc_ln447" [source/swiftkv_attention.cpp:447]   --->   Operation 110 'sparsemux' 'raw_7' <Predicate = (!icmp_ln444)> <Delay = 0.58> <CoreInst = "SparseMux">   --->   Core 147 'SparseMux' <Latency = 0> <II = 1> <Delay = 0.58> <FuncUnit> <Opcode : 'sparsemux'> <InPorts = 2> <OutPorts = 1>
ST_1 : Operation 111 [1/1] (0.00ns)   --->   "%tmp_149 = bitselect i1 @_ssdm_op_BitSelect.i1.i32.i32, i32 %raw_7, i32 31" [source/swiftkv_attention.cpp:315->source/swiftkv_attention.cpp:458]   --->   Operation 111 'bitselect' 'tmp_149' <Predicate = (!icmp_ln444)> <Delay = 0.00>
ST_1 : Operation 112 [1/1] (0.88ns)   --->   "%sub_ln316_7 = sub i32 0, i32 %raw_7" [source/swiftkv_attention.cpp:316->source/swiftkv_attention.cpp:458]   --->   Operation 112 'sub' 'sub_ln316_7' <Predicate = (!icmp_ln444)> <Delay = 0.88> <CoreInst = "Adder">   --->   Core 1 'Adder' <Latency = 0> <II = 1> <Delay = 0.88> <FuncUnit> <Opcode : 'add' 'sub'> <InPorts = 2> <OutPorts = 1>
ST_1 : Operation 113 [1/1] (0.22ns)   --->   "%magnitude_v_3 = select i1 %tmp_149, i32 %sub_ln316_7, i32 %raw_7" [source/swiftkv_attention.cpp:315->source/swiftkv_attention.cpp:458]   --->   Operation 113 'select' 'magnitude_v_3' <Predicate = (!icmp_ln444)> <Delay = 0.22> <CoreInst = "Sel">   --->   Core 73 'Sel' <Latency = 0> <II = 1> <Delay = 0.22> <FuncUnit> <Opcode : 'select'> <InPorts = 3> <OutPorts = 1>
ST_1 : Operation 114 [1/1] (0.38ns)   --->   "%store_ln443 = store i4 %add_ln445, i4 %block" [source/swiftkv_attention.cpp:443]   --->   Operation 114 'store' 'store_ln443' <Predicate = (!icmp_ln444)> <Delay = 0.38>

State 2 <SV = 1> <Delay = 2.21>
ST_2 : Operation 115 [1/1] (0.88ns)   --->   "%icmp_ln461 = icmp_ult  i32 %magnitude_k_1, i32 %magnitude_k" [source/swiftkv_attention.cpp:461]   --->   Operation 115 'icmp' 'icmp_ln461' <Predicate = true> <Delay = 0.88> <CoreInst = "Cmp">   --->   Core 9 'Cmp' <Latency = 0> <II = 1> <Delay = 0.88> <FuncUnit> <Opcode : 'icmp'> <InPorts = 2> <OutPorts = 1>
ST_2 : Operation 116 [1/1] (0.00ns) (grouped into LUT with out node max_k_01)   --->   "%xor_ln461 = xor i1 %icmp_ln461, i1 1" [source/swiftkv_attention.cpp:461]   --->   Operation 116 'xor' 'xor_ln461' <Predicate = true> <Delay = 0.00> <CoreInst = "LogicGate">   --->   Core 74 'LogicGate' <Latency = 0> <II = 1> <Delay = 0.12> <FuncUnit> <Opcode : 'and' 'or' 'xor'> <InPorts = 2> <OutPorts = 1>
ST_2 : Operation 117 [1/1] (0.22ns) (out node of the LUT)   --->   "%max_k_01 = select i1 %xor_ln461, i32 %magnitude_k_1, i32 %magnitude_k" [source/swiftkv_attention.cpp:461]   --->   Operation 117 'select' 'max_k_01' <Predicate = true> <Delay = 0.22> <CoreInst = "Sel">   --->   Core 73 'Sel' <Latency = 0> <II = 1> <Delay = 0.22> <FuncUnit> <Opcode : 'select'> <InPorts = 3> <OutPorts = 1>
ST_2 : Operation 118 [1/1] (0.88ns)   --->   "%icmp_ln464 = icmp_ult  i32 %magnitude_k_3, i32 %magnitude_k_2" [source/swiftkv_attention.cpp:464]   --->   Operation 118 'icmp' 'icmp_ln464' <Predicate = true> <Delay = 0.88> <CoreInst = "Cmp">   --->   Core 9 'Cmp' <Latency = 0> <II = 1> <Delay = 0.88> <FuncUnit> <Opcode : 'icmp'> <InPorts = 2> <OutPorts = 1>
ST_2 : Operation 119 [1/1] (0.00ns) (grouped into LUT with out node max_k_23)   --->   "%xor_ln464 = xor i1 %icmp_ln464, i1 1" [source/swiftkv_attention.cpp:464]   --->   Operation 119 'xor' 'xor_ln464' <Predicate = true> <Delay = 0.00> <CoreInst = "LogicGate">   --->   Core 74 'LogicGate' <Latency = 0> <II = 1> <Delay = 0.12> <FuncUnit> <Opcode : 'and' 'or' 'xor'> <InPorts = 2> <OutPorts = 1>
ST_2 : Operation 120 [1/1] (0.22ns) (out node of the LUT)   --->   "%max_k_23 = select i1 %xor_ln464, i32 %magnitude_k_3, i32 %magnitude_k_2" [source/swiftkv_attention.cpp:464]   --->   Operation 120 'select' 'max_k_23' <Predicate = true> <Delay = 0.22> <CoreInst = "Sel">   --->   Core 73 'Sel' <Latency = 0> <II = 1> <Delay = 0.22> <FuncUnit> <Opcode : 'select'> <InPorts = 3> <OutPorts = 1>
ST_2 : Operation 121 [1/1] (0.88ns)   --->   "%icmp_ln467 = icmp_ugt  i32 %max_k_01, i32 %max_k_23" [source/swiftkv_attention.cpp:467]   --->   Operation 121 'icmp' 'icmp_ln467' <Predicate = true> <Delay = 0.88> <CoreInst = "Cmp">   --->   Core 9 'Cmp' <Latency = 0> <II = 1> <Delay = 0.88> <FuncUnit> <Opcode : 'icmp'> <InPorts = 2> <OutPorts = 1>
ST_2 : Operation 122 [1/1] (0.22ns)   --->   "%block_max_k = select i1 %icmp_ln467, i32 %max_k_01, i32 %max_k_23" [source/swiftkv_attention.cpp:467]   --->   Operation 122 'select' 'block_max_k' <Predicate = true> <Delay = 0.22> <CoreInst = "Sel">   --->   Core 73 'Sel' <Latency = 0> <II = 1> <Delay = 0.22> <FuncUnit> <Opcode : 'select'> <InPorts = 3> <OutPorts = 1>
ST_2 : Operation 123 [1/1] (0.88ns)   --->   "%icmp_ln469 = icmp_ult  i32 %magnitude_v_1, i32 %magnitude_v" [source/swiftkv_attention.cpp:469]   --->   Operation 123 'icmp' 'icmp_ln469' <Predicate = true> <Delay = 0.88> <CoreInst = "Cmp">   --->   Core 9 'Cmp' <Latency = 0> <II = 1> <Delay = 0.88> <FuncUnit> <Opcode : 'icmp'> <InPorts = 2> <OutPorts = 1>
ST_2 : Operation 124 [1/1] (0.00ns) (grouped into LUT with out node max_v_01)   --->   "%xor_ln469 = xor i1 %icmp_ln469, i1 1" [source/swiftkv_attention.cpp:469]   --->   Operation 124 'xor' 'xor_ln469' <Predicate = true> <Delay = 0.00> <CoreInst = "LogicGate">   --->   Core 74 'LogicGate' <Latency = 0> <II = 1> <Delay = 0.12> <FuncUnit> <Opcode : 'and' 'or' 'xor'> <InPorts = 2> <OutPorts = 1>
ST_2 : Operation 125 [1/1] (0.22ns) (out node of the LUT)   --->   "%max_v_01 = select i1 %xor_ln469, i32 %magnitude_v_1, i32 %magnitude_v" [source/swiftkv_attention.cpp:469]   --->   Operation 125 'select' 'max_v_01' <Predicate = true> <Delay = 0.22> <CoreInst = "Sel">   --->   Core 73 'Sel' <Latency = 0> <II = 1> <Delay = 0.22> <FuncUnit> <Opcode : 'select'> <InPorts = 3> <OutPorts = 1>
ST_2 : Operation 126 [1/1] (0.88ns)   --->   "%icmp_ln472 = icmp_ult  i32 %magnitude_v_3, i32 %magnitude_v_2" [source/swiftkv_attention.cpp:472]   --->   Operation 126 'icmp' 'icmp_ln472' <Predicate = true> <Delay = 0.88> <CoreInst = "Cmp">   --->   Core 9 'Cmp' <Latency = 0> <II = 1> <Delay = 0.88> <FuncUnit> <Opcode : 'icmp'> <InPorts = 2> <OutPorts = 1>
ST_2 : Operation 127 [1/1] (0.00ns) (grouped into LUT with out node max_v_23)   --->   "%xor_ln472 = xor i1 %icmp_ln472, i1 1" [source/swiftkv_attention.cpp:472]   --->   Operation 127 'xor' 'xor_ln472' <Predicate = true> <Delay = 0.00> <CoreInst = "LogicGate">   --->   Core 74 'LogicGate' <Latency = 0> <II = 1> <Delay = 0.12> <FuncUnit> <Opcode : 'and' 'or' 'xor'> <InPorts = 2> <OutPorts = 1>
ST_2 : Operation 128 [1/1] (0.22ns) (out node of the LUT)   --->   "%max_v_23 = select i1 %xor_ln472, i32 %magnitude_v_3, i32 %magnitude_v_2" [source/swiftkv_attention.cpp:472]   --->   Operation 128 'select' 'max_v_23' <Predicate = true> <Delay = 0.22> <CoreInst = "Sel">   --->   Core 73 'Sel' <Latency = 0> <II = 1> <Delay = 0.22> <FuncUnit> <Opcode : 'select'> <InPorts = 3> <OutPorts = 1>
ST_2 : Operation 129 [1/1] (0.88ns)   --->   "%icmp_ln475 = icmp_ugt  i32 %max_v_01, i32 %max_v_23" [source/swiftkv_attention.cpp:475]   --->   Operation 129 'icmp' 'icmp_ln475' <Predicate = true> <Delay = 0.88> <CoreInst = "Cmp">   --->   Core 9 'Cmp' <Latency = 0> <II = 1> <Delay = 0.88> <FuncUnit> <Opcode : 'icmp'> <InPorts = 2> <OutPorts = 1>
ST_2 : Operation 130 [1/1] (0.22ns)   --->   "%block_max_v = select i1 %icmp_ln475, i32 %max_v_01, i32 %max_v_23" [source/swiftkv_attention.cpp:475]   --->   Operation 130 'select' 'block_max_v' <Predicate = true> <Delay = 0.22> <CoreInst = "Sel">   --->   Core 73 'Sel' <Latency = 0> <II = 1> <Delay = 0.22> <FuncUnit> <Opcode : 'select'> <InPorts = 3> <OutPorts = 1>
ST_2 : Operation 143 [1/1] (0.00ns)   --->   "%maximum_k_load = load i32 %maximum_k"   --->   Operation 143 'load' 'maximum_k_load' <Predicate = (icmp_ln444)> <Delay = 0.00>
ST_2 : Operation 144 [1/1] (0.00ns)   --->   "%maximum_v_load = load i32 %maximum_v"   --->   Operation 144 'load' 'maximum_v_load' <Predicate = (icmp_ln444)> <Delay = 0.00>
ST_2 : Operation 145 [1/1] (0.00ns)   --->   "%write_ln0 = write void @_ssdm_op_Write.ap_auto.i32P0A, i32 %maximum_v_out, i32 %maximum_v_load"   --->   Operation 145 'write' 'write_ln0' <Predicate = (icmp_ln444)> <Delay = 0.00>
ST_2 : Operation 146 [1/1] (0.00ns)   --->   "%write_ln0 = write void @_ssdm_op_Write.ap_auto.i32P0A, i32 %maximum_k_out, i32 %maximum_k_load"   --->   Operation 146 'write' 'write_ln0' <Predicate = (icmp_ln444)> <Delay = 0.00>
ST_2 : Operation 147 [1/1] (0.00ns)   --->   "%ret_ln0 = ret"   --->   Operation 147 'ret' 'ret_ln0' <Predicate = (icmp_ln444)> <Delay = 0.00>

State 3 <SV = 2> <Delay = 1.49>
ST_3 : Operation 131 [1/1] (0.00ns)   --->   "%maximum_k_load_1 = load i32 %maximum_k" [source/swiftkv_attention.cpp:476]   --->   Operation 131 'load' 'maximum_k_load_1' <Predicate = true> <Delay = 0.00>
ST_3 : Operation 132 [1/1] (0.00ns)   --->   "%maximum_v_load_1 = load i32 %maximum_v" [source/swiftkv_attention.cpp:479]   --->   Operation 132 'load' 'maximum_v_load_1' <Predicate = true> <Delay = 0.00>
ST_3 : Operation 133 [1/1] (0.00ns)   --->   "%specpipeline_ln446 = specpipeline void @_ssdm_op_SpecPipeline, i32 1, i32 0, i32 0, i32 0, void @empty_418" [source/swiftkv_attention.cpp:446]   --->   Operation 133 'specpipeline' 'specpipeline_ln446' <Predicate = true> <Delay = 0.00>
ST_3 : Operation 134 [1/1] (0.00ns)   --->   "%speclooptripcount_ln447 = speclooptripcount void @_ssdm_op_SpecLoopTripCount, i64 8, i64 8, i64 8" [source/swiftkv_attention.cpp:447]   --->   Operation 134 'speclooptripcount' 'speclooptripcount_ln447' <Predicate = true> <Delay = 0.00>
ST_3 : Operation 135 [1/1] (0.00ns)   --->   "%specloopname_ln443 = specloopname void @_ssdm_op_SpecLoopName, void @empty_462" [source/swiftkv_attention.cpp:443]   --->   Operation 135 'specloopname' 'specloopname_ln443' <Predicate = true> <Delay = 0.00>
ST_3 : Operation 136 [1/1] (0.88ns)   --->   "%icmp_ln476 = icmp_ugt  i32 %block_max_k, i32 %maximum_k_load_1" [source/swiftkv_attention.cpp:476]   --->   Operation 136 'icmp' 'icmp_ln476' <Predicate = true> <Delay = 0.88> <CoreInst = "Cmp">   --->   Core 9 'Cmp' <Latency = 0> <II = 1> <Delay = 0.88> <FuncUnit> <Opcode : 'icmp'> <InPorts = 2> <OutPorts = 1>
ST_3 : Operation 137 [1/1] (0.22ns)   --->   "%maximum_k_1 = select i1 %icmp_ln476, i32 %block_max_k, i32 %maximum_k_load_1" [source/swiftkv_attention.cpp:476]   --->   Operation 137 'select' 'maximum_k_1' <Predicate = true> <Delay = 0.22> <CoreInst = "Sel">   --->   Core 73 'Sel' <Latency = 0> <II = 1> <Delay = 0.22> <FuncUnit> <Opcode : 'select'> <InPorts = 3> <OutPorts = 1>
ST_3 : Operation 138 [1/1] (0.88ns)   --->   "%icmp_ln479 = icmp_ugt  i32 %block_max_v, i32 %maximum_v_load_1" [source/swiftkv_attention.cpp:479]   --->   Operation 138 'icmp' 'icmp_ln479' <Predicate = true> <Delay = 0.88> <CoreInst = "Cmp">   --->   Core 9 'Cmp' <Latency = 0> <II = 1> <Delay = 0.88> <FuncUnit> <Opcode : 'icmp'> <InPorts = 2> <OutPorts = 1>
ST_3 : Operation 139 [1/1] (0.22ns)   --->   "%maximum_v_2 = select i1 %icmp_ln479, i32 %block_max_v, i32 %maximum_v_load_1" [source/swiftkv_attention.cpp:479]   --->   Operation 139 'select' 'maximum_v_2' <Predicate = true> <Delay = 0.22> <CoreInst = "Sel">   --->   Core 73 'Sel' <Latency = 0> <II = 1> <Delay = 0.22> <FuncUnit> <Opcode : 'select'> <InPorts = 3> <OutPorts = 1>
ST_3 : Operation 140 [1/1] (0.38ns)   --->   "%store_ln404 = store i32 %maximum_v_2, i32 %maximum_v" [source/swiftkv_attention.cpp:404]   --->   Operation 140 'store' 'store_ln404' <Predicate = true> <Delay = 0.38>
ST_3 : Operation 141 [1/1] (0.38ns)   --->   "%store_ln403 = store i32 %maximum_k_1, i32 %maximum_k" [source/swiftkv_attention.cpp:403]   --->   Operation 141 'store' 'store_ln403' <Predicate = true> <Delay = 0.38>
ST_3 : Operation 142 [1/1] (0.00ns)   --->   "%br_ln443 = br void %find_kv_group_max_lane_loop" [source/swiftkv_attention.cpp:443]   --->   Operation 142 'br' 'br_ln443' <Predicate = true> <Delay = 0.00>


============================================================
+ Verbose Summary: Timing violations
============================================================
Target clock period: 3.333ns, clock uncertainty: 0.900ns.

 <State 1>: 2.078ns
The critical path consists of the following:
	'store' operation 0 bit ('store_ln443', source/swiftkv_attention.cpp:443) of constant 0 on local variable 'block', source/swiftkv_attention.cpp:443 [134]  (0.387 ns)
	'load' operation 4 bit ('block', source/swiftkv_attention.cpp:447) on local variable 'block', source/swiftkv_attention.cpp:443 [139]  (0.000 ns)
	'sparsemux' operation 32 bit ('raw', source/swiftkv_attention.cpp:447) [150]  (0.584 ns)
	'sub' operation 32 bit ('sub_ln316', source/swiftkv_attention.cpp:316->source/swiftkv_attention.cpp:456) [152]  (0.880 ns)
	'select' operation 32 bit ('magnitude_k', source/swiftkv_attention.cpp:315->source/swiftkv_attention.cpp:456) [153]  (0.227 ns)

 <State 2>: 2.214ns
The critical path consists of the following:
	'icmp' operation 1 bit ('icmp_ln461', source/swiftkv_attention.cpp:461) [182]  (0.880 ns)
	'xor' operation 1 bit ('xor_ln461', source/swiftkv_attention.cpp:461) [183]  (0.000 ns)
	'select' operation 32 bit ('max_k_01', source/swiftkv_attention.cpp:461) [184]  (0.227 ns)
	'icmp' operation 1 bit ('icmp_ln467', source/swiftkv_attention.cpp:467) [188]  (0.880 ns)
	'select' operation 32 bit ('block_max_k', source/swiftkv_attention.cpp:467) [189]  (0.227 ns)

 <State 3>: 1.494ns
The critical path consists of the following:
	'load' operation 32 bit ('maximum_v_load_1', source/swiftkv_attention.cpp:479) on local variable 'maximum_v', source/swiftkv_attention.cpp:404 [145]  (0.000 ns)
	'icmp' operation 1 bit ('icmp_ln479', source/swiftkv_attention.cpp:479) [200]  (0.880 ns)
	'select' operation 32 bit ('maximum_v', source/swiftkv_attention.cpp:479) [201]  (0.227 ns)
	'store' operation 0 bit ('store_ln404', source/swiftkv_attention.cpp:404) of variable 'maximum_v', source/swiftkv_attention.cpp:479 on local variable 'maximum_v', source/swiftkv_attention.cpp:404 [203]  (0.387 ns)


============================================================
+ Verbose Summary: Binding
============================================================
N/A
* FSMD analyzer results:
  - Output states:
 - Input state : 
  - Chain level:
	State 1
	State 2
	State 3


============================================================
+ Verbose Summary: Datapath Resource usage 
============================================================
N/A
