

================================================================
== Vitis HLS Report for 'swiftkv_run_bank_Pipeline_pe_write_kv_word_loop'
================================================================
* Date:           Tue Aug 11 09:18:07 2026

* Version:        2023.2 (Build 4023990 on Oct 11 2023)
* Project:        proj_int4_decoder_xo
* Solution:       solution1 (Vitis Kernel Flow Target)
* Product family: virtexuplus
* Target device:  xcu250-figd2104-2L-e


================================================================
== Performance Estimates
================================================================
+ Timing: 
    * Summary: 
    +--------+---------+----------+------------+
    |  Clock |  Target | Estimated| Uncertainty|
    +--------+---------+----------+------------+
    |ap_clk  |  3.33 ns|  2.433 ns|     0.90 ns|
    +--------+---------+----------+------------+

+ Latency: 
    * Summary: 
    +---------+---------+-----------+-----------+-----+-----+---------+
    |  Latency (cycles) |   Latency (absolute)  |  Interval | Pipeline|
    |   min   |   max   |    min    |    max    | min | max |   Type  |
    +---------+---------+-----------+-----------+-----+-----+---------+
    |        7|        7|  23.331 ns|  23.331 ns|    7|    7|       no|
    +---------+---------+-----------+-----------+-----+-----+---------+

    + Detail: 
        * Instance: 
        N/A

        * Loop: 
        +-------------------------+---------+---------+----------+-----------+-----------+------+----------+
        |                         |  Latency (cycles) | Iteration|  Initiation Interval  | Trip |          |
        |        Loop Name        |   min   |   max   |  Latency |  achieved |   target  | Count| Pipelined|
        +-------------------------+---------+---------+----------+-----------+-----------+------+----------+
        |- pe_write_kv_word_loop  |        5|        5|         2|          1|          1|     5|       yes|
        +-------------------------+---------+---------+----------+-----------+-----------+------+----------+



================================================================
== Utilization Estimates
================================================================
* Summary: 
+---------------------+---------+-------+---------+---------+------+
|         Name        | BRAM_18K|  DSP  |    FF   |   LUT   | URAM |
+---------------------+---------+-------+---------+---------+------+
|DSP                  |        -|      -|        -|        -|     -|
|Expression           |        -|      -|        0|       24|     -|
|FIFO                 |        -|      -|        -|        -|     -|
|Instance             |        -|      -|        0|       26|     -|
|Memory               |        -|      -|        -|        -|     -|
|Multiplexer          |        -|      -|        -|       45|     -|
|Register             |        -|      -|      518|        -|     -|
+---------------------+---------+-------+---------+---------+------+
|Total                |        0|      0|      518|       95|     0|
+---------------------+---------+-------+---------+---------+------+
|Available SLR        |     1344|   3072|   864000|   432000|   320|
+---------------------+---------+-------+---------+---------+------+
|Utilization SLR (%)  |        0|      0|       ~0|       ~0|     0|
+---------------------+---------+-------+---------+---------+------+
|Available            |     5376|  12288|  3456000|  1728000|  1280|
+---------------------+---------+-------+---------+---------+------+
|Utilization (%)      |        0|      0|       ~0|       ~0|     0|
+---------------------+---------+-------+---------+---------+------+

+ Detail: 
    * Instance: 
    +-----------------------------+------------------------+---------+----+---+----+-----+
    |           Instance          |         Module         | BRAM_18K| DSP| FF| LUT| URAM|
    +-----------------------------+------------------------+---------+----+---+----+-----+
    |sparsemux_11_3_512_1_1_U339  |sparsemux_11_3_512_1_1  |        0|   0|  0|  26|    0|
    +-----------------------------+------------------------+---------+----+---+----+-----+
    |Total                        |                        |        0|   0|  0|  26|    0|
    +-----------------------------+------------------------+---------+----+---+----+-----+

    * DSP: 
    N/A

    * Memory: 
    N/A

    * FIFO: 
    N/A

    * Expression: 
    +---------------------------+----------+----+---+----+------------+------------+
    |       Variable Name       | Operation| DSP| FF| LUT| Bitwidth P0| Bitwidth P1|
    +---------------------------+----------+----+---+----+------------+------------+
    |add_ln1954_fu_140_p2       |         +|   0|  0|  10|           3|           1|
    |ap_block_pp0_stage0_11001  |       and|   0|  0|   2|           1|           1|
    |icmp_ln1953_fu_134_p2      |      icmp|   0|  0|  10|           3|           3|
    |ap_enable_pp0              |       xor|   0|  0|   2|           1|           2|
    +---------------------------+----------+----+---+----+------------+------------+
    |Total                      |          |   0|  0|  24|           8|           7|
    +---------------------------+----------+----+---+----+------------+------------+

    * Multiplexer: 
    +-------------------------+----+-----------+-----+-----------+
    |           Name          | LUT| Input Size| Bits| Total Bits|
    +-------------------------+----+-----------+-----+-----------+
    |ap_done_int              |   9|          2|    1|          2|
    |ap_enable_reg_pp0_iter1  |   9|          2|    1|          2|
    |ap_sig_allocacmp_word_1  |   9|          2|    3|          6|
    |gmem3_blk_n_W            |   9|          2|    1|          2|
    |word_fu_74               |   9|          2|    3|          6|
    +-------------------------+----+-----------+-----+-----------+
    |Total                    |  45|         10|    9|         18|
    +-------------------------+----+-----------+-----+-----------+

    * Register: 
    +-------------------------+-----+----+-----+-----------+
    |           Name          |  FF | LUT| Bits| Const Bits|
    +-------------------------+-----+----+-----+-----------+
    |ap_CS_fsm                |    1|   0|    1|          0|
    |ap_done_reg              |    1|   0|    1|          0|
    |ap_enable_reg_pp0_iter1  |    1|   0|    1|          0|
    |tmp_reg_200              |  512|   0|  512|          0|
    |word_fu_74               |    3|   0|    3|          0|
    +-------------------------+-----+----+-----+-----------+
    |Total                    |  518|   0|  518|          0|
    +-------------------------+-----+----+-----+-----------+



================================================================
== Interface
================================================================
* Summary: 
+------------------------+-----+-----+------------+-------------------------------------------------+--------------+
|        RTL Ports       | Dir | Bits|  Protocol  |                  Source Object                  |    C Type    |
+------------------------+-----+-----+------------+-------------------------------------------------+--------------+
|ap_clk                  |   in|    1|  ap_ctrl_hs|  swiftkv_run_bank_Pipeline_pe_write_kv_word_loop|  return value|
|ap_rst                  |   in|    1|  ap_ctrl_hs|  swiftkv_run_bank_Pipeline_pe_write_kv_word_loop|  return value|
|ap_start                |   in|    1|  ap_ctrl_hs|  swiftkv_run_bank_Pipeline_pe_write_kv_word_loop|  return value|
|ap_done                 |  out|    1|  ap_ctrl_hs|  swiftkv_run_bank_Pipeline_pe_write_kv_word_loop|  return value|
|ap_idle                 |  out|    1|  ap_ctrl_hs|  swiftkv_run_bank_Pipeline_pe_write_kv_word_loop|  return value|
|ap_ready                |  out|    1|  ap_ctrl_hs|  swiftkv_run_bank_Pipeline_pe_write_kv_word_loop|  return value|
|m_axi_gmem3_AWVALID     |  out|    1|       m_axi|                                            gmem3|       pointer|
|m_axi_gmem3_AWREADY     |   in|    1|       m_axi|                                            gmem3|       pointer|
|m_axi_gmem3_AWADDR      |  out|   64|       m_axi|                                            gmem3|       pointer|
|m_axi_gmem3_AWID        |  out|    1|       m_axi|                                            gmem3|       pointer|
|m_axi_gmem3_AWLEN       |  out|   32|       m_axi|                                            gmem3|       pointer|
|m_axi_gmem3_AWSIZE      |  out|    3|       m_axi|                                            gmem3|       pointer|
|m_axi_gmem3_AWBURST     |  out|    2|       m_axi|                                            gmem3|       pointer|
|m_axi_gmem3_AWLOCK      |  out|    2|       m_axi|                                            gmem3|       pointer|
|m_axi_gmem3_AWCACHE     |  out|    4|       m_axi|                                            gmem3|       pointer|
|m_axi_gmem3_AWPROT      |  out|    3|       m_axi|                                            gmem3|       pointer|
|m_axi_gmem3_AWQOS       |  out|    4|       m_axi|                                            gmem3|       pointer|
|m_axi_gmem3_AWREGION    |  out|    4|       m_axi|                                            gmem3|       pointer|
|m_axi_gmem3_AWUSER      |  out|    1|       m_axi|                                            gmem3|       pointer|
|m_axi_gmem3_WVALID      |  out|    1|       m_axi|                                            gmem3|       pointer|
|m_axi_gmem3_WREADY      |   in|    1|       m_axi|                                            gmem3|       pointer|
|m_axi_gmem3_WDATA       |  out|  512|       m_axi|                                            gmem3|       pointer|
|m_axi_gmem3_WSTRB       |  out|   64|       m_axi|                                            gmem3|       pointer|
|m_axi_gmem3_WLAST       |  out|    1|       m_axi|                                            gmem3|       pointer|
|m_axi_gmem3_WID         |  out|    1|       m_axi|                                            gmem3|       pointer|
|m_axi_gmem3_WUSER       |  out|    1|       m_axi|                                            gmem3|       pointer|
|m_axi_gmem3_ARVALID     |  out|    1|       m_axi|                                            gmem3|       pointer|
|m_axi_gmem3_ARREADY     |   in|    1|       m_axi|                                            gmem3|       pointer|
|m_axi_gmem3_ARADDR      |  out|   64|       m_axi|                                            gmem3|       pointer|
|m_axi_gmem3_ARID        |  out|    1|       m_axi|                                            gmem3|       pointer|
|m_axi_gmem3_ARLEN       |  out|   32|       m_axi|                                            gmem3|       pointer|
|m_axi_gmem3_ARSIZE      |  out|    3|       m_axi|                                            gmem3|       pointer|
|m_axi_gmem3_ARBURST     |  out|    2|       m_axi|                                            gmem3|       pointer|
|m_axi_gmem3_ARLOCK      |  out|    2|       m_axi|                                            gmem3|       pointer|
|m_axi_gmem3_ARCACHE     |  out|    4|       m_axi|                                            gmem3|       pointer|
|m_axi_gmem3_ARPROT      |  out|    3|       m_axi|                                            gmem3|       pointer|
|m_axi_gmem3_ARQOS       |  out|    4|       m_axi|                                            gmem3|       pointer|
|m_axi_gmem3_ARREGION    |  out|    4|       m_axi|                                            gmem3|       pointer|
|m_axi_gmem3_ARUSER      |  out|    1|       m_axi|                                            gmem3|       pointer|
|m_axi_gmem3_RVALID      |   in|    1|       m_axi|                                            gmem3|       pointer|
|m_axi_gmem3_RREADY      |  out|    1|       m_axi|                                            gmem3|       pointer|
|m_axi_gmem3_RDATA       |   in|  512|       m_axi|                                            gmem3|       pointer|
|m_axi_gmem3_RLAST       |   in|    1|       m_axi|                                            gmem3|       pointer|
|m_axi_gmem3_RID         |   in|    1|       m_axi|                                            gmem3|       pointer|
|m_axi_gmem3_RFIFONUM    |   in|   12|       m_axi|                                            gmem3|       pointer|
|m_axi_gmem3_RUSER       |   in|    1|       m_axi|                                            gmem3|       pointer|
|m_axi_gmem3_RRESP       |   in|    2|       m_axi|                                            gmem3|       pointer|
|m_axi_gmem3_BVALID      |   in|    1|       m_axi|                                            gmem3|       pointer|
|m_axi_gmem3_BREADY      |  out|    1|       m_axi|                                            gmem3|       pointer|
|m_axi_gmem3_BRESP       |   in|    2|       m_axi|                                            gmem3|       pointer|
|m_axi_gmem3_BID         |   in|    1|       m_axi|                                            gmem3|       pointer|
|m_axi_gmem3_BUSER       |   in|    1|       m_axi|                                            gmem3|       pointer|
|sext_ln1952             |   in|   58|     ap_none|                                      sext_ln1952|        scalar|
|compressed_kv_record    |   in|  512|     ap_none|                             compressed_kv_record|        scalar|
|compressed_kv_record_1  |   in|  512|     ap_none|                           compressed_kv_record_1|        scalar|
|compressed_kv_record_2  |   in|  512|     ap_none|                           compressed_kv_record_2|        scalar|
|compressed_kv_record_3  |   in|  512|     ap_none|                           compressed_kv_record_3|        scalar|
|compressed_kv_record_4  |   in|  512|     ap_none|                           compressed_kv_record_4|        scalar|
+------------------------+-----+-----+------------+-------------------------------------------------+--------------+

============================================================
+ Verbose Summary: Synthesis Manager
============================================================
InlineROM: 1
ExposeGlobal: 0
============================================================
+ Verbose Summary: CDFG Model
============================================================
IsTopModel: 0
ResetActiveHigh: 1
IsCombinational: 2
IsDatapathOnly: 2
HasWiredReturn: 1
HasMFsm: 2
HasVarLatency: 1
IsPipeline: 0
IsRtlPipelined: 0
IsInstanceOverlapped: 0
IsDontTouch: 0
HasImplIP: 0
IsGatedGlobalClock: 0

+ Individual pipeline summary: 
  * Pipeline-0: initiation interval (II) = 1, depth = 2


============================================================
+ Verbose Summary: Schedule
============================================================
* Number of FSM states : 2
* Pipeline : 1
  Pipeline-0 : II = 1, D = 2, States = { 1 2 }
* Dataflow Pipeline: 0

* FSM state transitions: 
1 --> 2 
2 --> 

* FSM state operations: 

State 1 <SV = 0> <Delay = 1.34>
ST_1 : Operation 5 [1/1] (0.00ns)   --->   "%word = alloca i32 1" [source/swiftkv_attention.cpp:1952]   --->   Operation 5 'alloca' 'word' <Predicate = true> <Delay = 0.00>
ST_1 : Operation 6 [1/1] (0.00ns)   --->   "%compressed_kv_record_4_read = read i512 @_ssdm_op_Read.ap_auto.i512, i512 %compressed_kv_record_4"   --->   Operation 6 'read' 'compressed_kv_record_4_read' <Predicate = true> <Delay = 0.00>
ST_1 : Operation 7 [1/1] (0.00ns)   --->   "%compressed_kv_record_3_read = read i512 @_ssdm_op_Read.ap_auto.i512, i512 %compressed_kv_record_3"   --->   Operation 7 'read' 'compressed_kv_record_3_read' <Predicate = true> <Delay = 0.00>
ST_1 : Operation 8 [1/1] (0.00ns)   --->   "%compressed_kv_record_2_read = read i512 @_ssdm_op_Read.ap_auto.i512, i512 %compressed_kv_record_2"   --->   Operation 8 'read' 'compressed_kv_record_2_read' <Predicate = true> <Delay = 0.00>
ST_1 : Operation 9 [1/1] (0.00ns)   --->   "%compressed_kv_record_1_read = read i512 @_ssdm_op_Read.ap_auto.i512, i512 %compressed_kv_record_1"   --->   Operation 9 'read' 'compressed_kv_record_1_read' <Predicate = true> <Delay = 0.00>
ST_1 : Operation 10 [1/1] (0.00ns)   --->   "%compressed_kv_record_read = read i512 @_ssdm_op_Read.ap_auto.i512, i512 %compressed_kv_record"   --->   Operation 10 'read' 'compressed_kv_record_read' <Predicate = true> <Delay = 0.00>
ST_1 : Operation 11 [1/1] (0.00ns)   --->   "%sext_ln1952_read = read i58 @_ssdm_op_Read.ap_auto.i58, i58 %sext_ln1952"   --->   Operation 11 'read' 'sext_ln1952_read' <Predicate = true> <Delay = 0.00>
ST_1 : Operation 12 [1/1] (0.00ns)   --->   "%sext_ln1952_cast = sext i58 %sext_ln1952_read"   --->   Operation 12 'sext' 'sext_ln1952_cast' <Predicate = true> <Delay = 0.00>
ST_1 : Operation 13 [1/1] (0.00ns)   --->   "%specinterface_ln0 = specinterface void @_ssdm_op_SpecInterface, i512 %gmem3, void @empty_417, i32 0, i32 0, void @empty_418, i32 64, i32 13043328, void @empty_423, void @empty_420, void @empty_418, i32 8, i32 2, i32 256, i32 64, void @empty_418, void @empty_418, i32 4294967295, i32 0"   --->   Operation 13 'specinterface' 'specinterface_ln0' <Predicate = true> <Delay = 0.00>
ST_1 : Operation 14 [1/1] (0.38ns)   --->   "%store_ln1952 = store i3 0, i3 %word" [source/swiftkv_attention.cpp:1952]   --->   Operation 14 'store' 'store_ln1952' <Predicate = true> <Delay = 0.38>
ST_1 : Operation 15 [1/1] (0.00ns)   --->   "%br_ln0 = br void %for.inc150"   --->   Operation 15 'br' 'br_ln0' <Predicate = true> <Delay = 0.00>
ST_1 : Operation 16 [1/1] (0.00ns)   --->   "%word_1 = load i3 %word" [source/swiftkv_attention.cpp:1954]   --->   Operation 16 'load' 'word_1' <Predicate = true> <Delay = 0.00>
ST_1 : Operation 17 [1/1] (0.57ns)   --->   "%icmp_ln1953 = icmp_eq  i3 %word_1, i3 5" [source/swiftkv_attention.cpp:1953]   --->   Operation 17 'icmp' 'icmp_ln1953' <Predicate = true> <Delay = 0.57> <CoreInst = "Cmp">   --->   Core 9 'Cmp' <Latency = 0> <II = 1> <Delay = 0.57> <FuncUnit> <Opcode : 'icmp'> <InPorts = 2> <OutPorts = 1>
ST_1 : Operation 18 [1/1] (0.57ns)   --->   "%add_ln1954 = add i3 %word_1, i3 1" [source/swiftkv_attention.cpp:1954]   --->   Operation 18 'add' 'add_ln1954' <Predicate = true> <Delay = 0.57> <CoreInst = "Adder">   --->   Core 1 'Adder' <Latency = 0> <II = 1> <Delay = 0.57> <FuncUnit> <Opcode : 'add' 'sub'> <InPorts = 2> <OutPorts = 1>
ST_1 : Operation 19 [1/1] (0.00ns)   --->   "%br_ln1952 = br i1 %icmp_ln1953, void %for.inc150.split, void %for.inc156.exitStub" [source/swiftkv_attention.cpp:1952]   --->   Operation 19 'br' 'br_ln1952' <Predicate = true> <Delay = 0.00>
ST_1 : Operation 20 [1/1] (0.48ns)   --->   "%tmp = sparsemux i512 @_ssdm_op_SparseMux.ap_auto.5i512.i512.i3, i3 0, i512 %compressed_kv_record_read, i3 1, i512 %compressed_kv_record_1_read, i3 2, i512 %compressed_kv_record_2_read, i3 3, i512 %compressed_kv_record_3_read, i3 4, i512 %compressed_kv_record_4_read, i512 0, i3 %word_1" [source/swiftkv_attention.cpp:1956]   --->   Operation 20 'sparsemux' 'tmp' <Predicate = (!icmp_ln1953)> <Delay = 0.48> <CoreInst = "SparseMux">   --->   Core 147 'SparseMux' <Latency = 0> <II = 1> <Delay = 0.48> <FuncUnit> <Opcode : 'sparsemux'> <InPorts = 2> <OutPorts = 1>
ST_1 : Operation 21 [1/1] (0.38ns)   --->   "%store_ln1952 = store i3 %add_ln1954, i3 %word" [source/swiftkv_attention.cpp:1952]   --->   Operation 21 'store' 'store_ln1952' <Predicate = (!icmp_ln1953)> <Delay = 0.38>
ST_1 : Operation 28 [1/1] (0.00ns)   --->   "%ret_ln0 = ret"   --->   Operation 28 'ret' 'ret_ln0' <Predicate = (icmp_ln1953)> <Delay = 0.00>

State 2 <SV = 1> <Delay = 2.43>
ST_2 : Operation 22 [1/1] (0.00ns)   --->   "%gmem3_addr = getelementptr i512 %gmem3, i64 %sext_ln1952_cast" [source/swiftkv_attention.cpp:1952]   --->   Operation 22 'getelementptr' 'gmem3_addr' <Predicate = true> <Delay = 0.00>
ST_2 : Operation 23 [1/1] (0.00ns)   --->   "%specpipeline_ln1955 = specpipeline void @_ssdm_op_SpecPipeline, i32 1, i32 0, i32 0, i32 0, void @empty_418" [source/swiftkv_attention.cpp:1955]   --->   Operation 23 'specpipeline' 'specpipeline_ln1955' <Predicate = true> <Delay = 0.00>
ST_2 : Operation 24 [1/1] (0.00ns)   --->   "%speclooptripcount_ln1952 = speclooptripcount void @_ssdm_op_SpecLoopTripCount, i64 5, i64 5, i64 5" [source/swiftkv_attention.cpp:1952]   --->   Operation 24 'speclooptripcount' 'speclooptripcount_ln1952' <Predicate = true> <Delay = 0.00>
ST_2 : Operation 25 [1/1] (0.00ns)   --->   "%specloopname_ln1952 = specloopname void @_ssdm_op_SpecLoopName, void @empty_476" [source/swiftkv_attention.cpp:1952]   --->   Operation 25 'specloopname' 'specloopname_ln1952' <Predicate = true> <Delay = 0.00>
ST_2 : Operation 26 [1/1] (2.43ns)   --->   "%write_ln1956 = write void @_ssdm_op_Write.m_axi.p1i512, i64 %gmem3_addr, i512 %tmp, i64 18446744073709551615" [source/swiftkv_attention.cpp:1956]   --->   Operation 26 'write' 'write_ln1956' <Predicate = true> <Delay = 2.43> <CoreInst = "m_axi">   --->   Core 121 'm_axi' <Latency = 0> <II = 1> <Delay = 1.00> <Adapter> <Opcode : 'read' 'write' 'readreq' 'writereq' 'writeresp'>
ST_2 : Operation 27 [1/1] (0.00ns)   --->   "%br_ln1952 = br void %for.inc150" [source/swiftkv_attention.cpp:1952]   --->   Operation 27 'br' 'br_ln1952' <Predicate = true> <Delay = 0.00>


============================================================
+ Verbose Summary: Binding
============================================================
STG Binding: 
---------------- STG Properties BEGIN ----------------
- Is combinational: 0
- Is one-state seq: 0
- Is datapath-only: 0
- Is pipelined: 0
- Is top level: 0
Port [ Return ] is wired: 1; IO mode=ap_ctrl_hs:ce=0
Port [ gmem3]:  wired=1; compound=1; hidden=0; nouse=0; global=0; static=0; extern=0; dir=1; type=4; pingpong=0; private_global=0; IO mode=m_axi:ce=0
Port [ sext_ln1952]:  wired=1; compound=0; hidden=0; nouse=0; global=0; static=0; extern=0; dir=0; type=0; pingpong=0; private_global=0; IO mode=ap_none:ce=0
Port [ compressed_kv_record]:  wired=1; compound=0; hidden=0; nouse=0; global=0; static=0; extern=0; dir=0; type=0; pingpong=0; private_global=0; IO mode=ap_none:ce=0
Port [ compressed_kv_record_1]:  wired=1; compound=0; hidden=0; nouse=0; global=0; static=0; extern=0; dir=0; type=0; pingpong=0; private_global=0; IO mode=ap_none:ce=0
Port [ compressed_kv_record_2]:  wired=1; compound=0; hidden=0; nouse=0; global=0; static=0; extern=0; dir=0; type=0; pingpong=0; private_global=0; IO mode=ap_none:ce=0
Port [ compressed_kv_record_3]:  wired=1; compound=0; hidden=0; nouse=0; global=0; static=0; extern=0; dir=0; type=0; pingpong=0; private_global=0; IO mode=ap_none:ce=0
Port [ compressed_kv_record_4]:  wired=1; compound=0; hidden=0; nouse=0; global=0; static=0; extern=0; dir=0; type=0; pingpong=0; private_global=0; IO mode=ap_none:ce=0
---------------- STG Properties END ------------------

---------------- Datapath Model BEGIN ----------------

<LifeTime>
<method=bitvector/>
word                        (alloca           ) [ 010]
compressed_kv_record_4_read (read             ) [ 000]
compressed_kv_record_3_read (read             ) [ 000]
compressed_kv_record_2_read (read             ) [ 000]
compressed_kv_record_1_read (read             ) [ 000]
compressed_kv_record_read   (read             ) [ 000]
sext_ln1952_read            (read             ) [ 000]
sext_ln1952_cast            (sext             ) [ 011]
specinterface_ln0           (specinterface    ) [ 000]
store_ln1952                (store            ) [ 000]
br_ln0                      (br               ) [ 000]
word_1                      (load             ) [ 000]
icmp_ln1953                 (icmp             ) [ 010]
add_ln1954                  (add              ) [ 000]
br_ln1952                   (br               ) [ 000]
tmp                         (sparsemux        ) [ 011]
store_ln1952                (store            ) [ 000]
gmem3_addr                  (getelementptr    ) [ 000]
specpipeline_ln1955         (specpipeline     ) [ 000]
speclooptripcount_ln1952    (speclooptripcount) [ 000]
specloopname_ln1952         (specloopname     ) [ 000]
write_ln1956                (write            ) [ 000]
br_ln1952                   (br               ) [ 000]
ret_ln0                     (ret              ) [ 000]
</LifeTime>

<model>

<comp_list>
<comp id="0" class="1000" name="gmem3">
<pin_list>
<pin id="1" dir="1" index="0" bw="1" slack="0"/>
</pin_list>
<bind>
<StgValue><ssdm name="gmem3"/></StgValue>
</bind>
</comp>

<comp id="2" class="1000" name="sext_ln1952">
<pin_list>
<pin id="3" dir="1" index="0" bw="1" slack="0"/>
</pin_list>
<bind>
<StgValue><ssdm name="sext_ln1952"/></StgValue>
</bind>
</comp>

<comp id="4" class="1000" name="compressed_kv_record">
<pin_list>
<pin id="5" dir="1" index="0" bw="1" slack="0"/>
</pin_list>
<bind>
<StgValue><ssdm name="compressed_kv_record"/></StgValue>
</bind>
</comp>

<comp id="6" class="1000" name="compressed_kv_record_1">
<pin_list>
<pin id="7" dir="1" index="0" bw="1" slack="0"/>
</pin_list>
<bind>
<StgValue><ssdm name="compressed_kv_record_1"/></StgValue>
</bind>
</comp>

<comp id="8" class="1000" name="compressed_kv_record_2">
<pin_list>
<pin id="9" dir="1" index="0" bw="1" slack="0"/>
</pin_list>
<bind>
<StgValue><ssdm name="compressed_kv_record_2"/></StgValue>
</bind>
</comp>

<comp id="10" class="1000" name="compressed_kv_record_3">
<pin_list>
<pin id="11" dir="1" index="0" bw="1" slack="0"/>
</pin_list>
<bind>
<StgValue><ssdm name="compressed_kv_record_3"/></StgValue>
</bind>
</comp>

<comp id="12" class="1000" name="compressed_kv_record_4">
<pin_list>
<pin id="13" dir="1" index="0" bw="1" slack="0"/>
</pin_list>
<bind>
<StgValue><ssdm name="compressed_kv_record_4"/></StgValue>
</bind>
</comp>

<comp id="14" class="1001" name="const_14">
<pin_list>
<pin id="15" dir="1" index="0" bw="1" slack="0"/>
</pin_list>
<bind>
<StgValue><ssdm name=""/></StgValue>
</bind>
</comp>

<comp id="16" class="1001" name="const_16">
<pin_list>
<pin id="17" dir="1" index="0" bw="1" slack="0"/>
</pin_list>
<bind>
<StgValue><ssdm name="_ssdm_op_Read.ap_auto.i512"/></StgValue>
</bind>
</comp>

<comp id="18" class="1001" name="const_18">
<pin_list>
<pin id="19" dir="1" index="0" bw="1" slack="0"/>
</pin_list>
<bind>
<StgValue><ssdm name="_ssdm_op_Read.ap_auto.i58"/></StgValue>
</bind>
</comp>

<comp id="20" class="1001" name="const_20">
<pin_list>
<pin id="21" dir="1" index="0" bw="1" slack="2147483647"/>
</pin_list>
<bind>
<StgValue><ssdm name="_ssdm_op_SpecInterface"/></StgValue>
</bind>
</comp>

<comp id="22" class="1001" name="const_22">
<pin_list>
<pin id="23" dir="1" index="0" bw="1" slack="2147483647"/>
</pin_list>
<bind>
<StgValue><ssdm name="empty_417"/></StgValue>
</bind>
</comp>

<comp id="24" class="1001" name="const_24">
<pin_list>
<pin id="25" dir="1" index="0" bw="1" slack="2147483647"/>
</pin_list>
<bind>
<StgValue><ssdm name=""/></StgValue>
</bind>
</comp>

<comp id="26" class="1001" name="const_26">
<pin_list>
<pin id="27" dir="1" index="0" bw="1" slack="2147483647"/>
</pin_list>
<bind>
<StgValue><ssdm name="empty_418"/></StgValue>
</bind>
</comp>

<comp id="28" class="1001" name="const_28">
<pin_list>
<pin id="29" dir="1" index="0" bw="1" slack="2147483647"/>
</pin_list>
<bind>
<StgValue><ssdm name=""/></StgValue>
</bind>
</comp>

<comp id="30" class="1001" name="const_30">
<pin_list>
<pin id="31" dir="1" index="0" bw="1" slack="2147483647"/>
</pin_list>
<bind>
<StgValue><ssdm name=""/></StgValue>
</bind>
</comp>

<comp id="32" class="1001" name="const_32">
<pin_list>
<pin id="33" dir="1" index="0" bw="1" slack="2147483647"/>
</pin_list>
<bind>
<StgValue><ssdm name="empty_423"/></StgValue>
</bind>
</comp>

<comp id="34" class="1001" name="const_34">
<pin_list>
<pin id="35" dir="1" index="0" bw="1" slack="2147483647"/>
</pin_list>
<bind>
<StgValue><ssdm name="empty_420"/></StgValue>
</bind>
</comp>

<comp id="36" class="1001" name="const_36">
<pin_list>
<pin id="37" dir="1" index="0" bw="1" slack="2147483647"/>
</pin_list>
<bind>
<StgValue><ssdm name=""/></StgValue>
</bind>
</comp>

<comp id="38" class="1001" name="const_38">
<pin_list>
<pin id="39" dir="1" index="0" bw="1" slack="2147483647"/>
</pin_list>
<bind>
<StgValue><ssdm name=""/></StgValue>
</bind>
</comp>

<comp id="40" class="1001" name="const_40">
<pin_list>
<pin id="41" dir="1" index="0" bw="1" slack="2147483647"/>
</pin_list>
<bind>
<StgValue><ssdm name=""/></StgValue>
</bind>
</comp>

<comp id="42" class="1001" name="const_42">
<pin_list>
<pin id="43" dir="1" index="0" bw="1" slack="2147483647"/>
</pin_list>
<bind>
<StgValue><ssdm name=""/></StgValue>
</bind>
</comp>

<comp id="44" class="1001" name="const_44">
<pin_list>
<pin id="45" dir="1" index="0" bw="1" slack="0"/>
</pin_list>
<bind>
<StgValue><ssdm name=""/></StgValue>
</bind>
</comp>

<comp id="46" class="1001" name="const_46">
<pin_list>
<pin id="47" dir="1" index="0" bw="1" slack="0"/>
</pin_list>
<bind>
<StgValue><ssdm name=""/></StgValue>
</bind>
</comp>

<comp id="48" class="1001" name="const_48">
<pin_list>
<pin id="49" dir="1" index="0" bw="1" slack="0"/>
</pin_list>
<bind>
<StgValue><ssdm name=""/></StgValue>
</bind>
</comp>

<comp id="50" class="1001" name="const_50">
<pin_list>
<pin id="51" dir="1" index="0" bw="1" slack="0"/>
</pin_list>
<bind>
<StgValue><ssdm name="_ssdm_op_SparseMux.ap_auto.5i512.i512.i3"/></StgValue>
</bind>
</comp>

<comp id="52" class="1001" name="const_52">
<pin_list>
<pin id="53" dir="1" index="0" bw="1" slack="0"/>
</pin_list>
<bind>
<StgValue><ssdm name=""/></StgValue>
</bind>
</comp>

<comp id="54" class="1001" name="const_54">
<pin_list>
<pin id="55" dir="1" index="0" bw="1" slack="0"/>
</pin_list>
<bind>
<StgValue><ssdm name=""/></StgValue>
</bind>
</comp>

<comp id="56" class="1001" name="const_56">
<pin_list>
<pin id="57" dir="1" index="0" bw="1" slack="0"/>
</pin_list>
<bind>
<StgValue><ssdm name=""/></StgValue>
</bind>
</comp>

<comp id="58" class="1001" name="const_58">
<pin_list>
<pin id="59" dir="1" index="0" bw="1" slack="0"/>
</pin_list>
<bind>
<StgValue><ssdm name=""/></StgValue>
</bind>
</comp>

<comp id="60" class="1001" name="const_60">
<pin_list>
<pin id="61" dir="1" index="0" bw="1" slack="2147483647"/>
</pin_list>
<bind>
<StgValue><ssdm name="_ssdm_op_SpecPipeline"/></StgValue>
</bind>
</comp>

<comp id="62" class="1001" name="const_62">
<pin_list>
<pin id="63" dir="1" index="0" bw="1" slack="2147483647"/>
</pin_list>
<bind>
<StgValue><ssdm name="_ssdm_op_SpecLoopTripCount"/></StgValue>
</bind>
</comp>

<comp id="64" class="1001" name="const_64">
<pin_list>
<pin id="65" dir="1" index="0" bw="1" slack="2147483647"/>
</pin_list>
<bind>
<StgValue><ssdm name=""/></StgValue>
</bind>
</comp>

<comp id="66" class="1001" name="const_66">
<pin_list>
<pin id="67" dir="1" index="0" bw="1" slack="2147483647"/>
</pin_list>
<bind>
<StgValue><ssdm name="_ssdm_op_SpecLoopName"/></StgValue>
</bind>
</comp>

<comp id="68" class="1001" name="const_68">
<pin_list>
<pin id="69" dir="1" index="0" bw="1" slack="2147483647"/>
</pin_list>
<bind>
<StgValue><ssdm name="empty_476"/></StgValue>
</bind>
</comp>

<comp id="70" class="1001" name="const_70">
<pin_list>
<pin id="71" dir="1" index="0" bw="1" slack="0"/>
</pin_list>
<bind>
<StgValue><ssdm name="_ssdm_op_Write.m_axi.p1i512"/></StgValue>
</bind>
</comp>

<comp id="72" class="1001" name="const_72">
<pin_list>
<pin id="73" dir="1" index="0" bw="1" slack="0"/>
</pin_list>
<bind>
<StgValue><ssdm name=""/></StgValue>
</bind>
</comp>

<comp id="74" class="1004" name="word_fu_74">
<pin_list>
<pin id="75" dir="0" index="0" bw="1" slack="0"/>
<pin id="76" dir="1" index="1" bw="3" slack="0"/>
</pin_list>
<bind>
<opcode="alloca(26) " fcode="alloca"/>
<opset="word/1 "/>
</bind>
</comp>

<comp id="78" class="1004" name="compressed_kv_record_4_read_read_fu_78">
<pin_list>
<pin id="79" dir="0" index="0" bw="512" slack="0"/>
<pin id="80" dir="0" index="1" bw="512" slack="0"/>
<pin id="81" dir="1" index="2" bw="512" slack="0"/>
</pin_list>
<bind>
<opcode="read(1150) " fcode="read"/>
<opset="compressed_kv_record_4_read/1 "/>
</bind>
</comp>

<comp id="84" class="1004" name="compressed_kv_record_3_read_read_fu_84">
<pin_list>
<pin id="85" dir="0" index="0" bw="512" slack="0"/>
<pin id="86" dir="0" index="1" bw="512" slack="0"/>
<pin id="87" dir="1" index="2" bw="512" slack="0"/>
</pin_list>
<bind>
<opcode="read(1150) " fcode="read"/>
<opset="compressed_kv_record_3_read/1 "/>
</bind>
</comp>

<comp id="90" class="1004" name="compressed_kv_record_2_read_read_fu_90">
<pin_list>
<pin id="91" dir="0" index="0" bw="512" slack="0"/>
<pin id="92" dir="0" index="1" bw="512" slack="0"/>
<pin id="93" dir="1" index="2" bw="512" slack="0"/>
</pin_list>
<bind>
<opcode="read(1150) " fcode="read"/>
<opset="compressed_kv_record_2_read/1 "/>
</bind>
</comp>

<comp id="96" class="1004" name="compressed_kv_record_1_read_read_fu_96">
<pin_list>
<pin id="97" dir="0" index="0" bw="512" slack="0"/>
<pin id="98" dir="0" index="1" bw="512" slack="0"/>
<pin id="99" dir="1" index="2" bw="512" slack="0"/>
</pin_list>
<bind>
<opcode="read(1150) " fcode="read"/>
<opset="compressed_kv_record_1_read/1 "/>
</bind>
</comp>

<comp id="102" class="1004" name="compressed_kv_record_read_read_fu_102">
<pin_list>
<pin id="103" dir="0" index="0" bw="512" slack="0"/>
<pin id="104" dir="0" index="1" bw="512" slack="0"/>
<pin id="105" dir="1" index="2" bw="512" slack="0"/>
</pin_list>
<bind>
<opcode="read(1150) " fcode="read"/>
<opset="compressed_kv_record_read/1 "/>
</bind>
</comp>

<comp id="108" class="1004" name="sext_ln1952_read_read_fu_108">
<pin_list>
<pin id="109" dir="0" index="0" bw="58" slack="0"/>
<pin id="110" dir="0" index="1" bw="58" slack="0"/>
<pin id="111" dir="1" index="2" bw="58" slack="0"/>
</pin_list>
<bind>
<opcode="read(1150) " fcode="read"/>
<opset="sext_ln1952_read/1 "/>
</bind>
</comp>

<comp id="114" class="1004" name="write_ln1956_write_fu_114">
<pin_list>
<pin id="115" dir="0" index="0" bw="0" slack="0"/>
<pin id="116" dir="0" index="1" bw="512" slack="0"/>
<pin id="117" dir="0" index="2" bw="512" slack="1"/>
<pin id="118" dir="0" index="3" bw="1" slack="0"/>
<pin id="119" dir="1" index="4" bw="0" slack="2147483647"/>
</pin_list>
<bind>
<opcode="write(1151) " fcode="write"/>
<opset="write_ln1956/2 "/>
</bind>
</comp>

<comp id="122" class="1004" name="sext_ln1952_cast_fu_122">
<pin_list>
<pin id="123" dir="0" index="0" bw="58" slack="0"/>
<pin id="124" dir="1" index="1" bw="64" slack="1"/>
</pin_list>
<bind>
<opcode="sext(35) " fcode="sext"/>
<opset="sext_ln1952_cast/1 "/>
</bind>
</comp>

<comp id="126" class="1004" name="store_ln1952_store_fu_126">
<pin_list>
<pin id="127" dir="0" index="0" bw="1" slack="0"/>
<pin id="128" dir="0" index="1" bw="3" slack="0"/>
<pin id="129" dir="1" index="2" bw="0" slack="2147483647"/>
</pin_list>
<bind>
<opcode="store(28) " fcode="store"/>
<opset="store_ln1952/1 "/>
</bind>
</comp>

<comp id="131" class="1004" name="word_1_load_fu_131">
<pin_list>
<pin id="132" dir="0" index="0" bw="3" slack="0"/>
<pin id="133" dir="1" index="1" bw="3" slack="0"/>
</pin_list>
<bind>
<opcode="load(27) " fcode="load"/>
<opset="word_1/1 "/>
</bind>
</comp>

<comp id="134" class="1004" name="icmp_ln1953_fu_134">
<pin_list>
<pin id="135" dir="0" index="0" bw="3" slack="0"/>
<pin id="136" dir="0" index="1" bw="3" slack="0"/>
<pin id="137" dir="1" index="2" bw="1" slack="2147483647"/>
</pin_list>
<bind>
<opcode="icmp(45) " fcode="icmp"/>
<opset="icmp_ln1953/1 "/>
</bind>
</comp>

<comp id="140" class="1004" name="add_ln1954_fu_140">
<pin_list>
<pin id="141" dir="0" index="0" bw="3" slack="0"/>
<pin id="142" dir="0" index="1" bw="1" slack="0"/>
<pin id="143" dir="1" index="2" bw="3" slack="0"/>
</pin_list>
<bind>
<opcode="add(8) " fcode="add"/>
<opset="add_ln1954/1 "/>
</bind>
</comp>

<comp id="146" class="1004" name="tmp_fu_146">
<pin_list>
<pin id="147" dir="0" index="0" bw="512" slack="0"/>
<pin id="148" dir="0" index="1" bw="1" slack="0"/>
<pin id="149" dir="0" index="2" bw="512" slack="0"/>
<pin id="150" dir="0" index="3" bw="1" slack="0"/>
<pin id="151" dir="0" index="4" bw="512" slack="0"/>
<pin id="152" dir="0" index="5" bw="3" slack="0"/>
<pin id="153" dir="0" index="6" bw="512" slack="0"/>
<pin id="154" dir="0" index="7" bw="3" slack="0"/>
<pin id="155" dir="0" index="8" bw="512" slack="0"/>
<pin id="156" dir="0" index="9" bw="3" slack="0"/>
<pin id="157" dir="0" index="10" bw="512" slack="0"/>
<pin id="158" dir="0" index="11" bw="1" slack="0"/>
<pin id="159" dir="0" index="12" bw="3" slack="0"/>
<pin id="160" dir="1" index="13" bw="512" slack="1"/>
</pin_list>
<bind>
<opcode="sparsemux(1197) " fcode="sparsemux"/>
<opset="tmp/1 "/>
</bind>
</comp>

<comp id="174" class="1004" name="store_ln1952_store_fu_174">
<pin_list>
<pin id="175" dir="0" index="0" bw="3" slack="0"/>
<pin id="176" dir="0" index="1" bw="3" slack="0"/>
<pin id="177" dir="1" index="2" bw="0" slack="2147483647"/>
</pin_list>
<bind>
<opcode="store(28) " fcode="store"/>
<opset="store_ln1952/1 "/>
</bind>
</comp>

<comp id="179" class="1004" name="gmem3_addr_fu_179">
<pin_list>
<pin id="180" dir="0" index="0" bw="64" slack="0"/>
<pin id="181" dir="0" index="1" bw="64" slack="1"/>
<pin id="182" dir="1" index="2" bw="64" slack="0"/>
</pin_list>
<bind>
<opcode="getelementptr(29) " fcode="getelementptr"/>
<opset="gmem3_addr/2 "/>
</bind>
</comp>

<comp id="185" class="1005" name="word_reg_185">
<pin_list>
<pin id="186" dir="0" index="0" bw="3" slack="0"/>
<pin id="187" dir="1" index="1" bw="3" slack="0"/>
</pin_list>
<bind>
<opset="word "/>
</bind>
</comp>

<comp id="192" class="1005" name="sext_ln1952_cast_reg_192">
<pin_list>
<pin id="193" dir="0" index="0" bw="64" slack="1"/>
<pin id="194" dir="1" index="1" bw="64" slack="1"/>
</pin_list>
<bind>
<opset="sext_ln1952_cast "/>
</bind>
</comp>

<comp id="200" class="1005" name="tmp_reg_200">
<pin_list>
<pin id="201" dir="0" index="0" bw="512" slack="1"/>
<pin id="202" dir="1" index="1" bw="512" slack="1"/>
</pin_list>
<bind>
<opset="tmp "/>
</bind>
</comp>

</comp_list>

<net_list>
<net id="77"><net_src comp="14" pin="0"/><net_sink comp="74" pin=0"/></net>

<net id="82"><net_src comp="16" pin="0"/><net_sink comp="78" pin=0"/></net>

<net id="83"><net_src comp="12" pin="0"/><net_sink comp="78" pin=1"/></net>

<net id="88"><net_src comp="16" pin="0"/><net_sink comp="84" pin=0"/></net>

<net id="89"><net_src comp="10" pin="0"/><net_sink comp="84" pin=1"/></net>

<net id="94"><net_src comp="16" pin="0"/><net_sink comp="90" pin=0"/></net>

<net id="95"><net_src comp="8" pin="0"/><net_sink comp="90" pin=1"/></net>

<net id="100"><net_src comp="16" pin="0"/><net_sink comp="96" pin=0"/></net>

<net id="101"><net_src comp="6" pin="0"/><net_sink comp="96" pin=1"/></net>

<net id="106"><net_src comp="16" pin="0"/><net_sink comp="102" pin=0"/></net>

<net id="107"><net_src comp="4" pin="0"/><net_sink comp="102" pin=1"/></net>

<net id="112"><net_src comp="18" pin="0"/><net_sink comp="108" pin=0"/></net>

<net id="113"><net_src comp="2" pin="0"/><net_sink comp="108" pin=1"/></net>

<net id="120"><net_src comp="70" pin="0"/><net_sink comp="114" pin=0"/></net>

<net id="121"><net_src comp="72" pin="0"/><net_sink comp="114" pin=3"/></net>

<net id="125"><net_src comp="108" pin="2"/><net_sink comp="122" pin=0"/></net>

<net id="130"><net_src comp="44" pin="0"/><net_sink comp="126" pin=0"/></net>

<net id="138"><net_src comp="131" pin="1"/><net_sink comp="134" pin=0"/></net>

<net id="139"><net_src comp="46" pin="0"/><net_sink comp="134" pin=1"/></net>

<net id="144"><net_src comp="131" pin="1"/><net_sink comp="140" pin=0"/></net>

<net id="145"><net_src comp="48" pin="0"/><net_sink comp="140" pin=1"/></net>

<net id="161"><net_src comp="50" pin="0"/><net_sink comp="146" pin=0"/></net>

<net id="162"><net_src comp="44" pin="0"/><net_sink comp="146" pin=1"/></net>

<net id="163"><net_src comp="102" pin="2"/><net_sink comp="146" pin=2"/></net>

<net id="164"><net_src comp="48" pin="0"/><net_sink comp="146" pin=3"/></net>

<net id="165"><net_src comp="96" pin="2"/><net_sink comp="146" pin=4"/></net>

<net id="166"><net_src comp="52" pin="0"/><net_sink comp="146" pin=5"/></net>

<net id="167"><net_src comp="90" pin="2"/><net_sink comp="146" pin=6"/></net>

<net id="168"><net_src comp="54" pin="0"/><net_sink comp="146" pin=7"/></net>

<net id="169"><net_src comp="84" pin="2"/><net_sink comp="146" pin=8"/></net>

<net id="170"><net_src comp="56" pin="0"/><net_sink comp="146" pin=9"/></net>

<net id="171"><net_src comp="78" pin="2"/><net_sink comp="146" pin=10"/></net>

<net id="172"><net_src comp="58" pin="0"/><net_sink comp="146" pin=11"/></net>

<net id="173"><net_src comp="131" pin="1"/><net_sink comp="146" pin=12"/></net>

<net id="178"><net_src comp="140" pin="2"/><net_sink comp="174" pin=0"/></net>

<net id="183"><net_src comp="0" pin="0"/><net_sink comp="179" pin=0"/></net>

<net id="184"><net_src comp="179" pin="2"/><net_sink comp="114" pin=1"/></net>

<net id="188"><net_src comp="74" pin="1"/><net_sink comp="185" pin=0"/></net>

<net id="189"><net_src comp="185" pin="1"/><net_sink comp="126" pin=1"/></net>

<net id="190"><net_src comp="185" pin="1"/><net_sink comp="131" pin=0"/></net>

<net id="191"><net_src comp="185" pin="1"/><net_sink comp="174" pin=1"/></net>

<net id="195"><net_src comp="122" pin="1"/><net_sink comp="192" pin=0"/></net>

<net id="196"><net_src comp="192" pin="1"/><net_sink comp="179" pin=1"/></net>

<net id="203"><net_src comp="146" pin="13"/><net_sink comp="200" pin=0"/></net>

<net id="204"><net_src comp="200" pin="1"/><net_sink comp="114" pin=2"/></net>

</net_list>

</model> 
---------------- Datapath Model END ------------------

* FSMD analyzer results:
  - Output states:
	Port: gmem3 | {2 }
 - Input state : 
	Port: swiftkv_run_bank_Pipeline_pe_write_kv_word_loop : gmem3 | {}
	Port: swiftkv_run_bank_Pipeline_pe_write_kv_word_loop : sext_ln1952 | {1 }
	Port: swiftkv_run_bank_Pipeline_pe_write_kv_word_loop : compressed_kv_record | {1 }
	Port: swiftkv_run_bank_Pipeline_pe_write_kv_word_loop : compressed_kv_record_1 | {1 }
	Port: swiftkv_run_bank_Pipeline_pe_write_kv_word_loop : compressed_kv_record_2 | {1 }
	Port: swiftkv_run_bank_Pipeline_pe_write_kv_word_loop : compressed_kv_record_3 | {1 }
	Port: swiftkv_run_bank_Pipeline_pe_write_kv_word_loop : compressed_kv_record_4 | {1 }
  - Chain level:
	State 1
		store_ln1952 : 1
		word_1 : 1
		icmp_ln1953 : 2
		add_ln1954 : 2
		br_ln1952 : 3
		tmp : 2
		store_ln1952 : 3
	State 2
		write_ln1956 : 1


============================================================
+ Verbose Summary: Datapath Resource usage 
============================================================

* Functional unit list:
|----------|----------------------------------------|---------|---------|
| Operation|             Functional Unit            |    FF   |   LUT   |
|----------|----------------------------------------|---------|---------|
| sparsemux|               tmp_fu_146               |    0    |    26   |
|----------|----------------------------------------|---------|---------|
|   icmp   |           icmp_ln1953_fu_134           |    0    |    10   |
|----------|----------------------------------------|---------|---------|
|    add   |            add_ln1954_fu_140           |    0    |    10   |
|----------|----------------------------------------|---------|---------|
|          | compressed_kv_record_4_read_read_fu_78 |    0    |    0    |
|          | compressed_kv_record_3_read_read_fu_84 |    0    |    0    |
|   read   | compressed_kv_record_2_read_read_fu_90 |    0    |    0    |
|          | compressed_kv_record_1_read_read_fu_96 |    0    |    0    |
|          |  compressed_kv_record_read_read_fu_102 |    0    |    0    |
|          |      sext_ln1952_read_read_fu_108      |    0    |    0    |
|----------|----------------------------------------|---------|---------|
|   write  |        write_ln1956_write_fu_114       |    0    |    0    |
|----------|----------------------------------------|---------|---------|
|   sext   |         sext_ln1952_cast_fu_122        |    0    |    0    |
|----------|----------------------------------------|---------|---------|
|   Total  |                                        |    0    |    46   |
|----------|----------------------------------------|---------|---------|

Memories:
N/A

* Register list:
+------------------------+--------+
|                        |   FF   |
+------------------------+--------+
|sext_ln1952_cast_reg_192|   64   |
|       tmp_reg_200      |   512  |
|      word_reg_185      |    3   |
+------------------------+--------+
|          Total         |   579  |
+------------------------+--------+

* Multiplexer (MUX) list: 
|--------|------|------|------|--------|
|  Comp  |  Pin | Size |  BW  | S x BW |
|--------|------|------|------|--------|
|  Total |      |      |      |    0   |
|--------|------|------|------|--------|



* Summary:
+-----------+--------+--------+
|           |   FF   |   LUT  |
+-----------+--------+--------+
|  Function |    0   |   46   |
|   Memory  |    -   |    -   |
|Multiplexer|    -   |    -   |
|  Register |   579  |    -   |
+-----------+--------+--------+
|   Total   |   579  |   46   |
+-----------+--------+--------+
