

================================================================
== Vitis HLS Report for 'swiftkv_coefficient_producer'
================================================================
* Date:           Tue Aug 11 09:16:55 2026

* Version:        2023.2 (Build 4023990 on Oct 11 2023)
* Project:        proj_int4_decoder_xo
* Solution:       solution1 (Vitis Kernel Flow Target)
* Product family: virtexuplus
* Target device:  xcu250-figd2104-2L-e


================================================================
== Performance Estimates
================================================================
+ Timing: 
    * Summary: 
    +--------+---------+----------+------------+
    |  Clock |  Target | Estimated| Uncertainty|
    +--------+---------+----------+------------+
    |ap_clk  |  3.33 ns|  2.433 ns|     0.90 ns|
    +--------+---------+----------+------------+

+ Latency: 
    * Summary: 
    +---------+---------+----------+-----------+-----+-------+---------+
    |  Latency (cycles) |  Latency (absolute)  |   Interval  | Pipeline|
    |   min   |   max   |    min   |    max    | min |  max  |   Type  |
    +---------+---------+----------+-----------+-----+-------+---------+
    |       59|    24629|  0.197 us|  82.088 us|   59|  24629|       no|
    +---------+---------+----------+-----------+-----+-------+---------+

    + Detail: 
        * Instance: 
        N/A

        * Loop: 
        N/A

============================================================
+ Verbose Summary: Synthesis Manager
============================================================
InlineROM: 1
ExposeGlobal: 0
============================================================
+ Verbose Summary: CDFG Model
============================================================
IsTopModel: 0
ResetActiveHigh: 1
IsCombinational: 2
IsDatapathOnly: 0
HasWiredReturn: 1
HasMFsm: 0
HasVarLatency: 1
IsPipeline: 0
IsRtlPipelined: 0
IsInstanceOverlapped: 0
IsDontTouch: 0
HasImplIP: 0
IsGatedGlobalClock: 0


============================================================
+ Verbose Summary: Schedule
============================================================
* Number of FSM states : 5
* Pipeline : 0
* Dataflow Pipeline: 0

* FSM state transitions: 
1 --> 2 
2 --> 3 
3 --> 4 
4 --> 5 
5 --> 

* FSM state operations: 

State 1 <SV = 0> <Delay = 2.43>
ST_1 : Operation 6 [1/1] (0.00ns)   --->   "%normalization_loc = alloca i64 1"   --->   Operation 6 'alloca' 'normalization_loc' <Predicate = true> <Delay = 0.00>
ST_1 : Operation 7 [1/1] (1.21ns)   --->   "%position_read = read i12 @_ssdm_op_Read.ap_fifo.i12P0A, i12 %position"   --->   Operation 7 'read' 'position_read' <Predicate = true> <Delay = 1.21> <CoreInst = "FIFO_SRL">   --->   Core 81 'FIFO_SRL' <Latency = 0> <II = 1> <Delay = 1.34> <Storage> <Opcode : 'read' 'write' 'nbread' 'nbwrite'> <Ports = 0> <Width = 12> <Depth = 2> <FIFO>
ST_1 : Operation 8 [1/1] (1.21ns)   --->   "%write_ln0 = write void @_ssdm_op_Write.ap_fifo.i12P0A, i12 %position_val_c, i12 %position_read"   --->   Operation 8 'write' 'write_ln0' <Predicate = true> <Delay = 1.21> <CoreInst = "FIFO_SRL">   --->   Core 81 'FIFO_SRL' <Latency = 0> <II = 1> <Delay = 1.34> <Storage> <Opcode : 'read' 'write' 'nbread' 'nbwrite'> <Ports = 0> <Width = 12> <Depth = 2> <FIFO>

State 2 <SV = 1> <Delay = 1.50>
ST_2 : Operation 9 [1/1] (0.00ns)   --->   "%zext_ln1094 = zext i12 %position_read" [source/swiftkv_attention.cpp:1094]   --->   Operation 9 'zext' 'zext_ln1094' <Predicate = true> <Delay = 0.00>
ST_2 : Operation 10 [1/1] (0.74ns)   --->   "%add_ln1094 = add i13 %zext_ln1094, i13 1" [source/swiftkv_attention.cpp:1094]   --->   Operation 10 'add' 'add_ln1094' <Predicate = true> <Delay = 0.74> <CoreInst = "Adder">   --->   Core 1 'Adder' <Latency = 0> <II = 1> <Delay = 0.74> <FuncUnit> <Opcode : 'add' 'sub'> <InPorts = 2> <OutPorts = 1>
ST_2 : Operation 11 [1/1] (0.00ns)   --->   "%empty = wait i32 @_ssdm_op_Wait"   --->   Operation 11 'wait' 'empty' <Predicate = true> <Delay = 0.00>
ST_2 : Operation 12 [2/2] (0.75ns)   --->   "%call_ln1094 = call void @swiftkv_coefficient_producer_Pipeline_coefficient_token_loop, i13 %add_ln1094, i32 %score_stream, i19 %control_stream, i30 %normalization_loc, i32 %SWIFTKV_EXP2_LUT_Q30" [source/swiftkv_attention.cpp:1094]   --->   Operation 12 'call' 'call_ln1094' <Predicate = true> <Delay = 0.75> <CoreType = "Generic">   --->   Core 0 '' <Latency = 0> <II = 1> <Delay = 1.00> <Generic> <Opcode : >

State 3 <SV = 2> <Delay = 0.00>
ST_3 : Operation 13 [1/2] (0.00ns)   --->   "%call_ln1094 = call void @swiftkv_coefficient_producer_Pipeline_coefficient_token_loop, i13 %add_ln1094, i32 %score_stream, i19 %control_stream, i30 %normalization_loc, i32 %SWIFTKV_EXP2_LUT_Q30" [source/swiftkv_attention.cpp:1094]   --->   Operation 13 'call' 'call_ln1094' <Predicate = true> <Delay = 0.00> <CoreType = "Generic">   --->   Core 0 '' <Latency = 0> <II = 1> <Delay = 1.00> <Generic> <Opcode : >

State 4 <SV = 3> <Delay = 0.00>
ST_4 : Operation 14 [1/1] (0.00ns)   --->   "%normalization_loc_load = load i30 %normalization_loc"   --->   Operation 14 'load' 'normalization_loc_load' <Predicate = true> <Delay = 0.00>
ST_4 : Operation 15 [1/1] (0.00ns)   --->   "%empty_739 = wait i32 @_ssdm_op_Wait"   --->   Operation 15 'wait' 'empty_739' <Predicate = true> <Delay = 0.00>
ST_4 : Operation 16 [2/2] (0.00ns)   --->   "%inverse_normalization = call i18 @swiftkv_reciprocal_normalization, i30 %normalization_loc_load" [source/swiftkv_attention.cpp:1133]   --->   Operation 16 'call' 'inverse_normalization' <Predicate = true> <Delay = 0.00> <CoreType = "Generic">   --->   Core 0 '' <Latency = 0> <II = 1> <Delay = 1.00> <Generic> <Opcode : >

State 5 <SV = 4> <Delay = 1.21>
ST_5 : Operation 17 [1/1] (0.00ns)   --->   "%specinterface_ln0 = specinterface void @_ssdm_op_SpecInterface, i12 %position, void @ap_fifo_str, i32 0, i32 0, void @p_str, i32 0, i32 0, void @p_str, void @p_str, void @p_str, i32 2, i32 2, i32 16, i32 16, void @p_str, void @ScalarProp_str, i32 4294967295, i32 0"   --->   Operation 17 'specinterface' 'specinterface_ln0' <Predicate = true> <Delay = 0.00>
ST_5 : Operation 18 [1/1] (0.00ns)   --->   "%specinterface_ln0 = specinterface void @_ssdm_op_SpecInterface, i12 %position_val_c, void @ap_fifo_str, i32 0, i32 0, void @p_str, i32 0, i32 0, void @p_str, void @p_str, void @p_str, i32 2, i32 2, i32 16, i32 16, void @p_str, void @ScalarProp_str, i32 4294967295, i32 0"   --->   Operation 18 'specinterface' 'specinterface_ln0' <Predicate = true> <Delay = 0.00>
ST_5 : Operation 19 [1/1] (0.00ns)   --->   "%specmemcore_ln0 = specmemcore void @_ssdm_op_SpecMemCore, i32 %inverse_normalization_stream, i64 666, i64 10, i64 18446744073709551615"   --->   Operation 19 'specmemcore' 'specmemcore_ln0' <Predicate = true> <Delay = 0.00>
ST_5 : Operation 20 [1/1] (0.00ns)   --->   "%specmemcore_ln0 = specmemcore void @_ssdm_op_SpecMemCore, i19 %control_stream, i64 666, i64 10, i64 18446744073709551615"   --->   Operation 20 'specmemcore' 'specmemcore_ln0' <Predicate = true> <Delay = 0.00>
ST_5 : Operation 21 [1/1] (0.00ns)   --->   "%specmemcore_ln0 = specmemcore void @_ssdm_op_SpecMemCore, i32 %score_stream, i64 666, i64 10, i64 18446744073709551615"   --->   Operation 21 'specmemcore' 'specmemcore_ln0' <Predicate = true> <Delay = 0.00>
ST_5 : Operation 22 [1/1] (0.00ns)   --->   "%specinterface_ln0 = specinterface void @_ssdm_op_SpecInterface, i32 %inverse_normalization_stream, void @empty_447, i32 0, i32 0, void @empty_418, i32 0, i32 0, void @empty_418, void @empty_418, void @empty_418, i32 0, i32 0, i32 0, i32 0, void @empty_418, void @empty_418, i32 4294967295, i32 0"   --->   Operation 22 'specinterface' 'specinterface_ln0' <Predicate = true> <Delay = 0.00>
ST_5 : Operation 23 [1/1] (0.00ns)   --->   "%specinterface_ln0 = specinterface void @_ssdm_op_SpecInterface, i19 %control_stream, void @empty_447, i32 0, i32 0, void @empty_418, i32 0, i32 0, void @empty_418, void @empty_418, void @empty_418, i32 0, i32 0, i32 0, i32 0, void @empty_418, void @empty_418, i32 4294967295, i32 0"   --->   Operation 23 'specinterface' 'specinterface_ln0' <Predicate = true> <Delay = 0.00>
ST_5 : Operation 24 [1/1] (0.00ns)   --->   "%specinterface_ln0 = specinterface void @_ssdm_op_SpecInterface, i32 %score_stream, void @empty_447, i32 0, i32 0, void @empty_418, i32 0, i32 0, void @empty_418, void @empty_418, void @empty_418, i32 0, i32 0, i32 0, i32 0, void @empty_418, void @empty_418, i32 4294967295, i32 0"   --->   Operation 24 'specinterface' 'specinterface_ln0' <Predicate = true> <Delay = 0.00>
ST_5 : Operation 25 [1/2] (0.00ns)   --->   "%inverse_normalization = call i18 @swiftkv_reciprocal_normalization, i30 %normalization_loc_load" [source/swiftkv_attention.cpp:1133]   --->   Operation 25 'call' 'inverse_normalization' <Predicate = true> <Delay = 0.00> <CoreType = "Generic">   --->   Core 0 '' <Latency = 0> <II = 1> <Delay = 1.00> <Generic> <Opcode : >
ST_5 : Operation 26 [1/1] (0.00ns)   --->   "%zext_ln1133 = zext i18 %inverse_normalization" [source/swiftkv_attention.cpp:1133]   --->   Operation 26 'zext' 'zext_ln1133' <Predicate = true> <Delay = 0.00>
ST_5 : Operation 27 [1/1] (1.21ns)   --->   "%write_ln1134 = write void @_ssdm_op_Write.ap_fifo.volatile.i32P0A, i32 %inverse_normalization_stream, i32 %zext_ln1133" [source/swiftkv_attention.cpp:1134]   --->   Operation 27 'write' 'write_ln1134' <Predicate = true> <Delay = 1.21> <CoreInst = "FIFO_SRL">   --->   Core 81 'FIFO_SRL' <Latency = 0> <II = 1> <Delay = 1.39> <Storage> <Opcode : 'read' 'write' 'nbread' 'nbwrite'> <Ports = 0> <Width = 32> <Depth = 2> <FIFO>
ST_5 : Operation 28 [1/1] (0.00ns)   --->   "%ret_ln1135 = ret" [source/swiftkv_attention.cpp:1135]   --->   Operation 28 'ret' 'ret_ln1135' <Predicate = true> <Delay = 0.00>


============================================================
+ Verbose Summary: Timing violations
============================================================
Target clock period: 3.333ns, clock uncertainty: 0.900ns.

 <State 1>: 2.433ns
The critical path consists of the following:
	fifo read operation ('position_read') on port 'position' [9]  (1.217 ns)
	fifo write operation ('write_ln0') on port 'position_val_c' [11]  (1.217 ns)

 <State 2>: 1.500ns
The critical path consists of the following:
	'add' operation 13 bit ('add_ln1094', source/swiftkv_attention.cpp:1094) [19]  (0.745 ns)
	'call' operation 0 bit ('call_ln1094', source/swiftkv_attention.cpp:1094) to 'swiftkv_coefficient_producer_Pipeline_coefficient_token_loop' [21]  (0.755 ns)

 <State 3>: 0.000ns
The critical path consists of the following:

 <State 4>: 0.000ns
The critical path consists of the following:

 <State 5>: 1.217ns
The critical path consists of the following:
	'call' operation 18 bit ('inverse_normalization', source/swiftkv_attention.cpp:1133) to 'swiftkv_reciprocal_normalization' [24]  (0.000 ns)
	fifo write operation ('write_ln1134', source/swiftkv_attention.cpp:1134) on port 'inverse_normalization_stream' (source/swiftkv_attention.cpp:1134) [26]  (1.217 ns)


============================================================
+ Verbose Summary: Binding
============================================================
N/A
* FSMD analyzer results:
  - Output states:
 - Input state : 
  - Chain level:
	State 1
	State 2
	State 3
	State 4
	State 5


============================================================
+ Verbose Summary: Datapath Resource usage 
============================================================
N/A
