

================================================================
== Vitis HLS Report for 'swiftkv_broadcast_rope'
================================================================
* Date:           Tue Aug 11 09:16:50 2026

* Version:        2023.2 (Build 4023990 on Oct 11 2023)
* Project:        proj_int4_decoder_xo
* Solution:       solution1 (Vitis Kernel Flow Target)
* Product family: virtexuplus
* Target device:  xcu250-figd2104-2L-e


================================================================
== Performance Estimates
================================================================
+ Timing: 
    * Summary: 
    +--------+---------+----------+------------+
    |  Clock |  Target | Estimated| Uncertainty|
    +--------+---------+----------+------------+
    |ap_clk  |  3.33 ns|  2.413 ns|     0.90 ns|
    +--------+---------+----------+------------+

+ Latency: 
    * Summary: 
    +---------+---------+----------+----------+-----+-----+---------+
    |  Latency (cycles) |  Latency (absolute) |  Interval | Pipeline|
    |   min   |   max   |    min   |    max   | min | max |   Type  |
    +---------+---------+----------+----------+-----+-----+---------+
    |       66|       66|  0.220 us|  0.220 us|   66|   66|       no|
    +---------+---------+----------+----------+-----+-----+---------+

    + Detail: 
        * Instance: 
        N/A

        * Loop: 
        +----------------------------+---------+---------+----------+-----------+-----------+------+----------+
        |                            |  Latency (cycles) | Iteration|  Initiation Interval  | Trip |          |
        |          Loop Name         |   min   |   max   |  Latency |  achieved |   target  | Count| Pipelined|
        +----------------------------+---------+---------+----------+-----------+-----------+------+----------+
        |- rope_broadcast_pair_loop  |       64|       64|         2|          1|          1|    64|       yes|
        +----------------------------+---------+---------+----------+-----------+-----------+------+----------+

============================================================
+ Verbose Summary: Synthesis Manager
============================================================
InlineROM: 1
ExposeGlobal: 0
============================================================
+ Verbose Summary: CDFG Model
============================================================
IsTopModel: 0
ResetActiveHigh: 1
IsCombinational: 2
IsDatapathOnly: 0
HasWiredReturn: 1
HasMFsm: 2
HasVarLatency: 1
IsPipeline: 0
IsRtlPipelined: 0
IsInstanceOverlapped: 0
IsDontTouch: 0
HasImplIP: 0
IsGatedGlobalClock: 0

+ Individual pipeline summary: 
  * Pipeline-0: initiation interval (II) = 1, depth = 2


============================================================
+ Verbose Summary: Schedule
============================================================
* Number of FSM states : 2
* Pipeline : 1
  Pipeline-0 : II = 1, D = 2, States = { 1 2 }
* Dataflow Pipeline: 0

* FSM state transitions: 
1 --> 2 
2 --> 

* FSM state operations: 

State 1 <SV = 0> <Delay = 1.58>
ST_1 : Operation 5 [1/1] (0.00ns)   --->   "%pair = alloca i32 1" [source/swiftkv_attention.cpp:1748]   --->   Operation 5 'alloca' 'pair' <Predicate = true> <Delay = 0.00>
ST_1 : Operation 6 [1/1] (0.00ns)   --->   "%specmemcore_ln0 = specmemcore void @_ssdm_op_SpecMemCore, i19 %sin_pe3, i64 666, i64 10, i64 18446744073709551615"   --->   Operation 6 'specmemcore' 'specmemcore_ln0' <Predicate = true> <Delay = 0.00>
ST_1 : Operation 7 [1/1] (0.00ns)   --->   "%specmemcore_ln0 = specmemcore void @_ssdm_op_SpecMemCore, i19 %sin_pe2, i64 666, i64 10, i64 18446744073709551615"   --->   Operation 7 'specmemcore' 'specmemcore_ln0' <Predicate = true> <Delay = 0.00>
ST_1 : Operation 8 [1/1] (0.00ns)   --->   "%specmemcore_ln0 = specmemcore void @_ssdm_op_SpecMemCore, i19 %sin_pe1, i64 666, i64 10, i64 18446744073709551615"   --->   Operation 8 'specmemcore' 'specmemcore_ln0' <Predicate = true> <Delay = 0.00>
ST_1 : Operation 9 [1/1] (0.00ns)   --->   "%specmemcore_ln0 = specmemcore void @_ssdm_op_SpecMemCore, i19 %sin_pe0, i64 666, i64 10, i64 18446744073709551615"   --->   Operation 9 'specmemcore' 'specmemcore_ln0' <Predicate = true> <Delay = 0.00>
ST_1 : Operation 10 [1/1] (0.00ns)   --->   "%specmemcore_ln0 = specmemcore void @_ssdm_op_SpecMemCore, i19 %cos_pe3, i64 666, i64 10, i64 18446744073709551615"   --->   Operation 10 'specmemcore' 'specmemcore_ln0' <Predicate = true> <Delay = 0.00>
ST_1 : Operation 11 [1/1] (0.00ns)   --->   "%specmemcore_ln0 = specmemcore void @_ssdm_op_SpecMemCore, i19 %cos_pe2, i64 666, i64 10, i64 18446744073709551615"   --->   Operation 11 'specmemcore' 'specmemcore_ln0' <Predicate = true> <Delay = 0.00>
ST_1 : Operation 12 [1/1] (0.00ns)   --->   "%specmemcore_ln0 = specmemcore void @_ssdm_op_SpecMemCore, i19 %cos_pe1, i64 666, i64 10, i64 18446744073709551615"   --->   Operation 12 'specmemcore' 'specmemcore_ln0' <Predicate = true> <Delay = 0.00>
ST_1 : Operation 13 [1/1] (0.00ns)   --->   "%specmemcore_ln0 = specmemcore void @_ssdm_op_SpecMemCore, i19 %cos_pe0, i64 666, i64 10, i64 18446744073709551615"   --->   Operation 13 'specmemcore' 'specmemcore_ln0' <Predicate = true> <Delay = 0.00>
ST_1 : Operation 14 [1/1] (0.00ns)   --->   "%specmemcore_ln0 = specmemcore void @_ssdm_op_SpecMemCore, i19 %current_cos, i64 666, i64 18, i64 1"   --->   Operation 14 'specmemcore' 'specmemcore_ln0' <Predicate = true> <Delay = 0.00>
ST_1 : Operation 15 [1/1] (0.00ns)   --->   "%specmemcore_ln0 = specmemcore void @_ssdm_op_SpecMemCore, i19 %current_sin, i64 666, i64 18, i64 1"   --->   Operation 15 'specmemcore' 'specmemcore_ln0' <Predicate = true> <Delay = 0.00>
ST_1 : Operation 16 [1/1] (0.00ns)   --->   "%specinterface_ln0 = specinterface void @_ssdm_op_SpecInterface, i19 %sin_pe3, void @empty_447, i32 0, i32 0, void @empty_418, i32 0, i32 0, void @empty_418, void @empty_418, void @empty_418, i32 0, i32 0, i32 0, i32 0, void @empty_418, void @empty_418, i32 4294967295, i32 0"   --->   Operation 16 'specinterface' 'specinterface_ln0' <Predicate = true> <Delay = 0.00>
ST_1 : Operation 17 [1/1] (0.00ns)   --->   "%specinterface_ln0 = specinterface void @_ssdm_op_SpecInterface, i19 %sin_pe2, void @empty_447, i32 0, i32 0, void @empty_418, i32 0, i32 0, void @empty_418, void @empty_418, void @empty_418, i32 0, i32 0, i32 0, i32 0, void @empty_418, void @empty_418, i32 4294967295, i32 0"   --->   Operation 17 'specinterface' 'specinterface_ln0' <Predicate = true> <Delay = 0.00>
ST_1 : Operation 18 [1/1] (0.00ns)   --->   "%specinterface_ln0 = specinterface void @_ssdm_op_SpecInterface, i19 %sin_pe1, void @empty_447, i32 0, i32 0, void @empty_418, i32 0, i32 0, void @empty_418, void @empty_418, void @empty_418, i32 0, i32 0, i32 0, i32 0, void @empty_418, void @empty_418, i32 4294967295, i32 0"   --->   Operation 18 'specinterface' 'specinterface_ln0' <Predicate = true> <Delay = 0.00>
ST_1 : Operation 19 [1/1] (0.00ns)   --->   "%specinterface_ln0 = specinterface void @_ssdm_op_SpecInterface, i19 %sin_pe0, void @empty_447, i32 0, i32 0, void @empty_418, i32 0, i32 0, void @empty_418, void @empty_418, void @empty_418, i32 0, i32 0, i32 0, i32 0, void @empty_418, void @empty_418, i32 4294967295, i32 0"   --->   Operation 19 'specinterface' 'specinterface_ln0' <Predicate = true> <Delay = 0.00>
ST_1 : Operation 20 [1/1] (0.00ns)   --->   "%specinterface_ln0 = specinterface void @_ssdm_op_SpecInterface, i19 %cos_pe3, void @empty_447, i32 0, i32 0, void @empty_418, i32 0, i32 0, void @empty_418, void @empty_418, void @empty_418, i32 0, i32 0, i32 0, i32 0, void @empty_418, void @empty_418, i32 4294967295, i32 0"   --->   Operation 20 'specinterface' 'specinterface_ln0' <Predicate = true> <Delay = 0.00>
ST_1 : Operation 21 [1/1] (0.00ns)   --->   "%specinterface_ln0 = specinterface void @_ssdm_op_SpecInterface, i19 %cos_pe2, void @empty_447, i32 0, i32 0, void @empty_418, i32 0, i32 0, void @empty_418, void @empty_418, void @empty_418, i32 0, i32 0, i32 0, i32 0, void @empty_418, void @empty_418, i32 4294967295, i32 0"   --->   Operation 21 'specinterface' 'specinterface_ln0' <Predicate = true> <Delay = 0.00>
ST_1 : Operation 22 [1/1] (0.00ns)   --->   "%specinterface_ln0 = specinterface void @_ssdm_op_SpecInterface, i19 %cos_pe1, void @empty_447, i32 0, i32 0, void @empty_418, i32 0, i32 0, void @empty_418, void @empty_418, void @empty_418, i32 0, i32 0, i32 0, i32 0, void @empty_418, void @empty_418, i32 4294967295, i32 0"   --->   Operation 22 'specinterface' 'specinterface_ln0' <Predicate = true> <Delay = 0.00>
ST_1 : Operation 23 [1/1] (0.00ns)   --->   "%specinterface_ln0 = specinterface void @_ssdm_op_SpecInterface, i19 %cos_pe0, void @empty_447, i32 0, i32 0, void @empty_418, i32 0, i32 0, void @empty_418, void @empty_418, void @empty_418, i32 0, i32 0, i32 0, i32 0, void @empty_418, void @empty_418, i32 4294967295, i32 0"   --->   Operation 23 'specinterface' 'specinterface_ln0' <Predicate = true> <Delay = 0.00>
ST_1 : Operation 24 [1/1] (0.38ns)   --->   "%store_ln1748 = store i7 0, i7 %pair" [source/swiftkv_attention.cpp:1748]   --->   Operation 24 'store' 'store_ln1748' <Predicate = true> <Delay = 0.38>
ST_1 : Operation 25 [1/1] (0.00ns)   --->   "%br_ln1748 = br void %for.inc" [source/swiftkv_attention.cpp:1748]   --->   Operation 25 'br' 'br_ln1748' <Predicate = true> <Delay = 0.00>
ST_1 : Operation 26 [1/1] (0.00ns)   --->   "%pair_2 = load i7 %pair" [source/swiftkv_attention.cpp:1748]   --->   Operation 26 'load' 'pair_2' <Predicate = true> <Delay = 0.00>
ST_1 : Operation 27 [1/1] (0.70ns)   --->   "%icmp_ln1748 = icmp_eq  i7 %pair_2, i7 64" [source/swiftkv_attention.cpp:1748]   --->   Operation 27 'icmp' 'icmp_ln1748' <Predicate = true> <Delay = 0.70> <CoreInst = "Cmp">   --->   Core 9 'Cmp' <Latency = 0> <II = 1> <Delay = 0.70> <FuncUnit> <Opcode : 'icmp'> <InPorts = 2> <OutPorts = 1>
ST_1 : Operation 28 [1/1] (0.70ns)   --->   "%add_ln1748 = add i7 %pair_2, i7 1" [source/swiftkv_attention.cpp:1748]   --->   Operation 28 'add' 'add_ln1748' <Predicate = true> <Delay = 0.70> <CoreInst = "Adder">   --->   Core 1 'Adder' <Latency = 0> <II = 1> <Delay = 0.70> <FuncUnit> <Opcode : 'add' 'sub'> <InPorts = 2> <OutPorts = 1>
ST_1 : Operation 29 [1/1] (0.00ns)   --->   "%br_ln1748 = br i1 %icmp_ln1748, void %for.inc.split, void %for.end" [source/swiftkv_attention.cpp:1748]   --->   Operation 29 'br' 'br_ln1748' <Predicate = true> <Delay = 0.00>
ST_1 : Operation 30 [1/1] (0.00ns)   --->   "%zext_ln1748 = zext i7 %pair_2" [source/swiftkv_attention.cpp:1748]   --->   Operation 30 'zext' 'zext_ln1748' <Predicate = (!icmp_ln1748)> <Delay = 0.00>
ST_1 : Operation 31 [1/1] (0.00ns)   --->   "%current_cos_addr = getelementptr i19 %current_cos, i64 0, i64 %zext_ln1748" [source/swiftkv_attention.cpp:1750]   --->   Operation 31 'getelementptr' 'current_cos_addr' <Predicate = (!icmp_ln1748)> <Delay = 0.00>
ST_1 : Operation 32 [2/2] (1.19ns)   --->   "%current_cos_load = load i6 %current_cos_addr" [source/swiftkv_attention.cpp:1750]   --->   Operation 32 'load' 'current_cos_load' <Predicate = (!icmp_ln1748)> <Delay = 1.19> <CoreInst = "RAM_1P_BRAM">   --->   Core 90 'RAM_1P_BRAM' <Latency = 1> <II = 1> <Delay = 1.19> <Storage> <Opcode : 'load' 'store'> <Ports = 1> <Width = 19> <Depth = 64> <RAM>
ST_1 : Operation 33 [1/1] (0.00ns)   --->   "%current_sin_addr = getelementptr i19 %current_sin, i64 0, i64 %zext_ln1748" [source/swiftkv_attention.cpp:1751]   --->   Operation 33 'getelementptr' 'current_sin_addr' <Predicate = (!icmp_ln1748)> <Delay = 0.00>
ST_1 : Operation 34 [2/2] (1.19ns)   --->   "%current_sin_load = load i6 %current_sin_addr" [source/swiftkv_attention.cpp:1751]   --->   Operation 34 'load' 'current_sin_load' <Predicate = (!icmp_ln1748)> <Delay = 1.19> <CoreInst = "RAM_1P_BRAM">   --->   Core 90 'RAM_1P_BRAM' <Latency = 1> <II = 1> <Delay = 1.19> <Storage> <Opcode : 'load' 'store'> <Ports = 1> <Width = 19> <Depth = 64> <RAM>
ST_1 : Operation 35 [1/1] (0.38ns)   --->   "%store_ln1748 = store i7 %add_ln1748, i7 %pair" [source/swiftkv_attention.cpp:1748]   --->   Operation 35 'store' 'store_ln1748' <Predicate = (!icmp_ln1748)> <Delay = 0.38>
ST_1 : Operation 50 [1/1] (0.00ns)   --->   "%ret_ln1761 = ret" [source/swiftkv_attention.cpp:1761]   --->   Operation 50 'ret' 'ret_ln1761' <Predicate = (icmp_ln1748)> <Delay = 0.00>

State 2 <SV = 1> <Delay = 2.41>
ST_2 : Operation 36 [1/1] (0.00ns)   --->   "%specpipeline_ln1749 = specpipeline void @_ssdm_op_SpecPipeline, i32 1, i32 0, i32 0, i32 0, void @empty_418" [source/swiftkv_attention.cpp:1749]   --->   Operation 36 'specpipeline' 'specpipeline_ln1749' <Predicate = true> <Delay = 0.00>
ST_2 : Operation 37 [1/1] (0.00ns)   --->   "%speclooptripcount_ln1748 = speclooptripcount void @_ssdm_op_SpecLoopTripCount, i64 64, i64 64, i64 64" [source/swiftkv_attention.cpp:1748]   --->   Operation 37 'speclooptripcount' 'speclooptripcount_ln1748' <Predicate = true> <Delay = 0.00>
ST_2 : Operation 38 [1/1] (0.00ns)   --->   "%specloopname_ln1748 = specloopname void @_ssdm_op_SpecLoopName, void @empty_455" [source/swiftkv_attention.cpp:1748]   --->   Operation 38 'specloopname' 'specloopname_ln1748' <Predicate = true> <Delay = 0.00>
ST_2 : Operation 39 [1/2] (1.19ns)   --->   "%current_cos_load = load i6 %current_cos_addr" [source/swiftkv_attention.cpp:1750]   --->   Operation 39 'load' 'current_cos_load' <Predicate = true> <Delay = 1.19> <CoreInst = "RAM_1P_BRAM">   --->   Core 90 'RAM_1P_BRAM' <Latency = 1> <II = 1> <Delay = 1.19> <Storage> <Opcode : 'load' 'store'> <Ports = 1> <Width = 19> <Depth = 64> <RAM>
ST_2 : Operation 40 [1/2] (1.19ns)   --->   "%current_sin_load = load i6 %current_sin_addr" [source/swiftkv_attention.cpp:1751]   --->   Operation 40 'load' 'current_sin_load' <Predicate = true> <Delay = 1.19> <CoreInst = "RAM_1P_BRAM">   --->   Core 90 'RAM_1P_BRAM' <Latency = 1> <II = 1> <Delay = 1.19> <Storage> <Opcode : 'load' 'store'> <Ports = 1> <Width = 19> <Depth = 64> <RAM>
ST_2 : Operation 41 [1/1] (1.21ns)   --->   "%write_ln1752 = write void @_ssdm_op_Write.ap_fifo.volatile.i19P0A, i19 %cos_pe0, i19 %current_cos_load" [source/swiftkv_attention.cpp:1752]   --->   Operation 41 'write' 'write_ln1752' <Predicate = true> <Delay = 1.21> <CoreInst = "FIFO_SRL">   --->   Core 81 'FIFO_SRL' <Latency = 0> <II = 1> <Delay = 1.46> <Storage> <Opcode : 'read' 'write' 'nbread' 'nbwrite'> <Ports = 0> <Width = 19> <Depth = 4> <FIFO>
ST_2 : Operation 42 [1/1] (1.21ns)   --->   "%write_ln1753 = write void @_ssdm_op_Write.ap_fifo.volatile.i19P0A, i19 %cos_pe1, i19 %current_cos_load" [source/swiftkv_attention.cpp:1753]   --->   Operation 42 'write' 'write_ln1753' <Predicate = true> <Delay = 1.21> <CoreInst = "FIFO_SRL">   --->   Core 81 'FIFO_SRL' <Latency = 0> <II = 1> <Delay = 1.46> <Storage> <Opcode : 'read' 'write' 'nbread' 'nbwrite'> <Ports = 0> <Width = 19> <Depth = 4> <FIFO>
ST_2 : Operation 43 [1/1] (1.21ns)   --->   "%write_ln1754 = write void @_ssdm_op_Write.ap_fifo.volatile.i19P0A, i19 %cos_pe2, i19 %current_cos_load" [source/swiftkv_attention.cpp:1754]   --->   Operation 43 'write' 'write_ln1754' <Predicate = true> <Delay = 1.21> <CoreInst = "FIFO_SRL">   --->   Core 81 'FIFO_SRL' <Latency = 0> <II = 1> <Delay = 1.46> <Storage> <Opcode : 'read' 'write' 'nbread' 'nbwrite'> <Ports = 0> <Width = 19> <Depth = 4> <FIFO>
ST_2 : Operation 44 [1/1] (1.21ns)   --->   "%write_ln1755 = write void @_ssdm_op_Write.ap_fifo.volatile.i19P0A, i19 %cos_pe3, i19 %current_cos_load" [source/swiftkv_attention.cpp:1755]   --->   Operation 44 'write' 'write_ln1755' <Predicate = true> <Delay = 1.21> <CoreInst = "FIFO_SRL">   --->   Core 81 'FIFO_SRL' <Latency = 0> <II = 1> <Delay = 1.46> <Storage> <Opcode : 'read' 'write' 'nbread' 'nbwrite'> <Ports = 0> <Width = 19> <Depth = 4> <FIFO>
ST_2 : Operation 45 [1/1] (1.21ns)   --->   "%write_ln1756 = write void @_ssdm_op_Write.ap_fifo.volatile.i19P0A, i19 %sin_pe0, i19 %current_sin_load" [source/swiftkv_attention.cpp:1756]   --->   Operation 45 'write' 'write_ln1756' <Predicate = true> <Delay = 1.21> <CoreInst = "FIFO_SRL">   --->   Core 81 'FIFO_SRL' <Latency = 0> <II = 1> <Delay = 1.46> <Storage> <Opcode : 'read' 'write' 'nbread' 'nbwrite'> <Ports = 0> <Width = 19> <Depth = 4> <FIFO>
ST_2 : Operation 46 [1/1] (1.21ns)   --->   "%write_ln1757 = write void @_ssdm_op_Write.ap_fifo.volatile.i19P0A, i19 %sin_pe1, i19 %current_sin_load" [source/swiftkv_attention.cpp:1757]   --->   Operation 46 'write' 'write_ln1757' <Predicate = true> <Delay = 1.21> <CoreInst = "FIFO_SRL">   --->   Core 81 'FIFO_SRL' <Latency = 0> <II = 1> <Delay = 1.46> <Storage> <Opcode : 'read' 'write' 'nbread' 'nbwrite'> <Ports = 0> <Width = 19> <Depth = 4> <FIFO>
ST_2 : Operation 47 [1/1] (1.21ns)   --->   "%write_ln1758 = write void @_ssdm_op_Write.ap_fifo.volatile.i19P0A, i19 %sin_pe2, i19 %current_sin_load" [source/swiftkv_attention.cpp:1758]   --->   Operation 47 'write' 'write_ln1758' <Predicate = true> <Delay = 1.21> <CoreInst = "FIFO_SRL">   --->   Core 81 'FIFO_SRL' <Latency = 0> <II = 1> <Delay = 1.46> <Storage> <Opcode : 'read' 'write' 'nbread' 'nbwrite'> <Ports = 0> <Width = 19> <Depth = 4> <FIFO>
ST_2 : Operation 48 [1/1] (1.21ns)   --->   "%write_ln1759 = write void @_ssdm_op_Write.ap_fifo.volatile.i19P0A, i19 %sin_pe3, i19 %current_sin_load" [source/swiftkv_attention.cpp:1759]   --->   Operation 48 'write' 'write_ln1759' <Predicate = true> <Delay = 1.21> <CoreInst = "FIFO_SRL">   --->   Core 81 'FIFO_SRL' <Latency = 0> <II = 1> <Delay = 1.46> <Storage> <Opcode : 'read' 'write' 'nbread' 'nbwrite'> <Ports = 0> <Width = 19> <Depth = 4> <FIFO>
ST_2 : Operation 49 [1/1] (0.00ns)   --->   "%br_ln1748 = br void %for.inc" [source/swiftkv_attention.cpp:1748]   --->   Operation 49 'br' 'br_ln1748' <Predicate = true> <Delay = 0.00>


============================================================
+ Verbose Summary: Timing violations
============================================================
Target clock period: 3.333ns, clock uncertainty: 0.900ns.

 <State 1>: 1.583ns
The critical path consists of the following:
	'store' operation 0 bit ('store_ln1748', source/swiftkv_attention.cpp:1748) of constant 0 on local variable 'pair', source/swiftkv_attention.cpp:1748 [30]  (0.387 ns)
	'load' operation 7 bit ('pair', source/swiftkv_attention.cpp:1748) on local variable 'pair', source/swiftkv_attention.cpp:1748 [33]  (0.000 ns)
	'getelementptr' operation 6 bit ('current_cos_addr', source/swiftkv_attention.cpp:1750) [42]  (0.000 ns)
	'load' operation 19 bit ('current_cos_load', source/swiftkv_attention.cpp:1750) on array 'current_cos' [43]  (1.196 ns)

 <State 2>: 2.413ns
The critical path consists of the following:
	'load' operation 19 bit ('current_cos_load', source/swiftkv_attention.cpp:1750) on array 'current_cos' [43]  (1.196 ns)
	fifo write operation ('write_ln1752', source/swiftkv_attention.cpp:1752) on port 'cos_pe0' (source/swiftkv_attention.cpp:1752) [46]  (1.217 ns)


============================================================
+ Verbose Summary: Binding
============================================================
N/A
* FSMD analyzer results:
  - Output states:
 - Input state : 
  - Chain level:
	State 1
	State 2


============================================================
+ Verbose Summary: Datapath Resource usage 
============================================================
N/A
