

================================================================
== Vitis HLS Report for 'swiftkv_prepare_update_engine_phases_Pipeline_prepare_update_engine_phase_loop_3'
================================================================
* Date:           Tue Aug 11 09:16:55 2026

* Version:        2023.2 (Build 4023990 on Oct 11 2023)
* Project:        proj_int4_decoder_xo
* Solution:       solution1 (Vitis Kernel Flow Target)
* Product family: virtexuplus
* Target device:  xcu250-figd2104-2L-e


================================================================
== Performance Estimates
================================================================
+ Timing: 
    * Summary: 
    +--------+---------+----------+------------+
    |  Clock |  Target | Estimated| Uncertainty|
    +--------+---------+----------+------------+
    |ap_clk  |  3.33 ns|  1.991 ns|     0.90 ns|
    +--------+---------+----------+------------+

+ Latency: 
    * Summary: 
    +---------+---------+-----------+----------+-----+-------+---------+
    |  Latency (cycles) |  Latency (absolute)  |   Interval  | Pipeline|
    |   min   |   max   |    min    |    max   | min |  max  |   Type  |
    +---------+---------+-----------+----------+-----+-------+---------+
    |       11|    32771|  36.663 ns|  0.109 ms|   11|  32771|       no|
    +---------+---------+-----------+----------+-----+-------+---------+

    + Detail: 
        * Instance: 
        N/A

        * Loop: 
        +------------------------------------+---------+---------+----------+-----------+-----------+-----------+----------+
        |                                    |  Latency (cycles) | Iteration|  Initiation Interval  |    Trip   |          |
        |              Loop Name             |   min   |   max   |  Latency |  achieved |   target  |   Count   | Pipelined|
        +------------------------------------+---------+---------+----------+-----------+-----------+-----------+----------+
        |- prepare_update_engine_phase_loop  |        9|    32769|         3|          1|          1|  8 ~ 32768|       yes|
        +------------------------------------+---------+---------+----------+-----------+-----------+-----------+----------+

============================================================
+ Verbose Summary: Synthesis Manager
============================================================
InlineROM: 1
ExposeGlobal: 0
============================================================
+ Verbose Summary: CDFG Model
============================================================
IsTopModel: 0
ResetActiveHigh: 1
IsCombinational: 0
IsDatapathOnly: 0
HasWiredReturn: 1
HasMFsm: 2
HasVarLatency: 1
IsPipeline: 0
IsRtlPipelined: 0
IsInstanceOverlapped: 0
IsDontTouch: 0
HasImplIP: 0
IsGatedGlobalClock: 0

+ Individual pipeline summary: 
  * Pipeline-0: initiation interval (II) = 1, depth = 3


============================================================
+ Verbose Summary: Schedule
============================================================
* Number of FSM states : 3
* Pipeline : 1
  Pipeline-0 : II = 1, D = 3, States = { 1 2 3 }
* Dataflow Pipeline: 0

* FSM state transitions: 
1 --> 2 
2 --> 3 
3 --> 

* FSM state operations: 

State 1 <SV = 0> <Delay = 1.55>
ST_1 : Operation 6 [1/1] (0.00ns)   --->   "%value_word = alloca i32 1" [source/swiftkv_attention.cpp:1177]   --->   Operation 6 'alloca' 'value_word' <Predicate = true> <Delay = 0.00>
ST_1 : Operation 7 [1/1] (0.00ns)   --->   "%update_phase_06 = alloca i32 1" [source/swiftkv_attention.cpp:1181]   --->   Operation 7 'alloca' 'update_phase_06' <Predicate = true> <Delay = 0.00>
ST_1 : Operation 8 [1/1] (0.00ns)   --->   "%rescale_history = alloca i32 1" [source/swiftkv_attention.cpp:1175]   --->   Operation 8 'alloca' 'rescale_history' <Predicate = true> <Delay = 0.00>
ST_1 : Operation 9 [1/1] (0.00ns)   --->   "%empty = alloca i32 1"   --->   Operation 9 'alloca' 'empty' <Predicate = true> <Delay = 0.00>
ST_1 : Operation 10 [1/1] (0.00ns)   --->   "%value_shift = alloca i32 1" [source/swiftkv_attention.cpp:1176]   --->   Operation 10 'alloca' 'value_shift' <Predicate = true> <Delay = 0.00>
ST_1 : Operation 11 [1/1] (0.00ns)   --->   "%value_shift_1 = alloca i32 1" [source/swiftkv_attention.cpp:1176]   --->   Operation 11 'alloca' 'value_shift_1' <Predicate = true> <Delay = 0.00>
ST_1 : Operation 12 [1/1] (0.00ns)   --->   "%value_shift_2 = alloca i32 1" [source/swiftkv_attention.cpp:1176]   --->   Operation 12 'alloca' 'value_shift_2' <Predicate = true> <Delay = 0.00>
ST_1 : Operation 13 [1/1] (0.00ns)   --->   "%value_shift_3 = alloca i32 1" [source/swiftkv_attention.cpp:1176]   --->   Operation 13 'alloca' 'value_shift_3' <Predicate = true> <Delay = 0.00>
ST_1 : Operation 14 [1/1] (0.00ns)   --->   "%specmemcore_ln0 = specmemcore void @_ssdm_op_SpecMemCore, i128 %value0_engine0_stream, i64 666, i64 11, i64 18446744073709551615"   --->   Operation 14 'specmemcore' 'specmemcore_ln0' <Predicate = true> <Delay = 0.00>
ST_1 : Operation 15 [1/1] (0.00ns)   --->   "%specmemcore_ln0 = specmemcore void @_ssdm_op_SpecMemCore, i128 %value1_engine0_stream, i64 666, i64 11, i64 18446744073709551615"   --->   Operation 15 'specmemcore' 'specmemcore_ln0' <Predicate = true> <Delay = 0.00>
ST_1 : Operation 16 [1/1] (0.00ns)   --->   "%specmemcore_ln0 = specmemcore void @_ssdm_op_SpecMemCore, i59 %engine0_control_stream, i64 666, i64 10, i64 18446744073709551615"   --->   Operation 16 'specmemcore' 'specmemcore_ln0' <Predicate = true> <Delay = 0.00>
ST_1 : Operation 17 [1/1] (0.00ns)   --->   "%specmemcore_ln0 = specmemcore void @_ssdm_op_SpecMemCore, i57 %engine0_phase_stream, i64 666, i64 10, i64 18446744073709551615"   --->   Operation 17 'specmemcore' 'specmemcore_ln0' <Predicate = true> <Delay = 0.00>
ST_1 : Operation 18 [1/1] (0.00ns)   --->   "%specinterface_ln0 = specinterface void @_ssdm_op_SpecInterface, i128 %value0_engine0_stream, void @empty_447, i32 0, i32 0, void @empty_418, i32 0, i32 0, void @empty_418, void @empty_418, void @empty_418, i32 0, i32 0, i32 0, i32 0, void @empty_418, void @empty_418, i32 4294967295, i32 0"   --->   Operation 18 'specinterface' 'specinterface_ln0' <Predicate = true> <Delay = 0.00>
ST_1 : Operation 19 [1/1] (0.00ns)   --->   "%specinterface_ln0 = specinterface void @_ssdm_op_SpecInterface, i128 %value1_engine0_stream, void @empty_447, i32 0, i32 0, void @empty_418, i32 0, i32 0, void @empty_418, void @empty_418, void @empty_418, i32 0, i32 0, i32 0, i32 0, void @empty_418, void @empty_418, i32 4294967295, i32 0"   --->   Operation 19 'specinterface' 'specinterface_ln0' <Predicate = true> <Delay = 0.00>
ST_1 : Operation 20 [1/1] (0.00ns)   --->   "%specinterface_ln0 = specinterface void @_ssdm_op_SpecInterface, i59 %engine0_control_stream, void @empty_447, i32 0, i32 0, void @empty_418, i32 0, i32 0, void @empty_418, void @empty_418, void @empty_418, i32 0, i32 0, i32 0, i32 0, void @empty_418, void @empty_418, i32 4294967295, i32 0"   --->   Operation 20 'specinterface' 'specinterface_ln0' <Predicate = true> <Delay = 0.00>
ST_1 : Operation 21 [1/1] (0.00ns)   --->   "%specinterface_ln0 = specinterface void @_ssdm_op_SpecInterface, i57 %engine0_phase_stream, void @empty_447, i32 0, i32 0, void @empty_418, i32 0, i32 0, void @empty_418, void @empty_418, void @empty_418, i32 0, i32 0, i32 0, i32 0, void @empty_418, void @empty_418, i32 4294967295, i32 0"   --->   Operation 21 'specinterface' 'specinterface_ln0' <Predicate = true> <Delay = 0.00>
ST_1 : Operation 22 [1/1] (0.00ns)   --->   "%update_phase_count_read = read i16 @_ssdm_op_Read.ap_auto.i16, i16 %update_phase_count" [source/swiftkv_attention.cpp:1164]   --->   Operation 22 'read' 'update_phase_count_read' <Predicate = true> <Delay = 0.00>
ST_1 : Operation 23 [1/1] (0.38ns)   --->   "%store_ln0 = store i18 131072, i18 %empty"   --->   Operation 23 'store' 'store_ln0' <Predicate = true> <Delay = 0.38>
ST_1 : Operation 24 [1/1] (0.38ns)   --->   "%store_ln1175 = store i1 0, i1 %rescale_history" [source/swiftkv_attention.cpp:1175]   --->   Operation 24 'store' 'store_ln1175' <Predicate = true> <Delay = 0.38>
ST_1 : Operation 25 [1/1] (0.38ns)   --->   "%store_ln1181 = store i16 0, i16 %update_phase_06" [source/swiftkv_attention.cpp:1181]   --->   Operation 25 'store' 'store_ln1181' <Predicate = true> <Delay = 0.38>
ST_1 : Operation 26 [1/1] (0.38ns)   --->   "%store_ln1177 = store i96 0, i96 %value_word" [source/swiftkv_attention.cpp:1177]   --->   Operation 26 'store' 'store_ln1177' <Predicate = true> <Delay = 0.38>
ST_1 : Operation 27 [1/1] (0.00ns)   --->   "%br_ln0 = br void %for.body"   --->   Operation 27 'br' 'br_ln0' <Predicate = true> <Delay = 0.00>
ST_1 : Operation 28 [1/1] (0.00ns)   --->   "%update_phase = load i16 %update_phase_06" [source/swiftkv_attention.cpp:1182]   --->   Operation 28 'load' 'update_phase' <Predicate = true> <Delay = 0.00>
ST_1 : Operation 29 [1/1] (0.78ns)   --->   "%icmp_ln1182 = icmp_eq  i16 %update_phase, i16 %update_phase_count_read" [source/swiftkv_attention.cpp:1182]   --->   Operation 29 'icmp' 'icmp_ln1182' <Predicate = true> <Delay = 0.78> <CoreInst = "Cmp">   --->   Core 9 'Cmp' <Latency = 0> <II = 1> <Delay = 0.78> <FuncUnit> <Opcode : 'icmp'> <InPorts = 2> <OutPorts = 1>
ST_1 : Operation 30 [1/1] (0.78ns)   --->   "%update_phase_9 = add i16 %update_phase, i16 1" [source/swiftkv_attention.cpp:1183]   --->   Operation 30 'add' 'update_phase_9' <Predicate = true> <Delay = 0.78> <CoreInst = "Adder">   --->   Core 1 'Adder' <Latency = 0> <II = 1> <Delay = 0.78> <FuncUnit> <Opcode : 'add' 'sub'> <InPorts = 2> <OutPorts = 1>
ST_1 : Operation 31 [1/1] (0.00ns)   --->   "%br_ln1181 = br i1 %icmp_ln1182, void %for.body.split, void %for.cond.cleanup.exitStub" [source/swiftkv_attention.cpp:1181]   --->   Operation 31 'br' 'br_ln1181' <Predicate = true> <Delay = 0.00>
ST_1 : Operation 32 [1/1] (0.00ns)   --->   "%phase = trunc i16 %update_phase" [source/swiftkv_attention.cpp:1182]   --->   Operation 32 'trunc' 'phase' <Predicate = (!icmp_ln1182)> <Delay = 0.00>
ST_1 : Operation 33 [1/1] (0.57ns)   --->   "%icmp_ln1188 = icmp_eq  i3 %phase, i3 0" [source/swiftkv_attention.cpp:1188]   --->   Operation 33 'icmp' 'icmp_ln1188' <Predicate = (!icmp_ln1182)> <Delay = 0.57> <CoreInst = "Cmp">   --->   Core 9 'Cmp' <Latency = 0> <II = 1> <Delay = 0.57> <FuncUnit> <Opcode : 'icmp'> <InPorts = 2> <OutPorts = 1>
ST_1 : Operation 34 [1/1] (0.57ns)   --->   "%icmp_ln1212 = icmp_eq  i3 %phase, i3 4" [source/swiftkv_attention.cpp:1212]   --->   Operation 34 'icmp' 'icmp_ln1212' <Predicate = (!icmp_ln1182)> <Delay = 0.57> <CoreInst = "Cmp">   --->   Core 9 'Cmp' <Latency = 0> <II = 1> <Delay = 0.57> <FuncUnit> <Opcode : 'icmp'> <InPorts = 2> <OutPorts = 1>
ST_1 : Operation 35 [1/1] (0.00ns)   --->   "%trunc_ln = partselect i2 @_ssdm_op_PartSelect.i2.i16.i32.i32, i16 %update_phase, i32 1, i32 2" [source/swiftkv_attention.cpp:1216]   --->   Operation 35 'partselect' 'trunc_ln' <Predicate = (!icmp_ln1182)> <Delay = 0.00>
ST_1 : Operation 36 [1/1] (0.00ns)   --->   "%tmp_171 = partselect i13 @_ssdm_op_PartSelect.i13.i16.i32.i32, i16 %update_phase, i32 3, i32 15" [source/swiftkv_attention.cpp:1235]   --->   Operation 36 'partselect' 'tmp_171' <Predicate = (!icmp_ln1182)> <Delay = 0.00>
ST_1 : Operation 37 [1/1] (0.75ns)   --->   "%icmp_ln1235 = icmp_ne  i13 %tmp_171, i13 0" [source/swiftkv_attention.cpp:1235]   --->   Operation 37 'icmp' 'icmp_ln1235' <Predicate = (!icmp_ln1182)> <Delay = 0.75> <CoreInst = "Cmp">   --->   Core 9 'Cmp' <Latency = 0> <II = 1> <Delay = 0.75> <FuncUnit> <Opcode : 'icmp'> <InPorts = 2> <OutPorts = 1>
ST_1 : Operation 38 [1/1] (0.38ns)   --->   "%store_ln1181 = store i16 %update_phase_9, i16 %update_phase_06" [source/swiftkv_attention.cpp:1181]   --->   Operation 38 'store' 'store_ln1181' <Predicate = (!icmp_ln1182)> <Delay = 0.38>

State 2 <SV = 1> <Delay = 1.60>
ST_2 : Operation 39 [1/1] (1.21ns)   --->   "%token_control = read i59 @_ssdm_op_Read.ap_fifo.volatile.i59P0A, i59 %engine0_control_stream" [source/swiftkv_attention.cpp:1190]   --->   Operation 39 'read' 'token_control' <Predicate = (!icmp_ln1182 & icmp_ln1188)> <Delay = 1.21> <CoreInst = "FIFO_SRL">   --->   Core 81 'FIFO_SRL' <Latency = 0> <II = 1> <Delay = 1.41> <Storage> <Opcode : 'read' 'write' 'nbread' 'nbwrite'> <Ports = 0> <Width = 59> <Depth = 4> <FIFO>
ST_2 : Operation 40 [1/1] (0.00ns)   --->   "%tmp = partselect i18 @_ssdm_op_PartSelect.i18.i59.i32.i32, i59 %token_control, i32 40, i32 57" [source/swiftkv_attention.cpp:1195]   --->   Operation 40 'partselect' 'tmp' <Predicate = (!icmp_ln1182 & icmp_ln1188)> <Delay = 0.00>
ST_2 : Operation 41 [1/1] (0.00ns)   --->   "%rescale_history_1 = bitselect i1 @_ssdm_op_BitSelect.i1.i59.i32, i59 %token_control, i32 58" [source/swiftkv_attention.cpp:1196]   --->   Operation 41 'bitselect' 'rescale_history_1' <Predicate = (!icmp_ln1182 & icmp_ln1188)> <Delay = 0.00>
ST_2 : Operation 42 [1/1] (1.21ns)   --->   "%value_word_3 = read i128 @_ssdm_op_Read.ap_fifo.volatile.i128P0A, i128 %value0_engine0_stream" [source/swiftkv_attention.cpp:1197]   --->   Operation 42 'read' 'value_word_3' <Predicate = (!icmp_ln1182 & icmp_ln1188)> <Delay = 1.21> <CoreInst = "FIFO_URAM">   --->   Core 82 'FIFO_URAM' <Latency = 0> <II = 1> <Delay = 1.67> <Storage> <Opcode : 'read' 'write' 'nbread' 'nbwrite'> <Ports = 0> <Width = 128> <Depth = 32> <FIFO>
ST_2 : Operation 43 [1/1] (0.00ns)   --->   "%value_shift_4 = partselect i5 @_ssdm_op_PartSelect.i5.i59.i32.i32, i59 %token_control, i32 20, i32 24" [source/swiftkv_attention.cpp:1207]   --->   Operation 43 'partselect' 'value_shift_4' <Predicate = (!icmp_ln1182 & icmp_ln1188)> <Delay = 0.00>
ST_2 : Operation 44 [1/1] (0.00ns)   --->   "%value_shift_5 = partselect i5 @_ssdm_op_PartSelect.i5.i59.i32.i32, i59 %token_control, i32 25, i32 29" [source/swiftkv_attention.cpp:1207]   --->   Operation 44 'partselect' 'value_shift_5' <Predicate = (!icmp_ln1182 & icmp_ln1188)> <Delay = 0.00>
ST_2 : Operation 45 [1/1] (0.00ns)   --->   "%value_shift_6 = partselect i5 @_ssdm_op_PartSelect.i5.i59.i32.i32, i59 %token_control, i32 30, i32 34" [source/swiftkv_attention.cpp:1207]   --->   Operation 45 'partselect' 'value_shift_6' <Predicate = (!icmp_ln1182 & icmp_ln1188)> <Delay = 0.00>
ST_2 : Operation 46 [1/1] (0.00ns)   --->   "%value_shift_7 = partselect i5 @_ssdm_op_PartSelect.i5.i59.i32.i32, i59 %token_control, i32 35, i32 39" [source/swiftkv_attention.cpp:1207]   --->   Operation 46 'partselect' 'value_shift_7' <Predicate = (!icmp_ln1182 & icmp_ln1188)> <Delay = 0.00>
ST_2 : Operation 47 [1/1] (0.00ns)   --->   "%store_ln1176 = store i5 %value_shift_7, i5 %value_shift_3" [source/swiftkv_attention.cpp:1176]   --->   Operation 47 'store' 'store_ln1176' <Predicate = (!icmp_ln1182 & icmp_ln1188)> <Delay = 0.00>
ST_2 : Operation 48 [1/1] (0.00ns)   --->   "%store_ln1176 = store i5 %value_shift_6, i5 %value_shift_2" [source/swiftkv_attention.cpp:1176]   --->   Operation 48 'store' 'store_ln1176' <Predicate = (!icmp_ln1182 & icmp_ln1188)> <Delay = 0.00>
ST_2 : Operation 49 [1/1] (0.00ns)   --->   "%store_ln1176 = store i5 %value_shift_5, i5 %value_shift_1" [source/swiftkv_attention.cpp:1176]   --->   Operation 49 'store' 'store_ln1176' <Predicate = (!icmp_ln1182 & icmp_ln1188)> <Delay = 0.00>
ST_2 : Operation 50 [1/1] (0.00ns)   --->   "%store_ln1176 = store i5 %value_shift_4, i5 %value_shift" [source/swiftkv_attention.cpp:1176]   --->   Operation 50 'store' 'store_ln1176' <Predicate = (!icmp_ln1182 & icmp_ln1188)> <Delay = 0.00>
ST_2 : Operation 51 [1/1] (0.38ns)   --->   "%store_ln1195 = store i18 %tmp, i18 %empty" [source/swiftkv_attention.cpp:1195]   --->   Operation 51 'store' 'store_ln1195' <Predicate = (!icmp_ln1182 & icmp_ln1188)> <Delay = 0.38>
ST_2 : Operation 52 [1/1] (0.38ns)   --->   "%store_ln1175 = store i1 %rescale_history_1, i1 %rescale_history" [source/swiftkv_attention.cpp:1175]   --->   Operation 52 'store' 'store_ln1175' <Predicate = (!icmp_ln1182 & icmp_ln1188)> <Delay = 0.38>
ST_2 : Operation 53 [1/1] (0.38ns)   --->   "%br_ln1211 = br void %if.end" [source/swiftkv_attention.cpp:1211]   --->   Operation 53 'br' 'br_ln1211' <Predicate = (!icmp_ln1182 & icmp_ln1188)> <Delay = 0.38>
ST_2 : Operation 54 [1/1] (1.21ns)   --->   "%value_word_4 = read i128 @_ssdm_op_Read.ap_fifo.volatile.i128P0A, i128 %value1_engine0_stream" [source/swiftkv_attention.cpp:1214]   --->   Operation 54 'read' 'value_word_4' <Predicate = (!icmp_ln1182 & icmp_ln1212)> <Delay = 1.21> <CoreInst = "FIFO_URAM">   --->   Core 82 'FIFO_URAM' <Latency = 0> <II = 1> <Delay = 1.67> <Storage> <Opcode : 'read' 'write' 'nbread' 'nbwrite'> <Ports = 0> <Width = 128> <Depth = 32> <FIFO>
ST_2 : Operation 55 [1/1] (0.38ns)   --->   "%br_ln1215 = br void %for.inc38" [source/swiftkv_attention.cpp:1215]   --->   Operation 55 'br' 'br_ln1215' <Predicate = (!icmp_ln1182 & icmp_ln1212)> <Delay = 0.38>
ST_2 : Operation 78 [1/1] (0.00ns)   --->   "%ret_ln0 = ret"   --->   Operation 78 'ret' 'ret_ln0' <Predicate = (icmp_ln1182)> <Delay = 0.00>

State 3 <SV = 2> <Delay = 1.99>
ST_3 : Operation 56 [1/1] (0.00ns)   --->   "%value_word_load = load i96 %value_word" [source/swiftkv_attention.cpp:1182]   --->   Operation 56 'load' 'value_word_load' <Predicate = (!icmp_ln1182)> <Delay = 0.00>
ST_3 : Operation 57 [1/1] (0.00ns)   --->   "%zext_ln1182 = zext i96 %value_word_load" [source/swiftkv_attention.cpp:1182]   --->   Operation 57 'zext' 'zext_ln1182' <Predicate = (!icmp_ln1182)> <Delay = 0.00>
ST_3 : Operation 58 [1/1] (0.00ns)   --->   "%specpipeline_ln1184 = specpipeline void @_ssdm_op_SpecPipeline, i32 1, i32 0, i32 0, i32 0, void @empty_418" [source/swiftkv_attention.cpp:1184]   --->   Operation 58 'specpipeline' 'specpipeline_ln1184' <Predicate = (!icmp_ln1182)> <Delay = 0.00>
ST_3 : Operation 59 [1/1] (0.00ns)   --->   "%speclooptripcount_ln1176 = speclooptripcount void @_ssdm_op_SpecLoopTripCount, i64 8, i64 32768, i64 16388" [source/swiftkv_attention.cpp:1176]   --->   Operation 59 'speclooptripcount' 'speclooptripcount_ln1176' <Predicate = (!icmp_ln1182)> <Delay = 0.00>
ST_3 : Operation 60 [1/1] (0.00ns)   --->   "%specloopname_ln1181 = specloopname void @_ssdm_op_SpecLoopName, void @empty_450" [source/swiftkv_attention.cpp:1181]   --->   Operation 60 'specloopname' 'specloopname_ln1181' <Predicate = (!icmp_ln1182)> <Delay = 0.00>
ST_3 : Operation 61 [1/1] (0.38ns)   --->   "%br_ln1188 = br i1 %icmp_ln1188, void %if.end, void %extract_prepare_engine_value_shift_loop" [source/swiftkv_attention.cpp:1188]   --->   Operation 61 'br' 'br_ln1188' <Predicate = (!icmp_ln1182)> <Delay = 0.38>
ST_3 : Operation 62 [1/1] (0.00ns)   --->   "%value_word_1 = phi i128 %value_word_3, void %extract_prepare_engine_value_shift_loop, i128 %zext_ln1182, void %for.body.split"   --->   Operation 62 'phi' 'value_word_1' <Predicate = (!icmp_ln1182)> <Delay = 0.00>
ST_3 : Operation 63 [1/1] (0.38ns)   --->   "%br_ln1212 = br i1 %icmp_ln1212, void %for.inc38, void %if.then17" [source/swiftkv_attention.cpp:1212]   --->   Operation 63 'br' 'br_ln1212' <Predicate = (!icmp_ln1182)> <Delay = 0.38>
ST_3 : Operation 64 [1/1] (0.00ns)   --->   "%value_word_2 = phi i128 %value_word_4, void %if.then17, i128 %value_word_1, void %if.end"   --->   Operation 64 'phi' 'value_word_2' <Predicate = true> <Delay = 0.00>
ST_3 : Operation 65 [1/1] (0.00ns)   --->   "%rescale_history_load = load i1 %rescale_history" [source/swiftkv_attention.cpp:1235]   --->   Operation 65 'load' 'rescale_history_load' <Predicate = true> <Delay = 0.00>
ST_3 : Operation 66 [1/1] (0.00ns)   --->   "%p_load = load i18 %empty" [source/swiftkv_attention.cpp:1235]   --->   Operation 66 'load' 'p_load' <Predicate = true> <Delay = 0.00>
ST_3 : Operation 67 [1/1] (0.00ns)   --->   "%value_shift_load = load i5 %value_shift" [source/swiftkv_attention.cpp:1229]   --->   Operation 67 'load' 'value_shift_load' <Predicate = (trunc_ln == 0)> <Delay = 0.00>
ST_3 : Operation 68 [1/1] (0.00ns)   --->   "%value_shift_1_load = load i5 %value_shift_1" [source/swiftkv_attention.cpp:1229]   --->   Operation 68 'load' 'value_shift_1_load' <Predicate = (trunc_ln == 1)> <Delay = 0.00>
ST_3 : Operation 69 [1/1] (0.00ns)   --->   "%value_shift_2_load = load i5 %value_shift_2" [source/swiftkv_attention.cpp:1229]   --->   Operation 69 'load' 'value_shift_2_load' <Predicate = (trunc_ln == 2)> <Delay = 0.00>
ST_3 : Operation 70 [1/1] (0.00ns)   --->   "%value_shift_3_load = load i5 %value_shift_3" [source/swiftkv_attention.cpp:1229]   --->   Operation 70 'load' 'value_shift_3_load' <Predicate = (trunc_ln == 3)> <Delay = 0.00>
ST_3 : Operation 71 [1/1] (0.00ns)   --->   "%packed_values = trunc i128 %value_word_2" [source/swiftkv_attention.cpp:1220]   --->   Operation 71 'trunc' 'packed_values' <Predicate = true> <Delay = 0.00>
ST_3 : Operation 72 [1/1] (0.00ns)   --->   "%trunc_ln2 = partselect i96 @_ssdm_op_PartSelect.i96.i128.i32.i32, i128 %value_word_2, i32 32, i32 127" [source/swiftkv_attention.cpp:1229]   --->   Operation 72 'partselect' 'trunc_ln2' <Predicate = true> <Delay = 0.00>
ST_3 : Operation 73 [1/1] (0.45ns)   --->   "%tmp_s = sparsemux i5 @_ssdm_op_SparseMux.ap_auto.4i5.i5.i2, i2 0, i5 %value_shift_load, i2 1, i5 %value_shift_1_load, i2 2, i5 %value_shift_2_load, i2 3, i5 %value_shift_3_load, i5 0, i2 %trunc_ln" [source/swiftkv_attention.cpp:1229]   --->   Operation 73 'sparsemux' 'tmp_s' <Predicate = true> <Delay = 0.45> <CoreInst = "SparseMux">   --->   Core 147 'SparseMux' <Latency = 0> <II = 1> <Delay = 0.45> <FuncUnit> <Opcode : 'sparsemux'> <InPorts = 2> <OutPorts = 1>
ST_3 : Operation 74 [1/1] (0.00ns)   --->   "%packet = bitconcatenate i57 @_ssdm_op_BitConcatenate.i57.i1.i1.i18.i5.i32, i1 %icmp_ln1235, i1 %rescale_history_load, i18 %p_load, i5 %tmp_s, i32 %packed_values" [source/swiftkv_attention.cpp:1235]   --->   Operation 74 'bitconcatenate' 'packet' <Predicate = true> <Delay = 0.00>
ST_3 : Operation 75 [1/1] (1.21ns)   --->   "%write_ln1236 = write void @_ssdm_op_Write.ap_fifo.volatile.i57P0A, i57 %engine0_phase_stream, i57 %packet" [source/swiftkv_attention.cpp:1236]   --->   Operation 75 'write' 'write_ln1236' <Predicate = true> <Delay = 1.21> <CoreInst = "FIFO_SRL">   --->   Core 81 'FIFO_SRL' <Latency = 0> <II = 1> <Delay = 1.40> <Storage> <Opcode : 'read' 'write' 'nbread' 'nbwrite'> <Ports = 0> <Width = 57> <Depth = 8> <FIFO>
ST_3 : Operation 76 [1/1] (0.38ns)   --->   "%store_ln1177 = store i96 %trunc_ln2, i96 %value_word" [source/swiftkv_attention.cpp:1177]   --->   Operation 76 'store' 'store_ln1177' <Predicate = true> <Delay = 0.38>
ST_3 : Operation 77 [1/1] (0.00ns)   --->   "%br_ln1181 = br void %for.body" [source/swiftkv_attention.cpp:1181]   --->   Operation 77 'br' 'br_ln1181' <Predicate = true> <Delay = 0.00>


============================================================
+ Verbose Summary: Timing violations
============================================================
Target clock period: 3.333ns, clock uncertainty: 0.900ns.

 <State 1>: 1.559ns
The critical path consists of the following:
	'store' operation 0 bit ('store_ln1181', source/swiftkv_attention.cpp:1181) of constant 0 on local variable 'update_phase', source/swiftkv_attention.cpp:1181 [25]  (0.387 ns)
	'load' operation 16 bit ('update_phase', source/swiftkv_attention.cpp:1182) on local variable 'update_phase', source/swiftkv_attention.cpp:1181 [29]  (0.000 ns)
	'icmp' operation 1 bit ('icmp_ln1182', source/swiftkv_attention.cpp:1182) [30]  (0.785 ns)
	'store' operation 0 bit ('store_ln1181', source/swiftkv_attention.cpp:1181) of variable 'update_phase', source/swiftkv_attention.cpp:1183 on local variable 'update_phase', source/swiftkv_attention.cpp:1181 [81]  (0.387 ns)

 <State 2>: 1.604ns
The critical path consists of the following:
	fifo read operation ('token_control', source/swiftkv_attention.cpp:1190) on port 'engine0_control_stream' (source/swiftkv_attention.cpp:1190) [43]  (1.217 ns)
	'store' operation 0 bit ('store_ln1195', source/swiftkv_attention.cpp:1195) of variable 'tmp', source/swiftkv_attention.cpp:1195 on local variable 'empty' [55]  (0.387 ns)

 <State 3>: 1.991ns
The critical path consists of the following:
	'load' operation 96 bit ('value_word_load', source/swiftkv_attention.cpp:1182) on local variable 'value_word', source/swiftkv_attention.cpp:1177 [34]  (0.000 ns)
	multiplexor before 'phi' operation 128 bit ('value_word') with incoming values : ('zext_ln1182', source/swiftkv_attention.cpp:1182) ('value_word', source/swiftkv_attention.cpp:1197) [59]  (0.387 ns)
	'phi' operation 128 bit ('value_word') with incoming values : ('zext_ln1182', source/swiftkv_attention.cpp:1182) ('value_word', source/swiftkv_attention.cpp:1197) [59]  (0.000 ns)
	multiplexor before 'phi' operation 128 bit ('value_word') with incoming values : ('zext_ln1182', source/swiftkv_attention.cpp:1182) ('value_word', source/swiftkv_attention.cpp:1197) ('value_word', source/swiftkv_attention.cpp:1214) [66]  (0.387 ns)
	'phi' operation 128 bit ('value_word') with incoming values : ('zext_ln1182', source/swiftkv_attention.cpp:1182) ('value_word', source/swiftkv_attention.cpp:1197) ('value_word', source/swiftkv_attention.cpp:1214) [66]  (0.000 ns)
	fifo write operation ('write_ln1236', source/swiftkv_attention.cpp:1236) on port 'engine0_phase_stream' (source/swiftkv_attention.cpp:1236) [80]  (1.217 ns)


============================================================
+ Verbose Summary: Binding
============================================================
N/A
* FSMD analyzer results:
  - Output states:
 - Input state : 
  - Chain level:
	State 1
	State 2
	State 3


============================================================
+ Verbose Summary: Datapath Resource usage 
============================================================
N/A
