

================================================================
== Vitis HLS Report for 'swiftkv_run_bank'
================================================================
* Date:           Tue Aug 11 09:17:01 2026

* Version:        2023.2 (Build 4023990 on Oct 11 2023)
* Project:        proj_int4_decoder_xo
* Solution:       solution1 (Vitis Kernel Flow Target)
* Product family: virtexuplus
* Target device:  xcu250-figd2104-2L-e


================================================================
== Performance Estimates
================================================================
+ Timing: 
    * Summary: 
    +--------+---------+----------+------------+
    |  Clock |  Target | Estimated| Uncertainty|
    +--------+---------+----------+------------+
    |ap_clk  |  3.33 ns|  2.787 ns|     0.90 ns|
    +--------+---------+----------+------------+

+ Latency: 
    * Summary: 
    +---------+---------+-----------+----------+------+--------+---------+
    |  Latency (cycles) |  Latency (absolute)  |    Interval   | Pipeline|
    |   min   |   max   |    min    |    max   |  min |   max  |   Type  |
    +---------+---------+-----------+----------+------+--------+---------+
    |     7949|   270029|  26.494 us|  0.900 ms|  7949|  270029|       no|
    +---------+---------+-----------+----------+------+--------+---------+

    + Detail: 
        * Instance: 
        N/A

        * Loop: 
        +----------------+---------+---------+-------------+-----------+-----------+------+----------+
        |                |  Latency (cycles) |  Iteration  |  Initiation Interval  | Trip |          |
        |    Loop Name   |   min   |   max   |   Latency   |  achieved |   target  | Count| Pipelined|
        +----------------+---------+---------+-------------+-----------+-----------+------+----------+
        |- pe_head_loop  |     7880|   269960|  985 ~ 33745|          -|          -|     8|        no|
        +----------------+---------+---------+-------------+-----------+-----------+------+----------+

============================================================
+ Verbose Summary: Synthesis Manager
============================================================
InlineROM: 1
ExposeGlobal: 0
============================================================
+ Verbose Summary: CDFG Model
============================================================
IsTopModel: 0
ResetActiveHigh: 1
IsCombinational: 0
IsDatapathOnly: 0
HasWiredReturn: 1
HasMFsm: 0
HasVarLatency: 1
IsPipeline: 0
IsRtlPipelined: 0
IsInstanceOverlapped: 0
IsDontTouch: 0
HasImplIP: 0
IsGatedGlobalClock: 0


============================================================
+ Verbose Summary: Schedule
============================================================
* Number of FSM states : 81
* Pipeline : 0
* Dataflow Pipeline: 0

* FSM state transitions: 
1 --> 2 
2 --> 3 
3 --> 4 
4 --> 5 
5 --> 6 
6 --> 7 
7 --> 8 
8 --> 9 
9 --> 10 
10 --> 11 
11 --> 12 
12 --> 13 
13 --> 14 
14 --> 15 
15 --> 16 
16 --> 17 
17 --> 18 
18 --> 19 
19 --> 20 
20 --> 21 
21 --> 22 
22 --> 23 
23 --> 24 
24 --> 25 
25 --> 26 
26 --> 27 
27 --> 28 
28 --> 29 
29 --> 30 
30 --> 31 
31 --> 32 
32 --> 33 
33 --> 34 
34 --> 35 
35 --> 36 
36 --> 37 
37 --> 38 
38 --> 39 
39 --> 40 
40 --> 41 
41 --> 42 
42 --> 43 
43 --> 44 
44 --> 45 
45 --> 46 
46 --> 47 
47 --> 48 
48 --> 49 
49 --> 50 
50 --> 51 
51 --> 52 
52 --> 53 
53 --> 54 
54 --> 55 
55 --> 56 
56 --> 57 
57 --> 58 
58 --> 59 
59 --> 60 
60 --> 61 
61 --> 62 
62 --> 63 
63 --> 64 
64 --> 65 
65 --> 66 
66 --> 67 
67 --> 68 
68 --> 69 
69 --> 70 
70 --> 71 
71 --> 72 
72 --> 73 
73 --> 74 
74 --> 75 
75 --> 76 
76 --> 77 
77 --> 78 
78 --> 79 
79 --> 80 
80 --> 81 
81 --> 4 

* FSM state operations: 

State 1 <SV = 0> <Delay = 0.38>
ST_1 : Operation 82 [1/1] (0.00ns)   --->   "%local_head = alloca i32 1" [source/swiftkv_attention.cpp:1825]   --->   Operation 82 'alloca' 'local_head' <Predicate = true> <Delay = 0.00>
ST_1 : Operation 83 [1/1] (0.00ns)   --->   "%position_val_read = read i12 @_ssdm_op_Read.ap_auto.i12, i12 %position_val"   --->   Operation 83 'read' 'position_val_read' <Predicate = true> <Delay = 0.00>
ST_1 : Operation 84 [1/1] (0.00ns)   --->   "%layer_index_val_read = read i6 @_ssdm_op_Read.ap_auto.i6, i6 %layer_index_val"   --->   Operation 84 'read' 'layer_index_val_read' <Predicate = true> <Delay = 0.00>
ST_1 : Operation 85 [1/1] (0.00ns)   --->   "%kv_cache_read = read i64 @_ssdm_op_Read.ap_auto.i64, i64 %kv_cache"   --->   Operation 85 'read' 'kv_cache_read' <Predicate = true> <Delay = 0.00>
ST_1 : Operation 86 [1/1] (0.00ns)   --->   "%local_cosine = alloca i64 1" [source/swiftkv_attention.cpp:1812]   --->   Operation 86 'alloca' 'local_cosine' <Predicate = true> <Delay = 0.00> <CoreInst = "RAM_1P_LUTRAM">   --->   Core 89 'RAM_1P_LUTRAM' <Latency = 1> <II = 1> <Delay = 0.69> <Storage> <Opcode : 'load' 'store'> <Ports = 1> <Width = 19> <Depth = 64> <RAM>
ST_1 : Operation 87 [1/1] (0.00ns)   --->   "%local_sine = alloca i64 1" [source/swiftkv_attention.cpp:1813]   --->   Operation 87 'alloca' 'local_sine' <Predicate = true> <Delay = 0.00> <CoreInst = "RAM_1P_LUTRAM">   --->   Core 89 'RAM_1P_LUTRAM' <Latency = 1> <II = 1> <Delay = 0.69> <Storage> <Opcode : 'load' 'store'> <Ports = 1> <Width = 19> <Depth = 64> <RAM>
ST_1 : Operation 88 [1/1] (0.00ns)   --->   "%query = alloca i64 1" [source/swiftkv_attention.cpp:1828]   --->   Operation 88 'alloca' 'query' <Predicate = true> <Delay = 0.00> <CoreInst = "RAM_1P_BRAM">   --->   Core 90 'RAM_1P_BRAM' <Latency = 1> <II = 1> <Delay = 1.19> <Storage> <Opcode : 'load' 'store'> <Ports = 1> <Width = 32> <Depth = 8> <RAM>
ST_1 : Operation 89 [1/1] (0.00ns)   --->   "%query_1 = alloca i64 1" [source/swiftkv_attention.cpp:1828]   --->   Operation 89 'alloca' 'query_1' <Predicate = true> <Delay = 0.00> <CoreInst = "RAM_1P_BRAM">   --->   Core 90 'RAM_1P_BRAM' <Latency = 1> <II = 1> <Delay = 1.19> <Storage> <Opcode : 'load' 'store'> <Ports = 1> <Width = 32> <Depth = 8> <RAM>
ST_1 : Operation 90 [1/1] (0.00ns)   --->   "%query_2 = alloca i64 1" [source/swiftkv_attention.cpp:1828]   --->   Operation 90 'alloca' 'query_2' <Predicate = true> <Delay = 0.00> <CoreInst = "RAM_1P_BRAM">   --->   Core 90 'RAM_1P_BRAM' <Latency = 1> <II = 1> <Delay = 1.19> <Storage> <Opcode : 'load' 'store'> <Ports = 1> <Width = 32> <Depth = 8> <RAM>
ST_1 : Operation 91 [1/1] (0.00ns)   --->   "%query_3 = alloca i64 1" [source/swiftkv_attention.cpp:1828]   --->   Operation 91 'alloca' 'query_3' <Predicate = true> <Delay = 0.00> <CoreInst = "RAM_1P_BRAM">   --->   Core 90 'RAM_1P_BRAM' <Latency = 1> <II = 1> <Delay = 1.19> <Storage> <Opcode : 'load' 'store'> <Ports = 1> <Width = 32> <Depth = 8> <RAM>
ST_1 : Operation 92 [1/1] (0.00ns)   --->   "%query_4 = alloca i64 1" [source/swiftkv_attention.cpp:1828]   --->   Operation 92 'alloca' 'query_4' <Predicate = true> <Delay = 0.00> <CoreInst = "RAM_1P_BRAM">   --->   Core 90 'RAM_1P_BRAM' <Latency = 1> <II = 1> <Delay = 1.19> <Storage> <Opcode : 'load' 'store'> <Ports = 1> <Width = 32> <Depth = 8> <RAM>
ST_1 : Operation 93 [1/1] (0.00ns)   --->   "%query_5 = alloca i64 1" [source/swiftkv_attention.cpp:1828]   --->   Operation 93 'alloca' 'query_5' <Predicate = true> <Delay = 0.00> <CoreInst = "RAM_1P_BRAM">   --->   Core 90 'RAM_1P_BRAM' <Latency = 1> <II = 1> <Delay = 1.19> <Storage> <Opcode : 'load' 'store'> <Ports = 1> <Width = 32> <Depth = 8> <RAM>
ST_1 : Operation 94 [1/1] (0.00ns)   --->   "%query_6 = alloca i64 1" [source/swiftkv_attention.cpp:1828]   --->   Operation 94 'alloca' 'query_6' <Predicate = true> <Delay = 0.00> <CoreInst = "RAM_1P_BRAM">   --->   Core 90 'RAM_1P_BRAM' <Latency = 1> <II = 1> <Delay = 1.19> <Storage> <Opcode : 'load' 'store'> <Ports = 1> <Width = 32> <Depth = 8> <RAM>
ST_1 : Operation 95 [1/1] (0.00ns)   --->   "%query_7 = alloca i64 1" [source/swiftkv_attention.cpp:1828]   --->   Operation 95 'alloca' 'query_7' <Predicate = true> <Delay = 0.00> <CoreInst = "RAM_1P_BRAM">   --->   Core 90 'RAM_1P_BRAM' <Latency = 1> <II = 1> <Delay = 1.19> <Storage> <Opcode : 'load' 'store'> <Ports = 1> <Width = 32> <Depth = 8> <RAM>
ST_1 : Operation 96 [1/1] (0.00ns)   --->   "%query_8 = alloca i64 1" [source/swiftkv_attention.cpp:1828]   --->   Operation 96 'alloca' 'query_8' <Predicate = true> <Delay = 0.00> <CoreInst = "RAM_1P_BRAM">   --->   Core 90 'RAM_1P_BRAM' <Latency = 1> <II = 1> <Delay = 1.19> <Storage> <Opcode : 'load' 'store'> <Ports = 1> <Width = 32> <Depth = 8> <RAM>
ST_1 : Operation 97 [1/1] (0.00ns)   --->   "%query_9 = alloca i64 1" [source/swiftkv_attention.cpp:1828]   --->   Operation 97 'alloca' 'query_9' <Predicate = true> <Delay = 0.00> <CoreInst = "RAM_1P_BRAM">   --->   Core 90 'RAM_1P_BRAM' <Latency = 1> <II = 1> <Delay = 1.19> <Storage> <Opcode : 'load' 'store'> <Ports = 1> <Width = 32> <Depth = 8> <RAM>
ST_1 : Operation 98 [1/1] (0.00ns)   --->   "%query_10 = alloca i64 1" [source/swiftkv_attention.cpp:1828]   --->   Operation 98 'alloca' 'query_10' <Predicate = true> <Delay = 0.00> <CoreInst = "RAM_1P_BRAM">   --->   Core 90 'RAM_1P_BRAM' <Latency = 1> <II = 1> <Delay = 1.19> <Storage> <Opcode : 'load' 'store'> <Ports = 1> <Width = 32> <Depth = 8> <RAM>
ST_1 : Operation 99 [1/1] (0.00ns)   --->   "%query_11 = alloca i64 1" [source/swiftkv_attention.cpp:1828]   --->   Operation 99 'alloca' 'query_11' <Predicate = true> <Delay = 0.00> <CoreInst = "RAM_1P_BRAM">   --->   Core 90 'RAM_1P_BRAM' <Latency = 1> <II = 1> <Delay = 1.19> <Storage> <Opcode : 'load' 'store'> <Ports = 1> <Width = 32> <Depth = 8> <RAM>
ST_1 : Operation 100 [1/1] (0.00ns)   --->   "%query_12 = alloca i64 1" [source/swiftkv_attention.cpp:1828]   --->   Operation 100 'alloca' 'query_12' <Predicate = true> <Delay = 0.00> <CoreInst = "RAM_1P_BRAM">   --->   Core 90 'RAM_1P_BRAM' <Latency = 1> <II = 1> <Delay = 1.19> <Storage> <Opcode : 'load' 'store'> <Ports = 1> <Width = 32> <Depth = 8> <RAM>
ST_1 : Operation 101 [1/1] (0.00ns)   --->   "%query_13 = alloca i64 1" [source/swiftkv_attention.cpp:1828]   --->   Operation 101 'alloca' 'query_13' <Predicate = true> <Delay = 0.00> <CoreInst = "RAM_1P_BRAM">   --->   Core 90 'RAM_1P_BRAM' <Latency = 1> <II = 1> <Delay = 1.19> <Storage> <Opcode : 'load' 'store'> <Ports = 1> <Width = 32> <Depth = 8> <RAM>
ST_1 : Operation 102 [1/1] (0.00ns)   --->   "%query_14 = alloca i64 1" [source/swiftkv_attention.cpp:1828]   --->   Operation 102 'alloca' 'query_14' <Predicate = true> <Delay = 0.00> <CoreInst = "RAM_1P_BRAM">   --->   Core 90 'RAM_1P_BRAM' <Latency = 1> <II = 1> <Delay = 1.19> <Storage> <Opcode : 'load' 'store'> <Ports = 1> <Width = 32> <Depth = 8> <RAM>
ST_1 : Operation 103 [1/1] (0.00ns)   --->   "%query_15 = alloca i64 1" [source/swiftkv_attention.cpp:1828]   --->   Operation 103 'alloca' 'query_15' <Predicate = true> <Delay = 0.00> <CoreInst = "RAM_1P_BRAM">   --->   Core 90 'RAM_1P_BRAM' <Latency = 1> <II = 1> <Delay = 1.19> <Storage> <Opcode : 'load' 'store'> <Ports = 1> <Width = 32> <Depth = 8> <RAM>
ST_1 : Operation 104 [1/1] (0.00ns)   --->   "%q_words = alloca i64 1" [source/swiftkv_attention.cpp:1829]   --->   Operation 104 'alloca' 'q_words' <Predicate = true> <Delay = 0.00> <CoreInst = "RAM_1P_BRAM">   --->   Core 90 'RAM_1P_BRAM' <Latency = 1> <II = 1> <Delay = 1.20> <Storage> <Opcode : 'load' 'store'> <Ports = 1> <Width = 512> <Depth = 8> <RAM>
ST_1 : Operation 105 [1/1] (0.00ns)   --->   "%k_words = alloca i64 1" [source/swiftkv_attention.cpp:1830]   --->   Operation 105 'alloca' 'k_words' <Predicate = true> <Delay = 0.00> <CoreInst = "RAM_1P_BRAM">   --->   Core 90 'RAM_1P_BRAM' <Latency = 1> <II = 1> <Delay = 1.20> <Storage> <Opcode : 'load' 'store'> <Ports = 1> <Width = 512> <Depth = 8> <RAM>
ST_1 : Operation 106 [1/1] (0.00ns)   --->   "%v_words = alloca i64 1" [source/swiftkv_attention.cpp:1831]   --->   Operation 106 'alloca' 'v_words' <Predicate = true> <Delay = 0.00> <CoreInst = "RAM_1P_BRAM">   --->   Core 90 'RAM_1P_BRAM' <Latency = 1> <II = 1> <Delay = 1.20> <Storage> <Opcode : 'load' 'store'> <Ports = 1> <Width = 512> <Depth = 8> <RAM>
ST_1 : Operation 107 [1/1] (0.00ns)   --->   "%rotated_k_words = alloca i64 1" [source/swiftkv_attention.cpp:1832]   --->   Operation 107 'alloca' 'rotated_k_words' <Predicate = true> <Delay = 0.00> <CoreInst = "RAM_1P_BRAM">   --->   Core 90 'RAM_1P_BRAM' <Latency = 1> <II = 1> <Delay = 1.20> <Storage> <Opcode : 'load' 'store'> <Ports = 1> <Width = 512> <Depth = 8> <RAM>
ST_1 : Operation 108 [1/1] (0.38ns)   --->   "%store_ln1825 = store i4 0, i4 %local_head" [source/swiftkv_attention.cpp:1825]   --->   Operation 108 'store' 'store_ln1825' <Predicate = true> <Delay = 0.38>

State 2 <SV = 1> <Delay = 0.00>
ST_2 : Operation 109 [1/1] (0.00ns)   --->   "%empty = wait i32 @_ssdm_op_Wait"   --->   Operation 109 'wait' 'empty' <Predicate = true> <Delay = 0.00>
ST_2 : Operation 110 [2/2] (0.00ns)   --->   "%call_ln0 = call void @swiftkv_run_bank_Pipeline_pe_cache_rope_pair_loop, i19 %cos_pe3, i19 %local_cosine, i19 %sin_pe3, i19 %local_sine"   --->   Operation 110 'call' 'call_ln0' <Predicate = true> <Delay = 0.00> <CoreType = "Generic">   --->   Core 0 '' <Latency = 0> <II = 1> <Delay = 1.00> <Generic> <Opcode : >

State 3 <SV = 2> <Delay = 0.82>
ST_3 : Operation 111 [1/1] (0.00ns)   --->   "%specmemcore_ln0 = specmemcore void @_ssdm_op_SpecMemCore, i512 %v, i64 666, i64 18, i64 18446744073709551615"   --->   Operation 111 'specmemcore' 'specmemcore_ln0' <Predicate = true> <Delay = 0.00>
ST_3 : Operation 112 [1/1] (0.00ns)   --->   "%specmemcore_ln0 = specmemcore void @_ssdm_op_SpecMemCore, i512 %k, i64 666, i64 18, i64 18446744073709551615"   --->   Operation 112 'specmemcore' 'specmemcore_ln0' <Predicate = true> <Delay = 0.00>
ST_3 : Operation 113 [1/1] (0.00ns)   --->   "%specmemcore_ln0 = specmemcore void @_ssdm_op_SpecMemCore, i512 %q, i64 666, i64 18, i64 18446744073709551615"   --->   Operation 113 'specmemcore' 'specmemcore_ln0' <Predicate = true> <Delay = 0.00>
ST_3 : Operation 114 [1/1] (0.00ns)   --->   "%specmemcore_ln0 = specmemcore void @_ssdm_op_SpecMemCore, i19 %cos_pe3, i64 666, i64 10, i64 18446744073709551615"   --->   Operation 114 'specmemcore' 'specmemcore_ln0' <Predicate = true> <Delay = 0.00>
ST_3 : Operation 115 [1/1] (0.00ns)   --->   "%specmemcore_ln0 = specmemcore void @_ssdm_op_SpecMemCore, i19 %sin_pe3, i64 666, i64 10, i64 18446744073709551615"   --->   Operation 115 'specmemcore' 'specmemcore_ln0' <Predicate = true> <Delay = 0.00>
ST_3 : Operation 116 [1/1] (0.00ns)   --->   "%specmemcore_ln0 = specmemcore void @_ssdm_op_SpecMemCore, i480 %quantized_pe3, i64 666, i64 8, i64 18446744073709551615"   --->   Operation 116 'specmemcore' 'specmemcore_ln0' <Predicate = true> <Delay = 0.00>
ST_3 : Operation 117 [1/1] (0.00ns)   --->   "%specmemcore_ln0 = specmemcore void @_ssdm_op_SpecMemCore, i32 %scale_pe3, i64 666, i64 10, i64 18446744073709551615"   --->   Operation 117 'specmemcore' 'specmemcore_ln0' <Predicate = true> <Delay = 0.00>
ST_3 : Operation 118 [1/1] (0.00ns)   --->   "%specinterface_ln0 = specinterface void @_ssdm_op_SpecInterface, i512 %gmem3, void @empty_417, i32 0, i32 0, void @empty_418, i32 64, i32 13043328, void @empty_423, void @empty_420, void @empty_418, i32 8, i32 2, i32 256, i32 64, void @empty_418, void @empty_418, i32 4294967295, i32 0"   --->   Operation 118 'specinterface' 'specinterface_ln0' <Predicate = true> <Delay = 0.00>
ST_3 : Operation 119 [1/1] (0.00ns)   --->   "%specinterface_ln0 = specinterface void @_ssdm_op_SpecInterface, i19 %cos_pe3, void @empty_447, i32 0, i32 0, void @empty_418, i32 0, i32 0, void @empty_418, void @empty_418, void @empty_418, i32 0, i32 0, i32 0, i32 0, void @empty_418, void @empty_418, i32 4294967295, i32 0"   --->   Operation 119 'specinterface' 'specinterface_ln0' <Predicate = true> <Delay = 0.00>
ST_3 : Operation 120 [1/1] (0.00ns)   --->   "%specinterface_ln0 = specinterface void @_ssdm_op_SpecInterface, i19 %sin_pe3, void @empty_447, i32 0, i32 0, void @empty_418, i32 0, i32 0, void @empty_418, void @empty_418, void @empty_418, i32 0, i32 0, i32 0, i32 0, void @empty_418, void @empty_418, i32 4294967295, i32 0"   --->   Operation 120 'specinterface' 'specinterface_ln0' <Predicate = true> <Delay = 0.00>
ST_3 : Operation 121 [1/1] (0.00ns)   --->   "%specinterface_ln0 = specinterface void @_ssdm_op_SpecInterface, i480 %quantized_pe3, void @empty_447, i32 0, i32 0, void @empty_418, i32 0, i32 0, void @empty_418, void @empty_418, void @empty_418, i32 0, i32 0, i32 0, i32 0, void @empty_418, void @empty_418, i32 4294967295, i32 0"   --->   Operation 121 'specinterface' 'specinterface_ln0' <Predicate = true> <Delay = 0.00>
ST_3 : Operation 122 [1/1] (0.00ns)   --->   "%specinterface_ln0 = specinterface void @_ssdm_op_SpecInterface, i32 %scale_pe3, void @empty_447, i32 0, i32 0, void @empty_418, i32 0, i32 0, void @empty_418, void @empty_418, void @empty_418, i32 0, i32 0, i32 0, i32 0, void @empty_418, void @empty_418, i32 4294967295, i32 0"   --->   Operation 122 'specinterface' 'specinterface_ln0' <Predicate = true> <Delay = 0.00>
ST_3 : Operation 123 [1/1] (0.00ns)   --->   "%specmemcore_ln1814 = specmemcore void @_ssdm_op_SpecMemCore, i19 %local_cosine, i64 666, i64 19, i64 1" [source/swiftkv_attention.cpp:1814]   --->   Operation 123 'specmemcore' 'specmemcore_ln1814' <Predicate = true> <Delay = 0.00>
ST_3 : Operation 124 [1/1] (0.00ns)   --->   "%specmemcore_ln1815 = specmemcore void @_ssdm_op_SpecMemCore, i19 %local_sine, i64 666, i64 19, i64 1" [source/swiftkv_attention.cpp:1815]   --->   Operation 124 'specmemcore' 'specmemcore_ln1815' <Predicate = true> <Delay = 0.00>
ST_3 : Operation 125 [1/2] (0.00ns)   --->   "%call_ln0 = call void @swiftkv_run_bank_Pipeline_pe_cache_rope_pair_loop, i19 %cos_pe3, i19 %local_cosine, i19 %sin_pe3, i19 %local_sine"   --->   Operation 125 'call' 'call_ln0' <Predicate = true> <Delay = 0.00> <CoreType = "Generic">   --->   Core 0 '' <Latency = 0> <II = 1> <Delay = 1.00> <Generic> <Opcode : >
ST_3 : Operation 126 [1/1] (0.00ns)   --->   "%specmemcore_ln1836 = specmemcore void @_ssdm_op_SpecMemCore, i32 %query_15, i64 666, i64 18, i64 18446744073709551615" [source/swiftkv_attention.cpp:1836]   --->   Operation 126 'specmemcore' 'specmemcore_ln1836' <Predicate = true> <Delay = 0.00>
ST_3 : Operation 127 [1/1] (0.00ns)   --->   "%specmemcore_ln1836 = specmemcore void @_ssdm_op_SpecMemCore, i32 %query_14, i64 666, i64 18, i64 18446744073709551615" [source/swiftkv_attention.cpp:1836]   --->   Operation 127 'specmemcore' 'specmemcore_ln1836' <Predicate = true> <Delay = 0.00>
ST_3 : Operation 128 [1/1] (0.00ns)   --->   "%specmemcore_ln1836 = specmemcore void @_ssdm_op_SpecMemCore, i32 %query_13, i64 666, i64 18, i64 18446744073709551615" [source/swiftkv_attention.cpp:1836]   --->   Operation 128 'specmemcore' 'specmemcore_ln1836' <Predicate = true> <Delay = 0.00>
ST_3 : Operation 129 [1/1] (0.00ns)   --->   "%specmemcore_ln1836 = specmemcore void @_ssdm_op_SpecMemCore, i32 %query_12, i64 666, i64 18, i64 18446744073709551615" [source/swiftkv_attention.cpp:1836]   --->   Operation 129 'specmemcore' 'specmemcore_ln1836' <Predicate = true> <Delay = 0.00>
ST_3 : Operation 130 [1/1] (0.00ns)   --->   "%specmemcore_ln1836 = specmemcore void @_ssdm_op_SpecMemCore, i32 %query_11, i64 666, i64 18, i64 18446744073709551615" [source/swiftkv_attention.cpp:1836]   --->   Operation 130 'specmemcore' 'specmemcore_ln1836' <Predicate = true> <Delay = 0.00>
ST_3 : Operation 131 [1/1] (0.00ns)   --->   "%specmemcore_ln1836 = specmemcore void @_ssdm_op_SpecMemCore, i32 %query_10, i64 666, i64 18, i64 18446744073709551615" [source/swiftkv_attention.cpp:1836]   --->   Operation 131 'specmemcore' 'specmemcore_ln1836' <Predicate = true> <Delay = 0.00>
ST_3 : Operation 132 [1/1] (0.00ns)   --->   "%specmemcore_ln1836 = specmemcore void @_ssdm_op_SpecMemCore, i32 %query_9, i64 666, i64 18, i64 18446744073709551615" [source/swiftkv_attention.cpp:1836]   --->   Operation 132 'specmemcore' 'specmemcore_ln1836' <Predicate = true> <Delay = 0.00>
ST_3 : Operation 133 [1/1] (0.00ns)   --->   "%specmemcore_ln1836 = specmemcore void @_ssdm_op_SpecMemCore, i32 %query_8, i64 666, i64 18, i64 18446744073709551615" [source/swiftkv_attention.cpp:1836]   --->   Operation 133 'specmemcore' 'specmemcore_ln1836' <Predicate = true> <Delay = 0.00>
ST_3 : Operation 134 [1/1] (0.00ns)   --->   "%specmemcore_ln1836 = specmemcore void @_ssdm_op_SpecMemCore, i32 %query_7, i64 666, i64 18, i64 18446744073709551615" [source/swiftkv_attention.cpp:1836]   --->   Operation 134 'specmemcore' 'specmemcore_ln1836' <Predicate = true> <Delay = 0.00>
ST_3 : Operation 135 [1/1] (0.00ns)   --->   "%specmemcore_ln1836 = specmemcore void @_ssdm_op_SpecMemCore, i32 %query_6, i64 666, i64 18, i64 18446744073709551615" [source/swiftkv_attention.cpp:1836]   --->   Operation 135 'specmemcore' 'specmemcore_ln1836' <Predicate = true> <Delay = 0.00>
ST_3 : Operation 136 [1/1] (0.00ns)   --->   "%specmemcore_ln1836 = specmemcore void @_ssdm_op_SpecMemCore, i32 %query_5, i64 666, i64 18, i64 18446744073709551615" [source/swiftkv_attention.cpp:1836]   --->   Operation 136 'specmemcore' 'specmemcore_ln1836' <Predicate = true> <Delay = 0.00>
ST_3 : Operation 137 [1/1] (0.00ns)   --->   "%specmemcore_ln1836 = specmemcore void @_ssdm_op_SpecMemCore, i32 %query_4, i64 666, i64 18, i64 18446744073709551615" [source/swiftkv_attention.cpp:1836]   --->   Operation 137 'specmemcore' 'specmemcore_ln1836' <Predicate = true> <Delay = 0.00>
ST_3 : Operation 138 [1/1] (0.00ns)   --->   "%specmemcore_ln1836 = specmemcore void @_ssdm_op_SpecMemCore, i32 %query_3, i64 666, i64 18, i64 18446744073709551615" [source/swiftkv_attention.cpp:1836]   --->   Operation 138 'specmemcore' 'specmemcore_ln1836' <Predicate = true> <Delay = 0.00>
ST_3 : Operation 139 [1/1] (0.00ns)   --->   "%specmemcore_ln1836 = specmemcore void @_ssdm_op_SpecMemCore, i32 %query_2, i64 666, i64 18, i64 18446744073709551615" [source/swiftkv_attention.cpp:1836]   --->   Operation 139 'specmemcore' 'specmemcore_ln1836' <Predicate = true> <Delay = 0.00>
ST_3 : Operation 140 [1/1] (0.00ns)   --->   "%specmemcore_ln1836 = specmemcore void @_ssdm_op_SpecMemCore, i32 %query_1, i64 666, i64 18, i64 18446744073709551615" [source/swiftkv_attention.cpp:1836]   --->   Operation 140 'specmemcore' 'specmemcore_ln1836' <Predicate = true> <Delay = 0.00>
ST_3 : Operation 141 [1/1] (0.00ns)   --->   "%specmemcore_ln1836 = specmemcore void @_ssdm_op_SpecMemCore, i32 %query, i64 666, i64 18, i64 18446744073709551615" [source/swiftkv_attention.cpp:1836]   --->   Operation 141 'specmemcore' 'specmemcore_ln1836' <Predicate = true> <Delay = 0.00>
ST_3 : Operation 142 [1/1] (0.00ns)   --->   "%specmemcore_ln1837 = specmemcore void @_ssdm_op_SpecMemCore, i512 %q_words, i64 666, i64 18, i64 18446744073709551615" [source/swiftkv_attention.cpp:1837]   --->   Operation 142 'specmemcore' 'specmemcore_ln1837' <Predicate = true> <Delay = 0.00>
ST_3 : Operation 143 [1/1] (0.00ns)   --->   "%specmemcore_ln1838 = specmemcore void @_ssdm_op_SpecMemCore, i512 %k_words, i64 666, i64 18, i64 18446744073709551615" [source/swiftkv_attention.cpp:1838]   --->   Operation 143 'specmemcore' 'specmemcore_ln1838' <Predicate = true> <Delay = 0.00>
ST_3 : Operation 144 [1/1] (0.00ns)   --->   "%specmemcore_ln1839 = specmemcore void @_ssdm_op_SpecMemCore, i512 %v_words, i64 666, i64 18, i64 18446744073709551615" [source/swiftkv_attention.cpp:1839]   --->   Operation 144 'specmemcore' 'specmemcore_ln1839' <Predicate = true> <Delay = 0.00>
ST_3 : Operation 145 [1/1] (0.00ns)   --->   "%specmemcore_ln1840 = specmemcore void @_ssdm_op_SpecMemCore, i512 %rotated_k_words, i64 666, i64 18, i64 18446744073709551615" [source/swiftkv_attention.cpp:1840]   --->   Operation 145 'specmemcore' 'specmemcore_ln1840' <Predicate = true> <Delay = 0.00>
ST_3 : Operation 146 [1/1] (0.00ns)   --->   "%position_val_cast19 = zext i12 %position_val_read"   --->   Operation 146 'zext' 'position_val_cast19' <Predicate = true> <Delay = 0.00>
ST_3 : Operation 147 [1/1] (0.00ns)   --->   "%p_shl = bitconcatenate i14 @_ssdm_op_BitConcatenate.i14.i12.i2, i12 %position_val_read, i2 0"   --->   Operation 147 'bitconcatenate' 'p_shl' <Predicate = true> <Delay = 0.00>
ST_3 : Operation 148 [1/1] (0.00ns)   --->   "%p_shl12_cast = zext i14 %p_shl"   --->   Operation 148 'zext' 'p_shl12_cast' <Predicate = true> <Delay = 0.00>
ST_3 : Operation 149 [1/1] (0.76ns)   --->   "%mul11 = add i15 %p_shl12_cast, i15 %position_val_cast19"   --->   Operation 149 'add' 'mul11' <Predicate = true> <Delay = 0.76> <CoreInst = "Adder">   --->   Core 1 'Adder' <Latency = 0> <II = 1> <Delay = 0.76> <FuncUnit> <Opcode : 'add' 'sub'> <InPorts = 2> <OutPorts = 1>
ST_3 : Operation 150 [1/1] (0.00ns)   --->   "%shl_ln = bitconcatenate i23 @_ssdm_op_BitConcatenate.i23.i6.i17, i6 %layer_index_val_read, i17 0" [source/swiftkv_attention.cpp:1825]   --->   Operation 150 'bitconcatenate' 'shl_ln' <Predicate = true> <Delay = 0.00>
ST_3 : Operation 151 [1/1] (0.00ns)   --->   "%zext_ln1825 = zext i23 %shl_ln" [source/swiftkv_attention.cpp:1825]   --->   Operation 151 'zext' 'zext_ln1825' <Predicate = true> <Delay = 0.00>
ST_3 : Operation 152 [1/1] (0.00ns)   --->   "%shl_ln1825_1 = bitconcatenate i21 @_ssdm_op_BitConcatenate.i21.i6.i15, i6 %layer_index_val_read, i15 0" [source/swiftkv_attention.cpp:1825]   --->   Operation 152 'bitconcatenate' 'shl_ln1825_1' <Predicate = true> <Delay = 0.00>
ST_3 : Operation 153 [1/1] (0.00ns)   --->   "%zext_ln1825_1 = zext i21 %shl_ln1825_1" [source/swiftkv_attention.cpp:1825]   --->   Operation 153 'zext' 'zext_ln1825_1' <Predicate = true> <Delay = 0.00>
ST_3 : Operation 154 [1/1] (0.82ns)   --->   "%add_ln1825 = add i24 %zext_ln1825, i24 %zext_ln1825_1" [source/swiftkv_attention.cpp:1825]   --->   Operation 154 'add' 'add_ln1825' <Predicate = true> <Delay = 0.82> <CoreInst = "Adder">   --->   Core 1 'Adder' <Latency = 0> <II = 1> <Delay = 0.82> <FuncUnit> <Opcode : 'add' 'sub'> <InPorts = 2> <OutPorts = 1>
ST_3 : Operation 155 [1/1] (0.00ns)   --->   "%tmp_14 = partselect i9 @_ssdm_op_PartSelect.i9.i24.i32.i32, i24 %add_ln1825, i32 15, i32 23" [source/swiftkv_attention.cpp:1825]   --->   Operation 155 'partselect' 'tmp_14' <Predicate = true> <Delay = 0.00>
ST_3 : Operation 156 [1/1] (0.00ns)   --->   "%or_ln = bitconcatenate i24 @_ssdm_op_BitConcatenate.i24.i9.i15, i9 %tmp_14, i15 %mul11" [source/swiftkv_attention.cpp:1825]   --->   Operation 156 'bitconcatenate' 'or_ln' <Predicate = true> <Delay = 0.00>
ST_3 : Operation 157 [1/1] (0.00ns)   --->   "%zext_ln1825_2 = zext i24 %or_ln" [source/swiftkv_attention.cpp:1825]   --->   Operation 157 'zext' 'zext_ln1825_2' <Predicate = true> <Delay = 0.00>
ST_3 : Operation 158 [1/1] (0.00ns)   --->   "%br_ln1825 = br void %pe_load_q_word_loop" [source/swiftkv_attention.cpp:1825]   --->   Operation 158 'br' 'br_ln1825' <Predicate = true> <Delay = 0.00>

State 4 <SV = 3> <Delay = 1.09>
ST_4 : Operation 159 [1/1] (0.00ns)   --->   "%local_head_1 = load i4 %local_head"   --->   Operation 159 'load' 'local_head_1' <Predicate = true> <Delay = 0.00>
ST_4 : Operation 160 [1/1] (0.70ns)   --->   "%icmp_ln1826 = icmp_eq  i4 %local_head_1, i4 8" [source/swiftkv_attention.cpp:1826]   --->   Operation 160 'icmp' 'icmp_ln1826' <Predicate = true> <Delay = 0.70> <CoreInst = "Cmp">   --->   Core 9 'Cmp' <Latency = 0> <II = 1> <Delay = 0.70> <FuncUnit> <Opcode : 'icmp'> <InPorts = 2> <OutPorts = 1>
ST_4 : Operation 161 [1/1] (0.70ns)   --->   "%add_ln1827 = add i4 %local_head_1, i4 1" [source/swiftkv_attention.cpp:1827]   --->   Operation 161 'add' 'add_ln1827' <Predicate = true> <Delay = 0.70> <CoreInst = "Adder">   --->   Core 1 'Adder' <Latency = 0> <II = 1> <Delay = 0.70> <FuncUnit> <Opcode : 'add' 'sub'> <InPorts = 2> <OutPorts = 1>
ST_4 : Operation 162 [1/1] (0.00ns)   --->   "%br_ln1825 = br i1 %icmp_ln1826, void %pe_load_q_word_loop.split, void %for.end158" [source/swiftkv_attention.cpp:1825]   --->   Operation 162 'br' 'br_ln1825' <Predicate = true> <Delay = 0.00>
ST_4 : Operation 163 [1/1] (0.00ns)   --->   "%empty_723 = trunc i4 %local_head_1"   --->   Operation 163 'trunc' 'empty_723' <Predicate = (!icmp_ln1826)> <Delay = 0.00>
ST_4 : Operation 164 [1/1] (0.38ns)   --->   "%store_ln1825 = store i4 %add_ln1827, i4 %local_head" [source/swiftkv_attention.cpp:1825]   --->   Operation 164 'store' 'store_ln1825' <Predicate = (!icmp_ln1826)> <Delay = 0.38>
ST_4 : Operation 165 [1/1] (0.00ns)   --->   "%ret_ln1966 = ret" [source/swiftkv_attention.cpp:1966]   --->   Operation 165 'ret' 'ret_ln1966' <Predicate = (icmp_ln1826)> <Delay = 0.00>

State 5 <SV = 4> <Delay = 1.90>
ST_5 : Operation 166 [1/1] (0.00ns)   --->   "%tmp_13 = bitconcatenate i6 @_ssdm_op_BitConcatenate.i6.i3.i3, i3 %empty_723, i3 0"   --->   Operation 166 'bitconcatenate' 'tmp_13' <Predicate = true> <Delay = 0.00>
ST_5 : Operation 167 [2/2] (1.90ns)   --->   "%call_ln0 = call void @swiftkv_run_bank_Pipeline_pe_load_q_word_loop, i6 %tmp_13, i512 %q, i512 %q_words"   --->   Operation 167 'call' 'call_ln0' <Predicate = true> <Delay = 1.90> <CoreType = "Generic">   --->   Core 0 '' <Latency = 0> <II = 1> <Delay = 1.00> <Generic> <Opcode : >
ST_5 : Operation 168 [2/2] (1.90ns)   --->   "%call_ln0 = call void @swiftkv_run_bank_Pipeline_pe_load_k_word_loop, i6 %tmp_13, i512 %k, i512 %k_words"   --->   Operation 168 'call' 'call_ln0' <Predicate = true> <Delay = 1.90> <CoreType = "Generic">   --->   Core 0 '' <Latency = 0> <II = 1> <Delay = 1.00> <Generic> <Opcode : >
ST_5 : Operation 169 [2/2] (1.90ns)   --->   "%call_ln0 = call void @swiftkv_run_bank_Pipeline_pe_load_v_word_loop, i6 %tmp_13, i512 %v, i512 %v_words"   --->   Operation 169 'call' 'call_ln0' <Predicate = true> <Delay = 1.90> <CoreType = "Generic">   --->   Core 0 '' <Latency = 0> <II = 1> <Delay = 1.00> <Generic> <Opcode : >

State 6 <SV = 5> <Delay = 0.00>
ST_6 : Operation 170 [1/2] (0.00ns)   --->   "%call_ln0 = call void @swiftkv_run_bank_Pipeline_pe_load_q_word_loop, i6 %tmp_13, i512 %q, i512 %q_words"   --->   Operation 170 'call' 'call_ln0' <Predicate = true> <Delay = 0.00> <CoreType = "Generic">   --->   Core 0 '' <Latency = 0> <II = 1> <Delay = 1.00> <Generic> <Opcode : >
ST_6 : Operation 171 [1/2] (0.00ns)   --->   "%call_ln0 = call void @swiftkv_run_bank_Pipeline_pe_load_k_word_loop, i6 %tmp_13, i512 %k, i512 %k_words"   --->   Operation 171 'call' 'call_ln0' <Predicate = true> <Delay = 0.00> <CoreType = "Generic">   --->   Core 0 '' <Latency = 0> <II = 1> <Delay = 1.00> <Generic> <Opcode : >
ST_6 : Operation 172 [1/2] (0.00ns)   --->   "%call_ln0 = call void @swiftkv_run_bank_Pipeline_pe_load_v_word_loop, i6 %tmp_13, i512 %v, i512 %v_words"   --->   Operation 172 'call' 'call_ln0' <Predicate = true> <Delay = 0.00> <CoreType = "Generic">   --->   Core 0 '' <Latency = 0> <II = 1> <Delay = 1.00> <Generic> <Opcode : >

State 7 <SV = 6> <Delay = 1.68>
ST_7 : Operation 173 [2/2] (0.00ns)   --->   "%call_ln0 = call void @swiftkv_run_bank_Pipeline_pe_rope_word_loop_pe_rope_pair_phase_loop, i512 %rotated_k_words, i32 %query, i32 %query_2, i32 %query_4, i32 %query_6, i32 %query_8, i32 %query_10, i32 %query_12, i32 %query_14, i32 %query_1, i32 %query_3, i32 %query_5, i32 %query_7, i32 %query_9, i32 %query_11, i32 %query_13, i32 %query_15, i19 %local_cosine, i19 %local_sine, i512 %q_words, i512 %k_words"   --->   Operation 173 'call' 'call_ln0' <Predicate = true> <Delay = 0.00> <CoreType = "Generic">   --->   Core 0 '' <Latency = 0> <II = 1> <Delay = 1.00> <Generic> <Opcode : >
ST_7 : Operation 174 [1/1] (0.00ns)   --->   "%shl_ln1 = bitconcatenate i15 @_ssdm_op_BitConcatenate.i15.i3.i12, i3 %empty_723, i12 0" [source/swiftkv_attention.cpp:1828]   --->   Operation 174 'bitconcatenate' 'shl_ln1' <Predicate = true> <Delay = 0.00>
ST_7 : Operation 175 [1/1] (0.00ns)   --->   "%zext_ln1828 = zext i15 %shl_ln1" [source/swiftkv_attention.cpp:1828]   --->   Operation 175 'zext' 'zext_ln1828' <Predicate = true> <Delay = 0.00>
ST_7 : Operation 176 [1/1] (0.00ns)   --->   "%shl_ln1828_1 = bitconcatenate i17 @_ssdm_op_BitConcatenate.i17.i3.i14, i3 %empty_723, i14 0" [source/swiftkv_attention.cpp:1828]   --->   Operation 176 'bitconcatenate' 'shl_ln1828_1' <Predicate = true> <Delay = 0.00>
ST_7 : Operation 177 [1/1] (0.00ns)   --->   "%zext_ln1828_1 = zext i17 %shl_ln1828_1" [source/swiftkv_attention.cpp:1828]   --->   Operation 177 'zext' 'zext_ln1828_1' <Predicate = true> <Delay = 0.00>
ST_7 : Operation 178 [1/1] (0.00ns)   --->   "%tmp_s = bitconcatenate i33 @_ssdm_op_BitConcatenate.i33.i1.i32, i1 0, i32 %zext_ln1825_2" [source/swiftkv_attention.cpp:1828]   --->   Operation 178 'bitconcatenate' 'tmp_s' <Predicate = true> <Delay = 0.00>
ST_7 : Operation 179 [1/1] (0.00ns)   --->   "%zext_ln1828_2 = zext i33 %tmp_s" [source/swiftkv_attention.cpp:1828]   --->   Operation 179 'zext' 'zext_ln1828_2' <Predicate = true> <Delay = 0.00>
ST_7 : Operation 180 [1/1] (0.79ns)   --->   "%add_ln1828 = add i18 %zext_ln1828_1, i18 %zext_ln1828" [source/swiftkv_attention.cpp:1828]   --->   Operation 180 'add' 'add_ln1828' <Predicate = true> <Delay = 0.79> <CoreInst = "Adder">   --->   Core 1 'Adder' <Latency = 0> <II = 1> <Delay = 0.79> <FuncUnit> <Opcode : 'add' 'sub'> <InPorts = 2> <OutPorts = 1>
ST_7 : Operation 181 [1/1] (0.00ns)   --->   "%zext_ln1828_3 = zext i18 %add_ln1828" [source/swiftkv_attention.cpp:1828]   --->   Operation 181 'zext' 'zext_ln1828_3' <Predicate = true> <Delay = 0.00>
ST_7 : Operation 182 [1/1] (0.89ns)   --->   "%add_ln1828_2 = add i34 %zext_ln1828_2, i34 %zext_ln1828_3" [source/swiftkv_attention.cpp:1828]   --->   Operation 182 'add' 'add_ln1828_2' <Predicate = true> <Delay = 0.89> <CoreInst = "Adder">   --->   Core 1 'Adder' <Latency = 0> <II = 1> <Delay = 0.89> <FuncUnit> <Opcode : 'add' 'sub'> <InPorts = 2> <OutPorts = 1>

State 8 <SV = 7> <Delay = 1.14>
ST_8 : Operation 183 [1/2] (0.00ns)   --->   "%call_ln0 = call void @swiftkv_run_bank_Pipeline_pe_rope_word_loop_pe_rope_pair_phase_loop, i512 %rotated_k_words, i32 %query, i32 %query_2, i32 %query_4, i32 %query_6, i32 %query_8, i32 %query_10, i32 %query_12, i32 %query_14, i32 %query_1, i32 %query_3, i32 %query_5, i32 %query_7, i32 %query_9, i32 %query_11, i32 %query_13, i32 %query_15, i19 %local_cosine, i19 %local_sine, i512 %q_words, i512 %k_words"   --->   Operation 183 'call' 'call_ln0' <Predicate = true> <Delay = 0.00> <CoreType = "Generic">   --->   Core 0 '' <Latency = 0> <II = 1> <Delay = 1.00> <Generic> <Opcode : >
ST_8 : Operation 184 [1/1] (0.00ns)   --->   "%shl_ln1828_2 = bitconcatenate i40 @_ssdm_op_BitConcatenate.i40.i34.i6, i34 %add_ln1828_2, i6 0" [source/swiftkv_attention.cpp:1828]   --->   Operation 184 'bitconcatenate' 'shl_ln1828_2' <Predicate = true> <Delay = 0.00>
ST_8 : Operation 185 [1/1] (0.00ns)   --->   "%zext_ln1828_4 = zext i40 %shl_ln1828_2" [source/swiftkv_attention.cpp:1828]   --->   Operation 185 'zext' 'zext_ln1828_4' <Predicate = true> <Delay = 0.00>
ST_8 : Operation 186 [1/1] (1.14ns)   --->   "%add_ln1828_1 = add i64 %zext_ln1828_4, i64 %kv_cache_read" [source/swiftkv_attention.cpp:1828]   --->   Operation 186 'add' 'add_ln1828_1' <Predicate = true> <Delay = 1.14> <CoreInst = "Adder">   --->   Core 1 'Adder' <Latency = 0> <II = 1> <Delay = 1.14> <FuncUnit> <Opcode : 'add' 'sub'> <InPorts = 2> <OutPorts = 1>
ST_8 : Operation 187 [1/1] (0.00ns)   --->   "%trunc_ln = partselect i58 @_ssdm_op_PartSelect.i58.i64.i32.i32, i64 %add_ln1828_1, i32 6, i32 63" [source/swiftkv_attention.cpp:1952]   --->   Operation 187 'partselect' 'trunc_ln' <Predicate = true> <Delay = 0.00>

State 9 <SV = 8> <Delay = 2.43>
ST_9 : Operation 188 [2/2] (0.00ns)   --->   "%call_ret = call i2560 @swiftkv_quantize_kv_record, i512 %rotated_k_words, i512 %v_words" [source/swiftkv_attention.cpp:1948]   --->   Operation 188 'call' 'call_ret' <Predicate = true> <Delay = 0.00> <CoreType = "Generic">   --->   Core 0 '' <Latency = 0> <II = 1> <Delay = 1.00> <Generic> <Opcode : >
ST_9 : Operation 189 [1/1] (0.00ns)   --->   "%sext_ln1952 = sext i58 %trunc_ln" [source/swiftkv_attention.cpp:1952]   --->   Operation 189 'sext' 'sext_ln1952' <Predicate = true> <Delay = 0.00>
ST_9 : Operation 190 [1/1] (0.00ns)   --->   "%gmem3_addr = getelementptr i512 %gmem3, i64 %sext_ln1952" [source/swiftkv_attention.cpp:1952]   --->   Operation 190 'getelementptr' 'gmem3_addr' <Predicate = true> <Delay = 0.00>
ST_9 : Operation 191 [1/1] (2.43ns)   --->   "%empty_724 = writereq i1 @_ssdm_op_WriteReq.m_axi.p1i512, i512 %gmem3_addr, i32 5" [source/swiftkv_attention.cpp:1952]   --->   Operation 191 'writereq' 'empty_724' <Predicate = true> <Delay = 2.43> <CoreInst = "m_axi">   --->   Core 121 'm_axi' <Latency = 0> <II = 1> <Delay = 1.00> <Adapter> <Opcode : 'read' 'write' 'readreq' 'writereq' 'writeresp'>

State 10 <SV = 9> <Delay = 0.48>
ST_10 : Operation 192 [1/2] (0.00ns)   --->   "%call_ret = call i2560 @swiftkv_quantize_kv_record, i512 %rotated_k_words, i512 %v_words" [source/swiftkv_attention.cpp:1948]   --->   Operation 192 'call' 'call_ret' <Predicate = true> <Delay = 0.00> <CoreType = "Generic">   --->   Core 0 '' <Latency = 0> <II = 1> <Delay = 1.00> <Generic> <Opcode : >
ST_10 : Operation 193 [1/1] (0.00ns)   --->   "%compressed_kv_record = extractvalue i2560 %call_ret" [source/swiftkv_attention.cpp:1948]   --->   Operation 193 'extractvalue' 'compressed_kv_record' <Predicate = true> <Delay = 0.00>
ST_10 : Operation 194 [1/1] (0.00ns)   --->   "%compressed_kv_record_1 = extractvalue i2560 %call_ret" [source/swiftkv_attention.cpp:1948]   --->   Operation 194 'extractvalue' 'compressed_kv_record_1' <Predicate = true> <Delay = 0.00>
ST_10 : Operation 195 [1/1] (0.00ns)   --->   "%compressed_kv_record_2 = extractvalue i2560 %call_ret" [source/swiftkv_attention.cpp:1948]   --->   Operation 195 'extractvalue' 'compressed_kv_record_2' <Predicate = true> <Delay = 0.00>
ST_10 : Operation 196 [1/1] (0.00ns)   --->   "%compressed_kv_record_3 = extractvalue i2560 %call_ret" [source/swiftkv_attention.cpp:1948]   --->   Operation 196 'extractvalue' 'compressed_kv_record_3' <Predicate = true> <Delay = 0.00>
ST_10 : Operation 197 [1/1] (0.00ns)   --->   "%compressed_kv_record_4 = extractvalue i2560 %call_ret" [source/swiftkv_attention.cpp:1948]   --->   Operation 197 'extractvalue' 'compressed_kv_record_4' <Predicate = true> <Delay = 0.00>
ST_10 : Operation 198 [2/2] (0.48ns)   --->   "%call_ln1952 = call void @swiftkv_run_bank_Pipeline_pe_write_kv_word_loop, i512 %gmem3, i58 %trunc_ln, i512 %compressed_kv_record, i512 %compressed_kv_record_1, i512 %compressed_kv_record_2, i512 %compressed_kv_record_3, i512 %compressed_kv_record_4" [source/swiftkv_attention.cpp:1952]   --->   Operation 198 'call' 'call_ln1952' <Predicate = true> <Delay = 0.48> <CoreType = "Generic">   --->   Core 0 '' <Latency = 0> <II = 1> <Delay = 1.00> <Generic> <Opcode : >

State 11 <SV = 10> <Delay = 0.00>
ST_11 : Operation 199 [1/2] (0.00ns)   --->   "%call_ln1952 = call void @swiftkv_run_bank_Pipeline_pe_write_kv_word_loop, i512 %gmem3, i58 %trunc_ln, i512 %compressed_kv_record, i512 %compressed_kv_record_1, i512 %compressed_kv_record_2, i512 %compressed_kv_record_3, i512 %compressed_kv_record_4" [source/swiftkv_attention.cpp:1952]   --->   Operation 199 'call' 'call_ln1952' <Predicate = true> <Delay = 0.00> <CoreType = "Generic">   --->   Core 0 '' <Latency = 0> <II = 1> <Delay = 1.00> <Generic> <Opcode : >

State 12 <SV = 11> <Delay = 2.43>
ST_12 : Operation 200 [68/68] (2.43ns)   --->   "%empty_725 = writeresp i1 @_ssdm_op_WriteResp.m_axi.p1i512, i512 %gmem3_addr" [source/swiftkv_attention.cpp:1963]   --->   Operation 200 'writeresp' 'empty_725' <Predicate = true> <Delay = 2.43> <CoreInst = "m_axi">   --->   Core 121 'm_axi' <Latency = 0> <II = 1> <Delay = 1.00> <Adapter> <Opcode : 'read' 'write' 'readreq' 'writereq' 'writeresp'>

State 13 <SV = 12> <Delay = 2.43>
ST_13 : Operation 201 [67/68] (2.43ns)   --->   "%empty_725 = writeresp i1 @_ssdm_op_WriteResp.m_axi.p1i512, i512 %gmem3_addr" [source/swiftkv_attention.cpp:1963]   --->   Operation 201 'writeresp' 'empty_725' <Predicate = true> <Delay = 2.43> <CoreInst = "m_axi">   --->   Core 121 'm_axi' <Latency = 0> <II = 1> <Delay = 1.00> <Adapter> <Opcode : 'read' 'write' 'readreq' 'writereq' 'writeresp'>

State 14 <SV = 13> <Delay = 2.43>
ST_14 : Operation 202 [66/68] (2.43ns)   --->   "%empty_725 = writeresp i1 @_ssdm_op_WriteResp.m_axi.p1i512, i512 %gmem3_addr" [source/swiftkv_attention.cpp:1963]   --->   Operation 202 'writeresp' 'empty_725' <Predicate = true> <Delay = 2.43> <CoreInst = "m_axi">   --->   Core 121 'm_axi' <Latency = 0> <II = 1> <Delay = 1.00> <Adapter> <Opcode : 'read' 'write' 'readreq' 'writereq' 'writeresp'>

State 15 <SV = 14> <Delay = 2.43>
ST_15 : Operation 203 [65/68] (2.43ns)   --->   "%empty_725 = writeresp i1 @_ssdm_op_WriteResp.m_axi.p1i512, i512 %gmem3_addr" [source/swiftkv_attention.cpp:1963]   --->   Operation 203 'writeresp' 'empty_725' <Predicate = true> <Delay = 2.43> <CoreInst = "m_axi">   --->   Core 121 'm_axi' <Latency = 0> <II = 1> <Delay = 1.00> <Adapter> <Opcode : 'read' 'write' 'readreq' 'writereq' 'writeresp'>

State 16 <SV = 15> <Delay = 2.43>
ST_16 : Operation 204 [64/68] (2.43ns)   --->   "%empty_725 = writeresp i1 @_ssdm_op_WriteResp.m_axi.p1i512, i512 %gmem3_addr" [source/swiftkv_attention.cpp:1963]   --->   Operation 204 'writeresp' 'empty_725' <Predicate = true> <Delay = 2.43> <CoreInst = "m_axi">   --->   Core 121 'm_axi' <Latency = 0> <II = 1> <Delay = 1.00> <Adapter> <Opcode : 'read' 'write' 'readreq' 'writereq' 'writeresp'>

State 17 <SV = 16> <Delay = 2.43>
ST_17 : Operation 205 [63/68] (2.43ns)   --->   "%empty_725 = writeresp i1 @_ssdm_op_WriteResp.m_axi.p1i512, i512 %gmem3_addr" [source/swiftkv_attention.cpp:1963]   --->   Operation 205 'writeresp' 'empty_725' <Predicate = true> <Delay = 2.43> <CoreInst = "m_axi">   --->   Core 121 'm_axi' <Latency = 0> <II = 1> <Delay = 1.00> <Adapter> <Opcode : 'read' 'write' 'readreq' 'writereq' 'writeresp'>

State 18 <SV = 17> <Delay = 2.43>
ST_18 : Operation 206 [62/68] (2.43ns)   --->   "%empty_725 = writeresp i1 @_ssdm_op_WriteResp.m_axi.p1i512, i512 %gmem3_addr" [source/swiftkv_attention.cpp:1963]   --->   Operation 206 'writeresp' 'empty_725' <Predicate = true> <Delay = 2.43> <CoreInst = "m_axi">   --->   Core 121 'm_axi' <Latency = 0> <II = 1> <Delay = 1.00> <Adapter> <Opcode : 'read' 'write' 'readreq' 'writereq' 'writeresp'>

State 19 <SV = 18> <Delay = 2.43>
ST_19 : Operation 207 [61/68] (2.43ns)   --->   "%empty_725 = writeresp i1 @_ssdm_op_WriteResp.m_axi.p1i512, i512 %gmem3_addr" [source/swiftkv_attention.cpp:1963]   --->   Operation 207 'writeresp' 'empty_725' <Predicate = true> <Delay = 2.43> <CoreInst = "m_axi">   --->   Core 121 'm_axi' <Latency = 0> <II = 1> <Delay = 1.00> <Adapter> <Opcode : 'read' 'write' 'readreq' 'writereq' 'writeresp'>

State 20 <SV = 19> <Delay = 2.43>
ST_20 : Operation 208 [60/68] (2.43ns)   --->   "%empty_725 = writeresp i1 @_ssdm_op_WriteResp.m_axi.p1i512, i512 %gmem3_addr" [source/swiftkv_attention.cpp:1963]   --->   Operation 208 'writeresp' 'empty_725' <Predicate = true> <Delay = 2.43> <CoreInst = "m_axi">   --->   Core 121 'm_axi' <Latency = 0> <II = 1> <Delay = 1.00> <Adapter> <Opcode : 'read' 'write' 'readreq' 'writereq' 'writeresp'>

State 21 <SV = 20> <Delay = 2.43>
ST_21 : Operation 209 [59/68] (2.43ns)   --->   "%empty_725 = writeresp i1 @_ssdm_op_WriteResp.m_axi.p1i512, i512 %gmem3_addr" [source/swiftkv_attention.cpp:1963]   --->   Operation 209 'writeresp' 'empty_725' <Predicate = true> <Delay = 2.43> <CoreInst = "m_axi">   --->   Core 121 'm_axi' <Latency = 0> <II = 1> <Delay = 1.00> <Adapter> <Opcode : 'read' 'write' 'readreq' 'writereq' 'writeresp'>

State 22 <SV = 21> <Delay = 2.43>
ST_22 : Operation 210 [58/68] (2.43ns)   --->   "%empty_725 = writeresp i1 @_ssdm_op_WriteResp.m_axi.p1i512, i512 %gmem3_addr" [source/swiftkv_attention.cpp:1963]   --->   Operation 210 'writeresp' 'empty_725' <Predicate = true> <Delay = 2.43> <CoreInst = "m_axi">   --->   Core 121 'm_axi' <Latency = 0> <II = 1> <Delay = 1.00> <Adapter> <Opcode : 'read' 'write' 'readreq' 'writereq' 'writeresp'>

State 23 <SV = 22> <Delay = 2.43>
ST_23 : Operation 211 [57/68] (2.43ns)   --->   "%empty_725 = writeresp i1 @_ssdm_op_WriteResp.m_axi.p1i512, i512 %gmem3_addr" [source/swiftkv_attention.cpp:1963]   --->   Operation 211 'writeresp' 'empty_725' <Predicate = true> <Delay = 2.43> <CoreInst = "m_axi">   --->   Core 121 'm_axi' <Latency = 0> <II = 1> <Delay = 1.00> <Adapter> <Opcode : 'read' 'write' 'readreq' 'writereq' 'writeresp'>

State 24 <SV = 23> <Delay = 2.43>
ST_24 : Operation 212 [56/68] (2.43ns)   --->   "%empty_725 = writeresp i1 @_ssdm_op_WriteResp.m_axi.p1i512, i512 %gmem3_addr" [source/swiftkv_attention.cpp:1963]   --->   Operation 212 'writeresp' 'empty_725' <Predicate = true> <Delay = 2.43> <CoreInst = "m_axi">   --->   Core 121 'm_axi' <Latency = 0> <II = 1> <Delay = 1.00> <Adapter> <Opcode : 'read' 'write' 'readreq' 'writereq' 'writeresp'>

State 25 <SV = 24> <Delay = 2.43>
ST_25 : Operation 213 [55/68] (2.43ns)   --->   "%empty_725 = writeresp i1 @_ssdm_op_WriteResp.m_axi.p1i512, i512 %gmem3_addr" [source/swiftkv_attention.cpp:1963]   --->   Operation 213 'writeresp' 'empty_725' <Predicate = true> <Delay = 2.43> <CoreInst = "m_axi">   --->   Core 121 'm_axi' <Latency = 0> <II = 1> <Delay = 1.00> <Adapter> <Opcode : 'read' 'write' 'readreq' 'writereq' 'writeresp'>

State 26 <SV = 25> <Delay = 2.43>
ST_26 : Operation 214 [54/68] (2.43ns)   --->   "%empty_725 = writeresp i1 @_ssdm_op_WriteResp.m_axi.p1i512, i512 %gmem3_addr" [source/swiftkv_attention.cpp:1963]   --->   Operation 214 'writeresp' 'empty_725' <Predicate = true> <Delay = 2.43> <CoreInst = "m_axi">   --->   Core 121 'm_axi' <Latency = 0> <II = 1> <Delay = 1.00> <Adapter> <Opcode : 'read' 'write' 'readreq' 'writereq' 'writeresp'>

State 27 <SV = 26> <Delay = 2.43>
ST_27 : Operation 215 [53/68] (2.43ns)   --->   "%empty_725 = writeresp i1 @_ssdm_op_WriteResp.m_axi.p1i512, i512 %gmem3_addr" [source/swiftkv_attention.cpp:1963]   --->   Operation 215 'writeresp' 'empty_725' <Predicate = true> <Delay = 2.43> <CoreInst = "m_axi">   --->   Core 121 'm_axi' <Latency = 0> <II = 1> <Delay = 1.00> <Adapter> <Opcode : 'read' 'write' 'readreq' 'writereq' 'writeresp'>

State 28 <SV = 27> <Delay = 2.43>
ST_28 : Operation 216 [52/68] (2.43ns)   --->   "%empty_725 = writeresp i1 @_ssdm_op_WriteResp.m_axi.p1i512, i512 %gmem3_addr" [source/swiftkv_attention.cpp:1963]   --->   Operation 216 'writeresp' 'empty_725' <Predicate = true> <Delay = 2.43> <CoreInst = "m_axi">   --->   Core 121 'm_axi' <Latency = 0> <II = 1> <Delay = 1.00> <Adapter> <Opcode : 'read' 'write' 'readreq' 'writereq' 'writeresp'>

State 29 <SV = 28> <Delay = 2.43>
ST_29 : Operation 217 [51/68] (2.43ns)   --->   "%empty_725 = writeresp i1 @_ssdm_op_WriteResp.m_axi.p1i512, i512 %gmem3_addr" [source/swiftkv_attention.cpp:1963]   --->   Operation 217 'writeresp' 'empty_725' <Predicate = true> <Delay = 2.43> <CoreInst = "m_axi">   --->   Core 121 'm_axi' <Latency = 0> <II = 1> <Delay = 1.00> <Adapter> <Opcode : 'read' 'write' 'readreq' 'writereq' 'writeresp'>

State 30 <SV = 29> <Delay = 2.43>
ST_30 : Operation 218 [50/68] (2.43ns)   --->   "%empty_725 = writeresp i1 @_ssdm_op_WriteResp.m_axi.p1i512, i512 %gmem3_addr" [source/swiftkv_attention.cpp:1963]   --->   Operation 218 'writeresp' 'empty_725' <Predicate = true> <Delay = 2.43> <CoreInst = "m_axi">   --->   Core 121 'm_axi' <Latency = 0> <II = 1> <Delay = 1.00> <Adapter> <Opcode : 'read' 'write' 'readreq' 'writereq' 'writeresp'>

State 31 <SV = 30> <Delay = 2.43>
ST_31 : Operation 219 [49/68] (2.43ns)   --->   "%empty_725 = writeresp i1 @_ssdm_op_WriteResp.m_axi.p1i512, i512 %gmem3_addr" [source/swiftkv_attention.cpp:1963]   --->   Operation 219 'writeresp' 'empty_725' <Predicate = true> <Delay = 2.43> <CoreInst = "m_axi">   --->   Core 121 'm_axi' <Latency = 0> <II = 1> <Delay = 1.00> <Adapter> <Opcode : 'read' 'write' 'readreq' 'writereq' 'writeresp'>

State 32 <SV = 31> <Delay = 2.43>
ST_32 : Operation 220 [48/68] (2.43ns)   --->   "%empty_725 = writeresp i1 @_ssdm_op_WriteResp.m_axi.p1i512, i512 %gmem3_addr" [source/swiftkv_attention.cpp:1963]   --->   Operation 220 'writeresp' 'empty_725' <Predicate = true> <Delay = 2.43> <CoreInst = "m_axi">   --->   Core 121 'm_axi' <Latency = 0> <II = 1> <Delay = 1.00> <Adapter> <Opcode : 'read' 'write' 'readreq' 'writereq' 'writeresp'>

State 33 <SV = 32> <Delay = 2.43>
ST_33 : Operation 221 [47/68] (2.43ns)   --->   "%empty_725 = writeresp i1 @_ssdm_op_WriteResp.m_axi.p1i512, i512 %gmem3_addr" [source/swiftkv_attention.cpp:1963]   --->   Operation 221 'writeresp' 'empty_725' <Predicate = true> <Delay = 2.43> <CoreInst = "m_axi">   --->   Core 121 'm_axi' <Latency = 0> <II = 1> <Delay = 1.00> <Adapter> <Opcode : 'read' 'write' 'readreq' 'writereq' 'writeresp'>

State 34 <SV = 33> <Delay = 2.43>
ST_34 : Operation 222 [46/68] (2.43ns)   --->   "%empty_725 = writeresp i1 @_ssdm_op_WriteResp.m_axi.p1i512, i512 %gmem3_addr" [source/swiftkv_attention.cpp:1963]   --->   Operation 222 'writeresp' 'empty_725' <Predicate = true> <Delay = 2.43> <CoreInst = "m_axi">   --->   Core 121 'm_axi' <Latency = 0> <II = 1> <Delay = 1.00> <Adapter> <Opcode : 'read' 'write' 'readreq' 'writereq' 'writeresp'>

State 35 <SV = 34> <Delay = 2.43>
ST_35 : Operation 223 [45/68] (2.43ns)   --->   "%empty_725 = writeresp i1 @_ssdm_op_WriteResp.m_axi.p1i512, i512 %gmem3_addr" [source/swiftkv_attention.cpp:1963]   --->   Operation 223 'writeresp' 'empty_725' <Predicate = true> <Delay = 2.43> <CoreInst = "m_axi">   --->   Core 121 'm_axi' <Latency = 0> <II = 1> <Delay = 1.00> <Adapter> <Opcode : 'read' 'write' 'readreq' 'writereq' 'writeresp'>

State 36 <SV = 35> <Delay = 2.43>
ST_36 : Operation 224 [44/68] (2.43ns)   --->   "%empty_725 = writeresp i1 @_ssdm_op_WriteResp.m_axi.p1i512, i512 %gmem3_addr" [source/swiftkv_attention.cpp:1963]   --->   Operation 224 'writeresp' 'empty_725' <Predicate = true> <Delay = 2.43> <CoreInst = "m_axi">   --->   Core 121 'm_axi' <Latency = 0> <II = 1> <Delay = 1.00> <Adapter> <Opcode : 'read' 'write' 'readreq' 'writereq' 'writeresp'>

State 37 <SV = 36> <Delay = 2.43>
ST_37 : Operation 225 [43/68] (2.43ns)   --->   "%empty_725 = writeresp i1 @_ssdm_op_WriteResp.m_axi.p1i512, i512 %gmem3_addr" [source/swiftkv_attention.cpp:1963]   --->   Operation 225 'writeresp' 'empty_725' <Predicate = true> <Delay = 2.43> <CoreInst = "m_axi">   --->   Core 121 'm_axi' <Latency = 0> <II = 1> <Delay = 1.00> <Adapter> <Opcode : 'read' 'write' 'readreq' 'writereq' 'writeresp'>

State 38 <SV = 37> <Delay = 2.43>
ST_38 : Operation 226 [42/68] (2.43ns)   --->   "%empty_725 = writeresp i1 @_ssdm_op_WriteResp.m_axi.p1i512, i512 %gmem3_addr" [source/swiftkv_attention.cpp:1963]   --->   Operation 226 'writeresp' 'empty_725' <Predicate = true> <Delay = 2.43> <CoreInst = "m_axi">   --->   Core 121 'm_axi' <Latency = 0> <II = 1> <Delay = 1.00> <Adapter> <Opcode : 'read' 'write' 'readreq' 'writereq' 'writeresp'>

State 39 <SV = 38> <Delay = 2.43>
ST_39 : Operation 227 [41/68] (2.43ns)   --->   "%empty_725 = writeresp i1 @_ssdm_op_WriteResp.m_axi.p1i512, i512 %gmem3_addr" [source/swiftkv_attention.cpp:1963]   --->   Operation 227 'writeresp' 'empty_725' <Predicate = true> <Delay = 2.43> <CoreInst = "m_axi">   --->   Core 121 'm_axi' <Latency = 0> <II = 1> <Delay = 1.00> <Adapter> <Opcode : 'read' 'write' 'readreq' 'writereq' 'writeresp'>

State 40 <SV = 39> <Delay = 2.43>
ST_40 : Operation 228 [40/68] (2.43ns)   --->   "%empty_725 = writeresp i1 @_ssdm_op_WriteResp.m_axi.p1i512, i512 %gmem3_addr" [source/swiftkv_attention.cpp:1963]   --->   Operation 228 'writeresp' 'empty_725' <Predicate = true> <Delay = 2.43> <CoreInst = "m_axi">   --->   Core 121 'm_axi' <Latency = 0> <II = 1> <Delay = 1.00> <Adapter> <Opcode : 'read' 'write' 'readreq' 'writereq' 'writeresp'>

State 41 <SV = 40> <Delay = 2.43>
ST_41 : Operation 229 [39/68] (2.43ns)   --->   "%empty_725 = writeresp i1 @_ssdm_op_WriteResp.m_axi.p1i512, i512 %gmem3_addr" [source/swiftkv_attention.cpp:1963]   --->   Operation 229 'writeresp' 'empty_725' <Predicate = true> <Delay = 2.43> <CoreInst = "m_axi">   --->   Core 121 'm_axi' <Latency = 0> <II = 1> <Delay = 1.00> <Adapter> <Opcode : 'read' 'write' 'readreq' 'writereq' 'writeresp'>

State 42 <SV = 41> <Delay = 2.43>
ST_42 : Operation 230 [38/68] (2.43ns)   --->   "%empty_725 = writeresp i1 @_ssdm_op_WriteResp.m_axi.p1i512, i512 %gmem3_addr" [source/swiftkv_attention.cpp:1963]   --->   Operation 230 'writeresp' 'empty_725' <Predicate = true> <Delay = 2.43> <CoreInst = "m_axi">   --->   Core 121 'm_axi' <Latency = 0> <II = 1> <Delay = 1.00> <Adapter> <Opcode : 'read' 'write' 'readreq' 'writereq' 'writeresp'>

State 43 <SV = 42> <Delay = 2.43>
ST_43 : Operation 231 [37/68] (2.43ns)   --->   "%empty_725 = writeresp i1 @_ssdm_op_WriteResp.m_axi.p1i512, i512 %gmem3_addr" [source/swiftkv_attention.cpp:1963]   --->   Operation 231 'writeresp' 'empty_725' <Predicate = true> <Delay = 2.43> <CoreInst = "m_axi">   --->   Core 121 'm_axi' <Latency = 0> <II = 1> <Delay = 1.00> <Adapter> <Opcode : 'read' 'write' 'readreq' 'writereq' 'writeresp'>

State 44 <SV = 43> <Delay = 2.43>
ST_44 : Operation 232 [36/68] (2.43ns)   --->   "%empty_725 = writeresp i1 @_ssdm_op_WriteResp.m_axi.p1i512, i512 %gmem3_addr" [source/swiftkv_attention.cpp:1963]   --->   Operation 232 'writeresp' 'empty_725' <Predicate = true> <Delay = 2.43> <CoreInst = "m_axi">   --->   Core 121 'm_axi' <Latency = 0> <II = 1> <Delay = 1.00> <Adapter> <Opcode : 'read' 'write' 'readreq' 'writereq' 'writeresp'>

State 45 <SV = 44> <Delay = 2.43>
ST_45 : Operation 233 [35/68] (2.43ns)   --->   "%empty_725 = writeresp i1 @_ssdm_op_WriteResp.m_axi.p1i512, i512 %gmem3_addr" [source/swiftkv_attention.cpp:1963]   --->   Operation 233 'writeresp' 'empty_725' <Predicate = true> <Delay = 2.43> <CoreInst = "m_axi">   --->   Core 121 'm_axi' <Latency = 0> <II = 1> <Delay = 1.00> <Adapter> <Opcode : 'read' 'write' 'readreq' 'writereq' 'writeresp'>

State 46 <SV = 45> <Delay = 2.43>
ST_46 : Operation 234 [34/68] (2.43ns)   --->   "%empty_725 = writeresp i1 @_ssdm_op_WriteResp.m_axi.p1i512, i512 %gmem3_addr" [source/swiftkv_attention.cpp:1963]   --->   Operation 234 'writeresp' 'empty_725' <Predicate = true> <Delay = 2.43> <CoreInst = "m_axi">   --->   Core 121 'm_axi' <Latency = 0> <II = 1> <Delay = 1.00> <Adapter> <Opcode : 'read' 'write' 'readreq' 'writereq' 'writeresp'>

State 47 <SV = 46> <Delay = 2.43>
ST_47 : Operation 235 [33/68] (2.43ns)   --->   "%empty_725 = writeresp i1 @_ssdm_op_WriteResp.m_axi.p1i512, i512 %gmem3_addr" [source/swiftkv_attention.cpp:1963]   --->   Operation 235 'writeresp' 'empty_725' <Predicate = true> <Delay = 2.43> <CoreInst = "m_axi">   --->   Core 121 'm_axi' <Latency = 0> <II = 1> <Delay = 1.00> <Adapter> <Opcode : 'read' 'write' 'readreq' 'writereq' 'writeresp'>

State 48 <SV = 47> <Delay = 2.43>
ST_48 : Operation 236 [32/68] (2.43ns)   --->   "%empty_725 = writeresp i1 @_ssdm_op_WriteResp.m_axi.p1i512, i512 %gmem3_addr" [source/swiftkv_attention.cpp:1963]   --->   Operation 236 'writeresp' 'empty_725' <Predicate = true> <Delay = 2.43> <CoreInst = "m_axi">   --->   Core 121 'm_axi' <Latency = 0> <II = 1> <Delay = 1.00> <Adapter> <Opcode : 'read' 'write' 'readreq' 'writereq' 'writeresp'>

State 49 <SV = 48> <Delay = 2.43>
ST_49 : Operation 237 [31/68] (2.43ns)   --->   "%empty_725 = writeresp i1 @_ssdm_op_WriteResp.m_axi.p1i512, i512 %gmem3_addr" [source/swiftkv_attention.cpp:1963]   --->   Operation 237 'writeresp' 'empty_725' <Predicate = true> <Delay = 2.43> <CoreInst = "m_axi">   --->   Core 121 'm_axi' <Latency = 0> <II = 1> <Delay = 1.00> <Adapter> <Opcode : 'read' 'write' 'readreq' 'writereq' 'writeresp'>

State 50 <SV = 49> <Delay = 2.43>
ST_50 : Operation 238 [30/68] (2.43ns)   --->   "%empty_725 = writeresp i1 @_ssdm_op_WriteResp.m_axi.p1i512, i512 %gmem3_addr" [source/swiftkv_attention.cpp:1963]   --->   Operation 238 'writeresp' 'empty_725' <Predicate = true> <Delay = 2.43> <CoreInst = "m_axi">   --->   Core 121 'm_axi' <Latency = 0> <II = 1> <Delay = 1.00> <Adapter> <Opcode : 'read' 'write' 'readreq' 'writereq' 'writeresp'>

State 51 <SV = 50> <Delay = 2.43>
ST_51 : Operation 239 [29/68] (2.43ns)   --->   "%empty_725 = writeresp i1 @_ssdm_op_WriteResp.m_axi.p1i512, i512 %gmem3_addr" [source/swiftkv_attention.cpp:1963]   --->   Operation 239 'writeresp' 'empty_725' <Predicate = true> <Delay = 2.43> <CoreInst = "m_axi">   --->   Core 121 'm_axi' <Latency = 0> <II = 1> <Delay = 1.00> <Adapter> <Opcode : 'read' 'write' 'readreq' 'writereq' 'writeresp'>

State 52 <SV = 51> <Delay = 2.43>
ST_52 : Operation 240 [28/68] (2.43ns)   --->   "%empty_725 = writeresp i1 @_ssdm_op_WriteResp.m_axi.p1i512, i512 %gmem3_addr" [source/swiftkv_attention.cpp:1963]   --->   Operation 240 'writeresp' 'empty_725' <Predicate = true> <Delay = 2.43> <CoreInst = "m_axi">   --->   Core 121 'm_axi' <Latency = 0> <II = 1> <Delay = 1.00> <Adapter> <Opcode : 'read' 'write' 'readreq' 'writereq' 'writeresp'>

State 53 <SV = 52> <Delay = 2.43>
ST_53 : Operation 241 [27/68] (2.43ns)   --->   "%empty_725 = writeresp i1 @_ssdm_op_WriteResp.m_axi.p1i512, i512 %gmem3_addr" [source/swiftkv_attention.cpp:1963]   --->   Operation 241 'writeresp' 'empty_725' <Predicate = true> <Delay = 2.43> <CoreInst = "m_axi">   --->   Core 121 'm_axi' <Latency = 0> <II = 1> <Delay = 1.00> <Adapter> <Opcode : 'read' 'write' 'readreq' 'writereq' 'writeresp'>

State 54 <SV = 53> <Delay = 2.43>
ST_54 : Operation 242 [26/68] (2.43ns)   --->   "%empty_725 = writeresp i1 @_ssdm_op_WriteResp.m_axi.p1i512, i512 %gmem3_addr" [source/swiftkv_attention.cpp:1963]   --->   Operation 242 'writeresp' 'empty_725' <Predicate = true> <Delay = 2.43> <CoreInst = "m_axi">   --->   Core 121 'm_axi' <Latency = 0> <II = 1> <Delay = 1.00> <Adapter> <Opcode : 'read' 'write' 'readreq' 'writereq' 'writeresp'>

State 55 <SV = 54> <Delay = 2.43>
ST_55 : Operation 243 [25/68] (2.43ns)   --->   "%empty_725 = writeresp i1 @_ssdm_op_WriteResp.m_axi.p1i512, i512 %gmem3_addr" [source/swiftkv_attention.cpp:1963]   --->   Operation 243 'writeresp' 'empty_725' <Predicate = true> <Delay = 2.43> <CoreInst = "m_axi">   --->   Core 121 'm_axi' <Latency = 0> <II = 1> <Delay = 1.00> <Adapter> <Opcode : 'read' 'write' 'readreq' 'writereq' 'writeresp'>

State 56 <SV = 55> <Delay = 2.43>
ST_56 : Operation 244 [24/68] (2.43ns)   --->   "%empty_725 = writeresp i1 @_ssdm_op_WriteResp.m_axi.p1i512, i512 %gmem3_addr" [source/swiftkv_attention.cpp:1963]   --->   Operation 244 'writeresp' 'empty_725' <Predicate = true> <Delay = 2.43> <CoreInst = "m_axi">   --->   Core 121 'm_axi' <Latency = 0> <II = 1> <Delay = 1.00> <Adapter> <Opcode : 'read' 'write' 'readreq' 'writereq' 'writeresp'>

State 57 <SV = 56> <Delay = 2.43>
ST_57 : Operation 245 [23/68] (2.43ns)   --->   "%empty_725 = writeresp i1 @_ssdm_op_WriteResp.m_axi.p1i512, i512 %gmem3_addr" [source/swiftkv_attention.cpp:1963]   --->   Operation 245 'writeresp' 'empty_725' <Predicate = true> <Delay = 2.43> <CoreInst = "m_axi">   --->   Core 121 'm_axi' <Latency = 0> <II = 1> <Delay = 1.00> <Adapter> <Opcode : 'read' 'write' 'readreq' 'writereq' 'writeresp'>

State 58 <SV = 57> <Delay = 2.43>
ST_58 : Operation 246 [22/68] (2.43ns)   --->   "%empty_725 = writeresp i1 @_ssdm_op_WriteResp.m_axi.p1i512, i512 %gmem3_addr" [source/swiftkv_attention.cpp:1963]   --->   Operation 246 'writeresp' 'empty_725' <Predicate = true> <Delay = 2.43> <CoreInst = "m_axi">   --->   Core 121 'm_axi' <Latency = 0> <II = 1> <Delay = 1.00> <Adapter> <Opcode : 'read' 'write' 'readreq' 'writereq' 'writeresp'>

State 59 <SV = 58> <Delay = 2.43>
ST_59 : Operation 247 [21/68] (2.43ns)   --->   "%empty_725 = writeresp i1 @_ssdm_op_WriteResp.m_axi.p1i512, i512 %gmem3_addr" [source/swiftkv_attention.cpp:1963]   --->   Operation 247 'writeresp' 'empty_725' <Predicate = true> <Delay = 2.43> <CoreInst = "m_axi">   --->   Core 121 'm_axi' <Latency = 0> <II = 1> <Delay = 1.00> <Adapter> <Opcode : 'read' 'write' 'readreq' 'writereq' 'writeresp'>

State 60 <SV = 59> <Delay = 2.43>
ST_60 : Operation 248 [20/68] (2.43ns)   --->   "%empty_725 = writeresp i1 @_ssdm_op_WriteResp.m_axi.p1i512, i512 %gmem3_addr" [source/swiftkv_attention.cpp:1963]   --->   Operation 248 'writeresp' 'empty_725' <Predicate = true> <Delay = 2.43> <CoreInst = "m_axi">   --->   Core 121 'm_axi' <Latency = 0> <II = 1> <Delay = 1.00> <Adapter> <Opcode : 'read' 'write' 'readreq' 'writereq' 'writeresp'>

State 61 <SV = 60> <Delay = 2.43>
ST_61 : Operation 249 [19/68] (2.43ns)   --->   "%empty_725 = writeresp i1 @_ssdm_op_WriteResp.m_axi.p1i512, i512 %gmem3_addr" [source/swiftkv_attention.cpp:1963]   --->   Operation 249 'writeresp' 'empty_725' <Predicate = true> <Delay = 2.43> <CoreInst = "m_axi">   --->   Core 121 'm_axi' <Latency = 0> <II = 1> <Delay = 1.00> <Adapter> <Opcode : 'read' 'write' 'readreq' 'writereq' 'writeresp'>

State 62 <SV = 61> <Delay = 2.43>
ST_62 : Operation 250 [18/68] (2.43ns)   --->   "%empty_725 = writeresp i1 @_ssdm_op_WriteResp.m_axi.p1i512, i512 %gmem3_addr" [source/swiftkv_attention.cpp:1963]   --->   Operation 250 'writeresp' 'empty_725' <Predicate = true> <Delay = 2.43> <CoreInst = "m_axi">   --->   Core 121 'm_axi' <Latency = 0> <II = 1> <Delay = 1.00> <Adapter> <Opcode : 'read' 'write' 'readreq' 'writereq' 'writeresp'>

State 63 <SV = 62> <Delay = 2.43>
ST_63 : Operation 251 [17/68] (2.43ns)   --->   "%empty_725 = writeresp i1 @_ssdm_op_WriteResp.m_axi.p1i512, i512 %gmem3_addr" [source/swiftkv_attention.cpp:1963]   --->   Operation 251 'writeresp' 'empty_725' <Predicate = true> <Delay = 2.43> <CoreInst = "m_axi">   --->   Core 121 'm_axi' <Latency = 0> <II = 1> <Delay = 1.00> <Adapter> <Opcode : 'read' 'write' 'readreq' 'writereq' 'writeresp'>

State 64 <SV = 63> <Delay = 2.43>
ST_64 : Operation 252 [16/68] (2.43ns)   --->   "%empty_725 = writeresp i1 @_ssdm_op_WriteResp.m_axi.p1i512, i512 %gmem3_addr" [source/swiftkv_attention.cpp:1963]   --->   Operation 252 'writeresp' 'empty_725' <Predicate = true> <Delay = 2.43> <CoreInst = "m_axi">   --->   Core 121 'm_axi' <Latency = 0> <II = 1> <Delay = 1.00> <Adapter> <Opcode : 'read' 'write' 'readreq' 'writereq' 'writeresp'>

State 65 <SV = 64> <Delay = 2.43>
ST_65 : Operation 253 [15/68] (2.43ns)   --->   "%empty_725 = writeresp i1 @_ssdm_op_WriteResp.m_axi.p1i512, i512 %gmem3_addr" [source/swiftkv_attention.cpp:1963]   --->   Operation 253 'writeresp' 'empty_725' <Predicate = true> <Delay = 2.43> <CoreInst = "m_axi">   --->   Core 121 'm_axi' <Latency = 0> <II = 1> <Delay = 1.00> <Adapter> <Opcode : 'read' 'write' 'readreq' 'writereq' 'writeresp'>

State 66 <SV = 65> <Delay = 2.43>
ST_66 : Operation 254 [14/68] (2.43ns)   --->   "%empty_725 = writeresp i1 @_ssdm_op_WriteResp.m_axi.p1i512, i512 %gmem3_addr" [source/swiftkv_attention.cpp:1963]   --->   Operation 254 'writeresp' 'empty_725' <Predicate = true> <Delay = 2.43> <CoreInst = "m_axi">   --->   Core 121 'm_axi' <Latency = 0> <II = 1> <Delay = 1.00> <Adapter> <Opcode : 'read' 'write' 'readreq' 'writereq' 'writeresp'>

State 67 <SV = 66> <Delay = 2.43>
ST_67 : Operation 255 [13/68] (2.43ns)   --->   "%empty_725 = writeresp i1 @_ssdm_op_WriteResp.m_axi.p1i512, i512 %gmem3_addr" [source/swiftkv_attention.cpp:1963]   --->   Operation 255 'writeresp' 'empty_725' <Predicate = true> <Delay = 2.43> <CoreInst = "m_axi">   --->   Core 121 'm_axi' <Latency = 0> <II = 1> <Delay = 1.00> <Adapter> <Opcode : 'read' 'write' 'readreq' 'writereq' 'writeresp'>

State 68 <SV = 67> <Delay = 2.43>
ST_68 : Operation 256 [12/68] (2.43ns)   --->   "%empty_725 = writeresp i1 @_ssdm_op_WriteResp.m_axi.p1i512, i512 %gmem3_addr" [source/swiftkv_attention.cpp:1963]   --->   Operation 256 'writeresp' 'empty_725' <Predicate = true> <Delay = 2.43> <CoreInst = "m_axi">   --->   Core 121 'm_axi' <Latency = 0> <II = 1> <Delay = 1.00> <Adapter> <Opcode : 'read' 'write' 'readreq' 'writereq' 'writeresp'>

State 69 <SV = 68> <Delay = 2.43>
ST_69 : Operation 257 [11/68] (2.43ns)   --->   "%empty_725 = writeresp i1 @_ssdm_op_WriteResp.m_axi.p1i512, i512 %gmem3_addr" [source/swiftkv_attention.cpp:1963]   --->   Operation 257 'writeresp' 'empty_725' <Predicate = true> <Delay = 2.43> <CoreInst = "m_axi">   --->   Core 121 'm_axi' <Latency = 0> <II = 1> <Delay = 1.00> <Adapter> <Opcode : 'read' 'write' 'readreq' 'writereq' 'writeresp'>

State 70 <SV = 69> <Delay = 2.43>
ST_70 : Operation 258 [10/68] (2.43ns)   --->   "%empty_725 = writeresp i1 @_ssdm_op_WriteResp.m_axi.p1i512, i512 %gmem3_addr" [source/swiftkv_attention.cpp:1963]   --->   Operation 258 'writeresp' 'empty_725' <Predicate = true> <Delay = 2.43> <CoreInst = "m_axi">   --->   Core 121 'm_axi' <Latency = 0> <II = 1> <Delay = 1.00> <Adapter> <Opcode : 'read' 'write' 'readreq' 'writereq' 'writeresp'>

State 71 <SV = 70> <Delay = 2.43>
ST_71 : Operation 259 [9/68] (2.43ns)   --->   "%empty_725 = writeresp i1 @_ssdm_op_WriteResp.m_axi.p1i512, i512 %gmem3_addr" [source/swiftkv_attention.cpp:1963]   --->   Operation 259 'writeresp' 'empty_725' <Predicate = true> <Delay = 2.43> <CoreInst = "m_axi">   --->   Core 121 'm_axi' <Latency = 0> <II = 1> <Delay = 1.00> <Adapter> <Opcode : 'read' 'write' 'readreq' 'writereq' 'writeresp'>

State 72 <SV = 71> <Delay = 2.43>
ST_72 : Operation 260 [8/68] (2.43ns)   --->   "%empty_725 = writeresp i1 @_ssdm_op_WriteResp.m_axi.p1i512, i512 %gmem3_addr" [source/swiftkv_attention.cpp:1963]   --->   Operation 260 'writeresp' 'empty_725' <Predicate = true> <Delay = 2.43> <CoreInst = "m_axi">   --->   Core 121 'm_axi' <Latency = 0> <II = 1> <Delay = 1.00> <Adapter> <Opcode : 'read' 'write' 'readreq' 'writereq' 'writeresp'>

State 73 <SV = 72> <Delay = 2.43>
ST_73 : Operation 261 [7/68] (2.43ns)   --->   "%empty_725 = writeresp i1 @_ssdm_op_WriteResp.m_axi.p1i512, i512 %gmem3_addr" [source/swiftkv_attention.cpp:1963]   --->   Operation 261 'writeresp' 'empty_725' <Predicate = true> <Delay = 2.43> <CoreInst = "m_axi">   --->   Core 121 'm_axi' <Latency = 0> <II = 1> <Delay = 1.00> <Adapter> <Opcode : 'read' 'write' 'readreq' 'writereq' 'writeresp'>

State 74 <SV = 73> <Delay = 2.43>
ST_74 : Operation 262 [6/68] (2.43ns)   --->   "%empty_725 = writeresp i1 @_ssdm_op_WriteResp.m_axi.p1i512, i512 %gmem3_addr" [source/swiftkv_attention.cpp:1963]   --->   Operation 262 'writeresp' 'empty_725' <Predicate = true> <Delay = 2.43> <CoreInst = "m_axi">   --->   Core 121 'm_axi' <Latency = 0> <II = 1> <Delay = 1.00> <Adapter> <Opcode : 'read' 'write' 'readreq' 'writereq' 'writeresp'>

State 75 <SV = 74> <Delay = 2.43>
ST_75 : Operation 263 [5/68] (2.43ns)   --->   "%empty_725 = writeresp i1 @_ssdm_op_WriteResp.m_axi.p1i512, i512 %gmem3_addr" [source/swiftkv_attention.cpp:1963]   --->   Operation 263 'writeresp' 'empty_725' <Predicate = true> <Delay = 2.43> <CoreInst = "m_axi">   --->   Core 121 'm_axi' <Latency = 0> <II = 1> <Delay = 1.00> <Adapter> <Opcode : 'read' 'write' 'readreq' 'writereq' 'writeresp'>

State 76 <SV = 75> <Delay = 2.43>
ST_76 : Operation 264 [4/68] (2.43ns)   --->   "%empty_725 = writeresp i1 @_ssdm_op_WriteResp.m_axi.p1i512, i512 %gmem3_addr" [source/swiftkv_attention.cpp:1963]   --->   Operation 264 'writeresp' 'empty_725' <Predicate = true> <Delay = 2.43> <CoreInst = "m_axi">   --->   Core 121 'm_axi' <Latency = 0> <II = 1> <Delay = 1.00> <Adapter> <Opcode : 'read' 'write' 'readreq' 'writereq' 'writeresp'>

State 77 <SV = 76> <Delay = 2.43>
ST_77 : Operation 265 [3/68] (2.43ns)   --->   "%empty_725 = writeresp i1 @_ssdm_op_WriteResp.m_axi.p1i512, i512 %gmem3_addr" [source/swiftkv_attention.cpp:1963]   --->   Operation 265 'writeresp' 'empty_725' <Predicate = true> <Delay = 2.43> <CoreInst = "m_axi">   --->   Core 121 'm_axi' <Latency = 0> <II = 1> <Delay = 1.00> <Adapter> <Opcode : 'read' 'write' 'readreq' 'writereq' 'writeresp'>

State 78 <SV = 77> <Delay = 2.43>
ST_78 : Operation 266 [2/68] (2.43ns)   --->   "%empty_725 = writeresp i1 @_ssdm_op_WriteResp.m_axi.p1i512, i512 %gmem3_addr" [source/swiftkv_attention.cpp:1963]   --->   Operation 266 'writeresp' 'empty_725' <Predicate = true> <Delay = 2.43> <CoreInst = "m_axi">   --->   Core 121 'm_axi' <Latency = 0> <II = 1> <Delay = 1.00> <Adapter> <Opcode : 'read' 'write' 'readreq' 'writereq' 'writeresp'>

State 79 <SV = 78> <Delay = 2.43>
ST_79 : Operation 267 [1/68] (2.43ns)   --->   "%empty_725 = writeresp i1 @_ssdm_op_WriteResp.m_axi.p1i512, i512 %gmem3_addr" [source/swiftkv_attention.cpp:1963]   --->   Operation 267 'writeresp' 'empty_725' <Predicate = true> <Delay = 2.43> <CoreInst = "m_axi">   --->   Core 121 'm_axi' <Latency = 0> <II = 1> <Delay = 1.00> <Adapter> <Opcode : 'read' 'write' 'readreq' 'writereq' 'writeresp'>

State 80 <SV = 79> <Delay = 2.04>
ST_80 : Operation 268 [1/1] (0.00ns)   --->   "%shl_ln2 = bitconcatenate i23 @_ssdm_op_BitConcatenate.i23.i6.i3.i14, i6 %layer_index_val_read, i3 %empty_723, i14 0" [source/swiftkv_attention.cpp:1960]   --->   Operation 268 'bitconcatenate' 'shl_ln2' <Predicate = true> <Delay = 0.00>
ST_80 : Operation 269 [1/1] (0.00ns)   --->   "%zext_ln1960 = zext i23 %shl_ln2" [source/swiftkv_attention.cpp:1960]   --->   Operation 269 'zext' 'zext_ln1960' <Predicate = true> <Delay = 0.00>
ST_80 : Operation 270 [1/1] (0.00ns)   --->   "%shl_ln1960_1 = bitconcatenate i21 @_ssdm_op_BitConcatenate.i21.i6.i3.i12, i6 %layer_index_val_read, i3 %empty_723, i12 0" [source/swiftkv_attention.cpp:1960]   --->   Operation 270 'bitconcatenate' 'shl_ln1960_1' <Predicate = true> <Delay = 0.00>
ST_80 : Operation 271 [1/1] (0.00ns)   --->   "%zext_ln1960_1 = zext i21 %shl_ln1960_1" [source/swiftkv_attention.cpp:1960]   --->   Operation 271 'zext' 'zext_ln1960_1' <Predicate = true> <Delay = 0.00>
ST_80 : Operation 272 [1/1] (0.82ns)   --->   "%add_ln1960 = add i24 %zext_ln1960, i24 %zext_ln1960_1" [source/swiftkv_attention.cpp:1960]   --->   Operation 272 'add' 'add_ln1960' <Predicate = true> <Delay = 0.82> <CoreInst = "Adder">   --->   Core 1 'Adder' <Latency = 0> <II = 1> <Delay = 0.82> <FuncUnit> <Opcode : 'add' 'sub'> <InPorts = 2> <OutPorts = 1>
ST_80 : Operation 273 [2/2] (1.21ns)   --->   "%call_ln1960 = call void @swiftkv_attention_head, i32 %query, i32 %query_1, i32 %query_2, i32 %query_3, i32 %query_4, i32 %query_5, i32 %query_6, i32 %query_7, i32 %query_8, i32 %query_9, i32 %query_10, i32 %query_11, i32 %query_12, i32 %query_13, i32 %query_14, i32 %query_15, i512 %gmem3, i64 %kv_cache_read, i24 %add_ln1960, i512 %compressed_kv_record, i512 %compressed_kv_record_1, i512 %compressed_kv_record_2, i512 %compressed_kv_record_3, i512 %compressed_kv_record_4, i12 %position_val_read, i480 %quantized_pe3, i32 %scale_pe3, i32 %SWIFTKV_EXP2_LUT_Q30" [source/swiftkv_attention.cpp:1960]   --->   Operation 273 'call' 'call_ln1960' <Predicate = true> <Delay = 1.21> <CoreType = "Generic">   --->   Core 0 '' <Latency = 0> <II = 1> <Delay = 1.00> <Generic> <Opcode : >

State 81 <SV = 80> <Delay = 0.00>
ST_81 : Operation 274 [1/1] (0.00ns)   --->   "%speclooptripcount_ln1828 = speclooptripcount void @_ssdm_op_SpecLoopTripCount, i64 8, i64 8, i64 8" [source/swiftkv_attention.cpp:1828]   --->   Operation 274 'speclooptripcount' 'speclooptripcount_ln1828' <Predicate = true> <Delay = 0.00>
ST_81 : Operation 275 [1/1] (0.00ns)   --->   "%specloopname_ln1825 = specloopname void @_ssdm_op_SpecLoopName, void @empty_477" [source/swiftkv_attention.cpp:1825]   --->   Operation 275 'specloopname' 'specloopname_ln1825' <Predicate = true> <Delay = 0.00>
ST_81 : Operation 276 [1/2] (0.00ns)   --->   "%call_ln1960 = call void @swiftkv_attention_head, i32 %query, i32 %query_1, i32 %query_2, i32 %query_3, i32 %query_4, i32 %query_5, i32 %query_6, i32 %query_7, i32 %query_8, i32 %query_9, i32 %query_10, i32 %query_11, i32 %query_12, i32 %query_13, i32 %query_14, i32 %query_15, i512 %gmem3, i64 %kv_cache_read, i24 %add_ln1960, i512 %compressed_kv_record, i512 %compressed_kv_record_1, i512 %compressed_kv_record_2, i512 %compressed_kv_record_3, i512 %compressed_kv_record_4, i12 %position_val_read, i480 %quantized_pe3, i32 %scale_pe3, i32 %SWIFTKV_EXP2_LUT_Q30" [source/swiftkv_attention.cpp:1960]   --->   Operation 276 'call' 'call_ln1960' <Predicate = true> <Delay = 0.00> <CoreType = "Generic">   --->   Core 0 '' <Latency = 0> <II = 1> <Delay = 1.00> <Generic> <Opcode : >
ST_81 : Operation 277 [1/1] (0.00ns)   --->   "%br_ln1825 = br void %pe_load_q_word_loop" [source/swiftkv_attention.cpp:1825]   --->   Operation 277 'br' 'br_ln1825' <Predicate = true> <Delay = 0.00>


============================================================
+ Verbose Summary: Timing violations
============================================================
Target clock period: 3.333ns, clock uncertainty: 0.900ns.

 <State 1>: 0.387ns
The critical path consists of the following:
	'alloca' operation 4 bit ('local_head', source/swiftkv_attention.cpp:1825) [13]  (0.000 ns)
	'store' operation 0 bit ('store_ln1825', source/swiftkv_attention.cpp:1825) of constant 0 on local variable 'local_head', source/swiftkv_attention.cpp:1825 [87]  (0.387 ns)

 <State 2>: 0.000ns
The critical path consists of the following:

 <State 3>: 0.827ns
The critical path consists of the following:
	'add' operation 24 bit ('add_ln1825', source/swiftkv_attention.cpp:1825) [83]  (0.827 ns)

 <State 4>: 1.095ns
The critical path consists of the following:
	'load' operation 4 bit ('local_head') on local variable 'local_head', source/swiftkv_attention.cpp:1825 [90]  (0.000 ns)
	'icmp' operation 1 bit ('icmp_ln1826', source/swiftkv_attention.cpp:1826) [91]  (0.708 ns)
	'store' operation 0 bit ('store_ln1825', source/swiftkv_attention.cpp:1825) of variable 'add_ln1827', source/swiftkv_attention.cpp:1827 on local variable 'local_head', source/swiftkv_attention.cpp:1825 [133]  (0.387 ns)

 <State 5>: 1.906ns
The critical path consists of the following:
	'call' operation 0 bit ('call_ln0') to 'swiftkv_run_bank_Pipeline_pe_load_q_word_loop' [99]  (1.906 ns)

 <State 6>: 0.000ns
The critical path consists of the following:

 <State 7>: 1.681ns
The critical path consists of the following:
	'add' operation 18 bit ('add_ln1828', source/swiftkv_attention.cpp:1828) [109]  (0.791 ns)
	'add' operation 34 bit ('add_ln1828_2', source/swiftkv_attention.cpp:1828) [111]  (0.890 ns)

 <State 8>: 1.147ns
The critical path consists of the following:
	'add' operation 64 bit ('add_ln1828_1', source/swiftkv_attention.cpp:1828) [114]  (1.147 ns)

 <State 9>: 2.433ns
The critical path consists of the following:
	'getelementptr' operation 512 bit ('gmem3_addr', source/swiftkv_attention.cpp:1952) [123]  (0.000 ns)
	bus request operation ('empty_724', source/swiftkv_attention.cpp:1952) on port 'gmem3' (source/swiftkv_attention.cpp:1952) [124]  (2.433 ns)

 <State 10>: 0.486ns
The critical path consists of the following:
	'call' operation 2560 bit ('call_ret', source/swiftkv_attention.cpp:1948) to 'swiftkv_quantize_kv_record' [115]  (0.000 ns)
	'call' operation 0 bit ('call_ln1952', source/swiftkv_attention.cpp:1952) to 'swiftkv_run_bank_Pipeline_pe_write_kv_word_loop' [125]  (0.486 ns)

 <State 11>: 0.000ns
The critical path consists of the following:

 <State 12>: 2.433ns
The critical path consists of the following:
	bus response operation ('empty_725', source/swiftkv_attention.cpp:1963) on port 'gmem3' (source/swiftkv_attention.cpp:1963) [126]  (2.433 ns)

 <State 13>: 2.433ns
The critical path consists of the following:
	bus response operation ('empty_725', source/swiftkv_attention.cpp:1963) on port 'gmem3' (source/swiftkv_attention.cpp:1963) [126]  (2.433 ns)

 <State 14>: 2.433ns
The critical path consists of the following:
	bus response operation ('empty_725', source/swiftkv_attention.cpp:1963) on port 'gmem3' (source/swiftkv_attention.cpp:1963) [126]  (2.433 ns)

 <State 15>: 2.433ns
The critical path consists of the following:
	bus response operation ('empty_725', source/swiftkv_attention.cpp:1963) on port 'gmem3' (source/swiftkv_attention.cpp:1963) [126]  (2.433 ns)

 <State 16>: 2.433ns
The critical path consists of the following:
	bus response operation ('empty_725', source/swiftkv_attention.cpp:1963) on port 'gmem3' (source/swiftkv_attention.cpp:1963) [126]  (2.433 ns)

 <State 17>: 2.433ns
The critical path consists of the following:
	bus response operation ('empty_725', source/swiftkv_attention.cpp:1963) on port 'gmem3' (source/swiftkv_attention.cpp:1963) [126]  (2.433 ns)

 <State 18>: 2.433ns
The critical path consists of the following:
	bus response operation ('empty_725', source/swiftkv_attention.cpp:1963) on port 'gmem3' (source/swiftkv_attention.cpp:1963) [126]  (2.433 ns)

 <State 19>: 2.433ns
The critical path consists of the following:
	bus response operation ('empty_725', source/swiftkv_attention.cpp:1963) on port 'gmem3' (source/swiftkv_attention.cpp:1963) [126]  (2.433 ns)

 <State 20>: 2.433ns
The critical path consists of the following:
	bus response operation ('empty_725', source/swiftkv_attention.cpp:1963) on port 'gmem3' (source/swiftkv_attention.cpp:1963) [126]  (2.433 ns)

 <State 21>: 2.433ns
The critical path consists of the following:
	bus response operation ('empty_725', source/swiftkv_attention.cpp:1963) on port 'gmem3' (source/swiftkv_attention.cpp:1963) [126]  (2.433 ns)

 <State 22>: 2.433ns
The critical path consists of the following:
	bus response operation ('empty_725', source/swiftkv_attention.cpp:1963) on port 'gmem3' (source/swiftkv_attention.cpp:1963) [126]  (2.433 ns)

 <State 23>: 2.433ns
The critical path consists of the following:
	bus response operation ('empty_725', source/swiftkv_attention.cpp:1963) on port 'gmem3' (source/swiftkv_attention.cpp:1963) [126]  (2.433 ns)

 <State 24>: 2.433ns
The critical path consists of the following:
	bus response operation ('empty_725', source/swiftkv_attention.cpp:1963) on port 'gmem3' (source/swiftkv_attention.cpp:1963) [126]  (2.433 ns)

 <State 25>: 2.433ns
The critical path consists of the following:
	bus response operation ('empty_725', source/swiftkv_attention.cpp:1963) on port 'gmem3' (source/swiftkv_attention.cpp:1963) [126]  (2.433 ns)

 <State 26>: 2.433ns
The critical path consists of the following:
	bus response operation ('empty_725', source/swiftkv_attention.cpp:1963) on port 'gmem3' (source/swiftkv_attention.cpp:1963) [126]  (2.433 ns)

 <State 27>: 2.433ns
The critical path consists of the following:
	bus response operation ('empty_725', source/swiftkv_attention.cpp:1963) on port 'gmem3' (source/swiftkv_attention.cpp:1963) [126]  (2.433 ns)

 <State 28>: 2.433ns
The critical path consists of the following:
	bus response operation ('empty_725', source/swiftkv_attention.cpp:1963) on port 'gmem3' (source/swiftkv_attention.cpp:1963) [126]  (2.433 ns)

 <State 29>: 2.433ns
The critical path consists of the following:
	bus response operation ('empty_725', source/swiftkv_attention.cpp:1963) on port 'gmem3' (source/swiftkv_attention.cpp:1963) [126]  (2.433 ns)

 <State 30>: 2.433ns
The critical path consists of the following:
	bus response operation ('empty_725', source/swiftkv_attention.cpp:1963) on port 'gmem3' (source/swiftkv_attention.cpp:1963) [126]  (2.433 ns)

 <State 31>: 2.433ns
The critical path consists of the following:
	bus response operation ('empty_725', source/swiftkv_attention.cpp:1963) on port 'gmem3' (source/swiftkv_attention.cpp:1963) [126]  (2.433 ns)

 <State 32>: 2.433ns
The critical path consists of the following:
	bus response operation ('empty_725', source/swiftkv_attention.cpp:1963) on port 'gmem3' (source/swiftkv_attention.cpp:1963) [126]  (2.433 ns)

 <State 33>: 2.433ns
The critical path consists of the following:
	bus response operation ('empty_725', source/swiftkv_attention.cpp:1963) on port 'gmem3' (source/swiftkv_attention.cpp:1963) [126]  (2.433 ns)

 <State 34>: 2.433ns
The critical path consists of the following:
	bus response operation ('empty_725', source/swiftkv_attention.cpp:1963) on port 'gmem3' (source/swiftkv_attention.cpp:1963) [126]  (2.433 ns)

 <State 35>: 2.433ns
The critical path consists of the following:
	bus response operation ('empty_725', source/swiftkv_attention.cpp:1963) on port 'gmem3' (source/swiftkv_attention.cpp:1963) [126]  (2.433 ns)

 <State 36>: 2.433ns
The critical path consists of the following:
	bus response operation ('empty_725', source/swiftkv_attention.cpp:1963) on port 'gmem3' (source/swiftkv_attention.cpp:1963) [126]  (2.433 ns)

 <State 37>: 2.433ns
The critical path consists of the following:
	bus response operation ('empty_725', source/swiftkv_attention.cpp:1963) on port 'gmem3' (source/swiftkv_attention.cpp:1963) [126]  (2.433 ns)

 <State 38>: 2.433ns
The critical path consists of the following:
	bus response operation ('empty_725', source/swiftkv_attention.cpp:1963) on port 'gmem3' (source/swiftkv_attention.cpp:1963) [126]  (2.433 ns)

 <State 39>: 2.433ns
The critical path consists of the following:
	bus response operation ('empty_725', source/swiftkv_attention.cpp:1963) on port 'gmem3' (source/swiftkv_attention.cpp:1963) [126]  (2.433 ns)

 <State 40>: 2.433ns
The critical path consists of the following:
	bus response operation ('empty_725', source/swiftkv_attention.cpp:1963) on port 'gmem3' (source/swiftkv_attention.cpp:1963) [126]  (2.433 ns)

 <State 41>: 2.433ns
The critical path consists of the following:
	bus response operation ('empty_725', source/swiftkv_attention.cpp:1963) on port 'gmem3' (source/swiftkv_attention.cpp:1963) [126]  (2.433 ns)

 <State 42>: 2.433ns
The critical path consists of the following:
	bus response operation ('empty_725', source/swiftkv_attention.cpp:1963) on port 'gmem3' (source/swiftkv_attention.cpp:1963) [126]  (2.433 ns)

 <State 43>: 2.433ns
The critical path consists of the following:
	bus response operation ('empty_725', source/swiftkv_attention.cpp:1963) on port 'gmem3' (source/swiftkv_attention.cpp:1963) [126]  (2.433 ns)

 <State 44>: 2.433ns
The critical path consists of the following:
	bus response operation ('empty_725', source/swiftkv_attention.cpp:1963) on port 'gmem3' (source/swiftkv_attention.cpp:1963) [126]  (2.433 ns)

 <State 45>: 2.433ns
The critical path consists of the following:
	bus response operation ('empty_725', source/swiftkv_attention.cpp:1963) on port 'gmem3' (source/swiftkv_attention.cpp:1963) [126]  (2.433 ns)

 <State 46>: 2.433ns
The critical path consists of the following:
	bus response operation ('empty_725', source/swiftkv_attention.cpp:1963) on port 'gmem3' (source/swiftkv_attention.cpp:1963) [126]  (2.433 ns)

 <State 47>: 2.433ns
The critical path consists of the following:
	bus response operation ('empty_725', source/swiftkv_attention.cpp:1963) on port 'gmem3' (source/swiftkv_attention.cpp:1963) [126]  (2.433 ns)

 <State 48>: 2.433ns
The critical path consists of the following:
	bus response operation ('empty_725', source/swiftkv_attention.cpp:1963) on port 'gmem3' (source/swiftkv_attention.cpp:1963) [126]  (2.433 ns)

 <State 49>: 2.433ns
The critical path consists of the following:
	bus response operation ('empty_725', source/swiftkv_attention.cpp:1963) on port 'gmem3' (source/swiftkv_attention.cpp:1963) [126]  (2.433 ns)

 <State 50>: 2.433ns
The critical path consists of the following:
	bus response operation ('empty_725', source/swiftkv_attention.cpp:1963) on port 'gmem3' (source/swiftkv_attention.cpp:1963) [126]  (2.433 ns)

 <State 51>: 2.433ns
The critical path consists of the following:
	bus response operation ('empty_725', source/swiftkv_attention.cpp:1963) on port 'gmem3' (source/swiftkv_attention.cpp:1963) [126]  (2.433 ns)

 <State 52>: 2.433ns
The critical path consists of the following:
	bus response operation ('empty_725', source/swiftkv_attention.cpp:1963) on port 'gmem3' (source/swiftkv_attention.cpp:1963) [126]  (2.433 ns)

 <State 53>: 2.433ns
The critical path consists of the following:
	bus response operation ('empty_725', source/swiftkv_attention.cpp:1963) on port 'gmem3' (source/swiftkv_attention.cpp:1963) [126]  (2.433 ns)

 <State 54>: 2.433ns
The critical path consists of the following:
	bus response operation ('empty_725', source/swiftkv_attention.cpp:1963) on port 'gmem3' (source/swiftkv_attention.cpp:1963) [126]  (2.433 ns)

 <State 55>: 2.433ns
The critical path consists of the following:
	bus response operation ('empty_725', source/swiftkv_attention.cpp:1963) on port 'gmem3' (source/swiftkv_attention.cpp:1963) [126]  (2.433 ns)

 <State 56>: 2.433ns
The critical path consists of the following:
	bus response operation ('empty_725', source/swiftkv_attention.cpp:1963) on port 'gmem3' (source/swiftkv_attention.cpp:1963) [126]  (2.433 ns)

 <State 57>: 2.433ns
The critical path consists of the following:
	bus response operation ('empty_725', source/swiftkv_attention.cpp:1963) on port 'gmem3' (source/swiftkv_attention.cpp:1963) [126]  (2.433 ns)

 <State 58>: 2.433ns
The critical path consists of the following:
	bus response operation ('empty_725', source/swiftkv_attention.cpp:1963) on port 'gmem3' (source/swiftkv_attention.cpp:1963) [126]  (2.433 ns)

 <State 59>: 2.433ns
The critical path consists of the following:
	bus response operation ('empty_725', source/swiftkv_attention.cpp:1963) on port 'gmem3' (source/swiftkv_attention.cpp:1963) [126]  (2.433 ns)

 <State 60>: 2.433ns
The critical path consists of the following:
	bus response operation ('empty_725', source/swiftkv_attention.cpp:1963) on port 'gmem3' (source/swiftkv_attention.cpp:1963) [126]  (2.433 ns)

 <State 61>: 2.433ns
The critical path consists of the following:
	bus response operation ('empty_725', source/swiftkv_attention.cpp:1963) on port 'gmem3' (source/swiftkv_attention.cpp:1963) [126]  (2.433 ns)

 <State 62>: 2.433ns
The critical path consists of the following:
	bus response operation ('empty_725', source/swiftkv_attention.cpp:1963) on port 'gmem3' (source/swiftkv_attention.cpp:1963) [126]  (2.433 ns)

 <State 63>: 2.433ns
The critical path consists of the following:
	bus response operation ('empty_725', source/swiftkv_attention.cpp:1963) on port 'gmem3' (source/swiftkv_attention.cpp:1963) [126]  (2.433 ns)

 <State 64>: 2.433ns
The critical path consists of the following:
	bus response operation ('empty_725', source/swiftkv_attention.cpp:1963) on port 'gmem3' (source/swiftkv_attention.cpp:1963) [126]  (2.433 ns)

 <State 65>: 2.433ns
The critical path consists of the following:
	bus response operation ('empty_725', source/swiftkv_attention.cpp:1963) on port 'gmem3' (source/swiftkv_attention.cpp:1963) [126]  (2.433 ns)

 <State 66>: 2.433ns
The critical path consists of the following:
	bus response operation ('empty_725', source/swiftkv_attention.cpp:1963) on port 'gmem3' (source/swiftkv_attention.cpp:1963) [126]  (2.433 ns)

 <State 67>: 2.433ns
The critical path consists of the following:
	bus response operation ('empty_725', source/swiftkv_attention.cpp:1963) on port 'gmem3' (source/swiftkv_attention.cpp:1963) [126]  (2.433 ns)

 <State 68>: 2.433ns
The critical path consists of the following:
	bus response operation ('empty_725', source/swiftkv_attention.cpp:1963) on port 'gmem3' (source/swiftkv_attention.cpp:1963) [126]  (2.433 ns)

 <State 69>: 2.433ns
The critical path consists of the following:
	bus response operation ('empty_725', source/swiftkv_attention.cpp:1963) on port 'gmem3' (source/swiftkv_attention.cpp:1963) [126]  (2.433 ns)

 <State 70>: 2.433ns
The critical path consists of the following:
	bus response operation ('empty_725', source/swiftkv_attention.cpp:1963) on port 'gmem3' (source/swiftkv_attention.cpp:1963) [126]  (2.433 ns)

 <State 71>: 2.433ns
The critical path consists of the following:
	bus response operation ('empty_725', source/swiftkv_attention.cpp:1963) on port 'gmem3' (source/swiftkv_attention.cpp:1963) [126]  (2.433 ns)

 <State 72>: 2.433ns
The critical path consists of the following:
	bus response operation ('empty_725', source/swiftkv_attention.cpp:1963) on port 'gmem3' (source/swiftkv_attention.cpp:1963) [126]  (2.433 ns)

 <State 73>: 2.433ns
The critical path consists of the following:
	bus response operation ('empty_725', source/swiftkv_attention.cpp:1963) on port 'gmem3' (source/swiftkv_attention.cpp:1963) [126]  (2.433 ns)

 <State 74>: 2.433ns
The critical path consists of the following:
	bus response operation ('empty_725', source/swiftkv_attention.cpp:1963) on port 'gmem3' (source/swiftkv_attention.cpp:1963) [126]  (2.433 ns)

 <State 75>: 2.433ns
The critical path consists of the following:
	bus response operation ('empty_725', source/swiftkv_attention.cpp:1963) on port 'gmem3' (source/swiftkv_attention.cpp:1963) [126]  (2.433 ns)

 <State 76>: 2.433ns
The critical path consists of the following:
	bus response operation ('empty_725', source/swiftkv_attention.cpp:1963) on port 'gmem3' (source/swiftkv_attention.cpp:1963) [126]  (2.433 ns)

 <State 77>: 2.433ns
The critical path consists of the following:
	bus response operation ('empty_725', source/swiftkv_attention.cpp:1963) on port 'gmem3' (source/swiftkv_attention.cpp:1963) [126]  (2.433 ns)

 <State 78>: 2.433ns
The critical path consists of the following:
	bus response operation ('empty_725', source/swiftkv_attention.cpp:1963) on port 'gmem3' (source/swiftkv_attention.cpp:1963) [126]  (2.433 ns)

 <State 79>: 2.433ns
The critical path consists of the following:
	bus response operation ('empty_725', source/swiftkv_attention.cpp:1963) on port 'gmem3' (source/swiftkv_attention.cpp:1963) [126]  (2.433 ns)

 <State 80>: 2.043ns
The critical path consists of the following:
	'add' operation 24 bit ('add_ln1960', source/swiftkv_attention.cpp:1960) [131]  (0.827 ns)
	'call' operation 0 bit ('call_ln1960', source/swiftkv_attention.cpp:1960) to 'swiftkv_attention_head' [132]  (1.217 ns)

 <State 81>: 0.000ns
The critical path consists of the following:


============================================================
+ Verbose Summary: Binding
============================================================
N/A
* FSMD analyzer results:
  - Output states:
 - Input state : 
  - Chain level:
	State 1
	State 2
	State 3
	State 4
	State 5
	State 6
	State 7
	State 8
	State 9
	State 10
	State 11
	State 12
	State 13
	State 14
	State 15
	State 16
	State 17
	State 18
	State 19
	State 20
	State 21
	State 22
	State 23
	State 24
	State 25
	State 26
	State 27
	State 28
	State 29
	State 30
	State 31
	State 32
	State 33
	State 34
	State 35
	State 36
	State 37
	State 38
	State 39
	State 40
	State 41
	State 42
	State 43
	State 44
	State 45
	State 46
	State 47
	State 48
	State 49
	State 50
	State 51
	State 52
	State 53
	State 54
	State 55
	State 56
	State 57
	State 58
	State 59
	State 60
	State 61
	State 62
	State 63
	State 64
	State 65
	State 66
	State 67
	State 68
	State 69
	State 70
	State 71
	State 72
	State 73
	State 74
	State 75
	State 76
	State 77
	State 78
	State 79
	State 80
	State 81


============================================================
+ Verbose Summary: Datapath Resource usage 
============================================================
N/A
