

================================================================
== Vitis HLS Report for 'swiftkv_preload_rope_lut_Pipeline_preload_rope_lut_loop'
================================================================
* Date:           Tue Aug 11 09:16:49 2026

* Version:        2023.2 (Build 4023990 on Oct 11 2023)
* Project:        proj_int4_decoder_xo
* Solution:       solution1 (Vitis Kernel Flow Target)
* Product family: virtexuplus
* Target device:  xcu250-figd2104-2L-e


================================================================
== Performance Estimates
================================================================
+ Timing: 
    * Summary: 
    +--------+---------+----------+------------+
    |  Clock |  Target | Estimated| Uncertainty|
    +--------+---------+----------+------------+
    |ap_clk  |  3.33 ns|  2.461 ns|     0.90 ns|
    +--------+---------+----------+------------+

+ Latency: 
    * Summary: 
    +---------+---------+----------+----------+-------+-------+---------+
    |  Latency (cycles) |  Latency (absolute) |    Interval   | Pipeline|
    |   min   |   max   |    min   |    max   |  min  |  max  |   Type  |
    +---------+---------+----------+----------+-------+-------+---------+
    |    32771|    32771|  0.109 ms|  0.109 ms|  32771|  32771|       no|
    +---------+---------+----------+----------+-------+-------+---------+

    + Detail: 
        * Instance: 
        N/A

        * Loop: 
        +-------------------------+---------+---------+----------+-----------+-----------+-------+----------+
        |                         |  Latency (cycles) | Iteration|  Initiation Interval  |  Trip |          |
        |        Loop Name        |   min   |   max   |  Latency |  achieved |   target  | Count | Pipelined|
        +-------------------------+---------+---------+----------+-----------+-----------+-------+----------+
        |- preload_rope_lut_loop  |    32769|    32769|         4|          2|          2|  16384|       yes|
        +-------------------------+---------+---------+----------+-----------+-----------+-------+----------+

============================================================
+ Verbose Summary: Synthesis Manager
============================================================
InlineROM: 1
ExposeGlobal: 0
============================================================
+ Verbose Summary: CDFG Model
============================================================
IsTopModel: 0
ResetActiveHigh: 1
IsCombinational: 0
IsDatapathOnly: 0
HasWiredReturn: 1
HasMFsm: 2
HasVarLatency: 1
IsPipeline: 0
IsRtlPipelined: 0
IsInstanceOverlapped: 0
IsDontTouch: 0
HasImplIP: 0
IsGatedGlobalClock: 0

+ Individual pipeline summary: 
  * Pipeline-0: initiation interval (II) = 2, depth = 4


============================================================
+ Verbose Summary: Schedule
============================================================
* Number of FSM states : 4
* Pipeline : 1
  Pipeline-0 : II = 2, D = 4, States = { 1 2 3 4 }
* Dataflow Pipeline: 0

* FSM state transitions: 
1 --> 2 
2 --> 3 
3 --> 4 
4 --> 

* FSM state operations: 

State 1 <SV = 0> <Delay = 1.54>
ST_1 : Operation 7 [1/1] (0.00ns)   --->   "%address = alloca i32 1" [source/swiftkv_attention.cpp:1673]   --->   Operation 7 'alloca' 'address' <Predicate = true> <Delay = 0.00>
ST_1 : Operation 8 [1/1] (0.00ns)   --->   "%sext_ln1673_read = read i58 @_ssdm_op_Read.ap_auto.i58, i58 %sext_ln1673"   --->   Operation 8 'read' 'sext_ln1673_read' <Predicate = true> <Delay = 0.00>
ST_1 : Operation 9 [1/1] (0.00ns)   --->   "%sext_ln1673_cast = sext i58 %sext_ln1673_read"   --->   Operation 9 'sext' 'sext_ln1673_cast' <Predicate = true> <Delay = 0.00>
ST_1 : Operation 10 [1/1] (0.00ns)   --->   "%specmemcore_ln0 = specmemcore void @_ssdm_op_SpecMemCore, i608 %rope_lut, i64 666, i64 20, i64 2"   --->   Operation 10 'specmemcore' 'specmemcore_ln0' <Predicate = true> <Delay = 0.00>
ST_1 : Operation 11 [1/1] (0.00ns)   --->   "%specinterface_ln0 = specinterface void @_ssdm_op_SpecInterface, i512 %gmem0, void @empty_417, i32 0, i32 0, void @empty_418, i32 64, i32 13043328, void @empty_419, void @empty_420, void @empty_418, i32 8, i32 2, i32 256, i32 64, void @empty_418, void @empty_418, i32 4294967295, i32 0"   --->   Operation 11 'specinterface' 'specinterface_ln0' <Predicate = true> <Delay = 0.00>
ST_1 : Operation 12 [1/1] (0.38ns)   --->   "%store_ln1673 = store i15 0, i15 %address" [source/swiftkv_attention.cpp:1673]   --->   Operation 12 'store' 'store_ln1673' <Predicate = true> <Delay = 0.38>
ST_1 : Operation 13 [1/1] (0.00ns)   --->   "%br_ln0 = br void %for.inc"   --->   Operation 13 'br' 'br_ln0' <Predicate = true> <Delay = 0.00>
ST_1 : Operation 14 [1/1] (0.00ns)   --->   "%address_1 = load i15 %address" [source/swiftkv_attention.cpp:1675]   --->   Operation 14 'load' 'address_1' <Predicate = true> <Delay = 0.00>
ST_1 : Operation 15 [1/1] (0.77ns)   --->   "%icmp_ln1674 = icmp_eq  i15 %address_1, i15 16384" [source/swiftkv_attention.cpp:1674]   --->   Operation 15 'icmp' 'icmp_ln1674' <Predicate = true> <Delay = 0.77> <CoreInst = "Cmp">   --->   Core 9 'Cmp' <Latency = 0> <II = 1> <Delay = 0.77> <FuncUnit> <Opcode : 'icmp'> <InPorts = 2> <OutPorts = 1>
ST_1 : Operation 16 [1/1] (0.77ns)   --->   "%add_ln1675 = add i15 %address_1, i15 1" [source/swiftkv_attention.cpp:1675]   --->   Operation 16 'add' 'add_ln1675' <Predicate = true> <Delay = 0.77> <CoreInst = "Adder">   --->   Core 1 'Adder' <Latency = 0> <II = 1> <Delay = 0.77> <FuncUnit> <Opcode : 'add' 'sub'> <InPorts = 2> <OutPorts = 1>
ST_1 : Operation 17 [1/1] (0.00ns)   --->   "%br_ln1673 = br i1 %icmp_ln1674, void %for.inc.split, void %for.end.exitStub" [source/swiftkv_attention.cpp:1673]   --->   Operation 17 'br' 'br_ln1673' <Predicate = true> <Delay = 0.00>
ST_1 : Operation 18 [1/1] (0.38ns)   --->   "%store_ln1673 = store i15 %add_ln1675, i15 %address" [source/swiftkv_attention.cpp:1673]   --->   Operation 18 'store' 'store_ln1673' <Predicate = (!icmp_ln1674)> <Delay = 0.38>

State 2 <SV = 1> <Delay = 2.43>
ST_2 : Operation 19 [1/1] (0.00ns)   --->   "%gmem0_addr = getelementptr i512 %gmem0, i64 %sext_ln1673_cast" [source/swiftkv_attention.cpp:1673]   --->   Operation 19 'getelementptr' 'gmem0_addr' <Predicate = (!icmp_ln1674)> <Delay = 0.00>
ST_2 : Operation 20 [1/1] (2.43ns)   --->   "%low = read i512 @_ssdm_op_Read.m_axi.p1i512, i512 %gmem0_addr" [source/swiftkv_attention.cpp:1680]   --->   Operation 20 'read' 'low' <Predicate = (!icmp_ln1674)> <Delay = 2.43> <CoreInst = "m_axi">   --->   Core 121 'm_axi' <Latency = 0> <II = 1> <Delay = 1.00> <Adapter> <Opcode : 'read' 'write' 'readreq' 'writereq' 'writeresp'>
ST_2 : Operation 31 [1/1] (0.00ns)   --->   "%ret_ln0 = ret"   --->   Operation 31 'ret' 'ret_ln0' <Predicate = (icmp_ln1674)> <Delay = 0.00>

State 3 <SV = 2> <Delay = 2.43>
ST_3 : Operation 21 [1/1] (2.43ns)   --->   "%high = read i512 @_ssdm_op_Read.m_axi.p1i512, i512 %gmem0_addr" [source/swiftkv_attention.cpp:1680]   --->   Operation 21 'read' 'high' <Predicate = true> <Delay = 2.43> <CoreInst = "m_axi">   --->   Core 121 'm_axi' <Latency = 0> <II = 1> <Delay = 1.00> <Adapter> <Opcode : 'read' 'write' 'readreq' 'writereq' 'writeresp'>
ST_3 : Operation 22 [1/1] (0.00ns)   --->   "%trunc_ln1685 = trunc i512 %high" [source/swiftkv_attention.cpp:1685]   --->   Operation 22 'trunc' 'trunc_ln1685' <Predicate = true> <Delay = 0.00>

State 4 <SV = 3> <Delay = 2.46>
ST_4 : Operation 23 [1/1] (0.00ns)   --->   "%zext_ln1674 = zext i15 %address_1" [source/swiftkv_attention.cpp:1674]   --->   Operation 23 'zext' 'zext_ln1674' <Predicate = true> <Delay = 0.00>
ST_4 : Operation 24 [1/1] (0.00ns)   --->   "%specpipeline_ln1676 = specpipeline void @_ssdm_op_SpecPipeline, i32 2, i32 0, i32 0, i32 0, void @empty_418" [source/swiftkv_attention.cpp:1676]   --->   Operation 24 'specpipeline' 'specpipeline_ln1676' <Predicate = true> <Delay = 0.00>
ST_4 : Operation 25 [1/1] (0.00ns)   --->   "%speclooptripcount_ln1673 = speclooptripcount void @_ssdm_op_SpecLoopTripCount, i64 16384, i64 16384, i64 16384" [source/swiftkv_attention.cpp:1673]   --->   Operation 25 'speclooptripcount' 'speclooptripcount_ln1673' <Predicate = true> <Delay = 0.00>
ST_4 : Operation 26 [1/1] (0.00ns)   --->   "%specloopname_ln1673 = specloopname void @_ssdm_op_SpecLoopName, void @empty_468" [source/swiftkv_attention.cpp:1673]   --->   Operation 26 'specloopname' 'specloopname_ln1673' <Predicate = true> <Delay = 0.00>
ST_4 : Operation 27 [1/1] (0.00ns)   --->   "%packed = bitconcatenate i608 @_ssdm_op_BitConcatenate.i608.i96.i512, i96 %trunc_ln1685, i512 %low" [source/swiftkv_attention.cpp:1685]   --->   Operation 27 'bitconcatenate' 'packed' <Predicate = true> <Delay = 0.00>
ST_4 : Operation 28 [1/1] (0.00ns)   --->   "%rope_lut_addr = getelementptr i608 %rope_lut, i64 0, i64 %zext_ln1674" [source/swiftkv_attention.cpp:1687]   --->   Operation 28 'getelementptr' 'rope_lut_addr' <Predicate = true> <Delay = 0.00>
ST_4 : Operation 29 [1/1] (2.46ns)   --->   "%store_ln1687 = store i608 %packed, i14 %rope_lut_addr" [source/swiftkv_attention.cpp:1687]   --->   Operation 29 'store' 'store_ln1687' <Predicate = true> <Delay = 2.46> <CoreInst = "RAM_1P_URAM">   --->   Core 91 'RAM_1P_URAM' <Latency = 2> <II = 1> <Delay = 2.46> <Storage> <Opcode : 'load' 'store'> <Ports = 1> <Width = 608> <Depth = 16384> <RAM>
ST_4 : Operation 30 [1/1] (0.00ns)   --->   "%br_ln1673 = br void %for.inc" [source/swiftkv_attention.cpp:1673]   --->   Operation 30 'br' 'br_ln1673' <Predicate = true> <Delay = 0.00>


============================================================
+ Verbose Summary: Binding
============================================================
STG Binding: 
---------------- STG Properties BEGIN ----------------
- Is combinational: 0
- Is one-state seq: 0
- Is datapath-only: 0
- Is pipelined: 0
- Is top level: 0
Port [ Return ] is wired: 1; IO mode=ap_ctrl_hs:ce=0
Port [ gmem0]:  wired=1; compound=1; hidden=0; nouse=0; global=0; static=0; extern=0; dir=0; type=4; pingpong=0; private_global=0; IO mode=m_axi:ce=0
Port [ sext_ln1673]:  wired=1; compound=0; hidden=0; nouse=0; global=0; static=0; extern=0; dir=0; type=0; pingpong=0; private_global=0; IO mode=ap_none:ce=0
Port [ rope_lut]:  wired=1; compound=1; hidden=0; nouse=0; global=1; static=1; extern=0; dir=1; type=1; pingpong=0; private_global=0; MemPort=[0]; IO mode=ap_memory:ce=0
---------------- STG Properties END ------------------

---------------- Datapath Model BEGIN ----------------

<LifeTime>
<method=bitvector/>
address                  (alloca           ) [ 01000]
sext_ln1673_read         (read             ) [ 00000]
sext_ln1673_cast         (sext             ) [ 00100]
specmemcore_ln0          (specmemcore      ) [ 00000]
specinterface_ln0        (specinterface    ) [ 00000]
store_ln1673             (store            ) [ 00000]
br_ln0                   (br               ) [ 00000]
address_1                (load             ) [ 01111]
icmp_ln1674              (icmp             ) [ 01100]
add_ln1675               (add              ) [ 00000]
br_ln1673                (br               ) [ 00000]
store_ln1673             (store            ) [ 00000]
gmem0_addr               (getelementptr    ) [ 01010]
low                      (read             ) [ 01111]
high                     (read             ) [ 00000]
trunc_ln1685             (trunc            ) [ 00101]
zext_ln1674              (zext             ) [ 00000]
specpipeline_ln1676      (specpipeline     ) [ 00000]
speclooptripcount_ln1673 (speclooptripcount) [ 00000]
specloopname_ln1673      (specloopname     ) [ 00000]
packed                   (bitconcatenate   ) [ 00000]
rope_lut_addr            (getelementptr    ) [ 00000]
store_ln1687             (store            ) [ 00000]
br_ln1673                (br               ) [ 00000]
ret_ln0                  (ret              ) [ 00000]
</LifeTime>

<model>

<comp_list>
<comp id="0" class="1000" name="gmem0">
<pin_list>
<pin id="1" dir="1" index="0" bw="1" slack="0"/>
</pin_list>
<bind>
<StgValue><ssdm name="gmem0"/></StgValue>
</bind>
</comp>

<comp id="2" class="1000" name="sext_ln1673">
<pin_list>
<pin id="3" dir="1" index="0" bw="1" slack="0"/>
</pin_list>
<bind>
<StgValue><ssdm name="sext_ln1673"/></StgValue>
</bind>
</comp>

<comp id="4" class="1000" name="rope_lut">
<pin_list>
<pin id="5" dir="1" index="0" bw="1" slack="0"/>
</pin_list>
<bind>
<StgValue><ssdm name="rope_lut"/><MemPortTyVec>0 </MemPortTyVec>
</StgValue>
</bind>
</comp>

<comp id="6" class="1001" name="const_6">
<pin_list>
<pin id="7" dir="1" index="0" bw="1" slack="0"/>
</pin_list>
<bind>
<StgValue><ssdm name=""/></StgValue>
</bind>
</comp>

<comp id="8" class="1001" name="const_8">
<pin_list>
<pin id="9" dir="1" index="0" bw="1" slack="0"/>
</pin_list>
<bind>
<StgValue><ssdm name="_ssdm_op_Read.ap_auto.i58"/></StgValue>
</bind>
</comp>

<comp id="10" class="1001" name="const_10">
<pin_list>
<pin id="11" dir="1" index="0" bw="1" slack="2147483647"/>
</pin_list>
<bind>
<StgValue><ssdm name="_ssdm_op_SpecMemCore"/></StgValue>
</bind>
</comp>

<comp id="12" class="1001" name="const_12">
<pin_list>
<pin id="13" dir="1" index="0" bw="1" slack="2147483647"/>
</pin_list>
<bind>
<StgValue><ssdm name=""/></StgValue>
</bind>
</comp>

<comp id="14" class="1001" name="const_14">
<pin_list>
<pin id="15" dir="1" index="0" bw="1" slack="2147483647"/>
</pin_list>
<bind>
<StgValue><ssdm name=""/></StgValue>
</bind>
</comp>

<comp id="16" class="1001" name="const_16">
<pin_list>
<pin id="17" dir="1" index="0" bw="1" slack="2147483647"/>
</pin_list>
<bind>
<StgValue><ssdm name=""/></StgValue>
</bind>
</comp>

<comp id="18" class="1001" name="const_18">
<pin_list>
<pin id="19" dir="1" index="0" bw="1" slack="2147483647"/>
</pin_list>
<bind>
<StgValue><ssdm name="_ssdm_op_SpecInterface"/></StgValue>
</bind>
</comp>

<comp id="20" class="1001" name="const_20">
<pin_list>
<pin id="21" dir="1" index="0" bw="1" slack="2147483647"/>
</pin_list>
<bind>
<StgValue><ssdm name="empty_417"/></StgValue>
</bind>
</comp>

<comp id="22" class="1001" name="const_22">
<pin_list>
<pin id="23" dir="1" index="0" bw="1" slack="2147483647"/>
</pin_list>
<bind>
<StgValue><ssdm name=""/></StgValue>
</bind>
</comp>

<comp id="24" class="1001" name="const_24">
<pin_list>
<pin id="25" dir="1" index="0" bw="1" slack="2147483647"/>
</pin_list>
<bind>
<StgValue><ssdm name="empty_418"/></StgValue>
</bind>
</comp>

<comp id="26" class="1001" name="const_26">
<pin_list>
<pin id="27" dir="1" index="0" bw="1" slack="2147483647"/>
</pin_list>
<bind>
<StgValue><ssdm name=""/></StgValue>
</bind>
</comp>

<comp id="28" class="1001" name="const_28">
<pin_list>
<pin id="29" dir="1" index="0" bw="1" slack="2147483647"/>
</pin_list>
<bind>
<StgValue><ssdm name=""/></StgValue>
</bind>
</comp>

<comp id="30" class="1001" name="const_30">
<pin_list>
<pin id="31" dir="1" index="0" bw="1" slack="2147483647"/>
</pin_list>
<bind>
<StgValue><ssdm name="empty_419"/></StgValue>
</bind>
</comp>

<comp id="32" class="1001" name="const_32">
<pin_list>
<pin id="33" dir="1" index="0" bw="1" slack="2147483647"/>
</pin_list>
<bind>
<StgValue><ssdm name="empty_420"/></StgValue>
</bind>
</comp>

<comp id="34" class="1001" name="const_34">
<pin_list>
<pin id="35" dir="1" index="0" bw="1" slack="2147483647"/>
</pin_list>
<bind>
<StgValue><ssdm name=""/></StgValue>
</bind>
</comp>

<comp id="36" class="1001" name="const_36">
<pin_list>
<pin id="37" dir="1" index="0" bw="1" slack="2147483647"/>
</pin_list>
<bind>
<StgValue><ssdm name=""/></StgValue>
</bind>
</comp>

<comp id="38" class="1001" name="const_38">
<pin_list>
<pin id="39" dir="1" index="0" bw="1" slack="2147483647"/>
</pin_list>
<bind>
<StgValue><ssdm name=""/></StgValue>
</bind>
</comp>

<comp id="40" class="1001" name="const_40">
<pin_list>
<pin id="41" dir="1" index="0" bw="1" slack="2147483647"/>
</pin_list>
<bind>
<StgValue><ssdm name=""/></StgValue>
</bind>
</comp>

<comp id="42" class="1001" name="const_42">
<pin_list>
<pin id="43" dir="1" index="0" bw="1" slack="0"/>
</pin_list>
<bind>
<StgValue><ssdm name=""/></StgValue>
</bind>
</comp>

<comp id="44" class="1001" name="const_44">
<pin_list>
<pin id="45" dir="1" index="0" bw="1" slack="0"/>
</pin_list>
<bind>
<StgValue><ssdm name=""/></StgValue>
</bind>
</comp>

<comp id="46" class="1001" name="const_46">
<pin_list>
<pin id="47" dir="1" index="0" bw="1" slack="0"/>
</pin_list>
<bind>
<StgValue><ssdm name=""/></StgValue>
</bind>
</comp>

<comp id="48" class="1001" name="const_48">
<pin_list>
<pin id="49" dir="1" index="0" bw="1" slack="0"/>
</pin_list>
<bind>
<StgValue><ssdm name="_ssdm_op_Read.m_axi.p1i512"/></StgValue>
</bind>
</comp>

<comp id="50" class="1001" name="const_50">
<pin_list>
<pin id="51" dir="1" index="0" bw="1" slack="2147483647"/>
</pin_list>
<bind>
<StgValue><ssdm name="_ssdm_op_SpecPipeline"/></StgValue>
</bind>
</comp>

<comp id="52" class="1001" name="const_52">
<pin_list>
<pin id="53" dir="1" index="0" bw="1" slack="2147483647"/>
</pin_list>
<bind>
<StgValue><ssdm name="_ssdm_op_SpecLoopTripCount"/></StgValue>
</bind>
</comp>

<comp id="54" class="1001" name="const_54">
<pin_list>
<pin id="55" dir="1" index="0" bw="1" slack="2147483647"/>
</pin_list>
<bind>
<StgValue><ssdm name=""/></StgValue>
</bind>
</comp>

<comp id="56" class="1001" name="const_56">
<pin_list>
<pin id="57" dir="1" index="0" bw="1" slack="2147483647"/>
</pin_list>
<bind>
<StgValue><ssdm name="_ssdm_op_SpecLoopName"/></StgValue>
</bind>
</comp>

<comp id="58" class="1001" name="const_58">
<pin_list>
<pin id="59" dir="1" index="0" bw="1" slack="2147483647"/>
</pin_list>
<bind>
<StgValue><ssdm name="empty_468"/></StgValue>
</bind>
</comp>

<comp id="60" class="1001" name="const_60">
<pin_list>
<pin id="61" dir="1" index="0" bw="1" slack="0"/>
</pin_list>
<bind>
<StgValue><ssdm name="_ssdm_op_BitConcatenate.i608.i96.i512"/></StgValue>
</bind>
</comp>

<comp id="62" class="1001" name="const_62">
<pin_list>
<pin id="63" dir="1" index="0" bw="1" slack="0"/>
</pin_list>
<bind>
<StgValue><ssdm name=""/></StgValue>
</bind>
</comp>

<comp id="64" class="1004" name="address_fu_64">
<pin_list>
<pin id="65" dir="0" index="0" bw="1" slack="0"/>
<pin id="66" dir="1" index="1" bw="15" slack="0"/>
</pin_list>
<bind>
<opcode="alloca(26) " fcode="alloca"/>
<opset="address/1 "/>
</bind>
</comp>

<comp id="68" class="1004" name="sext_ln1673_read_read_fu_68">
<pin_list>
<pin id="69" dir="0" index="0" bw="58" slack="0"/>
<pin id="70" dir="0" index="1" bw="58" slack="0"/>
<pin id="71" dir="1" index="2" bw="58" slack="0"/>
</pin_list>
<bind>
<opcode="read(1150) " fcode="read"/>
<opset="sext_ln1673_read/1 "/>
</bind>
</comp>

<comp id="74" class="1004" name="grp_read_fu_74">
<pin_list>
<pin id="75" dir="0" index="0" bw="512" slack="0"/>
<pin id="76" dir="0" index="1" bw="512" slack="0"/>
<pin id="77" dir="1" index="2" bw="512" slack="0"/>
</pin_list>
<bind>
<opcode="read(1150) " fcode="read"/>
<opset="low/2 high/3 "/>
</bind>
</comp>

<comp id="79" class="1004" name="rope_lut_addr_gep_fu_79">
<pin_list>
<pin id="80" dir="0" index="0" bw="608" slack="0"/>
<pin id="81" dir="0" index="1" bw="1" slack="0"/>
<pin id="82" dir="0" index="2" bw="15" slack="0"/>
<pin id="83" dir="1" index="3" bw="14" slack="0"/>
</pin_list>
<bind>
<opcode="getelementptr(29) " fcode="getelementptr"/>
<opset="rope_lut_addr/4 "/>
</bind>
</comp>

<comp id="86" class="1004" name="store_ln1687_access_fu_86">
<pin_list>
<pin id="87" dir="0" index="0" bw="14" slack="0"/>
<pin id="88" dir="0" index="1" bw="608" slack="0"/>
<pin id="89" dir="0" index="2" bw="0" slack="2147483647"/>
<pin id="90" dir="1" index="3" bw="608" slack="2147483647"/>
</pin_list>
<bind>
<opcode="store(28) " fcode="store"/>
<opset="store_ln1687/4 "/>
</bind>
</comp>

<comp id="92" class="1004" name="sext_ln1673_cast_fu_92">
<pin_list>
<pin id="93" dir="0" index="0" bw="58" slack="0"/>
<pin id="94" dir="1" index="1" bw="64" slack="1"/>
</pin_list>
<bind>
<opcode="sext(35) " fcode="sext"/>
<opset="sext_ln1673_cast/1 "/>
</bind>
</comp>

<comp id="96" class="1004" name="store_ln1673_store_fu_96">
<pin_list>
<pin id="97" dir="0" index="0" bw="1" slack="0"/>
<pin id="98" dir="0" index="1" bw="15" slack="0"/>
<pin id="99" dir="1" index="2" bw="0" slack="2147483647"/>
</pin_list>
<bind>
<opcode="store(28) " fcode="store"/>
<opset="store_ln1673/1 "/>
</bind>
</comp>

<comp id="101" class="1004" name="address_1_load_fu_101">
<pin_list>
<pin id="102" dir="0" index="0" bw="15" slack="0"/>
<pin id="103" dir="1" index="1" bw="15" slack="0"/>
</pin_list>
<bind>
<opcode="load(27) " fcode="load"/>
<opset="address_1/1 "/>
</bind>
</comp>

<comp id="104" class="1004" name="icmp_ln1674_fu_104">
<pin_list>
<pin id="105" dir="0" index="0" bw="15" slack="0"/>
<pin id="106" dir="0" index="1" bw="15" slack="0"/>
<pin id="107" dir="1" index="2" bw="1" slack="1"/>
</pin_list>
<bind>
<opcode="icmp(45) " fcode="icmp"/>
<opset="icmp_ln1674/1 "/>
</bind>
</comp>

<comp id="110" class="1004" name="add_ln1675_fu_110">
<pin_list>
<pin id="111" dir="0" index="0" bw="15" slack="0"/>
<pin id="112" dir="0" index="1" bw="1" slack="0"/>
<pin id="113" dir="1" index="2" bw="15" slack="0"/>
</pin_list>
<bind>
<opcode="add(8) " fcode="add"/>
<opset="add_ln1675/1 "/>
</bind>
</comp>

<comp id="116" class="1004" name="store_ln1673_store_fu_116">
<pin_list>
<pin id="117" dir="0" index="0" bw="15" slack="0"/>
<pin id="118" dir="0" index="1" bw="15" slack="0"/>
<pin id="119" dir="1" index="2" bw="0" slack="2147483647"/>
</pin_list>
<bind>
<opcode="store(28) " fcode="store"/>
<opset="store_ln1673/1 "/>
</bind>
</comp>

<comp id="121" class="1004" name="gmem0_addr_fu_121">
<pin_list>
<pin id="122" dir="0" index="0" bw="512" slack="0"/>
<pin id="123" dir="0" index="1" bw="58" slack="1"/>
<pin id="124" dir="1" index="2" bw="512" slack="0"/>
</pin_list>
<bind>
<opcode="getelementptr(29) " fcode="getelementptr"/>
<opset="gmem0_addr/2 "/>
</bind>
</comp>

<comp id="127" class="1004" name="trunc_ln1685_fu_127">
<pin_list>
<pin id="128" dir="0" index="0" bw="512" slack="0"/>
<pin id="129" dir="1" index="1" bw="96" slack="1"/>
</pin_list>
<bind>
<opcode="trunc(33) " fcode="trunc"/>
<opset="trunc_ln1685/3 "/>
</bind>
</comp>

<comp id="131" class="1004" name="zext_ln1674_fu_131">
<pin_list>
<pin id="132" dir="0" index="0" bw="15" slack="3"/>
<pin id="133" dir="1" index="1" bw="64" slack="0"/>
</pin_list>
<bind>
<opcode="zext(34) " fcode="zext"/>
<opset="zext_ln1674/4 "/>
</bind>
</comp>

<comp id="135" class="1004" name="packed_fu_135">
<pin_list>
<pin id="136" dir="0" index="0" bw="608" slack="0"/>
<pin id="137" dir="0" index="1" bw="96" slack="1"/>
<pin id="138" dir="0" index="2" bw="512" slack="2"/>
<pin id="139" dir="1" index="3" bw="608" slack="0"/>
</pin_list>
<bind>
<opcode="bitconcatenate(1004) " fcode="bitconcatenate"/>
<opset="packed/4 "/>
</bind>
</comp>

<comp id="142" class="1005" name="address_reg_142">
<pin_list>
<pin id="143" dir="0" index="0" bw="15" slack="0"/>
<pin id="144" dir="1" index="1" bw="15" slack="0"/>
</pin_list>
<bind>
<opset="address "/>
</bind>
</comp>

<comp id="149" class="1005" name="sext_ln1673_cast_reg_149">
<pin_list>
<pin id="150" dir="0" index="0" bw="64" slack="1"/>
<pin id="151" dir="1" index="1" bw="64" slack="1"/>
</pin_list>
<bind>
<opset="sext_ln1673_cast "/>
</bind>
</comp>

<comp id="154" class="1005" name="address_1_reg_154">
<pin_list>
<pin id="155" dir="0" index="0" bw="15" slack="3"/>
<pin id="156" dir="1" index="1" bw="15" slack="3"/>
</pin_list>
<bind>
<opset="address_1 "/>
</bind>
</comp>

<comp id="159" class="1005" name="icmp_ln1674_reg_159">
<pin_list>
<pin id="160" dir="0" index="0" bw="1" slack="1"/>
<pin id="161" dir="1" index="1" bw="1" slack="2147483647"/>
</pin_list>
<bind>
<opset="icmp_ln1674 "/>
</bind>
</comp>

<comp id="163" class="1005" name="gmem0_addr_reg_163">
<pin_list>
<pin id="164" dir="0" index="0" bw="512" slack="1"/>
<pin id="165" dir="1" index="1" bw="512" slack="1"/>
</pin_list>
<bind>
<opset="gmem0_addr "/>
</bind>
</comp>

<comp id="168" class="1005" name="low_reg_168">
<pin_list>
<pin id="169" dir="0" index="0" bw="512" slack="2"/>
<pin id="170" dir="1" index="1" bw="512" slack="2"/>
</pin_list>
<bind>
<opset="low "/>
</bind>
</comp>

<comp id="173" class="1005" name="trunc_ln1685_reg_173">
<pin_list>
<pin id="174" dir="0" index="0" bw="96" slack="1"/>
<pin id="175" dir="1" index="1" bw="96" slack="1"/>
</pin_list>
<bind>
<opset="trunc_ln1685 "/>
</bind>
</comp>

</comp_list>

<net_list>
<net id="67"><net_src comp="6" pin="0"/><net_sink comp="64" pin=0"/></net>

<net id="72"><net_src comp="8" pin="0"/><net_sink comp="68" pin=0"/></net>

<net id="73"><net_src comp="2" pin="0"/><net_sink comp="68" pin=1"/></net>

<net id="78"><net_src comp="48" pin="0"/><net_sink comp="74" pin=0"/></net>

<net id="84"><net_src comp="4" pin="0"/><net_sink comp="79" pin=0"/></net>

<net id="85"><net_src comp="62" pin="0"/><net_sink comp="79" pin=1"/></net>

<net id="91"><net_src comp="79" pin="3"/><net_sink comp="86" pin=0"/></net>

<net id="95"><net_src comp="68" pin="2"/><net_sink comp="92" pin=0"/></net>

<net id="100"><net_src comp="42" pin="0"/><net_sink comp="96" pin=0"/></net>

<net id="108"><net_src comp="101" pin="1"/><net_sink comp="104" pin=0"/></net>

<net id="109"><net_src comp="44" pin="0"/><net_sink comp="104" pin=1"/></net>

<net id="114"><net_src comp="101" pin="1"/><net_sink comp="110" pin=0"/></net>

<net id="115"><net_src comp="46" pin="0"/><net_sink comp="110" pin=1"/></net>

<net id="120"><net_src comp="110" pin="2"/><net_sink comp="116" pin=0"/></net>

<net id="125"><net_src comp="0" pin="0"/><net_sink comp="121" pin=0"/></net>

<net id="126"><net_src comp="121" pin="2"/><net_sink comp="74" pin=1"/></net>

<net id="130"><net_src comp="74" pin="2"/><net_sink comp="127" pin=0"/></net>

<net id="134"><net_src comp="131" pin="1"/><net_sink comp="79" pin=2"/></net>

<net id="140"><net_src comp="60" pin="0"/><net_sink comp="135" pin=0"/></net>

<net id="141"><net_src comp="135" pin="3"/><net_sink comp="86" pin=1"/></net>

<net id="145"><net_src comp="64" pin="1"/><net_sink comp="142" pin=0"/></net>

<net id="146"><net_src comp="142" pin="1"/><net_sink comp="96" pin=1"/></net>

<net id="147"><net_src comp="142" pin="1"/><net_sink comp="101" pin=0"/></net>

<net id="148"><net_src comp="142" pin="1"/><net_sink comp="116" pin=1"/></net>

<net id="152"><net_src comp="92" pin="1"/><net_sink comp="149" pin=0"/></net>

<net id="153"><net_src comp="149" pin="1"/><net_sink comp="121" pin=1"/></net>

<net id="157"><net_src comp="101" pin="1"/><net_sink comp="154" pin=0"/></net>

<net id="158"><net_src comp="154" pin="1"/><net_sink comp="131" pin=0"/></net>

<net id="162"><net_src comp="104" pin="2"/><net_sink comp="159" pin=0"/></net>

<net id="166"><net_src comp="121" pin="2"/><net_sink comp="163" pin=0"/></net>

<net id="167"><net_src comp="163" pin="1"/><net_sink comp="74" pin=1"/></net>

<net id="171"><net_src comp="74" pin="2"/><net_sink comp="168" pin=0"/></net>

<net id="172"><net_src comp="168" pin="1"/><net_sink comp="135" pin=2"/></net>

<net id="176"><net_src comp="127" pin="1"/><net_sink comp="173" pin=0"/></net>

<net id="177"><net_src comp="173" pin="1"/><net_sink comp="135" pin=1"/></net>

</net_list>

</model> 
---------------- Datapath Model END ------------------

* FSMD analyzer results:
  - Output states:
	Port: rope_lut | {4 }
 - Input state : 
	Port: swiftkv_preload_rope_lut_Pipeline_preload_rope_lut_loop : gmem0 | {2 3 }
	Port: swiftkv_preload_rope_lut_Pipeline_preload_rope_lut_loop : sext_ln1673 | {1 }
  - Chain level:
	State 1
		store_ln1673 : 1
		address_1 : 1
		icmp_ln1674 : 2
		add_ln1675 : 2
		br_ln1673 : 3
		store_ln1673 : 3
	State 2
		low : 1
	State 3
	State 4
		rope_lut_addr : 1
		store_ln1687 : 2


============================================================
+ Verbose Summary: Datapath Resource usage 
============================================================

* Functional unit list:
|----------|-----------------------------|---------|---------|
| Operation|       Functional Unit       |    FF   |   LUT   |
|----------|-----------------------------|---------|---------|
|   icmp   |      icmp_ln1674_fu_104     |    0    |    22   |
|----------|-----------------------------|---------|---------|
|    add   |      add_ln1675_fu_110      |    0    |    22   |
|----------|-----------------------------|---------|---------|
|   read   | sext_ln1673_read_read_fu_68 |    0    |    0    |
|          |        grp_read_fu_74       |    0    |    0    |
|----------|-----------------------------|---------|---------|
|   sext   |    sext_ln1673_cast_fu_92   |    0    |    0    |
|----------|-----------------------------|---------|---------|
|   trunc  |     trunc_ln1685_fu_127     |    0    |    0    |
|----------|-----------------------------|---------|---------|
|   zext   |      zext_ln1674_fu_131     |    0    |    0    |
|----------|-----------------------------|---------|---------|
|bitconcatenate|        packed_fu_135        |    0    |    0    |
|----------|-----------------------------|---------|---------|
|   Total  |                             |    0    |    44   |
|----------|-----------------------------|---------|---------|

Memories:
N/A

* Register list:
+------------------------+--------+
|                        |   FF   |
+------------------------+--------+
|    address_1_reg_154   |   15   |
|     address_reg_142    |   15   |
|   gmem0_addr_reg_163   |   512  |
|   icmp_ln1674_reg_159  |    1   |
|       low_reg_168      |   512  |
|sext_ln1673_cast_reg_149|   64   |
|  trunc_ln1685_reg_173  |   96   |
+------------------------+--------+
|          Total         |  1215  |
+------------------------+--------+

* Multiplexer (MUX) list: 
|----------------|------|------|------|--------||---------||---------|
|      Comp      |  Pin | Size |  BW  | S x BW ||  Delay  ||   LUT   |
|----------------|------|------|------|--------||---------||---------|
| grp_read_fu_74 |  p1  |   2  |  512 |  1024  ||    9    |
|----------------|------|------|------|--------||---------||---------|
|      Total     |      |      |      |  1024  ||  0.387  ||    9    |
|----------------|------|------|------|--------||---------||---------|



* Summary:
+-----------+--------+--------+--------+
|           |  Delay |   FF   |   LUT  |
+-----------+--------+--------+--------+
|  Function |    -   |    0   |   44   |
|   Memory  |    -   |    -   |    -   |
|Multiplexer|    0   |    -   |    9   |
|  Register |    -   |  1215  |    -   |
+-----------+--------+--------+--------+
|   Total   |    0   |  1215  |   53   |
+-----------+--------+--------+--------+
