

================================================================
== Vitis HLS Report for 'swiftkv_run_four_pes'
================================================================
* Date:           Tue Aug 11 09:17:02 2026

* Version:        2023.2 (Build 4023990 on Oct 11 2023)
* Project:        proj_int4_decoder_xo
* Solution:       solution1 (Vitis Kernel Flow Target)
* Product family: virtexuplus
* Target device:  xcu250-figd2104-2L-e


================================================================
== Performance Estimates
================================================================
+ Timing: 
    * Summary: 
    +--------+---------+----------+------------+
    |  Clock |  Target | Estimated| Uncertainty|
    +--------+---------+----------+------------+
    |ap_clk  |  3.33 ns|  2.793 ns|     0.90 ns|
    +--------+---------+----------+------------+

+ Latency: 
    * Summary: 
    +---------+---------+-----------+----------+------+--------+----------+
    |  Latency (cycles) |  Latency (absolute)  |    Interval   | Pipeline |
    |   min   |   max   |    min    |    max   |  min |   max  |   Type   |
    +---------+---------+-----------+----------+------+--------+----------+
    |     7951|   270031|  26.501 us|  0.900 ms|  7951|  270031|  dataflow|
    +---------+---------+-----------+----------+------+--------+----------+

    + Detail: 
        * Instance: 
        N/A

        * Loop: 
        N/A

============================================================
+ Verbose Summary: Synthesis Manager
============================================================
InlineROM: 1
ExposeGlobal: 0
============================================================
+ Verbose Summary: CDFG Model
============================================================
IsTopModel: 0
ResetActiveHigh: 1
IsCombinational: 2
IsDatapathOnly: 0
HasWiredReturn: 1
HasMFsm: 0
HasVarLatency: 1
IsPipeline: 0
IsRtlPipelined: 0
IsInstanceOverlapped: 0
IsDontTouch: 0
HasImplIP: 0
IsGatedGlobalClock: 0


============================================================
+ Verbose Summary: Schedule
============================================================
* Number of FSM states : 6
* Pipeline : 0
* Dataflow Pipeline: 1
  DF-Pipeline-0: Size = 6, States = { 1 2 3 4 5 6 }

* FSM state transitions: 
1 --> 2 
2 --> 3 
3 --> 4 
4 --> 5 
5 --> 6 
6 --> 

* FSM state operations: 

State 1 <SV = 0> <Delay = 0.00>
ST_1 : Operation 7 [1/1] (0.00ns)   --->   "%cos_pe0 = alloca i64 1" [source/swiftkv_attention.cpp:2175]   --->   Operation 7 'alloca' 'cos_pe0' <Predicate = true> <Delay = 0.00> <CoreInst = "FIFO_SRL">   --->   Core 81 'FIFO_SRL' <Latency = 0> <II = 1> <Delay = 1.46> <Storage> <Opcode : 'read' 'write' 'nbread' 'nbwrite'> <Ports = 0> <Width = 19> <Depth = 4> <FIFO>
ST_1 : Operation 8 [1/1] (0.00ns)   --->   "%cos_pe1 = alloca i64 1" [source/swiftkv_attention.cpp:2175]   --->   Operation 8 'alloca' 'cos_pe1' <Predicate = true> <Delay = 0.00> <CoreInst = "FIFO_SRL">   --->   Core 81 'FIFO_SRL' <Latency = 0> <II = 1> <Delay = 1.46> <Storage> <Opcode : 'read' 'write' 'nbread' 'nbwrite'> <Ports = 0> <Width = 19> <Depth = 4> <FIFO>
ST_1 : Operation 9 [1/1] (0.00ns)   --->   "%cos_pe2 = alloca i64 1" [source/swiftkv_attention.cpp:2175]   --->   Operation 9 'alloca' 'cos_pe2' <Predicate = true> <Delay = 0.00> <CoreInst = "FIFO_SRL">   --->   Core 81 'FIFO_SRL' <Latency = 0> <II = 1> <Delay = 1.46> <Storage> <Opcode : 'read' 'write' 'nbread' 'nbwrite'> <Ports = 0> <Width = 19> <Depth = 4> <FIFO>
ST_1 : Operation 10 [1/1] (0.00ns)   --->   "%cos_pe3 = alloca i64 1" [source/swiftkv_attention.cpp:2175]   --->   Operation 10 'alloca' 'cos_pe3' <Predicate = true> <Delay = 0.00> <CoreInst = "FIFO_SRL">   --->   Core 81 'FIFO_SRL' <Latency = 0> <II = 1> <Delay = 1.46> <Storage> <Opcode : 'read' 'write' 'nbread' 'nbwrite'> <Ports = 0> <Width = 19> <Depth = 4> <FIFO>
ST_1 : Operation 11 [1/1] (0.00ns)   --->   "%sin_pe0 = alloca i64 1" [source/swiftkv_attention.cpp:2176]   --->   Operation 11 'alloca' 'sin_pe0' <Predicate = true> <Delay = 0.00> <CoreInst = "FIFO_SRL">   --->   Core 81 'FIFO_SRL' <Latency = 0> <II = 1> <Delay = 1.46> <Storage> <Opcode : 'read' 'write' 'nbread' 'nbwrite'> <Ports = 0> <Width = 19> <Depth = 4> <FIFO>
ST_1 : Operation 12 [1/1] (0.00ns)   --->   "%sin_pe1 = alloca i64 1" [source/swiftkv_attention.cpp:2176]   --->   Operation 12 'alloca' 'sin_pe1' <Predicate = true> <Delay = 0.00> <CoreInst = "FIFO_SRL">   --->   Core 81 'FIFO_SRL' <Latency = 0> <II = 1> <Delay = 1.46> <Storage> <Opcode : 'read' 'write' 'nbread' 'nbwrite'> <Ports = 0> <Width = 19> <Depth = 4> <FIFO>
ST_1 : Operation 13 [1/1] (0.00ns)   --->   "%sin_pe2 = alloca i64 1" [source/swiftkv_attention.cpp:2176]   --->   Operation 13 'alloca' 'sin_pe2' <Predicate = true> <Delay = 0.00> <CoreInst = "FIFO_SRL">   --->   Core 81 'FIFO_SRL' <Latency = 0> <II = 1> <Delay = 1.46> <Storage> <Opcode : 'read' 'write' 'nbread' 'nbwrite'> <Ports = 0> <Width = 19> <Depth = 4> <FIFO>
ST_1 : Operation 14 [1/1] (0.00ns)   --->   "%sin_pe3 = alloca i64 1" [source/swiftkv_attention.cpp:2176]   --->   Operation 14 'alloca' 'sin_pe3' <Predicate = true> <Delay = 0.00> <CoreInst = "FIFO_SRL">   --->   Core 81 'FIFO_SRL' <Latency = 0> <II = 1> <Delay = 1.46> <Storage> <Opcode : 'read' 'write' 'nbread' 'nbwrite'> <Ports = 0> <Width = 19> <Depth = 4> <FIFO>
ST_1 : Operation 15 [1/1] (0.00ns)   --->   "%quantized_pe0 = alloca i64 1" [source/swiftkv_attention.cpp:2177]   --->   Operation 15 'alloca' 'quantized_pe0' <Predicate = true> <Delay = 0.00> <CoreInst = "FIFO_BRAM">   --->   Core 79 'FIFO_BRAM' <Latency = 0> <II = 1> <Delay = 1.42> <Storage> <Opcode : 'read' 'write' 'nbread' 'nbwrite'> <Ports = 0> <Width = 480> <Depth = 4> <FIFO>
ST_1 : Operation 16 [1/1] (0.00ns)   --->   "%quantized_pe1 = alloca i64 1" [source/swiftkv_attention.cpp:2178]   --->   Operation 16 'alloca' 'quantized_pe1' <Predicate = true> <Delay = 0.00> <CoreInst = "FIFO_BRAM">   --->   Core 79 'FIFO_BRAM' <Latency = 0> <II = 1> <Delay = 1.42> <Storage> <Opcode : 'read' 'write' 'nbread' 'nbwrite'> <Ports = 0> <Width = 480> <Depth = 4> <FIFO>
ST_1 : Operation 17 [1/1] (0.00ns)   --->   "%quantized_pe2 = alloca i64 1" [source/swiftkv_attention.cpp:2179]   --->   Operation 17 'alloca' 'quantized_pe2' <Predicate = true> <Delay = 0.00> <CoreInst = "FIFO_BRAM">   --->   Core 79 'FIFO_BRAM' <Latency = 0> <II = 1> <Delay = 1.42> <Storage> <Opcode : 'read' 'write' 'nbread' 'nbwrite'> <Ports = 0> <Width = 480> <Depth = 4> <FIFO>
ST_1 : Operation 18 [1/1] (0.00ns)   --->   "%quantized_pe3 = alloca i64 1" [source/swiftkv_attention.cpp:2180]   --->   Operation 18 'alloca' 'quantized_pe3' <Predicate = true> <Delay = 0.00> <CoreInst = "FIFO_BRAM">   --->   Core 79 'FIFO_BRAM' <Latency = 0> <II = 1> <Delay = 1.42> <Storage> <Opcode : 'read' 'write' 'nbread' 'nbwrite'> <Ports = 0> <Width = 480> <Depth = 4> <FIFO>
ST_1 : Operation 19 [1/1] (0.00ns)   --->   "%scale_pe0 = alloca i64 1" [source/swiftkv_attention.cpp:2181]   --->   Operation 19 'alloca' 'scale_pe0' <Predicate = true> <Delay = 0.00> <CoreInst = "FIFO_SRL">   --->   Core 81 'FIFO_SRL' <Latency = 0> <II = 1> <Delay = 1.46> <Storage> <Opcode : 'read' 'write' 'nbread' 'nbwrite'> <Ports = 0> <Width = 32> <Depth = 4> <FIFO>
ST_1 : Operation 20 [1/1] (0.00ns)   --->   "%scale_pe1 = alloca i64 1" [source/swiftkv_attention.cpp:2181]   --->   Operation 20 'alloca' 'scale_pe1' <Predicate = true> <Delay = 0.00> <CoreInst = "FIFO_SRL">   --->   Core 81 'FIFO_SRL' <Latency = 0> <II = 1> <Delay = 1.46> <Storage> <Opcode : 'read' 'write' 'nbread' 'nbwrite'> <Ports = 0> <Width = 32> <Depth = 4> <FIFO>
ST_1 : Operation 21 [1/1] (0.00ns)   --->   "%scale_pe2 = alloca i64 1" [source/swiftkv_attention.cpp:2181]   --->   Operation 21 'alloca' 'scale_pe2' <Predicate = true> <Delay = 0.00> <CoreInst = "FIFO_SRL">   --->   Core 81 'FIFO_SRL' <Latency = 0> <II = 1> <Delay = 1.46> <Storage> <Opcode : 'read' 'write' 'nbread' 'nbwrite'> <Ports = 0> <Width = 32> <Depth = 4> <FIFO>
ST_1 : Operation 22 [1/1] (0.00ns)   --->   "%scale_pe3 = alloca i64 1" [source/swiftkv_attention.cpp:2181]   --->   Operation 22 'alloca' 'scale_pe3' <Predicate = true> <Delay = 0.00> <CoreInst = "FIFO_SRL">   --->   Core 81 'FIFO_SRL' <Latency = 0> <II = 1> <Delay = 1.46> <Storage> <Opcode : 'read' 'write' 'nbread' 'nbwrite'> <Ports = 0> <Width = 32> <Depth = 4> <FIFO>
ST_1 : Operation 23 [1/1] (0.00ns)   --->   "%swiftkv_command_pe0 = alloca i64 1" [source/swiftkv_attention.cpp:2182]   --->   Operation 23 'alloca' 'swiftkv_command_pe0' <Predicate = true> <Delay = 0.00> <CoreInst = "FIFO_SRL">   --->   Core 81 'FIFO_SRL' <Latency = 0> <II = 1> <Delay = 1.39> <Storage> <Opcode : 'read' 'write' 'nbread' 'nbwrite'> <Ports = 0> <Width = 18> <Depth = 2> <FIFO>
ST_1 : Operation 24 [1/1] (0.00ns)   --->   "%swiftkv_command_pe1 = alloca i64 1" [source/swiftkv_attention.cpp:2183]   --->   Operation 24 'alloca' 'swiftkv_command_pe1' <Predicate = true> <Delay = 0.00> <CoreInst = "FIFO_SRL">   --->   Core 81 'FIFO_SRL' <Latency = 0> <II = 1> <Delay = 1.39> <Storage> <Opcode : 'read' 'write' 'nbread' 'nbwrite'> <Ports = 0> <Width = 18> <Depth = 2> <FIFO>
ST_1 : Operation 25 [1/1] (0.00ns)   --->   "%swiftkv_command_pe2 = alloca i64 1" [source/swiftkv_attention.cpp:2184]   --->   Operation 25 'alloca' 'swiftkv_command_pe2' <Predicate = true> <Delay = 0.00> <CoreInst = "FIFO_SRL">   --->   Core 81 'FIFO_SRL' <Latency = 0> <II = 1> <Delay = 1.39> <Storage> <Opcode : 'read' 'write' 'nbread' 'nbwrite'> <Ports = 0> <Width = 18> <Depth = 2> <FIFO>
ST_1 : Operation 26 [1/1] (0.00ns)   --->   "%swiftkv_command_pe3 = alloca i64 1" [source/swiftkv_attention.cpp:2185]   --->   Operation 26 'alloca' 'swiftkv_command_pe3' <Predicate = true> <Delay = 0.00> <CoreInst = "FIFO_SRL">   --->   Core 81 'FIFO_SRL' <Latency = 0> <II = 1> <Delay = 1.39> <Storage> <Opcode : 'read' 'write' 'nbread' 'nbwrite'> <Ports = 0> <Width = 18> <Depth = 2> <FIFO>
ST_1 : Operation 27 [2/2] (0.00ns)   --->   "%call_ln2234 = call void @swiftkv_broadcast_rope, i19 %current_cos, i19 %current_sin, i19 %cos_pe0, i19 %cos_pe1, i19 %cos_pe2, i19 %cos_pe3, i19 %sin_pe0, i19 %sin_pe1, i19 %sin_pe2, i19 %sin_pe3" [source/swiftkv_attention.cpp:2234]   --->   Operation 27 'call' 'call_ln2234' <Predicate = true> <Delay = 0.00> <CoreType = "Generic">   --->   Core 0 '' <Latency = 0> <II = 1> <Delay = 1.00> <Generic> <Opcode : >

State 2 <SV = 1> <Delay = 1.21>
ST_2 : Operation 28 [1/1] (0.00ns)   --->   "%controller_position_val_read = read i12 @_ssdm_op_Read.ap_auto.i12, i12 %controller_position_val"   --->   Operation 28 'read' 'controller_position_val_read' <Predicate = true> <Delay = 0.00>
ST_2 : Operation 29 [1/1] (0.00ns)   --->   "%controller_layer_index_val_read = read i6 @_ssdm_op_Read.ap_auto.i6, i6 %controller_layer_index_val"   --->   Operation 29 'read' 'controller_layer_index_val_read' <Predicate = true> <Delay = 0.00>
ST_2 : Operation 30 [1/1] (1.21ns)   --->   "%call_ln2229 = call void @swiftkv_broadcast_pe_commands, i18 %swiftkv_command_pe0, i18 %swiftkv_command_pe1, i18 %swiftkv_command_pe2, i18 %swiftkv_command_pe3, i6 %controller_layer_index_val_read, i12 %controller_position_val_read" [source/swiftkv_attention.cpp:2229]   --->   Operation 30 'call' 'call_ln2229' <Predicate = true> <Delay = 1.21> <CoreType = "Generic">   --->   Core 0 '' <Latency = 0> <II = 1> <Delay = 1.00> <Generic> <Opcode : >
ST_2 : Operation 31 [1/2] (0.00ns)   --->   "%call_ln2234 = call void @swiftkv_broadcast_rope, i19 %current_cos, i19 %current_sin, i19 %cos_pe0, i19 %cos_pe1, i19 %cos_pe2, i19 %cos_pe3, i19 %sin_pe0, i19 %sin_pe1, i19 %sin_pe2, i19 %sin_pe3" [source/swiftkv_attention.cpp:2234]   --->   Operation 31 'call' 'call_ln2234' <Predicate = true> <Delay = 0.00> <CoreType = "Generic">   --->   Core 0 '' <Latency = 0> <II = 1> <Delay = 1.00> <Generic> <Opcode : >

State 3 <SV = 2> <Delay = 0.00>
ST_3 : Operation 32 [1/1] (0.00ns)   --->   "%kv_cache_pe3_read = read i64 @_ssdm_op_Read.ap_auto.i64, i64 %kv_cache_pe3"   --->   Operation 32 'read' 'kv_cache_pe3_read' <Predicate = true> <Delay = 0.00>
ST_3 : Operation 33 [1/1] (0.00ns)   --->   "%kv_cache_pe2_read = read i64 @_ssdm_op_Read.ap_auto.i64, i64 %kv_cache_pe2"   --->   Operation 33 'read' 'kv_cache_pe2_read' <Predicate = true> <Delay = 0.00>
ST_3 : Operation 34 [1/1] (0.00ns)   --->   "%kv_cache_pe1_read = read i64 @_ssdm_op_Read.ap_auto.i64, i64 %kv_cache_pe1"   --->   Operation 34 'read' 'kv_cache_pe1_read' <Predicate = true> <Delay = 0.00>
ST_3 : Operation 35 [1/1] (0.00ns)   --->   "%kv_cache_pe0_read = read i64 @_ssdm_op_Read.ap_auto.i64, i64 %kv_cache_pe0"   --->   Operation 35 'read' 'kv_cache_pe0_read' <Predicate = true> <Delay = 0.00>
ST_3 : Operation 36 [2/2] (0.00ns)   --->   "%call_ln2238 = call void @swiftkv_run_pe<0>, i512 %q_pe0, i512 %k_pe0, i512 %v_pe0, i512 %gmem0, i64 %kv_cache_pe0_read, i19 %cos_pe0, i19 %sin_pe0, i480 %quantized_pe0, i32 %scale_pe0, i18 %swiftkv_command_pe0, i32 %SWIFTKV_EXP2_LUT_Q30" [source/swiftkv_attention.cpp:2238]   --->   Operation 36 'call' 'call_ln2238' <Predicate = true> <Delay = 0.00> <CoreType = "Generic">   --->   Core 0 '' <Latency = 0> <II = 1> <Delay = 1.00> <Generic> <Opcode : >
ST_3 : Operation 37 [2/2] (0.00ns)   --->   "%call_ln2243 = call void @swiftkv_run_pe<1>, i512 %q_pe1, i512 %k_pe1, i512 %v_pe1, i512 %gmem1, i64 %kv_cache_pe1_read, i19 %cos_pe1, i19 %sin_pe1, i480 %quantized_pe1, i32 %scale_pe1, i18 %swiftkv_command_pe1, i32 %SWIFTKV_EXP2_LUT_Q30" [source/swiftkv_attention.cpp:2243]   --->   Operation 37 'call' 'call_ln2243' <Predicate = true> <Delay = 0.00> <CoreType = "Generic">   --->   Core 0 '' <Latency = 0> <II = 1> <Delay = 1.00> <Generic> <Opcode : >
ST_3 : Operation 38 [2/2] (0.00ns)   --->   "%call_ln2248 = call void @swiftkv_run_pe<2>, i512 %q_pe2, i512 %k_pe2, i512 %v_pe2, i512 %gmem2, i64 %kv_cache_pe2_read, i19 %cos_pe2, i19 %sin_pe2, i480 %quantized_pe2, i32 %scale_pe2, i18 %swiftkv_command_pe2, i32 %SWIFTKV_EXP2_LUT_Q30" [source/swiftkv_attention.cpp:2248]   --->   Operation 38 'call' 'call_ln2248' <Predicate = true> <Delay = 0.00> <CoreType = "Generic">   --->   Core 0 '' <Latency = 0> <II = 1> <Delay = 1.00> <Generic> <Opcode : >
ST_3 : Operation 39 [2/2] (0.00ns)   --->   "%call_ln2253 = call void @swiftkv_run_pe<3>, i512 %q_pe3, i512 %k_pe3, i512 %v_pe3, i512 %gmem3, i64 %kv_cache_pe3_read, i19 %cos_pe3, i19 %sin_pe3, i480 %quantized_pe3, i32 %scale_pe3, i18 %swiftkv_command_pe3, i32 %SWIFTKV_EXP2_LUT_Q30" [source/swiftkv_attention.cpp:2253]   --->   Operation 39 'call' 'call_ln2253' <Predicate = true> <Delay = 0.00> <CoreType = "Generic">   --->   Core 0 '' <Latency = 0> <II = 1> <Delay = 1.00> <Generic> <Opcode : >

State 4 <SV = 3> <Delay = 0.00>
ST_4 : Operation 40 [1/2] (0.00ns)   --->   "%call_ln2238 = call void @swiftkv_run_pe<0>, i512 %q_pe0, i512 %k_pe0, i512 %v_pe0, i512 %gmem0, i64 %kv_cache_pe0_read, i19 %cos_pe0, i19 %sin_pe0, i480 %quantized_pe0, i32 %scale_pe0, i18 %swiftkv_command_pe0, i32 %SWIFTKV_EXP2_LUT_Q30" [source/swiftkv_attention.cpp:2238]   --->   Operation 40 'call' 'call_ln2238' <Predicate = true> <Delay = 0.00> <CoreType = "Generic">   --->   Core 0 '' <Latency = 0> <II = 1> <Delay = 1.00> <Generic> <Opcode : >
ST_4 : Operation 41 [1/2] (0.00ns)   --->   "%call_ln2243 = call void @swiftkv_run_pe<1>, i512 %q_pe1, i512 %k_pe1, i512 %v_pe1, i512 %gmem1, i64 %kv_cache_pe1_read, i19 %cos_pe1, i19 %sin_pe1, i480 %quantized_pe1, i32 %scale_pe1, i18 %swiftkv_command_pe1, i32 %SWIFTKV_EXP2_LUT_Q30" [source/swiftkv_attention.cpp:2243]   --->   Operation 41 'call' 'call_ln2243' <Predicate = true> <Delay = 0.00> <CoreType = "Generic">   --->   Core 0 '' <Latency = 0> <II = 1> <Delay = 1.00> <Generic> <Opcode : >
ST_4 : Operation 42 [1/2] (0.00ns)   --->   "%call_ln2248 = call void @swiftkv_run_pe<2>, i512 %q_pe2, i512 %k_pe2, i512 %v_pe2, i512 %gmem2, i64 %kv_cache_pe2_read, i19 %cos_pe2, i19 %sin_pe2, i480 %quantized_pe2, i32 %scale_pe2, i18 %swiftkv_command_pe2, i32 %SWIFTKV_EXP2_LUT_Q30" [source/swiftkv_attention.cpp:2248]   --->   Operation 42 'call' 'call_ln2248' <Predicate = true> <Delay = 0.00> <CoreType = "Generic">   --->   Core 0 '' <Latency = 0> <II = 1> <Delay = 1.00> <Generic> <Opcode : >
ST_4 : Operation 43 [1/2] (0.00ns)   --->   "%call_ln2253 = call void @swiftkv_run_pe<3>, i512 %q_pe3, i512 %k_pe3, i512 %v_pe3, i512 %gmem3, i64 %kv_cache_pe3_read, i19 %cos_pe3, i19 %sin_pe3, i480 %quantized_pe3, i32 %scale_pe3, i18 %swiftkv_command_pe3, i32 %SWIFTKV_EXP2_LUT_Q30" [source/swiftkv_attention.cpp:2253]   --->   Operation 43 'call' 'call_ln2253' <Predicate = true> <Delay = 0.00> <CoreType = "Generic">   --->   Core 0 '' <Latency = 0> <II = 1> <Delay = 1.00> <Generic> <Opcode : >

State 5 <SV = 4> <Delay = 0.00>
ST_5 : Operation 44 [2/2] (0.00ns)   --->   "%call_ln2259 = call void @swiftkv_gather_attention_streams, i480 %quantized_pe0, i480 %quantized_pe1, i480 %quantized_pe2, i480 %quantized_pe3, i32 %scale_pe0, i32 %scale_pe1, i32 %scale_pe2, i32 %scale_pe3, i480 %activation_q, i512 %activation_scale" [source/swiftkv_attention.cpp:2259]   --->   Operation 44 'call' 'call_ln2259' <Predicate = true> <Delay = 0.00> <CoreType = "Generic">   --->   Core 0 '' <Latency = 0> <II = 1> <Delay = 1.00> <Generic> <Opcode : >

State 6 <SV = 5> <Delay = 0.00>
ST_6 : Operation 45 [1/1] (0.00ns)   --->   "%specdataflowpipeline_ln0 = specdataflowpipeline void @_ssdm_op_SpecDataflowPipeline, i32 4294967295, i32 1, void @empty_418"   --->   Operation 45 'specdataflowpipeline' 'specdataflowpipeline_ln0' <Predicate = true> <Delay = 0.00>
ST_6 : Operation 46 [1/1] (0.00ns)   --->   "%specmemcore_ln0 = specmemcore void @_ssdm_op_SpecMemCore, i19 %current_sin, i64 666, i64 18, i64 1"   --->   Operation 46 'specmemcore' 'specmemcore_ln0' <Predicate = true> <Delay = 0.00>
ST_6 : Operation 47 [1/1] (0.00ns)   --->   "%specmemcore_ln0 = specmemcore void @_ssdm_op_SpecMemCore, i19 %current_cos, i64 666, i64 18, i64 1"   --->   Operation 47 'specmemcore' 'specmemcore_ln0' <Predicate = true> <Delay = 0.00>
ST_6 : Operation 48 [1/1] (0.00ns)   --->   "%specmemcore_ln0 = specmemcore void @_ssdm_op_SpecMemCore, i512 %activation_scale, i64 666, i64 18, i64 18446744073709551615"   --->   Operation 48 'specmemcore' 'specmemcore_ln0' <Predicate = true> <Delay = 0.00>
ST_6 : Operation 49 [1/1] (0.00ns)   --->   "%specmemcore_ln0 = specmemcore void @_ssdm_op_SpecMemCore, i480 %activation_q, i64 666, i64 18, i64 18446744073709551615"   --->   Operation 49 'specmemcore' 'specmemcore_ln0' <Predicate = true> <Delay = 0.00>
ST_6 : Operation 50 [1/1] (0.00ns)   --->   "%specmemcore_ln0 = specmemcore void @_ssdm_op_SpecMemCore, i512 %v_pe3, i64 666, i64 18, i64 18446744073709551615"   --->   Operation 50 'specmemcore' 'specmemcore_ln0' <Predicate = true> <Delay = 0.00>
ST_6 : Operation 51 [1/1] (0.00ns)   --->   "%specmemcore_ln0 = specmemcore void @_ssdm_op_SpecMemCore, i512 %v_pe2, i64 666, i64 18, i64 18446744073709551615"   --->   Operation 51 'specmemcore' 'specmemcore_ln0' <Predicate = true> <Delay = 0.00>
ST_6 : Operation 52 [1/1] (0.00ns)   --->   "%specmemcore_ln0 = specmemcore void @_ssdm_op_SpecMemCore, i512 %v_pe1, i64 666, i64 18, i64 18446744073709551615"   --->   Operation 52 'specmemcore' 'specmemcore_ln0' <Predicate = true> <Delay = 0.00>
ST_6 : Operation 53 [1/1] (0.00ns)   --->   "%specmemcore_ln0 = specmemcore void @_ssdm_op_SpecMemCore, i512 %v_pe0, i64 666, i64 18, i64 18446744073709551615"   --->   Operation 53 'specmemcore' 'specmemcore_ln0' <Predicate = true> <Delay = 0.00>
ST_6 : Operation 54 [1/1] (0.00ns)   --->   "%specmemcore_ln0 = specmemcore void @_ssdm_op_SpecMemCore, i512 %k_pe3, i64 666, i64 18, i64 18446744073709551615"   --->   Operation 54 'specmemcore' 'specmemcore_ln0' <Predicate = true> <Delay = 0.00>
ST_6 : Operation 55 [1/1] (0.00ns)   --->   "%specmemcore_ln0 = specmemcore void @_ssdm_op_SpecMemCore, i512 %k_pe2, i64 666, i64 18, i64 18446744073709551615"   --->   Operation 55 'specmemcore' 'specmemcore_ln0' <Predicate = true> <Delay = 0.00>
ST_6 : Operation 56 [1/1] (0.00ns)   --->   "%specmemcore_ln0 = specmemcore void @_ssdm_op_SpecMemCore, i512 %k_pe1, i64 666, i64 18, i64 18446744073709551615"   --->   Operation 56 'specmemcore' 'specmemcore_ln0' <Predicate = true> <Delay = 0.00>
ST_6 : Operation 57 [1/1] (0.00ns)   --->   "%specmemcore_ln0 = specmemcore void @_ssdm_op_SpecMemCore, i512 %k_pe0, i64 666, i64 18, i64 18446744073709551615"   --->   Operation 57 'specmemcore' 'specmemcore_ln0' <Predicate = true> <Delay = 0.00>
ST_6 : Operation 58 [1/1] (0.00ns)   --->   "%specmemcore_ln0 = specmemcore void @_ssdm_op_SpecMemCore, i512 %q_pe3, i64 666, i64 18, i64 18446744073709551615"   --->   Operation 58 'specmemcore' 'specmemcore_ln0' <Predicate = true> <Delay = 0.00>
ST_6 : Operation 59 [1/1] (0.00ns)   --->   "%specmemcore_ln0 = specmemcore void @_ssdm_op_SpecMemCore, i512 %q_pe2, i64 666, i64 18, i64 18446744073709551615"   --->   Operation 59 'specmemcore' 'specmemcore_ln0' <Predicate = true> <Delay = 0.00>
ST_6 : Operation 60 [1/1] (0.00ns)   --->   "%specmemcore_ln0 = specmemcore void @_ssdm_op_SpecMemCore, i512 %q_pe1, i64 666, i64 18, i64 18446744073709551615"   --->   Operation 60 'specmemcore' 'specmemcore_ln0' <Predicate = true> <Delay = 0.00>
ST_6 : Operation 61 [1/1] (0.00ns)   --->   "%specmemcore_ln0 = specmemcore void @_ssdm_op_SpecMemCore, i512 %q_pe0, i64 666, i64 18, i64 18446744073709551615"   --->   Operation 61 'specmemcore' 'specmemcore_ln0' <Predicate = true> <Delay = 0.00>
ST_6 : Operation 62 [1/1] (0.00ns)   --->   "%specinterface_ln0 = specinterface void @_ssdm_op_SpecInterface, i512 %gmem3, void @empty_417, i32 0, i32 0, void @empty_418, i32 64, i32 13043328, void @empty_423, void @empty_420, void @empty_418, i32 8, i32 2, i32 256, i32 64, void @empty_418, void @empty_418, i32 4294967295, i32 0"   --->   Operation 62 'specinterface' 'specinterface_ln0' <Predicate = true> <Delay = 0.00>
ST_6 : Operation 63 [1/1] (0.00ns)   --->   "%specinterface_ln0 = specinterface void @_ssdm_op_SpecInterface, i512 %gmem2, void @empty_417, i32 0, i32 0, void @empty_418, i32 64, i32 13043328, void @empty_422, void @empty_420, void @empty_418, i32 8, i32 2, i32 256, i32 64, void @empty_418, void @empty_418, i32 4294967295, i32 0"   --->   Operation 63 'specinterface' 'specinterface_ln0' <Predicate = true> <Delay = 0.00>
ST_6 : Operation 64 [1/1] (0.00ns)   --->   "%specinterface_ln0 = specinterface void @_ssdm_op_SpecInterface, i512 %gmem1, void @empty_417, i32 0, i32 0, void @empty_418, i32 64, i32 13043328, void @empty_421, void @empty_420, void @empty_418, i32 8, i32 2, i32 256, i32 64, void @empty_418, void @empty_418, i32 4294967295, i32 0"   --->   Operation 64 'specinterface' 'specinterface_ln0' <Predicate = true> <Delay = 0.00>
ST_6 : Operation 65 [1/1] (0.00ns)   --->   "%specinterface_ln0 = specinterface void @_ssdm_op_SpecInterface, i512 %gmem0, void @empty_417, i32 0, i32 0, void @empty_418, i32 64, i32 13043328, void @empty_419, void @empty_420, void @empty_418, i32 8, i32 2, i32 256, i32 64, void @empty_418, void @empty_418, i32 4294967295, i32 0"   --->   Operation 65 'specinterface' 'specinterface_ln0' <Predicate = true> <Delay = 0.00>
ST_6 : Operation 66 [1/1] (0.00ns)   --->   "%empty = specchannel i32 @_ssdm_op_SpecChannel, void @cos_pe0_str, i32 1, void @p_str, void @p_str, i32 4, i32 4, i19 %cos_pe0, i19 %cos_pe0"   --->   Operation 66 'specchannel' 'empty' <Predicate = true> <Delay = 0.00>
ST_6 : Operation 67 [1/1] (0.00ns)   --->   "%specmemcore_ln2208 = specmemcore void @_ssdm_op_SpecMemCore, i19 %cos_pe0, i64 666, i64 10, i64 18446744073709551615" [source/swiftkv_attention.cpp:2208]   --->   Operation 67 'specmemcore' 'specmemcore_ln2208' <Predicate = true> <Delay = 0.00>
ST_6 : Operation 68 [1/1] (0.00ns)   --->   "%specinterface_ln0 = specinterface void @_ssdm_op_SpecInterface, i19 %cos_pe0, void @empty_447, i32 0, i32 0, void @empty_418, i32 0, i32 0, void @empty_418, void @empty_418, void @empty_418, i32 0, i32 0, i32 0, i32 0, void @empty_418, void @empty_418, i32 4294967295, i32 0"   --->   Operation 68 'specinterface' 'specinterface_ln0' <Predicate = true> <Delay = 0.00>
ST_6 : Operation 69 [1/1] (0.00ns)   --->   "%empty_704 = specchannel i32 @_ssdm_op_SpecChannel, void @cos_pe1_str, i32 1, void @p_str, void @p_str, i32 4, i32 4, i19 %cos_pe1, i19 %cos_pe1"   --->   Operation 69 'specchannel' 'empty_704' <Predicate = true> <Delay = 0.00>
ST_6 : Operation 70 [1/1] (0.00ns)   --->   "%specmemcore_ln2209 = specmemcore void @_ssdm_op_SpecMemCore, i19 %cos_pe1, i64 666, i64 10, i64 18446744073709551615" [source/swiftkv_attention.cpp:2209]   --->   Operation 70 'specmemcore' 'specmemcore_ln2209' <Predicate = true> <Delay = 0.00>
ST_6 : Operation 71 [1/1] (0.00ns)   --->   "%specinterface_ln0 = specinterface void @_ssdm_op_SpecInterface, i19 %cos_pe1, void @empty_447, i32 0, i32 0, void @empty_418, i32 0, i32 0, void @empty_418, void @empty_418, void @empty_418, i32 0, i32 0, i32 0, i32 0, void @empty_418, void @empty_418, i32 4294967295, i32 0"   --->   Operation 71 'specinterface' 'specinterface_ln0' <Predicate = true> <Delay = 0.00>
ST_6 : Operation 72 [1/1] (0.00ns)   --->   "%empty_705 = specchannel i32 @_ssdm_op_SpecChannel, void @cos_pe2_str, i32 1, void @p_str, void @p_str, i32 4, i32 4, i19 %cos_pe2, i19 %cos_pe2"   --->   Operation 72 'specchannel' 'empty_705' <Predicate = true> <Delay = 0.00>
ST_6 : Operation 73 [1/1] (0.00ns)   --->   "%specmemcore_ln2210 = specmemcore void @_ssdm_op_SpecMemCore, i19 %cos_pe2, i64 666, i64 10, i64 18446744073709551615" [source/swiftkv_attention.cpp:2210]   --->   Operation 73 'specmemcore' 'specmemcore_ln2210' <Predicate = true> <Delay = 0.00>
ST_6 : Operation 74 [1/1] (0.00ns)   --->   "%specinterface_ln0 = specinterface void @_ssdm_op_SpecInterface, i19 %cos_pe2, void @empty_447, i32 0, i32 0, void @empty_418, i32 0, i32 0, void @empty_418, void @empty_418, void @empty_418, i32 0, i32 0, i32 0, i32 0, void @empty_418, void @empty_418, i32 4294967295, i32 0"   --->   Operation 74 'specinterface' 'specinterface_ln0' <Predicate = true> <Delay = 0.00>
ST_6 : Operation 75 [1/1] (0.00ns)   --->   "%empty_706 = specchannel i32 @_ssdm_op_SpecChannel, void @cos_pe3_str, i32 1, void @p_str, void @p_str, i32 4, i32 4, i19 %cos_pe3, i19 %cos_pe3"   --->   Operation 75 'specchannel' 'empty_706' <Predicate = true> <Delay = 0.00>
ST_6 : Operation 76 [1/1] (0.00ns)   --->   "%specmemcore_ln2211 = specmemcore void @_ssdm_op_SpecMemCore, i19 %cos_pe3, i64 666, i64 10, i64 18446744073709551615" [source/swiftkv_attention.cpp:2211]   --->   Operation 76 'specmemcore' 'specmemcore_ln2211' <Predicate = true> <Delay = 0.00>
ST_6 : Operation 77 [1/1] (0.00ns)   --->   "%specinterface_ln0 = specinterface void @_ssdm_op_SpecInterface, i19 %cos_pe3, void @empty_447, i32 0, i32 0, void @empty_418, i32 0, i32 0, void @empty_418, void @empty_418, void @empty_418, i32 0, i32 0, i32 0, i32 0, void @empty_418, void @empty_418, i32 4294967295, i32 0"   --->   Operation 77 'specinterface' 'specinterface_ln0' <Predicate = true> <Delay = 0.00>
ST_6 : Operation 78 [1/1] (0.00ns)   --->   "%empty_707 = specchannel i32 @_ssdm_op_SpecChannel, void @sin_pe0_str, i32 1, void @p_str, void @p_str, i32 4, i32 4, i19 %sin_pe0, i19 %sin_pe0"   --->   Operation 78 'specchannel' 'empty_707' <Predicate = true> <Delay = 0.00>
ST_6 : Operation 79 [1/1] (0.00ns)   --->   "%specmemcore_ln2212 = specmemcore void @_ssdm_op_SpecMemCore, i19 %sin_pe0, i64 666, i64 10, i64 18446744073709551615" [source/swiftkv_attention.cpp:2212]   --->   Operation 79 'specmemcore' 'specmemcore_ln2212' <Predicate = true> <Delay = 0.00>
ST_6 : Operation 80 [1/1] (0.00ns)   --->   "%specinterface_ln0 = specinterface void @_ssdm_op_SpecInterface, i19 %sin_pe0, void @empty_447, i32 0, i32 0, void @empty_418, i32 0, i32 0, void @empty_418, void @empty_418, void @empty_418, i32 0, i32 0, i32 0, i32 0, void @empty_418, void @empty_418, i32 4294967295, i32 0"   --->   Operation 80 'specinterface' 'specinterface_ln0' <Predicate = true> <Delay = 0.00>
ST_6 : Operation 81 [1/1] (0.00ns)   --->   "%empty_708 = specchannel i32 @_ssdm_op_SpecChannel, void @sin_pe1_str, i32 1, void @p_str, void @p_str, i32 4, i32 4, i19 %sin_pe1, i19 %sin_pe1"   --->   Operation 81 'specchannel' 'empty_708' <Predicate = true> <Delay = 0.00>
ST_6 : Operation 82 [1/1] (0.00ns)   --->   "%specmemcore_ln2213 = specmemcore void @_ssdm_op_SpecMemCore, i19 %sin_pe1, i64 666, i64 10, i64 18446744073709551615" [source/swiftkv_attention.cpp:2213]   --->   Operation 82 'specmemcore' 'specmemcore_ln2213' <Predicate = true> <Delay = 0.00>
ST_6 : Operation 83 [1/1] (0.00ns)   --->   "%specinterface_ln0 = specinterface void @_ssdm_op_SpecInterface, i19 %sin_pe1, void @empty_447, i32 0, i32 0, void @empty_418, i32 0, i32 0, void @empty_418, void @empty_418, void @empty_418, i32 0, i32 0, i32 0, i32 0, void @empty_418, void @empty_418, i32 4294967295, i32 0"   --->   Operation 83 'specinterface' 'specinterface_ln0' <Predicate = true> <Delay = 0.00>
ST_6 : Operation 84 [1/1] (0.00ns)   --->   "%empty_709 = specchannel i32 @_ssdm_op_SpecChannel, void @sin_pe2_str, i32 1, void @p_str, void @p_str, i32 4, i32 4, i19 %sin_pe2, i19 %sin_pe2"   --->   Operation 84 'specchannel' 'empty_709' <Predicate = true> <Delay = 0.00>
ST_6 : Operation 85 [1/1] (0.00ns)   --->   "%specmemcore_ln2214 = specmemcore void @_ssdm_op_SpecMemCore, i19 %sin_pe2, i64 666, i64 10, i64 18446744073709551615" [source/swiftkv_attention.cpp:2214]   --->   Operation 85 'specmemcore' 'specmemcore_ln2214' <Predicate = true> <Delay = 0.00>
ST_6 : Operation 86 [1/1] (0.00ns)   --->   "%specinterface_ln0 = specinterface void @_ssdm_op_SpecInterface, i19 %sin_pe2, void @empty_447, i32 0, i32 0, void @empty_418, i32 0, i32 0, void @empty_418, void @empty_418, void @empty_418, i32 0, i32 0, i32 0, i32 0, void @empty_418, void @empty_418, i32 4294967295, i32 0"   --->   Operation 86 'specinterface' 'specinterface_ln0' <Predicate = true> <Delay = 0.00>
ST_6 : Operation 87 [1/1] (0.00ns)   --->   "%empty_710 = specchannel i32 @_ssdm_op_SpecChannel, void @sin_pe3_str, i32 1, void @p_str, void @p_str, i32 4, i32 4, i19 %sin_pe3, i19 %sin_pe3"   --->   Operation 87 'specchannel' 'empty_710' <Predicate = true> <Delay = 0.00>
ST_6 : Operation 88 [1/1] (0.00ns)   --->   "%specmemcore_ln2215 = specmemcore void @_ssdm_op_SpecMemCore, i19 %sin_pe3, i64 666, i64 10, i64 18446744073709551615" [source/swiftkv_attention.cpp:2215]   --->   Operation 88 'specmemcore' 'specmemcore_ln2215' <Predicate = true> <Delay = 0.00>
ST_6 : Operation 89 [1/1] (0.00ns)   --->   "%specinterface_ln0 = specinterface void @_ssdm_op_SpecInterface, i19 %sin_pe3, void @empty_447, i32 0, i32 0, void @empty_418, i32 0, i32 0, void @empty_418, void @empty_418, void @empty_418, i32 0, i32 0, i32 0, i32 0, void @empty_418, void @empty_418, i32 4294967295, i32 0"   --->   Operation 89 'specinterface' 'specinterface_ln0' <Predicate = true> <Delay = 0.00>
ST_6 : Operation 90 [1/1] (0.00ns)   --->   "%empty_711 = specchannel i32 @_ssdm_op_SpecChannel, void @quantized_pe0_str, i32 1, void @p_str, void @p_str, i32 4, i32 4, i480 %quantized_pe0, i480 %quantized_pe0"   --->   Operation 90 'specchannel' 'empty_711' <Predicate = true> <Delay = 0.00>
ST_6 : Operation 91 [1/1] (0.00ns)   --->   "%specmemcore_ln2216 = specmemcore void @_ssdm_op_SpecMemCore, i480 %quantized_pe0, i64 666, i64 8, i64 18446744073709551615" [source/swiftkv_attention.cpp:2216]   --->   Operation 91 'specmemcore' 'specmemcore_ln2216' <Predicate = true> <Delay = 0.00>
ST_6 : Operation 92 [1/1] (0.00ns)   --->   "%specinterface_ln0 = specinterface void @_ssdm_op_SpecInterface, i480 %quantized_pe0, void @empty_447, i32 0, i32 0, void @empty_418, i32 0, i32 0, void @empty_418, void @empty_418, void @empty_418, i32 0, i32 0, i32 0, i32 0, void @empty_418, void @empty_418, i32 4294967295, i32 0"   --->   Operation 92 'specinterface' 'specinterface_ln0' <Predicate = true> <Delay = 0.00>
ST_6 : Operation 93 [1/1] (0.00ns)   --->   "%empty_712 = specchannel i32 @_ssdm_op_SpecChannel, void @quantized_pe1_str, i32 1, void @p_str, void @p_str, i32 4, i32 4, i480 %quantized_pe1, i480 %quantized_pe1"   --->   Operation 93 'specchannel' 'empty_712' <Predicate = true> <Delay = 0.00>
ST_6 : Operation 94 [1/1] (0.00ns)   --->   "%specmemcore_ln2217 = specmemcore void @_ssdm_op_SpecMemCore, i480 %quantized_pe1, i64 666, i64 8, i64 18446744073709551615" [source/swiftkv_attention.cpp:2217]   --->   Operation 94 'specmemcore' 'specmemcore_ln2217' <Predicate = true> <Delay = 0.00>
ST_6 : Operation 95 [1/1] (0.00ns)   --->   "%specinterface_ln0 = specinterface void @_ssdm_op_SpecInterface, i480 %quantized_pe1, void @empty_447, i32 0, i32 0, void @empty_418, i32 0, i32 0, void @empty_418, void @empty_418, void @empty_418, i32 0, i32 0, i32 0, i32 0, void @empty_418, void @empty_418, i32 4294967295, i32 0"   --->   Operation 95 'specinterface' 'specinterface_ln0' <Predicate = true> <Delay = 0.00>
ST_6 : Operation 96 [1/1] (0.00ns)   --->   "%empty_713 = specchannel i32 @_ssdm_op_SpecChannel, void @quantized_pe2_str, i32 1, void @p_str, void @p_str, i32 4, i32 4, i480 %quantized_pe2, i480 %quantized_pe2"   --->   Operation 96 'specchannel' 'empty_713' <Predicate = true> <Delay = 0.00>
ST_6 : Operation 97 [1/1] (0.00ns)   --->   "%specmemcore_ln2218 = specmemcore void @_ssdm_op_SpecMemCore, i480 %quantized_pe2, i64 666, i64 8, i64 18446744073709551615" [source/swiftkv_attention.cpp:2218]   --->   Operation 97 'specmemcore' 'specmemcore_ln2218' <Predicate = true> <Delay = 0.00>
ST_6 : Operation 98 [1/1] (0.00ns)   --->   "%specinterface_ln0 = specinterface void @_ssdm_op_SpecInterface, i480 %quantized_pe2, void @empty_447, i32 0, i32 0, void @empty_418, i32 0, i32 0, void @empty_418, void @empty_418, void @empty_418, i32 0, i32 0, i32 0, i32 0, void @empty_418, void @empty_418, i32 4294967295, i32 0"   --->   Operation 98 'specinterface' 'specinterface_ln0' <Predicate = true> <Delay = 0.00>
ST_6 : Operation 99 [1/1] (0.00ns)   --->   "%empty_714 = specchannel i32 @_ssdm_op_SpecChannel, void @quantized_pe3_str, i32 1, void @p_str, void @p_str, i32 4, i32 4, i480 %quantized_pe3, i480 %quantized_pe3"   --->   Operation 99 'specchannel' 'empty_714' <Predicate = true> <Delay = 0.00>
ST_6 : Operation 100 [1/1] (0.00ns)   --->   "%specmemcore_ln2219 = specmemcore void @_ssdm_op_SpecMemCore, i480 %quantized_pe3, i64 666, i64 8, i64 18446744073709551615" [source/swiftkv_attention.cpp:2219]   --->   Operation 100 'specmemcore' 'specmemcore_ln2219' <Predicate = true> <Delay = 0.00>
ST_6 : Operation 101 [1/1] (0.00ns)   --->   "%specinterface_ln0 = specinterface void @_ssdm_op_SpecInterface, i480 %quantized_pe3, void @empty_447, i32 0, i32 0, void @empty_418, i32 0, i32 0, void @empty_418, void @empty_418, void @empty_418, i32 0, i32 0, i32 0, i32 0, void @empty_418, void @empty_418, i32 4294967295, i32 0"   --->   Operation 101 'specinterface' 'specinterface_ln0' <Predicate = true> <Delay = 0.00>
ST_6 : Operation 102 [1/1] (0.00ns)   --->   "%empty_715 = specchannel i32 @_ssdm_op_SpecChannel, void @scale_pe0_str, i32 1, void @p_str, void @p_str, i32 4, i32 4, i32 %scale_pe0, i32 %scale_pe0"   --->   Operation 102 'specchannel' 'empty_715' <Predicate = true> <Delay = 0.00>
ST_6 : Operation 103 [1/1] (0.00ns)   --->   "%specmemcore_ln2220 = specmemcore void @_ssdm_op_SpecMemCore, i32 %scale_pe0, i64 666, i64 10, i64 18446744073709551615" [source/swiftkv_attention.cpp:2220]   --->   Operation 103 'specmemcore' 'specmemcore_ln2220' <Predicate = true> <Delay = 0.00>
ST_6 : Operation 104 [1/1] (0.00ns)   --->   "%specinterface_ln0 = specinterface void @_ssdm_op_SpecInterface, i32 %scale_pe0, void @empty_447, i32 0, i32 0, void @empty_418, i32 0, i32 0, void @empty_418, void @empty_418, void @empty_418, i32 0, i32 0, i32 0, i32 0, void @empty_418, void @empty_418, i32 4294967295, i32 0"   --->   Operation 104 'specinterface' 'specinterface_ln0' <Predicate = true> <Delay = 0.00>
ST_6 : Operation 105 [1/1] (0.00ns)   --->   "%empty_716 = specchannel i32 @_ssdm_op_SpecChannel, void @scale_pe1_str, i32 1, void @p_str, void @p_str, i32 4, i32 4, i32 %scale_pe1, i32 %scale_pe1"   --->   Operation 105 'specchannel' 'empty_716' <Predicate = true> <Delay = 0.00>
ST_6 : Operation 106 [1/1] (0.00ns)   --->   "%specmemcore_ln2221 = specmemcore void @_ssdm_op_SpecMemCore, i32 %scale_pe1, i64 666, i64 10, i64 18446744073709551615" [source/swiftkv_attention.cpp:2221]   --->   Operation 106 'specmemcore' 'specmemcore_ln2221' <Predicate = true> <Delay = 0.00>
ST_6 : Operation 107 [1/1] (0.00ns)   --->   "%specinterface_ln0 = specinterface void @_ssdm_op_SpecInterface, i32 %scale_pe1, void @empty_447, i32 0, i32 0, void @empty_418, i32 0, i32 0, void @empty_418, void @empty_418, void @empty_418, i32 0, i32 0, i32 0, i32 0, void @empty_418, void @empty_418, i32 4294967295, i32 0"   --->   Operation 107 'specinterface' 'specinterface_ln0' <Predicate = true> <Delay = 0.00>
ST_6 : Operation 108 [1/1] (0.00ns)   --->   "%empty_717 = specchannel i32 @_ssdm_op_SpecChannel, void @scale_pe2_str, i32 1, void @p_str, void @p_str, i32 4, i32 4, i32 %scale_pe2, i32 %scale_pe2"   --->   Operation 108 'specchannel' 'empty_717' <Predicate = true> <Delay = 0.00>
ST_6 : Operation 109 [1/1] (0.00ns)   --->   "%specmemcore_ln2222 = specmemcore void @_ssdm_op_SpecMemCore, i32 %scale_pe2, i64 666, i64 10, i64 18446744073709551615" [source/swiftkv_attention.cpp:2222]   --->   Operation 109 'specmemcore' 'specmemcore_ln2222' <Predicate = true> <Delay = 0.00>
ST_6 : Operation 110 [1/1] (0.00ns)   --->   "%specinterface_ln0 = specinterface void @_ssdm_op_SpecInterface, i32 %scale_pe2, void @empty_447, i32 0, i32 0, void @empty_418, i32 0, i32 0, void @empty_418, void @empty_418, void @empty_418, i32 0, i32 0, i32 0, i32 0, void @empty_418, void @empty_418, i32 4294967295, i32 0"   --->   Operation 110 'specinterface' 'specinterface_ln0' <Predicate = true> <Delay = 0.00>
ST_6 : Operation 111 [1/1] (0.00ns)   --->   "%empty_718 = specchannel i32 @_ssdm_op_SpecChannel, void @scale_pe3_str, i32 1, void @p_str, void @p_str, i32 4, i32 4, i32 %scale_pe3, i32 %scale_pe3"   --->   Operation 111 'specchannel' 'empty_718' <Predicate = true> <Delay = 0.00>
ST_6 : Operation 112 [1/1] (0.00ns)   --->   "%specmemcore_ln2223 = specmemcore void @_ssdm_op_SpecMemCore, i32 %scale_pe3, i64 666, i64 10, i64 18446744073709551615" [source/swiftkv_attention.cpp:2223]   --->   Operation 112 'specmemcore' 'specmemcore_ln2223' <Predicate = true> <Delay = 0.00>
ST_6 : Operation 113 [1/1] (0.00ns)   --->   "%specinterface_ln0 = specinterface void @_ssdm_op_SpecInterface, i32 %scale_pe3, void @empty_447, i32 0, i32 0, void @empty_418, i32 0, i32 0, void @empty_418, void @empty_418, void @empty_418, i32 0, i32 0, i32 0, i32 0, void @empty_418, void @empty_418, i32 4294967295, i32 0"   --->   Operation 113 'specinterface' 'specinterface_ln0' <Predicate = true> <Delay = 0.00>
ST_6 : Operation 114 [1/1] (0.00ns)   --->   "%empty_719 = specchannel i32 @_ssdm_op_SpecChannel, void @swiftkv_command_pe0_str, i32 1, void @p_str, void @p_str, i32 2, i32 2, i18 %swiftkv_command_pe0, i18 %swiftkv_command_pe0"   --->   Operation 114 'specchannel' 'empty_719' <Predicate = true> <Delay = 0.00>
ST_6 : Operation 115 [1/1] (0.00ns)   --->   "%specmemcore_ln2224 = specmemcore void @_ssdm_op_SpecMemCore, i18 %swiftkv_command_pe0, i64 666, i64 10, i64 18446744073709551615" [source/swiftkv_attention.cpp:2224]   --->   Operation 115 'specmemcore' 'specmemcore_ln2224' <Predicate = true> <Delay = 0.00>
ST_6 : Operation 116 [1/1] (0.00ns)   --->   "%specinterface_ln0 = specinterface void @_ssdm_op_SpecInterface, i18 %swiftkv_command_pe0, void @empty_447, i32 0, i32 0, void @empty_418, i32 0, i32 0, void @empty_418, void @empty_418, void @empty_418, i32 0, i32 0, i32 0, i32 0, void @empty_418, void @empty_418, i32 4294967295, i32 0"   --->   Operation 116 'specinterface' 'specinterface_ln0' <Predicate = true> <Delay = 0.00>
ST_6 : Operation 117 [1/1] (0.00ns)   --->   "%empty_720 = specchannel i32 @_ssdm_op_SpecChannel, void @swiftkv_command_pe1_str, i32 1, void @p_str, void @p_str, i32 2, i32 2, i18 %swiftkv_command_pe1, i18 %swiftkv_command_pe1"   --->   Operation 117 'specchannel' 'empty_720' <Predicate = true> <Delay = 0.00>
ST_6 : Operation 118 [1/1] (0.00ns)   --->   "%specmemcore_ln2225 = specmemcore void @_ssdm_op_SpecMemCore, i18 %swiftkv_command_pe1, i64 666, i64 10, i64 18446744073709551615" [source/swiftkv_attention.cpp:2225]   --->   Operation 118 'specmemcore' 'specmemcore_ln2225' <Predicate = true> <Delay = 0.00>
ST_6 : Operation 119 [1/1] (0.00ns)   --->   "%specinterface_ln0 = specinterface void @_ssdm_op_SpecInterface, i18 %swiftkv_command_pe1, void @empty_447, i32 0, i32 0, void @empty_418, i32 0, i32 0, void @empty_418, void @empty_418, void @empty_418, i32 0, i32 0, i32 0, i32 0, void @empty_418, void @empty_418, i32 4294967295, i32 0"   --->   Operation 119 'specinterface' 'specinterface_ln0' <Predicate = true> <Delay = 0.00>
ST_6 : Operation 120 [1/1] (0.00ns)   --->   "%empty_721 = specchannel i32 @_ssdm_op_SpecChannel, void @swiftkv_command_pe2_str, i32 1, void @p_str, void @p_str, i32 2, i32 2, i18 %swiftkv_command_pe2, i18 %swiftkv_command_pe2"   --->   Operation 120 'specchannel' 'empty_721' <Predicate = true> <Delay = 0.00>
ST_6 : Operation 121 [1/1] (0.00ns)   --->   "%specmemcore_ln2226 = specmemcore void @_ssdm_op_SpecMemCore, i18 %swiftkv_command_pe2, i64 666, i64 10, i64 18446744073709551615" [source/swiftkv_attention.cpp:2226]   --->   Operation 121 'specmemcore' 'specmemcore_ln2226' <Predicate = true> <Delay = 0.00>
ST_6 : Operation 122 [1/1] (0.00ns)   --->   "%specinterface_ln0 = specinterface void @_ssdm_op_SpecInterface, i18 %swiftkv_command_pe2, void @empty_447, i32 0, i32 0, void @empty_418, i32 0, i32 0, void @empty_418, void @empty_418, void @empty_418, i32 0, i32 0, i32 0, i32 0, void @empty_418, void @empty_418, i32 4294967295, i32 0"   --->   Operation 122 'specinterface' 'specinterface_ln0' <Predicate = true> <Delay = 0.00>
ST_6 : Operation 123 [1/1] (0.00ns)   --->   "%empty_722 = specchannel i32 @_ssdm_op_SpecChannel, void @swiftkv_command_pe3_str, i32 1, void @p_str, void @p_str, i32 2, i32 2, i18 %swiftkv_command_pe3, i18 %swiftkv_command_pe3"   --->   Operation 123 'specchannel' 'empty_722' <Predicate = true> <Delay = 0.00>
ST_6 : Operation 124 [1/1] (0.00ns)   --->   "%specmemcore_ln2227 = specmemcore void @_ssdm_op_SpecMemCore, i18 %swiftkv_command_pe3, i64 666, i64 10, i64 18446744073709551615" [source/swiftkv_attention.cpp:2227]   --->   Operation 124 'specmemcore' 'specmemcore_ln2227' <Predicate = true> <Delay = 0.00>
ST_6 : Operation 125 [1/1] (0.00ns)   --->   "%specinterface_ln0 = specinterface void @_ssdm_op_SpecInterface, i18 %swiftkv_command_pe3, void @empty_447, i32 0, i32 0, void @empty_418, i32 0, i32 0, void @empty_418, void @empty_418, void @empty_418, i32 0, i32 0, i32 0, i32 0, void @empty_418, void @empty_418, i32 4294967295, i32 0"   --->   Operation 125 'specinterface' 'specinterface_ln0' <Predicate = true> <Delay = 0.00>
ST_6 : Operation 126 [1/2] (0.00ns)   --->   "%call_ln2259 = call void @swiftkv_gather_attention_streams, i480 %quantized_pe0, i480 %quantized_pe1, i480 %quantized_pe2, i480 %quantized_pe3, i32 %scale_pe0, i32 %scale_pe1, i32 %scale_pe2, i32 %scale_pe3, i480 %activation_q, i512 %activation_scale" [source/swiftkv_attention.cpp:2259]   --->   Operation 126 'call' 'call_ln2259' <Predicate = true> <Delay = 0.00> <CoreType = "Generic">   --->   Core 0 '' <Latency = 0> <II = 1> <Delay = 1.00> <Generic> <Opcode : >
ST_6 : Operation 127 [1/1] (0.00ns)   --->   "%ret_ln2278 = ret" [source/swiftkv_attention.cpp:2278]   --->   Operation 127 'ret' 'ret_ln2278' <Predicate = true> <Delay = 0.00>


============================================================
+ Verbose Summary: Timing violations
============================================================
Target clock period: 3.333ns, clock uncertainty: 0.900ns.

 <State 1>: 0.000ns
The critical path consists of the following:

 <State 2>: 1.217ns
The critical path consists of the following:
	wire read operation ('controller_position_val_read') on port 'controller_position_val' [49]  (0.000 ns)
	'call' operation 0 bit ('call_ln2229', source/swiftkv_attention.cpp:2229) to 'swiftkv_broadcast_pe_commands' [135]  (1.217 ns)

 <State 3>: 0.000ns
The critical path consists of the following:

 <State 4>: 0.000ns
The critical path consists of the following:

 <State 5>: 0.000ns
The critical path consists of the following:

 <State 6>: 0.000ns
The critical path consists of the following:


============================================================
+ Verbose Summary: Binding
============================================================
N/A
* FSMD analyzer results:
  - Output states:
 - Input state : 
  - Chain level:
	State 1
	State 2
	State 3
	State 4
	State 5
	State 6


============================================================
+ Verbose Summary: Datapath Resource usage 
============================================================
N/A
