

================================================================
== Vitis HLS Report for 'swiftkv_run_bank_Pipeline_pe_cache_rope_pair_loop'
================================================================
* Date:           Tue Aug 11 09:16:51 2026

* Version:        2023.2 (Build 4023990 on Oct 11 2023)
* Project:        proj_int4_decoder_xo
* Solution:       solution1 (Vitis Kernel Flow Target)
* Product family: virtexuplus
* Target device:  xcu250-figd2104-2L-e


================================================================
== Performance Estimates
================================================================
+ Timing: 
    * Summary: 
    +--------+---------+----------+------------+
    |  Clock |  Target | Estimated| Uncertainty|
    +--------+---------+----------+------------+
    |ap_clk  |  3.33 ns|  1.916 ns|     0.90 ns|
    +--------+---------+----------+------------+

+ Latency: 
    * Summary: 
    +---------+---------+----------+----------+-----+-----+---------+
    |  Latency (cycles) |  Latency (absolute) |  Interval | Pipeline|
    |   min   |   max   |    min   |    max   | min | max |   Type  |
    +---------+---------+----------+----------+-----+-----+---------+
    |       66|       66|  0.220 us|  0.220 us|   66|   66|       no|
    +---------+---------+----------+----------+-----+-----+---------+

    + Detail: 
        * Instance: 
        N/A

        * Loop: 
        +---------------------------+---------+---------+----------+-----------+-----------+------+----------+
        |                           |  Latency (cycles) | Iteration|  Initiation Interval  | Trip |          |
        |         Loop Name         |   min   |   max   |  Latency |  achieved |   target  | Count| Pipelined|
        +---------------------------+---------+---------+----------+-----------+-----------+------+----------+
        |- pe_cache_rope_pair_loop  |       64|       64|         2|          1|          1|    64|       yes|
        +---------------------------+---------+---------+----------+-----------+-----------+------+----------+

============================================================
+ Verbose Summary: Synthesis Manager
============================================================
InlineROM: 1
ExposeGlobal: 0
============================================================
+ Verbose Summary: CDFG Model
============================================================
IsTopModel: 0
ResetActiveHigh: 1
IsCombinational: 0
IsDatapathOnly: 0
HasWiredReturn: 1
HasMFsm: 2
HasVarLatency: 1
IsPipeline: 0
IsRtlPipelined: 0
IsInstanceOverlapped: 0
IsDontTouch: 0
HasImplIP: 0
IsGatedGlobalClock: 0

+ Individual pipeline summary: 
  * Pipeline-0: initiation interval (II) = 1, depth = 2


============================================================
+ Verbose Summary: Schedule
============================================================
* Number of FSM states : 2
* Pipeline : 1
  Pipeline-0 : II = 1, D = 2, States = { 1 2 }
* Dataflow Pipeline: 0

* FSM state transitions: 
1 --> 2 
2 --> 

* FSM state operations: 

State 1 <SV = 0> <Delay = 1.47>
ST_1 : Operation 5 [1/1] (0.00ns)   --->   "%pair = alloca i32 1" [source/swiftkv_attention.cpp:1818]   --->   Operation 5 'alloca' 'pair' <Predicate = true> <Delay = 0.00>
ST_1 : Operation 6 [1/1] (0.00ns)   --->   "%specmemcore_ln0 = specmemcore void @_ssdm_op_SpecMemCore, i19 %local_sine, i64 666, i64 19, i64 1"   --->   Operation 6 'specmemcore' 'specmemcore_ln0' <Predicate = true> <Delay = 0.00>
ST_1 : Operation 7 [1/1] (0.00ns)   --->   "%specmemcore_ln0 = specmemcore void @_ssdm_op_SpecMemCore, i19 %local_cosine, i64 666, i64 19, i64 1"   --->   Operation 7 'specmemcore' 'specmemcore_ln0' <Predicate = true> <Delay = 0.00>
ST_1 : Operation 8 [1/1] (0.00ns)   --->   "%specmemcore_ln0 = specmemcore void @_ssdm_op_SpecMemCore, i19 %sin_pe3, i64 666, i64 10, i64 18446744073709551615"   --->   Operation 8 'specmemcore' 'specmemcore_ln0' <Predicate = true> <Delay = 0.00>
ST_1 : Operation 9 [1/1] (0.00ns)   --->   "%specmemcore_ln0 = specmemcore void @_ssdm_op_SpecMemCore, i19 %cos_pe3, i64 666, i64 10, i64 18446744073709551615"   --->   Operation 9 'specmemcore' 'specmemcore_ln0' <Predicate = true> <Delay = 0.00>
ST_1 : Operation 10 [1/1] (0.00ns)   --->   "%specinterface_ln0 = specinterface void @_ssdm_op_SpecInterface, i19 %sin_pe3, void @empty_447, i32 0, i32 0, void @empty_418, i32 0, i32 0, void @empty_418, void @empty_418, void @empty_418, i32 0, i32 0, i32 0, i32 0, void @empty_418, void @empty_418, i32 4294967295, i32 0"   --->   Operation 10 'specinterface' 'specinterface_ln0' <Predicate = true> <Delay = 0.00>
ST_1 : Operation 11 [1/1] (0.00ns)   --->   "%specinterface_ln0 = specinterface void @_ssdm_op_SpecInterface, i19 %cos_pe3, void @empty_447, i32 0, i32 0, void @empty_418, i32 0, i32 0, void @empty_418, void @empty_418, void @empty_418, i32 0, i32 0, i32 0, i32 0, void @empty_418, void @empty_418, i32 4294967295, i32 0"   --->   Operation 11 'specinterface' 'specinterface_ln0' <Predicate = true> <Delay = 0.00>
ST_1 : Operation 12 [1/1] (0.38ns)   --->   "%store_ln1818 = store i7 0, i7 %pair" [source/swiftkv_attention.cpp:1818]   --->   Operation 12 'store' 'store_ln1818' <Predicate = true> <Delay = 0.38>
ST_1 : Operation 13 [1/1] (0.00ns)   --->   "%br_ln0 = br void %for.inc"   --->   Operation 13 'br' 'br_ln0' <Predicate = true> <Delay = 0.00>
ST_1 : Operation 14 [1/1] (0.00ns)   --->   "%pair_1 = load i7 %pair" [source/swiftkv_attention.cpp:1818]   --->   Operation 14 'load' 'pair_1' <Predicate = true> <Delay = 0.00>
ST_1 : Operation 15 [1/1] (0.70ns)   --->   "%icmp_ln1818 = icmp_eq  i7 %pair_1, i7 64" [source/swiftkv_attention.cpp:1818]   --->   Operation 15 'icmp' 'icmp_ln1818' <Predicate = true> <Delay = 0.70> <CoreInst = "Cmp">   --->   Core 9 'Cmp' <Latency = 0> <II = 1> <Delay = 0.70> <FuncUnit> <Opcode : 'icmp'> <InPorts = 2> <OutPorts = 1>
ST_1 : Operation 16 [1/1] (0.70ns)   --->   "%add_ln1818 = add i7 %pair_1, i7 1" [source/swiftkv_attention.cpp:1818]   --->   Operation 16 'add' 'add_ln1818' <Predicate = true> <Delay = 0.70> <CoreInst = "Adder">   --->   Core 1 'Adder' <Latency = 0> <II = 1> <Delay = 0.70> <FuncUnit> <Opcode : 'add' 'sub'> <InPorts = 2> <OutPorts = 1>
ST_1 : Operation 17 [1/1] (0.00ns)   --->   "%br_ln1818 = br i1 %icmp_ln1818, void %for.inc.split, void %pe_head_loop.exitStub" [source/swiftkv_attention.cpp:1818]   --->   Operation 17 'br' 'br_ln1818' <Predicate = true> <Delay = 0.00>
ST_1 : Operation 18 [1/1] (0.38ns)   --->   "%store_ln1818 = store i7 %add_ln1818, i7 %pair" [source/swiftkv_attention.cpp:1818]   --->   Operation 18 'store' 'store_ln1818' <Predicate = (!icmp_ln1818)> <Delay = 0.38>
ST_1 : Operation 30 [1/1] (0.00ns)   --->   "%ret_ln0 = ret"   --->   Operation 30 'ret' 'ret_ln0' <Predicate = (icmp_ln1818)> <Delay = 0.00>

State 2 <SV = 1> <Delay = 1.91>
ST_2 : Operation 19 [1/1] (0.00ns)   --->   "%zext_ln1818 = zext i7 %pair_1" [source/swiftkv_attention.cpp:1818]   --->   Operation 19 'zext' 'zext_ln1818' <Predicate = true> <Delay = 0.00>
ST_2 : Operation 20 [1/1] (0.00ns)   --->   "%specpipeline_ln1819 = specpipeline void @_ssdm_op_SpecPipeline, i32 1, i32 0, i32 0, i32 0, void @empty_418" [source/swiftkv_attention.cpp:1819]   --->   Operation 20 'specpipeline' 'specpipeline_ln1819' <Predicate = true> <Delay = 0.00>
ST_2 : Operation 21 [1/1] (0.00ns)   --->   "%speclooptripcount_ln1818 = speclooptripcount void @_ssdm_op_SpecLoopTripCount, i64 64, i64 64, i64 64" [source/swiftkv_attention.cpp:1818]   --->   Operation 21 'speclooptripcount' 'speclooptripcount_ln1818' <Predicate = true> <Delay = 0.00>
ST_2 : Operation 22 [1/1] (0.00ns)   --->   "%specloopname_ln1818 = specloopname void @_ssdm_op_SpecLoopName, void @empty_478" [source/swiftkv_attention.cpp:1818]   --->   Operation 22 'specloopname' 'specloopname_ln1818' <Predicate = true> <Delay = 0.00>
ST_2 : Operation 23 [1/1] (1.21ns)   --->   "%cos_pe3_read = read i19 @_ssdm_op_Read.ap_fifo.volatile.i19P0A, i19 %cos_pe3" [source/swiftkv_attention.cpp:1820]   --->   Operation 23 'read' 'cos_pe3_read' <Predicate = true> <Delay = 1.21> <CoreInst = "FIFO_SRL">   --->   Core 81 'FIFO_SRL' <Latency = 0> <II = 1> <Delay = 1.46> <Storage> <Opcode : 'read' 'write' 'nbread' 'nbwrite'> <Ports = 0> <Width = 19> <Depth = 4> <FIFO>
ST_2 : Operation 24 [1/1] (0.00ns)   --->   "%local_cosine_addr = getelementptr i19 %local_cosine, i64 0, i64 %zext_ln1818" [source/swiftkv_attention.cpp:1820]   --->   Operation 24 'getelementptr' 'local_cosine_addr' <Predicate = true> <Delay = 0.00>
ST_2 : Operation 25 [1/1] (0.69ns)   --->   "%store_ln1820 = store i19 %cos_pe3_read, i6 %local_cosine_addr" [source/swiftkv_attention.cpp:1820]   --->   Operation 25 'store' 'store_ln1820' <Predicate = true> <Delay = 0.69> <CoreInst = "RAM_1P_LUTRAM">   --->   Core 89 'RAM_1P_LUTRAM' <Latency = 1> <II = 1> <Delay = 0.69> <Storage> <Opcode : 'load' 'store'> <Ports = 1> <Width = 19> <Depth = 64> <RAM>
ST_2 : Operation 26 [1/1] (1.21ns)   --->   "%sin_pe3_read = read i19 @_ssdm_op_Read.ap_fifo.volatile.i19P0A, i19 %sin_pe3" [source/swiftkv_attention.cpp:1821]   --->   Operation 26 'read' 'sin_pe3_read' <Predicate = true> <Delay = 1.21> <CoreInst = "FIFO_SRL">   --->   Core 81 'FIFO_SRL' <Latency = 0> <II = 1> <Delay = 1.46> <Storage> <Opcode : 'read' 'write' 'nbread' 'nbwrite'> <Ports = 0> <Width = 19> <Depth = 4> <FIFO>
ST_2 : Operation 27 [1/1] (0.00ns)   --->   "%local_sine_addr = getelementptr i19 %local_sine, i64 0, i64 %zext_ln1818" [source/swiftkv_attention.cpp:1821]   --->   Operation 27 'getelementptr' 'local_sine_addr' <Predicate = true> <Delay = 0.00>
ST_2 : Operation 28 [1/1] (0.69ns)   --->   "%store_ln1821 = store i19 %sin_pe3_read, i6 %local_sine_addr" [source/swiftkv_attention.cpp:1821]   --->   Operation 28 'store' 'store_ln1821' <Predicate = true> <Delay = 0.69> <CoreInst = "RAM_1P_LUTRAM">   --->   Core 89 'RAM_1P_LUTRAM' <Latency = 1> <II = 1> <Delay = 0.69> <Storage> <Opcode : 'load' 'store'> <Ports = 1> <Width = 19> <Depth = 64> <RAM>
ST_2 : Operation 29 [1/1] (0.00ns)   --->   "%br_ln1818 = br void %for.inc" [source/swiftkv_attention.cpp:1818]   --->   Operation 29 'br' 'br_ln1818' <Predicate = true> <Delay = 0.00>


============================================================
+ Verbose Summary: Timing violations
============================================================
Target clock period: 3.333ns, clock uncertainty: 0.900ns.

 <State 1>: 1.480ns
The critical path consists of the following:
	'store' operation 0 bit ('store_ln1818', source/swiftkv_attention.cpp:1818) of constant 0 on local variable 'pair', source/swiftkv_attention.cpp:1818 [12]  (0.387 ns)
	'load' operation 7 bit ('pair', source/swiftkv_attention.cpp:1818) on local variable 'pair', source/swiftkv_attention.cpp:1818 [15]  (0.000 ns)
	'add' operation 7 bit ('add_ln1818', source/swiftkv_attention.cpp:1818) [17]  (0.706 ns)
	'store' operation 0 bit ('store_ln1818', source/swiftkv_attention.cpp:1818) of variable 'add_ln1818', source/swiftkv_attention.cpp:1818 on local variable 'pair', source/swiftkv_attention.cpp:1818 [30]  (0.387 ns)

 <State 2>: 1.916ns
The critical path consists of the following:
	fifo read operation ('cos_pe3_read', source/swiftkv_attention.cpp:1820) on port 'cos_pe3' (source/swiftkv_attention.cpp:1820) [24]  (1.217 ns)
	'store' operation 0 bit ('store_ln1820', source/swiftkv_attention.cpp:1820) of variable 'cos_pe3_read', source/swiftkv_attention.cpp:1820 on array 'local_cosine' [26]  (0.699 ns)


============================================================
+ Verbose Summary: Binding
============================================================
N/A
* FSMD analyzer results:
  - Output states:
 - Input state : 
  - Chain level:
	State 1
	State 2


============================================================
+ Verbose Summary: Datapath Resource usage 
============================================================
N/A
