

================================================================
== Vitis HLS Report for 'swiftkv_broadcast_rope'
================================================================
* Date:           Tue Aug 11 09:18:03 2026

* Version:        2023.2 (Build 4023990 on Oct 11 2023)
* Project:        proj_int4_decoder_xo
* Solution:       solution1 (Vitis Kernel Flow Target)
* Product family: virtexuplus
* Target device:  xcu250-figd2104-2L-e


================================================================
== Performance Estimates
================================================================
+ Timing: 
    * Summary: 
    +--------+---------+----------+------------+
    |  Clock |  Target | Estimated| Uncertainty|
    +--------+---------+----------+------------+
    |ap_clk  |  3.33 ns|  2.413 ns|     0.90 ns|
    +--------+---------+----------+------------+

+ Latency: 
    * Summary: 
    +---------+---------+----------+----------+-----+-----+---------+
    |  Latency (cycles) |  Latency (absolute) |  Interval | Pipeline|
    |   min   |   max   |    min   |    max   | min | max |   Type  |
    +---------+---------+----------+----------+-----+-----+---------+
    |       66|       66|  0.220 us|  0.220 us|   66|   66|       no|
    +---------+---------+----------+----------+-----+-----+---------+

    + Detail: 
        * Instance: 
        N/A

        * Loop: 
        +----------------------------+---------+---------+----------+-----------+-----------+------+----------+
        |                            |  Latency (cycles) | Iteration|  Initiation Interval  | Trip |          |
        |          Loop Name         |   min   |   max   |  Latency |  achieved |   target  | Count| Pipelined|
        +----------------------------+---------+---------+----------+-----------+-----------+------+----------+
        |- rope_broadcast_pair_loop  |       64|       64|         2|          1|          1|    64|       yes|
        +----------------------------+---------+---------+----------+-----------+-----------+------+----------+



================================================================
== Utilization Estimates
================================================================
* Summary: 
+---------------------+---------+-------+---------+---------+------+
|         Name        | BRAM_18K|  DSP  |    FF   |   LUT   | URAM |
+---------------------+---------+-------+---------+---------+------+
|DSP                  |        -|      -|        -|        -|     -|
|Expression           |        -|      -|        0|       37|     -|
|FIFO                 |        -|      -|        -|        -|     -|
|Instance             |        -|      -|        -|        -|     -|
|Memory               |        -|      -|        -|        -|     -|
|Multiplexer          |        -|      -|        -|      108|     -|
|Register             |        -|      -|       10|        -|     -|
+---------------------+---------+-------+---------+---------+------+
|Total                |        0|      0|       10|      145|     0|
+---------------------+---------+-------+---------+---------+------+
|Available SLR        |     1344|   3072|   864000|   432000|   320|
+---------------------+---------+-------+---------+---------+------+
|Utilization SLR (%)  |        0|      0|       ~0|       ~0|     0|
+---------------------+---------+-------+---------+---------+------+
|Available            |     5376|  12288|  3456000|  1728000|  1280|
+---------------------+---------+-------+---------+---------+------+
|Utilization (%)      |        0|      0|       ~0|       ~0|     0|
+---------------------+---------+-------+---------+---------+------+

+ Detail: 
    * Instance: 
    N/A

    * DSP: 
    N/A

    * Memory: 
    N/A

    * FIFO: 
    N/A

    * Expression: 
    +----------------------------------+----------+----+---+----+------------+------------+
    |           Variable Name          | Operation| DSP| FF| LUT| Bitwidth P0| Bitwidth P1|
    +----------------------------------+----------+----+---+----+------------+------------+
    |add_ln1748_fu_172_p2              |         +|   0|  0|  14|           7|           1|
    |ap_condition_163                  |       and|   0|  0|   2|           1|           1|
    |icmp_ln1748_fu_166_p2             |      icmp|   0|  0|  15|           7|           8|
    |ap_block_pp0_stage0_01001         |        or|   0|  0|   2|           1|           1|
    |ap_block_state2_pp0_stage0_iter1  |        or|   0|  0|   2|           1|           1|
    |ap_enable_pp0                     |       xor|   0|  0|   2|           1|           2|
    +----------------------------------+----------+----+---+----+------------+------------+
    |Total                             |          |   0|  0|  37|          18|          14|
    +----------------------------------+----------+----+---+----+------------+------------+

    * Multiplexer: 
    +-------------------------+----+-----------+-----+-----------+
    |           Name          | LUT| Input Size| Bits| Total Bits|
    +-------------------------+----+-----------+-----+-----------+
    |ap_done_int              |   9|          2|    1|          2|
    |ap_enable_reg_pp0_iter1  |   9|          2|    1|          2|
    |ap_sig_allocacmp_pair_2  |   9|          2|    7|         14|
    |cos_pe0_blk_n            |   9|          2|    1|          2|
    |cos_pe1_blk_n            |   9|          2|    1|          2|
    |cos_pe2_blk_n            |   9|          2|    1|          2|
    |cos_pe3_blk_n            |   9|          2|    1|          2|
    |pair_fu_64               |   9|          2|    7|         14|
    |sin_pe0_blk_n            |   9|          2|    1|          2|
    |sin_pe1_blk_n            |   9|          2|    1|          2|
    |sin_pe2_blk_n            |   9|          2|    1|          2|
    |sin_pe3_blk_n            |   9|          2|    1|          2|
    +-------------------------+----+-----------+-----+-----------+
    |Total                    | 108|         24|   24|         48|
    +-------------------------+----+-----------+-----+-----------+

    * Register: 
    +-------------------------+---+----+-----+-----------+
    |           Name          | FF| LUT| Bits| Const Bits|
    +-------------------------+---+----+-----+-----------+
    |ap_CS_fsm                |  1|   0|    1|          0|
    |ap_done_reg              |  1|   0|    1|          0|
    |ap_enable_reg_pp0_iter1  |  1|   0|    1|          0|
    |pair_fu_64               |  7|   0|    7|          0|
    +-------------------------+---+----+-----+-----------+
    |Total                    | 10|   0|   10|          0|
    +-------------------------+---+----+-----+-----------+



================================================================
== Interface
================================================================
* Summary: 
+------------------------+-----+-----+------------+------------------------+--------------+
|        RTL Ports       | Dir | Bits|  Protocol  |      Source Object     |    C Type    |
+------------------------+-----+-----+------------+------------------------+--------------+
|ap_clk                  |   in|    1|  ap_ctrl_hs|  swiftkv_broadcast_rope|  return value|
|ap_rst                  |   in|    1|  ap_ctrl_hs|  swiftkv_broadcast_rope|  return value|
|ap_start                |   in|    1|  ap_ctrl_hs|  swiftkv_broadcast_rope|  return value|
|ap_done                 |  out|    1|  ap_ctrl_hs|  swiftkv_broadcast_rope|  return value|
|ap_continue             |   in|    1|  ap_ctrl_hs|  swiftkv_broadcast_rope|  return value|
|ap_idle                 |  out|    1|  ap_ctrl_hs|  swiftkv_broadcast_rope|  return value|
|ap_ready                |  out|    1|  ap_ctrl_hs|  swiftkv_broadcast_rope|  return value|
|cos_pe0_din             |  out|   19|     ap_fifo|                 cos_pe0|       pointer|
|cos_pe0_num_data_valid  |   in|    3|     ap_fifo|                 cos_pe0|       pointer|
|cos_pe0_fifo_cap        |   in|    3|     ap_fifo|                 cos_pe0|       pointer|
|cos_pe0_full_n          |   in|    1|     ap_fifo|                 cos_pe0|       pointer|
|cos_pe0_write           |  out|    1|     ap_fifo|                 cos_pe0|       pointer|
|cos_pe1_din             |  out|   19|     ap_fifo|                 cos_pe1|       pointer|
|cos_pe1_num_data_valid  |   in|    3|     ap_fifo|                 cos_pe1|       pointer|
|cos_pe1_fifo_cap        |   in|    3|     ap_fifo|                 cos_pe1|       pointer|
|cos_pe1_full_n          |   in|    1|     ap_fifo|                 cos_pe1|       pointer|
|cos_pe1_write           |  out|    1|     ap_fifo|                 cos_pe1|       pointer|
|cos_pe2_din             |  out|   19|     ap_fifo|                 cos_pe2|       pointer|
|cos_pe2_num_data_valid  |   in|    3|     ap_fifo|                 cos_pe2|       pointer|
|cos_pe2_fifo_cap        |   in|    3|     ap_fifo|                 cos_pe2|       pointer|
|cos_pe2_full_n          |   in|    1|     ap_fifo|                 cos_pe2|       pointer|
|cos_pe2_write           |  out|    1|     ap_fifo|                 cos_pe2|       pointer|
|cos_pe3_din             |  out|   19|     ap_fifo|                 cos_pe3|       pointer|
|cos_pe3_num_data_valid  |   in|    3|     ap_fifo|                 cos_pe3|       pointer|
|cos_pe3_fifo_cap        |   in|    3|     ap_fifo|                 cos_pe3|       pointer|
|cos_pe3_full_n          |   in|    1|     ap_fifo|                 cos_pe3|       pointer|
|cos_pe3_write           |  out|    1|     ap_fifo|                 cos_pe3|       pointer|
|sin_pe0_din             |  out|   19|     ap_fifo|                 sin_pe0|       pointer|
|sin_pe0_num_data_valid  |   in|    3|     ap_fifo|                 sin_pe0|       pointer|
|sin_pe0_fifo_cap        |   in|    3|     ap_fifo|                 sin_pe0|       pointer|
|sin_pe0_full_n          |   in|    1|     ap_fifo|                 sin_pe0|       pointer|
|sin_pe0_write           |  out|    1|     ap_fifo|                 sin_pe0|       pointer|
|sin_pe1_din             |  out|   19|     ap_fifo|                 sin_pe1|       pointer|
|sin_pe1_num_data_valid  |   in|    3|     ap_fifo|                 sin_pe1|       pointer|
|sin_pe1_fifo_cap        |   in|    3|     ap_fifo|                 sin_pe1|       pointer|
|sin_pe1_full_n          |   in|    1|     ap_fifo|                 sin_pe1|       pointer|
|sin_pe1_write           |  out|    1|     ap_fifo|                 sin_pe1|       pointer|
|sin_pe2_din             |  out|   19|     ap_fifo|                 sin_pe2|       pointer|
|sin_pe2_num_data_valid  |   in|    3|     ap_fifo|                 sin_pe2|       pointer|
|sin_pe2_fifo_cap        |   in|    3|     ap_fifo|                 sin_pe2|       pointer|
|sin_pe2_full_n          |   in|    1|     ap_fifo|                 sin_pe2|       pointer|
|sin_pe2_write           |  out|    1|     ap_fifo|                 sin_pe2|       pointer|
|sin_pe3_din             |  out|   19|     ap_fifo|                 sin_pe3|       pointer|
|sin_pe3_num_data_valid  |   in|    3|     ap_fifo|                 sin_pe3|       pointer|
|sin_pe3_fifo_cap        |   in|    3|     ap_fifo|                 sin_pe3|       pointer|
|sin_pe3_full_n          |   in|    1|     ap_fifo|                 sin_pe3|       pointer|
|sin_pe3_write           |  out|    1|     ap_fifo|                 sin_pe3|       pointer|
|current_cos_address0    |  out|    6|   ap_memory|             current_cos|         array|
|current_cos_ce0         |  out|    1|   ap_memory|             current_cos|         array|
|current_cos_q0          |   in|   19|   ap_memory|             current_cos|         array|
|current_sin_address0    |  out|    6|   ap_memory|             current_sin|         array|
|current_sin_ce0         |  out|    1|   ap_memory|             current_sin|         array|
|current_sin_q0          |   in|   19|   ap_memory|             current_sin|         array|
+------------------------+-----+-----+------------+------------------------+--------------+

============================================================
+ Verbose Summary: Synthesis Manager
============================================================
InlineROM: 1
ExposeGlobal: 0
============================================================
+ Verbose Summary: CDFG Model
============================================================
IsTopModel: 0
ResetActiveHigh: 1
IsCombinational: 2
IsDatapathOnly: 0
HasWiredReturn: 1
HasMFsm: 2
HasVarLatency: 1
IsPipeline: 0
IsRtlPipelined: 0
IsInstanceOverlapped: 0
IsDontTouch: 0
HasImplIP: 0
IsGatedGlobalClock: 0

+ Individual pipeline summary: 
  * Pipeline-0: initiation interval (II) = 1, depth = 2


============================================================
+ Verbose Summary: Schedule
============================================================
* Number of FSM states : 2
* Pipeline : 1
  Pipeline-0 : II = 1, D = 2, States = { 1 2 }
* Dataflow Pipeline: 0

* FSM state transitions: 
1 --> 2 
2 --> 

* FSM state operations: 

State 1 <SV = 0> <Delay = 1.58>
ST_1 : Operation 5 [1/1] (0.00ns)   --->   "%pair = alloca i32 1" [source/swiftkv_attention.cpp:1748]   --->   Operation 5 'alloca' 'pair' <Predicate = true> <Delay = 0.00>
ST_1 : Operation 6 [1/1] (0.00ns)   --->   "%specmemcore_ln0 = specmemcore void @_ssdm_op_SpecMemCore, i19 %sin_pe3, i64 666, i64 10, i64 18446744073709551615"   --->   Operation 6 'specmemcore' 'specmemcore_ln0' <Predicate = true> <Delay = 0.00>
ST_1 : Operation 7 [1/1] (0.00ns)   --->   "%specmemcore_ln0 = specmemcore void @_ssdm_op_SpecMemCore, i19 %sin_pe2, i64 666, i64 10, i64 18446744073709551615"   --->   Operation 7 'specmemcore' 'specmemcore_ln0' <Predicate = true> <Delay = 0.00>
ST_1 : Operation 8 [1/1] (0.00ns)   --->   "%specmemcore_ln0 = specmemcore void @_ssdm_op_SpecMemCore, i19 %sin_pe1, i64 666, i64 10, i64 18446744073709551615"   --->   Operation 8 'specmemcore' 'specmemcore_ln0' <Predicate = true> <Delay = 0.00>
ST_1 : Operation 9 [1/1] (0.00ns)   --->   "%specmemcore_ln0 = specmemcore void @_ssdm_op_SpecMemCore, i19 %sin_pe0, i64 666, i64 10, i64 18446744073709551615"   --->   Operation 9 'specmemcore' 'specmemcore_ln0' <Predicate = true> <Delay = 0.00>
ST_1 : Operation 10 [1/1] (0.00ns)   --->   "%specmemcore_ln0 = specmemcore void @_ssdm_op_SpecMemCore, i19 %cos_pe3, i64 666, i64 10, i64 18446744073709551615"   --->   Operation 10 'specmemcore' 'specmemcore_ln0' <Predicate = true> <Delay = 0.00>
ST_1 : Operation 11 [1/1] (0.00ns)   --->   "%specmemcore_ln0 = specmemcore void @_ssdm_op_SpecMemCore, i19 %cos_pe2, i64 666, i64 10, i64 18446744073709551615"   --->   Operation 11 'specmemcore' 'specmemcore_ln0' <Predicate = true> <Delay = 0.00>
ST_1 : Operation 12 [1/1] (0.00ns)   --->   "%specmemcore_ln0 = specmemcore void @_ssdm_op_SpecMemCore, i19 %cos_pe1, i64 666, i64 10, i64 18446744073709551615"   --->   Operation 12 'specmemcore' 'specmemcore_ln0' <Predicate = true> <Delay = 0.00>
ST_1 : Operation 13 [1/1] (0.00ns)   --->   "%specmemcore_ln0 = specmemcore void @_ssdm_op_SpecMemCore, i19 %cos_pe0, i64 666, i64 10, i64 18446744073709551615"   --->   Operation 13 'specmemcore' 'specmemcore_ln0' <Predicate = true> <Delay = 0.00>
ST_1 : Operation 14 [1/1] (0.00ns)   --->   "%specmemcore_ln0 = specmemcore void @_ssdm_op_SpecMemCore, i19 %current_cos, i64 666, i64 18, i64 1"   --->   Operation 14 'specmemcore' 'specmemcore_ln0' <Predicate = true> <Delay = 0.00>
ST_1 : Operation 15 [1/1] (0.00ns)   --->   "%specmemcore_ln0 = specmemcore void @_ssdm_op_SpecMemCore, i19 %current_sin, i64 666, i64 18, i64 1"   --->   Operation 15 'specmemcore' 'specmemcore_ln0' <Predicate = true> <Delay = 0.00>
ST_1 : Operation 16 [1/1] (0.00ns)   --->   "%specinterface_ln0 = specinterface void @_ssdm_op_SpecInterface, i19 %sin_pe3, void @empty_447, i32 0, i32 0, void @empty_418, i32 0, i32 0, void @empty_418, void @empty_418, void @empty_418, i32 0, i32 0, i32 0, i32 0, void @empty_418, void @empty_418, i32 4294967295, i32 0"   --->   Operation 16 'specinterface' 'specinterface_ln0' <Predicate = true> <Delay = 0.00>
ST_1 : Operation 17 [1/1] (0.00ns)   --->   "%specinterface_ln0 = specinterface void @_ssdm_op_SpecInterface, i19 %sin_pe2, void @empty_447, i32 0, i32 0, void @empty_418, i32 0, i32 0, void @empty_418, void @empty_418, void @empty_418, i32 0, i32 0, i32 0, i32 0, void @empty_418, void @empty_418, i32 4294967295, i32 0"   --->   Operation 17 'specinterface' 'specinterface_ln0' <Predicate = true> <Delay = 0.00>
ST_1 : Operation 18 [1/1] (0.00ns)   --->   "%specinterface_ln0 = specinterface void @_ssdm_op_SpecInterface, i19 %sin_pe1, void @empty_447, i32 0, i32 0, void @empty_418, i32 0, i32 0, void @empty_418, void @empty_418, void @empty_418, i32 0, i32 0, i32 0, i32 0, void @empty_418, void @empty_418, i32 4294967295, i32 0"   --->   Operation 18 'specinterface' 'specinterface_ln0' <Predicate = true> <Delay = 0.00>
ST_1 : Operation 19 [1/1] (0.00ns)   --->   "%specinterface_ln0 = specinterface void @_ssdm_op_SpecInterface, i19 %sin_pe0, void @empty_447, i32 0, i32 0, void @empty_418, i32 0, i32 0, void @empty_418, void @empty_418, void @empty_418, i32 0, i32 0, i32 0, i32 0, void @empty_418, void @empty_418, i32 4294967295, i32 0"   --->   Operation 19 'specinterface' 'specinterface_ln0' <Predicate = true> <Delay = 0.00>
ST_1 : Operation 20 [1/1] (0.00ns)   --->   "%specinterface_ln0 = specinterface void @_ssdm_op_SpecInterface, i19 %cos_pe3, void @empty_447, i32 0, i32 0, void @empty_418, i32 0, i32 0, void @empty_418, void @empty_418, void @empty_418, i32 0, i32 0, i32 0, i32 0, void @empty_418, void @empty_418, i32 4294967295, i32 0"   --->   Operation 20 'specinterface' 'specinterface_ln0' <Predicate = true> <Delay = 0.00>
ST_1 : Operation 21 [1/1] (0.00ns)   --->   "%specinterface_ln0 = specinterface void @_ssdm_op_SpecInterface, i19 %cos_pe2, void @empty_447, i32 0, i32 0, void @empty_418, i32 0, i32 0, void @empty_418, void @empty_418, void @empty_418, i32 0, i32 0, i32 0, i32 0, void @empty_418, void @empty_418, i32 4294967295, i32 0"   --->   Operation 21 'specinterface' 'specinterface_ln0' <Predicate = true> <Delay = 0.00>
ST_1 : Operation 22 [1/1] (0.00ns)   --->   "%specinterface_ln0 = specinterface void @_ssdm_op_SpecInterface, i19 %cos_pe1, void @empty_447, i32 0, i32 0, void @empty_418, i32 0, i32 0, void @empty_418, void @empty_418, void @empty_418, i32 0, i32 0, i32 0, i32 0, void @empty_418, void @empty_418, i32 4294967295, i32 0"   --->   Operation 22 'specinterface' 'specinterface_ln0' <Predicate = true> <Delay = 0.00>
ST_1 : Operation 23 [1/1] (0.00ns)   --->   "%specinterface_ln0 = specinterface void @_ssdm_op_SpecInterface, i19 %cos_pe0, void @empty_447, i32 0, i32 0, void @empty_418, i32 0, i32 0, void @empty_418, void @empty_418, void @empty_418, i32 0, i32 0, i32 0, i32 0, void @empty_418, void @empty_418, i32 4294967295, i32 0"   --->   Operation 23 'specinterface' 'specinterface_ln0' <Predicate = true> <Delay = 0.00>
ST_1 : Operation 24 [1/1] (0.38ns)   --->   "%store_ln1748 = store i7 0, i7 %pair" [source/swiftkv_attention.cpp:1748]   --->   Operation 24 'store' 'store_ln1748' <Predicate = true> <Delay = 0.38>
ST_1 : Operation 25 [1/1] (0.00ns)   --->   "%br_ln1748 = br void %for.inc" [source/swiftkv_attention.cpp:1748]   --->   Operation 25 'br' 'br_ln1748' <Predicate = true> <Delay = 0.00>
ST_1 : Operation 26 [1/1] (0.00ns)   --->   "%pair_2 = load i7 %pair" [source/swiftkv_attention.cpp:1748]   --->   Operation 26 'load' 'pair_2' <Predicate = true> <Delay = 0.00>
ST_1 : Operation 27 [1/1] (0.70ns)   --->   "%icmp_ln1748 = icmp_eq  i7 %pair_2, i7 64" [source/swiftkv_attention.cpp:1748]   --->   Operation 27 'icmp' 'icmp_ln1748' <Predicate = true> <Delay = 0.70> <CoreInst = "Cmp">   --->   Core 9 'Cmp' <Latency = 0> <II = 1> <Delay = 0.70> <FuncUnit> <Opcode : 'icmp'> <InPorts = 2> <OutPorts = 1>
ST_1 : Operation 28 [1/1] (0.70ns)   --->   "%add_ln1748 = add i7 %pair_2, i7 1" [source/swiftkv_attention.cpp:1748]   --->   Operation 28 'add' 'add_ln1748' <Predicate = true> <Delay = 0.70> <CoreInst = "Adder">   --->   Core 1 'Adder' <Latency = 0> <II = 1> <Delay = 0.70> <FuncUnit> <Opcode : 'add' 'sub'> <InPorts = 2> <OutPorts = 1>
ST_1 : Operation 29 [1/1] (0.00ns)   --->   "%br_ln1748 = br i1 %icmp_ln1748, void %for.inc.split, void %for.end" [source/swiftkv_attention.cpp:1748]   --->   Operation 29 'br' 'br_ln1748' <Predicate = true> <Delay = 0.00>
ST_1 : Operation 30 [1/1] (0.00ns)   --->   "%zext_ln1748 = zext i7 %pair_2" [source/swiftkv_attention.cpp:1748]   --->   Operation 30 'zext' 'zext_ln1748' <Predicate = (!icmp_ln1748)> <Delay = 0.00>
ST_1 : Operation 31 [1/1] (0.00ns)   --->   "%current_cos_addr = getelementptr i19 %current_cos, i64 0, i64 %zext_ln1748" [source/swiftkv_attention.cpp:1750]   --->   Operation 31 'getelementptr' 'current_cos_addr' <Predicate = (!icmp_ln1748)> <Delay = 0.00>
ST_1 : Operation 32 [2/2] (1.19ns)   --->   "%current_cos_load = load i6 %current_cos_addr" [source/swiftkv_attention.cpp:1750]   --->   Operation 32 'load' 'current_cos_load' <Predicate = (!icmp_ln1748)> <Delay = 1.19> <CoreInst = "RAM_1P_BRAM">   --->   Core 90 'RAM_1P_BRAM' <Latency = 1> <II = 1> <Delay = 1.19> <Storage> <Opcode : 'load' 'store'> <Ports = 1> <Width = 19> <Depth = 64> <RAM>
ST_1 : Operation 33 [1/1] (0.00ns)   --->   "%current_sin_addr = getelementptr i19 %current_sin, i64 0, i64 %zext_ln1748" [source/swiftkv_attention.cpp:1751]   --->   Operation 33 'getelementptr' 'current_sin_addr' <Predicate = (!icmp_ln1748)> <Delay = 0.00>
ST_1 : Operation 34 [2/2] (1.19ns)   --->   "%current_sin_load = load i6 %current_sin_addr" [source/swiftkv_attention.cpp:1751]   --->   Operation 34 'load' 'current_sin_load' <Predicate = (!icmp_ln1748)> <Delay = 1.19> <CoreInst = "RAM_1P_BRAM">   --->   Core 90 'RAM_1P_BRAM' <Latency = 1> <II = 1> <Delay = 1.19> <Storage> <Opcode : 'load' 'store'> <Ports = 1> <Width = 19> <Depth = 64> <RAM>
ST_1 : Operation 35 [1/1] (0.38ns)   --->   "%store_ln1748 = store i7 %add_ln1748, i7 %pair" [source/swiftkv_attention.cpp:1748]   --->   Operation 35 'store' 'store_ln1748' <Predicate = (!icmp_ln1748)> <Delay = 0.38>
ST_1 : Operation 50 [1/1] (0.00ns)   --->   "%ret_ln1761 = ret" [source/swiftkv_attention.cpp:1761]   --->   Operation 50 'ret' 'ret_ln1761' <Predicate = (icmp_ln1748)> <Delay = 0.00>

State 2 <SV = 1> <Delay = 2.41>
ST_2 : Operation 36 [1/1] (0.00ns)   --->   "%specpipeline_ln1749 = specpipeline void @_ssdm_op_SpecPipeline, i32 1, i32 0, i32 0, i32 0, void @empty_418" [source/swiftkv_attention.cpp:1749]   --->   Operation 36 'specpipeline' 'specpipeline_ln1749' <Predicate = true> <Delay = 0.00>
ST_2 : Operation 37 [1/1] (0.00ns)   --->   "%speclooptripcount_ln1748 = speclooptripcount void @_ssdm_op_SpecLoopTripCount, i64 64, i64 64, i64 64" [source/swiftkv_attention.cpp:1748]   --->   Operation 37 'speclooptripcount' 'speclooptripcount_ln1748' <Predicate = true> <Delay = 0.00>
ST_2 : Operation 38 [1/1] (0.00ns)   --->   "%specloopname_ln1748 = specloopname void @_ssdm_op_SpecLoopName, void @empty_455" [source/swiftkv_attention.cpp:1748]   --->   Operation 38 'specloopname' 'specloopname_ln1748' <Predicate = true> <Delay = 0.00>
ST_2 : Operation 39 [1/2] (1.19ns)   --->   "%current_cos_load = load i6 %current_cos_addr" [source/swiftkv_attention.cpp:1750]   --->   Operation 39 'load' 'current_cos_load' <Predicate = true> <Delay = 1.19> <CoreInst = "RAM_1P_BRAM">   --->   Core 90 'RAM_1P_BRAM' <Latency = 1> <II = 1> <Delay = 1.19> <Storage> <Opcode : 'load' 'store'> <Ports = 1> <Width = 19> <Depth = 64> <RAM>
ST_2 : Operation 40 [1/2] (1.19ns)   --->   "%current_sin_load = load i6 %current_sin_addr" [source/swiftkv_attention.cpp:1751]   --->   Operation 40 'load' 'current_sin_load' <Predicate = true> <Delay = 1.19> <CoreInst = "RAM_1P_BRAM">   --->   Core 90 'RAM_1P_BRAM' <Latency = 1> <II = 1> <Delay = 1.19> <Storage> <Opcode : 'load' 'store'> <Ports = 1> <Width = 19> <Depth = 64> <RAM>
ST_2 : Operation 41 [1/1] (1.21ns)   --->   "%write_ln1752 = write void @_ssdm_op_Write.ap_fifo.volatile.i19P0A, i19 %cos_pe0, i19 %current_cos_load" [source/swiftkv_attention.cpp:1752]   --->   Operation 41 'write' 'write_ln1752' <Predicate = true> <Delay = 1.21> <CoreInst = "FIFO_SRL">   --->   Core 81 'FIFO_SRL' <Latency = 0> <II = 1> <Delay = 1.46> <Storage> <Opcode : 'read' 'write' 'nbread' 'nbwrite'> <Ports = 0> <Width = 19> <Depth = 4> <FIFO>
ST_2 : Operation 42 [1/1] (1.21ns)   --->   "%write_ln1753 = write void @_ssdm_op_Write.ap_fifo.volatile.i19P0A, i19 %cos_pe1, i19 %current_cos_load" [source/swiftkv_attention.cpp:1753]   --->   Operation 42 'write' 'write_ln1753' <Predicate = true> <Delay = 1.21> <CoreInst = "FIFO_SRL">   --->   Core 81 'FIFO_SRL' <Latency = 0> <II = 1> <Delay = 1.46> <Storage> <Opcode : 'read' 'write' 'nbread' 'nbwrite'> <Ports = 0> <Width = 19> <Depth = 4> <FIFO>
ST_2 : Operation 43 [1/1] (1.21ns)   --->   "%write_ln1754 = write void @_ssdm_op_Write.ap_fifo.volatile.i19P0A, i19 %cos_pe2, i19 %current_cos_load" [source/swiftkv_attention.cpp:1754]   --->   Operation 43 'write' 'write_ln1754' <Predicate = true> <Delay = 1.21> <CoreInst = "FIFO_SRL">   --->   Core 81 'FIFO_SRL' <Latency = 0> <II = 1> <Delay = 1.46> <Storage> <Opcode : 'read' 'write' 'nbread' 'nbwrite'> <Ports = 0> <Width = 19> <Depth = 4> <FIFO>
ST_2 : Operation 44 [1/1] (1.21ns)   --->   "%write_ln1755 = write void @_ssdm_op_Write.ap_fifo.volatile.i19P0A, i19 %cos_pe3, i19 %current_cos_load" [source/swiftkv_attention.cpp:1755]   --->   Operation 44 'write' 'write_ln1755' <Predicate = true> <Delay = 1.21> <CoreInst = "FIFO_SRL">   --->   Core 81 'FIFO_SRL' <Latency = 0> <II = 1> <Delay = 1.46> <Storage> <Opcode : 'read' 'write' 'nbread' 'nbwrite'> <Ports = 0> <Width = 19> <Depth = 4> <FIFO>
ST_2 : Operation 45 [1/1] (1.21ns)   --->   "%write_ln1756 = write void @_ssdm_op_Write.ap_fifo.volatile.i19P0A, i19 %sin_pe0, i19 %current_sin_load" [source/swiftkv_attention.cpp:1756]   --->   Operation 45 'write' 'write_ln1756' <Predicate = true> <Delay = 1.21> <CoreInst = "FIFO_SRL">   --->   Core 81 'FIFO_SRL' <Latency = 0> <II = 1> <Delay = 1.46> <Storage> <Opcode : 'read' 'write' 'nbread' 'nbwrite'> <Ports = 0> <Width = 19> <Depth = 4> <FIFO>
ST_2 : Operation 46 [1/1] (1.21ns)   --->   "%write_ln1757 = write void @_ssdm_op_Write.ap_fifo.volatile.i19P0A, i19 %sin_pe1, i19 %current_sin_load" [source/swiftkv_attention.cpp:1757]   --->   Operation 46 'write' 'write_ln1757' <Predicate = true> <Delay = 1.21> <CoreInst = "FIFO_SRL">   --->   Core 81 'FIFO_SRL' <Latency = 0> <II = 1> <Delay = 1.46> <Storage> <Opcode : 'read' 'write' 'nbread' 'nbwrite'> <Ports = 0> <Width = 19> <Depth = 4> <FIFO>
ST_2 : Operation 47 [1/1] (1.21ns)   --->   "%write_ln1758 = write void @_ssdm_op_Write.ap_fifo.volatile.i19P0A, i19 %sin_pe2, i19 %current_sin_load" [source/swiftkv_attention.cpp:1758]   --->   Operation 47 'write' 'write_ln1758' <Predicate = true> <Delay = 1.21> <CoreInst = "FIFO_SRL">   --->   Core 81 'FIFO_SRL' <Latency = 0> <II = 1> <Delay = 1.46> <Storage> <Opcode : 'read' 'write' 'nbread' 'nbwrite'> <Ports = 0> <Width = 19> <Depth = 4> <FIFO>
ST_2 : Operation 48 [1/1] (1.21ns)   --->   "%write_ln1759 = write void @_ssdm_op_Write.ap_fifo.volatile.i19P0A, i19 %sin_pe3, i19 %current_sin_load" [source/swiftkv_attention.cpp:1759]   --->   Operation 48 'write' 'write_ln1759' <Predicate = true> <Delay = 1.21> <CoreInst = "FIFO_SRL">   --->   Core 81 'FIFO_SRL' <Latency = 0> <II = 1> <Delay = 1.46> <Storage> <Opcode : 'read' 'write' 'nbread' 'nbwrite'> <Ports = 0> <Width = 19> <Depth = 4> <FIFO>
ST_2 : Operation 49 [1/1] (0.00ns)   --->   "%br_ln1748 = br void %for.inc" [source/swiftkv_attention.cpp:1748]   --->   Operation 49 'br' 'br_ln1748' <Predicate = true> <Delay = 0.00>


============================================================
+ Verbose Summary: Binding
============================================================
STG Binding: 
---------------- STG Properties BEGIN ----------------
- Is combinational: 0
- Is one-state seq: 0
- Is datapath-only: 0
- Is pipelined: 0
- Is top level: 0
Port [ Return ] is wired: 1; IO mode=ap_ctrl_hs:ce=0
Port [ current_cos]:  wired=1; compound=1; hidden=0; nouse=0; global=0; static=0; extern=0; dir=0; type=1; pingpong=0; private_global=0; MemPort=[1]; IO mode=ap_memory:ce=0
Port [ current_sin]:  wired=1; compound=1; hidden=0; nouse=0; global=0; static=0; extern=0; dir=0; type=1; pingpong=0; private_global=0; MemPort=[1]; IO mode=ap_memory:ce=0
Port [ cos_pe0]:  wired=1; compound=1; hidden=0; nouse=0; global=0; static=0; extern=0; dir=1; type=3; pingpong=0; private_global=0; IO mode=ap_fifo:ce=0
Port [ cos_pe1]:  wired=1; compound=1; hidden=0; nouse=0; global=0; static=0; extern=0; dir=1; type=3; pingpong=0; private_global=0; IO mode=ap_fifo:ce=0
Port [ cos_pe2]:  wired=1; compound=1; hidden=0; nouse=0; global=0; static=0; extern=0; dir=1; type=3; pingpong=0; private_global=0; IO mode=ap_fifo:ce=0
Port [ cos_pe3]:  wired=1; compound=1; hidden=0; nouse=0; global=0; static=0; extern=0; dir=1; type=3; pingpong=0; private_global=0; IO mode=ap_fifo:ce=0
Port [ sin_pe0]:  wired=1; compound=1; hidden=0; nouse=0; global=0; static=0; extern=0; dir=1; type=3; pingpong=0; private_global=0; IO mode=ap_fifo:ce=0
Port [ sin_pe1]:  wired=1; compound=1; hidden=0; nouse=0; global=0; static=0; extern=0; dir=1; type=3; pingpong=0; private_global=0; IO mode=ap_fifo:ce=0
Port [ sin_pe2]:  wired=1; compound=1; hidden=0; nouse=0; global=0; static=0; extern=0; dir=1; type=3; pingpong=0; private_global=0; IO mode=ap_fifo:ce=0
Port [ sin_pe3]:  wired=1; compound=1; hidden=0; nouse=0; global=0; static=0; extern=0; dir=1; type=3; pingpong=0; private_global=0; IO mode=ap_fifo:ce=0
---------------- STG Properties END ------------------

---------------- Datapath Model BEGIN ----------------

<LifeTime>
<method=bitvector/>
pair                     (alloca           ) [ 010]
specmemcore_ln0          (specmemcore      ) [ 000]
specmemcore_ln0          (specmemcore      ) [ 000]
specmemcore_ln0          (specmemcore      ) [ 000]
specmemcore_ln0          (specmemcore      ) [ 000]
specmemcore_ln0          (specmemcore      ) [ 000]
specmemcore_ln0          (specmemcore      ) [ 000]
specmemcore_ln0          (specmemcore      ) [ 000]
specmemcore_ln0          (specmemcore      ) [ 000]
specmemcore_ln0          (specmemcore      ) [ 000]
specmemcore_ln0          (specmemcore      ) [ 000]
specinterface_ln0        (specinterface    ) [ 000]
specinterface_ln0        (specinterface    ) [ 000]
specinterface_ln0        (specinterface    ) [ 000]
specinterface_ln0        (specinterface    ) [ 000]
specinterface_ln0        (specinterface    ) [ 000]
specinterface_ln0        (specinterface    ) [ 000]
specinterface_ln0        (specinterface    ) [ 000]
specinterface_ln0        (specinterface    ) [ 000]
store_ln1748             (store            ) [ 000]
br_ln1748                (br               ) [ 000]
pair_2                   (load             ) [ 000]
icmp_ln1748              (icmp             ) [ 010]
add_ln1748               (add              ) [ 000]
br_ln1748                (br               ) [ 000]
zext_ln1748              (zext             ) [ 000]
current_cos_addr         (getelementptr    ) [ 011]
current_sin_addr         (getelementptr    ) [ 011]
store_ln1748             (store            ) [ 000]
specpipeline_ln1749      (specpipeline     ) [ 000]
speclooptripcount_ln1748 (speclooptripcount) [ 000]
specloopname_ln1748      (specloopname     ) [ 000]
current_cos_load         (load             ) [ 000]
current_sin_load         (load             ) [ 000]
write_ln1752             (write            ) [ 000]
write_ln1753             (write            ) [ 000]
write_ln1754             (write            ) [ 000]
write_ln1755             (write            ) [ 000]
write_ln1756             (write            ) [ 000]
write_ln1757             (write            ) [ 000]
write_ln1758             (write            ) [ 000]
write_ln1759             (write            ) [ 000]
br_ln1748                (br               ) [ 000]
ret_ln1761               (ret              ) [ 000]
</LifeTime>

<model>

<comp_list>
<comp id="0" class="1000" name="current_cos">
<pin_list>
<pin id="1" dir="1" index="0" bw="1" slack="0"/>
</pin_list>
<bind>
<StgValue><ssdm name="current_cos"/><MemPortTyVec>1 </MemPortTyVec>
</StgValue>
</bind>
</comp>

<comp id="2" class="1000" name="current_sin">
<pin_list>
<pin id="3" dir="1" index="0" bw="1" slack="0"/>
</pin_list>
<bind>
<StgValue><ssdm name="current_sin"/><MemPortTyVec>1 </MemPortTyVec>
</StgValue>
</bind>
</comp>

<comp id="4" class="1000" name="cos_pe0">
<pin_list>
<pin id="5" dir="1" index="0" bw="1" slack="0"/>
</pin_list>
<bind>
<StgValue><ssdm name="cos_pe0"/></StgValue>
</bind>
</comp>

<comp id="6" class="1000" name="cos_pe1">
<pin_list>
<pin id="7" dir="1" index="0" bw="1" slack="0"/>
</pin_list>
<bind>
<StgValue><ssdm name="cos_pe1"/></StgValue>
</bind>
</comp>

<comp id="8" class="1000" name="cos_pe2">
<pin_list>
<pin id="9" dir="1" index="0" bw="1" slack="0"/>
</pin_list>
<bind>
<StgValue><ssdm name="cos_pe2"/></StgValue>
</bind>
</comp>

<comp id="10" class="1000" name="cos_pe3">
<pin_list>
<pin id="11" dir="1" index="0" bw="1" slack="0"/>
</pin_list>
<bind>
<StgValue><ssdm name="cos_pe3"/></StgValue>
</bind>
</comp>

<comp id="12" class="1000" name="sin_pe0">
<pin_list>
<pin id="13" dir="1" index="0" bw="1" slack="0"/>
</pin_list>
<bind>
<StgValue><ssdm name="sin_pe0"/></StgValue>
</bind>
</comp>

<comp id="14" class="1000" name="sin_pe1">
<pin_list>
<pin id="15" dir="1" index="0" bw="1" slack="0"/>
</pin_list>
<bind>
<StgValue><ssdm name="sin_pe1"/></StgValue>
</bind>
</comp>

<comp id="16" class="1000" name="sin_pe2">
<pin_list>
<pin id="17" dir="1" index="0" bw="1" slack="0"/>
</pin_list>
<bind>
<StgValue><ssdm name="sin_pe2"/></StgValue>
</bind>
</comp>

<comp id="18" class="1000" name="sin_pe3">
<pin_list>
<pin id="19" dir="1" index="0" bw="1" slack="0"/>
</pin_list>
<bind>
<StgValue><ssdm name="sin_pe3"/></StgValue>
</bind>
</comp>

<comp id="20" class="1001" name="const_20">
<pin_list>
<pin id="21" dir="1" index="0" bw="1" slack="0"/>
</pin_list>
<bind>
<StgValue><ssdm name=""/></StgValue>
</bind>
</comp>

<comp id="22" class="1001" name="const_22">
<pin_list>
<pin id="23" dir="1" index="0" bw="1" slack="2147483647"/>
</pin_list>
<bind>
<StgValue><ssdm name="_ssdm_op_SpecMemCore"/></StgValue>
</bind>
</comp>

<comp id="24" class="1001" name="const_24">
<pin_list>
<pin id="25" dir="1" index="0" bw="1" slack="2147483647"/>
</pin_list>
<bind>
<StgValue><ssdm name=""/></StgValue>
</bind>
</comp>

<comp id="26" class="1001" name="const_26">
<pin_list>
<pin id="27" dir="1" index="0" bw="1" slack="2147483647"/>
</pin_list>
<bind>
<StgValue><ssdm name=""/></StgValue>
</bind>
</comp>

<comp id="28" class="1001" name="const_28">
<pin_list>
<pin id="29" dir="1" index="0" bw="1" slack="2147483647"/>
</pin_list>
<bind>
<StgValue><ssdm name=""/></StgValue>
</bind>
</comp>

<comp id="30" class="1001" name="const_30">
<pin_list>
<pin id="31" dir="1" index="0" bw="1" slack="2147483647"/>
</pin_list>
<bind>
<StgValue><ssdm name=""/></StgValue>
</bind>
</comp>

<comp id="32" class="1001" name="const_32">
<pin_list>
<pin id="33" dir="1" index="0" bw="1" slack="2147483647"/>
</pin_list>
<bind>
<StgValue><ssdm name=""/></StgValue>
</bind>
</comp>

<comp id="34" class="1001" name="const_34">
<pin_list>
<pin id="35" dir="1" index="0" bw="1" slack="2147483647"/>
</pin_list>
<bind>
<StgValue><ssdm name="_ssdm_op_SpecInterface"/></StgValue>
</bind>
</comp>

<comp id="36" class="1001" name="const_36">
<pin_list>
<pin id="37" dir="1" index="0" bw="1" slack="2147483647"/>
</pin_list>
<bind>
<StgValue><ssdm name="empty_447"/></StgValue>
</bind>
</comp>

<comp id="38" class="1001" name="const_38">
<pin_list>
<pin id="39" dir="1" index="0" bw="1" slack="2147483647"/>
</pin_list>
<bind>
<StgValue><ssdm name=""/></StgValue>
</bind>
</comp>

<comp id="40" class="1001" name="const_40">
<pin_list>
<pin id="41" dir="1" index="0" bw="1" slack="2147483647"/>
</pin_list>
<bind>
<StgValue><ssdm name="empty_418"/></StgValue>
</bind>
</comp>

<comp id="42" class="1001" name="const_42">
<pin_list>
<pin id="43" dir="1" index="0" bw="1" slack="2147483647"/>
</pin_list>
<bind>
<StgValue><ssdm name=""/></StgValue>
</bind>
</comp>

<comp id="44" class="1001" name="const_44">
<pin_list>
<pin id="45" dir="1" index="0" bw="1" slack="0"/>
</pin_list>
<bind>
<StgValue><ssdm name=""/></StgValue>
</bind>
</comp>

<comp id="46" class="1001" name="const_46">
<pin_list>
<pin id="47" dir="1" index="0" bw="1" slack="0"/>
</pin_list>
<bind>
<StgValue><ssdm name=""/></StgValue>
</bind>
</comp>

<comp id="48" class="1001" name="const_48">
<pin_list>
<pin id="49" dir="1" index="0" bw="1" slack="0"/>
</pin_list>
<bind>
<StgValue><ssdm name=""/></StgValue>
</bind>
</comp>

<comp id="50" class="1001" name="const_50">
<pin_list>
<pin id="51" dir="1" index="0" bw="1" slack="0"/>
</pin_list>
<bind>
<StgValue><ssdm name=""/></StgValue>
</bind>
</comp>

<comp id="52" class="1001" name="const_52">
<pin_list>
<pin id="53" dir="1" index="0" bw="1" slack="2147483647"/>
</pin_list>
<bind>
<StgValue><ssdm name="_ssdm_op_SpecPipeline"/></StgValue>
</bind>
</comp>

<comp id="54" class="1001" name="const_54">
<pin_list>
<pin id="55" dir="1" index="0" bw="1" slack="2147483647"/>
</pin_list>
<bind>
<StgValue><ssdm name="_ssdm_op_SpecLoopTripCount"/></StgValue>
</bind>
</comp>

<comp id="56" class="1001" name="const_56">
<pin_list>
<pin id="57" dir="1" index="0" bw="1" slack="2147483647"/>
</pin_list>
<bind>
<StgValue><ssdm name=""/></StgValue>
</bind>
</comp>

<comp id="58" class="1001" name="const_58">
<pin_list>
<pin id="59" dir="1" index="0" bw="1" slack="2147483647"/>
</pin_list>
<bind>
<StgValue><ssdm name="_ssdm_op_SpecLoopName"/></StgValue>
</bind>
</comp>

<comp id="60" class="1001" name="const_60">
<pin_list>
<pin id="61" dir="1" index="0" bw="1" slack="2147483647"/>
</pin_list>
<bind>
<StgValue><ssdm name="empty_455"/></StgValue>
</bind>
</comp>

<comp id="62" class="1001" name="const_62">
<pin_list>
<pin id="63" dir="1" index="0" bw="1" slack="0"/>
</pin_list>
<bind>
<StgValue><ssdm name="_ssdm_op_Write.ap_fifo.volatile.i19P0A"/></StgValue>
</bind>
</comp>

<comp id="64" class="1004" name="pair_fu_64">
<pin_list>
<pin id="65" dir="0" index="0" bw="1" slack="0"/>
<pin id="66" dir="1" index="1" bw="7" slack="0"/>
</pin_list>
<bind>
<opcode="alloca(26) " fcode="alloca"/>
<opset="pair/1 "/>
</bind>
</comp>

<comp id="68" class="1004" name="write_ln1752_write_fu_68">
<pin_list>
<pin id="69" dir="0" index="0" bw="0" slack="0"/>
<pin id="70" dir="0" index="1" bw="19" slack="0"/>
<pin id="71" dir="0" index="2" bw="19" slack="0"/>
<pin id="72" dir="1" index="3" bw="0" slack="2147483647"/>
</pin_list>
<bind>
<opcode="write(1151) " fcode="write"/>
<opset="write_ln1752/2 "/>
</bind>
</comp>

<comp id="75" class="1004" name="write_ln1753_write_fu_75">
<pin_list>
<pin id="76" dir="0" index="0" bw="0" slack="0"/>
<pin id="77" dir="0" index="1" bw="19" slack="0"/>
<pin id="78" dir="0" index="2" bw="19" slack="0"/>
<pin id="79" dir="1" index="3" bw="0" slack="2147483647"/>
</pin_list>
<bind>
<opcode="write(1151) " fcode="write"/>
<opset="write_ln1753/2 "/>
</bind>
</comp>

<comp id="82" class="1004" name="write_ln1754_write_fu_82">
<pin_list>
<pin id="83" dir="0" index="0" bw="0" slack="0"/>
<pin id="84" dir="0" index="1" bw="19" slack="0"/>
<pin id="85" dir="0" index="2" bw="19" slack="0"/>
<pin id="86" dir="1" index="3" bw="0" slack="2147483647"/>
</pin_list>
<bind>
<opcode="write(1151) " fcode="write"/>
<opset="write_ln1754/2 "/>
</bind>
</comp>

<comp id="89" class="1004" name="write_ln1755_write_fu_89">
<pin_list>
<pin id="90" dir="0" index="0" bw="0" slack="0"/>
<pin id="91" dir="0" index="1" bw="19" slack="0"/>
<pin id="92" dir="0" index="2" bw="19" slack="0"/>
<pin id="93" dir="1" index="3" bw="0" slack="2147483647"/>
</pin_list>
<bind>
<opcode="write(1151) " fcode="write"/>
<opset="write_ln1755/2 "/>
</bind>
</comp>

<comp id="96" class="1004" name="write_ln1756_write_fu_96">
<pin_list>
<pin id="97" dir="0" index="0" bw="0" slack="0"/>
<pin id="98" dir="0" index="1" bw="19" slack="0"/>
<pin id="99" dir="0" index="2" bw="19" slack="0"/>
<pin id="100" dir="1" index="3" bw="0" slack="2147483647"/>
</pin_list>
<bind>
<opcode="write(1151) " fcode="write"/>
<opset="write_ln1756/2 "/>
</bind>
</comp>

<comp id="103" class="1004" name="write_ln1757_write_fu_103">
<pin_list>
<pin id="104" dir="0" index="0" bw="0" slack="0"/>
<pin id="105" dir="0" index="1" bw="19" slack="0"/>
<pin id="106" dir="0" index="2" bw="19" slack="0"/>
<pin id="107" dir="1" index="3" bw="0" slack="2147483647"/>
</pin_list>
<bind>
<opcode="write(1151) " fcode="write"/>
<opset="write_ln1757/2 "/>
</bind>
</comp>

<comp id="110" class="1004" name="write_ln1758_write_fu_110">
<pin_list>
<pin id="111" dir="0" index="0" bw="0" slack="0"/>
<pin id="112" dir="0" index="1" bw="19" slack="0"/>
<pin id="113" dir="0" index="2" bw="19" slack="0"/>
<pin id="114" dir="1" index="3" bw="0" slack="2147483647"/>
</pin_list>
<bind>
<opcode="write(1151) " fcode="write"/>
<opset="write_ln1758/2 "/>
</bind>
</comp>

<comp id="117" class="1004" name="write_ln1759_write_fu_117">
<pin_list>
<pin id="118" dir="0" index="0" bw="0" slack="0"/>
<pin id="119" dir="0" index="1" bw="19" slack="0"/>
<pin id="120" dir="0" index="2" bw="19" slack="0"/>
<pin id="121" dir="1" index="3" bw="0" slack="2147483647"/>
</pin_list>
<bind>
<opcode="write(1151) " fcode="write"/>
<opset="write_ln1759/2 "/>
</bind>
</comp>

<comp id="124" class="1004" name="current_cos_addr_gep_fu_124">
<pin_list>
<pin id="125" dir="0" index="0" bw="19" slack="0"/>
<pin id="126" dir="0" index="1" bw="1" slack="0"/>
<pin id="127" dir="0" index="2" bw="7" slack="0"/>
<pin id="128" dir="1" index="3" bw="6" slack="0"/>
</pin_list>
<bind>
<opcode="getelementptr(29) " fcode="getelementptr"/>
<opset="current_cos_addr/1 "/>
</bind>
</comp>

<comp id="131" class="1004" name="grp_access_fu_131">
<pin_list>
<pin id="132" dir="0" index="0" bw="6" slack="0"/>
<pin id="133" dir="0" index="1" bw="19" slack="2147483647"/>
<pin id="134" dir="0" index="2" bw="0" slack="2147483647"/>
<pin id="135" dir="1" index="3" bw="19" slack="0"/>
</pin_list>
<bind>
<opcode="load(27) " fcode="load"/>
<opset="current_cos_load/1 "/>
</bind>
</comp>

<comp id="141" class="1004" name="current_sin_addr_gep_fu_141">
<pin_list>
<pin id="142" dir="0" index="0" bw="19" slack="0"/>
<pin id="143" dir="0" index="1" bw="1" slack="0"/>
<pin id="144" dir="0" index="2" bw="7" slack="0"/>
<pin id="145" dir="1" index="3" bw="6" slack="0"/>
</pin_list>
<bind>
<opcode="getelementptr(29) " fcode="getelementptr"/>
<opset="current_sin_addr/1 "/>
</bind>
</comp>

<comp id="148" class="1004" name="grp_access_fu_148">
<pin_list>
<pin id="149" dir="0" index="0" bw="6" slack="0"/>
<pin id="150" dir="0" index="1" bw="19" slack="2147483647"/>
<pin id="151" dir="0" index="2" bw="0" slack="2147483647"/>
<pin id="152" dir="1" index="3" bw="19" slack="0"/>
</pin_list>
<bind>
<opcode="load(27) " fcode="load"/>
<opset="current_sin_load/1 "/>
</bind>
</comp>

<comp id="158" class="1004" name="store_ln1748_store_fu_158">
<pin_list>
<pin id="159" dir="0" index="0" bw="1" slack="0"/>
<pin id="160" dir="0" index="1" bw="7" slack="0"/>
<pin id="161" dir="1" index="2" bw="0" slack="2147483647"/>
</pin_list>
<bind>
<opcode="store(28) " fcode="store"/>
<opset="store_ln1748/1 "/>
</bind>
</comp>

<comp id="163" class="1004" name="pair_2_load_fu_163">
<pin_list>
<pin id="164" dir="0" index="0" bw="7" slack="0"/>
<pin id="165" dir="1" index="1" bw="7" slack="0"/>
</pin_list>
<bind>
<opcode="load(27) " fcode="load"/>
<opset="pair_2/1 "/>
</bind>
</comp>

<comp id="166" class="1004" name="icmp_ln1748_fu_166">
<pin_list>
<pin id="167" dir="0" index="0" bw="7" slack="0"/>
<pin id="168" dir="0" index="1" bw="7" slack="0"/>
<pin id="169" dir="1" index="2" bw="1" slack="2147483647"/>
</pin_list>
<bind>
<opcode="icmp(45) " fcode="icmp"/>
<opset="icmp_ln1748/1 "/>
</bind>
</comp>

<comp id="172" class="1004" name="add_ln1748_fu_172">
<pin_list>
<pin id="173" dir="0" index="0" bw="7" slack="0"/>
<pin id="174" dir="0" index="1" bw="1" slack="0"/>
<pin id="175" dir="1" index="2" bw="7" slack="0"/>
</pin_list>
<bind>
<opcode="add(8) " fcode="add"/>
<opset="add_ln1748/1 "/>
</bind>
</comp>

<comp id="178" class="1004" name="zext_ln1748_fu_178">
<pin_list>
<pin id="179" dir="0" index="0" bw="7" slack="0"/>
<pin id="180" dir="1" index="1" bw="64" slack="0"/>
</pin_list>
<bind>
<opcode="zext(34) " fcode="zext"/>
<opset="zext_ln1748/1 "/>
</bind>
</comp>

<comp id="184" class="1004" name="store_ln1748_store_fu_184">
<pin_list>
<pin id="185" dir="0" index="0" bw="7" slack="0"/>
<pin id="186" dir="0" index="1" bw="7" slack="0"/>
<pin id="187" dir="1" index="2" bw="0" slack="2147483647"/>
</pin_list>
<bind>
<opcode="store(28) " fcode="store"/>
<opset="store_ln1748/1 "/>
</bind>
</comp>

<comp id="189" class="1005" name="pair_reg_189">
<pin_list>
<pin id="190" dir="0" index="0" bw="7" slack="0"/>
<pin id="191" dir="1" index="1" bw="7" slack="0"/>
</pin_list>
<bind>
<opset="pair "/>
</bind>
</comp>

<comp id="199" class="1005" name="current_cos_addr_reg_199">
<pin_list>
<pin id="200" dir="0" index="0" bw="6" slack="1"/>
<pin id="201" dir="1" index="1" bw="6" slack="1"/>
</pin_list>
<bind>
<opset="current_cos_addr "/>
</bind>
</comp>

<comp id="204" class="1005" name="current_sin_addr_reg_204">
<pin_list>
<pin id="205" dir="0" index="0" bw="6" slack="1"/>
<pin id="206" dir="1" index="1" bw="6" slack="1"/>
</pin_list>
<bind>
<opset="current_sin_addr "/>
</bind>
</comp>

</comp_list>

<net_list>
<net id="67"><net_src comp="20" pin="0"/><net_sink comp="64" pin=0"/></net>

<net id="73"><net_src comp="62" pin="0"/><net_sink comp="68" pin=0"/></net>

<net id="74"><net_src comp="4" pin="0"/><net_sink comp="68" pin=1"/></net>

<net id="80"><net_src comp="62" pin="0"/><net_sink comp="75" pin=0"/></net>

<net id="81"><net_src comp="6" pin="0"/><net_sink comp="75" pin=1"/></net>

<net id="87"><net_src comp="62" pin="0"/><net_sink comp="82" pin=0"/></net>

<net id="88"><net_src comp="8" pin="0"/><net_sink comp="82" pin=1"/></net>

<net id="94"><net_src comp="62" pin="0"/><net_sink comp="89" pin=0"/></net>

<net id="95"><net_src comp="10" pin="0"/><net_sink comp="89" pin=1"/></net>

<net id="101"><net_src comp="62" pin="0"/><net_sink comp="96" pin=0"/></net>

<net id="102"><net_src comp="12" pin="0"/><net_sink comp="96" pin=1"/></net>

<net id="108"><net_src comp="62" pin="0"/><net_sink comp="103" pin=0"/></net>

<net id="109"><net_src comp="14" pin="0"/><net_sink comp="103" pin=1"/></net>

<net id="115"><net_src comp="62" pin="0"/><net_sink comp="110" pin=0"/></net>

<net id="116"><net_src comp="16" pin="0"/><net_sink comp="110" pin=1"/></net>

<net id="122"><net_src comp="62" pin="0"/><net_sink comp="117" pin=0"/></net>

<net id="123"><net_src comp="18" pin="0"/><net_sink comp="117" pin=1"/></net>

<net id="129"><net_src comp="0" pin="0"/><net_sink comp="124" pin=0"/></net>

<net id="130"><net_src comp="50" pin="0"/><net_sink comp="124" pin=1"/></net>

<net id="136"><net_src comp="131" pin="3"/><net_sink comp="68" pin=2"/></net>

<net id="137"><net_src comp="131" pin="3"/><net_sink comp="75" pin=2"/></net>

<net id="138"><net_src comp="131" pin="3"/><net_sink comp="82" pin=2"/></net>

<net id="139"><net_src comp="131" pin="3"/><net_sink comp="89" pin=2"/></net>

<net id="140"><net_src comp="124" pin="3"/><net_sink comp="131" pin=0"/></net>

<net id="146"><net_src comp="2" pin="0"/><net_sink comp="141" pin=0"/></net>

<net id="147"><net_src comp="50" pin="0"/><net_sink comp="141" pin=1"/></net>

<net id="153"><net_src comp="148" pin="3"/><net_sink comp="96" pin=2"/></net>

<net id="154"><net_src comp="148" pin="3"/><net_sink comp="103" pin=2"/></net>

<net id="155"><net_src comp="148" pin="3"/><net_sink comp="110" pin=2"/></net>

<net id="156"><net_src comp="148" pin="3"/><net_sink comp="117" pin=2"/></net>

<net id="157"><net_src comp="141" pin="3"/><net_sink comp="148" pin=0"/></net>

<net id="162"><net_src comp="44" pin="0"/><net_sink comp="158" pin=0"/></net>

<net id="170"><net_src comp="163" pin="1"/><net_sink comp="166" pin=0"/></net>

<net id="171"><net_src comp="46" pin="0"/><net_sink comp="166" pin=1"/></net>

<net id="176"><net_src comp="163" pin="1"/><net_sink comp="172" pin=0"/></net>

<net id="177"><net_src comp="48" pin="0"/><net_sink comp="172" pin=1"/></net>

<net id="181"><net_src comp="163" pin="1"/><net_sink comp="178" pin=0"/></net>

<net id="182"><net_src comp="178" pin="1"/><net_sink comp="124" pin=2"/></net>

<net id="183"><net_src comp="178" pin="1"/><net_sink comp="141" pin=2"/></net>

<net id="188"><net_src comp="172" pin="2"/><net_sink comp="184" pin=0"/></net>

<net id="192"><net_src comp="64" pin="1"/><net_sink comp="189" pin=0"/></net>

<net id="193"><net_src comp="189" pin="1"/><net_sink comp="158" pin=1"/></net>

<net id="194"><net_src comp="189" pin="1"/><net_sink comp="163" pin=0"/></net>

<net id="195"><net_src comp="189" pin="1"/><net_sink comp="184" pin=1"/></net>

<net id="202"><net_src comp="124" pin="3"/><net_sink comp="199" pin=0"/></net>

<net id="203"><net_src comp="199" pin="1"/><net_sink comp="131" pin=0"/></net>

<net id="207"><net_src comp="141" pin="3"/><net_sink comp="204" pin=0"/></net>

<net id="208"><net_src comp="204" pin="1"/><net_sink comp="148" pin=0"/></net>

</net_list>

</model> 
---------------- Datapath Model END ------------------

* FSMD analyzer results:
  - Output states:
	Port: current_cos | {}
	Port: current_sin | {}
	Port: cos_pe0 | {2 }
	Port: cos_pe1 | {2 }
	Port: cos_pe2 | {2 }
	Port: cos_pe3 | {2 }
	Port: sin_pe0 | {2 }
	Port: sin_pe1 | {2 }
	Port: sin_pe2 | {2 }
	Port: sin_pe3 | {2 }
 - Input state : 
	Port: swiftkv_broadcast_rope : current_cos | {1 2 }
	Port: swiftkv_broadcast_rope : current_sin | {1 2 }
  - Chain level:
	State 1
		store_ln1748 : 1
		pair_2 : 1
		icmp_ln1748 : 2
		add_ln1748 : 2
		br_ln1748 : 3
		zext_ln1748 : 2
		current_cos_addr : 3
		current_cos_load : 4
		current_sin_addr : 3
		current_sin_load : 4
		store_ln1748 : 3
	State 2
		write_ln1752 : 1
		write_ln1753 : 1
		write_ln1754 : 1
		write_ln1755 : 1
		write_ln1756 : 1
		write_ln1757 : 1
		write_ln1758 : 1
		write_ln1759 : 1


============================================================
+ Verbose Summary: Datapath Resource usage 
============================================================

* Functional unit list:
|----------|---------------------------|---------|---------|
| Operation|      Functional Unit      |    FF   |   LUT   |
|----------|---------------------------|---------|---------|
|   icmp   |     icmp_ln1748_fu_166    |    0    |    14   |
|----------|---------------------------|---------|---------|
|    add   |     add_ln1748_fu_172     |    0    |    14   |
|----------|---------------------------|---------|---------|
|          |  write_ln1752_write_fu_68 |    0    |    0    |
|          |  write_ln1753_write_fu_75 |    0    |    0    |
|          |  write_ln1754_write_fu_82 |    0    |    0    |
|   write  |  write_ln1755_write_fu_89 |    0    |    0    |
|          |  write_ln1756_write_fu_96 |    0    |    0    |
|          | write_ln1757_write_fu_103 |    0    |    0    |
|          | write_ln1758_write_fu_110 |    0    |    0    |
|          | write_ln1759_write_fu_117 |    0    |    0    |
|----------|---------------------------|---------|---------|
|   zext   |     zext_ln1748_fu_178    |    0    |    0    |
|----------|---------------------------|---------|---------|
|   Total  |                           |    0    |    28   |
|----------|---------------------------|---------|---------|

Memories:
N/A

* Register list:
+------------------------+--------+
|                        |   FF   |
+------------------------+--------+
|current_cos_addr_reg_199|    6   |
|current_sin_addr_reg_204|    6   |
|      pair_reg_189      |    7   |
+------------------------+--------+
|          Total         |   19   |
+------------------------+--------+

* Multiplexer (MUX) list: 
|-------------------|------|------|------|--------||---------||---------|
|        Comp       |  Pin | Size |  BW  | S x BW ||  Delay  ||   LUT   |
|-------------------|------|------|------|--------||---------||---------|
| grp_access_fu_131 |  p0  |   2  |   6  |   12   ||    9    |
| grp_access_fu_148 |  p0  |   2  |   6  |   12   ||    9    |
|-------------------|------|------|------|--------||---------||---------|
|       Total       |      |      |      |   24   ||  0.774  ||    18   |
|-------------------|------|------|------|--------||---------||---------|



* Summary:
+-----------+--------+--------+--------+
|           |  Delay |   FF   |   LUT  |
+-----------+--------+--------+--------+
|  Function |    -   |    0   |   28   |
|   Memory  |    -   |    -   |    -   |
|Multiplexer|    0   |    -   |   18   |
|  Register |    -   |   19   |    -   |
+-----------+--------+--------+--------+
|   Total   |    0   |   19   |   46   |
+-----------+--------+--------+--------+
