

================================================================
== Vitis HLS Report for 'swiftkv_prepare_update_engine_phases_0_s'
================================================================
* Date:           Tue Aug 11 09:18:12 2026

* Version:        2023.2 (Build 4023990 on Oct 11 2023)
* Project:        proj_int4_decoder_xo
* Solution:       solution1 (Vitis Kernel Flow Target)
* Product family: virtexuplus
* Target device:  xcu250-figd2104-2L-e


================================================================
== Performance Estimates
================================================================
+ Timing: 
    * Summary: 
    +--------+---------+----------+------------+
    |  Clock |  Target | Estimated| Uncertainty|
    +--------+---------+----------+------------+
    |ap_clk  |  3.33 ns|  2.433 ns|     0.90 ns|
    +--------+---------+----------+------------+

+ Latency: 
    * Summary: 
    +---------+---------+-----------+----------+-----+-------+---------+
    |  Latency (cycles) |  Latency (absolute)  |   Interval  | Pipeline|
    |   min   |   max   |    min    |    max   | min |  max  |   Type  |
    +---------+---------+-----------+----------+-----+-------+---------+
    |       13|    32773|  43.329 ns|  0.109 ms|   13|  32773|       no|
    +---------+---------+-----------+----------+-----+-------+---------+

    + Detail: 
        * Instance: 
        +--------------------------------------------------------------------------------------------+----------------------------------------------------------------------------------+---------+---------+-----------+----------+-----+-------+---------+
        |                                                                                            |                                                                                  |  Latency (cycles) |  Latency (absolute)  |   Interval  | Pipeline|
        |                                          Instance                                          |                                      Module                                      |   min   |   max   |    min    |    max   | min |  max  |   Type  |
        +--------------------------------------------------------------------------------------------+----------------------------------------------------------------------------------+---------+---------+-----------+----------+-----+-------+---------+
        |grp_swiftkv_prepare_update_engine_phases_Pipeline_prepare_update_engine_phase_loop_3_fu_70  |swiftkv_prepare_update_engine_phases_Pipeline_prepare_update_engine_phase_loop_3  |       11|    32771|  36.663 ns|  0.109 ms|   11|  32771|       no|
        +--------------------------------------------------------------------------------------------+----------------------------------------------------------------------------------+---------+---------+-----------+----------+-----+-------+---------+

        * Loop: 
        N/A



================================================================
== Utilization Estimates
================================================================
* Summary: 
+---------------------+---------+-------+---------+---------+------+
|         Name        | BRAM_18K|  DSP  |    FF   |   LUT   | URAM |
+---------------------+---------+-------+---------+---------+------+
|DSP                  |        -|      -|        -|        -|     -|
|Expression           |        -|      -|        0|       25|     -|
|FIFO                 |        -|      -|        -|        -|     -|
|Instance             |        -|      -|      680|      257|     -|
|Memory               |        -|      -|        -|        -|     -|
|Multiplexer          |        -|      -|        -|       83|     -|
|Register             |        -|      -|       30|        -|     -|
+---------------------+---------+-------+---------+---------+------+
|Total                |        0|      0|      710|      365|     0|
+---------------------+---------+-------+---------+---------+------+
|Available SLR        |     1344|   3072|   864000|   432000|   320|
+---------------------+---------+-------+---------+---------+------+
|Utilization SLR (%)  |        0|      0|       ~0|       ~0|     0|
+---------------------+---------+-------+---------+---------+------+
|Available            |     5376|  12288|  3456000|  1728000|  1280|
+---------------------+---------+-------+---------+---------+------+
|Utilization (%)      |        0|      0|       ~0|       ~0|     0|
+---------------------+---------+-------+---------+---------+------+

+ Detail: 
    * Instance: 
    +--------------------------------------------------------------------------------------------+----------------------------------------------------------------------------------+---------+----+-----+-----+-----+
    |                                          Instance                                          |                                      Module                                      | BRAM_18K| DSP|  FF | LUT | URAM|
    +--------------------------------------------------------------------------------------------+----------------------------------------------------------------------------------+---------+----+-----+-----+-----+
    |grp_swiftkv_prepare_update_engine_phases_Pipeline_prepare_update_engine_phase_loop_3_fu_70  |swiftkv_prepare_update_engine_phases_Pipeline_prepare_update_engine_phase_loop_3  |        0|   0|  680|  257|    0|
    +--------------------------------------------------------------------------------------------+----------------------------------------------------------------------------------+---------+----+-----+-----+-----+
    |Total                                                                                       |                                                                                  |        0|   0|  680|  257|    0|
    +--------------------------------------------------------------------------------------------+----------------------------------------------------------------------------------+---------+----+-----+-----+-----+

    * DSP: 
    N/A

    * Memory: 
    N/A

    * FIFO: 
    N/A

    * Expression: 
    +-----------------------------+----------+----+---+----+------------+------------+
    |        Variable Name        | Operation| DSP| FF| LUT| Bitwidth P0| Bitwidth P1|
    +-----------------------------+----------+----+---+----+------------+------------+
    |update_phase_count_fu_94_p2  |         +|   0|  0|  23|          16|           4|
    |ap_block_state1              |        or|   0|  0|   2|           1|           1|
    +-----------------------------+----------+----+---+----+------------+------------+
    |Total                        |          |   0|  0|  25|          17|           5|
    +-----------------------------+----------+----+---+----+------------+------------+

    * Multiplexer: 
    +-----------------------------+----+-----------+-----+-----------+
    |             Name            | LUT| Input Size| Bits| Total Bits|
    +-----------------------------+----+-----------+-----+-----------+
    |ap_NS_fsm                    |  20|          4|    1|          4|
    |ap_done                      |   9|          2|    1|          2|
    |engine0_control_stream_read  |   9|          2|    1|          2|
    |engine0_phase_stream_write   |   9|          2|    1|          2|
    |position_blk_n               |   9|          2|    1|          2|
    |position_val_c32_blk_n       |   9|          2|    1|          2|
    |value0_engine0_stream_read   |   9|          2|    1|          2|
    |value1_engine0_stream_read   |   9|          2|    1|          2|
    +-----------------------------+----+-----------+-----+-----------+
    |Total                        |  83|         18|    8|         18|
    +-----------------------------+----+-----------+-----+-----------+

    * Register: 
    +---------------------------------------------------------------------------------------------------------+----+----+-----+-----------+
    |                                                   Name                                                  | FF | LUT| Bits| Const Bits|
    +---------------------------------------------------------------------------------------------------------+----+----+-----+-----------+
    |ap_CS_fsm                                                                                                |   3|   0|    3|          0|
    |ap_done_reg                                                                                              |   1|   0|    1|          0|
    |grp_swiftkv_prepare_update_engine_phases_Pipeline_prepare_update_engine_phase_loop_3_fu_70_ap_start_reg  |   1|   0|    1|          0|
    |position_read_reg_101                                                                                    |  12|   0|   12|          0|
    |update_phase_count_reg_106                                                                               |  13|   0|   16|          3|
    +---------------------------------------------------------------------------------------------------------+----+----+-----+-----------+
    |Total                                                                                                    |  30|   0|   33|          3|
    +---------------------------------------------------------------------------------------------------------+----+----+-----+-----------+



================================================================
== Interface
================================================================
* Summary: 
+---------------------------------------+-----+-----+------------+-----------------------------------------+--------------+
|               RTL Ports               | Dir | Bits|  Protocol  |              Source Object              |    C Type    |
+---------------------------------------+-----+-----+------------+-----------------------------------------+--------------+
|ap_clk                                 |   in|    1|  ap_ctrl_hs|  swiftkv_prepare_update_engine_phases<0>|  return value|
|ap_rst                                 |   in|    1|  ap_ctrl_hs|  swiftkv_prepare_update_engine_phases<0>|  return value|
|ap_start                               |   in|    1|  ap_ctrl_hs|  swiftkv_prepare_update_engine_phases<0>|  return value|
|ap_done                                |  out|    1|  ap_ctrl_hs|  swiftkv_prepare_update_engine_phases<0>|  return value|
|ap_continue                            |   in|    1|  ap_ctrl_hs|  swiftkv_prepare_update_engine_phases<0>|  return value|
|ap_idle                                |  out|    1|  ap_ctrl_hs|  swiftkv_prepare_update_engine_phases<0>|  return value|
|ap_ready                               |  out|    1|  ap_ctrl_hs|  swiftkv_prepare_update_engine_phases<0>|  return value|
|engine0_control_stream_dout            |   in|   59|     ap_fifo|                   engine0_control_stream|       pointer|
|engine0_control_stream_num_data_valid  |   in|    3|     ap_fifo|                   engine0_control_stream|       pointer|
|engine0_control_stream_fifo_cap        |   in|    3|     ap_fifo|                   engine0_control_stream|       pointer|
|engine0_control_stream_empty_n         |   in|    1|     ap_fifo|                   engine0_control_stream|       pointer|
|engine0_control_stream_read            |  out|    1|     ap_fifo|                   engine0_control_stream|       pointer|
|value0_engine0_stream_dout             |   in|  128|     ap_fifo|                    value0_engine0_stream|       pointer|
|value0_engine0_stream_num_data_valid   |   in|    6|     ap_fifo|                    value0_engine0_stream|       pointer|
|value0_engine0_stream_fifo_cap         |   in|    6|     ap_fifo|                    value0_engine0_stream|       pointer|
|value0_engine0_stream_empty_n          |   in|    1|     ap_fifo|                    value0_engine0_stream|       pointer|
|value0_engine0_stream_read             |  out|    1|     ap_fifo|                    value0_engine0_stream|       pointer|
|value1_engine0_stream_dout             |   in|  128|     ap_fifo|                    value1_engine0_stream|       pointer|
|value1_engine0_stream_num_data_valid   |   in|    6|     ap_fifo|                    value1_engine0_stream|       pointer|
|value1_engine0_stream_fifo_cap         |   in|    6|     ap_fifo|                    value1_engine0_stream|       pointer|
|value1_engine0_stream_empty_n          |   in|    1|     ap_fifo|                    value1_engine0_stream|       pointer|
|value1_engine0_stream_read             |  out|    1|     ap_fifo|                    value1_engine0_stream|       pointer|
|position_dout                          |   in|   12|     ap_fifo|                                 position|       pointer|
|position_num_data_valid                |   in|    3|     ap_fifo|                                 position|       pointer|
|position_fifo_cap                      |   in|    3|     ap_fifo|                                 position|       pointer|
|position_empty_n                       |   in|    1|     ap_fifo|                                 position|       pointer|
|position_read                          |  out|    1|     ap_fifo|                                 position|       pointer|
|engine0_phase_stream_din               |  out|   57|     ap_fifo|                     engine0_phase_stream|       pointer|
|engine0_phase_stream_num_data_valid    |   in|    4|     ap_fifo|                     engine0_phase_stream|       pointer|
|engine0_phase_stream_fifo_cap          |   in|    4|     ap_fifo|                     engine0_phase_stream|       pointer|
|engine0_phase_stream_full_n            |   in|    1|     ap_fifo|                     engine0_phase_stream|       pointer|
|engine0_phase_stream_write             |  out|    1|     ap_fifo|                     engine0_phase_stream|       pointer|
|position_val_c32_din                   |  out|   12|     ap_fifo|                         position_val_c32|       pointer|
|position_val_c32_num_data_valid        |   in|    3|     ap_fifo|                         position_val_c32|       pointer|
|position_val_c32_fifo_cap              |   in|    3|     ap_fifo|                         position_val_c32|       pointer|
|position_val_c32_full_n                |   in|    1|     ap_fifo|                         position_val_c32|       pointer|
|position_val_c32_write                 |  out|    1|     ap_fifo|                         position_val_c32|       pointer|
+---------------------------------------+-----+-----+------------+-----------------------------------------+--------------+

============================================================
+ Verbose Summary: Synthesis Manager
============================================================
InlineROM: 1
ExposeGlobal: 0
============================================================
+ Verbose Summary: CDFG Model
============================================================
IsTopModel: 0
ResetActiveHigh: 1
IsCombinational: 2
IsDatapathOnly: 0
HasWiredReturn: 1
HasMFsm: 0
HasVarLatency: 1
IsPipeline: 0
IsRtlPipelined: 0
IsInstanceOverlapped: 0
IsDontTouch: 0
HasImplIP: 0
IsGatedGlobalClock: 0


============================================================
+ Verbose Summary: Schedule
============================================================
* Number of FSM states : 3
* Pipeline : 0
* Dataflow Pipeline: 0

* FSM state transitions: 
1 --> 2 
2 --> 3 
3 --> 

* FSM state operations: 

State 1 <SV = 0> <Delay = 2.43>
ST_1 : Operation 4 [1/1] (1.21ns)   --->   "%position_read = read i12 @_ssdm_op_Read.ap_fifo.i12P0A, i12 %position"   --->   Operation 4 'read' 'position_read' <Predicate = true> <Delay = 1.21> <CoreInst = "FIFO_SRL">   --->   Core 81 'FIFO_SRL' <Latency = 0> <II = 1> <Delay = 1.34> <Storage> <Opcode : 'read' 'write' 'nbread' 'nbwrite'> <Ports = 0> <Width = 12> <Depth = 2> <FIFO>
ST_1 : Operation 5 [1/1] (1.21ns)   --->   "%write_ln0 = write void @_ssdm_op_Write.ap_fifo.i12P0A, i12 %position_val_c32, i12 %position_read"   --->   Operation 5 'write' 'write_ln0' <Predicate = true> <Delay = 1.21> <CoreInst = "FIFO_SRL">   --->   Core 81 'FIFO_SRL' <Latency = 0> <II = 1> <Delay = 1.34> <Storage> <Opcode : 'read' 'write' 'nbread' 'nbwrite'> <Ports = 0> <Width = 12> <Depth = 2> <FIFO>

State 2 <SV = 1> <Delay = 1.94>
ST_2 : Operation 6 [1/1] (0.00ns)   --->   "%shl_ln = bitconcatenate i15 @_ssdm_op_BitConcatenate.i15.i12.i3, i12 %position_read, i3 0" [source/swiftkv_attention.cpp:1173]   --->   Operation 6 'bitconcatenate' 'shl_ln' <Predicate = true> <Delay = 0.00>
ST_2 : Operation 7 [1/1] (0.00ns)   --->   "%zext_ln1173 = zext i15 %shl_ln" [source/swiftkv_attention.cpp:1173]   --->   Operation 7 'zext' 'zext_ln1173' <Predicate = true> <Delay = 0.00>
ST_2 : Operation 8 [1/1] (0.77ns)   --->   "%update_phase_count = add i16 %zext_ln1173, i16 8" [source/swiftkv_attention.cpp:1173]   --->   Operation 8 'add' 'update_phase_count' <Predicate = true> <Delay = 0.77> <CoreInst = "Adder">   --->   Core 1 'Adder' <Latency = 0> <II = 1> <Delay = 0.78> <FuncUnit> <Opcode : 'add' 'sub'> <InPorts = 2> <OutPorts = 1>
ST_2 : Operation 9 [1/1] (0.00ns)   --->   "%empty = wait i32 @_ssdm_op_Wait"   --->   Operation 9 'wait' 'empty' <Predicate = true> <Delay = 0.00>
ST_2 : Operation 10 [2/2] (1.17ns)   --->   "%call_ln1173 = call void @swiftkv_prepare_update_engine_phases_Pipeline_prepare_update_engine_phase_loop.3, i16 %update_phase_count, i57 %engine0_phase_stream, i59 %engine0_control_stream, i128 %value0_engine0_stream, i128 %value1_engine0_stream" [source/swiftkv_attention.cpp:1173]   --->   Operation 10 'call' 'call_ln1173' <Predicate = true> <Delay = 1.17> <CoreType = "Generic">   --->   Core 0 '' <Latency = 0> <II = 1> <Delay = 1.00> <Generic> <Opcode : >

State 3 <SV = 2> <Delay = 0.00>
ST_3 : Operation 11 [1/1] (0.00ns)   --->   "%specinterface_ln0 = specinterface void @_ssdm_op_SpecInterface, i12 %position, void @ap_fifo_str, i32 0, i32 0, void @p_str, i32 0, i32 0, void @p_str, void @p_str, void @p_str, i32 2, i32 2, i32 16, i32 16, void @p_str, void @ScalarProp_str, i32 4294967295, i32 0"   --->   Operation 11 'specinterface' 'specinterface_ln0' <Predicate = true> <Delay = 0.00>
ST_3 : Operation 12 [1/1] (0.00ns)   --->   "%specinterface_ln0 = specinterface void @_ssdm_op_SpecInterface, i12 %position_val_c32, void @ap_fifo_str, i32 0, i32 0, void @p_str, i32 0, i32 0, void @p_str, void @p_str, void @p_str, i32 2, i32 2, i32 16, i32 16, void @p_str, void @ScalarProp_str, i32 4294967295, i32 0"   --->   Operation 12 'specinterface' 'specinterface_ln0' <Predicate = true> <Delay = 0.00>
ST_3 : Operation 13 [1/1] (0.00ns)   --->   "%specmemcore_ln0 = specmemcore void @_ssdm_op_SpecMemCore, i57 %engine0_phase_stream, i64 666, i64 10, i64 18446744073709551615"   --->   Operation 13 'specmemcore' 'specmemcore_ln0' <Predicate = true> <Delay = 0.00>
ST_3 : Operation 14 [1/1] (0.00ns)   --->   "%specmemcore_ln0 = specmemcore void @_ssdm_op_SpecMemCore, i59 %engine0_control_stream, i64 666, i64 10, i64 18446744073709551615"   --->   Operation 14 'specmemcore' 'specmemcore_ln0' <Predicate = true> <Delay = 0.00>
ST_3 : Operation 15 [1/1] (0.00ns)   --->   "%specmemcore_ln0 = specmemcore void @_ssdm_op_SpecMemCore, i128 %value1_engine0_stream, i64 666, i64 11, i64 18446744073709551615"   --->   Operation 15 'specmemcore' 'specmemcore_ln0' <Predicate = true> <Delay = 0.00>
ST_3 : Operation 16 [1/1] (0.00ns)   --->   "%specmemcore_ln0 = specmemcore void @_ssdm_op_SpecMemCore, i128 %value0_engine0_stream, i64 666, i64 11, i64 18446744073709551615"   --->   Operation 16 'specmemcore' 'specmemcore_ln0' <Predicate = true> <Delay = 0.00>
ST_3 : Operation 17 [1/1] (0.00ns)   --->   "%specinterface_ln0 = specinterface void @_ssdm_op_SpecInterface, i57 %engine0_phase_stream, void @empty_447, i32 0, i32 0, void @empty_418, i32 0, i32 0, void @empty_418, void @empty_418, void @empty_418, i32 0, i32 0, i32 0, i32 0, void @empty_418, void @empty_418, i32 4294967295, i32 0"   --->   Operation 17 'specinterface' 'specinterface_ln0' <Predicate = true> <Delay = 0.00>
ST_3 : Operation 18 [1/1] (0.00ns)   --->   "%specinterface_ln0 = specinterface void @_ssdm_op_SpecInterface, i59 %engine0_control_stream, void @empty_447, i32 0, i32 0, void @empty_418, i32 0, i32 0, void @empty_418, void @empty_418, void @empty_418, i32 0, i32 0, i32 0, i32 0, void @empty_418, void @empty_418, i32 4294967295, i32 0"   --->   Operation 18 'specinterface' 'specinterface_ln0' <Predicate = true> <Delay = 0.00>
ST_3 : Operation 19 [1/1] (0.00ns)   --->   "%specinterface_ln0 = specinterface void @_ssdm_op_SpecInterface, i128 %value1_engine0_stream, void @empty_447, i32 0, i32 0, void @empty_418, i32 0, i32 0, void @empty_418, void @empty_418, void @empty_418, i32 0, i32 0, i32 0, i32 0, void @empty_418, void @empty_418, i32 4294967295, i32 0"   --->   Operation 19 'specinterface' 'specinterface_ln0' <Predicate = true> <Delay = 0.00>
ST_3 : Operation 20 [1/1] (0.00ns)   --->   "%specinterface_ln0 = specinterface void @_ssdm_op_SpecInterface, i128 %value0_engine0_stream, void @empty_447, i32 0, i32 0, void @empty_418, i32 0, i32 0, void @empty_418, void @empty_418, void @empty_418, i32 0, i32 0, i32 0, i32 0, void @empty_418, void @empty_418, i32 4294967295, i32 0"   --->   Operation 20 'specinterface' 'specinterface_ln0' <Predicate = true> <Delay = 0.00>
ST_3 : Operation 21 [1/2] (0.00ns)   --->   "%call_ln1173 = call void @swiftkv_prepare_update_engine_phases_Pipeline_prepare_update_engine_phase_loop.3, i16 %update_phase_count, i57 %engine0_phase_stream, i59 %engine0_control_stream, i128 %value0_engine0_stream, i128 %value1_engine0_stream" [source/swiftkv_attention.cpp:1173]   --->   Operation 21 'call' 'call_ln1173' <Predicate = true> <Delay = 0.00> <CoreType = "Generic">   --->   Core 0 '' <Latency = 0> <II = 1> <Delay = 1.00> <Generic> <Opcode : >
ST_3 : Operation 22 [1/1] (0.00ns)   --->   "%ret_ln1238 = ret" [source/swiftkv_attention.cpp:1238]   --->   Operation 22 'ret' 'ret_ln1238' <Predicate = true> <Delay = 0.00>


============================================================
+ Verbose Summary: Binding
============================================================
STG Binding: 
---------------- STG Properties BEGIN ----------------
- Is combinational: 0
- Is one-state seq: 0
- Is datapath-only: 0
- Is pipelined: 0
- Is top level: 0
Port [ Return ] is wired: 1; IO mode=ap_ctrl_hs:ce=0
Port [ engine0_control_stream]:  wired=1; compound=1; hidden=0; nouse=0; global=0; static=0; extern=0; dir=0; type=3; pingpong=0; private_global=0; IO mode=ap_fifo:ce=0
Port [ value0_engine0_stream]:  wired=1; compound=1; hidden=0; nouse=0; global=0; static=0; extern=0; dir=0; type=3; pingpong=0; private_global=0; IO mode=ap_fifo:ce=0
Port [ value1_engine0_stream]:  wired=1; compound=1; hidden=0; nouse=0; global=0; static=0; extern=0; dir=0; type=3; pingpong=0; private_global=0; IO mode=ap_fifo:ce=0
Port [ position]:  wired=1; compound=1; hidden=0; nouse=0; global=0; static=0; extern=0; dir=0; type=3; pingpong=0; private_global=0; IO mode=ap_fifo:ce=0
Port [ engine0_phase_stream]:  wired=1; compound=1; hidden=0; nouse=0; global=0; static=0; extern=0; dir=1; type=3; pingpong=0; private_global=0; IO mode=ap_fifo:ce=0
Port [ position_val_c32]:  wired=1; compound=1; hidden=0; nouse=0; global=0; static=0; extern=0; dir=1; type=3; pingpong=0; private_global=0; IO mode=ap_fifo:ce=0
---------------- STG Properties END ------------------

---------------- Datapath Model BEGIN ----------------

<LifeTime>
<method=bitvector/>
position_read      (read          ) [ 0010]
write_ln0          (write         ) [ 0000]
shl_ln             (bitconcatenate) [ 0000]
zext_ln1173        (zext          ) [ 0000]
update_phase_count (add           ) [ 0001]
empty              (wait          ) [ 0000]
specinterface_ln0  (specinterface ) [ 0000]
specinterface_ln0  (specinterface ) [ 0000]
specmemcore_ln0    (specmemcore   ) [ 0000]
specmemcore_ln0    (specmemcore   ) [ 0000]
specmemcore_ln0    (specmemcore   ) [ 0000]
specmemcore_ln0    (specmemcore   ) [ 0000]
specinterface_ln0  (specinterface ) [ 0000]
specinterface_ln0  (specinterface ) [ 0000]
specinterface_ln0  (specinterface ) [ 0000]
specinterface_ln0  (specinterface ) [ 0000]
call_ln1173        (call          ) [ 0000]
ret_ln1238         (ret           ) [ 0000]
</LifeTime>

<model>

<comp_list>
<comp id="0" class="1000" name="engine0_control_stream">
<pin_list>
<pin id="1" dir="1" index="0" bw="1" slack="0"/>
</pin_list>
<bind>
<StgValue><ssdm name="engine0_control_stream"/></StgValue>
</bind>
</comp>

<comp id="2" class="1000" name="value0_engine0_stream">
<pin_list>
<pin id="3" dir="1" index="0" bw="1" slack="0"/>
</pin_list>
<bind>
<StgValue><ssdm name="value0_engine0_stream"/></StgValue>
</bind>
</comp>

<comp id="4" class="1000" name="value1_engine0_stream">
<pin_list>
<pin id="5" dir="1" index="0" bw="1" slack="0"/>
</pin_list>
<bind>
<StgValue><ssdm name="value1_engine0_stream"/></StgValue>
</bind>
</comp>

<comp id="6" class="1000" name="position">
<pin_list>
<pin id="7" dir="1" index="0" bw="1" slack="0"/>
</pin_list>
<bind>
<StgValue><ssdm name="position"/></StgValue>
</bind>
</comp>

<comp id="8" class="1000" name="engine0_phase_stream">
<pin_list>
<pin id="9" dir="1" index="0" bw="1" slack="0"/>
</pin_list>
<bind>
<StgValue><ssdm name="engine0_phase_stream"/></StgValue>
</bind>
</comp>

<comp id="10" class="1000" name="position_val_c32">
<pin_list>
<pin id="11" dir="1" index="0" bw="1" slack="0"/>
</pin_list>
<bind>
<StgValue><ssdm name="position_val_c32"/></StgValue>
</bind>
</comp>

<comp id="12" class="1001" name="const_12">
<pin_list>
<pin id="13" dir="1" index="0" bw="1" slack="0"/>
</pin_list>
<bind>
<StgValue><ssdm name="_ssdm_op_Read.ap_fifo.i12P0A"/></StgValue>
</bind>
</comp>

<comp id="14" class="1001" name="const_14">
<pin_list>
<pin id="15" dir="1" index="0" bw="1" slack="0"/>
</pin_list>
<bind>
<StgValue><ssdm name="_ssdm_op_Write.ap_fifo.i12P0A"/></StgValue>
</bind>
</comp>

<comp id="16" class="1001" name="const_16">
<pin_list>
<pin id="17" dir="1" index="0" bw="1" slack="0"/>
</pin_list>
<bind>
<StgValue><ssdm name="_ssdm_op_BitConcatenate.i15.i12.i3"/></StgValue>
</bind>
</comp>

<comp id="18" class="1001" name="const_18">
<pin_list>
<pin id="19" dir="1" index="0" bw="1" slack="0"/>
</pin_list>
<bind>
<StgValue><ssdm name=""/></StgValue>
</bind>
</comp>

<comp id="20" class="1001" name="const_20">
<pin_list>
<pin id="21" dir="1" index="0" bw="1" slack="0"/>
</pin_list>
<bind>
<StgValue><ssdm name=""/></StgValue>
</bind>
</comp>

<comp id="22" class="1001" name="const_22">
<pin_list>
<pin id="23" dir="1" index="0" bw="1" slack="2147483647"/>
</pin_list>
<bind>
<StgValue><ssdm name="_ssdm_op_Wait"/></StgValue>
</bind>
</comp>

<comp id="24" class="1001" name="const_24">
<pin_list>
<pin id="25" dir="1" index="0" bw="1" slack="0"/>
</pin_list>
<bind>
<StgValue><ssdm name="swiftkv_prepare_update_engine_phases_Pipeline_prepare_update_engine_phase_loop.3"/></StgValue>
</bind>
</comp>

<comp id="26" class="1001" name="const_26">
<pin_list>
<pin id="27" dir="1" index="0" bw="1" slack="2147483647"/>
</pin_list>
<bind>
<StgValue><ssdm name="_ssdm_op_SpecInterface"/></StgValue>
</bind>
</comp>

<comp id="28" class="1001" name="const_28">
<pin_list>
<pin id="29" dir="1" index="0" bw="1" slack="2147483647"/>
</pin_list>
<bind>
<StgValue><ssdm name="ap_fifo_str"/></StgValue>
</bind>
</comp>

<comp id="30" class="1001" name="const_30">
<pin_list>
<pin id="31" dir="1" index="0" bw="1" slack="2147483647"/>
</pin_list>
<bind>
<StgValue><ssdm name=""/></StgValue>
</bind>
</comp>

<comp id="32" class="1001" name="const_32">
<pin_list>
<pin id="33" dir="1" index="0" bw="1" slack="2147483647"/>
</pin_list>
<bind>
<StgValue><ssdm name="p_str"/></StgValue>
</bind>
</comp>

<comp id="34" class="1001" name="const_34">
<pin_list>
<pin id="35" dir="1" index="0" bw="1" slack="2147483647"/>
</pin_list>
<bind>
<StgValue><ssdm name=""/></StgValue>
</bind>
</comp>

<comp id="36" class="1001" name="const_36">
<pin_list>
<pin id="37" dir="1" index="0" bw="1" slack="2147483647"/>
</pin_list>
<bind>
<StgValue><ssdm name=""/></StgValue>
</bind>
</comp>

<comp id="38" class="1001" name="const_38">
<pin_list>
<pin id="39" dir="1" index="0" bw="1" slack="2147483647"/>
</pin_list>
<bind>
<StgValue><ssdm name="ScalarProp_str"/></StgValue>
</bind>
</comp>

<comp id="40" class="1001" name="const_40">
<pin_list>
<pin id="41" dir="1" index="0" bw="1" slack="2147483647"/>
</pin_list>
<bind>
<StgValue><ssdm name=""/></StgValue>
</bind>
</comp>

<comp id="42" class="1001" name="const_42">
<pin_list>
<pin id="43" dir="1" index="0" bw="1" slack="2147483647"/>
</pin_list>
<bind>
<StgValue><ssdm name="_ssdm_op_SpecMemCore"/></StgValue>
</bind>
</comp>

<comp id="44" class="1001" name="const_44">
<pin_list>
<pin id="45" dir="1" index="0" bw="1" slack="2147483647"/>
</pin_list>
<bind>
<StgValue><ssdm name=""/></StgValue>
</bind>
</comp>

<comp id="46" class="1001" name="const_46">
<pin_list>
<pin id="47" dir="1" index="0" bw="1" slack="2147483647"/>
</pin_list>
<bind>
<StgValue><ssdm name=""/></StgValue>
</bind>
</comp>

<comp id="48" class="1001" name="const_48">
<pin_list>
<pin id="49" dir="1" index="0" bw="1" slack="2147483647"/>
</pin_list>
<bind>
<StgValue><ssdm name=""/></StgValue>
</bind>
</comp>

<comp id="50" class="1001" name="const_50">
<pin_list>
<pin id="51" dir="1" index="0" bw="1" slack="2147483647"/>
</pin_list>
<bind>
<StgValue><ssdm name=""/></StgValue>
</bind>
</comp>

<comp id="52" class="1001" name="const_52">
<pin_list>
<pin id="53" dir="1" index="0" bw="1" slack="2147483647"/>
</pin_list>
<bind>
<StgValue><ssdm name="empty_447"/></StgValue>
</bind>
</comp>

<comp id="54" class="1001" name="const_54">
<pin_list>
<pin id="55" dir="1" index="0" bw="1" slack="2147483647"/>
</pin_list>
<bind>
<StgValue><ssdm name="empty_418"/></StgValue>
</bind>
</comp>

<comp id="56" class="1004" name="position_read_read_fu_56">
<pin_list>
<pin id="57" dir="0" index="0" bw="12" slack="0"/>
<pin id="58" dir="0" index="1" bw="12" slack="0"/>
<pin id="59" dir="1" index="2" bw="12" slack="0"/>
</pin_list>
<bind>
<opcode="read(1150) " fcode="read"/>
<opset="position_read/1 "/>
</bind>
</comp>

<comp id="62" class="1004" name="write_ln0_write_fu_62">
<pin_list>
<pin id="63" dir="0" index="0" bw="0" slack="0"/>
<pin id="64" dir="0" index="1" bw="12" slack="0"/>
<pin id="65" dir="0" index="2" bw="12" slack="0"/>
<pin id="66" dir="1" index="3" bw="0" slack="2147483647"/>
</pin_list>
<bind>
<opcode="write(1151) " fcode="write"/>
<opset="write_ln0/1 "/>
</bind>
</comp>

<comp id="70" class="1004" name="grp_swiftkv_prepare_update_engine_phases_Pipeline_prepare_update_engine_phase_loop_3_fu_70">
<pin_list>
<pin id="71" dir="0" index="0" bw="0" slack="0"/>
<pin id="72" dir="0" index="1" bw="16" slack="0"/>
<pin id="73" dir="0" index="2" bw="57" slack="0"/>
<pin id="74" dir="0" index="3" bw="59" slack="0"/>
<pin id="75" dir="0" index="4" bw="128" slack="0"/>
<pin id="76" dir="0" index="5" bw="128" slack="0"/>
<pin id="77" dir="1" index="6" bw="0" slack="2147483647"/>
</pin_list>
<bind>
<opcode="call(48) " fcode="call"/>
<opset="call_ln1173/2 "/>
</bind>
</comp>

<comp id="83" class="1004" name="shl_ln_fu_83">
<pin_list>
<pin id="84" dir="0" index="0" bw="15" slack="0"/>
<pin id="85" dir="0" index="1" bw="12" slack="1"/>
<pin id="86" dir="0" index="2" bw="1" slack="0"/>
<pin id="87" dir="1" index="3" bw="15" slack="0"/>
</pin_list>
<bind>
<opcode="bitconcatenate(1004) " fcode="bitconcatenate"/>
<opset="shl_ln/2 "/>
</bind>
</comp>

<comp id="90" class="1004" name="zext_ln1173_fu_90">
<pin_list>
<pin id="91" dir="0" index="0" bw="15" slack="0"/>
<pin id="92" dir="1" index="1" bw="16" slack="0"/>
</pin_list>
<bind>
<opcode="zext(34) " fcode="zext"/>
<opset="zext_ln1173/2 "/>
</bind>
</comp>

<comp id="94" class="1004" name="update_phase_count_fu_94">
<pin_list>
<pin id="95" dir="0" index="0" bw="15" slack="0"/>
<pin id="96" dir="0" index="1" bw="5" slack="0"/>
<pin id="97" dir="1" index="2" bw="16" slack="0"/>
</pin_list>
<bind>
<opcode="add(8) " fcode="add"/>
<opset="update_phase_count/2 "/>
</bind>
</comp>

<comp id="101" class="1005" name="position_read_reg_101">
<pin_list>
<pin id="102" dir="0" index="0" bw="12" slack="1"/>
<pin id="103" dir="1" index="1" bw="12" slack="1"/>
</pin_list>
<bind>
<opset="position_read "/>
</bind>
</comp>

<comp id="106" class="1005" name="update_phase_count_reg_106">
<pin_list>
<pin id="107" dir="0" index="0" bw="16" slack="1"/>
<pin id="108" dir="1" index="1" bw="16" slack="1"/>
</pin_list>
<bind>
<opset="update_phase_count "/>
</bind>
</comp>

</comp_list>

<net_list>
<net id="60"><net_src comp="12" pin="0"/><net_sink comp="56" pin=0"/></net>

<net id="61"><net_src comp="6" pin="0"/><net_sink comp="56" pin=1"/></net>

<net id="67"><net_src comp="14" pin="0"/><net_sink comp="62" pin=0"/></net>

<net id="68"><net_src comp="10" pin="0"/><net_sink comp="62" pin=1"/></net>

<net id="69"><net_src comp="56" pin="2"/><net_sink comp="62" pin=2"/></net>

<net id="78"><net_src comp="24" pin="0"/><net_sink comp="70" pin=0"/></net>

<net id="79"><net_src comp="8" pin="0"/><net_sink comp="70" pin=2"/></net>

<net id="80"><net_src comp="0" pin="0"/><net_sink comp="70" pin=3"/></net>

<net id="81"><net_src comp="2" pin="0"/><net_sink comp="70" pin=4"/></net>

<net id="82"><net_src comp="4" pin="0"/><net_sink comp="70" pin=5"/></net>

<net id="88"><net_src comp="16" pin="0"/><net_sink comp="83" pin=0"/></net>

<net id="89"><net_src comp="18" pin="0"/><net_sink comp="83" pin=2"/></net>

<net id="93"><net_src comp="83" pin="3"/><net_sink comp="90" pin=0"/></net>

<net id="98"><net_src comp="90" pin="1"/><net_sink comp="94" pin=0"/></net>

<net id="99"><net_src comp="20" pin="0"/><net_sink comp="94" pin=1"/></net>

<net id="100"><net_src comp="94" pin="2"/><net_sink comp="70" pin=1"/></net>

<net id="104"><net_src comp="56" pin="2"/><net_sink comp="101" pin=0"/></net>

<net id="105"><net_src comp="101" pin="1"/><net_sink comp="83" pin=1"/></net>

<net id="109"><net_src comp="94" pin="2"/><net_sink comp="106" pin=0"/></net>

<net id="110"><net_src comp="106" pin="1"/><net_sink comp="70" pin=1"/></net>

</net_list>

</model> 
---------------- Datapath Model END ------------------

* FSMD analyzer results:
  - Output states:
	Port: value0_engine0_stream | {}
	Port: value1_engine0_stream | {}
	Port: engine0_phase_stream | {2 3 }
	Port: position_val_c32 | {1 }
 - Input state : 
	Port: swiftkv_prepare_update_engine_phases<0> : engine0_control_stream | {2 3 }
	Port: swiftkv_prepare_update_engine_phases<0> : value0_engine0_stream | {2 3 }
	Port: swiftkv_prepare_update_engine_phases<0> : value1_engine0_stream | {2 3 }
	Port: swiftkv_prepare_update_engine_phases<0> : position | {1 }
  - Chain level:
	State 1
	State 2
		zext_ln1173 : 1
		update_phase_count : 2
		call_ln1173 : 3
	State 3


============================================================
+ Verbose Summary: Datapath Resource usage 
============================================================

* Functional unit list:
|----------|--------------------------------------------------------------------------------------------|---------|---------|
| Operation|                                       Functional Unit                                      |    FF   |   LUT   |
|----------|--------------------------------------------------------------------------------------------|---------|---------|
|   call   | grp_swiftkv_prepare_update_engine_phases_Pipeline_prepare_update_engine_phase_loop_3_fu_70 |   669   |   106   |
|----------|--------------------------------------------------------------------------------------------|---------|---------|
|    add   |                                  update_phase_count_fu_94                                  |    0    |    22   |
|----------|--------------------------------------------------------------------------------------------|---------|---------|
|   read   |                                  position_read_read_fu_56                                  |    0    |    0    |
|----------|--------------------------------------------------------------------------------------------|---------|---------|
|   write  |                                    write_ln0_write_fu_62                                   |    0    |    0    |
|----------|--------------------------------------------------------------------------------------------|---------|---------|
|bitconcatenate|                                        shl_ln_fu_83                                        |    0    |    0    |
|----------|--------------------------------------------------------------------------------------------|---------|---------|
|   zext   |                                      zext_ln1173_fu_90                                     |    0    |    0    |
|----------|--------------------------------------------------------------------------------------------|---------|---------|
|   Total  |                                                                                            |   669   |   128   |
|----------|--------------------------------------------------------------------------------------------|---------|---------|

Memories:
N/A

* Register list:
+--------------------------+--------+
|                          |   FF   |
+--------------------------+--------+
|   position_read_reg_101  |   12   |
|update_phase_count_reg_106|   16   |
+--------------------------+--------+
|           Total          |   28   |
+--------------------------+--------+

* Multiplexer (MUX) list: 
|--------------------------------------------------------------------------------------------|------|------|------|--------||---------||---------|
|                                            Comp                                            |  Pin | Size |  BW  | S x BW ||  Delay  ||   LUT   |
|--------------------------------------------------------------------------------------------|------|------|------|--------||---------||---------|
| grp_swiftkv_prepare_update_engine_phases_Pipeline_prepare_update_engine_phase_loop_3_fu_70 |  p1  |   2  |  16  |   32   ||    9    |
|--------------------------------------------------------------------------------------------|------|------|------|--------||---------||---------|
|                                            Total                                           |      |      |      |   32   ||  0.387  ||    9    |
|--------------------------------------------------------------------------------------------|------|------|------|--------||---------||---------|



* Summary:
+-----------+--------+--------+--------+
|           |  Delay |   FF   |   LUT  |
+-----------+--------+--------+--------+
|  Function |    -   |   669  |   128  |
|   Memory  |    -   |    -   |    -   |
|Multiplexer|    0   |    -   |    9   |
|  Register |    -   |   28   |    -   |
+-----------+--------+--------+--------+
|   Total   |    0   |   697  |   137  |
+-----------+--------+--------+--------+
