

================================================================
== Vitis HLS Report for 'swiftkv_route_compressed_kv_cache'
================================================================
* Date:           Tue Aug 11 09:18:09 2026

* Version:        2023.2 (Build 4023990 on Oct 11 2023)
* Project:        proj_int4_decoder_xo
* Solution:       solution1 (Vitis Kernel Flow Target)
* Product family: virtexuplus
* Target device:  xcu250-figd2104-2L-e


================================================================
== Performance Estimates
================================================================
+ Timing: 
    * Summary: 
    +--------+---------+----------+------------+
    |  Clock |  Target | Estimated| Uncertainty|
    +--------+---------+----------+------------+
    |ap_clk  |  3.33 ns|  2.616 ns|     0.90 ns|
    +--------+---------+----------+------------+

+ Latency: 
    * Summary: 
    +---------+---------+-----------+-----------+-----+-------+---------+
    |  Latency (cycles) |   Latency (absolute)  |   Interval  | Pipeline|
    |   min   |   max   |    min    |    max    | min |  max  |   Type  |
    +---------+---------+-----------+-----------+-----+-------+---------+
    |       14|    20489|  46.662 ns|  68.290 us|   14|  20489|       no|
    +---------+---------+-----------+-----------+-----+-------+---------+

    + Detail: 
        * Instance: 
        +-----------------------------------------------------------------------------------------+------------------------------------------------------------------------------+---------+---------+-----------+-----------+-----+-------+---------+
        |                                                                                         |                                                                              |  Latency (cycles) |   Latency (absolute)  |   Interval  | Pipeline|
        |                                         Instance                                        |                                    Module                                    |   min   |   max   |    min    |    max    | min |  max  |   Type  |
        +-----------------------------------------------------------------------------------------+------------------------------------------------------------------------------+---------+---------+-----------+-----------+-----+-------+---------+
        |grp_swiftkv_route_compressed_kv_cache_Pipeline_route_cached_compressed_kv_loop_fu_120    |swiftkv_route_compressed_kv_cache_Pipeline_route_cached_compressed_kv_loop    |        2|    20477|   6.666 ns|  68.250 us|    2|  20477|       no|
        |grp_swiftkv_route_compressed_kv_cache_Pipeline_stream_current_compressed_kv_loop_fu_151  |swiftkv_route_compressed_kv_cache_Pipeline_stream_current_compressed_kv_loop  |        7|        7|  23.331 ns|  23.331 ns|    7|      7|       no|
        +-----------------------------------------------------------------------------------------+------------------------------------------------------------------------------+---------+---------+-----------+-----------+-----+-------+---------+

        * Loop: 
        N/A



================================================================
== Utilization Estimates
================================================================
* Summary: 
+---------------------+---------+-------+---------+---------+------+
|         Name        | BRAM_18K|  DSP  |    FF   |   LUT   | URAM |
+---------------------+---------+-------+---------+---------+------+
|DSP                  |        -|      -|        -|        -|     -|
|Expression           |        -|      -|        0|       24|     -|
|FIFO                 |        -|      -|        -|        -|     -|
|Instance             |        -|      -|      557|      480|     -|
|Memory               |        -|      -|        -|        -|     -|
|Multiplexer          |        -|      -|        -|      385|     -|
|Register             |        -|      -|     2596|        -|     -|
+---------------------+---------+-------+---------+---------+------+
|Total                |        0|      0|     3153|      889|     0|
+---------------------+---------+-------+---------+---------+------+
|Available SLR        |     1344|   3072|   864000|   432000|   320|
+---------------------+---------+-------+---------+---------+------+
|Utilization SLR (%)  |        0|      0|       ~0|       ~0|     0|
+---------------------+---------+-------+---------+---------+------+
|Available            |     5376|  12288|  3456000|  1728000|  1280|
+---------------------+---------+-------+---------+---------+------+
|Utilization (%)      |        0|      0|       ~0|       ~0|     0|
+---------------------+---------+-------+---------+---------+------+

+ Detail: 
    * Instance: 
    +-----------------------------------------------------------------------------------------+------------------------------------------------------------------------------+---------+----+-----+-----+-----+
    |                                         Instance                                        |                                    Module                                    | BRAM_18K| DSP|  FF | LUT | URAM|
    +-----------------------------------------------------------------------------------------+------------------------------------------------------------------------------+---------+----+-----+-----+-----+
    |grp_swiftkv_route_compressed_kv_cache_Pipeline_route_cached_compressed_kv_loop_fu_120    |swiftkv_route_compressed_kv_cache_Pipeline_route_cached_compressed_kv_loop    |        0|   0|   36|  282|    0|
    |grp_swiftkv_route_compressed_kv_cache_Pipeline_stream_current_compressed_kv_loop_fu_151  |swiftkv_route_compressed_kv_cache_Pipeline_stream_current_compressed_kv_loop  |        0|   0|  521|  198|    0|
    +-----------------------------------------------------------------------------------------+------------------------------------------------------------------------------+---------+----+-----+-----+-----+
    |Total                                                                                    |                                                                              |        0|   0|  557|  480|    0|
    +-----------------------------------------------------------------------------------------+------------------------------------------------------------------------------+---------+----+-----+-----+-----+

    * DSP: 
    N/A

    * Memory: 
    N/A

    * FIFO: 
    N/A

    * Expression: 
    +---------------------+----------+----+---+----+------------+------------+
    |    Variable Name    | Operation| DSP| FF| LUT| Bitwidth P0| Bitwidth P1|
    +---------------------+----------+----+---+----+------------+------------+
    |add_ln712_fu_198_p2  |         +|   0|  0|  22|          15|          15|
    |ap_block_state1      |        or|   0|  0|   2|           1|           1|
    +---------------------+----------+----+---+----+------------+------------+
    |Total                |          |   0|  0|  24|          16|          16|
    +---------------------+----------+----+---+----+------------+------------+

    * Multiplexer: 
    +-----------------------------+----+-----------+-----+-----------+
    |             Name            | LUT| Input Size| Bits| Total Bits|
    +-----------------------------+----+-----------+-----+-----------+
    |ap_NS_fsm                    |  37|          7|    1|          7|
    |ap_done                      |   9|          2|    1|          2|
    |cached_kv_word_stream_read   |   9|          2|    1|          2|
    |current_record_0_val_blk_n   |   9|          2|    1|          2|
    |current_record_1_val_blk_n   |   9|          2|    1|          2|
    |current_record_2_val_blk_n   |   9|          2|    1|          2|
    |current_record_3_val_blk_n   |   9|          2|    1|          2|
    |current_record_4_val_blk_n   |   9|          2|    1|          2|
    |key0_stream_din              |   9|          2|  512|       1024|
    |key0_stream_write            |  14|          3|    1|          3|
    |key1_stream_din              |   9|          2|  512|       1024|
    |key1_stream_write            |  14|          3|    1|          3|
    |key_metadata_stream_din      |   9|          2|   40|         80|
    |key_metadata_stream_write    |  14|          3|    1|          3|
    |position_blk_n               |   9|          2|    1|          2|
    |value0_engine0_stream_din    |   9|          2|  128|        256|
    |value0_engine0_stream_write  |  14|          3|    1|          3|
    |value0_engine1_stream_din    |   9|          2|  128|        256|
    |value0_engine1_stream_write  |  14|          3|    1|          3|
    |value0_engine2_stream_din    |   9|          2|  128|        256|
    |value0_engine2_stream_write  |  14|          3|    1|          3|
    |value0_engine3_stream_din    |   9|          2|  128|        256|
    |value0_engine3_stream_write  |  14|          3|    1|          3|
    |value1_engine0_stream_din    |   9|          2|  128|        256|
    |value1_engine0_stream_write  |  14|          3|    1|          3|
    |value1_engine1_stream_din    |   9|          2|  128|        256|
    |value1_engine1_stream_write  |  14|          3|    1|          3|
    |value1_engine2_stream_din    |   9|          2|  128|        256|
    |value1_engine2_stream_write  |  14|          3|    1|          3|
    |value1_engine3_stream_din    |   9|          2|  128|        256|
    |value1_engine3_stream_write  |  14|          3|    1|          3|
    |value_metadata_stream_din    |   9|          2|   40|         80|
    |value_metadata_stream_write  |  14|          3|    1|          3|
    +-----------------------------+----+-----------+-----+-----------+
    |Total                        | 385|         83| 2149|       4315|
    +-----------------------------+----+-----------+-----+-----------+

    * Register: 
    +------------------------------------------------------------------------------------------------------+-----+----+-----+-----------+
    |                                                 Name                                                 |  FF | LUT| Bits| Const Bits|
    +------------------------------------------------------------------------------------------------------+-----+----+-----+-----------+
    |add_ln712_reg_236                                                                                     |   15|   0|   15|          0|
    |ap_CS_fsm                                                                                             |    6|   0|    6|          0|
    |ap_done_reg                                                                                           |    1|   0|    1|          0|
    |cached_tokens_reg_205                                                                                 |   12|   0|   12|          0|
    |current_record_0_val_read_reg_231                                                                     |  512|   0|  512|          0|
    |current_record_1_val_read_reg_226                                                                     |  512|   0|  512|          0|
    |current_record_2_val_read_reg_221                                                                     |  512|   0|  512|          0|
    |current_record_3_val_read_reg_216                                                                     |  512|   0|  512|          0|
    |current_record_4_val_read_reg_211                                                                     |  512|   0|  512|          0|
    |grp_swiftkv_route_compressed_kv_cache_Pipeline_route_cached_compressed_kv_loop_fu_120_ap_start_reg    |    1|   0|    1|          0|
    |grp_swiftkv_route_compressed_kv_cache_Pipeline_stream_current_compressed_kv_loop_fu_151_ap_start_reg  |    1|   0|    1|          0|
    +------------------------------------------------------------------------------------------------------+-----+----+-----+-----------+
    |Total                                                                                                 | 2596|   0| 2596|          0|
    +------------------------------------------------------------------------------------------------------+-----+----+-----+-----------+



================================================================
== Interface
================================================================
* Summary: 
+--------------------------------------+-----+-----+------------+-----------------------------------+--------------+
|               RTL Ports              | Dir | Bits|  Protocol  |           Source Object           |    C Type    |
+--------------------------------------+-----+-----+------------+-----------------------------------+--------------+
|ap_clk                                |   in|    1|  ap_ctrl_hs|  swiftkv_route_compressed_kv_cache|  return value|
|ap_rst                                |   in|    1|  ap_ctrl_hs|  swiftkv_route_compressed_kv_cache|  return value|
|ap_start                              |   in|    1|  ap_ctrl_hs|  swiftkv_route_compressed_kv_cache|  return value|
|ap_done                               |  out|    1|  ap_ctrl_hs|  swiftkv_route_compressed_kv_cache|  return value|
|ap_continue                           |   in|    1|  ap_ctrl_hs|  swiftkv_route_compressed_kv_cache|  return value|
|ap_idle                               |  out|    1|  ap_ctrl_hs|  swiftkv_route_compressed_kv_cache|  return value|
|ap_ready                              |  out|    1|  ap_ctrl_hs|  swiftkv_route_compressed_kv_cache|  return value|
|position_dout                         |   in|   12|     ap_fifo|                           position|       pointer|
|position_num_data_valid               |   in|    3|     ap_fifo|                           position|       pointer|
|position_fifo_cap                     |   in|    3|     ap_fifo|                           position|       pointer|
|position_empty_n                      |   in|    1|     ap_fifo|                           position|       pointer|
|position_read                         |  out|    1|     ap_fifo|                           position|       pointer|
|current_record_0_val_dout             |   in|  512|     ap_fifo|               current_record_0_val|       pointer|
|current_record_0_val_num_data_valid   |   in|    3|     ap_fifo|               current_record_0_val|       pointer|
|current_record_0_val_fifo_cap         |   in|    3|     ap_fifo|               current_record_0_val|       pointer|
|current_record_0_val_empty_n          |   in|    1|     ap_fifo|               current_record_0_val|       pointer|
|current_record_0_val_read             |  out|    1|     ap_fifo|               current_record_0_val|       pointer|
|current_record_1_val_dout             |   in|  512|     ap_fifo|               current_record_1_val|       pointer|
|current_record_1_val_num_data_valid   |   in|    3|     ap_fifo|               current_record_1_val|       pointer|
|current_record_1_val_fifo_cap         |   in|    3|     ap_fifo|               current_record_1_val|       pointer|
|current_record_1_val_empty_n          |   in|    1|     ap_fifo|               current_record_1_val|       pointer|
|current_record_1_val_read             |  out|    1|     ap_fifo|               current_record_1_val|       pointer|
|current_record_2_val_dout             |   in|  512|     ap_fifo|               current_record_2_val|       pointer|
|current_record_2_val_num_data_valid   |   in|    3|     ap_fifo|               current_record_2_val|       pointer|
|current_record_2_val_fifo_cap         |   in|    3|     ap_fifo|               current_record_2_val|       pointer|
|current_record_2_val_empty_n          |   in|    1|     ap_fifo|               current_record_2_val|       pointer|
|current_record_2_val_read             |  out|    1|     ap_fifo|               current_record_2_val|       pointer|
|current_record_3_val_dout             |   in|  512|     ap_fifo|               current_record_3_val|       pointer|
|current_record_3_val_num_data_valid   |   in|    3|     ap_fifo|               current_record_3_val|       pointer|
|current_record_3_val_fifo_cap         |   in|    3|     ap_fifo|               current_record_3_val|       pointer|
|current_record_3_val_empty_n          |   in|    1|     ap_fifo|               current_record_3_val|       pointer|
|current_record_3_val_read             |  out|    1|     ap_fifo|               current_record_3_val|       pointer|
|current_record_4_val_dout             |   in|  512|     ap_fifo|               current_record_4_val|       pointer|
|current_record_4_val_num_data_valid   |   in|    3|     ap_fifo|               current_record_4_val|       pointer|
|current_record_4_val_fifo_cap         |   in|    3|     ap_fifo|               current_record_4_val|       pointer|
|current_record_4_val_empty_n          |   in|    1|     ap_fifo|               current_record_4_val|       pointer|
|current_record_4_val_read             |  out|    1|     ap_fifo|               current_record_4_val|       pointer|
|cached_kv_word_stream_dout            |   in|  512|     ap_fifo|              cached_kv_word_stream|       pointer|
|cached_kv_word_stream_num_data_valid  |   in|    7|     ap_fifo|              cached_kv_word_stream|       pointer|
|cached_kv_word_stream_fifo_cap        |   in|    7|     ap_fifo|              cached_kv_word_stream|       pointer|
|cached_kv_word_stream_empty_n         |   in|    1|     ap_fifo|              cached_kv_word_stream|       pointer|
|cached_kv_word_stream_read            |  out|    1|     ap_fifo|              cached_kv_word_stream|       pointer|
|key_metadata_stream_din               |  out|   40|     ap_fifo|                key_metadata_stream|       pointer|
|key_metadata_stream_num_data_valid    |   in|    6|     ap_fifo|                key_metadata_stream|       pointer|
|key_metadata_stream_fifo_cap          |   in|    6|     ap_fifo|                key_metadata_stream|       pointer|
|key_metadata_stream_full_n            |   in|    1|     ap_fifo|                key_metadata_stream|       pointer|
|key_metadata_stream_write             |  out|    1|     ap_fifo|                key_metadata_stream|       pointer|
|value_metadata_stream_din             |  out|   40|     ap_fifo|              value_metadata_stream|       pointer|
|value_metadata_stream_num_data_valid  |   in|    6|     ap_fifo|              value_metadata_stream|       pointer|
|value_metadata_stream_fifo_cap        |   in|    6|     ap_fifo|              value_metadata_stream|       pointer|
|value_metadata_stream_full_n          |   in|    1|     ap_fifo|              value_metadata_stream|       pointer|
|value_metadata_stream_write           |  out|    1|     ap_fifo|              value_metadata_stream|       pointer|
|key0_stream_din                       |  out|  512|     ap_fifo|                        key0_stream|       pointer|
|key0_stream_num_data_valid            |   in|    6|     ap_fifo|                        key0_stream|       pointer|
|key0_stream_fifo_cap                  |   in|    6|     ap_fifo|                        key0_stream|       pointer|
|key0_stream_full_n                    |   in|    1|     ap_fifo|                        key0_stream|       pointer|
|key0_stream_write                     |  out|    1|     ap_fifo|                        key0_stream|       pointer|
|key1_stream_din                       |  out|  512|     ap_fifo|                        key1_stream|       pointer|
|key1_stream_num_data_valid            |   in|    6|     ap_fifo|                        key1_stream|       pointer|
|key1_stream_fifo_cap                  |   in|    6|     ap_fifo|                        key1_stream|       pointer|
|key1_stream_full_n                    |   in|    1|     ap_fifo|                        key1_stream|       pointer|
|key1_stream_write                     |  out|    1|     ap_fifo|                        key1_stream|       pointer|
|value0_engine0_stream_din             |  out|  128|     ap_fifo|              value0_engine0_stream|       pointer|
|value0_engine0_stream_num_data_valid  |   in|    6|     ap_fifo|              value0_engine0_stream|       pointer|
|value0_engine0_stream_fifo_cap        |   in|    6|     ap_fifo|              value0_engine0_stream|       pointer|
|value0_engine0_stream_full_n          |   in|    1|     ap_fifo|              value0_engine0_stream|       pointer|
|value0_engine0_stream_write           |  out|    1|     ap_fifo|              value0_engine0_stream|       pointer|
|value0_engine1_stream_din             |  out|  128|     ap_fifo|              value0_engine1_stream|       pointer|
|value0_engine1_stream_num_data_valid  |   in|    6|     ap_fifo|              value0_engine1_stream|       pointer|
|value0_engine1_stream_fifo_cap        |   in|    6|     ap_fifo|              value0_engine1_stream|       pointer|
|value0_engine1_stream_full_n          |   in|    1|     ap_fifo|              value0_engine1_stream|       pointer|
|value0_engine1_stream_write           |  out|    1|     ap_fifo|              value0_engine1_stream|       pointer|
|value0_engine2_stream_din             |  out|  128|     ap_fifo|              value0_engine2_stream|       pointer|
|value0_engine2_stream_num_data_valid  |   in|    6|     ap_fifo|              value0_engine2_stream|       pointer|
|value0_engine2_stream_fifo_cap        |   in|    6|     ap_fifo|              value0_engine2_stream|       pointer|
|value0_engine2_stream_full_n          |   in|    1|     ap_fifo|              value0_engine2_stream|       pointer|
|value0_engine2_stream_write           |  out|    1|     ap_fifo|              value0_engine2_stream|       pointer|
|value0_engine3_stream_din             |  out|  128|     ap_fifo|              value0_engine3_stream|       pointer|
|value0_engine3_stream_num_data_valid  |   in|    6|     ap_fifo|              value0_engine3_stream|       pointer|
|value0_engine3_stream_fifo_cap        |   in|    6|     ap_fifo|              value0_engine3_stream|       pointer|
|value0_engine3_stream_full_n          |   in|    1|     ap_fifo|              value0_engine3_stream|       pointer|
|value0_engine3_stream_write           |  out|    1|     ap_fifo|              value0_engine3_stream|       pointer|
|value1_engine0_stream_din             |  out|  128|     ap_fifo|              value1_engine0_stream|       pointer|
|value1_engine0_stream_num_data_valid  |   in|    6|     ap_fifo|              value1_engine0_stream|       pointer|
|value1_engine0_stream_fifo_cap        |   in|    6|     ap_fifo|              value1_engine0_stream|       pointer|
|value1_engine0_stream_full_n          |   in|    1|     ap_fifo|              value1_engine0_stream|       pointer|
|value1_engine0_stream_write           |  out|    1|     ap_fifo|              value1_engine0_stream|       pointer|
|value1_engine1_stream_din             |  out|  128|     ap_fifo|              value1_engine1_stream|       pointer|
|value1_engine1_stream_num_data_valid  |   in|    6|     ap_fifo|              value1_engine1_stream|       pointer|
|value1_engine1_stream_fifo_cap        |   in|    6|     ap_fifo|              value1_engine1_stream|       pointer|
|value1_engine1_stream_full_n          |   in|    1|     ap_fifo|              value1_engine1_stream|       pointer|
|value1_engine1_stream_write           |  out|    1|     ap_fifo|              value1_engine1_stream|       pointer|
|value1_engine2_stream_din             |  out|  128|     ap_fifo|              value1_engine2_stream|       pointer|
|value1_engine2_stream_num_data_valid  |   in|    6|     ap_fifo|              value1_engine2_stream|       pointer|
|value1_engine2_stream_fifo_cap        |   in|    6|     ap_fifo|              value1_engine2_stream|       pointer|
|value1_engine2_stream_full_n          |   in|    1|     ap_fifo|              value1_engine2_stream|       pointer|
|value1_engine2_stream_write           |  out|    1|     ap_fifo|              value1_engine2_stream|       pointer|
|value1_engine3_stream_din             |  out|  128|     ap_fifo|              value1_engine3_stream|       pointer|
|value1_engine3_stream_num_data_valid  |   in|    6|     ap_fifo|              value1_engine3_stream|       pointer|
|value1_engine3_stream_fifo_cap        |   in|    6|     ap_fifo|              value1_engine3_stream|       pointer|
|value1_engine3_stream_full_n          |   in|    1|     ap_fifo|              value1_engine3_stream|       pointer|
|value1_engine3_stream_write           |  out|    1|     ap_fifo|              value1_engine3_stream|       pointer|
+--------------------------------------+-----+-----+------------+-----------------------------------+--------------+

============================================================
+ Verbose Summary: Synthesis Manager
============================================================
InlineROM: 1
ExposeGlobal: 0
============================================================
+ Verbose Summary: CDFG Model
============================================================
IsTopModel: 0
ResetActiveHigh: 1
IsCombinational: 2
IsDatapathOnly: 0
HasWiredReturn: 1
HasMFsm: 0
HasVarLatency: 1
IsPipeline: 0
IsRtlPipelined: 0
IsInstanceOverlapped: 0
IsDontTouch: 0
HasImplIP: 0
IsGatedGlobalClock: 0


============================================================
+ Verbose Summary: Schedule
============================================================
* Number of FSM states : 6
* Pipeline : 0
* Dataflow Pipeline: 0

* FSM state transitions: 
1 --> 2 
2 --> 3 
3 --> 4 
4 --> 5 
5 --> 6 
6 --> 

* FSM state operations: 

State 1 <SV = 0> <Delay = 1.21>
ST_1 : Operation 7 [1/1] (1.21ns)   --->   "%cached_tokens = read i12 @_ssdm_op_Read.ap_fifo.i12P0A, i12 %position"   --->   Operation 7 'read' 'cached_tokens' <Predicate = true> <Delay = 1.21> <CoreInst = "FIFO_SRL">   --->   Core 81 'FIFO_SRL' <Latency = 0> <II = 1> <Delay = 1.34> <Storage> <Opcode : 'read' 'write' 'nbread' 'nbwrite'> <Ports = 0> <Width = 12> <Depth = 2> <FIFO>
ST_1 : Operation 8 [1/1] (1.20ns)   --->   "%current_record_4_val_read = read i512 @_ssdm_op_Read.ap_fifo.i512P0A, i512 %current_record_4_val"   --->   Operation 8 'read' 'current_record_4_val_read' <Predicate = true> <Delay = 1.20> <CoreInst = "FIFO">   --->   Core 78 'FIFO' <Latency = 0> <II = 1> <Delay = 1.20> <Storage> <Opcode : 'read' 'write' 'nbread' 'nbwrite'> <Ports = 0> <Width = 512> <Depth = 3> <FIFO>
ST_1 : Operation 9 [1/1] (1.20ns)   --->   "%current_record_3_val_read = read i512 @_ssdm_op_Read.ap_fifo.i512P0A, i512 %current_record_3_val"   --->   Operation 9 'read' 'current_record_3_val_read' <Predicate = true> <Delay = 1.20> <CoreInst = "FIFO">   --->   Core 78 'FIFO' <Latency = 0> <II = 1> <Delay = 1.20> <Storage> <Opcode : 'read' 'write' 'nbread' 'nbwrite'> <Ports = 0> <Width = 512> <Depth = 3> <FIFO>
ST_1 : Operation 10 [1/1] (1.20ns)   --->   "%current_record_2_val_read = read i512 @_ssdm_op_Read.ap_fifo.i512P0A, i512 %current_record_2_val"   --->   Operation 10 'read' 'current_record_2_val_read' <Predicate = true> <Delay = 1.20> <CoreInst = "FIFO">   --->   Core 78 'FIFO' <Latency = 0> <II = 1> <Delay = 1.20> <Storage> <Opcode : 'read' 'write' 'nbread' 'nbwrite'> <Ports = 0> <Width = 512> <Depth = 3> <FIFO>
ST_1 : Operation 11 [1/1] (1.20ns)   --->   "%current_record_1_val_read = read i512 @_ssdm_op_Read.ap_fifo.i512P0A, i512 %current_record_1_val"   --->   Operation 11 'read' 'current_record_1_val_read' <Predicate = true> <Delay = 1.20> <CoreInst = "FIFO">   --->   Core 78 'FIFO' <Latency = 0> <II = 1> <Delay = 1.20> <Storage> <Opcode : 'read' 'write' 'nbread' 'nbwrite'> <Ports = 0> <Width = 512> <Depth = 3> <FIFO>
ST_1 : Operation 12 [1/1] (1.20ns)   --->   "%current_record_0_val_read = read i512 @_ssdm_op_Read.ap_fifo.i512P0A, i512 %current_record_0_val"   --->   Operation 12 'read' 'current_record_0_val_read' <Predicate = true> <Delay = 1.20> <CoreInst = "FIFO">   --->   Core 78 'FIFO' <Latency = 0> <II = 1> <Delay = 1.20> <Storage> <Opcode : 'read' 'write' 'nbread' 'nbwrite'> <Ports = 0> <Width = 512> <Depth = 3> <FIFO>

State 2 <SV = 1> <Delay = 1.92>
ST_2 : Operation 13 [1/1] (0.00ns)   --->   "%zext_ln707 = zext i12 %cached_tokens" [source/swiftkv_attention.cpp:707]   --->   Operation 13 'zext' 'zext_ln707' <Predicate = true> <Delay = 0.00>
ST_2 : Operation 14 [1/1] (0.00ns)   --->   "%shl_ln = bitconcatenate i14 @_ssdm_op_BitConcatenate.i14.i12.i2, i12 %cached_tokens, i2 0" [source/swiftkv_attention.cpp:712]   --->   Operation 14 'bitconcatenate' 'shl_ln' <Predicate = true> <Delay = 0.00>
ST_2 : Operation 15 [1/1] (0.00ns)   --->   "%zext_ln712 = zext i14 %shl_ln" [source/swiftkv_attention.cpp:712]   --->   Operation 15 'zext' 'zext_ln712' <Predicate = true> <Delay = 0.00>
ST_2 : Operation 16 [1/1] (0.76ns)   --->   "%add_ln712 = add i15 %zext_ln712, i15 %zext_ln707" [source/swiftkv_attention.cpp:712]   --->   Operation 16 'add' 'add_ln712' <Predicate = true> <Delay = 0.76> <CoreInst = "Adder">   --->   Core 1 'Adder' <Latency = 0> <II = 1> <Delay = 0.77> <FuncUnit> <Opcode : 'add' 'sub'> <InPorts = 2> <OutPorts = 1>
ST_2 : Operation 17 [1/1] (0.00ns)   --->   "%empty = wait i32 @_ssdm_op_Wait"   --->   Operation 17 'wait' 'empty' <Predicate = true> <Delay = 0.00>
ST_2 : Operation 18 [2/2] (1.16ns)   --->   "%call_ln712 = call void @swiftkv_route_compressed_kv_cache_Pipeline_route_cached_compressed_kv_loop, i15 %add_ln712, i40 %key_metadata_stream, i40 %value_metadata_stream, i512 %cached_kv_word_stream, i512 %key0_stream, i512 %key1_stream, i128 %value0_engine0_stream, i128 %value0_engine1_stream, i128 %value0_engine2_stream, i128 %value0_engine3_stream, i128 %value1_engine0_stream, i128 %value1_engine1_stream, i128 %value1_engine2_stream, i128 %value1_engine3_stream" [source/swiftkv_attention.cpp:712]   --->   Operation 18 'call' 'call_ln712' <Predicate = true> <Delay = 1.16> <CoreType = "Generic">   --->   Core 0 '' <Latency = 0> <II = 1> <Delay = 1.00> <Generic> <Opcode : >

State 3 <SV = 2> <Delay = 0.00>
ST_3 : Operation 19 [1/2] (0.00ns)   --->   "%call_ln712 = call void @swiftkv_route_compressed_kv_cache_Pipeline_route_cached_compressed_kv_loop, i15 %add_ln712, i40 %key_metadata_stream, i40 %value_metadata_stream, i512 %cached_kv_word_stream, i512 %key0_stream, i512 %key1_stream, i128 %value0_engine0_stream, i128 %value0_engine1_stream, i128 %value0_engine2_stream, i128 %value0_engine3_stream, i128 %value1_engine0_stream, i128 %value1_engine1_stream, i128 %value1_engine2_stream, i128 %value1_engine3_stream" [source/swiftkv_attention.cpp:712]   --->   Operation 19 'call' 'call_ln712' <Predicate = true> <Delay = 0.00> <CoreType = "Generic">   --->   Core 0 '' <Latency = 0> <II = 1> <Delay = 1.00> <Generic> <Opcode : >

State 4 <SV = 3> <Delay = 0.00>
ST_4 : Operation 20 [1/1] (0.00ns)   --->   "%empty_726 = wait i32 @_ssdm_op_Wait"   --->   Operation 20 'wait' 'empty_726' <Predicate = true> <Delay = 0.00>

State 5 <SV = 4> <Delay = 0.48>
ST_5 : Operation 21 [1/1] (0.00ns)   --->   "%empty_727 = wait i32 @_ssdm_op_Wait"   --->   Operation 21 'wait' 'empty_727' <Predicate = true> <Delay = 0.00>
ST_5 : Operation 22 [2/2] (0.48ns)   --->   "%call_ln0 = call void @swiftkv_route_compressed_kv_cache_Pipeline_stream_current_compressed_kv_loop, i40 %key_metadata_stream, i40 %value_metadata_stream, i512 %current_record_0_val_read, i512 %current_record_1_val_read, i512 %current_record_2_val_read, i512 %current_record_3_val_read, i512 %current_record_4_val_read, i512 %key0_stream, i512 %key1_stream, i128 %value0_engine0_stream, i128 %value0_engine1_stream, i128 %value0_engine2_stream, i128 %value0_engine3_stream, i128 %value1_engine0_stream, i128 %value1_engine1_stream, i128 %value1_engine2_stream, i128 %value1_engine3_stream"   --->   Operation 22 'call' 'call_ln0' <Predicate = true> <Delay = 0.48> <CoreType = "Generic">   --->   Core 0 '' <Latency = 0> <II = 1> <Delay = 1.00> <Generic> <Opcode : >

State 6 <SV = 5> <Delay = 0.00>
ST_6 : Operation 23 [1/1] (0.00ns)   --->   "%specinterface_ln0 = specinterface void @_ssdm_op_SpecInterface, i12 %position, void @ap_fifo_str, i32 0, i32 0, void @p_str, i32 0, i32 0, void @p_str, void @p_str, void @p_str, i32 2, i32 2, i32 16, i32 16, void @p_str, void @ScalarProp_str, i32 4294967295, i32 0"   --->   Operation 23 'specinterface' 'specinterface_ln0' <Predicate = true> <Delay = 0.00>
ST_6 : Operation 24 [1/1] (0.00ns)   --->   "%specinterface_ln0 = specinterface void @_ssdm_op_SpecInterface, i512 %current_record_4_val, void @ap_fifo_str, i32 0, i32 0, void @p_str, i32 0, i32 0, void @p_str, void @p_str, void @p_str, i32 2, i32 2, i32 16, i32 16, void @p_str, void @ScalarProp_str, i32 4294967295, i32 0"   --->   Operation 24 'specinterface' 'specinterface_ln0' <Predicate = true> <Delay = 0.00>
ST_6 : Operation 25 [1/1] (0.00ns)   --->   "%specinterface_ln0 = specinterface void @_ssdm_op_SpecInterface, i512 %current_record_3_val, void @ap_fifo_str, i32 0, i32 0, void @p_str, i32 0, i32 0, void @p_str, void @p_str, void @p_str, i32 2, i32 2, i32 16, i32 16, void @p_str, void @ScalarProp_str, i32 4294967295, i32 0"   --->   Operation 25 'specinterface' 'specinterface_ln0' <Predicate = true> <Delay = 0.00>
ST_6 : Operation 26 [1/1] (0.00ns)   --->   "%specinterface_ln0 = specinterface void @_ssdm_op_SpecInterface, i512 %current_record_2_val, void @ap_fifo_str, i32 0, i32 0, void @p_str, i32 0, i32 0, void @p_str, void @p_str, void @p_str, i32 2, i32 2, i32 16, i32 16, void @p_str, void @ScalarProp_str, i32 4294967295, i32 0"   --->   Operation 26 'specinterface' 'specinterface_ln0' <Predicate = true> <Delay = 0.00>
ST_6 : Operation 27 [1/1] (0.00ns)   --->   "%specinterface_ln0 = specinterface void @_ssdm_op_SpecInterface, i512 %current_record_1_val, void @ap_fifo_str, i32 0, i32 0, void @p_str, i32 0, i32 0, void @p_str, void @p_str, void @p_str, i32 2, i32 2, i32 16, i32 16, void @p_str, void @ScalarProp_str, i32 4294967295, i32 0"   --->   Operation 27 'specinterface' 'specinterface_ln0' <Predicate = true> <Delay = 0.00>
ST_6 : Operation 28 [1/1] (0.00ns)   --->   "%specinterface_ln0 = specinterface void @_ssdm_op_SpecInterface, i512 %current_record_0_val, void @ap_fifo_str, i32 0, i32 0, void @p_str, i32 0, i32 0, void @p_str, void @p_str, void @p_str, i32 2, i32 2, i32 16, i32 16, void @p_str, void @ScalarProp_str, i32 4294967295, i32 0"   --->   Operation 28 'specinterface' 'specinterface_ln0' <Predicate = true> <Delay = 0.00>
ST_6 : Operation 29 [1/1] (0.00ns)   --->   "%specmemcore_ln0 = specmemcore void @_ssdm_op_SpecMemCore, i128 %value1_engine3_stream, i64 666, i64 11, i64 18446744073709551615"   --->   Operation 29 'specmemcore' 'specmemcore_ln0' <Predicate = true> <Delay = 0.00>
ST_6 : Operation 30 [1/1] (0.00ns)   --->   "%specmemcore_ln0 = specmemcore void @_ssdm_op_SpecMemCore, i128 %value1_engine2_stream, i64 666, i64 11, i64 18446744073709551615"   --->   Operation 30 'specmemcore' 'specmemcore_ln0' <Predicate = true> <Delay = 0.00>
ST_6 : Operation 31 [1/1] (0.00ns)   --->   "%specmemcore_ln0 = specmemcore void @_ssdm_op_SpecMemCore, i128 %value1_engine1_stream, i64 666, i64 11, i64 18446744073709551615"   --->   Operation 31 'specmemcore' 'specmemcore_ln0' <Predicate = true> <Delay = 0.00>
ST_6 : Operation 32 [1/1] (0.00ns)   --->   "%specmemcore_ln0 = specmemcore void @_ssdm_op_SpecMemCore, i128 %value1_engine0_stream, i64 666, i64 11, i64 18446744073709551615"   --->   Operation 32 'specmemcore' 'specmemcore_ln0' <Predicate = true> <Delay = 0.00>
ST_6 : Operation 33 [1/1] (0.00ns)   --->   "%specmemcore_ln0 = specmemcore void @_ssdm_op_SpecMemCore, i128 %value0_engine3_stream, i64 666, i64 11, i64 18446744073709551615"   --->   Operation 33 'specmemcore' 'specmemcore_ln0' <Predicate = true> <Delay = 0.00>
ST_6 : Operation 34 [1/1] (0.00ns)   --->   "%specmemcore_ln0 = specmemcore void @_ssdm_op_SpecMemCore, i128 %value0_engine2_stream, i64 666, i64 11, i64 18446744073709551615"   --->   Operation 34 'specmemcore' 'specmemcore_ln0' <Predicate = true> <Delay = 0.00>
ST_6 : Operation 35 [1/1] (0.00ns)   --->   "%specmemcore_ln0 = specmemcore void @_ssdm_op_SpecMemCore, i128 %value0_engine1_stream, i64 666, i64 11, i64 18446744073709551615"   --->   Operation 35 'specmemcore' 'specmemcore_ln0' <Predicate = true> <Delay = 0.00>
ST_6 : Operation 36 [1/1] (0.00ns)   --->   "%specmemcore_ln0 = specmemcore void @_ssdm_op_SpecMemCore, i128 %value0_engine0_stream, i64 666, i64 11, i64 18446744073709551615"   --->   Operation 36 'specmemcore' 'specmemcore_ln0' <Predicate = true> <Delay = 0.00>
ST_6 : Operation 37 [1/1] (0.00ns)   --->   "%specmemcore_ln0 = specmemcore void @_ssdm_op_SpecMemCore, i512 %key1_stream, i64 666, i64 11, i64 18446744073709551615"   --->   Operation 37 'specmemcore' 'specmemcore_ln0' <Predicate = true> <Delay = 0.00>
ST_6 : Operation 38 [1/1] (0.00ns)   --->   "%specmemcore_ln0 = specmemcore void @_ssdm_op_SpecMemCore, i512 %key0_stream, i64 666, i64 11, i64 18446744073709551615"   --->   Operation 38 'specmemcore' 'specmemcore_ln0' <Predicate = true> <Delay = 0.00>
ST_6 : Operation 39 [1/1] (0.00ns)   --->   "%specmemcore_ln0 = specmemcore void @_ssdm_op_SpecMemCore, i40 %value_metadata_stream, i64 666, i64 10, i64 18446744073709551615"   --->   Operation 39 'specmemcore' 'specmemcore_ln0' <Predicate = true> <Delay = 0.00>
ST_6 : Operation 40 [1/1] (0.00ns)   --->   "%specmemcore_ln0 = specmemcore void @_ssdm_op_SpecMemCore, i40 %key_metadata_stream, i64 666, i64 10, i64 18446744073709551615"   --->   Operation 40 'specmemcore' 'specmemcore_ln0' <Predicate = true> <Delay = 0.00>
ST_6 : Operation 41 [1/1] (0.00ns)   --->   "%specmemcore_ln0 = specmemcore void @_ssdm_op_SpecMemCore, i512 %cached_kv_word_stream, i64 666, i64 8, i64 18446744073709551615"   --->   Operation 41 'specmemcore' 'specmemcore_ln0' <Predicate = true> <Delay = 0.00>
ST_6 : Operation 42 [1/1] (0.00ns)   --->   "%specinterface_ln0 = specinterface void @_ssdm_op_SpecInterface, i128 %value1_engine3_stream, void @empty_447, i32 0, i32 0, void @empty_418, i32 0, i32 0, void @empty_418, void @empty_418, void @empty_418, i32 0, i32 0, i32 0, i32 0, void @empty_418, void @empty_418, i32 4294967295, i32 0"   --->   Operation 42 'specinterface' 'specinterface_ln0' <Predicate = true> <Delay = 0.00>
ST_6 : Operation 43 [1/1] (0.00ns)   --->   "%specinterface_ln0 = specinterface void @_ssdm_op_SpecInterface, i128 %value1_engine2_stream, void @empty_447, i32 0, i32 0, void @empty_418, i32 0, i32 0, void @empty_418, void @empty_418, void @empty_418, i32 0, i32 0, i32 0, i32 0, void @empty_418, void @empty_418, i32 4294967295, i32 0"   --->   Operation 43 'specinterface' 'specinterface_ln0' <Predicate = true> <Delay = 0.00>
ST_6 : Operation 44 [1/1] (0.00ns)   --->   "%specinterface_ln0 = specinterface void @_ssdm_op_SpecInterface, i128 %value1_engine1_stream, void @empty_447, i32 0, i32 0, void @empty_418, i32 0, i32 0, void @empty_418, void @empty_418, void @empty_418, i32 0, i32 0, i32 0, i32 0, void @empty_418, void @empty_418, i32 4294967295, i32 0"   --->   Operation 44 'specinterface' 'specinterface_ln0' <Predicate = true> <Delay = 0.00>
ST_6 : Operation 45 [1/1] (0.00ns)   --->   "%specinterface_ln0 = specinterface void @_ssdm_op_SpecInterface, i128 %value1_engine0_stream, void @empty_447, i32 0, i32 0, void @empty_418, i32 0, i32 0, void @empty_418, void @empty_418, void @empty_418, i32 0, i32 0, i32 0, i32 0, void @empty_418, void @empty_418, i32 4294967295, i32 0"   --->   Operation 45 'specinterface' 'specinterface_ln0' <Predicate = true> <Delay = 0.00>
ST_6 : Operation 46 [1/1] (0.00ns)   --->   "%specinterface_ln0 = specinterface void @_ssdm_op_SpecInterface, i128 %value0_engine3_stream, void @empty_447, i32 0, i32 0, void @empty_418, i32 0, i32 0, void @empty_418, void @empty_418, void @empty_418, i32 0, i32 0, i32 0, i32 0, void @empty_418, void @empty_418, i32 4294967295, i32 0"   --->   Operation 46 'specinterface' 'specinterface_ln0' <Predicate = true> <Delay = 0.00>
ST_6 : Operation 47 [1/1] (0.00ns)   --->   "%specinterface_ln0 = specinterface void @_ssdm_op_SpecInterface, i128 %value0_engine2_stream, void @empty_447, i32 0, i32 0, void @empty_418, i32 0, i32 0, void @empty_418, void @empty_418, void @empty_418, i32 0, i32 0, i32 0, i32 0, void @empty_418, void @empty_418, i32 4294967295, i32 0"   --->   Operation 47 'specinterface' 'specinterface_ln0' <Predicate = true> <Delay = 0.00>
ST_6 : Operation 48 [1/1] (0.00ns)   --->   "%specinterface_ln0 = specinterface void @_ssdm_op_SpecInterface, i128 %value0_engine1_stream, void @empty_447, i32 0, i32 0, void @empty_418, i32 0, i32 0, void @empty_418, void @empty_418, void @empty_418, i32 0, i32 0, i32 0, i32 0, void @empty_418, void @empty_418, i32 4294967295, i32 0"   --->   Operation 48 'specinterface' 'specinterface_ln0' <Predicate = true> <Delay = 0.00>
ST_6 : Operation 49 [1/1] (0.00ns)   --->   "%specinterface_ln0 = specinterface void @_ssdm_op_SpecInterface, i128 %value0_engine0_stream, void @empty_447, i32 0, i32 0, void @empty_418, i32 0, i32 0, void @empty_418, void @empty_418, void @empty_418, i32 0, i32 0, i32 0, i32 0, void @empty_418, void @empty_418, i32 4294967295, i32 0"   --->   Operation 49 'specinterface' 'specinterface_ln0' <Predicate = true> <Delay = 0.00>
ST_6 : Operation 50 [1/1] (0.00ns)   --->   "%specinterface_ln0 = specinterface void @_ssdm_op_SpecInterface, i512 %key1_stream, void @empty_447, i32 0, i32 0, void @empty_418, i32 0, i32 0, void @empty_418, void @empty_418, void @empty_418, i32 0, i32 0, i32 0, i32 0, void @empty_418, void @empty_418, i32 4294967295, i32 0"   --->   Operation 50 'specinterface' 'specinterface_ln0' <Predicate = true> <Delay = 0.00>
ST_6 : Operation 51 [1/1] (0.00ns)   --->   "%specinterface_ln0 = specinterface void @_ssdm_op_SpecInterface, i512 %key0_stream, void @empty_447, i32 0, i32 0, void @empty_418, i32 0, i32 0, void @empty_418, void @empty_418, void @empty_418, i32 0, i32 0, i32 0, i32 0, void @empty_418, void @empty_418, i32 4294967295, i32 0"   --->   Operation 51 'specinterface' 'specinterface_ln0' <Predicate = true> <Delay = 0.00>
ST_6 : Operation 52 [1/1] (0.00ns)   --->   "%specinterface_ln0 = specinterface void @_ssdm_op_SpecInterface, i40 %value_metadata_stream, void @empty_447, i32 0, i32 0, void @empty_418, i32 0, i32 0, void @empty_418, void @empty_418, void @empty_418, i32 0, i32 0, i32 0, i32 0, void @empty_418, void @empty_418, i32 4294967295, i32 0"   --->   Operation 52 'specinterface' 'specinterface_ln0' <Predicate = true> <Delay = 0.00>
ST_6 : Operation 53 [1/1] (0.00ns)   --->   "%specinterface_ln0 = specinterface void @_ssdm_op_SpecInterface, i40 %key_metadata_stream, void @empty_447, i32 0, i32 0, void @empty_418, i32 0, i32 0, void @empty_418, void @empty_418, void @empty_418, i32 0, i32 0, i32 0, i32 0, void @empty_418, void @empty_418, i32 4294967295, i32 0"   --->   Operation 53 'specinterface' 'specinterface_ln0' <Predicate = true> <Delay = 0.00>
ST_6 : Operation 54 [1/1] (0.00ns)   --->   "%specinterface_ln0 = specinterface void @_ssdm_op_SpecInterface, i512 %cached_kv_word_stream, void @empty_447, i32 0, i32 0, void @empty_418, i32 0, i32 0, void @empty_418, void @empty_418, void @empty_418, i32 0, i32 0, i32 0, i32 0, void @empty_418, void @empty_418, i32 4294967295, i32 0"   --->   Operation 54 'specinterface' 'specinterface_ln0' <Predicate = true> <Delay = 0.00>
ST_6 : Operation 55 [1/2] (0.00ns)   --->   "%call_ln0 = call void @swiftkv_route_compressed_kv_cache_Pipeline_stream_current_compressed_kv_loop, i40 %key_metadata_stream, i40 %value_metadata_stream, i512 %current_record_0_val_read, i512 %current_record_1_val_read, i512 %current_record_2_val_read, i512 %current_record_3_val_read, i512 %current_record_4_val_read, i512 %key0_stream, i512 %key1_stream, i128 %value0_engine0_stream, i128 %value0_engine1_stream, i128 %value0_engine2_stream, i128 %value0_engine3_stream, i128 %value1_engine0_stream, i128 %value1_engine1_stream, i128 %value1_engine2_stream, i128 %value1_engine3_stream"   --->   Operation 55 'call' 'call_ln0' <Predicate = true> <Delay = 0.00> <CoreType = "Generic">   --->   Core 0 '' <Latency = 0> <II = 1> <Delay = 1.00> <Generic> <Opcode : >
ST_6 : Operation 56 [1/1] (0.00ns)   --->   "%ret_ln741 = ret" [source/swiftkv_attention.cpp:741]   --->   Operation 56 'ret' 'ret_ln741' <Predicate = true> <Delay = 0.00>


============================================================
+ Verbose Summary: Binding
============================================================
STG Binding: 
---------------- STG Properties BEGIN ----------------
- Is combinational: 0
- Is one-state seq: 0
- Is datapath-only: 0
- Is pipelined: 0
- Is top level: 0
Port [ Return ] is wired: 1; IO mode=ap_ctrl_hs:ce=0
Port [ position]:  wired=1; compound=1; hidden=0; nouse=0; global=0; static=0; extern=0; dir=0; type=3; pingpong=0; private_global=0; IO mode=ap_fifo:ce=0
Port [ current_record_0_val]:  wired=1; compound=1; hidden=0; nouse=0; global=0; static=0; extern=0; dir=0; type=3; pingpong=0; private_global=0; IO mode=ap_fifo:ce=0
Port [ current_record_1_val]:  wired=1; compound=1; hidden=0; nouse=0; global=0; static=0; extern=0; dir=0; type=3; pingpong=0; private_global=0; IO mode=ap_fifo:ce=0
Port [ current_record_2_val]:  wired=1; compound=1; hidden=0; nouse=0; global=0; static=0; extern=0; dir=0; type=3; pingpong=0; private_global=0; IO mode=ap_fifo:ce=0
Port [ current_record_3_val]:  wired=1; compound=1; hidden=0; nouse=0; global=0; static=0; extern=0; dir=0; type=3; pingpong=0; private_global=0; IO mode=ap_fifo:ce=0
Port [ current_record_4_val]:  wired=1; compound=1; hidden=0; nouse=0; global=0; static=0; extern=0; dir=0; type=3; pingpong=0; private_global=0; IO mode=ap_fifo:ce=0
Port [ cached_kv_word_stream]:  wired=1; compound=1; hidden=0; nouse=0; global=0; static=0; extern=0; dir=0; type=3; pingpong=0; private_global=0; IO mode=ap_fifo:ce=0
Port [ key_metadata_stream]:  wired=1; compound=1; hidden=0; nouse=0; global=0; static=0; extern=0; dir=1; type=3; pingpong=0; private_global=0; IO mode=ap_fifo:ce=0
Port [ value_metadata_stream]:  wired=1; compound=1; hidden=0; nouse=0; global=0; static=0; extern=0; dir=1; type=3; pingpong=0; private_global=0; IO mode=ap_fifo:ce=0
Port [ key0_stream]:  wired=1; compound=1; hidden=0; nouse=0; global=0; static=0; extern=0; dir=1; type=3; pingpong=0; private_global=0; IO mode=ap_fifo:ce=0
Port [ key1_stream]:  wired=1; compound=1; hidden=0; nouse=0; global=0; static=0; extern=0; dir=1; type=3; pingpong=0; private_global=0; IO mode=ap_fifo:ce=0
Port [ value0_engine0_stream]:  wired=1; compound=1; hidden=0; nouse=0; global=0; static=0; extern=0; dir=1; type=3; pingpong=0; private_global=0; IO mode=ap_fifo:ce=0
Port [ value0_engine1_stream]:  wired=1; compound=1; hidden=0; nouse=0; global=0; static=0; extern=0; dir=1; type=3; pingpong=0; private_global=0; IO mode=ap_fifo:ce=0
Port [ value0_engine2_stream]:  wired=1; compound=1; hidden=0; nouse=0; global=0; static=0; extern=0; dir=1; type=3; pingpong=0; private_global=0; IO mode=ap_fifo:ce=0
Port [ value0_engine3_stream]:  wired=1; compound=1; hidden=0; nouse=0; global=0; static=0; extern=0; dir=1; type=3; pingpong=0; private_global=0; IO mode=ap_fifo:ce=0
Port [ value1_engine0_stream]:  wired=1; compound=1; hidden=0; nouse=0; global=0; static=0; extern=0; dir=1; type=3; pingpong=0; private_global=0; IO mode=ap_fifo:ce=0
Port [ value1_engine1_stream]:  wired=1; compound=1; hidden=0; nouse=0; global=0; static=0; extern=0; dir=1; type=3; pingpong=0; private_global=0; IO mode=ap_fifo:ce=0
Port [ value1_engine2_stream]:  wired=1; compound=1; hidden=0; nouse=0; global=0; static=0; extern=0; dir=1; type=3; pingpong=0; private_global=0; IO mode=ap_fifo:ce=0
Port [ value1_engine3_stream]:  wired=1; compound=1; hidden=0; nouse=0; global=0; static=0; extern=0; dir=1; type=3; pingpong=0; private_global=0; IO mode=ap_fifo:ce=0
---------------- STG Properties END ------------------

---------------- Datapath Model BEGIN ----------------

<LifeTime>
<method=bitvector/>
cached_tokens             (read          ) [ 0010000]
current_record_4_val_read (read          ) [ 0011111]
current_record_3_val_read (read          ) [ 0011111]
current_record_2_val_read (read          ) [ 0011111]
current_record_1_val_read (read          ) [ 0011111]
current_record_0_val_read (read          ) [ 0011111]
zext_ln707                (zext          ) [ 0000000]
shl_ln                    (bitconcatenate) [ 0000000]
zext_ln712                (zext          ) [ 0000000]
add_ln712                 (add           ) [ 0001000]
empty                     (wait          ) [ 0000000]
call_ln712                (call          ) [ 0000000]
empty_726                 (wait          ) [ 0000000]
empty_727                 (wait          ) [ 0000000]
specinterface_ln0         (specinterface ) [ 0000000]
specinterface_ln0         (specinterface ) [ 0000000]
specinterface_ln0         (specinterface ) [ 0000000]
specinterface_ln0         (specinterface ) [ 0000000]
specinterface_ln0         (specinterface ) [ 0000000]
specinterface_ln0         (specinterface ) [ 0000000]
specmemcore_ln0           (specmemcore   ) [ 0000000]
specmemcore_ln0           (specmemcore   ) [ 0000000]
specmemcore_ln0           (specmemcore   ) [ 0000000]
specmemcore_ln0           (specmemcore   ) [ 0000000]
specmemcore_ln0           (specmemcore   ) [ 0000000]
specmemcore_ln0           (specmemcore   ) [ 0000000]
specmemcore_ln0           (specmemcore   ) [ 0000000]
specmemcore_ln0           (specmemcore   ) [ 0000000]
specmemcore_ln0           (specmemcore   ) [ 0000000]
specmemcore_ln0           (specmemcore   ) [ 0000000]
specmemcore_ln0           (specmemcore   ) [ 0000000]
specmemcore_ln0           (specmemcore   ) [ 0000000]
specmemcore_ln0           (specmemcore   ) [ 0000000]
specinterface_ln0         (specinterface ) [ 0000000]
specinterface_ln0         (specinterface ) [ 0000000]
specinterface_ln0         (specinterface ) [ 0000000]
specinterface_ln0         (specinterface ) [ 0000000]
specinterface_ln0         (specinterface ) [ 0000000]
specinterface_ln0         (specinterface ) [ 0000000]
specinterface_ln0         (specinterface ) [ 0000000]
specinterface_ln0         (specinterface ) [ 0000000]
specinterface_ln0         (specinterface ) [ 0000000]
specinterface_ln0         (specinterface ) [ 0000000]
specinterface_ln0         (specinterface ) [ 0000000]
specinterface_ln0         (specinterface ) [ 0000000]
specinterface_ln0         (specinterface ) [ 0000000]
call_ln0                  (call          ) [ 0000000]
ret_ln741                 (ret           ) [ 0000000]
</LifeTime>

<model>

<comp_list>
<comp id="0" class="1000" name="position">
<pin_list>
<pin id="1" dir="1" index="0" bw="1" slack="0"/>
</pin_list>
<bind>
<StgValue><ssdm name="position"/></StgValue>
</bind>
</comp>

<comp id="2" class="1000" name="current_record_0_val">
<pin_list>
<pin id="3" dir="1" index="0" bw="1" slack="0"/>
</pin_list>
<bind>
<StgValue><ssdm name="current_record_0_val"/></StgValue>
</bind>
</comp>

<comp id="4" class="1000" name="current_record_1_val">
<pin_list>
<pin id="5" dir="1" index="0" bw="1" slack="0"/>
</pin_list>
<bind>
<StgValue><ssdm name="current_record_1_val"/></StgValue>
</bind>
</comp>

<comp id="6" class="1000" name="current_record_2_val">
<pin_list>
<pin id="7" dir="1" index="0" bw="1" slack="0"/>
</pin_list>
<bind>
<StgValue><ssdm name="current_record_2_val"/></StgValue>
</bind>
</comp>

<comp id="8" class="1000" name="current_record_3_val">
<pin_list>
<pin id="9" dir="1" index="0" bw="1" slack="0"/>
</pin_list>
<bind>
<StgValue><ssdm name="current_record_3_val"/></StgValue>
</bind>
</comp>

<comp id="10" class="1000" name="current_record_4_val">
<pin_list>
<pin id="11" dir="1" index="0" bw="1" slack="0"/>
</pin_list>
<bind>
<StgValue><ssdm name="current_record_4_val"/></StgValue>
</bind>
</comp>

<comp id="12" class="1000" name="cached_kv_word_stream">
<pin_list>
<pin id="13" dir="1" index="0" bw="1" slack="0"/>
</pin_list>
<bind>
<StgValue><ssdm name="cached_kv_word_stream"/></StgValue>
</bind>
</comp>

<comp id="14" class="1000" name="key_metadata_stream">
<pin_list>
<pin id="15" dir="1" index="0" bw="1" slack="0"/>
</pin_list>
<bind>
<StgValue><ssdm name="key_metadata_stream"/></StgValue>
</bind>
</comp>

<comp id="16" class="1000" name="value_metadata_stream">
<pin_list>
<pin id="17" dir="1" index="0" bw="1" slack="0"/>
</pin_list>
<bind>
<StgValue><ssdm name="value_metadata_stream"/></StgValue>
</bind>
</comp>

<comp id="18" class="1000" name="key0_stream">
<pin_list>
<pin id="19" dir="1" index="0" bw="1" slack="0"/>
</pin_list>
<bind>
<StgValue><ssdm name="key0_stream"/></StgValue>
</bind>
</comp>

<comp id="20" class="1000" name="key1_stream">
<pin_list>
<pin id="21" dir="1" index="0" bw="1" slack="0"/>
</pin_list>
<bind>
<StgValue><ssdm name="key1_stream"/></StgValue>
</bind>
</comp>

<comp id="22" class="1000" name="value0_engine0_stream">
<pin_list>
<pin id="23" dir="1" index="0" bw="1" slack="0"/>
</pin_list>
<bind>
<StgValue><ssdm name="value0_engine0_stream"/></StgValue>
</bind>
</comp>

<comp id="24" class="1000" name="value0_engine1_stream">
<pin_list>
<pin id="25" dir="1" index="0" bw="1" slack="0"/>
</pin_list>
<bind>
<StgValue><ssdm name="value0_engine1_stream"/></StgValue>
</bind>
</comp>

<comp id="26" class="1000" name="value0_engine2_stream">
<pin_list>
<pin id="27" dir="1" index="0" bw="1" slack="0"/>
</pin_list>
<bind>
<StgValue><ssdm name="value0_engine2_stream"/></StgValue>
</bind>
</comp>

<comp id="28" class="1000" name="value0_engine3_stream">
<pin_list>
<pin id="29" dir="1" index="0" bw="1" slack="0"/>
</pin_list>
<bind>
<StgValue><ssdm name="value0_engine3_stream"/></StgValue>
</bind>
</comp>

<comp id="30" class="1000" name="value1_engine0_stream">
<pin_list>
<pin id="31" dir="1" index="0" bw="1" slack="0"/>
</pin_list>
<bind>
<StgValue><ssdm name="value1_engine0_stream"/></StgValue>
</bind>
</comp>

<comp id="32" class="1000" name="value1_engine1_stream">
<pin_list>
<pin id="33" dir="1" index="0" bw="1" slack="0"/>
</pin_list>
<bind>
<StgValue><ssdm name="value1_engine1_stream"/></StgValue>
</bind>
</comp>

<comp id="34" class="1000" name="value1_engine2_stream">
<pin_list>
<pin id="35" dir="1" index="0" bw="1" slack="0"/>
</pin_list>
<bind>
<StgValue><ssdm name="value1_engine2_stream"/></StgValue>
</bind>
</comp>

<comp id="36" class="1000" name="value1_engine3_stream">
<pin_list>
<pin id="37" dir="1" index="0" bw="1" slack="0"/>
</pin_list>
<bind>
<StgValue><ssdm name="value1_engine3_stream"/></StgValue>
</bind>
</comp>

<comp id="38" class="1001" name="const_38">
<pin_list>
<pin id="39" dir="1" index="0" bw="1" slack="0"/>
</pin_list>
<bind>
<StgValue><ssdm name="_ssdm_op_Read.ap_fifo.i12P0A"/></StgValue>
</bind>
</comp>

<comp id="40" class="1001" name="const_40">
<pin_list>
<pin id="41" dir="1" index="0" bw="1" slack="0"/>
</pin_list>
<bind>
<StgValue><ssdm name="_ssdm_op_Read.ap_fifo.i512P0A"/></StgValue>
</bind>
</comp>

<comp id="42" class="1001" name="const_42">
<pin_list>
<pin id="43" dir="1" index="0" bw="1" slack="0"/>
</pin_list>
<bind>
<StgValue><ssdm name="_ssdm_op_BitConcatenate.i14.i12.i2"/></StgValue>
</bind>
</comp>

<comp id="44" class="1001" name="const_44">
<pin_list>
<pin id="45" dir="1" index="0" bw="1" slack="0"/>
</pin_list>
<bind>
<StgValue><ssdm name=""/></StgValue>
</bind>
</comp>

<comp id="46" class="1001" name="const_46">
<pin_list>
<pin id="47" dir="1" index="0" bw="1" slack="2147483647"/>
</pin_list>
<bind>
<StgValue><ssdm name="_ssdm_op_Wait"/></StgValue>
</bind>
</comp>

<comp id="48" class="1001" name="const_48">
<pin_list>
<pin id="49" dir="1" index="0" bw="1" slack="0"/>
</pin_list>
<bind>
<StgValue><ssdm name="swiftkv_route_compressed_kv_cache_Pipeline_route_cached_compressed_kv_loop"/></StgValue>
</bind>
</comp>

<comp id="50" class="1001" name="const_50">
<pin_list>
<pin id="51" dir="1" index="0" bw="1" slack="0"/>
</pin_list>
<bind>
<StgValue><ssdm name="swiftkv_route_compressed_kv_cache_Pipeline_stream_current_compressed_kv_loop"/></StgValue>
</bind>
</comp>

<comp id="52" class="1001" name="const_52">
<pin_list>
<pin id="53" dir="1" index="0" bw="1" slack="2147483647"/>
</pin_list>
<bind>
<StgValue><ssdm name="_ssdm_op_SpecInterface"/></StgValue>
</bind>
</comp>

<comp id="54" class="1001" name="const_54">
<pin_list>
<pin id="55" dir="1" index="0" bw="1" slack="2147483647"/>
</pin_list>
<bind>
<StgValue><ssdm name="ap_fifo_str"/></StgValue>
</bind>
</comp>

<comp id="56" class="1001" name="const_56">
<pin_list>
<pin id="57" dir="1" index="0" bw="1" slack="2147483647"/>
</pin_list>
<bind>
<StgValue><ssdm name=""/></StgValue>
</bind>
</comp>

<comp id="58" class="1001" name="const_58">
<pin_list>
<pin id="59" dir="1" index="0" bw="1" slack="2147483647"/>
</pin_list>
<bind>
<StgValue><ssdm name="p_str"/></StgValue>
</bind>
</comp>

<comp id="60" class="1001" name="const_60">
<pin_list>
<pin id="61" dir="1" index="0" bw="1" slack="2147483647"/>
</pin_list>
<bind>
<StgValue><ssdm name=""/></StgValue>
</bind>
</comp>

<comp id="62" class="1001" name="const_62">
<pin_list>
<pin id="63" dir="1" index="0" bw="1" slack="2147483647"/>
</pin_list>
<bind>
<StgValue><ssdm name=""/></StgValue>
</bind>
</comp>

<comp id="64" class="1001" name="const_64">
<pin_list>
<pin id="65" dir="1" index="0" bw="1" slack="2147483647"/>
</pin_list>
<bind>
<StgValue><ssdm name="ScalarProp_str"/></StgValue>
</bind>
</comp>

<comp id="66" class="1001" name="const_66">
<pin_list>
<pin id="67" dir="1" index="0" bw="1" slack="2147483647"/>
</pin_list>
<bind>
<StgValue><ssdm name=""/></StgValue>
</bind>
</comp>

<comp id="68" class="1001" name="const_68">
<pin_list>
<pin id="69" dir="1" index="0" bw="1" slack="2147483647"/>
</pin_list>
<bind>
<StgValue><ssdm name="_ssdm_op_SpecMemCore"/></StgValue>
</bind>
</comp>

<comp id="70" class="1001" name="const_70">
<pin_list>
<pin id="71" dir="1" index="0" bw="1" slack="2147483647"/>
</pin_list>
<bind>
<StgValue><ssdm name=""/></StgValue>
</bind>
</comp>

<comp id="72" class="1001" name="const_72">
<pin_list>
<pin id="73" dir="1" index="0" bw="1" slack="2147483647"/>
</pin_list>
<bind>
<StgValue><ssdm name=""/></StgValue>
</bind>
</comp>

<comp id="74" class="1001" name="const_74">
<pin_list>
<pin id="75" dir="1" index="0" bw="1" slack="2147483647"/>
</pin_list>
<bind>
<StgValue><ssdm name=""/></StgValue>
</bind>
</comp>

<comp id="76" class="1001" name="const_76">
<pin_list>
<pin id="77" dir="1" index="0" bw="1" slack="2147483647"/>
</pin_list>
<bind>
<StgValue><ssdm name=""/></StgValue>
</bind>
</comp>

<comp id="78" class="1001" name="const_78">
<pin_list>
<pin id="79" dir="1" index="0" bw="1" slack="2147483647"/>
</pin_list>
<bind>
<StgValue><ssdm name=""/></StgValue>
</bind>
</comp>

<comp id="80" class="1001" name="const_80">
<pin_list>
<pin id="81" dir="1" index="0" bw="1" slack="2147483647"/>
</pin_list>
<bind>
<StgValue><ssdm name="empty_447"/></StgValue>
</bind>
</comp>

<comp id="82" class="1001" name="const_82">
<pin_list>
<pin id="83" dir="1" index="0" bw="1" slack="2147483647"/>
</pin_list>
<bind>
<StgValue><ssdm name="empty_418"/></StgValue>
</bind>
</comp>

<comp id="84" class="1004" name="cached_tokens_read_fu_84">
<pin_list>
<pin id="85" dir="0" index="0" bw="12" slack="0"/>
<pin id="86" dir="0" index="1" bw="12" slack="0"/>
<pin id="87" dir="1" index="2" bw="12" slack="1"/>
</pin_list>
<bind>
<opcode="read(1150) " fcode="read"/>
<opset="cached_tokens/1 "/>
</bind>
</comp>

<comp id="90" class="1004" name="current_record_4_val_read_read_fu_90">
<pin_list>
<pin id="91" dir="0" index="0" bw="512" slack="0"/>
<pin id="92" dir="0" index="1" bw="512" slack="0"/>
<pin id="93" dir="1" index="2" bw="512" slack="4"/>
</pin_list>
<bind>
<opcode="read(1150) " fcode="read"/>
<opset="current_record_4_val_read/1 "/>
</bind>
</comp>

<comp id="96" class="1004" name="current_record_3_val_read_read_fu_96">
<pin_list>
<pin id="97" dir="0" index="0" bw="512" slack="0"/>
<pin id="98" dir="0" index="1" bw="512" slack="0"/>
<pin id="99" dir="1" index="2" bw="512" slack="4"/>
</pin_list>
<bind>
<opcode="read(1150) " fcode="read"/>
<opset="current_record_3_val_read/1 "/>
</bind>
</comp>

<comp id="102" class="1004" name="current_record_2_val_read_read_fu_102">
<pin_list>
<pin id="103" dir="0" index="0" bw="512" slack="0"/>
<pin id="104" dir="0" index="1" bw="512" slack="0"/>
<pin id="105" dir="1" index="2" bw="512" slack="4"/>
</pin_list>
<bind>
<opcode="read(1150) " fcode="read"/>
<opset="current_record_2_val_read/1 "/>
</bind>
</comp>

<comp id="108" class="1004" name="current_record_1_val_read_read_fu_108">
<pin_list>
<pin id="109" dir="0" index="0" bw="512" slack="0"/>
<pin id="110" dir="0" index="1" bw="512" slack="0"/>
<pin id="111" dir="1" index="2" bw="512" slack="4"/>
</pin_list>
<bind>
<opcode="read(1150) " fcode="read"/>
<opset="current_record_1_val_read/1 "/>
</bind>
</comp>

<comp id="114" class="1004" name="current_record_0_val_read_read_fu_114">
<pin_list>
<pin id="115" dir="0" index="0" bw="512" slack="0"/>
<pin id="116" dir="0" index="1" bw="512" slack="0"/>
<pin id="117" dir="1" index="2" bw="512" slack="4"/>
</pin_list>
<bind>
<opcode="read(1150) " fcode="read"/>
<opset="current_record_0_val_read/1 "/>
</bind>
</comp>

<comp id="120" class="1004" name="grp_swiftkv_route_compressed_kv_cache_Pipeline_route_cached_compressed_kv_loop_fu_120">
<pin_list>
<pin id="121" dir="0" index="0" bw="0" slack="0"/>
<pin id="122" dir="0" index="1" bw="15" slack="0"/>
<pin id="123" dir="0" index="2" bw="40" slack="0"/>
<pin id="124" dir="0" index="3" bw="40" slack="0"/>
<pin id="125" dir="0" index="4" bw="512" slack="0"/>
<pin id="126" dir="0" index="5" bw="512" slack="0"/>
<pin id="127" dir="0" index="6" bw="512" slack="0"/>
<pin id="128" dir="0" index="7" bw="128" slack="0"/>
<pin id="129" dir="0" index="8" bw="128" slack="0"/>
<pin id="130" dir="0" index="9" bw="128" slack="0"/>
<pin id="131" dir="0" index="10" bw="128" slack="0"/>
<pin id="132" dir="0" index="11" bw="128" slack="0"/>
<pin id="133" dir="0" index="12" bw="128" slack="0"/>
<pin id="134" dir="0" index="13" bw="128" slack="0"/>
<pin id="135" dir="0" index="14" bw="128" slack="0"/>
<pin id="136" dir="1" index="15" bw="0" slack="2147483647"/>
</pin_list>
<bind>
<opcode="call(48) " fcode="call"/>
<opset="call_ln712/2 "/>
</bind>
</comp>

<comp id="151" class="1004" name="grp_swiftkv_route_compressed_kv_cache_Pipeline_stream_current_compressed_kv_loop_fu_151">
<pin_list>
<pin id="152" dir="0" index="0" bw="0" slack="0"/>
<pin id="153" dir="0" index="1" bw="40" slack="0"/>
<pin id="154" dir="0" index="2" bw="40" slack="0"/>
<pin id="155" dir="0" index="3" bw="512" slack="4"/>
<pin id="156" dir="0" index="4" bw="512" slack="4"/>
<pin id="157" dir="0" index="5" bw="512" slack="4"/>
<pin id="158" dir="0" index="6" bw="512" slack="4"/>
<pin id="159" dir="0" index="7" bw="512" slack="4"/>
<pin id="160" dir="0" index="8" bw="512" slack="0"/>
<pin id="161" dir="0" index="9" bw="512" slack="0"/>
<pin id="162" dir="0" index="10" bw="128" slack="0"/>
<pin id="163" dir="0" index="11" bw="128" slack="0"/>
<pin id="164" dir="0" index="12" bw="128" slack="0"/>
<pin id="165" dir="0" index="13" bw="128" slack="0"/>
<pin id="166" dir="0" index="14" bw="128" slack="0"/>
<pin id="167" dir="0" index="15" bw="128" slack="0"/>
<pin id="168" dir="0" index="16" bw="128" slack="0"/>
<pin id="169" dir="0" index="17" bw="128" slack="0"/>
<pin id="170" dir="1" index="18" bw="0" slack="2147483647"/>
</pin_list>
<bind>
<opcode="call(48) " fcode="call"/>
<opset="call_ln0/5 "/>
</bind>
</comp>

<comp id="184" class="1004" name="zext_ln707_fu_184">
<pin_list>
<pin id="185" dir="0" index="0" bw="12" slack="1"/>
<pin id="186" dir="1" index="1" bw="15" slack="0"/>
</pin_list>
<bind>
<opcode="zext(34) " fcode="zext"/>
<opset="zext_ln707/2 "/>
</bind>
</comp>

<comp id="187" class="1004" name="shl_ln_fu_187">
<pin_list>
<pin id="188" dir="0" index="0" bw="14" slack="0"/>
<pin id="189" dir="0" index="1" bw="12" slack="1"/>
<pin id="190" dir="0" index="2" bw="1" slack="0"/>
<pin id="191" dir="1" index="3" bw="14" slack="0"/>
</pin_list>
<bind>
<opcode="bitconcatenate(1004) " fcode="bitconcatenate"/>
<opset="shl_ln/2 "/>
</bind>
</comp>

<comp id="194" class="1004" name="zext_ln712_fu_194">
<pin_list>
<pin id="195" dir="0" index="0" bw="14" slack="0"/>
<pin id="196" dir="1" index="1" bw="15" slack="0"/>
</pin_list>
<bind>
<opcode="zext(34) " fcode="zext"/>
<opset="zext_ln712/2 "/>
</bind>
</comp>

<comp id="198" class="1004" name="add_ln712_fu_198">
<pin_list>
<pin id="199" dir="0" index="0" bw="14" slack="0"/>
<pin id="200" dir="0" index="1" bw="12" slack="0"/>
<pin id="201" dir="1" index="2" bw="15" slack="0"/>
</pin_list>
<bind>
<opcode="add(8) " fcode="add"/>
<opset="add_ln712/2 "/>
</bind>
</comp>

<comp id="205" class="1005" name="cached_tokens_reg_205">
<pin_list>
<pin id="206" dir="0" index="0" bw="12" slack="1"/>
<pin id="207" dir="1" index="1" bw="12" slack="1"/>
</pin_list>
<bind>
<opset="cached_tokens "/>
</bind>
</comp>

<comp id="211" class="1005" name="current_record_4_val_read_reg_211">
<pin_list>
<pin id="212" dir="0" index="0" bw="512" slack="4"/>
<pin id="213" dir="1" index="1" bw="512" slack="4"/>
</pin_list>
<bind>
<opset="current_record_4_val_read "/>
</bind>
</comp>

<comp id="216" class="1005" name="current_record_3_val_read_reg_216">
<pin_list>
<pin id="217" dir="0" index="0" bw="512" slack="4"/>
<pin id="218" dir="1" index="1" bw="512" slack="4"/>
</pin_list>
<bind>
<opset="current_record_3_val_read "/>
</bind>
</comp>

<comp id="221" class="1005" name="current_record_2_val_read_reg_221">
<pin_list>
<pin id="222" dir="0" index="0" bw="512" slack="4"/>
<pin id="223" dir="1" index="1" bw="512" slack="4"/>
</pin_list>
<bind>
<opset="current_record_2_val_read "/>
</bind>
</comp>

<comp id="226" class="1005" name="current_record_1_val_read_reg_226">
<pin_list>
<pin id="227" dir="0" index="0" bw="512" slack="4"/>
<pin id="228" dir="1" index="1" bw="512" slack="4"/>
</pin_list>
<bind>
<opset="current_record_1_val_read "/>
</bind>
</comp>

<comp id="231" class="1005" name="current_record_0_val_read_reg_231">
<pin_list>
<pin id="232" dir="0" index="0" bw="512" slack="4"/>
<pin id="233" dir="1" index="1" bw="512" slack="4"/>
</pin_list>
<bind>
<opset="current_record_0_val_read "/>
</bind>
</comp>

<comp id="236" class="1005" name="add_ln712_reg_236">
<pin_list>
<pin id="237" dir="0" index="0" bw="15" slack="1"/>
<pin id="238" dir="1" index="1" bw="15" slack="1"/>
</pin_list>
<bind>
<opset="add_ln712 "/>
</bind>
</comp>

</comp_list>

<net_list>
<net id="88"><net_src comp="38" pin="0"/><net_sink comp="84" pin=0"/></net>

<net id="89"><net_src comp="0" pin="0"/><net_sink comp="84" pin=1"/></net>

<net id="94"><net_src comp="40" pin="0"/><net_sink comp="90" pin=0"/></net>

<net id="95"><net_src comp="10" pin="0"/><net_sink comp="90" pin=1"/></net>

<net id="100"><net_src comp="40" pin="0"/><net_sink comp="96" pin=0"/></net>

<net id="101"><net_src comp="8" pin="0"/><net_sink comp="96" pin=1"/></net>

<net id="106"><net_src comp="40" pin="0"/><net_sink comp="102" pin=0"/></net>

<net id="107"><net_src comp="6" pin="0"/><net_sink comp="102" pin=1"/></net>

<net id="112"><net_src comp="40" pin="0"/><net_sink comp="108" pin=0"/></net>

<net id="113"><net_src comp="4" pin="0"/><net_sink comp="108" pin=1"/></net>

<net id="118"><net_src comp="40" pin="0"/><net_sink comp="114" pin=0"/></net>

<net id="119"><net_src comp="2" pin="0"/><net_sink comp="114" pin=1"/></net>

<net id="137"><net_src comp="48" pin="0"/><net_sink comp="120" pin=0"/></net>

<net id="138"><net_src comp="14" pin="0"/><net_sink comp="120" pin=2"/></net>

<net id="139"><net_src comp="16" pin="0"/><net_sink comp="120" pin=3"/></net>

<net id="140"><net_src comp="12" pin="0"/><net_sink comp="120" pin=4"/></net>

<net id="141"><net_src comp="18" pin="0"/><net_sink comp="120" pin=5"/></net>

<net id="142"><net_src comp="20" pin="0"/><net_sink comp="120" pin=6"/></net>

<net id="143"><net_src comp="22" pin="0"/><net_sink comp="120" pin=7"/></net>

<net id="144"><net_src comp="24" pin="0"/><net_sink comp="120" pin=8"/></net>

<net id="145"><net_src comp="26" pin="0"/><net_sink comp="120" pin=9"/></net>

<net id="146"><net_src comp="28" pin="0"/><net_sink comp="120" pin=10"/></net>

<net id="147"><net_src comp="30" pin="0"/><net_sink comp="120" pin=11"/></net>

<net id="148"><net_src comp="32" pin="0"/><net_sink comp="120" pin=12"/></net>

<net id="149"><net_src comp="34" pin="0"/><net_sink comp="120" pin=13"/></net>

<net id="150"><net_src comp="36" pin="0"/><net_sink comp="120" pin=14"/></net>

<net id="171"><net_src comp="50" pin="0"/><net_sink comp="151" pin=0"/></net>

<net id="172"><net_src comp="14" pin="0"/><net_sink comp="151" pin=1"/></net>

<net id="173"><net_src comp="16" pin="0"/><net_sink comp="151" pin=2"/></net>

<net id="174"><net_src comp="18" pin="0"/><net_sink comp="151" pin=8"/></net>

<net id="175"><net_src comp="20" pin="0"/><net_sink comp="151" pin=9"/></net>

<net id="176"><net_src comp="22" pin="0"/><net_sink comp="151" pin=10"/></net>

<net id="177"><net_src comp="24" pin="0"/><net_sink comp="151" pin=11"/></net>

<net id="178"><net_src comp="26" pin="0"/><net_sink comp="151" pin=12"/></net>

<net id="179"><net_src comp="28" pin="0"/><net_sink comp="151" pin=13"/></net>

<net id="180"><net_src comp="30" pin="0"/><net_sink comp="151" pin=14"/></net>

<net id="181"><net_src comp="32" pin="0"/><net_sink comp="151" pin=15"/></net>

<net id="182"><net_src comp="34" pin="0"/><net_sink comp="151" pin=16"/></net>

<net id="183"><net_src comp="36" pin="0"/><net_sink comp="151" pin=17"/></net>

<net id="192"><net_src comp="42" pin="0"/><net_sink comp="187" pin=0"/></net>

<net id="193"><net_src comp="44" pin="0"/><net_sink comp="187" pin=2"/></net>

<net id="197"><net_src comp="187" pin="3"/><net_sink comp="194" pin=0"/></net>

<net id="202"><net_src comp="194" pin="1"/><net_sink comp="198" pin=0"/></net>

<net id="203"><net_src comp="184" pin="1"/><net_sink comp="198" pin=1"/></net>

<net id="204"><net_src comp="198" pin="2"/><net_sink comp="120" pin=1"/></net>

<net id="208"><net_src comp="84" pin="2"/><net_sink comp="205" pin=0"/></net>

<net id="209"><net_src comp="205" pin="1"/><net_sink comp="184" pin=0"/></net>

<net id="210"><net_src comp="205" pin="1"/><net_sink comp="187" pin=1"/></net>

<net id="214"><net_src comp="90" pin="2"/><net_sink comp="211" pin=0"/></net>

<net id="215"><net_src comp="211" pin="1"/><net_sink comp="151" pin=7"/></net>

<net id="219"><net_src comp="96" pin="2"/><net_sink comp="216" pin=0"/></net>

<net id="220"><net_src comp="216" pin="1"/><net_sink comp="151" pin=6"/></net>

<net id="224"><net_src comp="102" pin="2"/><net_sink comp="221" pin=0"/></net>

<net id="225"><net_src comp="221" pin="1"/><net_sink comp="151" pin=5"/></net>

<net id="229"><net_src comp="108" pin="2"/><net_sink comp="226" pin=0"/></net>

<net id="230"><net_src comp="226" pin="1"/><net_sink comp="151" pin=4"/></net>

<net id="234"><net_src comp="114" pin="2"/><net_sink comp="231" pin=0"/></net>

<net id="235"><net_src comp="231" pin="1"/><net_sink comp="151" pin=3"/></net>

<net id="239"><net_src comp="198" pin="2"/><net_sink comp="236" pin=0"/></net>

<net id="240"><net_src comp="236" pin="1"/><net_sink comp="120" pin=1"/></net>

</net_list>

</model> 
---------------- Datapath Model END ------------------

* FSMD analyzer results:
  - Output states:
	Port: key_metadata_stream | {2 3 5 6 }
	Port: value_metadata_stream | {2 3 5 6 }
	Port: key0_stream | {2 3 5 6 }
	Port: key1_stream | {2 3 5 6 }
	Port: value0_engine0_stream | {2 3 5 6 }
	Port: value0_engine1_stream | {2 3 5 6 }
	Port: value0_engine2_stream | {2 3 5 6 }
	Port: value0_engine3_stream | {2 3 5 6 }
	Port: value1_engine0_stream | {2 3 5 6 }
	Port: value1_engine1_stream | {2 3 5 6 }
	Port: value1_engine2_stream | {2 3 5 6 }
	Port: value1_engine3_stream | {2 3 5 6 }
 - Input state : 
	Port: swiftkv_route_compressed_kv_cache : position | {1 }
	Port: swiftkv_route_compressed_kv_cache : current_record_0_val | {1 }
	Port: swiftkv_route_compressed_kv_cache : current_record_1_val | {1 }
	Port: swiftkv_route_compressed_kv_cache : current_record_2_val | {1 }
	Port: swiftkv_route_compressed_kv_cache : current_record_3_val | {1 }
	Port: swiftkv_route_compressed_kv_cache : current_record_4_val | {1 }
	Port: swiftkv_route_compressed_kv_cache : cached_kv_word_stream | {2 3 }
  - Chain level:
	State 1
	State 2
		zext_ln712 : 1
		add_ln712 : 2
		call_ln712 : 3
	State 3
	State 4
	State 5
	State 6


============================================================
+ Verbose Summary: Datapath Resource usage 
============================================================

* Functional unit list:
|----------|-----------------------------------------------------------------------------------------|---------|---------|
| Operation|                                     Functional Unit                                     |    FF   |   LUT   |
|----------|-----------------------------------------------------------------------------------------|---------|---------|
|   call   |  grp_swiftkv_route_compressed_kv_cache_Pipeline_route_cached_compressed_kv_loop_fu_120  |    33   |   103   |
|          | grp_swiftkv_route_compressed_kv_cache_Pipeline_stream_current_compressed_kv_loop_fu_151 |   518   |    46   |
|----------|-----------------------------------------------------------------------------------------|---------|---------|
|    add   |                                     add_ln712_fu_198                                    |    0    |    21   |
|----------|-----------------------------------------------------------------------------------------|---------|---------|
|          |                                 cached_tokens_read_fu_84                                |    0    |    0    |
|          |                           current_record_4_val_read_read_fu_90                          |    0    |    0    |
|   read   |                           current_record_3_val_read_read_fu_96                          |    0    |    0    |
|          |                          current_record_2_val_read_read_fu_102                          |    0    |    0    |
|          |                          current_record_1_val_read_read_fu_108                          |    0    |    0    |
|          |                          current_record_0_val_read_read_fu_114                          |    0    |    0    |
|----------|-----------------------------------------------------------------------------------------|---------|---------|
|   zext   |                                    zext_ln707_fu_184                                    |    0    |    0    |
|          |                                    zext_ln712_fu_194                                    |    0    |    0    |
|----------|-----------------------------------------------------------------------------------------|---------|---------|
|bitconcatenate|                                      shl_ln_fu_187                                      |    0    |    0    |
|----------|-----------------------------------------------------------------------------------------|---------|---------|
|   Total  |                                                                                         |   551   |   170   |
|----------|-----------------------------------------------------------------------------------------|---------|---------|

Memories:
N/A

* Register list:
+---------------------------------+--------+
|                                 |   FF   |
+---------------------------------+--------+
|        add_ln712_reg_236        |   15   |
|      cached_tokens_reg_205      |   12   |
|current_record_0_val_read_reg_231|   512  |
|current_record_1_val_read_reg_226|   512  |
|current_record_2_val_read_reg_221|   512  |
|current_record_3_val_read_reg_216|   512  |
|current_record_4_val_read_reg_211|   512  |
+---------------------------------+--------+
|              Total              |  2587  |
+---------------------------------+--------+

* Multiplexer (MUX) list: 
|---------------------------------------------------------------------------------------|------|------|------|--------||---------||---------|
|                                          Comp                                         |  Pin | Size |  BW  | S x BW ||  Delay  ||   LUT   |
|---------------------------------------------------------------------------------------|------|------|------|--------||---------||---------|
| grp_swiftkv_route_compressed_kv_cache_Pipeline_route_cached_compressed_kv_loop_fu_120 |  p1  |   2  |  15  |   30   ||    9    |
|---------------------------------------------------------------------------------------|------|------|------|--------||---------||---------|
|                                         Total                                         |      |      |      |   30   ||  0.387  ||    9    |
|---------------------------------------------------------------------------------------|------|------|------|--------||---------||---------|



* Summary:
+-----------+--------+--------+--------+
|           |  Delay |   FF   |   LUT  |
+-----------+--------+--------+--------+
|  Function |    -   |   551  |   170  |
|   Memory  |    -   |    -   |    -   |
|Multiplexer|    0   |    -   |    9   |
|  Register |    -   |  2587  |    -   |
+-----------+--------+--------+--------+
|   Total   |    0   |  3138  |   179  |
+-----------+--------+--------+--------+
