

================================================================
== Vitis HLS Report for 'swiftkv_attention_head'
================================================================
* Date:           Tue Aug 11 09:17:00 2026

* Version:        2023.2 (Build 4023990 on Oct 11 2023)
* Project:        proj_int4_decoder_xo
* Solution:       solution1 (Vitis Kernel Flow Target)
* Product family: virtexuplus
* Target device:  xcu250-figd2104-2L-e


================================================================
== Performance Estimates
================================================================
+ Timing: 
    * Summary: 
    +--------+---------+----------+------------+
    |  Clock |  Target | Estimated| Uncertainty|
    +--------+---------+----------+------------+
    |ap_clk  |  3.33 ns|  2.616 ns|     0.90 ns|
    +--------+---------+----------+------------+

+ Latency: 
    * Summary: 
    +---------+---------+----------+----------+-----+-------+----------+
    |  Latency (cycles) |  Latency (absolute) |   Interval  | Pipeline |
    |   min   |   max   |    min   |    max   | min |  max  |   Type   |
    +---------+---------+----------+----------+-----+-------+----------+
    |      616|    33376|  2.053 us|  0.111 ms|  511|  33271|  dataflow|
    +---------+---------+----------+----------+-----+-------+----------+

    + Detail: 
        * Instance: 
        N/A

        * Loop: 
        N/A

============================================================
+ Verbose Summary: Synthesis Manager
============================================================
InlineROM: 1
ExposeGlobal: 0
============================================================
+ Verbose Summary: CDFG Model
============================================================
IsTopModel: 0
ResetActiveHigh: 1
IsCombinational: 2
IsDatapathOnly: 0
HasWiredReturn: 1
HasMFsm: 0
HasVarLatency: 1
IsPipeline: 0
IsRtlPipelined: 0
IsInstanceOverlapped: 0
IsDontTouch: 0
HasImplIP: 0
IsGatedGlobalClock: 0


============================================================
+ Verbose Summary: Schedule
============================================================
* Number of FSM states : 10
* Pipeline : 0
* Dataflow Pipeline: 1
  DF-Pipeline-0: Size = 10, States = { 1 2 3 4 5 6 7 8 9 10 }

* FSM state transitions: 
1 --> 2 
2 --> 3 
3 --> 4 
4 --> 5 
5 --> 6 
6 --> 7 
7 --> 8 
8 --> 9 
9 --> 10 
10 --> 

* FSM state operations: 

State 1 <SV = 0> <Delay = 1.21>
ST_1 : Operation 11 [1/1] (0.00ns)   --->   "%position_val_read = read i12 @_ssdm_op_Read.ap_auto.i12, i12 %position_val"   --->   Operation 11 'read' 'position_val_read' <Predicate = true> <Delay = 0.00>
ST_1 : Operation 12 [1/1] (0.00ns)   --->   "%current_record_4_val5_read = read i512 @_ssdm_op_Read.ap_auto.i512, i512 %current_record_4_val5"   --->   Operation 12 'read' 'current_record_4_val5_read' <Predicate = true> <Delay = 0.00>
ST_1 : Operation 13 [1/1] (0.00ns)   --->   "%current_record_3_val4_read = read i512 @_ssdm_op_Read.ap_auto.i512, i512 %current_record_3_val4"   --->   Operation 13 'read' 'current_record_3_val4_read' <Predicate = true> <Delay = 0.00>
ST_1 : Operation 14 [1/1] (0.00ns)   --->   "%current_record_2_val3_read = read i512 @_ssdm_op_Read.ap_auto.i512, i512 %current_record_2_val3"   --->   Operation 14 'read' 'current_record_2_val3_read' <Predicate = true> <Delay = 0.00>
ST_1 : Operation 15 [1/1] (0.00ns)   --->   "%current_record_1_val2_read = read i512 @_ssdm_op_Read.ap_auto.i512, i512 %current_record_1_val2"   --->   Operation 15 'read' 'current_record_1_val2_read' <Predicate = true> <Delay = 0.00>
ST_1 : Operation 16 [1/1] (0.00ns)   --->   "%current_record_0_val1_read = read i512 @_ssdm_op_Read.ap_auto.i512, i512 %current_record_0_val1"   --->   Operation 16 'read' 'current_record_0_val1_read' <Predicate = true> <Delay = 0.00>
ST_1 : Operation 17 [1/1] (0.00ns)   --->   "%head_base_read = read i24 @_ssdm_op_Read.ap_auto.i24, i24 %head_base"   --->   Operation 17 'read' 'head_base_read' <Predicate = true> <Delay = 0.00>
ST_1 : Operation 18 [1/1] (0.00ns)   --->   "%kv_cache_read = read i64 @_ssdm_op_Read.ap_auto.i64, i64 %kv_cache"   --->   Operation 18 'read' 'kv_cache_read' <Predicate = true> <Delay = 0.00>
ST_1 : Operation 19 [1/1] (0.00ns)   --->   "%position_val_c14 = alloca i64 1"   --->   Operation 19 'alloca' 'position_val_c14' <Predicate = true> <Delay = 0.00> <CoreInst = "FIFO_SRL">   --->   Core 81 'FIFO_SRL' <Latency = 0> <II = 1> <Delay = 1.34> <Storage> <Opcode : 'read' 'write' 'nbread' 'nbwrite'> <Ports = 0> <Width = 12> <Depth = 2> <FIFO>
ST_1 : Operation 20 [1/1] (0.00ns)   --->   "%position_val_c13 = alloca i64 1"   --->   Operation 20 'alloca' 'position_val_c13' <Predicate = true> <Delay = 0.00> <CoreInst = "FIFO_SRL">   --->   Core 81 'FIFO_SRL' <Latency = 0> <II = 1> <Delay = 1.34> <Storage> <Opcode : 'read' 'write' 'nbread' 'nbwrite'> <Ports = 0> <Width = 12> <Depth = 2> <FIFO>
ST_1 : Operation 21 [1/1] (0.00ns)   --->   "%position_val_c = alloca i64 1"   --->   Operation 21 'alloca' 'position_val_c' <Predicate = true> <Delay = 0.00> <CoreInst = "FIFO_SRL">   --->   Core 81 'FIFO_SRL' <Latency = 0> <II = 1> <Delay = 1.34> <Storage> <Opcode : 'read' 'write' 'nbread' 'nbwrite'> <Ports = 0> <Width = 12> <Depth = 2> <FIFO>
ST_1 : Operation 22 [1/1] (0.00ns)   --->   "%current_record_4_val5_c = alloca i64 1"   --->   Operation 22 'alloca' 'current_record_4_val5_c' <Predicate = true> <Delay = 0.00> <CoreInst = "FIFO">   --->   Core 78 'FIFO' <Latency = 0> <II = 1> <Delay = 1.20> <Storage> <Opcode : 'read' 'write' 'nbread' 'nbwrite'> <Ports = 0> <Width = 512> <Depth = 3> <FIFO>
ST_1 : Operation 23 [1/1] (0.00ns)   --->   "%current_record_3_val4_c = alloca i64 1"   --->   Operation 23 'alloca' 'current_record_3_val4_c' <Predicate = true> <Delay = 0.00> <CoreInst = "FIFO">   --->   Core 78 'FIFO' <Latency = 0> <II = 1> <Delay = 1.20> <Storage> <Opcode : 'read' 'write' 'nbread' 'nbwrite'> <Ports = 0> <Width = 512> <Depth = 3> <FIFO>
ST_1 : Operation 24 [1/1] (0.00ns)   --->   "%current_record_2_val3_c = alloca i64 1"   --->   Operation 24 'alloca' 'current_record_2_val3_c' <Predicate = true> <Delay = 0.00> <CoreInst = "FIFO">   --->   Core 78 'FIFO' <Latency = 0> <II = 1> <Delay = 1.20> <Storage> <Opcode : 'read' 'write' 'nbread' 'nbwrite'> <Ports = 0> <Width = 512> <Depth = 3> <FIFO>
ST_1 : Operation 25 [1/1] (0.00ns)   --->   "%current_record_1_val2_c = alloca i64 1"   --->   Operation 25 'alloca' 'current_record_1_val2_c' <Predicate = true> <Delay = 0.00> <CoreInst = "FIFO">   --->   Core 78 'FIFO' <Latency = 0> <II = 1> <Delay = 1.20> <Storage> <Opcode : 'read' 'write' 'nbread' 'nbwrite'> <Ports = 0> <Width = 512> <Depth = 3> <FIFO>
ST_1 : Operation 26 [1/1] (0.00ns)   --->   "%current_record_0_val1_c = alloca i64 1"   --->   Operation 26 'alloca' 'current_record_0_val1_c' <Predicate = true> <Delay = 0.00> <CoreInst = "FIFO">   --->   Core 78 'FIFO' <Latency = 0> <II = 1> <Delay = 1.20> <Storage> <Opcode : 'read' 'write' 'nbread' 'nbwrite'> <Ports = 0> <Width = 512> <Depth = 3> <FIFO>
ST_1 : Operation 27 [1/1] (0.00ns)   --->   "%score_stream = alloca i64 1" [source/swiftkv_attention.cpp:1579]   --->   Operation 27 'alloca' 'score_stream' <Predicate = true> <Delay = 0.00> <CoreInst = "FIFO_SRL">   --->   Core 81 'FIFO_SRL' <Latency = 0> <II = 1> <Delay = 1.46> <Storage> <Opcode : 'read' 'write' 'nbread' 'nbwrite'> <Ports = 0> <Width = 32> <Depth = 4> <FIFO>
ST_1 : Operation 28 [1/1] (0.00ns)   --->   "%cached_kv_word_stream = alloca i64 1" [source/swiftkv_attention.cpp:1580]   --->   Operation 28 'alloca' 'cached_kv_word_stream' <Predicate = true> <Delay = 0.00> <CoreInst = "FIFO_BRAM">   --->   Core 79 'FIFO_BRAM' <Latency = 0> <II = 1> <Delay = 1.34> <Storage> <Opcode : 'read' 'write' 'nbread' 'nbwrite'> <Ports = 0> <Width = 512> <Depth = 64> <FIFO>
ST_1 : Operation 29 [1/1] (0.00ns)   --->   "%key_metadata_stream = alloca i64 1" [source/swiftkv_attention.cpp:1581]   --->   Operation 29 'alloca' 'key_metadata_stream' <Predicate = true> <Delay = 0.00> <CoreInst = "FIFO_SRL">   --->   Core 81 'FIFO_SRL' <Latency = 0> <II = 1> <Delay = 1.47> <Storage> <Opcode : 'read' 'write' 'nbread' 'nbwrite'> <Ports = 0> <Width = 40> <Depth = 32> <FIFO>
ST_1 : Operation 30 [1/1] (0.00ns)   --->   "%value_metadata_stream = alloca i64 1" [source/swiftkv_attention.cpp:1582]   --->   Operation 30 'alloca' 'value_metadata_stream' <Predicate = true> <Delay = 0.00> <CoreInst = "FIFO_SRL">   --->   Core 81 'FIFO_SRL' <Latency = 0> <II = 1> <Delay = 1.47> <Storage> <Opcode : 'read' 'write' 'nbread' 'nbwrite'> <Ports = 0> <Width = 40> <Depth = 32> <FIFO>
ST_1 : Operation 31 [1/1] (0.00ns)   --->   "%key0_stream = alloca i64 1" [source/swiftkv_attention.cpp:1583]   --->   Operation 31 'alloca' 'key0_stream' <Predicate = true> <Delay = 0.00> <CoreInst = "FIFO_URAM">   --->   Core 82 'FIFO_URAM' <Latency = 0> <II = 1> <Delay = 1.67> <Storage> <Opcode : 'read' 'write' 'nbread' 'nbwrite'> <Ports = 0> <Width = 512> <Depth = 32> <FIFO>
ST_1 : Operation 32 [1/1] (0.00ns)   --->   "%key1_stream = alloca i64 1" [source/swiftkv_attention.cpp:1584]   --->   Operation 32 'alloca' 'key1_stream' <Predicate = true> <Delay = 0.00> <CoreInst = "FIFO_URAM">   --->   Core 82 'FIFO_URAM' <Latency = 0> <II = 1> <Delay = 1.67> <Storage> <Opcode : 'read' 'write' 'nbread' 'nbwrite'> <Ports = 0> <Width = 512> <Depth = 32> <FIFO>
ST_1 : Operation 33 [1/1] (0.00ns)   --->   "%value0_engine0_stream = alloca i64 1" [source/swiftkv_attention.cpp:1585]   --->   Operation 33 'alloca' 'value0_engine0_stream' <Predicate = true> <Delay = 0.00> <CoreInst = "FIFO_URAM">   --->   Core 82 'FIFO_URAM' <Latency = 0> <II = 1> <Delay = 1.67> <Storage> <Opcode : 'read' 'write' 'nbread' 'nbwrite'> <Ports = 0> <Width = 128> <Depth = 32> <FIFO>
ST_1 : Operation 34 [1/1] (0.00ns)   --->   "%value0_engine1_stream = alloca i64 1" [source/swiftkv_attention.cpp:1586]   --->   Operation 34 'alloca' 'value0_engine1_stream' <Predicate = true> <Delay = 0.00> <CoreInst = "FIFO_URAM">   --->   Core 82 'FIFO_URAM' <Latency = 0> <II = 1> <Delay = 1.67> <Storage> <Opcode : 'read' 'write' 'nbread' 'nbwrite'> <Ports = 0> <Width = 128> <Depth = 32> <FIFO>
ST_1 : Operation 35 [1/1] (0.00ns)   --->   "%value0_engine2_stream = alloca i64 1" [source/swiftkv_attention.cpp:1587]   --->   Operation 35 'alloca' 'value0_engine2_stream' <Predicate = true> <Delay = 0.00> <CoreInst = "FIFO_URAM">   --->   Core 82 'FIFO_URAM' <Latency = 0> <II = 1> <Delay = 1.67> <Storage> <Opcode : 'read' 'write' 'nbread' 'nbwrite'> <Ports = 0> <Width = 128> <Depth = 32> <FIFO>
ST_1 : Operation 36 [1/1] (0.00ns)   --->   "%value0_engine3_stream = alloca i64 1" [source/swiftkv_attention.cpp:1588]   --->   Operation 36 'alloca' 'value0_engine3_stream' <Predicate = true> <Delay = 0.00> <CoreInst = "FIFO_URAM">   --->   Core 82 'FIFO_URAM' <Latency = 0> <II = 1> <Delay = 1.67> <Storage> <Opcode : 'read' 'write' 'nbread' 'nbwrite'> <Ports = 0> <Width = 128> <Depth = 32> <FIFO>
ST_1 : Operation 37 [1/1] (0.00ns)   --->   "%value1_engine0_stream = alloca i64 1" [source/swiftkv_attention.cpp:1589]   --->   Operation 37 'alloca' 'value1_engine0_stream' <Predicate = true> <Delay = 0.00> <CoreInst = "FIFO_URAM">   --->   Core 82 'FIFO_URAM' <Latency = 0> <II = 1> <Delay = 1.67> <Storage> <Opcode : 'read' 'write' 'nbread' 'nbwrite'> <Ports = 0> <Width = 128> <Depth = 32> <FIFO>
ST_1 : Operation 38 [1/1] (0.00ns)   --->   "%value1_engine1_stream = alloca i64 1" [source/swiftkv_attention.cpp:1590]   --->   Operation 38 'alloca' 'value1_engine1_stream' <Predicate = true> <Delay = 0.00> <CoreInst = "FIFO_URAM">   --->   Core 82 'FIFO_URAM' <Latency = 0> <II = 1> <Delay = 1.67> <Storage> <Opcode : 'read' 'write' 'nbread' 'nbwrite'> <Ports = 0> <Width = 128> <Depth = 32> <FIFO>
ST_1 : Operation 39 [1/1] (0.00ns)   --->   "%value1_engine2_stream = alloca i64 1" [source/swiftkv_attention.cpp:1591]   --->   Operation 39 'alloca' 'value1_engine2_stream' <Predicate = true> <Delay = 0.00> <CoreInst = "FIFO_URAM">   --->   Core 82 'FIFO_URAM' <Latency = 0> <II = 1> <Delay = 1.67> <Storage> <Opcode : 'read' 'write' 'nbread' 'nbwrite'> <Ports = 0> <Width = 128> <Depth = 32> <FIFO>
ST_1 : Operation 40 [1/1] (0.00ns)   --->   "%value1_engine3_stream = alloca i64 1" [source/swiftkv_attention.cpp:1592]   --->   Operation 40 'alloca' 'value1_engine3_stream' <Predicate = true> <Delay = 0.00> <CoreInst = "FIFO_URAM">   --->   Core 82 'FIFO_URAM' <Latency = 0> <II = 1> <Delay = 1.67> <Storage> <Opcode : 'read' 'write' 'nbread' 'nbwrite'> <Ports = 0> <Width = 128> <Depth = 32> <FIFO>
ST_1 : Operation 41 [1/1] (0.00ns)   --->   "%control_stream = alloca i64 1" [source/swiftkv_attention.cpp:1593]   --->   Operation 41 'alloca' 'control_stream' <Predicate = true> <Delay = 0.00> <CoreInst = "FIFO_SRL">   --->   Core 81 'FIFO_SRL' <Latency = 0> <II = 1> <Delay = 1.43> <Storage> <Opcode : 'read' 'write' 'nbread' 'nbwrite'> <Ports = 0> <Width = 19> <Depth = 16> <FIFO>
ST_1 : Operation 42 [1/1] (0.00ns)   --->   "%inverse_normalization_stream = alloca i64 1" [source/swiftkv_attention.cpp:1594]   --->   Operation 42 'alloca' 'inverse_normalization_stream' <Predicate = true> <Delay = 0.00> <CoreInst = "FIFO_SRL">   --->   Core 81 'FIFO_SRL' <Latency = 0> <II = 1> <Delay = 1.39> <Storage> <Opcode : 'read' 'write' 'nbread' 'nbwrite'> <Ports = 0> <Width = 32> <Depth = 2> <FIFO>
ST_1 : Operation 43 [1/1] (1.20ns)   --->   "%call_ln0 = call void @entry_proc57, i512 %current_record_0_val1_read, i512 %current_record_0_val1_c, i512 %current_record_1_val2_read, i512 %current_record_1_val2_c, i512 %current_record_2_val3_read, i512 %current_record_2_val3_c, i512 %current_record_3_val4_read, i512 %current_record_3_val4_c, i512 %current_record_4_val5_read, i512 %current_record_4_val5_c"   --->   Operation 43 'call' 'call_ln0' <Predicate = true> <Delay = 1.20> <CoreType = "Generic">   --->   Core 0 '' <Latency = 0> <II = 1> <Delay = 1.00> <Generic> <Opcode : >
ST_1 : Operation 44 [2/2] (1.21ns)   --->   "%call_ln1634 = call void @swiftkv_read_compressed_kv_cache, i512 %gmem0, i64 %kv_cache_read, i24 %head_base_read, i12 %position_val_read, i512 %cached_kv_word_stream, i12 %position_val_c14" [source/swiftkv_attention.cpp:1634]   --->   Operation 44 'call' 'call_ln1634' <Predicate = true> <Delay = 1.21> <CoreType = "Generic">   --->   Core 0 '' <Latency = 0> <II = 1> <Delay = 1.00> <Generic> <Opcode : >

State 2 <SV = 1> <Delay = 0.00>
ST_2 : Operation 45 [1/2] (0.00ns)   --->   "%call_ln1634 = call void @swiftkv_read_compressed_kv_cache, i512 %gmem0, i64 %kv_cache_read, i24 %head_base_read, i12 %position_val_read, i512 %cached_kv_word_stream, i12 %position_val_c14" [source/swiftkv_attention.cpp:1634]   --->   Operation 45 'call' 'call_ln1634' <Predicate = true> <Delay = 0.00> <CoreType = "Generic">   --->   Core 0 '' <Latency = 0> <II = 1> <Delay = 1.00> <Generic> <Opcode : >

State 3 <SV = 2> <Delay = 0.00>
ST_3 : Operation 46 [2/2] (0.00ns)   --->   "%call_ln1637 = call void @swiftkv_route_compressed_kv_cache, i12 %position_val_c14, i512 %current_record_0_val1_c, i512 %current_record_1_val2_c, i512 %current_record_2_val3_c, i512 %current_record_3_val4_c, i512 %current_record_4_val5_c, i512 %cached_kv_word_stream, i40 %key_metadata_stream, i40 %value_metadata_stream, i512 %key0_stream, i512 %key1_stream, i128 %value0_engine0_stream, i128 %value0_engine1_stream, i128 %value0_engine2_stream, i128 %value0_engine3_stream, i128 %value1_engine0_stream, i128 %value1_engine1_stream, i128 %value1_engine2_stream, i128 %value1_engine3_stream" [source/swiftkv_attention.cpp:1637]   --->   Operation 46 'call' 'call_ln1637' <Predicate = true> <Delay = 0.00> <CoreType = "Generic">   --->   Core 0 '' <Latency = 0> <II = 1> <Delay = 1.00> <Generic> <Opcode : >

State 4 <SV = 3> <Delay = 0.00>
ST_4 : Operation 47 [1/2] (0.00ns)   --->   "%call_ln1637 = call void @swiftkv_route_compressed_kv_cache, i12 %position_val_c14, i512 %current_record_0_val1_c, i512 %current_record_1_val2_c, i512 %current_record_2_val3_c, i512 %current_record_3_val4_c, i512 %current_record_4_val5_c, i512 %cached_kv_word_stream, i40 %key_metadata_stream, i40 %value_metadata_stream, i512 %key0_stream, i512 %key1_stream, i128 %value0_engine0_stream, i128 %value0_engine1_stream, i128 %value0_engine2_stream, i128 %value0_engine3_stream, i128 %value1_engine0_stream, i128 %value1_engine1_stream, i128 %value1_engine2_stream, i128 %value1_engine3_stream" [source/swiftkv_attention.cpp:1637]   --->   Operation 47 'call' 'call_ln1637' <Predicate = true> <Delay = 0.00> <CoreType = "Generic">   --->   Core 0 '' <Latency = 0> <II = 1> <Delay = 1.00> <Generic> <Opcode : >

State 5 <SV = 4> <Delay = 1.21>
ST_5 : Operation 48 [2/2] (1.21ns)   --->   "%call_ln1645 = call void @swiftkv_process_compressed_kv, i32 %query_0, i32 %query_1, i32 %query_2, i32 %query_3, i32 %query_4, i32 %query_5, i32 %query_6, i32 %query_7, i32 %query_8, i32 %query_9, i32 %query_10, i32 %query_11, i32 %query_12, i32 %query_13, i32 %query_14, i32 %query_15, i40 %key_metadata_stream, i512 %key0_stream, i512 %key1_stream, i12 %position_val_read, i32 %score_stream, i12 %position_val_c13" [source/swiftkv_attention.cpp:1645]   --->   Operation 48 'call' 'call_ln1645' <Predicate = true> <Delay = 1.21> <CoreType = "Generic">   --->   Core 0 '' <Latency = 0> <II = 1> <Delay = 1.00> <Generic> <Opcode : >

State 6 <SV = 5> <Delay = 0.00>
ST_6 : Operation 49 [1/2] (0.00ns)   --->   "%call_ln1645 = call void @swiftkv_process_compressed_kv, i32 %query_0, i32 %query_1, i32 %query_2, i32 %query_3, i32 %query_4, i32 %query_5, i32 %query_6, i32 %query_7, i32 %query_8, i32 %query_9, i32 %query_10, i32 %query_11, i32 %query_12, i32 %query_13, i32 %query_14, i32 %query_15, i40 %key_metadata_stream, i512 %key0_stream, i512 %key1_stream, i12 %position_val_read, i32 %score_stream, i12 %position_val_c13" [source/swiftkv_attention.cpp:1645]   --->   Operation 49 'call' 'call_ln1645' <Predicate = true> <Delay = 0.00> <CoreType = "Generic">   --->   Core 0 '' <Latency = 0> <II = 1> <Delay = 1.00> <Generic> <Opcode : >

State 7 <SV = 6> <Delay = 0.00>
ST_7 : Operation 50 [2/2] (0.00ns)   --->   "%call_ln1648 = call void @swiftkv_coefficient_producer, i32 %score_stream, i12 %position_val_c13, i19 %control_stream, i32 %inverse_normalization_stream, i12 %position_val_c, i32 %SWIFTKV_EXP2_LUT_Q30" [source/swiftkv_attention.cpp:1648]   --->   Operation 50 'call' 'call_ln1648' <Predicate = true> <Delay = 0.00> <CoreType = "Generic">   --->   Core 0 '' <Latency = 0> <II = 1> <Delay = 1.00> <Generic> <Opcode : >

State 8 <SV = 7> <Delay = 0.00>
ST_8 : Operation 51 [1/2] (0.00ns)   --->   "%call_ln1648 = call void @swiftkv_coefficient_producer, i32 %score_stream, i12 %position_val_c13, i19 %control_stream, i32 %inverse_normalization_stream, i12 %position_val_c, i32 %SWIFTKV_EXP2_LUT_Q30" [source/swiftkv_attention.cpp:1648]   --->   Operation 51 'call' 'call_ln1648' <Predicate = true> <Delay = 0.00> <CoreType = "Generic">   --->   Core 0 '' <Latency = 0> <II = 1> <Delay = 1.00> <Generic> <Opcode : >

State 9 <SV = 8> <Delay = 0.00>
ST_9 : Operation 52 [2/2] (0.00ns)   --->   "%call_ln1651 = call void @swiftkv_update_values_and_quantize, i40 %value_metadata_stream, i128 %value0_engine0_stream, i128 %value0_engine1_stream, i128 %value0_engine2_stream, i128 %value0_engine3_stream, i128 %value1_engine0_stream, i128 %value1_engine1_stream, i128 %value1_engine2_stream, i128 %value1_engine3_stream, i19 %control_stream, i32 %inverse_normalization_stream, i12 %position_val_c, i480 %quantized_pe0, i32 %scale_pe0" [source/swiftkv_attention.cpp:1651]   --->   Operation 52 'call' 'call_ln1651' <Predicate = true> <Delay = 0.00> <CoreType = "Generic">   --->   Core 0 '' <Latency = 0> <II = 1> <Delay = 1.00> <Generic> <Opcode : >

State 10 <SV = 9> <Delay = 0.00>
ST_10 : Operation 53 [1/1] (0.00ns)   --->   "%empty = specchannel i32 @_ssdm_op_SpecChannel, void @position_OC_val_c14_str, i32 1, void @p_str, void @p_str, i32 2, i32 0, i12 %position_val_c14, i12 %position_val_c14"   --->   Operation 53 'specchannel' 'empty' <Predicate = true> <Delay = 0.00>
ST_10 : Operation 54 [1/1] (0.00ns)   --->   "%specinterface_ln0 = specinterface void @_ssdm_op_SpecInterface, i12 %position_val_c14, void @ap_fifo_str, i32 0, i32 0, void @p_str, i32 0, i32 0, void @p_str, void @p_str, void @p_str, i32 2, i32 2, i32 16, i32 16, void @p_str, void @p_str, i32 4294967295, i32 0"   --->   Operation 54 'specinterface' 'specinterface_ln0' <Predicate = true> <Delay = 0.00>
ST_10 : Operation 55 [1/1] (0.00ns)   --->   "%empty_740 = specchannel i32 @_ssdm_op_SpecChannel, void @position_OC_val_c13_str, i32 1, void @p_str, void @p_str, i32 2, i32 0, i12 %position_val_c13, i12 %position_val_c13"   --->   Operation 55 'specchannel' 'empty_740' <Predicate = true> <Delay = 0.00>
ST_10 : Operation 56 [1/1] (0.00ns)   --->   "%specinterface_ln0 = specinterface void @_ssdm_op_SpecInterface, i12 %position_val_c13, void @ap_fifo_str, i32 0, i32 0, void @p_str, i32 0, i32 0, void @p_str, void @p_str, void @p_str, i32 2, i32 2, i32 16, i32 16, void @p_str, void @p_str, i32 4294967295, i32 0"   --->   Operation 56 'specinterface' 'specinterface_ln0' <Predicate = true> <Delay = 0.00>
ST_10 : Operation 57 [1/1] (0.00ns)   --->   "%empty_741 = specchannel i32 @_ssdm_op_SpecChannel, void @position_OC_val_c_str, i32 1, void @p_str, void @p_str, i32 2, i32 0, i12 %position_val_c, i12 %position_val_c"   --->   Operation 57 'specchannel' 'empty_741' <Predicate = true> <Delay = 0.00>
ST_10 : Operation 58 [1/1] (0.00ns)   --->   "%specinterface_ln0 = specinterface void @_ssdm_op_SpecInterface, i12 %position_val_c, void @ap_fifo_str, i32 0, i32 0, void @p_str, i32 0, i32 0, void @p_str, void @p_str, void @p_str, i32 2, i32 2, i32 16, i32 16, void @p_str, void @p_str, i32 4294967295, i32 0"   --->   Operation 58 'specinterface' 'specinterface_ln0' <Predicate = true> <Delay = 0.00>
ST_10 : Operation 59 [1/1] (0.00ns)   --->   "%empty_742 = specchannel i32 @_ssdm_op_SpecChannel, void @current_record_4_OC_val5_c_str, i32 1, void @p_str, void @p_str, i32 3, i32 0, i512 %current_record_4_val5_c, i512 %current_record_4_val5_c"   --->   Operation 59 'specchannel' 'empty_742' <Predicate = true> <Delay = 0.00>
ST_10 : Operation 60 [1/1] (0.00ns)   --->   "%specinterface_ln0 = specinterface void @_ssdm_op_SpecInterface, i512 %current_record_4_val5_c, void @ap_fifo_str, i32 0, i32 0, void @p_str, i32 0, i32 0, void @p_str, void @p_str, void @p_str, i32 2, i32 2, i32 16, i32 16, void @p_str, void @p_str, i32 4294967295, i32 0"   --->   Operation 60 'specinterface' 'specinterface_ln0' <Predicate = true> <Delay = 0.00>
ST_10 : Operation 61 [1/1] (0.00ns)   --->   "%empty_743 = specchannel i32 @_ssdm_op_SpecChannel, void @current_record_3_OC_val4_c_str, i32 1, void @p_str, void @p_str, i32 3, i32 0, i512 %current_record_3_val4_c, i512 %current_record_3_val4_c"   --->   Operation 61 'specchannel' 'empty_743' <Predicate = true> <Delay = 0.00>
ST_10 : Operation 62 [1/1] (0.00ns)   --->   "%specinterface_ln0 = specinterface void @_ssdm_op_SpecInterface, i512 %current_record_3_val4_c, void @ap_fifo_str, i32 0, i32 0, void @p_str, i32 0, i32 0, void @p_str, void @p_str, void @p_str, i32 2, i32 2, i32 16, i32 16, void @p_str, void @p_str, i32 4294967295, i32 0"   --->   Operation 62 'specinterface' 'specinterface_ln0' <Predicate = true> <Delay = 0.00>
ST_10 : Operation 63 [1/1] (0.00ns)   --->   "%empty_744 = specchannel i32 @_ssdm_op_SpecChannel, void @current_record_2_OC_val3_c_str, i32 1, void @p_str, void @p_str, i32 3, i32 0, i512 %current_record_2_val3_c, i512 %current_record_2_val3_c"   --->   Operation 63 'specchannel' 'empty_744' <Predicate = true> <Delay = 0.00>
ST_10 : Operation 64 [1/1] (0.00ns)   --->   "%specinterface_ln0 = specinterface void @_ssdm_op_SpecInterface, i512 %current_record_2_val3_c, void @ap_fifo_str, i32 0, i32 0, void @p_str, i32 0, i32 0, void @p_str, void @p_str, void @p_str, i32 2, i32 2, i32 16, i32 16, void @p_str, void @p_str, i32 4294967295, i32 0"   --->   Operation 64 'specinterface' 'specinterface_ln0' <Predicate = true> <Delay = 0.00>
ST_10 : Operation 65 [1/1] (0.00ns)   --->   "%empty_745 = specchannel i32 @_ssdm_op_SpecChannel, void @current_record_1_OC_val2_c_str, i32 1, void @p_str, void @p_str, i32 3, i32 0, i512 %current_record_1_val2_c, i512 %current_record_1_val2_c"   --->   Operation 65 'specchannel' 'empty_745' <Predicate = true> <Delay = 0.00>
ST_10 : Operation 66 [1/1] (0.00ns)   --->   "%specinterface_ln0 = specinterface void @_ssdm_op_SpecInterface, i512 %current_record_1_val2_c, void @ap_fifo_str, i32 0, i32 0, void @p_str, i32 0, i32 0, void @p_str, void @p_str, void @p_str, i32 2, i32 2, i32 16, i32 16, void @p_str, void @p_str, i32 4294967295, i32 0"   --->   Operation 66 'specinterface' 'specinterface_ln0' <Predicate = true> <Delay = 0.00>
ST_10 : Operation 67 [1/1] (0.00ns)   --->   "%empty_746 = specchannel i32 @_ssdm_op_SpecChannel, void @current_record_0_OC_val1_c_str, i32 1, void @p_str, void @p_str, i32 3, i32 0, i512 %current_record_0_val1_c, i512 %current_record_0_val1_c"   --->   Operation 67 'specchannel' 'empty_746' <Predicate = true> <Delay = 0.00>
ST_10 : Operation 68 [1/1] (0.00ns)   --->   "%specinterface_ln0 = specinterface void @_ssdm_op_SpecInterface, i512 %current_record_0_val1_c, void @ap_fifo_str, i32 0, i32 0, void @p_str, i32 0, i32 0, void @p_str, void @p_str, void @p_str, i32 2, i32 2, i32 16, i32 16, void @p_str, void @p_str, i32 4294967295, i32 0"   --->   Operation 68 'specinterface' 'specinterface_ln0' <Predicate = true> <Delay = 0.00>
ST_10 : Operation 69 [1/1] (0.00ns)   --->   "%specdataflowpipeline_ln0 = specdataflowpipeline void @_ssdm_op_SpecDataflowPipeline, i32 4294967295, i32 1, void @empty_418"   --->   Operation 69 'specdataflowpipeline' 'specdataflowpipeline_ln0' <Predicate = true> <Delay = 0.00>
ST_10 : Operation 70 [1/1] (0.00ns)   --->   "%specmemcore_ln0 = specmemcore void @_ssdm_op_SpecMemCore, i32 %query_0, i64 666, i64 18, i64 18446744073709551615"   --->   Operation 70 'specmemcore' 'specmemcore_ln0' <Predicate = true> <Delay = 0.00>
ST_10 : Operation 71 [1/1] (0.00ns)   --->   "%specmemcore_ln0 = specmemcore void @_ssdm_op_SpecMemCore, i32 %query_1, i64 666, i64 18, i64 18446744073709551615"   --->   Operation 71 'specmemcore' 'specmemcore_ln0' <Predicate = true> <Delay = 0.00>
ST_10 : Operation 72 [1/1] (0.00ns)   --->   "%specmemcore_ln0 = specmemcore void @_ssdm_op_SpecMemCore, i32 %query_2, i64 666, i64 18, i64 18446744073709551615"   --->   Operation 72 'specmemcore' 'specmemcore_ln0' <Predicate = true> <Delay = 0.00>
ST_10 : Operation 73 [1/1] (0.00ns)   --->   "%specmemcore_ln0 = specmemcore void @_ssdm_op_SpecMemCore, i32 %query_3, i64 666, i64 18, i64 18446744073709551615"   --->   Operation 73 'specmemcore' 'specmemcore_ln0' <Predicate = true> <Delay = 0.00>
ST_10 : Operation 74 [1/1] (0.00ns)   --->   "%specmemcore_ln0 = specmemcore void @_ssdm_op_SpecMemCore, i32 %query_4, i64 666, i64 18, i64 18446744073709551615"   --->   Operation 74 'specmemcore' 'specmemcore_ln0' <Predicate = true> <Delay = 0.00>
ST_10 : Operation 75 [1/1] (0.00ns)   --->   "%specmemcore_ln0 = specmemcore void @_ssdm_op_SpecMemCore, i32 %query_5, i64 666, i64 18, i64 18446744073709551615"   --->   Operation 75 'specmemcore' 'specmemcore_ln0' <Predicate = true> <Delay = 0.00>
ST_10 : Operation 76 [1/1] (0.00ns)   --->   "%specmemcore_ln0 = specmemcore void @_ssdm_op_SpecMemCore, i32 %query_6, i64 666, i64 18, i64 18446744073709551615"   --->   Operation 76 'specmemcore' 'specmemcore_ln0' <Predicate = true> <Delay = 0.00>
ST_10 : Operation 77 [1/1] (0.00ns)   --->   "%specmemcore_ln0 = specmemcore void @_ssdm_op_SpecMemCore, i32 %query_7, i64 666, i64 18, i64 18446744073709551615"   --->   Operation 77 'specmemcore' 'specmemcore_ln0' <Predicate = true> <Delay = 0.00>
ST_10 : Operation 78 [1/1] (0.00ns)   --->   "%specmemcore_ln0 = specmemcore void @_ssdm_op_SpecMemCore, i32 %query_8, i64 666, i64 18, i64 18446744073709551615"   --->   Operation 78 'specmemcore' 'specmemcore_ln0' <Predicate = true> <Delay = 0.00>
ST_10 : Operation 79 [1/1] (0.00ns)   --->   "%specmemcore_ln0 = specmemcore void @_ssdm_op_SpecMemCore, i32 %query_9, i64 666, i64 18, i64 18446744073709551615"   --->   Operation 79 'specmemcore' 'specmemcore_ln0' <Predicate = true> <Delay = 0.00>
ST_10 : Operation 80 [1/1] (0.00ns)   --->   "%specmemcore_ln0 = specmemcore void @_ssdm_op_SpecMemCore, i32 %query_10, i64 666, i64 18, i64 18446744073709551615"   --->   Operation 80 'specmemcore' 'specmemcore_ln0' <Predicate = true> <Delay = 0.00>
ST_10 : Operation 81 [1/1] (0.00ns)   --->   "%specmemcore_ln0 = specmemcore void @_ssdm_op_SpecMemCore, i32 %query_11, i64 666, i64 18, i64 18446744073709551615"   --->   Operation 81 'specmemcore' 'specmemcore_ln0' <Predicate = true> <Delay = 0.00>
ST_10 : Operation 82 [1/1] (0.00ns)   --->   "%specmemcore_ln0 = specmemcore void @_ssdm_op_SpecMemCore, i32 %query_12, i64 666, i64 18, i64 18446744073709551615"   --->   Operation 82 'specmemcore' 'specmemcore_ln0' <Predicate = true> <Delay = 0.00>
ST_10 : Operation 83 [1/1] (0.00ns)   --->   "%specmemcore_ln0 = specmemcore void @_ssdm_op_SpecMemCore, i32 %query_13, i64 666, i64 18, i64 18446744073709551615"   --->   Operation 83 'specmemcore' 'specmemcore_ln0' <Predicate = true> <Delay = 0.00>
ST_10 : Operation 84 [1/1] (0.00ns)   --->   "%specmemcore_ln0 = specmemcore void @_ssdm_op_SpecMemCore, i32 %query_14, i64 666, i64 18, i64 18446744073709551615"   --->   Operation 84 'specmemcore' 'specmemcore_ln0' <Predicate = true> <Delay = 0.00>
ST_10 : Operation 85 [1/1] (0.00ns)   --->   "%specmemcore_ln0 = specmemcore void @_ssdm_op_SpecMemCore, i32 %query_15, i64 666, i64 18, i64 18446744073709551615"   --->   Operation 85 'specmemcore' 'specmemcore_ln0' <Predicate = true> <Delay = 0.00>
ST_10 : Operation 86 [1/1] (0.00ns)   --->   "%specmemcore_ln0 = specmemcore void @_ssdm_op_SpecMemCore, i32 %scale_pe0, i64 666, i64 10, i64 18446744073709551615"   --->   Operation 86 'specmemcore' 'specmemcore_ln0' <Predicate = true> <Delay = 0.00>
ST_10 : Operation 87 [1/1] (0.00ns)   --->   "%specmemcore_ln0 = specmemcore void @_ssdm_op_SpecMemCore, i480 %quantized_pe0, i64 666, i64 8, i64 18446744073709551615"   --->   Operation 87 'specmemcore' 'specmemcore_ln0' <Predicate = true> <Delay = 0.00>
ST_10 : Operation 88 [1/1] (0.00ns)   --->   "%specinterface_ln0 = specinterface void @_ssdm_op_SpecInterface, i32 %scale_pe0, void @empty_447, i32 0, i32 0, void @empty_418, i32 0, i32 0, void @empty_418, void @empty_418, void @empty_418, i32 0, i32 0, i32 0, i32 0, void @empty_418, void @empty_418, i32 4294967295, i32 0"   --->   Operation 88 'specinterface' 'specinterface_ln0' <Predicate = true> <Delay = 0.00>
ST_10 : Operation 89 [1/1] (0.00ns)   --->   "%specinterface_ln0 = specinterface void @_ssdm_op_SpecInterface, i480 %quantized_pe0, void @empty_447, i32 0, i32 0, void @empty_418, i32 0, i32 0, void @empty_418, void @empty_418, void @empty_418, i32 0, i32 0, i32 0, i32 0, void @empty_418, void @empty_418, i32 4294967295, i32 0"   --->   Operation 89 'specinterface' 'specinterface_ln0' <Predicate = true> <Delay = 0.00>
ST_10 : Operation 90 [1/1] (0.00ns)   --->   "%specinterface_ln0 = specinterface void @_ssdm_op_SpecInterface, i512 %gmem0, void @empty_417, i32 0, i32 0, void @empty_418, i32 64, i32 13043328, void @empty_423, void @empty_420, void @empty_418, i32 8, i32 2, i32 256, i32 64, void @empty_418, void @empty_418, i32 4294967295, i32 0"   --->   Operation 90 'specinterface' 'specinterface_ln0' <Predicate = true> <Delay = 0.00>
ST_10 : Operation 91 [1/1] (0.00ns)   --->   "%empty_747 = specchannel i32 @_ssdm_op_SpecChannel, void @score_stream_str, i32 1, void @p_str, void @p_str, i32 4, i32 4, i32 %score_stream, i32 %score_stream"   --->   Operation 91 'specchannel' 'empty_747' <Predicate = true> <Delay = 0.00>
ST_10 : Operation 92 [1/1] (0.00ns)   --->   "%specmemcore_ln1614 = specmemcore void @_ssdm_op_SpecMemCore, i32 %score_stream, i64 666, i64 10, i64 18446744073709551615" [source/swiftkv_attention.cpp:1614]   --->   Operation 92 'specmemcore' 'specmemcore_ln1614' <Predicate = true> <Delay = 0.00>
ST_10 : Operation 93 [1/1] (0.00ns)   --->   "%specinterface_ln0 = specinterface void @_ssdm_op_SpecInterface, i32 %score_stream, void @empty_447, i32 0, i32 0, void @empty_418, i32 0, i32 0, void @empty_418, void @empty_418, void @empty_418, i32 0, i32 0, i32 0, i32 0, void @empty_418, void @empty_418, i32 4294967295, i32 0"   --->   Operation 93 'specinterface' 'specinterface_ln0' <Predicate = true> <Delay = 0.00>
ST_10 : Operation 94 [1/1] (0.00ns)   --->   "%empty_748 = specchannel i32 @_ssdm_op_SpecChannel, void @cached_kv_word_stream_str, i32 1, void @p_str, void @p_str, i32 64, i32 64, i512 %cached_kv_word_stream, i512 %cached_kv_word_stream"   --->   Operation 94 'specchannel' 'empty_748' <Predicate = true> <Delay = 0.00>
ST_10 : Operation 95 [1/1] (0.00ns)   --->   "%specmemcore_ln1615 = specmemcore void @_ssdm_op_SpecMemCore, i512 %cached_kv_word_stream, i64 666, i64 8, i64 18446744073709551615" [source/swiftkv_attention.cpp:1615]   --->   Operation 95 'specmemcore' 'specmemcore_ln1615' <Predicate = true> <Delay = 0.00>
ST_10 : Operation 96 [1/1] (0.00ns)   --->   "%specinterface_ln0 = specinterface void @_ssdm_op_SpecInterface, i512 %cached_kv_word_stream, void @empty_447, i32 0, i32 0, void @empty_418, i32 0, i32 0, void @empty_418, void @empty_418, void @empty_418, i32 0, i32 0, i32 0, i32 0, void @empty_418, void @empty_418, i32 4294967295, i32 0"   --->   Operation 96 'specinterface' 'specinterface_ln0' <Predicate = true> <Delay = 0.00>
ST_10 : Operation 97 [1/1] (0.00ns)   --->   "%empty_749 = specchannel i32 @_ssdm_op_SpecChannel, void @key_metadata_stream_str, i32 1, void @p_str, void @p_str, i32 32, i32 32, i40 %key_metadata_stream, i40 %key_metadata_stream"   --->   Operation 97 'specchannel' 'empty_749' <Predicate = true> <Delay = 0.00>
ST_10 : Operation 98 [1/1] (0.00ns)   --->   "%specmemcore_ln1616 = specmemcore void @_ssdm_op_SpecMemCore, i40 %key_metadata_stream, i64 666, i64 10, i64 18446744073709551615" [source/swiftkv_attention.cpp:1616]   --->   Operation 98 'specmemcore' 'specmemcore_ln1616' <Predicate = true> <Delay = 0.00>
ST_10 : Operation 99 [1/1] (0.00ns)   --->   "%specinterface_ln0 = specinterface void @_ssdm_op_SpecInterface, i40 %key_metadata_stream, void @empty_447, i32 0, i32 0, void @empty_418, i32 0, i32 0, void @empty_418, void @empty_418, void @empty_418, i32 0, i32 0, i32 0, i32 0, void @empty_418, void @empty_418, i32 4294967295, i32 0"   --->   Operation 99 'specinterface' 'specinterface_ln0' <Predicate = true> <Delay = 0.00>
ST_10 : Operation 100 [1/1] (0.00ns)   --->   "%empty_750 = specchannel i32 @_ssdm_op_SpecChannel, void @value_metadata_stream_str, i32 1, void @p_str, void @p_str, i32 32, i32 32, i40 %value_metadata_stream, i40 %value_metadata_stream"   --->   Operation 100 'specchannel' 'empty_750' <Predicate = true> <Delay = 0.00>
ST_10 : Operation 101 [1/1] (0.00ns)   --->   "%specmemcore_ln1617 = specmemcore void @_ssdm_op_SpecMemCore, i40 %value_metadata_stream, i64 666, i64 10, i64 18446744073709551615" [source/swiftkv_attention.cpp:1617]   --->   Operation 101 'specmemcore' 'specmemcore_ln1617' <Predicate = true> <Delay = 0.00>
ST_10 : Operation 102 [1/1] (0.00ns)   --->   "%specinterface_ln0 = specinterface void @_ssdm_op_SpecInterface, i40 %value_metadata_stream, void @empty_447, i32 0, i32 0, void @empty_418, i32 0, i32 0, void @empty_418, void @empty_418, void @empty_418, i32 0, i32 0, i32 0, i32 0, void @empty_418, void @empty_418, i32 4294967295, i32 0"   --->   Operation 102 'specinterface' 'specinterface_ln0' <Predicate = true> <Delay = 0.00>
ST_10 : Operation 103 [1/1] (0.00ns)   --->   "%empty_751 = specchannel i32 @_ssdm_op_SpecChannel, void @key0_stream_str, i32 1, void @p_str, void @p_str, i32 32, i32 32, i512 %key0_stream, i512 %key0_stream"   --->   Operation 103 'specchannel' 'empty_751' <Predicate = true> <Delay = 0.00>
ST_10 : Operation 104 [1/1] (0.00ns)   --->   "%specmemcore_ln1621 = specmemcore void @_ssdm_op_SpecMemCore, i512 %key0_stream, i64 666, i64 11, i64 18446744073709551615" [source/swiftkv_attention.cpp:1621]   --->   Operation 104 'specmemcore' 'specmemcore_ln1621' <Predicate = true> <Delay = 0.00>
ST_10 : Operation 105 [1/1] (0.00ns)   --->   "%specinterface_ln0 = specinterface void @_ssdm_op_SpecInterface, i512 %key0_stream, void @empty_447, i32 0, i32 0, void @empty_418, i32 0, i32 0, void @empty_418, void @empty_418, void @empty_418, i32 0, i32 0, i32 0, i32 0, void @empty_418, void @empty_418, i32 4294967295, i32 0"   --->   Operation 105 'specinterface' 'specinterface_ln0' <Predicate = true> <Delay = 0.00>
ST_10 : Operation 106 [1/1] (0.00ns)   --->   "%empty_752 = specchannel i32 @_ssdm_op_SpecChannel, void @key1_stream_str, i32 1, void @p_str, void @p_str, i32 32, i32 32, i512 %key1_stream, i512 %key1_stream"   --->   Operation 106 'specchannel' 'empty_752' <Predicate = true> <Delay = 0.00>
ST_10 : Operation 107 [1/1] (0.00ns)   --->   "%specmemcore_ln1622 = specmemcore void @_ssdm_op_SpecMemCore, i512 %key1_stream, i64 666, i64 11, i64 18446744073709551615" [source/swiftkv_attention.cpp:1622]   --->   Operation 107 'specmemcore' 'specmemcore_ln1622' <Predicate = true> <Delay = 0.00>
ST_10 : Operation 108 [1/1] (0.00ns)   --->   "%specinterface_ln0 = specinterface void @_ssdm_op_SpecInterface, i512 %key1_stream, void @empty_447, i32 0, i32 0, void @empty_418, i32 0, i32 0, void @empty_418, void @empty_418, void @empty_418, i32 0, i32 0, i32 0, i32 0, void @empty_418, void @empty_418, i32 4294967295, i32 0"   --->   Operation 108 'specinterface' 'specinterface_ln0' <Predicate = true> <Delay = 0.00>
ST_10 : Operation 109 [1/1] (0.00ns)   --->   "%empty_753 = specchannel i32 @_ssdm_op_SpecChannel, void @value0_engine0_stream_str, i32 1, void @p_str, void @p_str, i32 32, i32 32, i128 %value0_engine0_stream, i128 %value0_engine0_stream"   --->   Operation 109 'specchannel' 'empty_753' <Predicate = true> <Delay = 0.00>
ST_10 : Operation 110 [1/1] (0.00ns)   --->   "%specmemcore_ln1623 = specmemcore void @_ssdm_op_SpecMemCore, i128 %value0_engine0_stream, i64 666, i64 11, i64 18446744073709551615" [source/swiftkv_attention.cpp:1623]   --->   Operation 110 'specmemcore' 'specmemcore_ln1623' <Predicate = true> <Delay = 0.00>
ST_10 : Operation 111 [1/1] (0.00ns)   --->   "%specinterface_ln0 = specinterface void @_ssdm_op_SpecInterface, i128 %value0_engine0_stream, void @empty_447, i32 0, i32 0, void @empty_418, i32 0, i32 0, void @empty_418, void @empty_418, void @empty_418, i32 0, i32 0, i32 0, i32 0, void @empty_418, void @empty_418, i32 4294967295, i32 0"   --->   Operation 111 'specinterface' 'specinterface_ln0' <Predicate = true> <Delay = 0.00>
ST_10 : Operation 112 [1/1] (0.00ns)   --->   "%empty_754 = specchannel i32 @_ssdm_op_SpecChannel, void @value0_engine1_stream_str, i32 1, void @p_str, void @p_str, i32 32, i32 32, i128 %value0_engine1_stream, i128 %value0_engine1_stream"   --->   Operation 112 'specchannel' 'empty_754' <Predicate = true> <Delay = 0.00>
ST_10 : Operation 113 [1/1] (0.00ns)   --->   "%specmemcore_ln1624 = specmemcore void @_ssdm_op_SpecMemCore, i128 %value0_engine1_stream, i64 666, i64 11, i64 18446744073709551615" [source/swiftkv_attention.cpp:1624]   --->   Operation 113 'specmemcore' 'specmemcore_ln1624' <Predicate = true> <Delay = 0.00>
ST_10 : Operation 114 [1/1] (0.00ns)   --->   "%specinterface_ln0 = specinterface void @_ssdm_op_SpecInterface, i128 %value0_engine1_stream, void @empty_447, i32 0, i32 0, void @empty_418, i32 0, i32 0, void @empty_418, void @empty_418, void @empty_418, i32 0, i32 0, i32 0, i32 0, void @empty_418, void @empty_418, i32 4294967295, i32 0"   --->   Operation 114 'specinterface' 'specinterface_ln0' <Predicate = true> <Delay = 0.00>
ST_10 : Operation 115 [1/1] (0.00ns)   --->   "%empty_755 = specchannel i32 @_ssdm_op_SpecChannel, void @value0_engine2_stream_str, i32 1, void @p_str, void @p_str, i32 32, i32 32, i128 %value0_engine2_stream, i128 %value0_engine2_stream"   --->   Operation 115 'specchannel' 'empty_755' <Predicate = true> <Delay = 0.00>
ST_10 : Operation 116 [1/1] (0.00ns)   --->   "%specmemcore_ln1625 = specmemcore void @_ssdm_op_SpecMemCore, i128 %value0_engine2_stream, i64 666, i64 11, i64 18446744073709551615" [source/swiftkv_attention.cpp:1625]   --->   Operation 116 'specmemcore' 'specmemcore_ln1625' <Predicate = true> <Delay = 0.00>
ST_10 : Operation 117 [1/1] (0.00ns)   --->   "%specinterface_ln0 = specinterface void @_ssdm_op_SpecInterface, i128 %value0_engine2_stream, void @empty_447, i32 0, i32 0, void @empty_418, i32 0, i32 0, void @empty_418, void @empty_418, void @empty_418, i32 0, i32 0, i32 0, i32 0, void @empty_418, void @empty_418, i32 4294967295, i32 0"   --->   Operation 117 'specinterface' 'specinterface_ln0' <Predicate = true> <Delay = 0.00>
ST_10 : Operation 118 [1/1] (0.00ns)   --->   "%empty_756 = specchannel i32 @_ssdm_op_SpecChannel, void @value0_engine3_stream_str, i32 1, void @p_str, void @p_str, i32 32, i32 32, i128 %value0_engine3_stream, i128 %value0_engine3_stream"   --->   Operation 118 'specchannel' 'empty_756' <Predicate = true> <Delay = 0.00>
ST_10 : Operation 119 [1/1] (0.00ns)   --->   "%specmemcore_ln1626 = specmemcore void @_ssdm_op_SpecMemCore, i128 %value0_engine3_stream, i64 666, i64 11, i64 18446744073709551615" [source/swiftkv_attention.cpp:1626]   --->   Operation 119 'specmemcore' 'specmemcore_ln1626' <Predicate = true> <Delay = 0.00>
ST_10 : Operation 120 [1/1] (0.00ns)   --->   "%specinterface_ln0 = specinterface void @_ssdm_op_SpecInterface, i128 %value0_engine3_stream, void @empty_447, i32 0, i32 0, void @empty_418, i32 0, i32 0, void @empty_418, void @empty_418, void @empty_418, i32 0, i32 0, i32 0, i32 0, void @empty_418, void @empty_418, i32 4294967295, i32 0"   --->   Operation 120 'specinterface' 'specinterface_ln0' <Predicate = true> <Delay = 0.00>
ST_10 : Operation 121 [1/1] (0.00ns)   --->   "%empty_757 = specchannel i32 @_ssdm_op_SpecChannel, void @value1_engine0_stream_str, i32 1, void @p_str, void @p_str, i32 32, i32 32, i128 %value1_engine0_stream, i128 %value1_engine0_stream"   --->   Operation 121 'specchannel' 'empty_757' <Predicate = true> <Delay = 0.00>
ST_10 : Operation 122 [1/1] (0.00ns)   --->   "%specmemcore_ln1627 = specmemcore void @_ssdm_op_SpecMemCore, i128 %value1_engine0_stream, i64 666, i64 11, i64 18446744073709551615" [source/swiftkv_attention.cpp:1627]   --->   Operation 122 'specmemcore' 'specmemcore_ln1627' <Predicate = true> <Delay = 0.00>
ST_10 : Operation 123 [1/1] (0.00ns)   --->   "%specinterface_ln0 = specinterface void @_ssdm_op_SpecInterface, i128 %value1_engine0_stream, void @empty_447, i32 0, i32 0, void @empty_418, i32 0, i32 0, void @empty_418, void @empty_418, void @empty_418, i32 0, i32 0, i32 0, i32 0, void @empty_418, void @empty_418, i32 4294967295, i32 0"   --->   Operation 123 'specinterface' 'specinterface_ln0' <Predicate = true> <Delay = 0.00>
ST_10 : Operation 124 [1/1] (0.00ns)   --->   "%empty_758 = specchannel i32 @_ssdm_op_SpecChannel, void @value1_engine1_stream_str, i32 1, void @p_str, void @p_str, i32 32, i32 32, i128 %value1_engine1_stream, i128 %value1_engine1_stream"   --->   Operation 124 'specchannel' 'empty_758' <Predicate = true> <Delay = 0.00>
ST_10 : Operation 125 [1/1] (0.00ns)   --->   "%specmemcore_ln1628 = specmemcore void @_ssdm_op_SpecMemCore, i128 %value1_engine1_stream, i64 666, i64 11, i64 18446744073709551615" [source/swiftkv_attention.cpp:1628]   --->   Operation 125 'specmemcore' 'specmemcore_ln1628' <Predicate = true> <Delay = 0.00>
ST_10 : Operation 126 [1/1] (0.00ns)   --->   "%specinterface_ln0 = specinterface void @_ssdm_op_SpecInterface, i128 %value1_engine1_stream, void @empty_447, i32 0, i32 0, void @empty_418, i32 0, i32 0, void @empty_418, void @empty_418, void @empty_418, i32 0, i32 0, i32 0, i32 0, void @empty_418, void @empty_418, i32 4294967295, i32 0"   --->   Operation 126 'specinterface' 'specinterface_ln0' <Predicate = true> <Delay = 0.00>
ST_10 : Operation 127 [1/1] (0.00ns)   --->   "%empty_759 = specchannel i32 @_ssdm_op_SpecChannel, void @value1_engine2_stream_str, i32 1, void @p_str, void @p_str, i32 32, i32 32, i128 %value1_engine2_stream, i128 %value1_engine2_stream"   --->   Operation 127 'specchannel' 'empty_759' <Predicate = true> <Delay = 0.00>
ST_10 : Operation 128 [1/1] (0.00ns)   --->   "%specmemcore_ln1629 = specmemcore void @_ssdm_op_SpecMemCore, i128 %value1_engine2_stream, i64 666, i64 11, i64 18446744073709551615" [source/swiftkv_attention.cpp:1629]   --->   Operation 128 'specmemcore' 'specmemcore_ln1629' <Predicate = true> <Delay = 0.00>
ST_10 : Operation 129 [1/1] (0.00ns)   --->   "%specinterface_ln0 = specinterface void @_ssdm_op_SpecInterface, i128 %value1_engine2_stream, void @empty_447, i32 0, i32 0, void @empty_418, i32 0, i32 0, void @empty_418, void @empty_418, void @empty_418, i32 0, i32 0, i32 0, i32 0, void @empty_418, void @empty_418, i32 4294967295, i32 0"   --->   Operation 129 'specinterface' 'specinterface_ln0' <Predicate = true> <Delay = 0.00>
ST_10 : Operation 130 [1/1] (0.00ns)   --->   "%empty_760 = specchannel i32 @_ssdm_op_SpecChannel, void @value1_engine3_stream_str, i32 1, void @p_str, void @p_str, i32 32, i32 32, i128 %value1_engine3_stream, i128 %value1_engine3_stream"   --->   Operation 130 'specchannel' 'empty_760' <Predicate = true> <Delay = 0.00>
ST_10 : Operation 131 [1/1] (0.00ns)   --->   "%specmemcore_ln1630 = specmemcore void @_ssdm_op_SpecMemCore, i128 %value1_engine3_stream, i64 666, i64 11, i64 18446744073709551615" [source/swiftkv_attention.cpp:1630]   --->   Operation 131 'specmemcore' 'specmemcore_ln1630' <Predicate = true> <Delay = 0.00>
ST_10 : Operation 132 [1/1] (0.00ns)   --->   "%specinterface_ln0 = specinterface void @_ssdm_op_SpecInterface, i128 %value1_engine3_stream, void @empty_447, i32 0, i32 0, void @empty_418, i32 0, i32 0, void @empty_418, void @empty_418, void @empty_418, i32 0, i32 0, i32 0, i32 0, void @empty_418, void @empty_418, i32 4294967295, i32 0"   --->   Operation 132 'specinterface' 'specinterface_ln0' <Predicate = true> <Delay = 0.00>
ST_10 : Operation 133 [1/1] (0.00ns)   --->   "%empty_761 = specchannel i32 @_ssdm_op_SpecChannel, void @control_stream_str, i32 1, void @p_str, void @p_str, i32 16, i32 16, i19 %control_stream, i19 %control_stream"   --->   Operation 133 'specchannel' 'empty_761' <Predicate = true> <Delay = 0.00>
ST_10 : Operation 134 [1/1] (0.00ns)   --->   "%specmemcore_ln1631 = specmemcore void @_ssdm_op_SpecMemCore, i19 %control_stream, i64 666, i64 10, i64 18446744073709551615" [source/swiftkv_attention.cpp:1631]   --->   Operation 134 'specmemcore' 'specmemcore_ln1631' <Predicate = true> <Delay = 0.00>
ST_10 : Operation 135 [1/1] (0.00ns)   --->   "%specinterface_ln0 = specinterface void @_ssdm_op_SpecInterface, i19 %control_stream, void @empty_447, i32 0, i32 0, void @empty_418, i32 0, i32 0, void @empty_418, void @empty_418, void @empty_418, i32 0, i32 0, i32 0, i32 0, void @empty_418, void @empty_418, i32 4294967295, i32 0"   --->   Operation 135 'specinterface' 'specinterface_ln0' <Predicate = true> <Delay = 0.00>
ST_10 : Operation 136 [1/1] (0.00ns)   --->   "%empty_762 = specchannel i32 @_ssdm_op_SpecChannel, void @inverse_normalization_stream_str, i32 1, void @p_str, void @p_str, i32 2, i32 2, i32 %inverse_normalization_stream, i32 %inverse_normalization_stream"   --->   Operation 136 'specchannel' 'empty_762' <Predicate = true> <Delay = 0.00>
ST_10 : Operation 137 [1/1] (0.00ns)   --->   "%specmemcore_ln1632 = specmemcore void @_ssdm_op_SpecMemCore, i32 %inverse_normalization_stream, i64 666, i64 10, i64 18446744073709551615" [source/swiftkv_attention.cpp:1632]   --->   Operation 137 'specmemcore' 'specmemcore_ln1632' <Predicate = true> <Delay = 0.00>
ST_10 : Operation 138 [1/1] (0.00ns)   --->   "%specinterface_ln0 = specinterface void @_ssdm_op_SpecInterface, i32 %inverse_normalization_stream, void @empty_447, i32 0, i32 0, void @empty_418, i32 0, i32 0, void @empty_418, void @empty_418, void @empty_418, i32 0, i32 0, i32 0, i32 0, void @empty_418, void @empty_418, i32 4294967295, i32 0"   --->   Operation 138 'specinterface' 'specinterface_ln0' <Predicate = true> <Delay = 0.00>
ST_10 : Operation 139 [1/2] (0.00ns)   --->   "%call_ln1651 = call void @swiftkv_update_values_and_quantize, i40 %value_metadata_stream, i128 %value0_engine0_stream, i128 %value0_engine1_stream, i128 %value0_engine2_stream, i128 %value0_engine3_stream, i128 %value1_engine0_stream, i128 %value1_engine1_stream, i128 %value1_engine2_stream, i128 %value1_engine3_stream, i19 %control_stream, i32 %inverse_normalization_stream, i12 %position_val_c, i480 %quantized_pe0, i32 %scale_pe0" [source/swiftkv_attention.cpp:1651]   --->   Operation 139 'call' 'call_ln1651' <Predicate = true> <Delay = 0.00> <CoreType = "Generic">   --->   Core 0 '' <Latency = 0> <II = 1> <Delay = 1.00> <Generic> <Opcode : >
ST_10 : Operation 140 [1/1] (0.00ns)   --->   "%ret_ln1660 = ret" [source/swiftkv_attention.cpp:1660]   --->   Operation 140 'ret' 'ret_ln1660' <Predicate = true> <Delay = 0.00>


============================================================
+ Verbose Summary: Timing violations
============================================================
Target clock period: 3.333ns, clock uncertainty: 0.900ns.

 <State 1>: 1.217ns
The critical path consists of the following:
	wire read operation ('position_val_read') on port 'position_val' [29]  (0.000 ns)
	'call' operation 0 bit ('call_ln1634', source/swiftkv_attention.cpp:1634) to 'swiftkv_read_compressed_kv_cache' [148]  (1.217 ns)

 <State 2>: 0.000ns
The critical path consists of the following:

 <State 3>: 0.000ns
The critical path consists of the following:

 <State 4>: 0.000ns
The critical path consists of the following:

 <State 5>: 1.217ns
The critical path consists of the following:
	'call' operation 0 bit ('call_ln1645', source/swiftkv_attention.cpp:1645) to 'swiftkv_process_compressed_kv' [150]  (1.217 ns)

 <State 6>: 0.000ns
The critical path consists of the following:

 <State 7>: 0.000ns
The critical path consists of the following:

 <State 8>: 0.000ns
The critical path consists of the following:

 <State 9>: 0.000ns
The critical path consists of the following:

 <State 10>: 0.000ns
The critical path consists of the following:


============================================================
+ Verbose Summary: Binding
============================================================
N/A
* FSMD analyzer results:
  - Output states:
 - Input state : 
  - Chain level:
	State 1
	State 2
	State 3
	State 4
	State 5
	State 6
	State 7
	State 8
	State 9
	State 10


============================================================
+ Verbose Summary: Datapath Resource usage 
============================================================
N/A
