

================================================================
== Vitis HLS Report for 'swiftkv_run_bank_Pipeline_pe_load_k_word_loop'
================================================================
* Date:           Tue Aug 11 09:16:51 2026

* Version:        2023.2 (Build 4023990 on Oct 11 2023)
* Project:        proj_int4_decoder_xo
* Solution:       solution1 (Vitis Kernel Flow Target)
* Product family: virtexuplus
* Target device:  xcu250-figd2104-2L-e


================================================================
== Performance Estimates
================================================================
+ Timing: 
    * Summary: 
    +--------+---------+----------+------------+
    |  Clock |  Target | Estimated| Uncertainty|
    +--------+---------+----------+------------+
    |ap_clk  |  3.33 ns|  2.400 ns|     0.90 ns|
    +--------+---------+----------+------------+

+ Latency: 
    * Summary: 
    +---------+---------+-----------+-----------+-----+-----+---------+
    |  Latency (cycles) |   Latency (absolute)  |  Interval | Pipeline|
    |   min   |   max   |    min    |    max    | min | max |   Type  |
    +---------+---------+-----------+-----------+-----+-----+---------+
    |       10|       10|  33.330 ns|  33.330 ns|   10|   10|       no|
    +---------+---------+-----------+-----------+-----+-----+---------+

    + Detail: 
        * Instance: 
        N/A

        * Loop: 
        +-----------------------+---------+---------+----------+-----------+-----------+------+----------+
        |                       |  Latency (cycles) | Iteration|  Initiation Interval  | Trip |          |
        |       Loop Name       |   min   |   max   |  Latency |  achieved |   target  | Count| Pipelined|
        +-----------------------+---------+---------+----------+-----------+-----------+------+----------+
        |- pe_load_k_word_loop  |        8|        8|         2|          1|          1|     8|       yes|
        +-----------------------+---------+---------+----------+-----------+-----------+------+----------+

============================================================
+ Verbose Summary: Synthesis Manager
============================================================
InlineROM: 1
ExposeGlobal: 0
============================================================
+ Verbose Summary: CDFG Model
============================================================
IsTopModel: 0
ResetActiveHigh: 1
IsCombinational: 0
IsDatapathOnly: 0
HasWiredReturn: 1
HasMFsm: 2
HasVarLatency: 1
IsPipeline: 0
IsRtlPipelined: 0
IsInstanceOverlapped: 0
IsDontTouch: 0
HasImplIP: 0
IsGatedGlobalClock: 0

+ Individual pipeline summary: 
  * Pipeline-0: initiation interval (II) = 1, depth = 2


============================================================
+ Verbose Summary: Schedule
============================================================
* Number of FSM states : 2
* Pipeline : 1
  Pipeline-0 : II = 1, D = 2, States = { 1 2 }
* Dataflow Pipeline: 0

* FSM state transitions: 
1 --> 2 
2 --> 

* FSM state operations: 

State 1 <SV = 0> <Delay = 2.29>
ST_1 : Operation 5 [1/1] (0.00ns)   --->   "%word_1 = alloca i32 1" [source/swiftkv_attention.cpp:1869]   --->   Operation 5 'alloca' 'word_1' <Predicate = true> <Delay = 0.00>
ST_1 : Operation 6 [1/1] (0.00ns)   --->   "%specmemcore_ln0 = specmemcore void @_ssdm_op_SpecMemCore, i512 %k_words, i64 666, i64 18, i64 18446744073709551615"   --->   Operation 6 'specmemcore' 'specmemcore_ln0' <Predicate = true> <Delay = 0.00>
ST_1 : Operation 7 [1/1] (0.00ns)   --->   "%specmemcore_ln0 = specmemcore void @_ssdm_op_SpecMemCore, i512 %k, i64 666, i64 18, i64 18446744073709551615"   --->   Operation 7 'specmemcore' 'specmemcore_ln0' <Predicate = true> <Delay = 0.00>
ST_1 : Operation 8 [1/1] (0.00ns)   --->   "%tmp_13_read = read i6 @_ssdm_op_Read.ap_auto.i6, i6 %tmp_13"   --->   Operation 8 'read' 'tmp_13_read' <Predicate = true> <Delay = 0.00>
ST_1 : Operation 9 [1/1] (0.38ns)   --->   "%store_ln1869 = store i4 0, i4 %word_1" [source/swiftkv_attention.cpp:1869]   --->   Operation 9 'store' 'store_ln1869' <Predicate = true> <Delay = 0.38>
ST_1 : Operation 10 [1/1] (0.00ns)   --->   "%br_ln0 = br void %for.inc38"   --->   Operation 10 'br' 'br_ln0' <Predicate = true> <Delay = 0.00>
ST_1 : Operation 11 [1/1] (0.00ns)   --->   "%word = load i4 %word_1" [source/swiftkv_attention.cpp:1871]   --->   Operation 11 'load' 'word' <Predicate = true> <Delay = 0.00>
ST_1 : Operation 12 [1/1] (0.70ns)   --->   "%icmp_ln1870 = icmp_eq  i4 %word, i4 8" [source/swiftkv_attention.cpp:1870]   --->   Operation 12 'icmp' 'icmp_ln1870' <Predicate = true> <Delay = 0.70> <CoreInst = "Cmp">   --->   Core 9 'Cmp' <Latency = 0> <II = 1> <Delay = 0.70> <FuncUnit> <Opcode : 'icmp'> <InPorts = 2> <OutPorts = 1>
ST_1 : Operation 13 [1/1] (0.70ns)   --->   "%add_ln1871 = add i4 %word, i4 1" [source/swiftkv_attention.cpp:1871]   --->   Operation 13 'add' 'add_ln1871' <Predicate = true> <Delay = 0.70> <CoreInst = "Adder">   --->   Core 1 'Adder' <Latency = 0> <II = 1> <Delay = 0.70> <FuncUnit> <Opcode : 'add' 'sub'> <InPorts = 2> <OutPorts = 1>
ST_1 : Operation 14 [1/1] (0.00ns)   --->   "%br_ln1869 = br i1 %icmp_ln1870, void %for.inc38.split, void %for.inc53.preheader.exitStub" [source/swiftkv_attention.cpp:1869]   --->   Operation 14 'br' 'br_ln1869' <Predicate = true> <Delay = 0.00>
ST_1 : Operation 15 [1/1] (0.00ns)   --->   "%zext_ln1870_1 = zext i4 %word" [source/swiftkv_attention.cpp:1870]   --->   Operation 15 'zext' 'zext_ln1870_1' <Predicate = (!icmp_ln1870)> <Delay = 0.00>
ST_1 : Operation 16 [1/1] (0.70ns)   --->   "%add_ln1874 = add i6 %tmp_13_read, i6 %zext_ln1870_1" [source/swiftkv_attention.cpp:1874]   --->   Operation 16 'add' 'add_ln1874' <Predicate = (!icmp_ln1870)> <Delay = 0.70> <CoreInst = "Adder">   --->   Core 1 'Adder' <Latency = 0> <II = 1> <Delay = 0.70> <FuncUnit> <Opcode : 'add' 'sub'> <InPorts = 2> <OutPorts = 1>
ST_1 : Operation 17 [1/1] (0.00ns)   --->   "%zext_ln1875 = zext i6 %add_ln1874" [source/swiftkv_attention.cpp:1875]   --->   Operation 17 'zext' 'zext_ln1875' <Predicate = (!icmp_ln1870)> <Delay = 0.00>
ST_1 : Operation 18 [1/1] (0.00ns)   --->   "%k_addr = getelementptr i512 %k, i64 0, i64 %zext_ln1875" [source/swiftkv_attention.cpp:1875]   --->   Operation 18 'getelementptr' 'k_addr' <Predicate = (!icmp_ln1870)> <Delay = 0.00>
ST_1 : Operation 19 [2/2] (1.20ns)   --->   "%k_load = load i6 %k_addr" [source/swiftkv_attention.cpp:1875]   --->   Operation 19 'load' 'k_load' <Predicate = (!icmp_ln1870)> <Delay = 1.20> <CoreInst = "RAM_1P_BRAM">   --->   Core 90 'RAM_1P_BRAM' <Latency = 1> <II = 1> <Delay = 1.20> <Storage> <Opcode : 'load' 'store'> <Ports = 1> <Width = 512> <Depth = 64> <RAM>
ST_1 : Operation 20 [1/1] (0.38ns)   --->   "%store_ln1869 = store i4 %add_ln1871, i4 %word_1" [source/swiftkv_attention.cpp:1869]   --->   Operation 20 'store' 'store_ln1869' <Predicate = (!icmp_ln1870)> <Delay = 0.38>
ST_1 : Operation 29 [1/1] (0.00ns)   --->   "%ret_ln0 = ret"   --->   Operation 29 'ret' 'ret_ln0' <Predicate = (icmp_ln1870)> <Delay = 0.00>

State 2 <SV = 1> <Delay = 2.40>
ST_2 : Operation 21 [1/1] (0.00ns)   --->   "%zext_ln1870 = zext i4 %word" [source/swiftkv_attention.cpp:1870]   --->   Operation 21 'zext' 'zext_ln1870' <Predicate = true> <Delay = 0.00>
ST_2 : Operation 22 [1/1] (0.00ns)   --->   "%specpipeline_ln1872 = specpipeline void @_ssdm_op_SpecPipeline, i32 1, i32 0, i32 0, i32 0, void @empty_418" [source/swiftkv_attention.cpp:1872]   --->   Operation 22 'specpipeline' 'specpipeline_ln1872' <Predicate = true> <Delay = 0.00>
ST_2 : Operation 23 [1/1] (0.00ns)   --->   "%speclooptripcount_ln1869 = speclooptripcount void @_ssdm_op_SpecLoopTripCount, i64 8, i64 8, i64 8" [source/swiftkv_attention.cpp:1869]   --->   Operation 23 'speclooptripcount' 'speclooptripcount_ln1869' <Predicate = true> <Delay = 0.00>
ST_2 : Operation 24 [1/1] (0.00ns)   --->   "%specloopname_ln1869 = specloopname void @_ssdm_op_SpecLoopName, void @empty_474" [source/swiftkv_attention.cpp:1869]   --->   Operation 24 'specloopname' 'specloopname_ln1869' <Predicate = true> <Delay = 0.00>
ST_2 : Operation 25 [1/1] (0.00ns)   --->   "%k_words_addr = getelementptr i512 %k_words, i64 0, i64 %zext_ln1870" [source/swiftkv_attention.cpp:1875]   --->   Operation 25 'getelementptr' 'k_words_addr' <Predicate = true> <Delay = 0.00>
ST_2 : Operation 26 [1/2] (1.20ns)   --->   "%k_load = load i6 %k_addr" [source/swiftkv_attention.cpp:1875]   --->   Operation 26 'load' 'k_load' <Predicate = true> <Delay = 1.20> <CoreInst = "RAM_1P_BRAM">   --->   Core 90 'RAM_1P_BRAM' <Latency = 1> <II = 1> <Delay = 1.20> <Storage> <Opcode : 'load' 'store'> <Ports = 1> <Width = 512> <Depth = 64> <RAM>
ST_2 : Operation 27 [1/1] (1.20ns)   --->   "%store_ln1875 = store i512 %k_load, i3 %k_words_addr" [source/swiftkv_attention.cpp:1875]   --->   Operation 27 'store' 'store_ln1875' <Predicate = true> <Delay = 1.20> <CoreInst = "RAM_1P_BRAM">   --->   Core 90 'RAM_1P_BRAM' <Latency = 1> <II = 1> <Delay = 1.20> <Storage> <Opcode : 'load' 'store'> <Ports = 1> <Width = 512> <Depth = 8> <RAM>
ST_2 : Operation 28 [1/1] (0.00ns)   --->   "%br_ln1869 = br void %for.inc38" [source/swiftkv_attention.cpp:1869]   --->   Operation 28 'br' 'br_ln1869' <Predicate = true> <Delay = 0.00>


============================================================
+ Verbose Summary: Timing violations
============================================================
Target clock period: 3.333ns, clock uncertainty: 0.900ns.

 <State 1>: 2.293ns
The critical path consists of the following:
	'store' operation 0 bit ('store_ln1869', source/swiftkv_attention.cpp:1869) of constant 0 on local variable 'word', source/swiftkv_attention.cpp:1869 [8]  (0.387 ns)
	'load' operation 4 bit ('word', source/swiftkv_attention.cpp:1871) on local variable 'word', source/swiftkv_attention.cpp:1869 [11]  (0.000 ns)
	'add' operation 6 bit ('add_ln1874', source/swiftkv_attention.cpp:1874) [21]  (0.706 ns)
	'getelementptr' operation 6 bit ('k_addr', source/swiftkv_attention.cpp:1875) [23]  (0.000 ns)
	'load' operation 512 bit ('k_load', source/swiftkv_attention.cpp:1875) on array 'k' [25]  (1.200 ns)

 <State 2>: 2.400ns
The critical path consists of the following:
	'load' operation 512 bit ('k_load', source/swiftkv_attention.cpp:1875) on array 'k' [25]  (1.200 ns)
	'store' operation 0 bit ('store_ln1875', source/swiftkv_attention.cpp:1875) of variable 'k_load', source/swiftkv_attention.cpp:1875 on array 'k_words' [26]  (1.200 ns)


============================================================
+ Verbose Summary: Binding
============================================================
N/A
* FSMD analyzer results:
  - Output states:
 - Input state : 
  - Chain level:
	State 1
	State 2


============================================================
+ Verbose Summary: Datapath Resource usage 
============================================================
N/A
