C:\KLTN\u250\proj_int4_decoder_xo\solution1\.autopilot\db\swiftkv_attention.pp.0.cpp:1454:7: warning: Added loop label VITIS_LOOP_1207_1:   [xilinx-label-all-loops]
      for (i = 0; i < __N - 1; ++i) {
      ^~~
      VITIS_LOOP_1207_1: 
C:\KLTN\u250\proj_int4_decoder_xo\solution1\.autopilot\db\swiftkv_attention.pp.0.cpp:1454:7: note: FIX-IT applied suggested code changes
C:\KLTN\u250\proj_int4_decoder_xo\solution1\.autopilot\db\swiftkv_attention.pp.0.cpp:2428:5: warning: Added loop label VITIS_LOOP_676_1:   [xilinx-label-all-loops]
    for (unsigned i = low; i != high; ++i) {
    ^~~
    VITIS_LOOP_676_1: 
C:\KLTN\u250\proj_int4_decoder_xo\solution1\.autopilot\db\swiftkv_attention.pp.0.cpp:2428:5: note: FIX-IT applied suggested code changes
C:\KLTN\u250\proj_int4_decoder_xo\solution1\.autopilot\db\swiftkv_attention.pp.0.cpp:2442:5: warning: Added loop label VITIS_LOOP_690_1:   [xilinx-label-all-loops]
    for (unsigned i = low; i != high; ++i) {
    ^~~
    VITIS_LOOP_690_1: 
C:\KLTN\u250\proj_int4_decoder_xo\solution1\.autopilot\db\swiftkv_attention.pp.0.cpp:2442:5: note: FIX-IT applied suggested code changes
C:\KLTN\u250\proj_int4_decoder_xo\solution1\.autopilot\db\swiftkv_attention.pp.0.cpp:2456:5: warning: Added loop label VITIS_LOOP_704_1:   [xilinx-label-all-loops]
    for (unsigned i = low; i != high; ++i) {
    ^~~
    VITIS_LOOP_704_1: 
C:\KLTN\u250\proj_int4_decoder_xo\solution1\.autopilot\db\swiftkv_attention.pp.0.cpp:2456:5: note: FIX-IT applied suggested code changes
C:\KLTN\u250\proj_int4_decoder_xo\solution1\.autopilot\db\swiftkv_attention.pp.0.cpp:4085:7: warning: Added loop label VITIS_LOOP_1247_1:   [xilinx-label-all-loops]
      for (i = 0; i < __N - 1; ++i) {
      ^~~
      VITIS_LOOP_1247_1: 
C:\KLTN\u250\proj_int4_decoder_xo\solution1\.autopilot\db\swiftkv_attention.pp.0.cpp:4085:7: note: FIX-IT applied suggested code changes
C:\KLTN\u250\proj_int4_decoder_xo\solution1\.autopilot\db\swiftkv_attention.pp.0.cpp:6678:9: error: Invalid Directive: for current device, mul + dsp is invalid combination for bind_op [clang-diagnostic-error]
#pragma HLS BIND_OP variable=product_0 op=mul impl=dsp latency=3
        ^
C:\KLTN\u250\proj_int4_decoder_xo\solution1\.autopilot\db\swiftkv_attention.pp.0.cpp:6679:9: error: Invalid Directive: for current device, mul + dsp is invalid combination for bind_op [clang-diagnostic-error]
#pragma HLS BIND_OP variable=product_1 op=mul impl=dsp latency=3
        ^
C:\KLTN\u250\proj_int4_decoder_xo\solution1\.autopilot\db\swiftkv_attention.pp.0.cpp:6899:9: error: Invalid Directive: for current device, mul + dsp is invalid combination for bind_op [clang-diagnostic-error]
#pragma HLS BIND_OP variable=product op=mul impl=dsp latency=4
        ^
C:\KLTN\u250\proj_int4_decoder_xo\solution1\.autopilot\db\swiftkv_attention.pp.0.cpp:7396:9: error: Invalid Directive: for current device, mul + dsp is invalid combination for bind_op [clang-diagnostic-error]
#pragma HLS BIND_OP variable=product op=mul impl=dsp latency=3
        ^
C:\KLTN\u250\proj_int4_decoder_xo\solution1\.autopilot\db\swiftkv_attention.pp.0.cpp:7530:9: error: Invalid Directive: for current device, mul + dsp is invalid combination for bind_op [clang-diagnostic-error]
#pragma HLS BIND_OP variable=score op=mul impl=dsp latency=4
        ^
C:\KLTN\u250\proj_int4_decoder_xo\solution1\.autopilot\db\swiftkv_attention.pp.0.cpp:7689:9: error: Invalid Directive: for current device, mul + dsp is invalid combination for bind_op [clang-diagnostic-error]
#pragma HLS BIND_OP variable=score op=mul impl=dsp latency=4
        ^
C:\KLTN\u250\proj_int4_decoder_xo\solution1\.autopilot\db\swiftkv_attention.pp.0.cpp:7730:9: error: Invalid Directive: for current device, mul + dsp is invalid combination for bind_op [clang-diagnostic-error]
#pragma HLS BIND_OP variable=scaled_normalization op=mul impl=dsp latency=4
        ^
C:\KLTN\u250\proj_int4_decoder_xo\solution1\.autopilot\db\swiftkv_attention.pp.0.cpp:7931:9: error: Invalid Directive: for current device, mul + dsp is invalid combination for bind_op [clang-diagnostic-error]
#pragma HLS BIND_OP variable=scaled_operand op=mul impl=dsp latency=4
        ^
C:\KLTN\u250\proj_int4_decoder_xo\solution1\.autopilot\db\swiftkv_attention.pp.0.cpp:7982:63: error: Invalid Directive: for current device, fifo + srl is invalid combination for BIND_STORAGE's option 'type + impl' [clang-diagnostic-error]
#pragma HLS BIND_STORAGE variable=engine0_control_stream type=fifo impl=srl
                                                              ^
C:\KLTN\u250\proj_int4_decoder_xo\solution1\.autopilot\db\swiftkv_attention.pp.0.cpp:7983:63: error: Invalid Directive: for current device, fifo + srl is invalid combination for BIND_STORAGE's option 'type + impl' [clang-diagnostic-error]
#pragma HLS BIND_STORAGE variable=engine1_control_stream type=fifo impl=srl
                                                              ^
C:\KLTN\u250\proj_int4_decoder_xo\solution1\.autopilot\db\swiftkv_attention.pp.0.cpp:7984:63: error: Invalid Directive: for current device, fifo + srl is invalid combination for BIND_STORAGE's option 'type + impl' [clang-diagnostic-error]
#pragma HLS BIND_STORAGE variable=engine2_control_stream type=fifo impl=srl
                                                              ^
C:\KLTN\u250\proj_int4_decoder_xo\solution1\.autopilot\db\swiftkv_attention.pp.0.cpp:7985:63: error: Invalid Directive: for current device, fifo + srl is invalid combination for BIND_STORAGE's option 'type + impl' [clang-diagnostic-error]
#pragma HLS BIND_STORAGE variable=engine3_control_stream type=fifo impl=srl
                                                              ^
C:\KLTN\u250\proj_int4_decoder_xo\solution1\.autopilot\db\swiftkv_attention.pp.0.cpp:7986:61: error: Invalid Directive: for current device, fifo + srl is invalid combination for BIND_STORAGE's option 'type + impl' [clang-diagnostic-error]
#pragma HLS BIND_STORAGE variable=engine0_phase_stream type=fifo impl=srl
                                                            ^
C:\KLTN\u250\proj_int4_decoder_xo\solution1\.autopilot\db\swiftkv_attention.pp.0.cpp:7987:61: error: Invalid Directive: for current device, fifo + srl is invalid combination for BIND_STORAGE's option 'type + impl' [clang-diagnostic-error]
#pragma HLS BIND_STORAGE variable=engine1_phase_stream type=fifo impl=srl
                                                            ^
C:\KLTN\u250\proj_int4_decoder_xo\solution1\.autopilot\db\swiftkv_attention.pp.0.cpp:7988:61: error: Invalid Directive: for current device, fifo + srl is invalid combination for BIND_STORAGE's option 'type + impl' [clang-diagnostic-error]
#pragma HLS BIND_STORAGE variable=engine2_phase_stream type=fifo impl=srl
                                                            ^
C:\KLTN\u250\proj_int4_decoder_xo\solution1\.autopilot\db\swiftkv_attention.pp.0.cpp:7989:61: error: Invalid Directive: for current device, fifo + srl is invalid combination for BIND_STORAGE's option 'type + impl' [clang-diagnostic-error]
#pragma HLS BIND_STORAGE variable=engine3_phase_stream type=fifo impl=srl
                                                            ^
C:\KLTN\u250\proj_int4_decoder_xo\solution1\.autopilot\db\swiftkv_attention.pp.0.cpp:8074:63: error: Invalid Directive: for current device, ram_2p + bram is invalid combination for BIND_STORAGE's option 'type + impl' [clang-diagnostic-error]
#pragma HLS BIND_STORAGE variable=weighted_value_engine0 type=ram_2p impl=bram latency=1
                                                              ^
C:\KLTN\u250\proj_int4_decoder_xo\solution1\.autopilot\db\swiftkv_attention.pp.0.cpp:8075:63: error: Invalid Directive: for current device, ram_2p + bram is invalid combination for BIND_STORAGE's option 'type + impl' [clang-diagnostic-error]
#pragma HLS BIND_STORAGE variable=weighted_value_engine1 type=ram_2p impl=bram latency=1
                                                              ^
C:\KLTN\u250\proj_int4_decoder_xo\solution1\.autopilot\db\swiftkv_attention.pp.0.cpp:8076:63: error: Invalid Directive: for current device, ram_2p + bram is invalid combination for BIND_STORAGE's option 'type + impl' [clang-diagnostic-error]
#pragma HLS BIND_STORAGE variable=weighted_value_engine2 type=ram_2p impl=bram latency=1
                                                              ^
C:\KLTN\u250\proj_int4_decoder_xo\solution1\.autopilot\db\swiftkv_attention.pp.0.cpp:8077:63: error: Invalid Directive: for current device, ram_2p + bram is invalid combination for BIND_STORAGE's option 'type + impl' [clang-diagnostic-error]
#pragma HLS BIND_STORAGE variable=weighted_value_engine3 type=ram_2p impl=bram latency=1
                                                              ^
C:\KLTN\u250\proj_int4_decoder_xo\solution1\.autopilot\db\swiftkv_attention.pp.0.cpp:8099:56: error: Invalid Directive: for current device, ram_1p + bram is invalid combination for BIND_STORAGE's option 'type + impl' [clang-diagnostic-error]
#pragma HLS BIND_STORAGE variable=attention_group type=ram_1p impl=bram
                                                       ^
C:\KLTN\u250\proj_int4_decoder_xo\solution1\.autopilot\db\swiftkv_attention.pp.0.cpp:8133:9: error: Invalid Directive: for current device, mul + dsp is invalid combination for bind_op [clang-diagnostic-error]
#pragma HLS BIND_OP variable=normalized_value op=mul impl=dsp latency=4
        ^
C:\KLTN\u250\proj_int4_decoder_xo\solution1\.autopilot\db\swiftkv_attention.pp.0.cpp:8228:53: error: Invalid Directive: for current device, fifo + srl is invalid combination for BIND_STORAGE's option 'type + impl' [clang-diagnostic-error]
#pragma HLS BIND_STORAGE variable=score_stream type=fifo impl=srl
                                                    ^
C:\KLTN\u250\proj_int4_decoder_xo\solution1\.autopilot\db\swiftkv_attention.pp.0.cpp:8229:62: error: Invalid Directive: for current device, fifo + bram is invalid combination for BIND_STORAGE's option 'type + impl' [clang-diagnostic-error]
#pragma HLS BIND_STORAGE variable=cached_kv_word_stream type=fifo impl=bram
                                                             ^
C:\KLTN\u250\proj_int4_decoder_xo\solution1\.autopilot\db\swiftkv_attention.pp.0.cpp:8230:60: error: Invalid Directive: for current device, fifo + srl is invalid combination for BIND_STORAGE's option 'type + impl' [clang-diagnostic-error]
#pragma HLS BIND_STORAGE variable=key_metadata_stream type=fifo impl=srl
                                                           ^
C:\KLTN\u250\proj_int4_decoder_xo\solution1\.autopilot\db\swiftkv_attention.pp.0.cpp:8231:62: error: Invalid Directive: for current device, fifo + srl is invalid combination for BIND_STORAGE's option 'type + impl' [clang-diagnostic-error]
#pragma HLS BIND_STORAGE variable=value_metadata_stream type=fifo impl=srl
                                                             ^
C:\KLTN\u250\proj_int4_decoder_xo\solution1\.autopilot\db\swiftkv_attention.pp.0.cpp:8235:52: error: Invalid Directive: for current device, fifo + uram is invalid combination for BIND_STORAGE's option 'type + impl' [clang-diagnostic-error]
#pragma HLS BIND_STORAGE variable=key0_stream type=fifo impl=uram
                                                   ^
C:\KLTN\u250\proj_int4_decoder_xo\solution1\.autopilot\db\swiftkv_attention.pp.0.cpp:8236:52: error: Invalid Directive: for current device, fifo + uram is invalid combination for BIND_STORAGE's option 'type + impl' [clang-diagnostic-error]
#pragma HLS BIND_STORAGE variable=key1_stream type=fifo impl=uram
                                                   ^
C:\KLTN\u250\proj_int4_decoder_xo\solution1\.autopilot\db\swiftkv_attention.pp.0.cpp:8237:62: error: Invalid Directive: for current device, fifo + uram is invalid combination for BIND_STORAGE's option 'type + impl' [clang-diagnostic-error]
#pragma HLS BIND_STORAGE variable=value0_engine0_stream type=fifo impl=uram
                                                             ^
C:\KLTN\u250\proj_int4_decoder_xo\solution1\.autopilot\db\swiftkv_attention.pp.0.cpp:8238:62: error: Invalid Directive: for current device, fifo + uram is invalid combination for BIND_STORAGE's option 'type + impl' [clang-diagnostic-error]
#pragma HLS BIND_STORAGE variable=value0_engine1_stream type=fifo impl=uram
                                                             ^
C:\KLTN\u250\proj_int4_decoder_xo\solution1\.autopilot\db\swiftkv_attention.pp.0.cpp:8239:62: error: Invalid Directive: for current device, fifo + uram is invalid combination for BIND_STORAGE's option 'type + impl' [clang-diagnostic-error]
#pragma HLS BIND_STORAGE variable=value0_engine2_stream type=fifo impl=uram
                                                             ^
C:\KLTN\u250\proj_int4_decoder_xo\solution1\.autopilot\db\swiftkv_attention.pp.0.cpp:8240:62: error: Invalid Directive: for current device, fifo + uram is invalid combination for BIND_STORAGE's option 'type + impl' [clang-diagnostic-error]
#pragma HLS BIND_STORAGE variable=value0_engine3_stream type=fifo impl=uram
                                                             ^
C:\KLTN\u250\proj_int4_decoder_xo\solution1\.autopilot\db\swiftkv_attention.pp.0.cpp:8241:62: error: Invalid Directive: for current device, fifo + uram is invalid combination for BIND_STORAGE's option 'type + impl' [clang-diagnostic-error]
#pragma HLS BIND_STORAGE variable=value1_engine0_stream type=fifo impl=uram
                                                             ^
C:\KLTN\u250\proj_int4_decoder_xo\solution1\.autopilot\db\swiftkv_attention.pp.0.cpp:8242:62: error: Invalid Directive: for current device, fifo + uram is invalid combination for BIND_STORAGE's option 'type + impl' [clang-diagnostic-error]
#pragma HLS BIND_STORAGE variable=value1_engine1_stream type=fifo impl=uram
                                                             ^
C:\KLTN\u250\proj_int4_decoder_xo\solution1\.autopilot\db\swiftkv_attention.pp.0.cpp:8243:62: error: Invalid Directive: for current device, fifo + uram is invalid combination for BIND_STORAGE's option 'type + impl' [clang-diagnostic-error]
#pragma HLS BIND_STORAGE variable=value1_engine2_stream type=fifo impl=uram
                                                             ^
C:\KLTN\u250\proj_int4_decoder_xo\solution1\.autopilot\db\swiftkv_attention.pp.0.cpp:8244:62: error: Invalid Directive: for current device, fifo + uram is invalid combination for BIND_STORAGE's option 'type + impl' [clang-diagnostic-error]
#pragma HLS BIND_STORAGE variable=value1_engine3_stream type=fifo impl=uram
                                                             ^
C:\KLTN\u250\proj_int4_decoder_xo\solution1\.autopilot\db\swiftkv_attention.pp.0.cpp:8245:55: error: Invalid Directive: for current device, fifo + srl is invalid combination for BIND_STORAGE's option 'type + impl' [clang-diagnostic-error]
#pragma HLS BIND_STORAGE variable=control_stream type=fifo impl=srl
                                                      ^
C:\KLTN\u250\proj_int4_decoder_xo\solution1\.autopilot\db\swiftkv_attention.pp.0.cpp:8246:69: error: Invalid Directive: for current device, fifo + srl is invalid combination for BIND_STORAGE's option 'type + impl' [clang-diagnostic-error]
#pragma HLS BIND_STORAGE variable=inverse_normalization_stream type=fifo impl=srl
                                                                    ^
C:\KLTN\u250\proj_int4_decoder_xo\solution1\.autopilot\db\swiftkv_attention.pp.0.cpp:8428:53: error: Invalid Directive: for current device, ram_1p + lutram is invalid combination for BIND_STORAGE's option 'type + impl' [clang-diagnostic-error]
#pragma HLS BIND_STORAGE variable=local_cosine type=ram_1p impl=lutram latency=1
                                                    ^
C:\KLTN\u250\proj_int4_decoder_xo\solution1\.autopilot\db\swiftkv_attention.pp.0.cpp:8429:51: error: Invalid Directive: for current device, ram_1p + lutram is invalid combination for BIND_STORAGE's option 'type + impl' [clang-diagnostic-error]
#pragma HLS BIND_STORAGE variable=local_sine type=ram_1p impl=lutram latency=1
                                                  ^
C:\KLTN\u250\proj_int4_decoder_xo\solution1\.autopilot\db\swiftkv_attention.pp.0.cpp:8450:46: error: Invalid Directive: for current device, ram_1p + bram is invalid combination for BIND_STORAGE's option 'type + impl' [clang-diagnostic-error]
#pragma HLS BIND_STORAGE variable=query type=ram_1p impl=bram
                                             ^
C:\KLTN\u250\proj_int4_decoder_xo\solution1\.autopilot\db\swiftkv_attention.pp.0.cpp:8451:48: error: Invalid Directive: for current device, ram_1p + bram is invalid combination for BIND_STORAGE's option 'type + impl' [clang-diagnostic-error]
#pragma HLS BIND_STORAGE variable=q_words type=ram_1p impl=bram
                                               ^
C:\KLTN\u250\proj_int4_decoder_xo\solution1\.autopilot\db\swiftkv_attention.pp.0.cpp:8452:48: error: Invalid Directive: for current device, ram_1p + bram is invalid combination for BIND_STORAGE's option 'type + impl' [clang-diagnostic-error]
#pragma HLS BIND_STORAGE variable=k_words type=ram_1p impl=bram
                                               ^
C:\KLTN\u250\proj_int4_decoder_xo\solution1\.autopilot\db\swiftkv_attention.pp.0.cpp:8453:48: error: Invalid Directive: for current device, ram_1p + bram is invalid combination for BIND_STORAGE's option 'type + impl' [clang-diagnostic-error]
#pragma HLS BIND_STORAGE variable=v_words type=ram_1p impl=bram
                                               ^
C:\KLTN\u250\proj_int4_decoder_xo\solution1\.autopilot\db\swiftkv_attention.pp.0.cpp:8454:56: error: Invalid Directive: for current device, ram_1p + bram is invalid combination for BIND_STORAGE's option 'type + impl' [clang-diagnostic-error]
#pragma HLS BIND_STORAGE variable=rotated_k_words type=ram_1p impl=bram
                                                       ^
C:\KLTN\u250\proj_int4_decoder_xo\solution1\.autopilot\db\swiftkv_attention.pp.0.cpp:8806:48: error: Invalid Directive: for current device, fifo + srl is invalid combination for BIND_STORAGE's option 'type + impl' [clang-diagnostic-error]
#pragma HLS BIND_STORAGE variable=cos_pe0 type=fifo impl=srl
                                               ^
C:\KLTN\u250\proj_int4_decoder_xo\solution1\.autopilot\db\swiftkv_attention.pp.0.cpp:8807:48: error: Invalid Directive: for current device, fifo + srl is invalid combination for BIND_STORAGE's option 'type + impl' [clang-diagnostic-error]
#pragma HLS BIND_STORAGE variable=cos_pe1 type=fifo impl=srl
                                               ^
C:\KLTN\u250\proj_int4_decoder_xo\solution1\.autopilot\db\swiftkv_attention.pp.0.cpp:8808:48: error: Invalid Directive: for current device, fifo + srl is invalid combination for BIND_STORAGE's option 'type + impl' [clang-diagnostic-error]
#pragma HLS BIND_STORAGE variable=cos_pe2 type=fifo impl=srl
                                               ^
C:\KLTN\u250\proj_int4_decoder_xo\solution1\.autopilot\db\swiftkv_attention.pp.0.cpp:8809:48: error: Invalid Directive: for current device, fifo + srl is invalid combination for BIND_STORAGE's option 'type + impl' [clang-diagnostic-error]
#pragma HLS BIND_STORAGE variable=cos_pe3 type=fifo impl=srl
                                               ^
C:\KLTN\u250\proj_int4_decoder_xo\solution1\.autopilot\db\swiftkv_attention.pp.0.cpp:8810:48: error: Invalid Directive: for current device, fifo + srl is invalid combination for BIND_STORAGE's option 'type + impl' [clang-diagnostic-error]
#pragma HLS BIND_STORAGE variable=sin_pe0 type=fifo impl=srl
                                               ^
C:\KLTN\u250\proj_int4_decoder_xo\solution1\.autopilot\db\swiftkv_attention.pp.0.cpp:8811:48: error: Invalid Directive: for current device, fifo + srl is invalid combination for BIND_STORAGE's option 'type + impl' [clang-diagnostic-error]
#pragma HLS BIND_STORAGE variable=sin_pe1 type=fifo impl=srl
                                               ^
C:\KLTN\u250\proj_int4_decoder_xo\solution1\.autopilot\db\swiftkv_attention.pp.0.cpp:8812:48: error: Invalid Directive: for current device, fifo + srl is invalid combination for BIND_STORAGE's option 'type + impl' [clang-diagnostic-error]
#pragma HLS BIND_STORAGE variable=sin_pe2 type=fifo impl=srl
                                               ^
C:\KLTN\u250\proj_int4_decoder_xo\solution1\.autopilot\db\swiftkv_attention.pp.0.cpp:8813:48: error: Invalid Directive: for current device, fifo + srl is invalid combination for BIND_STORAGE's option 'type + impl' [clang-diagnostic-error]
#pragma HLS BIND_STORAGE variable=sin_pe3 type=fifo impl=srl
                                               ^
C:\KLTN\u250\proj_int4_decoder_xo\solution1\.autopilot\db\swiftkv_attention.pp.0.cpp:8814:54: error: Invalid Directive: for current device, fifo + bram is invalid combination for BIND_STORAGE's option 'type + impl' [clang-diagnostic-error]
#pragma HLS BIND_STORAGE variable=quantized_pe0 type=fifo impl=bram
                                                     ^
C:\KLTN\u250\proj_int4_decoder_xo\solution1\.autopilot\db\swiftkv_attention.pp.0.cpp:8815:54: error: Invalid Directive: for current device, fifo + bram is invalid combination for BIND_STORAGE's option 'type + impl' [clang-diagnostic-error]
#pragma HLS BIND_STORAGE variable=quantized_pe1 type=fifo impl=bram
                                                     ^
C:\KLTN\u250\proj_int4_decoder_xo\solution1\.autopilot\db\swiftkv_attention.pp.0.cpp:8816:54: error: Invalid Directive: for current device, fifo + bram is invalid combination for BIND_STORAGE's option 'type + impl' [clang-diagnostic-error]
#pragma HLS BIND_STORAGE variable=quantized_pe2 type=fifo impl=bram
                                                     ^
C:\KLTN\u250\proj_int4_decoder_xo\solution1\.autopilot\db\swiftkv_attention.pp.0.cpp:8817:54: error: Invalid Directive: for current device, fifo + bram is invalid combination for BIND_STORAGE's option 'type + impl' [clang-diagnostic-error]
#pragma HLS BIND_STORAGE variable=quantized_pe3 type=fifo impl=bram
                                                     ^
C:\KLTN\u250\proj_int4_decoder_xo\solution1\.autopilot\db\swiftkv_attention.pp.0.cpp:8818:50: error: Invalid Directive: for current device, fifo + srl is invalid combination for BIND_STORAGE's option 'type + impl' [clang-diagnostic-error]
#pragma HLS BIND_STORAGE variable=scale_pe0 type=fifo impl=srl
                                                 ^
C:\KLTN\u250\proj_int4_decoder_xo\solution1\.autopilot\db\swiftkv_attention.pp.0.cpp:8819:50: error: Invalid Directive: for current device, fifo + srl is invalid combination for BIND_STORAGE's option 'type + impl' [clang-diagnostic-error]
#pragma HLS BIND_STORAGE variable=scale_pe1 type=fifo impl=srl
                                                 ^
C:\KLTN\u250\proj_int4_decoder_xo\solution1\.autopilot\db\swiftkv_attention.pp.0.cpp:8820:50: error: Invalid Directive: for current device, fifo + srl is invalid combination for BIND_STORAGE's option 'type + impl' [clang-diagnostic-error]
#pragma HLS BIND_STORAGE variable=scale_pe2 type=fifo impl=srl
                                                 ^
C:\KLTN\u250\proj_int4_decoder_xo\solution1\.autopilot\db\swiftkv_attention.pp.0.cpp:8821:50: error: Invalid Directive: for current device, fifo + srl is invalid combination for BIND_STORAGE's option 'type + impl' [clang-diagnostic-error]
#pragma HLS BIND_STORAGE variable=scale_pe3 type=fifo impl=srl
                                                 ^
C:\KLTN\u250\proj_int4_decoder_xo\solution1\.autopilot\db\swiftkv_attention.pp.0.cpp:8822:60: error: Invalid Directive: for current device, fifo + srl is invalid combination for BIND_STORAGE's option 'type + impl' [clang-diagnostic-error]
#pragma HLS BIND_STORAGE variable=swiftkv_command_pe0 type=fifo impl=srl
                                                           ^
C:\KLTN\u250\proj_int4_decoder_xo\solution1\.autopilot\db\swiftkv_attention.pp.0.cpp:8823:60: error: Invalid Directive: for current device, fifo + srl is invalid combination for BIND_STORAGE's option 'type + impl' [clang-diagnostic-error]
#pragma HLS BIND_STORAGE variable=swiftkv_command_pe1 type=fifo impl=srl
                                                           ^
C:\KLTN\u250\proj_int4_decoder_xo\solution1\.autopilot\db\swiftkv_attention.pp.0.cpp:8824:60: error: Invalid Directive: for current device, fifo + srl is invalid combination for BIND_STORAGE's option 'type + impl' [clang-diagnostic-error]
#pragma HLS BIND_STORAGE variable=swiftkv_command_pe2 type=fifo impl=srl
                                                           ^
C:\KLTN\u250\proj_int4_decoder_xo\solution1\.autopilot\db\swiftkv_attention.pp.0.cpp:8825:60: error: Invalid Directive: for current device, fifo + srl is invalid combination for BIND_STORAGE's option 'type + impl' [clang-diagnostic-error]
#pragma HLS BIND_STORAGE variable=swiftkv_command_pe3 type=fifo impl=srl
                                                           ^
