

================================================================
== Vitis HLS Report for 'swiftkv_gather_attention_streams'
================================================================
* Date:           Tue Aug 11 09:17:02 2026

* Version:        2023.2 (Build 4023990 on Oct 11 2023)
* Project:        proj_int4_decoder_xo
* Solution:       solution1 (Vitis Kernel Flow Target)
* Product family: virtexuplus
* Target device:  xcu250-figd2104-2L-e


================================================================
== Performance Estimates
================================================================
+ Timing: 
    * Summary: 
    +--------+---------+----------+------------+
    |  Clock |  Target | Estimated| Uncertainty|
    +--------+---------+----------+------------+
    |ap_clk  |  3.33 ns|  2.793 ns|     0.90 ns|
    +--------+---------+----------+------------+

+ Latency: 
    * Summary: 
    +---------+---------+----------+----------+-----+-----+---------+
    |  Latency (cycles) |  Latency (absolute) |  Interval | Pipeline|
    |   min   |   max   |    min   |    max   | min | max |   Type  |
    +---------+---------+----------+----------+-----+-----+---------+
    |      131|      131|  0.437 us|  0.437 us|  131|  131|       no|
    +---------+---------+----------+----------+-----+-----+---------+

    + Detail: 
        * Instance: 
        N/A

        * Loop: 
        +--------------------------------------------------------------------------------------------+---------+---------+----------+-----------+-----------+------+----------+
        |                                                                                            |  Latency (cycles) | Iteration|  Initiation Interval  | Trip |          |
        |                                          Loop Name                                         |   min   |   max   |  Latency |  achieved |   target  | Count| Pipelined|
        +--------------------------------------------------------------------------------------------+---------+---------+----------+-----------+-----------+------+----------+
        |- integrated_gather_local_head_loop_integrated_gather_pe_loop_integrated_gather_group_loop  |      129|      129|         3|          1|          1|   128|       yes|
        +--------------------------------------------------------------------------------------------+---------+---------+----------+-----------+-----------+------+----------+

============================================================
+ Verbose Summary: Synthesis Manager
============================================================
InlineROM: 1
ExposeGlobal: 0
============================================================
+ Verbose Summary: CDFG Model
============================================================
IsTopModel: 0
ResetActiveHigh: 1
IsCombinational: 2
IsDatapathOnly: 0
HasWiredReturn: 1
HasMFsm: 2
HasVarLatency: 1
IsPipeline: 0
IsRtlPipelined: 0
IsInstanceOverlapped: 0
IsDontTouch: 0
HasImplIP: 0
IsGatedGlobalClock: 0

+ Individual pipeline summary: 
  * Pipeline-0: initiation interval (II) = 1, depth = 3


============================================================
+ Verbose Summary: Schedule
============================================================
* Number of FSM states : 3
* Pipeline : 1
  Pipeline-0 : II = 1, D = 3, States = { 1 2 3 }
* Dataflow Pipeline: 0

* FSM state transitions: 
1 --> 2 
2 --> 3 
3 --> 

* FSM state operations: 

State 1 <SV = 0> <Delay = 2.79>
ST_1 : Operation 6 [1/1] (0.00ns)   --->   "%packed_scales_1 = alloca i32 1" [source/swiftkv_attention.cpp:2098]   --->   Operation 6 'alloca' 'packed_scales_1' <Predicate = true> <Delay = 0.00>
ST_1 : Operation 7 [1/1] (0.00ns)   --->   "%group = alloca i32 1" [source/swiftkv_attention.cpp:2102]   --->   Operation 7 'alloca' 'group' <Predicate = true> <Delay = 0.00>
ST_1 : Operation 8 [1/1] (0.00ns)   --->   "%pe = alloca i32 1" [source/swiftkv_attention.cpp:2100]   --->   Operation 8 'alloca' 'pe' <Predicate = true> <Delay = 0.00>
ST_1 : Operation 9 [1/1] (0.00ns)   --->   "%indvar_flatten = alloca i32 1"   --->   Operation 9 'alloca' 'indvar_flatten' <Predicate = true> <Delay = 0.00>
ST_1 : Operation 10 [1/1] (0.00ns)   --->   "%local_head = alloca i32 1" [source/swiftkv_attention.cpp:2095]   --->   Operation 10 'alloca' 'local_head' <Predicate = true> <Delay = 0.00>
ST_1 : Operation 11 [1/1] (0.00ns)   --->   "%indvar_flatten14 = alloca i32 1"   --->   Operation 11 'alloca' 'indvar_flatten14' <Predicate = true> <Delay = 0.00>
ST_1 : Operation 12 [1/1] (0.00ns)   --->   "%specmemcore_ln0 = specmemcore void @_ssdm_op_SpecMemCore, i32 %scale_pe3, i64 666, i64 10, i64 18446744073709551615"   --->   Operation 12 'specmemcore' 'specmemcore_ln0' <Predicate = true> <Delay = 0.00>
ST_1 : Operation 13 [1/1] (0.00ns)   --->   "%specmemcore_ln0 = specmemcore void @_ssdm_op_SpecMemCore, i32 %scale_pe2, i64 666, i64 10, i64 18446744073709551615"   --->   Operation 13 'specmemcore' 'specmemcore_ln0' <Predicate = true> <Delay = 0.00>
ST_1 : Operation 14 [1/1] (0.00ns)   --->   "%specmemcore_ln0 = specmemcore void @_ssdm_op_SpecMemCore, i32 %scale_pe1, i64 666, i64 10, i64 18446744073709551615"   --->   Operation 14 'specmemcore' 'specmemcore_ln0' <Predicate = true> <Delay = 0.00>
ST_1 : Operation 15 [1/1] (0.00ns)   --->   "%specmemcore_ln0 = specmemcore void @_ssdm_op_SpecMemCore, i32 %scale_pe0, i64 666, i64 10, i64 18446744073709551615"   --->   Operation 15 'specmemcore' 'specmemcore_ln0' <Predicate = true> <Delay = 0.00>
ST_1 : Operation 16 [1/1] (0.00ns)   --->   "%specmemcore_ln0 = specmemcore void @_ssdm_op_SpecMemCore, i480 %quantized_pe3, i64 666, i64 8, i64 18446744073709551615"   --->   Operation 16 'specmemcore' 'specmemcore_ln0' <Predicate = true> <Delay = 0.00>
ST_1 : Operation 17 [1/1] (0.00ns)   --->   "%specmemcore_ln0 = specmemcore void @_ssdm_op_SpecMemCore, i480 %quantized_pe2, i64 666, i64 8, i64 18446744073709551615"   --->   Operation 17 'specmemcore' 'specmemcore_ln0' <Predicate = true> <Delay = 0.00>
ST_1 : Operation 18 [1/1] (0.00ns)   --->   "%specmemcore_ln0 = specmemcore void @_ssdm_op_SpecMemCore, i480 %quantized_pe1, i64 666, i64 8, i64 18446744073709551615"   --->   Operation 18 'specmemcore' 'specmemcore_ln0' <Predicate = true> <Delay = 0.00>
ST_1 : Operation 19 [1/1] (0.00ns)   --->   "%specmemcore_ln0 = specmemcore void @_ssdm_op_SpecMemCore, i480 %quantized_pe0, i64 666, i64 8, i64 18446744073709551615"   --->   Operation 19 'specmemcore' 'specmemcore_ln0' <Predicate = true> <Delay = 0.00>
ST_1 : Operation 20 [1/1] (0.00ns)   --->   "%specmemcore_ln0 = specmemcore void @_ssdm_op_SpecMemCore, i480 %activation_q, i64 666, i64 18, i64 18446744073709551615"   --->   Operation 20 'specmemcore' 'specmemcore_ln0' <Predicate = true> <Delay = 0.00>
ST_1 : Operation 21 [1/1] (0.00ns)   --->   "%specmemcore_ln0 = specmemcore void @_ssdm_op_SpecMemCore, i512 %activation_scale, i64 666, i64 18, i64 18446744073709551615"   --->   Operation 21 'specmemcore' 'specmemcore_ln0' <Predicate = true> <Delay = 0.00>
ST_1 : Operation 22 [1/1] (0.00ns)   --->   "%specinterface_ln0 = specinterface void @_ssdm_op_SpecInterface, i32 %scale_pe3, void @empty_447, i32 0, i32 0, void @empty_418, i32 0, i32 0, void @empty_418, void @empty_418, void @empty_418, i32 0, i32 0, i32 0, i32 0, void @empty_418, void @empty_418, i32 4294967295, i32 0"   --->   Operation 22 'specinterface' 'specinterface_ln0' <Predicate = true> <Delay = 0.00>
ST_1 : Operation 23 [1/1] (0.00ns)   --->   "%specinterface_ln0 = specinterface void @_ssdm_op_SpecInterface, i32 %scale_pe2, void @empty_447, i32 0, i32 0, void @empty_418, i32 0, i32 0, void @empty_418, void @empty_418, void @empty_418, i32 0, i32 0, i32 0, i32 0, void @empty_418, void @empty_418, i32 4294967295, i32 0"   --->   Operation 23 'specinterface' 'specinterface_ln0' <Predicate = true> <Delay = 0.00>
ST_1 : Operation 24 [1/1] (0.00ns)   --->   "%specinterface_ln0 = specinterface void @_ssdm_op_SpecInterface, i32 %scale_pe1, void @empty_447, i32 0, i32 0, void @empty_418, i32 0, i32 0, void @empty_418, void @empty_418, void @empty_418, i32 0, i32 0, i32 0, i32 0, void @empty_418, void @empty_418, i32 4294967295, i32 0"   --->   Operation 24 'specinterface' 'specinterface_ln0' <Predicate = true> <Delay = 0.00>
ST_1 : Operation 25 [1/1] (0.00ns)   --->   "%specinterface_ln0 = specinterface void @_ssdm_op_SpecInterface, i32 %scale_pe0, void @empty_447, i32 0, i32 0, void @empty_418, i32 0, i32 0, void @empty_418, void @empty_418, void @empty_418, i32 0, i32 0, i32 0, i32 0, void @empty_418, void @empty_418, i32 4294967295, i32 0"   --->   Operation 25 'specinterface' 'specinterface_ln0' <Predicate = true> <Delay = 0.00>
ST_1 : Operation 26 [1/1] (0.00ns)   --->   "%specinterface_ln0 = specinterface void @_ssdm_op_SpecInterface, i480 %quantized_pe3, void @empty_447, i32 0, i32 0, void @empty_418, i32 0, i32 0, void @empty_418, void @empty_418, void @empty_418, i32 0, i32 0, i32 0, i32 0, void @empty_418, void @empty_418, i32 4294967295, i32 0"   --->   Operation 26 'specinterface' 'specinterface_ln0' <Predicate = true> <Delay = 0.00>
ST_1 : Operation 27 [1/1] (0.00ns)   --->   "%specinterface_ln0 = specinterface void @_ssdm_op_SpecInterface, i480 %quantized_pe2, void @empty_447, i32 0, i32 0, void @empty_418, i32 0, i32 0, void @empty_418, void @empty_418, void @empty_418, i32 0, i32 0, i32 0, i32 0, void @empty_418, void @empty_418, i32 4294967295, i32 0"   --->   Operation 27 'specinterface' 'specinterface_ln0' <Predicate = true> <Delay = 0.00>
ST_1 : Operation 28 [1/1] (0.00ns)   --->   "%specinterface_ln0 = specinterface void @_ssdm_op_SpecInterface, i480 %quantized_pe1, void @empty_447, i32 0, i32 0, void @empty_418, i32 0, i32 0, void @empty_418, void @empty_418, void @empty_418, i32 0, i32 0, i32 0, i32 0, void @empty_418, void @empty_418, i32 4294967295, i32 0"   --->   Operation 28 'specinterface' 'specinterface_ln0' <Predicate = true> <Delay = 0.00>
ST_1 : Operation 29 [1/1] (0.00ns)   --->   "%specinterface_ln0 = specinterface void @_ssdm_op_SpecInterface, i480 %quantized_pe0, void @empty_447, i32 0, i32 0, void @empty_418, i32 0, i32 0, void @empty_418, void @empty_418, void @empty_418, i32 0, i32 0, i32 0, i32 0, void @empty_418, void @empty_418, i32 4294967295, i32 0"   --->   Operation 29 'specinterface' 'specinterface_ln0' <Predicate = true> <Delay = 0.00>
ST_1 : Operation 30 [1/1] (0.38ns)   --->   "%store_ln0 = store i8 0, i8 %indvar_flatten14"   --->   Operation 30 'store' 'store_ln0' <Predicate = true> <Delay = 0.38>
ST_1 : Operation 32 [1/1] (0.38ns)   --->   "%store_ln0 = store i6 0, i6 %indvar_flatten"   --->   Operation 32 'store' 'store_ln0' <Predicate = true> <Delay = 0.38>
ST_1 : Operation 33 [1/1] (0.38ns)   --->   "%store_ln2100 = store i3 0, i3 %pe" [source/swiftkv_attention.cpp:2100]   --->   Operation 33 'store' 'store_ln2100' <Predicate = true> <Delay = 0.38>
ST_1 : Operation 34 [1/1] (0.38ns)   --->   "%store_ln2102 = store i3 0, i3 %group" [source/swiftkv_attention.cpp:2102]   --->   Operation 34 'store' 'store_ln2102' <Predicate = true> <Delay = 0.38>
ST_1 : Operation 36 [1/1] (0.00ns)   --->   "%br_ln2095 = br void %for.body8" [source/swiftkv_attention.cpp:2095]   --->   Operation 36 'br' 'br_ln2095' <Predicate = true> <Delay = 0.00>
ST_1 : Operation 37 [1/1] (0.00ns)   --->   "%indvar_flatten_load = load i6 %indvar_flatten" [source/swiftkv_attention.cpp:2100]   --->   Operation 37 'load' 'indvar_flatten_load' <Predicate = true> <Delay = 0.00>
ST_1 : Operation 38 [1/1] (0.00ns)   --->   "%indvar_flatten14_load = load i8 %indvar_flatten14" [source/swiftkv_attention.cpp:2096]   --->   Operation 38 'load' 'indvar_flatten14_load' <Predicate = true> <Delay = 0.00>
ST_1 : Operation 39 [1/1] (0.70ns)   --->   "%icmp_ln2096 = icmp_eq  i8 %indvar_flatten14_load, i8 128" [source/swiftkv_attention.cpp:2096]   --->   Operation 39 'icmp' 'icmp_ln2096' <Predicate = true> <Delay = 0.70> <CoreInst = "Cmp">   --->   Core 9 'Cmp' <Latency = 0> <II = 1> <Delay = 0.70> <FuncUnit> <Opcode : 'icmp'> <InPorts = 2> <OutPorts = 1>
ST_1 : Operation 40 [1/1] (0.70ns)   --->   "%add_ln2096 = add i8 %indvar_flatten14_load, i8 1" [source/swiftkv_attention.cpp:2096]   --->   Operation 40 'add' 'add_ln2096' <Predicate = true> <Delay = 0.70> <CoreInst = "Adder">   --->   Core 1 'Adder' <Latency = 0> <II = 1> <Delay = 0.70> <FuncUnit> <Opcode : 'add' 'sub'> <InPorts = 2> <OutPorts = 1>
ST_1 : Operation 41 [1/1] (0.00ns)   --->   "%br_ln2096 = br i1 %icmp_ln2096, void %for.inc34, void %for.end36" [source/swiftkv_attention.cpp:2096]   --->   Operation 41 'br' 'br_ln2096' <Predicate = true> <Delay = 0.00>
ST_1 : Operation 42 [1/1] (0.00ns)   --->   "%group_load = load i3 %group" [source/swiftkv_attention.cpp:2103]   --->   Operation 42 'load' 'group_load' <Predicate = (!icmp_ln2096)> <Delay = 0.00>
ST_1 : Operation 43 [1/1] (0.00ns)   --->   "%pe_load = load i3 %pe" [source/swiftkv_attention.cpp:2095]   --->   Operation 43 'load' 'pe_load' <Predicate = (!icmp_ln2096)> <Delay = 0.00>
ST_1 : Operation 44 [1/1] (0.70ns)   --->   "%icmp_ln2100 = icmp_eq  i6 %indvar_flatten_load, i6 16" [source/swiftkv_attention.cpp:2100]   --->   Operation 44 'icmp' 'icmp_ln2100' <Predicate = (!icmp_ln2096)> <Delay = 0.70> <CoreInst = "Cmp">   --->   Core 9 'Cmp' <Latency = 0> <II = 1> <Delay = 0.70> <FuncUnit> <Opcode : 'icmp'> <InPorts = 2> <OutPorts = 1>
ST_1 : Operation 45 [1/1] (0.27ns)   --->   "%select_ln2095 = select i1 %icmp_ln2100, i3 0, i3 %pe_load" [source/swiftkv_attention.cpp:2095]   --->   Operation 45 'select' 'select_ln2095' <Predicate = (!icmp_ln2096)> <Delay = 0.27> <CoreInst = "Sel">   --->   Core 73 'Sel' <Latency = 0> <II = 1> <Delay = 0.27> <FuncUnit> <Opcode : 'select'> <InPorts = 3> <OutPorts = 1>
ST_1 : Operation 46 [1/1] (0.00ns) (grouped into LUT with out node and_ln2095)   --->   "%xor_ln2095 = xor i1 %icmp_ln2100, i1 1" [source/swiftkv_attention.cpp:2095]   --->   Operation 46 'xor' 'xor_ln2095' <Predicate = (!icmp_ln2096)> <Delay = 0.00> <CoreInst = "LogicGate">   --->   Core 74 'LogicGate' <Latency = 0> <II = 1> <Delay = 0.12> <FuncUnit> <Opcode : 'and' 'or' 'xor'> <InPorts = 2> <OutPorts = 1>
ST_1 : Operation 47 [1/1] (0.57ns)   --->   "%icmp_ln2103 = icmp_eq  i3 %group_load, i3 4" [source/swiftkv_attention.cpp:2103]   --->   Operation 47 'icmp' 'icmp_ln2103' <Predicate = (!icmp_ln2096)> <Delay = 0.57> <CoreInst = "Cmp">   --->   Core 9 'Cmp' <Latency = 0> <II = 1> <Delay = 0.57> <FuncUnit> <Opcode : 'icmp'> <InPorts = 2> <OutPorts = 1>
ST_1 : Operation 48 [1/1] (0.12ns) (out node of the LUT)   --->   "%and_ln2095 = and i1 %icmp_ln2103, i1 %xor_ln2095" [source/swiftkv_attention.cpp:2095]   --->   Operation 48 'and' 'and_ln2095' <Predicate = (!icmp_ln2096)> <Delay = 0.12> <CoreInst = "LogicGate">   --->   Core 74 'LogicGate' <Latency = 0> <II = 1> <Delay = 0.12> <FuncUnit> <Opcode : 'and' 'or' 'xor'> <InPorts = 2> <OutPorts = 1>
ST_1 : Operation 49 [1/1] (0.57ns)   --->   "%add_ln2100 = add i3 %select_ln2095, i3 1" [source/swiftkv_attention.cpp:2100]   --->   Operation 49 'add' 'add_ln2100' <Predicate = (!icmp_ln2096)> <Delay = 0.57> <CoreInst = "Adder">   --->   Core 1 'Adder' <Latency = 0> <II = 1> <Delay = 0.57> <FuncUnit> <Opcode : 'add' 'sub'> <InPorts = 2> <OutPorts = 1>
ST_1 : Operation 50 [1/1] (0.00ns) (grouped into LUT with out node select_ln2098)   --->   "%or_ln2098 = or i1 %and_ln2095, i1 %icmp_ln2100" [source/swiftkv_attention.cpp:2098]   --->   Operation 50 'or' 'or_ln2098' <Predicate = (!icmp_ln2096)> <Delay = 0.00> <CoreInst = "LogicGate">   --->   Core 74 'LogicGate' <Latency = 0> <II = 1> <Delay = 0.12> <FuncUnit> <Opcode : 'and' 'or' 'xor'> <InPorts = 2> <OutPorts = 1>
ST_1 : Operation 51 [1/1] (0.27ns) (out node of the LUT)   --->   "%select_ln2098 = select i1 %or_ln2098, i3 0, i3 %group_load" [source/swiftkv_attention.cpp:2098]   --->   Operation 51 'select' 'select_ln2098' <Predicate = (!icmp_ln2096)> <Delay = 0.27> <CoreInst = "Sel">   --->   Core 73 'Sel' <Latency = 0> <II = 1> <Delay = 0.27> <FuncUnit> <Opcode : 'select'> <InPorts = 3> <OutPorts = 1>
ST_1 : Operation 52 [1/1] (0.27ns)   --->   "%select_ln2100 = select i1 %and_ln2095, i3 %add_ln2100, i3 %select_ln2095" [source/swiftkv_attention.cpp:2100]   --->   Operation 52 'select' 'select_ln2100' <Predicate = (!icmp_ln2096)> <Delay = 0.27> <CoreInst = "Sel">   --->   Core 73 'Sel' <Latency = 0> <II = 1> <Delay = 0.27> <FuncUnit> <Opcode : 'select'> <InPorts = 3> <OutPorts = 1>
ST_1 : Operation 53 [1/1] (0.00ns)   --->   "%empty_738 = trunc i3 %select_ln2100" [source/swiftkv_attention.cpp:2100]   --->   Operation 53 'trunc' 'empty_738' <Predicate = (!icmp_ln2096)> <Delay = 0.00>
ST_1 : Operation 54 [1/1] (0.57ns)   --->   "%add_ln2104 = add i3 %select_ln2098, i3 1" [source/swiftkv_attention.cpp:2104]   --->   Operation 54 'add' 'add_ln2104' <Predicate = (!icmp_ln2096)> <Delay = 0.57> <CoreInst = "Adder">   --->   Core 1 'Adder' <Latency = 0> <II = 1> <Delay = 0.57> <FuncUnit> <Opcode : 'add' 'sub'> <InPorts = 2> <OutPorts = 1>
ST_1 : Operation 55 [1/1] (0.57ns)   --->   "%icmp_ln2103_1 = icmp_eq  i3 %add_ln2104, i3 4" [source/swiftkv_attention.cpp:2103]   --->   Operation 55 'icmp' 'icmp_ln2103_1' <Predicate = (!icmp_ln2096)> <Delay = 0.57> <CoreInst = "Cmp">   --->   Core 9 'Cmp' <Latency = 0> <II = 1> <Delay = 0.57> <FuncUnit> <Opcode : 'icmp'> <InPorts = 2> <OutPorts = 1>
ST_1 : Operation 56 [1/1] (0.57ns)   --->   "%icmp_ln2100_1 = icmp_eq  i3 %select_ln2100, i3 3" [source/swiftkv_attention.cpp:2100]   --->   Operation 56 'icmp' 'icmp_ln2100_1' <Predicate = (!icmp_ln2096)> <Delay = 0.57> <CoreInst = "Cmp">   --->   Core 9 'Cmp' <Latency = 0> <II = 1> <Delay = 0.57> <FuncUnit> <Opcode : 'icmp'> <InPorts = 2> <OutPorts = 1>
ST_1 : Operation 57 [1/1] (0.00ns)   --->   "%br_ln2102 = br i1 %icmp_ln2103_1, void %new.latch.for.inc, void %last.iter.for.inc" [source/swiftkv_attention.cpp:2102]   --->   Operation 57 'br' 'br_ln2102' <Predicate = (!icmp_ln2096)> <Delay = 0.00>
ST_1 : Operation 58 [1/1] (0.00ns)   --->   "%br_ln2102 = br i1 %icmp_ln2100_1, void %new.latch.for.inc29, void %last.iter.for.inc29" [source/swiftkv_attention.cpp:2102]   --->   Operation 58 'br' 'br_ln2102' <Predicate = (!icmp_ln2096 & icmp_ln2103_1)> <Delay = 0.00>
ST_1 : Operation 59 [1/1] (0.00ns)   --->   "%br_ln2102 = br void %new.latch.for.inc" [source/swiftkv_attention.cpp:2102]   --->   Operation 59 'br' 'br_ln2102' <Predicate = (!icmp_ln2096 & icmp_ln2103_1)> <Delay = 0.00>
ST_1 : Operation 60 [1/1] (0.70ns)   --->   "%add_ln2100_1 = add i6 %indvar_flatten_load, i6 1" [source/swiftkv_attention.cpp:2100]   --->   Operation 60 'add' 'add_ln2100_1' <Predicate = (!icmp_ln2096)> <Delay = 0.70> <CoreInst = "Adder">   --->   Core 1 'Adder' <Latency = 0> <II = 1> <Delay = 0.70> <FuncUnit> <Opcode : 'add' 'sub'> <InPorts = 2> <OutPorts = 1>
ST_1 : Operation 61 [1/1] (0.29ns)   --->   "%select_ln2100_1 = select i1 %icmp_ln2100, i6 1, i6 %add_ln2100_1" [source/swiftkv_attention.cpp:2100]   --->   Operation 61 'select' 'select_ln2100_1' <Predicate = (!icmp_ln2096)> <Delay = 0.29> <CoreInst = "Sel">   --->   Core 73 'Sel' <Latency = 0> <II = 1> <Delay = 0.29> <FuncUnit> <Opcode : 'select'> <InPorts = 3> <OutPorts = 1>
ST_1 : Operation 62 [1/1] (0.38ns)   --->   "%store_ln2096 = store i8 %add_ln2096, i8 %indvar_flatten14" [source/swiftkv_attention.cpp:2096]   --->   Operation 62 'store' 'store_ln2096' <Predicate = (!icmp_ln2096)> <Delay = 0.38>
ST_1 : Operation 63 [1/1] (0.38ns)   --->   "%store_ln2100 = store i6 %select_ln2100_1, i6 %indvar_flatten" [source/swiftkv_attention.cpp:2100]   --->   Operation 63 'store' 'store_ln2100' <Predicate = (!icmp_ln2096)> <Delay = 0.38>
ST_1 : Operation 64 [1/1] (0.38ns)   --->   "%store_ln2100 = store i3 %select_ln2100, i3 %pe" [source/swiftkv_attention.cpp:2100]   --->   Operation 64 'store' 'store_ln2100' <Predicate = (!icmp_ln2096)> <Delay = 0.38>
ST_1 : Operation 65 [1/1] (0.38ns)   --->   "%store_ln2102 = store i3 %add_ln2104, i3 %group" [source/swiftkv_attention.cpp:2102]   --->   Operation 65 'store' 'store_ln2102' <Predicate = (!icmp_ln2096)> <Delay = 0.38>

State 2 <SV = 1> <Delay = 2.33>
ST_2 : Operation 31 [1/1] (0.38ns)   --->   "%store_ln2095 = store i4 0, i4 %local_head" [source/swiftkv_attention.cpp:2095]   --->   Operation 31 'store' 'store_ln2095' <Predicate = true> <Delay = 0.38>
ST_2 : Operation 66 [1/1] (0.00ns)   --->   "%local_head_load = load i4 %local_head" [source/swiftkv_attention.cpp:2097]   --->   Operation 66 'load' 'local_head_load' <Predicate = true> <Delay = 0.00>
ST_2 : Operation 67 [1/1] (0.70ns)   --->   "%add_ln2097 = add i4 %local_head_load, i4 1" [source/swiftkv_attention.cpp:2097]   --->   Operation 67 'add' 'add_ln2097' <Predicate = (icmp_ln2100)> <Delay = 0.70> <CoreInst = "Adder">   --->   Core 1 'Adder' <Latency = 0> <II = 1> <Delay = 0.70> <FuncUnit> <Opcode : 'add' 'sub'> <InPorts = 2> <OutPorts = 1>
ST_2 : Operation 68 [1/1] (0.35ns)   --->   "%select_ln2096 = select i1 %icmp_ln2100, i4 %add_ln2097, i4 %local_head_load" [source/swiftkv_attention.cpp:2096]   --->   Operation 68 'select' 'select_ln2096' <Predicate = true> <Delay = 0.35> <CoreInst = "Sel">   --->   Core 73 'Sel' <Latency = 0> <II = 1> <Delay = 0.35> <FuncUnit> <Opcode : 'select'> <InPorts = 3> <OutPorts = 1>
ST_2 : Operation 69 [1/1] (0.66ns)   --->   "%switch_ln2108 = switch i2 %empty_738, void %if.else19, i2 0, void %if.then, i2 1, void %if.then11, i2 2, void %if.then16" [source/swiftkv_attention.cpp:2108]   --->   Operation 69 'switch' 'switch_ln2108' <Predicate = true> <Delay = 0.66>
ST_2 : Operation 70 [1/1] (1.21ns)   --->   "%quantized_15 = read i480 @_ssdm_op_Read.ap_fifo.volatile.i480P0A, i480 %quantized_pe2" [source/swiftkv_attention.cpp:2115]   --->   Operation 70 'read' 'quantized_15' <Predicate = (!icmp_ln2096 & empty_738 == 2)> <Delay = 1.21> <CoreInst = "FIFO_BRAM">   --->   Core 79 'FIFO_BRAM' <Latency = 0> <II = 1> <Delay = 1.42> <Storage> <Opcode : 'read' 'write' 'nbread' 'nbwrite'> <Ports = 0> <Width = 480> <Depth = 4> <FIFO>
ST_2 : Operation 71 [1/1] (1.21ns)   --->   "%scale_3 = read i32 @_ssdm_op_Read.ap_fifo.volatile.i32P0A, i32 %scale_pe2" [source/swiftkv_attention.cpp:2116]   --->   Operation 71 'read' 'scale_3' <Predicate = (!icmp_ln2096 & empty_738 == 2)> <Delay = 1.21> <CoreInst = "FIFO_SRL">   --->   Core 81 'FIFO_SRL' <Latency = 0> <II = 1> <Delay = 1.46> <Storage> <Opcode : 'read' 'write' 'nbread' 'nbwrite'> <Ports = 0> <Width = 32> <Depth = 4> <FIFO>
ST_2 : Operation 72 [1/1] (0.45ns)   --->   "%br_ln2117 = br void %for.inc" [source/swiftkv_attention.cpp:2117]   --->   Operation 72 'br' 'br_ln2117' <Predicate = (!icmp_ln2096 & empty_738 == 2)> <Delay = 0.45>
ST_2 : Operation 73 [1/1] (1.21ns)   --->   "%quantized_14 = read i480 @_ssdm_op_Read.ap_fifo.volatile.i480P0A, i480 %quantized_pe1" [source/swiftkv_attention.cpp:2112]   --->   Operation 73 'read' 'quantized_14' <Predicate = (!icmp_ln2096 & empty_738 == 1)> <Delay = 1.21> <CoreInst = "FIFO_BRAM">   --->   Core 79 'FIFO_BRAM' <Latency = 0> <II = 1> <Delay = 1.42> <Storage> <Opcode : 'read' 'write' 'nbread' 'nbwrite'> <Ports = 0> <Width = 480> <Depth = 4> <FIFO>
ST_2 : Operation 74 [1/1] (1.21ns)   --->   "%scale_2 = read i32 @_ssdm_op_Read.ap_fifo.volatile.i32P0A, i32 %scale_pe1" [source/swiftkv_attention.cpp:2113]   --->   Operation 74 'read' 'scale_2' <Predicate = (!icmp_ln2096 & empty_738 == 1)> <Delay = 1.21> <CoreInst = "FIFO_SRL">   --->   Core 81 'FIFO_SRL' <Latency = 0> <II = 1> <Delay = 1.46> <Storage> <Opcode : 'read' 'write' 'nbread' 'nbwrite'> <Ports = 0> <Width = 32> <Depth = 4> <FIFO>
ST_2 : Operation 75 [1/1] (0.45ns)   --->   "%br_ln2114 = br void %for.inc" [source/swiftkv_attention.cpp:2114]   --->   Operation 75 'br' 'br_ln2114' <Predicate = (!icmp_ln2096 & empty_738 == 1)> <Delay = 0.45>
ST_2 : Operation 76 [1/1] (1.21ns)   --->   "%quantized_13 = read i480 @_ssdm_op_Read.ap_fifo.volatile.i480P0A, i480 %quantized_pe0" [source/swiftkv_attention.cpp:2109]   --->   Operation 76 'read' 'quantized_13' <Predicate = (!icmp_ln2096 & empty_738 == 0)> <Delay = 1.21> <CoreInst = "FIFO_BRAM">   --->   Core 79 'FIFO_BRAM' <Latency = 0> <II = 1> <Delay = 1.42> <Storage> <Opcode : 'read' 'write' 'nbread' 'nbwrite'> <Ports = 0> <Width = 480> <Depth = 4> <FIFO>
ST_2 : Operation 77 [1/1] (1.21ns)   --->   "%scale_1 = read i32 @_ssdm_op_Read.ap_fifo.volatile.i32P0A, i32 %scale_pe0" [source/swiftkv_attention.cpp:2110]   --->   Operation 77 'read' 'scale_1' <Predicate = (!icmp_ln2096 & empty_738 == 0)> <Delay = 1.21> <CoreInst = "FIFO_SRL">   --->   Core 81 'FIFO_SRL' <Latency = 0> <II = 1> <Delay = 1.46> <Storage> <Opcode : 'read' 'write' 'nbread' 'nbwrite'> <Ports = 0> <Width = 32> <Depth = 4> <FIFO>
ST_2 : Operation 78 [1/1] (0.45ns)   --->   "%br_ln2111 = br void %for.inc" [source/swiftkv_attention.cpp:2111]   --->   Operation 78 'br' 'br_ln2111' <Predicate = (!icmp_ln2096 & empty_738 == 0)> <Delay = 0.45>
ST_2 : Operation 79 [1/1] (1.21ns)   --->   "%quantized = read i480 @_ssdm_op_Read.ap_fifo.volatile.i480P0A, i480 %quantized_pe3" [source/swiftkv_attention.cpp:2118]   --->   Operation 79 'read' 'quantized' <Predicate = (!icmp_ln2096 & empty_738 == 3)> <Delay = 1.21> <CoreInst = "FIFO_BRAM">   --->   Core 79 'FIFO_BRAM' <Latency = 0> <II = 1> <Delay = 1.42> <Storage> <Opcode : 'read' 'write' 'nbread' 'nbwrite'> <Ports = 0> <Width = 480> <Depth = 4> <FIFO>
ST_2 : Operation 80 [1/1] (1.21ns)   --->   "%scale = read i32 @_ssdm_op_Read.ap_fifo.volatile.i32P0A, i32 %scale_pe3" [source/swiftkv_attention.cpp:2119]   --->   Operation 80 'read' 'scale' <Predicate = (!icmp_ln2096 & empty_738 == 3)> <Delay = 1.21> <CoreInst = "FIFO_SRL">   --->   Core 81 'FIFO_SRL' <Latency = 0> <II = 1> <Delay = 1.46> <Storage> <Opcode : 'read' 'write' 'nbread' 'nbwrite'> <Ports = 0> <Width = 32> <Depth = 4> <FIFO>
ST_2 : Operation 81 [1/1] (0.45ns)   --->   "%br_ln0 = br void %for.inc"   --->   Operation 81 'br' 'br_ln0' <Predicate = (!icmp_ln2096 & empty_738 == 3)> <Delay = 0.45>
ST_2 : Operation 82 [1/1] (0.38ns)   --->   "%store_ln2095 = store i4 %select_ln2096, i4 %local_head" [source/swiftkv_attention.cpp:2095]   --->   Operation 82 'store' 'store_ln2095' <Predicate = true> <Delay = 0.38>
ST_2 : Operation 105 [1/1] (0.00ns)   --->   "%ret_ln2132 = ret" [source/swiftkv_attention.cpp:2132]   --->   Operation 105 'ret' 'ret_ln2132' <Predicate = (icmp_ln2096)> <Delay = 0.00>

State 3 <SV = 2> <Delay = 2.16>
ST_3 : Operation 35 [1/1] (0.38ns)   --->   "%store_ln2098 = store i512 0, i512 %packed_scales_1" [source/swiftkv_attention.cpp:2098]   --->   Operation 35 'store' 'store_ln2098' <Predicate = true> <Delay = 0.38>
ST_3 : Operation 83 [1/1] (0.00ns)   --->   "%packed_scales_1_load = load i512 %packed_scales_1" [source/swiftkv_attention.cpp:2095]   --->   Operation 83 'load' 'packed_scales_1_load' <Predicate = (!icmp_ln2100)> <Delay = 0.00>
ST_3 : Operation 84 [1/1] (0.00ns)   --->   "%specloopname_ln0 = specloopname void @_ssdm_op_SpecLoopName, void @integrated_gather_local_head_loop_integrated_gather_pe_loop_integrated_gather_gr"   --->   Operation 84 'specloopname' 'specloopname_ln0' <Predicate = true> <Delay = 0.00>
ST_3 : Operation 85 [1/1] (0.00ns)   --->   "%speclooptripcount_ln0 = speclooptripcount void @_ssdm_op_SpecLoopTripCount, i64 128, i64 128, i64 128"   --->   Operation 85 'speclooptripcount' 'speclooptripcount_ln0' <Predicate = true> <Delay = 0.00>
ST_3 : Operation 86 [1/1] (0.57ns)   --->   "%select_ln2095_1 = select i1 %icmp_ln2100, i512 0, i512 %packed_scales_1_load" [source/swiftkv_attention.cpp:2095]   --->   Operation 86 'select' 'select_ln2095_1' <Predicate = true> <Delay = 0.57> <CoreInst = "Sel">   --->   Core 73 'Sel' <Latency = 0> <II = 1> <Delay = 0.57> <FuncUnit> <Opcode : 'select'> <InPorts = 3> <OutPorts = 1>
ST_3 : Operation 87 [1/1] (0.00ns)   --->   "%zext_ln2096 = zext i4 %select_ln2096" [source/swiftkv_attention.cpp:2096]   --->   Operation 87 'zext' 'zext_ln2096' <Predicate = true> <Delay = 0.00>
ST_3 : Operation 88 [1/1] (0.00ns)   --->   "%zext_ln2103 = zext i3 %select_ln2098" [source/swiftkv_attention.cpp:2103]   --->   Operation 88 'zext' 'zext_ln2103' <Predicate = true> <Delay = 0.00>
ST_3 : Operation 89 [1/1] (0.00ns)   --->   "%specpipeline_ln2105 = specpipeline void @_ssdm_op_SpecPipeline, i32 1, i32 0, i32 0, i32 0, void @empty_418" [source/swiftkv_attention.cpp:2105]   --->   Operation 89 'specpipeline' 'specpipeline_ln2105' <Predicate = true> <Delay = 0.00>
ST_3 : Operation 90 [1/1] (0.00ns)   --->   "%quantized_2 = phi i480 %quantized_13, void %if.then, i480 %quantized_14, void %if.then11, i480 %quantized_15, void %if.then16, i480 %quantized, void %if.else19"   --->   Operation 90 'phi' 'quantized_2' <Predicate = true> <Delay = 0.00>
ST_3 : Operation 91 [1/1] (0.00ns)   --->   "%empty = phi i32 %scale_1, void %if.then, i32 %scale_2, void %if.then11, i32 %scale_3, void %if.then16, i32 %scale, void %if.else19"   --->   Operation 91 'phi' 'empty' <Predicate = true> <Delay = 0.00>
ST_3 : Operation 92 [1/1] (0.00ns)   --->   "%trunc_ln2121 = trunc i4 %select_ln2096" [source/swiftkv_attention.cpp:2121]   --->   Operation 92 'trunc' 'trunc_ln2121' <Predicate = true> <Delay = 0.00>
ST_3 : Operation 93 [1/1] (0.00ns)   --->   "%or_ln = bitconcatenate i7 @_ssdm_op_BitConcatenate.i7.i3.i2.i2, i3 %trunc_ln2121, i2 %empty_738, i2 0" [source/swiftkv_attention.cpp:2121]   --->   Operation 93 'bitconcatenate' 'or_ln' <Predicate = true> <Delay = 0.00>
ST_3 : Operation 94 [1/1] (0.70ns)   --->   "%add_ln2123 = add i7 %or_ln, i7 %zext_ln2103" [source/swiftkv_attention.cpp:2123]   --->   Operation 94 'add' 'add_ln2123' <Predicate = true> <Delay = 0.70> <CoreInst = "Adder">   --->   Core 1 'Adder' <Latency = 0> <II = 1> <Delay = 0.70> <FuncUnit> <Opcode : 'add' 'sub'> <InPorts = 2> <OutPorts = 1>
ST_3 : Operation 95 [1/1] (0.00ns)   --->   "%zext_ln2124 = zext i7 %add_ln2123" [source/swiftkv_attention.cpp:2124]   --->   Operation 95 'zext' 'zext_ln2124' <Predicate = true> <Delay = 0.00>
ST_3 : Operation 96 [1/1] (0.00ns)   --->   "%activation_q_addr = getelementptr i480 %activation_q, i64 0, i64 %zext_ln2124" [source/swiftkv_attention.cpp:2124]   --->   Operation 96 'getelementptr' 'activation_q_addr' <Predicate = true> <Delay = 0.00>
ST_3 : Operation 97 [1/1] (1.20ns)   --->   "%store_ln2124 = store i480 %quantized_2, i9 %activation_q_addr" [source/swiftkv_attention.cpp:2124]   --->   Operation 97 'store' 'store_ln2124' <Predicate = true> <Delay = 1.20> <CoreInst = "RAM_1P_BRAM">   --->   Core 90 'RAM_1P_BRAM' <Latency = 1> <II = 1> <Delay = 1.20> <Storage> <Opcode : 'load' 'store'> <Ports = 1> <Width = 480> <Depth = 344> <RAM>
ST_3 : Operation 98 [1/1] (0.00ns)   --->   "%packed_scales_3 = partselect i480 @_ssdm_op_PartSelect.i480.i512.i32.i32, i512 %select_ln2095_1, i32 32, i32 511" [source/swiftkv_attention.cpp:2125]   --->   Operation 98 'partselect' 'packed_scales_3' <Predicate = true> <Delay = 0.00>
ST_3 : Operation 99 [1/1] (0.00ns)   --->   "%packed_scales = bitconcatenate i512 @_ssdm_op_BitConcatenate.i512.i32.i480, i32 %empty, i480 %packed_scales_3" [source/swiftkv_attention.cpp:2126]   --->   Operation 99 'bitconcatenate' 'packed_scales' <Predicate = true> <Delay = 0.00>
ST_3 : Operation 100 [1/1] (0.00ns)   --->   "%activation_scale_addr = getelementptr i512 %activation_scale, i64 0, i64 %zext_ln2096" [source/swiftkv_attention.cpp:2130]   --->   Operation 100 'getelementptr' 'activation_scale_addr' <Predicate = true> <Delay = 0.00>
ST_3 : Operation 101 [1/1] (1.20ns)   --->   "%store_ln2130 = store i512 %packed_scales, i5 %activation_scale_addr" [source/swiftkv_attention.cpp:2130]   --->   Operation 101 'store' 'store_ln2130' <Predicate = (icmp_ln2103_1 & icmp_ln2100_1)> <Delay = 1.20> <CoreInst = "RAM_1P_BRAM">   --->   Core 90 'RAM_1P_BRAM' <Latency = 1> <II = 1> <Delay = 1.20> <Storage> <Opcode : 'load' 'store'> <Ports = 1> <Width = 512> <Depth = 22> <RAM>
ST_3 : Operation 102 [1/1] (0.00ns)   --->   "%br_ln2102 = br void %new.latch.for.inc29" [source/swiftkv_attention.cpp:2102]   --->   Operation 102 'br' 'br_ln2102' <Predicate = (icmp_ln2103_1 & icmp_ln2100_1)> <Delay = 0.00>
ST_3 : Operation 103 [1/1] (0.38ns)   --->   "%store_ln2098 = store i512 %packed_scales, i512 %packed_scales_1" [source/swiftkv_attention.cpp:2098]   --->   Operation 103 'store' 'store_ln2098' <Predicate = true> <Delay = 0.38>
ST_3 : Operation 104 [1/1] (0.00ns)   --->   "%br_ln2102 = br void %for.body8" [source/swiftkv_attention.cpp:2102]   --->   Operation 104 'br' 'br_ln2102' <Predicate = true> <Delay = 0.00>


============================================================
+ Verbose Summary: Timing violations
============================================================
Target clock period: 3.333ns, clock uncertainty: 0.900ns.

 <State 1>: 2.793ns
The critical path consists of the following:
	'store' operation 0 bit ('store_ln0') of constant 0 on local variable 'indvar_flatten' [37]  (0.387 ns)
	'load' operation 6 bit ('indvar_flatten_load', source/swiftkv_attention.cpp:2100) on local variable 'indvar_flatten' [43]  (0.000 ns)
	'icmp' operation 1 bit ('icmp_ln2100', source/swiftkv_attention.cpp:2100) [55]  (0.706 ns)
	'select' operation 3 bit ('select_ln2095', source/swiftkv_attention.cpp:2095) [56]  (0.278 ns)
	'add' operation 3 bit ('add_ln2100', source/swiftkv_attention.cpp:2100) [63]  (0.572 ns)
	'select' operation 3 bit ('select_ln2100', source/swiftkv_attention.cpp:2100) [66]  (0.278 ns)
	'icmp' operation 1 bit ('icmp_ln2100_1', source/swiftkv_attention.cpp:2100) [101]  (0.572 ns)

 <State 2>: 2.336ns
The critical path consists of the following:
	fifo read operation ('scale', source/swiftkv_attention.cpp:2119) on port 'scale_pe3' (source/swiftkv_attention.cpp:2119) [86]  (1.217 ns)
	multiplexor before 'phi' operation 480 bit ('quantized') with incoming values : ('quantized', source/swiftkv_attention.cpp:2115) ('quantized', source/swiftkv_attention.cpp:2112) ('quantized', source/swiftkv_attention.cpp:2109) ('quantized', source/swiftkv_attention.cpp:2118) [89]  (0.453 ns)
	blocking operation 0.666906 ns on control path)

 <State 3>: 2.165ns
The critical path consists of the following:
	'store' operation 0 bit ('store_ln2098', source/swiftkv_attention.cpp:2098) of constant 0 on local variable 'packed_scales', source/swiftkv_attention.cpp:2098 [40]  (0.387 ns)
	'load' operation 512 bit ('packed_scales_1_load', source/swiftkv_attention.cpp:2095) on local variable 'packed_scales', source/swiftkv_attention.cpp:2098 [49]  (0.000 ns)
	'select' operation 512 bit ('select_ln2095_1', source/swiftkv_attention.cpp:2095) [57]  (0.578 ns)
	'store' operation 0 bit ('store_ln2130', source/swiftkv_attention.cpp:2130) of variable 'packed_scales', source/swiftkv_attention.cpp:2126 on array 'activation_scale' [107]  (1.200 ns)


============================================================
+ Verbose Summary: Binding
============================================================
N/A
* FSMD analyzer results:
  - Output states:
 - Input state : 
  - Chain level:
	State 1
	State 2
	State 3


============================================================
+ Verbose Summary: Datapath Resource usage 
============================================================
N/A
