

================================================================
== Vitis HLS Report for 'swiftkv_preload_rope_lut_Pipeline_preload_rope_lut_loop'
================================================================
* Date:           Tue Aug 11 09:16:49 2026

* Version:        2023.2 (Build 4023990 on Oct 11 2023)
* Project:        proj_int4_decoder_xo
* Solution:       solution1 (Vitis Kernel Flow Target)
* Product family: virtexuplus
* Target device:  xcu250-figd2104-2L-e


================================================================
== Performance Estimates
================================================================
+ Timing: 
    * Summary: 
    +--------+---------+----------+------------+
    |  Clock |  Target | Estimated| Uncertainty|
    +--------+---------+----------+------------+
    |ap_clk  |  3.33 ns|  2.461 ns|     0.90 ns|
    +--------+---------+----------+------------+

+ Latency: 
    * Summary: 
    +---------+---------+----------+----------+-------+-------+---------+
    |  Latency (cycles) |  Latency (absolute) |    Interval   | Pipeline|
    |   min   |   max   |    min   |    max   |  min  |  max  |   Type  |
    +---------+---------+----------+----------+-------+-------+---------+
    |    32771|    32771|  0.109 ms|  0.109 ms|  32771|  32771|       no|
    +---------+---------+----------+----------+-------+-------+---------+

    + Detail: 
        * Instance: 
        N/A

        * Loop: 
        +-------------------------+---------+---------+----------+-----------+-----------+-------+----------+
        |                         |  Latency (cycles) | Iteration|  Initiation Interval  |  Trip |          |
        |        Loop Name        |   min   |   max   |  Latency |  achieved |   target  | Count | Pipelined|
        +-------------------------+---------+---------+----------+-----------+-----------+-------+----------+
        |- preload_rope_lut_loop  |    32769|    32769|         4|          2|          2|  16384|       yes|
        +-------------------------+---------+---------+----------+-----------+-----------+-------+----------+

============================================================
+ Verbose Summary: Synthesis Manager
============================================================
InlineROM: 1
ExposeGlobal: 0
============================================================
+ Verbose Summary: CDFG Model
============================================================
IsTopModel: 0
ResetActiveHigh: 1
IsCombinational: 0
IsDatapathOnly: 0
HasWiredReturn: 1
HasMFsm: 2
HasVarLatency: 1
IsPipeline: 0
IsRtlPipelined: 0
IsInstanceOverlapped: 0
IsDontTouch: 0
HasImplIP: 0
IsGatedGlobalClock: 0

+ Individual pipeline summary: 
  * Pipeline-0: initiation interval (II) = 2, depth = 4


============================================================
+ Verbose Summary: Schedule
============================================================
* Number of FSM states : 4
* Pipeline : 1
  Pipeline-0 : II = 2, D = 4, States = { 1 2 3 4 }
* Dataflow Pipeline: 0

* FSM state transitions: 
1 --> 2 
2 --> 3 
3 --> 4 
4 --> 

* FSM state operations: 

State 1 <SV = 0> <Delay = 1.54>
ST_1 : Operation 7 [1/1] (0.00ns)   --->   "%address = alloca i32 1" [source/swiftkv_attention.cpp:1673]   --->   Operation 7 'alloca' 'address' <Predicate = true> <Delay = 0.00>
ST_1 : Operation 8 [1/1] (0.00ns)   --->   "%sext_ln1673_read = read i58 @_ssdm_op_Read.ap_auto.i58, i58 %sext_ln1673"   --->   Operation 8 'read' 'sext_ln1673_read' <Predicate = true> <Delay = 0.00>
ST_1 : Operation 9 [1/1] (0.00ns)   --->   "%sext_ln1673_cast = sext i58 %sext_ln1673_read"   --->   Operation 9 'sext' 'sext_ln1673_cast' <Predicate = true> <Delay = 0.00>
ST_1 : Operation 10 [1/1] (0.00ns)   --->   "%specmemcore_ln0 = specmemcore void @_ssdm_op_SpecMemCore, i608 %rope_lut, i64 666, i64 20, i64 2"   --->   Operation 10 'specmemcore' 'specmemcore_ln0' <Predicate = true> <Delay = 0.00>
ST_1 : Operation 11 [1/1] (0.00ns)   --->   "%specinterface_ln0 = specinterface void @_ssdm_op_SpecInterface, i512 %gmem0, void @empty_417, i32 0, i32 0, void @empty_418, i32 64, i32 13043328, void @empty_419, void @empty_420, void @empty_418, i32 8, i32 2, i32 256, i32 64, void @empty_418, void @empty_418, i32 4294967295, i32 0"   --->   Operation 11 'specinterface' 'specinterface_ln0' <Predicate = true> <Delay = 0.00>
ST_1 : Operation 12 [1/1] (0.38ns)   --->   "%store_ln1673 = store i15 0, i15 %address" [source/swiftkv_attention.cpp:1673]   --->   Operation 12 'store' 'store_ln1673' <Predicate = true> <Delay = 0.38>
ST_1 : Operation 13 [1/1] (0.00ns)   --->   "%br_ln0 = br void %for.inc"   --->   Operation 13 'br' 'br_ln0' <Predicate = true> <Delay = 0.00>
ST_1 : Operation 14 [1/1] (0.00ns)   --->   "%address_1 = load i15 %address" [source/swiftkv_attention.cpp:1675]   --->   Operation 14 'load' 'address_1' <Predicate = true> <Delay = 0.00>
ST_1 : Operation 15 [1/1] (0.77ns)   --->   "%icmp_ln1674 = icmp_eq  i15 %address_1, i15 16384" [source/swiftkv_attention.cpp:1674]   --->   Operation 15 'icmp' 'icmp_ln1674' <Predicate = true> <Delay = 0.77> <CoreInst = "Cmp">   --->   Core 9 'Cmp' <Latency = 0> <II = 1> <Delay = 0.77> <FuncUnit> <Opcode : 'icmp'> <InPorts = 2> <OutPorts = 1>
ST_1 : Operation 16 [1/1] (0.77ns)   --->   "%add_ln1675 = add i15 %address_1, i15 1" [source/swiftkv_attention.cpp:1675]   --->   Operation 16 'add' 'add_ln1675' <Predicate = true> <Delay = 0.77> <CoreInst = "Adder">   --->   Core 1 'Adder' <Latency = 0> <II = 1> <Delay = 0.77> <FuncUnit> <Opcode : 'add' 'sub'> <InPorts = 2> <OutPorts = 1>
ST_1 : Operation 17 [1/1] (0.00ns)   --->   "%br_ln1673 = br i1 %icmp_ln1674, void %for.inc.split, void %for.end.exitStub" [source/swiftkv_attention.cpp:1673]   --->   Operation 17 'br' 'br_ln1673' <Predicate = true> <Delay = 0.00>
ST_1 : Operation 18 [1/1] (0.38ns)   --->   "%store_ln1673 = store i15 %add_ln1675, i15 %address" [source/swiftkv_attention.cpp:1673]   --->   Operation 18 'store' 'store_ln1673' <Predicate = (!icmp_ln1674)> <Delay = 0.38>

State 2 <SV = 1> <Delay = 2.43>
ST_2 : Operation 19 [1/1] (0.00ns)   --->   "%gmem0_addr = getelementptr i512 %gmem0, i64 %sext_ln1673_cast" [source/swiftkv_attention.cpp:1673]   --->   Operation 19 'getelementptr' 'gmem0_addr' <Predicate = (!icmp_ln1674)> <Delay = 0.00>
ST_2 : Operation 20 [1/1] (2.43ns)   --->   "%low = read i512 @_ssdm_op_Read.m_axi.p1i512, i512 %gmem0_addr" [source/swiftkv_attention.cpp:1680]   --->   Operation 20 'read' 'low' <Predicate = (!icmp_ln1674)> <Delay = 2.43> <CoreInst = "m_axi">   --->   Core 121 'm_axi' <Latency = 0> <II = 1> <Delay = 1.00> <Adapter> <Opcode : 'read' 'write' 'readreq' 'writereq' 'writeresp'>
ST_2 : Operation 31 [1/1] (0.00ns)   --->   "%ret_ln0 = ret"   --->   Operation 31 'ret' 'ret_ln0' <Predicate = (icmp_ln1674)> <Delay = 0.00>

State 3 <SV = 2> <Delay = 2.43>
ST_3 : Operation 21 [1/1] (2.43ns)   --->   "%high = read i512 @_ssdm_op_Read.m_axi.p1i512, i512 %gmem0_addr" [source/swiftkv_attention.cpp:1680]   --->   Operation 21 'read' 'high' <Predicate = true> <Delay = 2.43> <CoreInst = "m_axi">   --->   Core 121 'm_axi' <Latency = 0> <II = 1> <Delay = 1.00> <Adapter> <Opcode : 'read' 'write' 'readreq' 'writereq' 'writeresp'>
ST_3 : Operation 22 [1/1] (0.00ns)   --->   "%trunc_ln1685 = trunc i512 %high" [source/swiftkv_attention.cpp:1685]   --->   Operation 22 'trunc' 'trunc_ln1685' <Predicate = true> <Delay = 0.00>

State 4 <SV = 3> <Delay = 2.46>
ST_4 : Operation 23 [1/1] (0.00ns)   --->   "%zext_ln1674 = zext i15 %address_1" [source/swiftkv_attention.cpp:1674]   --->   Operation 23 'zext' 'zext_ln1674' <Predicate = true> <Delay = 0.00>
ST_4 : Operation 24 [1/1] (0.00ns)   --->   "%specpipeline_ln1676 = specpipeline void @_ssdm_op_SpecPipeline, i32 2, i32 0, i32 0, i32 0, void @empty_418" [source/swiftkv_attention.cpp:1676]   --->   Operation 24 'specpipeline' 'specpipeline_ln1676' <Predicate = true> <Delay = 0.00>
ST_4 : Operation 25 [1/1] (0.00ns)   --->   "%speclooptripcount_ln1673 = speclooptripcount void @_ssdm_op_SpecLoopTripCount, i64 16384, i64 16384, i64 16384" [source/swiftkv_attention.cpp:1673]   --->   Operation 25 'speclooptripcount' 'speclooptripcount_ln1673' <Predicate = true> <Delay = 0.00>
ST_4 : Operation 26 [1/1] (0.00ns)   --->   "%specloopname_ln1673 = specloopname void @_ssdm_op_SpecLoopName, void @empty_468" [source/swiftkv_attention.cpp:1673]   --->   Operation 26 'specloopname' 'specloopname_ln1673' <Predicate = true> <Delay = 0.00>
ST_4 : Operation 27 [1/1] (0.00ns)   --->   "%packed = bitconcatenate i608 @_ssdm_op_BitConcatenate.i608.i96.i512, i96 %trunc_ln1685, i512 %low" [source/swiftkv_attention.cpp:1685]   --->   Operation 27 'bitconcatenate' 'packed' <Predicate = true> <Delay = 0.00>
ST_4 : Operation 28 [1/1] (0.00ns)   --->   "%rope_lut_addr = getelementptr i608 %rope_lut, i64 0, i64 %zext_ln1674" [source/swiftkv_attention.cpp:1687]   --->   Operation 28 'getelementptr' 'rope_lut_addr' <Predicate = true> <Delay = 0.00>
ST_4 : Operation 29 [1/1] (2.46ns)   --->   "%store_ln1687 = store i608 %packed, i14 %rope_lut_addr" [source/swiftkv_attention.cpp:1687]   --->   Operation 29 'store' 'store_ln1687' <Predicate = true> <Delay = 2.46> <CoreInst = "RAM_1P_URAM">   --->   Core 91 'RAM_1P_URAM' <Latency = 2> <II = 1> <Delay = 2.46> <Storage> <Opcode : 'load' 'store'> <Ports = 1> <Width = 608> <Depth = 16384> <RAM>
ST_4 : Operation 30 [1/1] (0.00ns)   --->   "%br_ln1673 = br void %for.inc" [source/swiftkv_attention.cpp:1673]   --->   Operation 30 'br' 'br_ln1673' <Predicate = true> <Delay = 0.00>


============================================================
+ Verbose Summary: Timing violations
============================================================
Target clock period: 3.333ns, clock uncertainty: 0.900ns.

 <State 1>: 1.549ns
The critical path consists of the following:
	'store' operation 0 bit ('store_ln1673', source/swiftkv_attention.cpp:1673) of constant 0 on local variable 'address', source/swiftkv_attention.cpp:1673 [9]  (0.387 ns)
	'load' operation 15 bit ('address', source/swiftkv_attention.cpp:1675) on local variable 'address', source/swiftkv_attention.cpp:1673 [12]  (0.000 ns)
	'icmp' operation 1 bit ('icmp_ln1674', source/swiftkv_attention.cpp:1674) [13]  (0.775 ns)
	'store' operation 0 bit ('store_ln1673', source/swiftkv_attention.cpp:1673) of variable 'add_ln1675', source/swiftkv_attention.cpp:1675 on local variable 'address', source/swiftkv_attention.cpp:1673 [28]  (0.387 ns)

 <State 2>: 2.433ns
The critical path consists of the following:
	'getelementptr' operation 512 bit ('gmem0_addr', source/swiftkv_attention.cpp:1673) [17]  (0.000 ns)
	bus read operation ('low', source/swiftkv_attention.cpp:1680) on port 'gmem0' (source/swiftkv_attention.cpp:1680) [22]  (2.433 ns)

 <State 3>: 2.433ns
The critical path consists of the following:
	bus read operation ('high', source/swiftkv_attention.cpp:1680) on port 'gmem0' (source/swiftkv_attention.cpp:1680) [23]  (2.433 ns)

 <State 4>: 2.461ns
The critical path consists of the following:
	'getelementptr' operation 14 bit ('rope_lut_addr', source/swiftkv_attention.cpp:1687) [26]  (0.000 ns)
	'store' operation 0 bit ('store_ln1687', source/swiftkv_attention.cpp:1687) of variable 'packed', source/swiftkv_attention.cpp:1685 on array 'rope_lut' [27]  (2.461 ns)


============================================================
+ Verbose Summary: Binding
============================================================
N/A
* FSMD analyzer results:
  - Output states:
 - Input state : 
  - Chain level:
	State 1
	State 2
	State 3
	State 4


============================================================
+ Verbose Summary: Datapath Resource usage 
============================================================
N/A
