

================================================================
== Vitis HLS Report for 'swiftkv_run_bank_Pipeline_pe_load_v_word_loop'
================================================================
* Date:           Tue Aug 11 09:18:04 2026

* Version:        2023.2 (Build 4023990 on Oct 11 2023)
* Project:        proj_int4_decoder_xo
* Solution:       solution1 (Vitis Kernel Flow Target)
* Product family: virtexuplus
* Target device:  xcu250-figd2104-2L-e


================================================================
== Performance Estimates
================================================================
+ Timing: 
    * Summary: 
    +--------+---------+----------+------------+
    |  Clock |  Target | Estimated| Uncertainty|
    +--------+---------+----------+------------+
    |ap_clk  |  3.33 ns|  2.400 ns|     0.90 ns|
    +--------+---------+----------+------------+

+ Latency: 
    * Summary: 
    +---------+---------+-----------+-----------+-----+-----+---------+
    |  Latency (cycles) |   Latency (absolute)  |  Interval | Pipeline|
    |   min   |   max   |    min    |    max    | min | max |   Type  |
    +---------+---------+-----------+-----------+-----+-----+---------+
    |       10|       10|  33.330 ns|  33.330 ns|   10|   10|       no|
    +---------+---------+-----------+-----------+-----+-----+---------+

    + Detail: 
        * Instance: 
        N/A

        * Loop: 
        +-----------------------+---------+---------+----------+-----------+-----------+------+----------+
        |                       |  Latency (cycles) | Iteration|  Initiation Interval  | Trip |          |
        |       Loop Name       |   min   |   max   |  Latency |  achieved |   target  | Count| Pipelined|
        +-----------------------+---------+---------+----------+-----------+-----------+------+----------+
        |- pe_load_v_word_loop  |        8|        8|         2|          1|          1|     8|       yes|
        +-----------------------+---------+---------+----------+-----------+-----------+------+----------+



================================================================
== Utilization Estimates
================================================================
* Summary: 
+---------------------+---------+-------+---------+---------+------+
|         Name        | BRAM_18K|  DSP  |    FF   |   LUT   | URAM |
+---------------------+---------+-------+---------+---------+------+
|DSP                  |        -|      -|        -|        -|     -|
|Expression           |        -|      -|        0|       39|     -|
|FIFO                 |        -|      -|        -|        -|     -|
|Instance             |        -|      -|        -|        -|     -|
|Memory               |        -|      -|        -|        -|     -|
|Multiplexer          |        -|      -|        -|       36|     -|
|Register             |        -|      -|       11|        -|     -|
+---------------------+---------+-------+---------+---------+------+
|Total                |        0|      0|       11|       75|     0|
+---------------------+---------+-------+---------+---------+------+
|Available SLR        |     1344|   3072|   864000|   432000|   320|
+---------------------+---------+-------+---------+---------+------+
|Utilization SLR (%)  |        0|      0|       ~0|       ~0|     0|
+---------------------+---------+-------+---------+---------+------+
|Available            |     5376|  12288|  3456000|  1728000|  1280|
+---------------------+---------+-------+---------+---------+------+
|Utilization (%)      |        0|      0|       ~0|       ~0|     0|
+---------------------+---------+-------+---------+---------+------+

+ Detail: 
    * Instance: 
    N/A

    * DSP: 
    N/A

    * Memory: 
    N/A

    * FIFO: 
    N/A

    * Expression: 
    +----------------------+----------+----+---+----+------------+------------+
    |     Variable Name    | Operation| DSP| FF| LUT| Bitwidth P0| Bitwidth P1|
    +----------------------+----------+----+---+----+------------+------------+
    |add_ln1881_fu_91_p2   |         +|   0|  0|  12|           4|           1|
    |add_ln1884_fu_101_p2  |         +|   0|  0|  13|           6|           6|
    |icmp_ln1880_fu_85_p2  |      icmp|   0|  0|  12|           4|           5|
    |ap_enable_pp0         |       xor|   0|  0|   2|           1|           2|
    +----------------------+----------+----+---+----+------------+------------+
    |Total                 |          |   0|  0|  39|          15|          14|
    +----------------------+----------+----+---+----+------------+------------+

    * Multiplexer: 
    +-------------------------+----+-----------+-----+-----------+
    |           Name          | LUT| Input Size| Bits| Total Bits|
    +-------------------------+----+-----------+-----+-----------+
    |ap_done_int              |   9|          2|    1|          2|
    |ap_enable_reg_pp0_iter1  |   9|          2|    1|          2|
    |ap_sig_allocacmp_word_2  |   9|          2|    4|          8|
    |word_fu_40               |   9|          2|    4|          8|
    +-------------------------+----+-----------+-----+-----------+
    |Total                    |  36|          8|   10|         20|
    +-------------------------+----+-----------+-----+-----------+

    * Register: 
    +-------------------------+---+----+-----+-----------+
    |           Name          | FF| LUT| Bits| Const Bits|
    +-------------------------+---+----+-----+-----------+
    |ap_CS_fsm                |  1|   0|    1|          0|
    |ap_done_reg              |  1|   0|    1|          0|
    |ap_enable_reg_pp0_iter1  |  1|   0|    1|          0|
    |word_2_reg_128           |  4|   0|    4|          0|
    |word_fu_40               |  4|   0|    4|          0|
    +-------------------------+---+----+-----+-----------+
    |Total                    | 11|   0|   11|          0|
    +-------------------------+---+----+-----+-----------+



================================================================
== Interface
================================================================
* Summary: 
+------------------+-----+-----+------------+-----------------------------------------------+--------------+
|     RTL Ports    | Dir | Bits|  Protocol  |                 Source Object                 |    C Type    |
+------------------+-----+-----+------------+-----------------------------------------------+--------------+
|ap_clk            |   in|    1|  ap_ctrl_hs|  swiftkv_run_bank_Pipeline_pe_load_v_word_loop|  return value|
|ap_rst            |   in|    1|  ap_ctrl_hs|  swiftkv_run_bank_Pipeline_pe_load_v_word_loop|  return value|
|ap_start          |   in|    1|  ap_ctrl_hs|  swiftkv_run_bank_Pipeline_pe_load_v_word_loop|  return value|
|ap_done           |  out|    1|  ap_ctrl_hs|  swiftkv_run_bank_Pipeline_pe_load_v_word_loop|  return value|
|ap_idle           |  out|    1|  ap_ctrl_hs|  swiftkv_run_bank_Pipeline_pe_load_v_word_loop|  return value|
|ap_ready          |  out|    1|  ap_ctrl_hs|  swiftkv_run_bank_Pipeline_pe_load_v_word_loop|  return value|
|tmp_13            |   in|    6|     ap_none|                                         tmp_13|        scalar|
|v_address0        |  out|    6|   ap_memory|                                              v|         array|
|v_ce0             |  out|    1|   ap_memory|                                              v|         array|
|v_q0              |   in|  512|   ap_memory|                                              v|         array|
|v_words_address0  |  out|    3|   ap_memory|                                        v_words|         array|
|v_words_ce0       |  out|    1|   ap_memory|                                        v_words|         array|
|v_words_we0       |  out|    1|   ap_memory|                                        v_words|         array|
|v_words_d0        |  out|  512|   ap_memory|                                        v_words|         array|
+------------------+-----+-----+------------+-----------------------------------------------+--------------+

============================================================
+ Verbose Summary: Synthesis Manager
============================================================
InlineROM: 1
ExposeGlobal: 0
============================================================
+ Verbose Summary: CDFG Model
============================================================
IsTopModel: 0
ResetActiveHigh: 1
IsCombinational: 2
IsDatapathOnly: 2
HasWiredReturn: 1
HasMFsm: 2
HasVarLatency: 1
IsPipeline: 0
IsRtlPipelined: 0
IsInstanceOverlapped: 0
IsDontTouch: 0
HasImplIP: 0
IsGatedGlobalClock: 0

+ Individual pipeline summary: 
  * Pipeline-0: initiation interval (II) = 1, depth = 2


============================================================
+ Verbose Summary: Schedule
============================================================
* Number of FSM states : 2
* Pipeline : 1
  Pipeline-0 : II = 1, D = 2, States = { 1 2 }
* Dataflow Pipeline: 0

* FSM state transitions: 
1 --> 2 
2 --> 

* FSM state operations: 

State 1 <SV = 0> <Delay = 2.29>
ST_1 : Operation 5 [1/1] (0.00ns)   --->   "%word = alloca i32 1" [source/swiftkv_attention.cpp:1879]   --->   Operation 5 'alloca' 'word' <Predicate = true> <Delay = 0.00>
ST_1 : Operation 6 [1/1] (0.00ns)   --->   "%specmemcore_ln0 = specmemcore void @_ssdm_op_SpecMemCore, i512 %v_words, i64 666, i64 18, i64 18446744073709551615"   --->   Operation 6 'specmemcore' 'specmemcore_ln0' <Predicate = true> <Delay = 0.00>
ST_1 : Operation 7 [1/1] (0.00ns)   --->   "%specmemcore_ln0 = specmemcore void @_ssdm_op_SpecMemCore, i512 %v, i64 666, i64 18, i64 18446744073709551615"   --->   Operation 7 'specmemcore' 'specmemcore_ln0' <Predicate = true> <Delay = 0.00>
ST_1 : Operation 8 [1/1] (0.00ns)   --->   "%tmp_13_read = read i6 @_ssdm_op_Read.ap_auto.i6, i6 %tmp_13"   --->   Operation 8 'read' 'tmp_13_read' <Predicate = true> <Delay = 0.00>
ST_1 : Operation 9 [1/1] (0.38ns)   --->   "%store_ln1879 = store i4 0, i4 %word" [source/swiftkv_attention.cpp:1879]   --->   Operation 9 'store' 'store_ln1879' <Predicate = true> <Delay = 0.38>
ST_1 : Operation 10 [1/1] (0.00ns)   --->   "%br_ln0 = br void %for.inc53"   --->   Operation 10 'br' 'br_ln0' <Predicate = true> <Delay = 0.00>
ST_1 : Operation 11 [1/1] (0.00ns)   --->   "%word_2 = load i4 %word" [source/swiftkv_attention.cpp:1881]   --->   Operation 11 'load' 'word_2' <Predicate = true> <Delay = 0.00>
ST_1 : Operation 12 [1/1] (0.70ns)   --->   "%icmp_ln1880 = icmp_eq  i4 %word_2, i4 8" [source/swiftkv_attention.cpp:1880]   --->   Operation 12 'icmp' 'icmp_ln1880' <Predicate = true> <Delay = 0.70> <CoreInst = "Cmp">   --->   Core 9 'Cmp' <Latency = 0> <II = 1> <Delay = 0.70> <FuncUnit> <Opcode : 'icmp'> <InPorts = 2> <OutPorts = 1>
ST_1 : Operation 13 [1/1] (0.70ns)   --->   "%add_ln1881 = add i4 %word_2, i4 1" [source/swiftkv_attention.cpp:1881]   --->   Operation 13 'add' 'add_ln1881' <Predicate = true> <Delay = 0.70> <CoreInst = "Adder">   --->   Core 1 'Adder' <Latency = 0> <II = 1> <Delay = 0.70> <FuncUnit> <Opcode : 'add' 'sub'> <InPorts = 2> <OutPorts = 1>
ST_1 : Operation 14 [1/1] (0.00ns)   --->   "%br_ln1879 = br i1 %icmp_ln1880, void %for.inc53.split, void %for.body68.preheader.exitStub" [source/swiftkv_attention.cpp:1879]   --->   Operation 14 'br' 'br_ln1879' <Predicate = true> <Delay = 0.00>
ST_1 : Operation 15 [1/1] (0.00ns)   --->   "%zext_ln1880_1 = zext i4 %word_2" [source/swiftkv_attention.cpp:1880]   --->   Operation 15 'zext' 'zext_ln1880_1' <Predicate = (!icmp_ln1880)> <Delay = 0.00>
ST_1 : Operation 16 [1/1] (0.70ns)   --->   "%add_ln1884 = add i6 %tmp_13_read, i6 %zext_ln1880_1" [source/swiftkv_attention.cpp:1884]   --->   Operation 16 'add' 'add_ln1884' <Predicate = (!icmp_ln1880)> <Delay = 0.70> <CoreInst = "Adder">   --->   Core 1 'Adder' <Latency = 0> <II = 1> <Delay = 0.70> <FuncUnit> <Opcode : 'add' 'sub'> <InPorts = 2> <OutPorts = 1>
ST_1 : Operation 17 [1/1] (0.00ns)   --->   "%zext_ln1885 = zext i6 %add_ln1884" [source/swiftkv_attention.cpp:1885]   --->   Operation 17 'zext' 'zext_ln1885' <Predicate = (!icmp_ln1880)> <Delay = 0.00>
ST_1 : Operation 18 [1/1] (0.00ns)   --->   "%v_addr = getelementptr i512 %v, i64 0, i64 %zext_ln1885" [source/swiftkv_attention.cpp:1885]   --->   Operation 18 'getelementptr' 'v_addr' <Predicate = (!icmp_ln1880)> <Delay = 0.00>
ST_1 : Operation 19 [2/2] (1.20ns)   --->   "%v_load = load i6 %v_addr" [source/swiftkv_attention.cpp:1885]   --->   Operation 19 'load' 'v_load' <Predicate = (!icmp_ln1880)> <Delay = 1.20> <CoreInst = "RAM_1P_BRAM">   --->   Core 90 'RAM_1P_BRAM' <Latency = 1> <II = 1> <Delay = 1.20> <Storage> <Opcode : 'load' 'store'> <Ports = 1> <Width = 512> <Depth = 64> <RAM>
ST_1 : Operation 20 [1/1] (0.38ns)   --->   "%store_ln1879 = store i4 %add_ln1881, i4 %word" [source/swiftkv_attention.cpp:1879]   --->   Operation 20 'store' 'store_ln1879' <Predicate = (!icmp_ln1880)> <Delay = 0.38>
ST_1 : Operation 29 [1/1] (0.00ns)   --->   "%ret_ln0 = ret"   --->   Operation 29 'ret' 'ret_ln0' <Predicate = (icmp_ln1880)> <Delay = 0.00>

State 2 <SV = 1> <Delay = 2.40>
ST_2 : Operation 21 [1/1] (0.00ns)   --->   "%zext_ln1880 = zext i4 %word_2" [source/swiftkv_attention.cpp:1880]   --->   Operation 21 'zext' 'zext_ln1880' <Predicate = true> <Delay = 0.00>
ST_2 : Operation 22 [1/1] (0.00ns)   --->   "%specpipeline_ln1882 = specpipeline void @_ssdm_op_SpecPipeline, i32 1, i32 0, i32 0, i32 0, void @empty_418" [source/swiftkv_attention.cpp:1882]   --->   Operation 22 'specpipeline' 'specpipeline_ln1882' <Predicate = true> <Delay = 0.00>
ST_2 : Operation 23 [1/1] (0.00ns)   --->   "%speclooptripcount_ln1879 = speclooptripcount void @_ssdm_op_SpecLoopTripCount, i64 8, i64 8, i64 8" [source/swiftkv_attention.cpp:1879]   --->   Operation 23 'speclooptripcount' 'speclooptripcount_ln1879' <Predicate = true> <Delay = 0.00>
ST_2 : Operation 24 [1/1] (0.00ns)   --->   "%specloopname_ln1879 = specloopname void @_ssdm_op_SpecLoopName, void @empty_475" [source/swiftkv_attention.cpp:1879]   --->   Operation 24 'specloopname' 'specloopname_ln1879' <Predicate = true> <Delay = 0.00>
ST_2 : Operation 25 [1/1] (0.00ns)   --->   "%v_words_addr = getelementptr i512 %v_words, i64 0, i64 %zext_ln1880" [source/swiftkv_attention.cpp:1885]   --->   Operation 25 'getelementptr' 'v_words_addr' <Predicate = true> <Delay = 0.00>
ST_2 : Operation 26 [1/2] (1.20ns)   --->   "%v_load = load i6 %v_addr" [source/swiftkv_attention.cpp:1885]   --->   Operation 26 'load' 'v_load' <Predicate = true> <Delay = 1.20> <CoreInst = "RAM_1P_BRAM">   --->   Core 90 'RAM_1P_BRAM' <Latency = 1> <II = 1> <Delay = 1.20> <Storage> <Opcode : 'load' 'store'> <Ports = 1> <Width = 512> <Depth = 64> <RAM>
ST_2 : Operation 27 [1/1] (1.20ns)   --->   "%store_ln1885 = store i512 %v_load, i3 %v_words_addr" [source/swiftkv_attention.cpp:1885]   --->   Operation 27 'store' 'store_ln1885' <Predicate = true> <Delay = 1.20> <CoreInst = "RAM_1P_BRAM">   --->   Core 90 'RAM_1P_BRAM' <Latency = 1> <II = 1> <Delay = 1.20> <Storage> <Opcode : 'load' 'store'> <Ports = 1> <Width = 512> <Depth = 8> <RAM>
ST_2 : Operation 28 [1/1] (0.00ns)   --->   "%br_ln1879 = br void %for.inc53" [source/swiftkv_attention.cpp:1879]   --->   Operation 28 'br' 'br_ln1879' <Predicate = true> <Delay = 0.00>


============================================================
+ Verbose Summary: Binding
============================================================
STG Binding: 
---------------- STG Properties BEGIN ----------------
- Is combinational: 0
- Is one-state seq: 0
- Is datapath-only: 0
- Is pipelined: 0
- Is top level: 0
Port [ Return ] is wired: 1; IO mode=ap_ctrl_hs:ce=0
Port [ tmp_13]:  wired=1; compound=0; hidden=0; nouse=0; global=0; static=0; extern=0; dir=0; type=0; pingpong=0; private_global=0; IO mode=ap_none:ce=0
Port [ v]:  wired=1; compound=1; hidden=0; nouse=0; global=0; static=0; extern=0; dir=0; type=1; pingpong=0; private_global=0; MemPort=[1]; IO mode=ap_memory:ce=0
Port [ v_words]:  wired=1; compound=1; hidden=0; nouse=0; global=0; static=0; extern=0; dir=1; type=1; pingpong=0; private_global=0; MemPort=[0]; IO mode=ap_memory:ce=0
---------------- STG Properties END ------------------

---------------- Datapath Model BEGIN ----------------

<LifeTime>
<method=bitvector/>
word                     (alloca           ) [ 010]
specmemcore_ln0          (specmemcore      ) [ 000]
specmemcore_ln0          (specmemcore      ) [ 000]
tmp_13_read              (read             ) [ 000]
store_ln1879             (store            ) [ 000]
br_ln0                   (br               ) [ 000]
word_2                   (load             ) [ 011]
icmp_ln1880              (icmp             ) [ 010]
add_ln1881               (add              ) [ 000]
br_ln1879                (br               ) [ 000]
zext_ln1880_1            (zext             ) [ 000]
add_ln1884               (add              ) [ 000]
zext_ln1885              (zext             ) [ 000]
v_addr                   (getelementptr    ) [ 011]
store_ln1879             (store            ) [ 000]
zext_ln1880              (zext             ) [ 000]
specpipeline_ln1882      (specpipeline     ) [ 000]
speclooptripcount_ln1879 (speclooptripcount) [ 000]
specloopname_ln1879      (specloopname     ) [ 000]
v_words_addr             (getelementptr    ) [ 000]
v_load                   (load             ) [ 000]
store_ln1885             (store            ) [ 000]
br_ln1879                (br               ) [ 000]
ret_ln0                  (ret              ) [ 000]
</LifeTime>

<model>

<comp_list>
<comp id="0" class="1000" name="tmp_13">
<pin_list>
<pin id="1" dir="1" index="0" bw="1" slack="0"/>
</pin_list>
<bind>
<StgValue><ssdm name="tmp_13"/></StgValue>
</bind>
</comp>

<comp id="2" class="1000" name="v">
<pin_list>
<pin id="3" dir="1" index="0" bw="1" slack="0"/>
</pin_list>
<bind>
<StgValue><ssdm name="v"/><MemPortTyVec>1 </MemPortTyVec>
</StgValue>
</bind>
</comp>

<comp id="4" class="1000" name="v_words">
<pin_list>
<pin id="5" dir="1" index="0" bw="1" slack="0"/>
</pin_list>
<bind>
<StgValue><ssdm name="v_words"/><MemPortTyVec>0 </MemPortTyVec>
</StgValue>
</bind>
</comp>

<comp id="6" class="1001" name="const_6">
<pin_list>
<pin id="7" dir="1" index="0" bw="1" slack="0"/>
</pin_list>
<bind>
<StgValue><ssdm name=""/></StgValue>
</bind>
</comp>

<comp id="8" class="1001" name="const_8">
<pin_list>
<pin id="9" dir="1" index="0" bw="1" slack="2147483647"/>
</pin_list>
<bind>
<StgValue><ssdm name="_ssdm_op_SpecMemCore"/></StgValue>
</bind>
</comp>

<comp id="10" class="1001" name="const_10">
<pin_list>
<pin id="11" dir="1" index="0" bw="1" slack="2147483647"/>
</pin_list>
<bind>
<StgValue><ssdm name=""/></StgValue>
</bind>
</comp>

<comp id="12" class="1001" name="const_12">
<pin_list>
<pin id="13" dir="1" index="0" bw="1" slack="2147483647"/>
</pin_list>
<bind>
<StgValue><ssdm name=""/></StgValue>
</bind>
</comp>

<comp id="14" class="1001" name="const_14">
<pin_list>
<pin id="15" dir="1" index="0" bw="1" slack="2147483647"/>
</pin_list>
<bind>
<StgValue><ssdm name=""/></StgValue>
</bind>
</comp>

<comp id="16" class="1001" name="const_16">
<pin_list>
<pin id="17" dir="1" index="0" bw="1" slack="0"/>
</pin_list>
<bind>
<StgValue><ssdm name="_ssdm_op_Read.ap_auto.i6"/></StgValue>
</bind>
</comp>

<comp id="18" class="1001" name="const_18">
<pin_list>
<pin id="19" dir="1" index="0" bw="1" slack="0"/>
</pin_list>
<bind>
<StgValue><ssdm name=""/></StgValue>
</bind>
</comp>

<comp id="20" class="1001" name="const_20">
<pin_list>
<pin id="21" dir="1" index="0" bw="1" slack="0"/>
</pin_list>
<bind>
<StgValue><ssdm name=""/></StgValue>
</bind>
</comp>

<comp id="22" class="1001" name="const_22">
<pin_list>
<pin id="23" dir="1" index="0" bw="1" slack="0"/>
</pin_list>
<bind>
<StgValue><ssdm name=""/></StgValue>
</bind>
</comp>

<comp id="24" class="1001" name="const_24">
<pin_list>
<pin id="25" dir="1" index="0" bw="1" slack="0"/>
</pin_list>
<bind>
<StgValue><ssdm name=""/></StgValue>
</bind>
</comp>

<comp id="26" class="1001" name="const_26">
<pin_list>
<pin id="27" dir="1" index="0" bw="1" slack="2147483647"/>
</pin_list>
<bind>
<StgValue><ssdm name="_ssdm_op_SpecPipeline"/></StgValue>
</bind>
</comp>

<comp id="28" class="1001" name="const_28">
<pin_list>
<pin id="29" dir="1" index="0" bw="1" slack="2147483647"/>
</pin_list>
<bind>
<StgValue><ssdm name=""/></StgValue>
</bind>
</comp>

<comp id="30" class="1001" name="const_30">
<pin_list>
<pin id="31" dir="1" index="0" bw="1" slack="2147483647"/>
</pin_list>
<bind>
<StgValue><ssdm name="empty_418"/></StgValue>
</bind>
</comp>

<comp id="32" class="1001" name="const_32">
<pin_list>
<pin id="33" dir="1" index="0" bw="1" slack="2147483647"/>
</pin_list>
<bind>
<StgValue><ssdm name="_ssdm_op_SpecLoopTripCount"/></StgValue>
</bind>
</comp>

<comp id="34" class="1001" name="const_34">
<pin_list>
<pin id="35" dir="1" index="0" bw="1" slack="2147483647"/>
</pin_list>
<bind>
<StgValue><ssdm name=""/></StgValue>
</bind>
</comp>

<comp id="36" class="1001" name="const_36">
<pin_list>
<pin id="37" dir="1" index="0" bw="1" slack="2147483647"/>
</pin_list>
<bind>
<StgValue><ssdm name="_ssdm_op_SpecLoopName"/></StgValue>
</bind>
</comp>

<comp id="38" class="1001" name="const_38">
<pin_list>
<pin id="39" dir="1" index="0" bw="1" slack="2147483647"/>
</pin_list>
<bind>
<StgValue><ssdm name="empty_475"/></StgValue>
</bind>
</comp>

<comp id="40" class="1004" name="word_fu_40">
<pin_list>
<pin id="41" dir="0" index="0" bw="1" slack="0"/>
<pin id="42" dir="1" index="1" bw="4" slack="0"/>
</pin_list>
<bind>
<opcode="alloca(26) " fcode="alloca"/>
<opset="word/1 "/>
</bind>
</comp>

<comp id="44" class="1004" name="tmp_13_read_read_fu_44">
<pin_list>
<pin id="45" dir="0" index="0" bw="6" slack="0"/>
<pin id="46" dir="0" index="1" bw="6" slack="0"/>
<pin id="47" dir="1" index="2" bw="6" slack="0"/>
</pin_list>
<bind>
<opcode="read(1150) " fcode="read"/>
<opset="tmp_13_read/1 "/>
</bind>
</comp>

<comp id="50" class="1004" name="v_addr_gep_fu_50">
<pin_list>
<pin id="51" dir="0" index="0" bw="512" slack="0"/>
<pin id="52" dir="0" index="1" bw="1" slack="0"/>
<pin id="53" dir="0" index="2" bw="6" slack="0"/>
<pin id="54" dir="1" index="3" bw="6" slack="0"/>
</pin_list>
<bind>
<opcode="getelementptr(29) " fcode="getelementptr"/>
<opset="v_addr/1 "/>
</bind>
</comp>

<comp id="57" class="1004" name="grp_access_fu_57">
<pin_list>
<pin id="58" dir="0" index="0" bw="6" slack="0"/>
<pin id="59" dir="0" index="1" bw="512" slack="2147483647"/>
<pin id="60" dir="0" index="2" bw="0" slack="2147483647"/>
<pin id="61" dir="1" index="3" bw="512" slack="0"/>
</pin_list>
<bind>
<opcode="load(27) " fcode="load"/>
<opset="v_load/1 "/>
</bind>
</comp>

<comp id="63" class="1004" name="v_words_addr_gep_fu_63">
<pin_list>
<pin id="64" dir="0" index="0" bw="512" slack="0"/>
<pin id="65" dir="0" index="1" bw="1" slack="0"/>
<pin id="66" dir="0" index="2" bw="4" slack="0"/>
<pin id="67" dir="1" index="3" bw="3" slack="0"/>
</pin_list>
<bind>
<opcode="getelementptr(29) " fcode="getelementptr"/>
<opset="v_words_addr/2 "/>
</bind>
</comp>

<comp id="70" class="1004" name="store_ln1885_access_fu_70">
<pin_list>
<pin id="71" dir="0" index="0" bw="3" slack="0"/>
<pin id="72" dir="0" index="1" bw="512" slack="0"/>
<pin id="73" dir="0" index="2" bw="0" slack="2147483647"/>
<pin id="74" dir="1" index="3" bw="512" slack="2147483647"/>
</pin_list>
<bind>
<opcode="store(28) " fcode="store"/>
<opset="store_ln1885/2 "/>
</bind>
</comp>

<comp id="77" class="1004" name="store_ln1879_store_fu_77">
<pin_list>
<pin id="78" dir="0" index="0" bw="1" slack="0"/>
<pin id="79" dir="0" index="1" bw="4" slack="0"/>
<pin id="80" dir="1" index="2" bw="0" slack="2147483647"/>
</pin_list>
<bind>
<opcode="store(28) " fcode="store"/>
<opset="store_ln1879/1 "/>
</bind>
</comp>

<comp id="82" class="1004" name="word_2_load_fu_82">
<pin_list>
<pin id="83" dir="0" index="0" bw="4" slack="0"/>
<pin id="84" dir="1" index="1" bw="4" slack="0"/>
</pin_list>
<bind>
<opcode="load(27) " fcode="load"/>
<opset="word_2/1 "/>
</bind>
</comp>

<comp id="85" class="1004" name="icmp_ln1880_fu_85">
<pin_list>
<pin id="86" dir="0" index="0" bw="4" slack="0"/>
<pin id="87" dir="0" index="1" bw="4" slack="0"/>
<pin id="88" dir="1" index="2" bw="1" slack="2147483647"/>
</pin_list>
<bind>
<opcode="icmp(45) " fcode="icmp"/>
<opset="icmp_ln1880/1 "/>
</bind>
</comp>

<comp id="91" class="1004" name="add_ln1881_fu_91">
<pin_list>
<pin id="92" dir="0" index="0" bw="4" slack="0"/>
<pin id="93" dir="0" index="1" bw="1" slack="0"/>
<pin id="94" dir="1" index="2" bw="4" slack="0"/>
</pin_list>
<bind>
<opcode="add(8) " fcode="add"/>
<opset="add_ln1881/1 "/>
</bind>
</comp>

<comp id="97" class="1004" name="zext_ln1880_1_fu_97">
<pin_list>
<pin id="98" dir="0" index="0" bw="4" slack="0"/>
<pin id="99" dir="1" index="1" bw="6" slack="0"/>
</pin_list>
<bind>
<opcode="zext(34) " fcode="zext"/>
<opset="zext_ln1880_1/1 "/>
</bind>
</comp>

<comp id="101" class="1004" name="add_ln1884_fu_101">
<pin_list>
<pin id="102" dir="0" index="0" bw="6" slack="0"/>
<pin id="103" dir="0" index="1" bw="4" slack="0"/>
<pin id="104" dir="1" index="2" bw="6" slack="0"/>
</pin_list>
<bind>
<opcode="add(8) " fcode="add"/>
<opset="add_ln1884/1 "/>
</bind>
</comp>

<comp id="107" class="1004" name="zext_ln1885_fu_107">
<pin_list>
<pin id="108" dir="0" index="0" bw="6" slack="0"/>
<pin id="109" dir="1" index="1" bw="64" slack="0"/>
</pin_list>
<bind>
<opcode="zext(34) " fcode="zext"/>
<opset="zext_ln1885/1 "/>
</bind>
</comp>

<comp id="112" class="1004" name="store_ln1879_store_fu_112">
<pin_list>
<pin id="113" dir="0" index="0" bw="4" slack="0"/>
<pin id="114" dir="0" index="1" bw="4" slack="0"/>
<pin id="115" dir="1" index="2" bw="0" slack="2147483647"/>
</pin_list>
<bind>
<opcode="store(28) " fcode="store"/>
<opset="store_ln1879/1 "/>
</bind>
</comp>

<comp id="117" class="1004" name="zext_ln1880_fu_117">
<pin_list>
<pin id="118" dir="0" index="0" bw="4" slack="1"/>
<pin id="119" dir="1" index="1" bw="64" slack="0"/>
</pin_list>
<bind>
<opcode="zext(34) " fcode="zext"/>
<opset="zext_ln1880/2 "/>
</bind>
</comp>

<comp id="121" class="1005" name="word_reg_121">
<pin_list>
<pin id="122" dir="0" index="0" bw="4" slack="0"/>
<pin id="123" dir="1" index="1" bw="4" slack="0"/>
</pin_list>
<bind>
<opset="word "/>
</bind>
</comp>

<comp id="128" class="1005" name="word_2_reg_128">
<pin_list>
<pin id="129" dir="0" index="0" bw="4" slack="1"/>
<pin id="130" dir="1" index="1" bw="4" slack="1"/>
</pin_list>
<bind>
<opset="word_2 "/>
</bind>
</comp>

<comp id="136" class="1005" name="v_addr_reg_136">
<pin_list>
<pin id="137" dir="0" index="0" bw="6" slack="1"/>
<pin id="138" dir="1" index="1" bw="6" slack="1"/>
</pin_list>
<bind>
<opset="v_addr "/>
</bind>
</comp>

</comp_list>

<net_list>
<net id="43"><net_src comp="6" pin="0"/><net_sink comp="40" pin=0"/></net>

<net id="48"><net_src comp="16" pin="0"/><net_sink comp="44" pin=0"/></net>

<net id="49"><net_src comp="0" pin="0"/><net_sink comp="44" pin=1"/></net>

<net id="55"><net_src comp="2" pin="0"/><net_sink comp="50" pin=0"/></net>

<net id="56"><net_src comp="24" pin="0"/><net_sink comp="50" pin=1"/></net>

<net id="62"><net_src comp="50" pin="3"/><net_sink comp="57" pin=0"/></net>

<net id="68"><net_src comp="4" pin="0"/><net_sink comp="63" pin=0"/></net>

<net id="69"><net_src comp="24" pin="0"/><net_sink comp="63" pin=1"/></net>

<net id="75"><net_src comp="57" pin="3"/><net_sink comp="70" pin=1"/></net>

<net id="76"><net_src comp="63" pin="3"/><net_sink comp="70" pin=0"/></net>

<net id="81"><net_src comp="18" pin="0"/><net_sink comp="77" pin=0"/></net>

<net id="89"><net_src comp="82" pin="1"/><net_sink comp="85" pin=0"/></net>

<net id="90"><net_src comp="20" pin="0"/><net_sink comp="85" pin=1"/></net>

<net id="95"><net_src comp="82" pin="1"/><net_sink comp="91" pin=0"/></net>

<net id="96"><net_src comp="22" pin="0"/><net_sink comp="91" pin=1"/></net>

<net id="100"><net_src comp="82" pin="1"/><net_sink comp="97" pin=0"/></net>

<net id="105"><net_src comp="44" pin="2"/><net_sink comp="101" pin=0"/></net>

<net id="106"><net_src comp="97" pin="1"/><net_sink comp="101" pin=1"/></net>

<net id="110"><net_src comp="101" pin="2"/><net_sink comp="107" pin=0"/></net>

<net id="111"><net_src comp="107" pin="1"/><net_sink comp="50" pin=2"/></net>

<net id="116"><net_src comp="91" pin="2"/><net_sink comp="112" pin=0"/></net>

<net id="120"><net_src comp="117" pin="1"/><net_sink comp="63" pin=2"/></net>

<net id="124"><net_src comp="40" pin="1"/><net_sink comp="121" pin=0"/></net>

<net id="125"><net_src comp="121" pin="1"/><net_sink comp="77" pin=1"/></net>

<net id="126"><net_src comp="121" pin="1"/><net_sink comp="82" pin=0"/></net>

<net id="127"><net_src comp="121" pin="1"/><net_sink comp="112" pin=1"/></net>

<net id="131"><net_src comp="82" pin="1"/><net_sink comp="128" pin=0"/></net>

<net id="132"><net_src comp="128" pin="1"/><net_sink comp="117" pin=0"/></net>

<net id="139"><net_src comp="50" pin="3"/><net_sink comp="136" pin=0"/></net>

<net id="140"><net_src comp="136" pin="1"/><net_sink comp="57" pin=0"/></net>

</net_list>

</model> 
---------------- Datapath Model END ------------------

* FSMD analyzer results:
  - Output states:
	Port: v | {}
	Port: v_words | {2 }
 - Input state : 
	Port: swiftkv_run_bank_Pipeline_pe_load_v_word_loop : tmp_13 | {1 }
	Port: swiftkv_run_bank_Pipeline_pe_load_v_word_loop : v | {1 2 }
  - Chain level:
	State 1
		store_ln1879 : 1
		word_2 : 1
		icmp_ln1880 : 2
		add_ln1881 : 2
		br_ln1879 : 3
		zext_ln1880_1 : 2
		add_ln1884 : 3
		zext_ln1885 : 4
		v_addr : 5
		v_load : 6
		store_ln1879 : 3
	State 2
		v_words_addr : 1
		store_ln1885 : 2


============================================================
+ Verbose Summary: Datapath Resource usage 
============================================================

* Functional unit list:
|----------|------------------------|---------|---------|
| Operation|     Functional Unit    |    FF   |   LUT   |
|----------|------------------------|---------|---------|
|    add   |    add_ln1881_fu_91    |    0    |    12   |
|          |    add_ln1884_fu_101   |    0    |    13   |
|----------|------------------------|---------|---------|
|   icmp   |    icmp_ln1880_fu_85   |    0    |    12   |
|----------|------------------------|---------|---------|
|   read   | tmp_13_read_read_fu_44 |    0    |    0    |
|----------|------------------------|---------|---------|
|          |   zext_ln1880_1_fu_97  |    0    |    0    |
|   zext   |   zext_ln1885_fu_107   |    0    |    0    |
|          |   zext_ln1880_fu_117   |    0    |    0    |
|----------|------------------------|---------|---------|
|   Total  |                        |    0    |    37   |
|----------|------------------------|---------|---------|

Memories:
N/A

* Register list:
+--------------+--------+
|              |   FF   |
+--------------+--------+
|v_addr_reg_136|    6   |
|word_2_reg_128|    4   |
| word_reg_121 |    4   |
+--------------+--------+
|     Total    |   14   |
+--------------+--------+

* Multiplexer (MUX) list: 
|------------------|------|------|------|--------||---------||---------|
|       Comp       |  Pin | Size |  BW  | S x BW ||  Delay  ||   LUT   |
|------------------|------|------|------|--------||---------||---------|
| grp_access_fu_57 |  p0  |   2  |   6  |   12   ||    9    |
|------------------|------|------|------|--------||---------||---------|
|       Total      |      |      |      |   12   ||  0.387  ||    9    |
|------------------|------|------|------|--------||---------||---------|



* Summary:
+-----------+--------+--------+--------+
|           |  Delay |   FF   |   LUT  |
+-----------+--------+--------+--------+
|  Function |    -   |    0   |   37   |
|   Memory  |    -   |    -   |    -   |
|Multiplexer|    0   |    -   |    9   |
|  Register |    -   |   14   |    -   |
+-----------+--------+--------+--------+
|   Total   |    0   |   14   |   46   |
+-----------+--------+--------+--------+
