

================================================================
== Vitis HLS Report for 'swiftkv_update_values_and_quantize_Pipeline_attention_normalize_lane_loop'
================================================================
* Date:           Tue Aug 11 09:17:00 2026

* Version:        2023.2 (Build 4023990 on Oct 11 2023)
* Project:        proj_int4_decoder_xo
* Solution:       solution1 (Vitis Kernel Flow Target)
* Product family: virtexuplus
* Target device:  xcu250-figd2104-2L-e


================================================================
== Performance Estimates
================================================================
+ Timing: 
    * Summary: 
    +--------+---------+----------+------------+
    |  Clock |  Target | Estimated| Uncertainty|
    +--------+---------+----------+------------+
    |ap_clk  |  3.33 ns|  2.396 ns|     0.90 ns|
    +--------+---------+----------+------------+

+ Latency: 
    * Summary: 
    +---------+---------+----------+----------+-----+-----+---------+
    |  Latency (cycles) |  Latency (absolute) |  Interval | Pipeline|
    |   min   |   max   |    min   |    max   | min | max |   Type  |
    +---------+---------+----------+----------+-----+-----+---------+
    |       41|       41|  0.137 us|  0.137 us|   41|   41|       no|
    +---------+---------+----------+----------+-----+-----+---------+

    + Detail: 
        * Instance: 
        N/A

        * Loop: 
        +---------------------------------+---------+---------+----------+-----------+-----------+------+----------+
        |                                 |  Latency (cycles) | Iteration|  Initiation Interval  | Trip |          |
        |            Loop Name            |   min   |   max   |  Latency |  achieved |   target  | Count| Pipelined|
        +---------------------------------+---------+---------+----------+-----------+-----------+------+----------+
        |- attention_normalize_lane_loop  |       39|       39|         9|          1|          1|    32|       yes|
        +---------------------------------+---------+---------+----------+-----------+-----------+------+----------+

============================================================
+ Verbose Summary: Synthesis Manager
============================================================
InlineROM: 1
ExposeGlobal: 0
============================================================
+ Verbose Summary: CDFG Model
============================================================
IsTopModel: 0
ResetActiveHigh: 1
IsCombinational: 0
IsDatapathOnly: 0
HasWiredReturn: 1
HasMFsm: 2
HasVarLatency: 1
IsPipeline: 0
IsRtlPipelined: 0
IsInstanceOverlapped: 0
IsDontTouch: 0
HasImplIP: 0
IsGatedGlobalClock: 0

+ Individual pipeline summary: 
  * Pipeline-0: initiation interval (II) = 1, depth = 9


============================================================
+ Verbose Summary: Schedule
============================================================
* Number of FSM states : 9
* Pipeline : 1
  Pipeline-0 : II = 1, D = 9, States = { 1 2 3 4 5 6 7 8 9 }
* Dataflow Pipeline: 0

* FSM state transitions: 
1 --> 2 
2 --> 3 
3 --> 4 
4 --> 5 
5 --> 6 
6 --> 7 
7 --> 8 
8 --> 9 
9 --> 

* FSM state operations: 

State 1 <SV = 0> <Delay = 1.58>
ST_1 : Operation 12 [1/1] (0.00ns)   --->   "%max_abs = alloca i32 1" [source/swiftkv_attention.cpp:1491]   --->   Operation 12 'alloca' 'max_abs' <Predicate = true> <Delay = 0.00>
ST_1 : Operation 13 [1/1] (0.00ns)   --->   "%lane = alloca i32 1" [source/swiftkv_attention.cpp:1494]   --->   Operation 13 'alloca' 'lane' <Predicate = true> <Delay = 0.00>
ST_1 : Operation 14 [1/1] (0.00ns)   --->   "%tmp = read i2 @_ssdm_op_Read.ap_auto.i2, i2 %empty"   --->   Operation 14 'read' 'tmp' <Predicate = true> <Delay = 0.00>
ST_1 : Operation 15 [1/1] (0.00ns)   --->   "%sext_ln1488_read = read i32 @_ssdm_op_Read.ap_auto.i32, i32 %sext_ln1488"   --->   Operation 15 'read' 'sext_ln1488_read' <Predicate = true> <Delay = 0.00>
ST_1 : Operation 16 [1/1] (0.00ns)   --->   "%sext_ln1488_cast = sext i32 %sext_ln1488_read"   --->   Operation 16 'sext' 'sext_ln1488_cast' <Predicate = true> <Delay = 0.00>
ST_1 : Operation 17 [1/1] (0.00ns)   --->   "%specmemcore_ln0 = specmemcore void @_ssdm_op_SpecMemCore, i32 %attention_group, i64 666, i64 18, i64 18446744073709551615"   --->   Operation 17 'specmemcore' 'specmemcore_ln0' <Predicate = true> <Delay = 0.00>
ST_1 : Operation 18 [1/1] (0.00ns)   --->   "%specmemcore_ln0 = specmemcore void @_ssdm_op_SpecMemCore, i32 %weighted_value_engine3, i64 666, i64 22, i64 1"   --->   Operation 18 'specmemcore' 'specmemcore_ln0' <Predicate = true> <Delay = 0.00>
ST_1 : Operation 19 [1/1] (0.00ns)   --->   "%specmemcore_ln0 = specmemcore void @_ssdm_op_SpecMemCore, i32 %weighted_value_engine3_1, i64 666, i64 22, i64 1"   --->   Operation 19 'specmemcore' 'specmemcore_ln0' <Predicate = true> <Delay = 0.00>
ST_1 : Operation 20 [1/1] (0.00ns)   --->   "%specmemcore_ln0 = specmemcore void @_ssdm_op_SpecMemCore, i32 %weighted_value_engine3_2, i64 666, i64 22, i64 1"   --->   Operation 20 'specmemcore' 'specmemcore_ln0' <Predicate = true> <Delay = 0.00>
ST_1 : Operation 21 [1/1] (0.00ns)   --->   "%specmemcore_ln0 = specmemcore void @_ssdm_op_SpecMemCore, i32 %weighted_value_engine3_3, i64 666, i64 22, i64 1"   --->   Operation 21 'specmemcore' 'specmemcore_ln0' <Predicate = true> <Delay = 0.00>
ST_1 : Operation 22 [1/1] (0.00ns)   --->   "%specmemcore_ln0 = specmemcore void @_ssdm_op_SpecMemCore, i32 %weighted_value_engine2, i64 666, i64 22, i64 1"   --->   Operation 22 'specmemcore' 'specmemcore_ln0' <Predicate = true> <Delay = 0.00>
ST_1 : Operation 23 [1/1] (0.00ns)   --->   "%specmemcore_ln0 = specmemcore void @_ssdm_op_SpecMemCore, i32 %weighted_value_engine2_1, i64 666, i64 22, i64 1"   --->   Operation 23 'specmemcore' 'specmemcore_ln0' <Predicate = true> <Delay = 0.00>
ST_1 : Operation 24 [1/1] (0.00ns)   --->   "%specmemcore_ln0 = specmemcore void @_ssdm_op_SpecMemCore, i32 %weighted_value_engine2_2, i64 666, i64 22, i64 1"   --->   Operation 24 'specmemcore' 'specmemcore_ln0' <Predicate = true> <Delay = 0.00>
ST_1 : Operation 25 [1/1] (0.00ns)   --->   "%specmemcore_ln0 = specmemcore void @_ssdm_op_SpecMemCore, i32 %weighted_value_engine2_3, i64 666, i64 22, i64 1"   --->   Operation 25 'specmemcore' 'specmemcore_ln0' <Predicate = true> <Delay = 0.00>
ST_1 : Operation 26 [1/1] (0.00ns)   --->   "%specmemcore_ln0 = specmemcore void @_ssdm_op_SpecMemCore, i32 %weighted_value_engine1, i64 666, i64 22, i64 1"   --->   Operation 26 'specmemcore' 'specmemcore_ln0' <Predicate = true> <Delay = 0.00>
ST_1 : Operation 27 [1/1] (0.00ns)   --->   "%specmemcore_ln0 = specmemcore void @_ssdm_op_SpecMemCore, i32 %weighted_value_engine1_1, i64 666, i64 22, i64 1"   --->   Operation 27 'specmemcore' 'specmemcore_ln0' <Predicate = true> <Delay = 0.00>
ST_1 : Operation 28 [1/1] (0.00ns)   --->   "%specmemcore_ln0 = specmemcore void @_ssdm_op_SpecMemCore, i32 %weighted_value_engine1_2, i64 666, i64 22, i64 1"   --->   Operation 28 'specmemcore' 'specmemcore_ln0' <Predicate = true> <Delay = 0.00>
ST_1 : Operation 29 [1/1] (0.00ns)   --->   "%specmemcore_ln0 = specmemcore void @_ssdm_op_SpecMemCore, i32 %weighted_value_engine1_3, i64 666, i64 22, i64 1"   --->   Operation 29 'specmemcore' 'specmemcore_ln0' <Predicate = true> <Delay = 0.00>
ST_1 : Operation 30 [1/1] (0.00ns)   --->   "%specmemcore_ln0 = specmemcore void @_ssdm_op_SpecMemCore, i32 %weighted_value_engine0, i64 666, i64 22, i64 1"   --->   Operation 30 'specmemcore' 'specmemcore_ln0' <Predicate = true> <Delay = 0.00>
ST_1 : Operation 31 [1/1] (0.00ns)   --->   "%specmemcore_ln0 = specmemcore void @_ssdm_op_SpecMemCore, i32 %weighted_value_engine0_1, i64 666, i64 22, i64 1"   --->   Operation 31 'specmemcore' 'specmemcore_ln0' <Predicate = true> <Delay = 0.00>
ST_1 : Operation 32 [1/1] (0.00ns)   --->   "%specmemcore_ln0 = specmemcore void @_ssdm_op_SpecMemCore, i32 %weighted_value_engine0_2, i64 666, i64 22, i64 1"   --->   Operation 32 'specmemcore' 'specmemcore_ln0' <Predicate = true> <Delay = 0.00>
ST_1 : Operation 33 [1/1] (0.00ns)   --->   "%specmemcore_ln0 = specmemcore void @_ssdm_op_SpecMemCore, i32 %weighted_value_engine0_3, i64 666, i64 22, i64 1"   --->   Operation 33 'specmemcore' 'specmemcore_ln0' <Predicate = true> <Delay = 0.00>
ST_1 : Operation 34 [1/1] (0.38ns)   --->   "%store_ln1494 = store i6 0, i6 %lane" [source/swiftkv_attention.cpp:1494]   --->   Operation 34 'store' 'store_ln1494' <Predicate = true> <Delay = 0.38>
ST_1 : Operation 35 [1/1] (0.38ns)   --->   "%store_ln1491 = store i32 0, i32 %max_abs" [source/swiftkv_attention.cpp:1491]   --->   Operation 35 'store' 'store_ln1491' <Predicate = true> <Delay = 0.38>
ST_1 : Operation 36 [1/1] (0.00ns)   --->   "%br_ln0 = br void %for.body7"   --->   Operation 36 'br' 'br_ln0' <Predicate = true> <Delay = 0.00>
ST_1 : Operation 37 [1/1] (0.00ns)   --->   "%lane_2 = load i6 %lane"   --->   Operation 37 'load' 'lane_2' <Predicate = true> <Delay = 0.00>
ST_1 : Operation 38 [1/1] (0.70ns)   --->   "%icmp_ln1494 = icmp_eq  i6 %lane_2, i6 32" [source/swiftkv_attention.cpp:1494]   --->   Operation 38 'icmp' 'icmp_ln1494' <Predicate = true> <Delay = 0.70> <CoreInst = "Cmp">   --->   Core 9 'Cmp' <Latency = 0> <II = 1> <Delay = 0.70> <FuncUnit> <Opcode : 'icmp'> <InPorts = 2> <OutPorts = 1>
ST_1 : Operation 39 [1/1] (0.70ns)   --->   "%add_ln1494 = add i6 %lane_2, i6 1" [source/swiftkv_attention.cpp:1494]   --->   Operation 39 'add' 'add_ln1494' <Predicate = true> <Delay = 0.70> <CoreInst = "Adder">   --->   Core 1 'Adder' <Latency = 0> <II = 1> <Delay = 0.70> <FuncUnit> <Opcode : 'add' 'sub'> <InPorts = 2> <OutPorts = 1>
ST_1 : Operation 40 [1/1] (0.00ns)   --->   "%br_ln1494 = br i1 %icmp_ln1494, void %for.body7.split, void %for.end_ifconv.exitStub" [source/swiftkv_attention.cpp:1494]   --->   Operation 40 'br' 'br_ln1494' <Predicate = true> <Delay = 0.00>
ST_1 : Operation 41 [1/1] (0.00ns)   --->   "%tmp_17 = bitselect i1 @_ssdm_op_BitSelect.i1.i6.i32, i6 %lane_2, i32 4"   --->   Operation 41 'bitselect' 'tmp_17' <Predicate = (!icmp_ln1494)> <Delay = 0.00>
ST_1 : Operation 42 [1/1] (0.00ns)   --->   "%update_phase = bitconcatenate i3 @_ssdm_op_BitConcatenate.i3.i2.i1, i2 %tmp, i1 %tmp_17"   --->   Operation 42 'bitconcatenate' 'update_phase' <Predicate = (!icmp_ln1494)> <Delay = 0.00>
ST_1 : Operation 43 [1/1] (0.00ns)   --->   "%update_engine = partselect i2 @_ssdm_op_PartSelect.i2.i6.i32.i32, i6 %lane_2, i32 2, i32 3" [source/swiftkv_attention.cpp:1500]   --->   Operation 43 'partselect' 'update_engine' <Predicate = (!icmp_ln1494)> <Delay = 0.00>
ST_1 : Operation 44 [1/1] (0.00ns)   --->   "%zext_ln1501 = zext i3 %update_phase" [source/swiftkv_attention.cpp:1501]   --->   Operation 44 'zext' 'zext_ln1501' <Predicate = (!icmp_ln1494)> <Delay = 0.00>
ST_1 : Operation 45 [1/1] (0.66ns)   --->   "%switch_ln1506 = switch i2 %update_engine, void %if.else22, i2 0, void %if.then, i2 1, void %if.then14, i2 2, void %if.then19" [source/swiftkv_attention.cpp:1506]   --->   Operation 45 'switch' 'switch_ln1506' <Predicate = (!icmp_ln1494)> <Delay = 0.66>
ST_1 : Operation 46 [1/1] (0.00ns)   --->   "%weighted_value_engine2_addr = getelementptr i32 %weighted_value_engine2, i64 0, i64 %zext_ln1501" [source/swiftkv_attention.cpp:1511]   --->   Operation 46 'getelementptr' 'weighted_value_engine2_addr' <Predicate = (!icmp_ln1494 & update_engine == 2)> <Delay = 0.00>
ST_1 : Operation 47 [1/1] (0.00ns)   --->   "%weighted_value_engine2_1_addr = getelementptr i32 %weighted_value_engine2_1, i64 0, i64 %zext_ln1501" [source/swiftkv_attention.cpp:1511]   --->   Operation 47 'getelementptr' 'weighted_value_engine2_1_addr' <Predicate = (!icmp_ln1494 & update_engine == 2)> <Delay = 0.00>
ST_1 : Operation 48 [1/1] (0.00ns)   --->   "%weighted_value_engine2_2_addr = getelementptr i32 %weighted_value_engine2_2, i64 0, i64 %zext_ln1501" [source/swiftkv_attention.cpp:1511]   --->   Operation 48 'getelementptr' 'weighted_value_engine2_2_addr' <Predicate = (!icmp_ln1494 & update_engine == 2)> <Delay = 0.00>
ST_1 : Operation 49 [1/1] (0.00ns)   --->   "%weighted_value_engine2_3_addr = getelementptr i32 %weighted_value_engine2_3, i64 0, i64 %zext_ln1501" [source/swiftkv_attention.cpp:1511]   --->   Operation 49 'getelementptr' 'weighted_value_engine2_3_addr' <Predicate = (!icmp_ln1494 & update_engine == 2)> <Delay = 0.00>
ST_1 : Operation 50 [2/2] (1.19ns)   --->   "%weighted_value_engine2_load = load i3 %weighted_value_engine2_addr" [source/swiftkv_attention.cpp:1511]   --->   Operation 50 'load' 'weighted_value_engine2_load' <Predicate = (!icmp_ln1494 & update_engine == 2)> <Delay = 1.19> <CoreInst = "RAM_2P_BRAM">   --->   Core 94 'RAM_2P_BRAM' <Latency = 1> <II = 1> <Delay = 1.19> <Storage> <Opcode : 'load' 'store'> <Ports = 2> <Width = 32> <Depth = 8> <RAM>
ST_1 : Operation 51 [2/2] (1.19ns)   --->   "%weighted_value_engine2_1_load = load i3 %weighted_value_engine2_1_addr" [source/swiftkv_attention.cpp:1511]   --->   Operation 51 'load' 'weighted_value_engine2_1_load' <Predicate = (!icmp_ln1494 & update_engine == 2)> <Delay = 1.19> <CoreInst = "RAM_2P_BRAM">   --->   Core 94 'RAM_2P_BRAM' <Latency = 1> <II = 1> <Delay = 1.19> <Storage> <Opcode : 'load' 'store'> <Ports = 2> <Width = 32> <Depth = 8> <RAM>
ST_1 : Operation 52 [2/2] (1.19ns)   --->   "%weighted_value_engine2_2_load = load i3 %weighted_value_engine2_2_addr" [source/swiftkv_attention.cpp:1511]   --->   Operation 52 'load' 'weighted_value_engine2_2_load' <Predicate = (!icmp_ln1494 & update_engine == 2)> <Delay = 1.19> <CoreInst = "RAM_2P_BRAM">   --->   Core 94 'RAM_2P_BRAM' <Latency = 1> <II = 1> <Delay = 1.19> <Storage> <Opcode : 'load' 'store'> <Ports = 2> <Width = 32> <Depth = 8> <RAM>
ST_1 : Operation 53 [2/2] (1.19ns)   --->   "%weighted_value_engine2_3_load = load i3 %weighted_value_engine2_3_addr" [source/swiftkv_attention.cpp:1511]   --->   Operation 53 'load' 'weighted_value_engine2_3_load' <Predicate = (!icmp_ln1494 & update_engine == 2)> <Delay = 1.19> <CoreInst = "RAM_2P_BRAM">   --->   Core 94 'RAM_2P_BRAM' <Latency = 1> <II = 1> <Delay = 1.19> <Storage> <Opcode : 'load' 'store'> <Ports = 2> <Width = 32> <Depth = 8> <RAM>
ST_1 : Operation 54 [1/1] (0.00ns)   --->   "%weighted_value_engine1_addr = getelementptr i32 %weighted_value_engine1, i64 0, i64 %zext_ln1501" [source/swiftkv_attention.cpp:1509]   --->   Operation 54 'getelementptr' 'weighted_value_engine1_addr' <Predicate = (!icmp_ln1494 & update_engine == 1)> <Delay = 0.00>
ST_1 : Operation 55 [1/1] (0.00ns)   --->   "%weighted_value_engine1_1_addr = getelementptr i32 %weighted_value_engine1_1, i64 0, i64 %zext_ln1501" [source/swiftkv_attention.cpp:1509]   --->   Operation 55 'getelementptr' 'weighted_value_engine1_1_addr' <Predicate = (!icmp_ln1494 & update_engine == 1)> <Delay = 0.00>
ST_1 : Operation 56 [1/1] (0.00ns)   --->   "%weighted_value_engine1_2_addr = getelementptr i32 %weighted_value_engine1_2, i64 0, i64 %zext_ln1501" [source/swiftkv_attention.cpp:1509]   --->   Operation 56 'getelementptr' 'weighted_value_engine1_2_addr' <Predicate = (!icmp_ln1494 & update_engine == 1)> <Delay = 0.00>
ST_1 : Operation 57 [1/1] (0.00ns)   --->   "%weighted_value_engine1_3_addr = getelementptr i32 %weighted_value_engine1_3, i64 0, i64 %zext_ln1501" [source/swiftkv_attention.cpp:1509]   --->   Operation 57 'getelementptr' 'weighted_value_engine1_3_addr' <Predicate = (!icmp_ln1494 & update_engine == 1)> <Delay = 0.00>
ST_1 : Operation 58 [2/2] (1.19ns)   --->   "%weighted_value_engine1_load = load i3 %weighted_value_engine1_addr" [source/swiftkv_attention.cpp:1509]   --->   Operation 58 'load' 'weighted_value_engine1_load' <Predicate = (!icmp_ln1494 & update_engine == 1)> <Delay = 1.19> <CoreInst = "RAM_2P_BRAM">   --->   Core 94 'RAM_2P_BRAM' <Latency = 1> <II = 1> <Delay = 1.19> <Storage> <Opcode : 'load' 'store'> <Ports = 2> <Width = 32> <Depth = 8> <RAM>
ST_1 : Operation 59 [2/2] (1.19ns)   --->   "%weighted_value_engine1_1_load = load i3 %weighted_value_engine1_1_addr" [source/swiftkv_attention.cpp:1509]   --->   Operation 59 'load' 'weighted_value_engine1_1_load' <Predicate = (!icmp_ln1494 & update_engine == 1)> <Delay = 1.19> <CoreInst = "RAM_2P_BRAM">   --->   Core 94 'RAM_2P_BRAM' <Latency = 1> <II = 1> <Delay = 1.19> <Storage> <Opcode : 'load' 'store'> <Ports = 2> <Width = 32> <Depth = 8> <RAM>
ST_1 : Operation 60 [2/2] (1.19ns)   --->   "%weighted_value_engine1_2_load = load i3 %weighted_value_engine1_2_addr" [source/swiftkv_attention.cpp:1509]   --->   Operation 60 'load' 'weighted_value_engine1_2_load' <Predicate = (!icmp_ln1494 & update_engine == 1)> <Delay = 1.19> <CoreInst = "RAM_2P_BRAM">   --->   Core 94 'RAM_2P_BRAM' <Latency = 1> <II = 1> <Delay = 1.19> <Storage> <Opcode : 'load' 'store'> <Ports = 2> <Width = 32> <Depth = 8> <RAM>
ST_1 : Operation 61 [2/2] (1.19ns)   --->   "%weighted_value_engine1_3_load = load i3 %weighted_value_engine1_3_addr" [source/swiftkv_attention.cpp:1509]   --->   Operation 61 'load' 'weighted_value_engine1_3_load' <Predicate = (!icmp_ln1494 & update_engine == 1)> <Delay = 1.19> <CoreInst = "RAM_2P_BRAM">   --->   Core 94 'RAM_2P_BRAM' <Latency = 1> <II = 1> <Delay = 1.19> <Storage> <Opcode : 'load' 'store'> <Ports = 2> <Width = 32> <Depth = 8> <RAM>
ST_1 : Operation 62 [1/1] (0.00ns)   --->   "%weighted_value_engine0_addr = getelementptr i32 %weighted_value_engine0, i64 0, i64 %zext_ln1501" [source/swiftkv_attention.cpp:1507]   --->   Operation 62 'getelementptr' 'weighted_value_engine0_addr' <Predicate = (!icmp_ln1494 & update_engine == 0)> <Delay = 0.00>
ST_1 : Operation 63 [1/1] (0.00ns)   --->   "%weighted_value_engine0_1_addr = getelementptr i32 %weighted_value_engine0_1, i64 0, i64 %zext_ln1501" [source/swiftkv_attention.cpp:1507]   --->   Operation 63 'getelementptr' 'weighted_value_engine0_1_addr' <Predicate = (!icmp_ln1494 & update_engine == 0)> <Delay = 0.00>
ST_1 : Operation 64 [1/1] (0.00ns)   --->   "%weighted_value_engine0_2_addr = getelementptr i32 %weighted_value_engine0_2, i64 0, i64 %zext_ln1501" [source/swiftkv_attention.cpp:1507]   --->   Operation 64 'getelementptr' 'weighted_value_engine0_2_addr' <Predicate = (!icmp_ln1494 & update_engine == 0)> <Delay = 0.00>
ST_1 : Operation 65 [1/1] (0.00ns)   --->   "%weighted_value_engine0_3_addr = getelementptr i32 %weighted_value_engine0_3, i64 0, i64 %zext_ln1501" [source/swiftkv_attention.cpp:1507]   --->   Operation 65 'getelementptr' 'weighted_value_engine0_3_addr' <Predicate = (!icmp_ln1494 & update_engine == 0)> <Delay = 0.00>
ST_1 : Operation 66 [2/2] (1.19ns)   --->   "%weighted_value_engine0_load = load i3 %weighted_value_engine0_addr" [source/swiftkv_attention.cpp:1507]   --->   Operation 66 'load' 'weighted_value_engine0_load' <Predicate = (!icmp_ln1494 & update_engine == 0)> <Delay = 1.19> <CoreInst = "RAM_2P_BRAM">   --->   Core 94 'RAM_2P_BRAM' <Latency = 1> <II = 1> <Delay = 1.19> <Storage> <Opcode : 'load' 'store'> <Ports = 2> <Width = 32> <Depth = 8> <RAM>
ST_1 : Operation 67 [2/2] (1.19ns)   --->   "%weighted_value_engine0_1_load = load i3 %weighted_value_engine0_1_addr" [source/swiftkv_attention.cpp:1507]   --->   Operation 67 'load' 'weighted_value_engine0_1_load' <Predicate = (!icmp_ln1494 & update_engine == 0)> <Delay = 1.19> <CoreInst = "RAM_2P_BRAM">   --->   Core 94 'RAM_2P_BRAM' <Latency = 1> <II = 1> <Delay = 1.19> <Storage> <Opcode : 'load' 'store'> <Ports = 2> <Width = 32> <Depth = 8> <RAM>
ST_1 : Operation 68 [2/2] (1.19ns)   --->   "%weighted_value_engine0_2_load = load i3 %weighted_value_engine0_2_addr" [source/swiftkv_attention.cpp:1507]   --->   Operation 68 'load' 'weighted_value_engine0_2_load' <Predicate = (!icmp_ln1494 & update_engine == 0)> <Delay = 1.19> <CoreInst = "RAM_2P_BRAM">   --->   Core 94 'RAM_2P_BRAM' <Latency = 1> <II = 1> <Delay = 1.19> <Storage> <Opcode : 'load' 'store'> <Ports = 2> <Width = 32> <Depth = 8> <RAM>
ST_1 : Operation 69 [2/2] (1.19ns)   --->   "%weighted_value_engine0_3_load = load i3 %weighted_value_engine0_3_addr" [source/swiftkv_attention.cpp:1507]   --->   Operation 69 'load' 'weighted_value_engine0_3_load' <Predicate = (!icmp_ln1494 & update_engine == 0)> <Delay = 1.19> <CoreInst = "RAM_2P_BRAM">   --->   Core 94 'RAM_2P_BRAM' <Latency = 1> <II = 1> <Delay = 1.19> <Storage> <Opcode : 'load' 'store'> <Ports = 2> <Width = 32> <Depth = 8> <RAM>
ST_1 : Operation 70 [1/1] (0.00ns)   --->   "%weighted_value_engine3_addr = getelementptr i32 %weighted_value_engine3, i64 0, i64 %zext_ln1501" [source/swiftkv_attention.cpp:1513]   --->   Operation 70 'getelementptr' 'weighted_value_engine3_addr' <Predicate = (!icmp_ln1494 & update_engine == 3)> <Delay = 0.00>
ST_1 : Operation 71 [1/1] (0.00ns)   --->   "%weighted_value_engine3_1_addr = getelementptr i32 %weighted_value_engine3_1, i64 0, i64 %zext_ln1501" [source/swiftkv_attention.cpp:1513]   --->   Operation 71 'getelementptr' 'weighted_value_engine3_1_addr' <Predicate = (!icmp_ln1494 & update_engine == 3)> <Delay = 0.00>
ST_1 : Operation 72 [1/1] (0.00ns)   --->   "%weighted_value_engine3_2_addr = getelementptr i32 %weighted_value_engine3_2, i64 0, i64 %zext_ln1501" [source/swiftkv_attention.cpp:1513]   --->   Operation 72 'getelementptr' 'weighted_value_engine3_2_addr' <Predicate = (!icmp_ln1494 & update_engine == 3)> <Delay = 0.00>
ST_1 : Operation 73 [1/1] (0.00ns)   --->   "%weighted_value_engine3_3_addr = getelementptr i32 %weighted_value_engine3_3, i64 0, i64 %zext_ln1501" [source/swiftkv_attention.cpp:1513]   --->   Operation 73 'getelementptr' 'weighted_value_engine3_3_addr' <Predicate = (!icmp_ln1494 & update_engine == 3)> <Delay = 0.00>
ST_1 : Operation 74 [2/2] (1.19ns)   --->   "%weighted_value_engine3_load = load i3 %weighted_value_engine3_addr" [source/swiftkv_attention.cpp:1513]   --->   Operation 74 'load' 'weighted_value_engine3_load' <Predicate = (!icmp_ln1494 & update_engine == 3)> <Delay = 1.19> <CoreInst = "RAM_2P_BRAM">   --->   Core 94 'RAM_2P_BRAM' <Latency = 1> <II = 1> <Delay = 1.19> <Storage> <Opcode : 'load' 'store'> <Ports = 2> <Width = 32> <Depth = 8> <RAM>
ST_1 : Operation 75 [2/2] (1.19ns)   --->   "%weighted_value_engine3_1_load = load i3 %weighted_value_engine3_1_addr" [source/swiftkv_attention.cpp:1513]   --->   Operation 75 'load' 'weighted_value_engine3_1_load' <Predicate = (!icmp_ln1494 & update_engine == 3)> <Delay = 1.19> <CoreInst = "RAM_2P_BRAM">   --->   Core 94 'RAM_2P_BRAM' <Latency = 1> <II = 1> <Delay = 1.19> <Storage> <Opcode : 'load' 'store'> <Ports = 2> <Width = 32> <Depth = 8> <RAM>
ST_1 : Operation 76 [2/2] (1.19ns)   --->   "%weighted_value_engine3_2_load = load i3 %weighted_value_engine3_2_addr" [source/swiftkv_attention.cpp:1513]   --->   Operation 76 'load' 'weighted_value_engine3_2_load' <Predicate = (!icmp_ln1494 & update_engine == 3)> <Delay = 1.19> <CoreInst = "RAM_2P_BRAM">   --->   Core 94 'RAM_2P_BRAM' <Latency = 1> <II = 1> <Delay = 1.19> <Storage> <Opcode : 'load' 'store'> <Ports = 2> <Width = 32> <Depth = 8> <RAM>
ST_1 : Operation 77 [2/2] (1.19ns)   --->   "%weighted_value_engine3_3_load = load i3 %weighted_value_engine3_3_addr" [source/swiftkv_attention.cpp:1513]   --->   Operation 77 'load' 'weighted_value_engine3_3_load' <Predicate = (!icmp_ln1494 & update_engine == 3)> <Delay = 1.19> <CoreInst = "RAM_2P_BRAM">   --->   Core 94 'RAM_2P_BRAM' <Latency = 1> <II = 1> <Delay = 1.19> <Storage> <Opcode : 'load' 'store'> <Ports = 2> <Width = 32> <Depth = 8> <RAM>
ST_1 : Operation 78 [1/1] (0.38ns)   --->   "%store_ln1494 = store i6 %add_ln1494, i6 %lane" [source/swiftkv_attention.cpp:1494]   --->   Operation 78 'store' 'store_ln1494' <Predicate = (!icmp_ln1494)> <Delay = 0.38>

State 2 <SV = 1> <Delay = 2.10>
ST_2 : Operation 79 [1/1] (0.00ns)   --->   "%empty_703 = trunc i6 %lane_2"   --->   Operation 79 'trunc' 'empty_703' <Predicate = (!icmp_ln1494)> <Delay = 0.00>
ST_2 : Operation 80 [1/2] (1.19ns)   --->   "%weighted_value_engine2_load = load i3 %weighted_value_engine2_addr" [source/swiftkv_attention.cpp:1511]   --->   Operation 80 'load' 'weighted_value_engine2_load' <Predicate = (!icmp_ln1494 & update_engine == 2)> <Delay = 1.19> <CoreInst = "RAM_2P_BRAM">   --->   Core 94 'RAM_2P_BRAM' <Latency = 1> <II = 1> <Delay = 1.19> <Storage> <Opcode : 'load' 'store'> <Ports = 2> <Width = 32> <Depth = 8> <RAM>
ST_2 : Operation 81 [1/2] (1.19ns)   --->   "%weighted_value_engine2_1_load = load i3 %weighted_value_engine2_1_addr" [source/swiftkv_attention.cpp:1511]   --->   Operation 81 'load' 'weighted_value_engine2_1_load' <Predicate = (!icmp_ln1494 & update_engine == 2)> <Delay = 1.19> <CoreInst = "RAM_2P_BRAM">   --->   Core 94 'RAM_2P_BRAM' <Latency = 1> <II = 1> <Delay = 1.19> <Storage> <Opcode : 'load' 'store'> <Ports = 2> <Width = 32> <Depth = 8> <RAM>
ST_2 : Operation 82 [1/2] (1.19ns)   --->   "%weighted_value_engine2_2_load = load i3 %weighted_value_engine2_2_addr" [source/swiftkv_attention.cpp:1511]   --->   Operation 82 'load' 'weighted_value_engine2_2_load' <Predicate = (!icmp_ln1494 & update_engine == 2)> <Delay = 1.19> <CoreInst = "RAM_2P_BRAM">   --->   Core 94 'RAM_2P_BRAM' <Latency = 1> <II = 1> <Delay = 1.19> <Storage> <Opcode : 'load' 'store'> <Ports = 2> <Width = 32> <Depth = 8> <RAM>
ST_2 : Operation 83 [1/2] (1.19ns)   --->   "%weighted_value_engine2_3_load = load i3 %weighted_value_engine2_3_addr" [source/swiftkv_attention.cpp:1511]   --->   Operation 83 'load' 'weighted_value_engine2_3_load' <Predicate = (!icmp_ln1494 & update_engine == 2)> <Delay = 1.19> <CoreInst = "RAM_2P_BRAM">   --->   Core 94 'RAM_2P_BRAM' <Latency = 1> <II = 1> <Delay = 1.19> <Storage> <Opcode : 'load' 'store'> <Ports = 2> <Width = 32> <Depth = 8> <RAM>
ST_2 : Operation 84 [1/1] (0.45ns)   --->   "%weighted_value_4 = sparsemux i32 @_ssdm_op_SparseMux.ap_auto.4i32.i32.i2, i2 0, i32 %weighted_value_engine2_load, i2 1, i32 %weighted_value_engine2_1_load, i2 2, i32 %weighted_value_engine2_2_load, i2 3, i32 %weighted_value_engine2_3_load, i32 0, i2 %empty_703" [source/swiftkv_attention.cpp:1511]   --->   Operation 84 'sparsemux' 'weighted_value_4' <Predicate = (!icmp_ln1494 & update_engine == 2)> <Delay = 0.45> <CoreInst = "SparseMux">   --->   Core 147 'SparseMux' <Latency = 0> <II = 1> <Delay = 0.45> <FuncUnit> <Opcode : 'sparsemux'> <InPorts = 2> <OutPorts = 1>
ST_2 : Operation 85 [1/1] (0.45ns)   --->   "%br_ln1512 = br void %fpga_resource_hint.if.end26.129" [source/swiftkv_attention.cpp:1512]   --->   Operation 85 'br' 'br_ln1512' <Predicate = (!icmp_ln1494 & update_engine == 2)> <Delay = 0.45>
ST_2 : Operation 86 [1/2] (1.19ns)   --->   "%weighted_value_engine1_load = load i3 %weighted_value_engine1_addr" [source/swiftkv_attention.cpp:1509]   --->   Operation 86 'load' 'weighted_value_engine1_load' <Predicate = (!icmp_ln1494 & update_engine == 1)> <Delay = 1.19> <CoreInst = "RAM_2P_BRAM">   --->   Core 94 'RAM_2P_BRAM' <Latency = 1> <II = 1> <Delay = 1.19> <Storage> <Opcode : 'load' 'store'> <Ports = 2> <Width = 32> <Depth = 8> <RAM>
ST_2 : Operation 87 [1/2] (1.19ns)   --->   "%weighted_value_engine1_1_load = load i3 %weighted_value_engine1_1_addr" [source/swiftkv_attention.cpp:1509]   --->   Operation 87 'load' 'weighted_value_engine1_1_load' <Predicate = (!icmp_ln1494 & update_engine == 1)> <Delay = 1.19> <CoreInst = "RAM_2P_BRAM">   --->   Core 94 'RAM_2P_BRAM' <Latency = 1> <II = 1> <Delay = 1.19> <Storage> <Opcode : 'load' 'store'> <Ports = 2> <Width = 32> <Depth = 8> <RAM>
ST_2 : Operation 88 [1/2] (1.19ns)   --->   "%weighted_value_engine1_2_load = load i3 %weighted_value_engine1_2_addr" [source/swiftkv_attention.cpp:1509]   --->   Operation 88 'load' 'weighted_value_engine1_2_load' <Predicate = (!icmp_ln1494 & update_engine == 1)> <Delay = 1.19> <CoreInst = "RAM_2P_BRAM">   --->   Core 94 'RAM_2P_BRAM' <Latency = 1> <II = 1> <Delay = 1.19> <Storage> <Opcode : 'load' 'store'> <Ports = 2> <Width = 32> <Depth = 8> <RAM>
ST_2 : Operation 89 [1/2] (1.19ns)   --->   "%weighted_value_engine1_3_load = load i3 %weighted_value_engine1_3_addr" [source/swiftkv_attention.cpp:1509]   --->   Operation 89 'load' 'weighted_value_engine1_3_load' <Predicate = (!icmp_ln1494 & update_engine == 1)> <Delay = 1.19> <CoreInst = "RAM_2P_BRAM">   --->   Core 94 'RAM_2P_BRAM' <Latency = 1> <II = 1> <Delay = 1.19> <Storage> <Opcode : 'load' 'store'> <Ports = 2> <Width = 32> <Depth = 8> <RAM>
ST_2 : Operation 90 [1/1] (0.45ns)   --->   "%weighted_value_3 = sparsemux i32 @_ssdm_op_SparseMux.ap_auto.4i32.i32.i2, i2 0, i32 %weighted_value_engine1_load, i2 1, i32 %weighted_value_engine1_1_load, i2 2, i32 %weighted_value_engine1_2_load, i2 3, i32 %weighted_value_engine1_3_load, i32 0, i2 %empty_703" [source/swiftkv_attention.cpp:1509]   --->   Operation 90 'sparsemux' 'weighted_value_3' <Predicate = (!icmp_ln1494 & update_engine == 1)> <Delay = 0.45> <CoreInst = "SparseMux">   --->   Core 147 'SparseMux' <Latency = 0> <II = 1> <Delay = 0.45> <FuncUnit> <Opcode : 'sparsemux'> <InPorts = 2> <OutPorts = 1>
ST_2 : Operation 91 [1/1] (0.45ns)   --->   "%br_ln1510 = br void %fpga_resource_hint.if.end26.129" [source/swiftkv_attention.cpp:1510]   --->   Operation 91 'br' 'br_ln1510' <Predicate = (!icmp_ln1494 & update_engine == 1)> <Delay = 0.45>
ST_2 : Operation 92 [1/2] (1.19ns)   --->   "%weighted_value_engine0_load = load i3 %weighted_value_engine0_addr" [source/swiftkv_attention.cpp:1507]   --->   Operation 92 'load' 'weighted_value_engine0_load' <Predicate = (!icmp_ln1494 & update_engine == 0)> <Delay = 1.19> <CoreInst = "RAM_2P_BRAM">   --->   Core 94 'RAM_2P_BRAM' <Latency = 1> <II = 1> <Delay = 1.19> <Storage> <Opcode : 'load' 'store'> <Ports = 2> <Width = 32> <Depth = 8> <RAM>
ST_2 : Operation 93 [1/2] (1.19ns)   --->   "%weighted_value_engine0_1_load = load i3 %weighted_value_engine0_1_addr" [source/swiftkv_attention.cpp:1507]   --->   Operation 93 'load' 'weighted_value_engine0_1_load' <Predicate = (!icmp_ln1494 & update_engine == 0)> <Delay = 1.19> <CoreInst = "RAM_2P_BRAM">   --->   Core 94 'RAM_2P_BRAM' <Latency = 1> <II = 1> <Delay = 1.19> <Storage> <Opcode : 'load' 'store'> <Ports = 2> <Width = 32> <Depth = 8> <RAM>
ST_2 : Operation 94 [1/2] (1.19ns)   --->   "%weighted_value_engine0_2_load = load i3 %weighted_value_engine0_2_addr" [source/swiftkv_attention.cpp:1507]   --->   Operation 94 'load' 'weighted_value_engine0_2_load' <Predicate = (!icmp_ln1494 & update_engine == 0)> <Delay = 1.19> <CoreInst = "RAM_2P_BRAM">   --->   Core 94 'RAM_2P_BRAM' <Latency = 1> <II = 1> <Delay = 1.19> <Storage> <Opcode : 'load' 'store'> <Ports = 2> <Width = 32> <Depth = 8> <RAM>
ST_2 : Operation 95 [1/2] (1.19ns)   --->   "%weighted_value_engine0_3_load = load i3 %weighted_value_engine0_3_addr" [source/swiftkv_attention.cpp:1507]   --->   Operation 95 'load' 'weighted_value_engine0_3_load' <Predicate = (!icmp_ln1494 & update_engine == 0)> <Delay = 1.19> <CoreInst = "RAM_2P_BRAM">   --->   Core 94 'RAM_2P_BRAM' <Latency = 1> <II = 1> <Delay = 1.19> <Storage> <Opcode : 'load' 'store'> <Ports = 2> <Width = 32> <Depth = 8> <RAM>
ST_2 : Operation 96 [1/1] (0.45ns)   --->   "%weighted_value_1 = sparsemux i32 @_ssdm_op_SparseMux.ap_auto.4i32.i32.i2, i2 0, i32 %weighted_value_engine0_load, i2 1, i32 %weighted_value_engine0_1_load, i2 2, i32 %weighted_value_engine0_2_load, i2 3, i32 %weighted_value_engine0_3_load, i32 0, i2 %empty_703" [source/swiftkv_attention.cpp:1507]   --->   Operation 96 'sparsemux' 'weighted_value_1' <Predicate = (!icmp_ln1494 & update_engine == 0)> <Delay = 0.45> <CoreInst = "SparseMux">   --->   Core 147 'SparseMux' <Latency = 0> <II = 1> <Delay = 0.45> <FuncUnit> <Opcode : 'sparsemux'> <InPorts = 2> <OutPorts = 1>
ST_2 : Operation 97 [1/1] (0.45ns)   --->   "%br_ln1508 = br void %fpga_resource_hint.if.end26.129" [source/swiftkv_attention.cpp:1508]   --->   Operation 97 'br' 'br_ln1508' <Predicate = (!icmp_ln1494 & update_engine == 0)> <Delay = 0.45>
ST_2 : Operation 98 [1/2] (1.19ns)   --->   "%weighted_value_engine3_load = load i3 %weighted_value_engine3_addr" [source/swiftkv_attention.cpp:1513]   --->   Operation 98 'load' 'weighted_value_engine3_load' <Predicate = (!icmp_ln1494 & update_engine == 3)> <Delay = 1.19> <CoreInst = "RAM_2P_BRAM">   --->   Core 94 'RAM_2P_BRAM' <Latency = 1> <II = 1> <Delay = 1.19> <Storage> <Opcode : 'load' 'store'> <Ports = 2> <Width = 32> <Depth = 8> <RAM>
ST_2 : Operation 99 [1/2] (1.19ns)   --->   "%weighted_value_engine3_1_load = load i3 %weighted_value_engine3_1_addr" [source/swiftkv_attention.cpp:1513]   --->   Operation 99 'load' 'weighted_value_engine3_1_load' <Predicate = (!icmp_ln1494 & update_engine == 3)> <Delay = 1.19> <CoreInst = "RAM_2P_BRAM">   --->   Core 94 'RAM_2P_BRAM' <Latency = 1> <II = 1> <Delay = 1.19> <Storage> <Opcode : 'load' 'store'> <Ports = 2> <Width = 32> <Depth = 8> <RAM>
ST_2 : Operation 100 [1/2] (1.19ns)   --->   "%weighted_value_engine3_2_load = load i3 %weighted_value_engine3_2_addr" [source/swiftkv_attention.cpp:1513]   --->   Operation 100 'load' 'weighted_value_engine3_2_load' <Predicate = (!icmp_ln1494 & update_engine == 3)> <Delay = 1.19> <CoreInst = "RAM_2P_BRAM">   --->   Core 94 'RAM_2P_BRAM' <Latency = 1> <II = 1> <Delay = 1.19> <Storage> <Opcode : 'load' 'store'> <Ports = 2> <Width = 32> <Depth = 8> <RAM>
ST_2 : Operation 101 [1/2] (1.19ns)   --->   "%weighted_value_engine3_3_load = load i3 %weighted_value_engine3_3_addr" [source/swiftkv_attention.cpp:1513]   --->   Operation 101 'load' 'weighted_value_engine3_3_load' <Predicate = (!icmp_ln1494 & update_engine == 3)> <Delay = 1.19> <CoreInst = "RAM_2P_BRAM">   --->   Core 94 'RAM_2P_BRAM' <Latency = 1> <II = 1> <Delay = 1.19> <Storage> <Opcode : 'load' 'store'> <Ports = 2> <Width = 32> <Depth = 8> <RAM>
ST_2 : Operation 102 [1/1] (0.45ns)   --->   "%weighted_value = sparsemux i32 @_ssdm_op_SparseMux.ap_auto.4i32.i32.i2, i2 0, i32 %weighted_value_engine3_load, i2 1, i32 %weighted_value_engine3_1_load, i2 2, i32 %weighted_value_engine3_2_load, i2 3, i32 %weighted_value_engine3_3_load, i32 0, i2 %empty_703" [source/swiftkv_attention.cpp:1513]   --->   Operation 102 'sparsemux' 'weighted_value' <Predicate = (!icmp_ln1494 & update_engine == 3)> <Delay = 0.45> <CoreInst = "SparseMux">   --->   Core 147 'SparseMux' <Latency = 0> <II = 1> <Delay = 0.45> <FuncUnit> <Opcode : 'sparsemux'> <InPorts = 2> <OutPorts = 1>
ST_2 : Operation 103 [1/1] (0.45ns)   --->   "%br_ln0 = br void %fpga_resource_hint.if.end26.129"   --->   Operation 103 'br' 'br_ln0' <Predicate = (!icmp_ln1494 & update_engine == 3)> <Delay = 0.45>

State 3 <SV = 2> <Delay = 1.61>
ST_3 : Operation 104 [1/1] (0.00ns)   --->   "%weighted_value_2 = phi i32 %weighted_value_1, void %if.then, i32 %weighted_value_3, void %if.then14, i32 %weighted_value_4, void %if.then19, i32 %weighted_value, void %if.else22"   --->   Operation 104 'phi' 'weighted_value_2' <Predicate = true> <Delay = 0.00>
ST_3 : Operation 105 [1/1] (0.00ns)   --->   "%sext_ln1517 = sext i32 %weighted_value_2" [source/swiftkv_attention.cpp:1517]   --->   Operation 105 'sext' 'sext_ln1517' <Predicate = true> <Delay = 0.00>
ST_3 : Operation 106 [5/5] (1.61ns)   --->   "%mul_ln1517 = mul i49 %sext_ln1517, i49 %sext_ln1488_cast" [source/swiftkv_attention.cpp:1517]   --->   Operation 106 'mul' 'mul_ln1517' <Predicate = true> <Delay = 1.61> <CoreInst = "Mul_DSP">   --->   Core 5 'Mul_DSP' <Latency = 4> <II = 1> <Delay = 2.27> <FuncUnit> <Opcode : 'mul'> <InPorts = 2> <OutPorts = 1>

State 4 <SV = 3> <Delay = 1.61>
ST_4 : Operation 107 [4/5] (1.61ns)   --->   "%mul_ln1517 = mul i49 %sext_ln1517, i49 %sext_ln1488_cast" [source/swiftkv_attention.cpp:1517]   --->   Operation 107 'mul' 'mul_ln1517' <Predicate = true> <Delay = 1.61> <CoreInst = "Mul_DSP">   --->   Core 5 'Mul_DSP' <Latency = 4> <II = 1> <Delay = 2.27> <FuncUnit> <Opcode : 'mul'> <InPorts = 2> <OutPorts = 1>

State 5 <SV = 4> <Delay = 1.61>
ST_5 : Operation 108 [3/5] (1.61ns)   --->   "%mul_ln1517 = mul i49 %sext_ln1517, i49 %sext_ln1488_cast" [source/swiftkv_attention.cpp:1517]   --->   Operation 108 'mul' 'mul_ln1517' <Predicate = true> <Delay = 1.61> <CoreInst = "Mul_DSP">   --->   Core 5 'Mul_DSP' <Latency = 4> <II = 1> <Delay = 2.27> <FuncUnit> <Opcode : 'mul'> <InPorts = 2> <OutPorts = 1>

State 6 <SV = 5> <Delay = 1.61>
ST_6 : Operation 109 [2/5] (1.61ns)   --->   "%mul_ln1517 = mul i49 %sext_ln1517, i49 %sext_ln1488_cast" [source/swiftkv_attention.cpp:1517]   --->   Operation 109 'mul' 'mul_ln1517' <Predicate = true> <Delay = 1.61> <CoreInst = "Mul_DSP">   --->   Core 5 'Mul_DSP' <Latency = 4> <II = 1> <Delay = 2.27> <FuncUnit> <Opcode : 'mul'> <InPorts = 2> <OutPorts = 1>

State 7 <SV = 6> <Delay = 2.39>
ST_7 : Operation 110 [1/5] (1.61ns)   --->   "%mul_ln1517 = mul i49 %sext_ln1517, i49 %sext_ln1488_cast" [source/swiftkv_attention.cpp:1517]   --->   Operation 110 'mul' 'mul_ln1517' <Predicate = true> <Delay = 1.61> <CoreInst = "Mul_DSP">   --->   Core 5 'Mul_DSP' <Latency = 4> <II = 1> <Delay = 2.27> <FuncUnit> <Opcode : 'mul'> <InPorts = 2> <OutPorts = 1>
ST_7 : Operation 111 [1/1] (0.00ns)   --->   "%specfucore_ln1519 = specfucore void @_ssdm_op_SpecFUCore, i49 %mul_ln1517, i64 12, i64 3, i64 4" [source/swiftkv_attention.cpp:1519]   --->   Operation 111 'specfucore' 'specfucore_ln1519' <Predicate = true> <Delay = 0.00>
ST_7 : Operation 112 [1/1] (0.00ns)   --->   "%trunc_ln1516 = trunc i49 %mul_ln1517" [source/swiftkv_attention.cpp:1516]   --->   Operation 112 'trunc' 'trunc_ln1516' <Predicate = true> <Delay = 0.00>
ST_7 : Operation 113 [1/1] (0.78ns)   --->   "%icmp_ln1516 = icmp_ne  i16 %trunc_ln1516, i16 0" [source/swiftkv_attention.cpp:1516]   --->   Operation 113 'icmp' 'icmp_ln1516' <Predicate = true> <Delay = 0.78> <CoreInst = "Cmp">   --->   Core 9 'Cmp' <Latency = 0> <II = 1> <Delay = 0.78> <FuncUnit> <Opcode : 'icmp'> <InPorts = 2> <OutPorts = 1>

State 8 <SV = 7> <Delay = 2.21>
ST_8 : Operation 114 [1/1] (0.00ns)   --->   "%zext_ln1494 = zext i6 %lane_2" [source/swiftkv_attention.cpp:1494]   --->   Operation 114 'zext' 'zext_ln1494' <Predicate = (!icmp_ln1494)> <Delay = 0.00>
ST_8 : Operation 115 [1/1] (0.00ns)   --->   "%specpipeline_ln1495 = specpipeline void @_ssdm_op_SpecPipeline, i32 1, i32 0, i32 0, i32 0, void @empty_418" [source/swiftkv_attention.cpp:1495]   --->   Operation 115 'specpipeline' 'specpipeline_ln1495' <Predicate = (!icmp_ln1494)> <Delay = 0.00>
ST_8 : Operation 116 [1/1] (0.00ns)   --->   "%speclooptripcount_ln1491 = speclooptripcount void @_ssdm_op_SpecLoopTripCount, i64 32, i64 32, i64 32" [source/swiftkv_attention.cpp:1491]   --->   Operation 116 'speclooptripcount' 'speclooptripcount_ln1491' <Predicate = (!icmp_ln1494)> <Delay = 0.00>
ST_8 : Operation 117 [1/1] (0.00ns)   --->   "%specloopname_ln1494 = specloopname void @_ssdm_op_SpecLoopName, void @empty_480" [source/swiftkv_attention.cpp:1494]   --->   Operation 117 'specloopname' 'specloopname_ln1494' <Predicate = (!icmp_ln1494)> <Delay = 0.00>
ST_8 : Operation 118 [1/1] (0.00ns) (grouped into LUT with out node normalized_value_2)   --->   "%normalized_value = partselect i32 @_ssdm_op_PartSelect.i32.i49.i32.i32, i49 %mul_ln1517, i32 17, i32 48" [source/swiftkv_attention.cpp:1516]   --->   Operation 118 'partselect' 'normalized_value' <Predicate = true> <Delay = 0.00>
ST_8 : Operation 119 [1/1] (0.00ns) (grouped into LUT with out node normalized_value_2)   --->   "%tmp_18 = bitselect i1 @_ssdm_op_BitSelect.i1.i49.i32, i49 %mul_ln1517, i32 17" [source/swiftkv_attention.cpp:1515]   --->   Operation 119 'bitselect' 'tmp_18' <Predicate = true> <Delay = 0.00>
ST_8 : Operation 120 [1/1] (0.00ns) (grouped into LUT with out node normalized_value_2)   --->   "%tmp_19 = bitselect i1 @_ssdm_op_BitSelect.i1.i49.i32, i49 %mul_ln1517, i32 16" [source/swiftkv_attention.cpp:1516]   --->   Operation 120 'bitselect' 'tmp_19' <Predicate = true> <Delay = 0.00>
ST_8 : Operation 121 [1/1] (0.00ns) (grouped into LUT with out node normalized_value_2)   --->   "%or_ln1516 = or i1 %tmp_18, i1 %icmp_ln1516" [source/swiftkv_attention.cpp:1516]   --->   Operation 121 'or' 'or_ln1516' <Predicate = true> <Delay = 0.00> <CoreInst = "LogicGate">   --->   Core 74 'LogicGate' <Latency = 0> <II = 1> <Delay = 0.12> <FuncUnit> <Opcode : 'and' 'or' 'xor'> <InPorts = 2> <OutPorts = 1>
ST_8 : Operation 122 [1/1] (0.00ns) (grouped into LUT with out node normalized_value_2)   --->   "%and_ln1516 = and i1 %or_ln1516, i1 %tmp_19" [source/swiftkv_attention.cpp:1516]   --->   Operation 122 'and' 'and_ln1516' <Predicate = true> <Delay = 0.00> <CoreInst = "LogicGate">   --->   Core 74 'LogicGate' <Latency = 0> <II = 1> <Delay = 0.12> <FuncUnit> <Opcode : 'and' 'or' 'xor'> <InPorts = 2> <OutPorts = 1>
ST_8 : Operation 123 [1/1] (0.00ns) (grouped into LUT with out node normalized_value_2)   --->   "%zext_ln1516 = zext i1 %and_ln1516" [source/swiftkv_attention.cpp:1516]   --->   Operation 123 'zext' 'zext_ln1516' <Predicate = true> <Delay = 0.00>
ST_8 : Operation 124 [1/1] (0.88ns) (out node of the LUT)   --->   "%normalized_value_2 = add i32 %normalized_value, i32 %zext_ln1516" [source/swiftkv_attention.cpp:1516]   --->   Operation 124 'add' 'normalized_value_2' <Predicate = true> <Delay = 0.88> <CoreInst = "Adder">   --->   Core 1 'Adder' <Latency = 0> <II = 1> <Delay = 0.88> <FuncUnit> <Opcode : 'add' 'sub'> <InPorts = 2> <OutPorts = 1>
ST_8 : Operation 125 [1/1] (0.00ns)   --->   "%attention_group_addr = getelementptr i32 %attention_group, i64 0, i64 %zext_ln1494" [source/swiftkv_attention.cpp:1523]   --->   Operation 125 'getelementptr' 'attention_group_addr' <Predicate = true> <Delay = 0.00>
ST_8 : Operation 126 [1/1] (1.19ns)   --->   "%store_ln1523 = store i32 %normalized_value_2, i5 %attention_group_addr" [source/swiftkv_attention.cpp:1523]   --->   Operation 126 'store' 'store_ln1523' <Predicate = true> <Delay = 1.19> <CoreInst = "RAM_1P_BRAM">   --->   Core 90 'RAM_1P_BRAM' <Latency = 1> <II = 1> <Delay = 1.19> <Storage> <Opcode : 'load' 'store'> <Ports = 1> <Width = 32> <Depth = 32> <RAM>
ST_8 : Operation 127 [1/1] (0.00ns)   --->   "%tmp_20 = bitselect i1 @_ssdm_op_BitSelect.i1.i32.i32, i32 %normalized_value_2, i32 31" [source/swiftkv_attention.cpp:1525]   --->   Operation 127 'bitselect' 'tmp_20' <Predicate = true> <Delay = 0.00>
ST_8 : Operation 128 [1/1] (0.88ns)   --->   "%magnitude = sub i32 0, i32 %normalized_value_2" [source/swiftkv_attention.cpp:1525]   --->   Operation 128 'sub' 'magnitude' <Predicate = true> <Delay = 0.88> <CoreInst = "Adder">   --->   Core 1 'Adder' <Latency = 0> <II = 1> <Delay = 0.88> <FuncUnit> <Opcode : 'add' 'sub'> <InPorts = 2> <OutPorts = 1>
ST_8 : Operation 129 [1/1] (0.88ns)   --->   "%icmp_ln1525 = icmp_sgt  i32 %normalized_value_2, i32 0" [source/swiftkv_attention.cpp:1525]   --->   Operation 129 'icmp' 'icmp_ln1525' <Predicate = true> <Delay = 0.88> <CoreInst = "Cmp">   --->   Core 9 'Cmp' <Latency = 0> <II = 1> <Delay = 0.88> <FuncUnit> <Opcode : 'icmp'> <InPorts = 2> <OutPorts = 1>
ST_8 : Operation 130 [1/1] (0.00ns)   --->   "%tmp_21 = bitselect i1 @_ssdm_op_BitSelect.i1.i32.i32, i32 %magnitude, i32 31" [source/swiftkv_attention.cpp:1525]   --->   Operation 130 'bitselect' 'tmp_21' <Predicate = true> <Delay = 0.00>
ST_8 : Operation 131 [1/1] (0.00ns) (grouped into LUT with out node select_ln1525_1)   --->   "%xor_ln1525 = xor i1 %icmp_ln1525, i1 1" [source/swiftkv_attention.cpp:1525]   --->   Operation 131 'xor' 'xor_ln1525' <Predicate = true> <Delay = 0.00> <CoreInst = "LogicGate">   --->   Core 74 'LogicGate' <Latency = 0> <II = 1> <Delay = 0.12> <FuncUnit> <Opcode : 'and' 'or' 'xor'> <InPorts = 2> <OutPorts = 1>
ST_8 : Operation 132 [1/1] (0.00ns) (grouped into LUT with out node select_ln1525_1)   --->   "%and_ln1525 = and i1 %tmp_21, i1 %xor_ln1525" [source/swiftkv_attention.cpp:1525]   --->   Operation 132 'and' 'and_ln1525' <Predicate = true> <Delay = 0.00> <CoreInst = "LogicGate">   --->   Core 74 'LogicGate' <Latency = 0> <II = 1> <Delay = 0.12> <FuncUnit> <Opcode : 'and' 'or' 'xor'> <InPorts = 2> <OutPorts = 1>
ST_8 : Operation 133 [1/1] (0.00ns) (grouped into LUT with out node select_ln1525_1)   --->   "%xor_ln1525_1 = xor i1 %icmp_ln1525, i1 %tmp_21" [source/swiftkv_attention.cpp:1525]   --->   Operation 133 'xor' 'xor_ln1525_1' <Predicate = true> <Delay = 0.00> <CoreInst = "LogicGate">   --->   Core 74 'LogicGate' <Latency = 0> <II = 1> <Delay = 0.12> <FuncUnit> <Opcode : 'and' 'or' 'xor'> <InPorts = 2> <OutPorts = 1>
ST_8 : Operation 134 [1/1] (0.00ns) (grouped into LUT with out node select_ln1525_1)   --->   "%select_ln1525 = select i1 %and_ln1525, i32 2147483647, i32 2147483648" [source/swiftkv_attention.cpp:1525]   --->   Operation 134 'select' 'select_ln1525' <Predicate = true> <Delay = 0.00> <CoreInst = "Sel">   --->   Core 73 'Sel' <Latency = 0> <II = 1> <Delay = 0.22> <FuncUnit> <Opcode : 'select'> <InPorts = 3> <OutPorts = 1>
ST_8 : Operation 135 [1/1] (0.00ns) (grouped into LUT with out node select_ln1525_1)   --->   "%and_ln1525_1 = and i1 %tmp_20, i1 %xor_ln1525_1" [source/swiftkv_attention.cpp:1525]   --->   Operation 135 'and' 'and_ln1525_1' <Predicate = true> <Delay = 0.00> <CoreInst = "LogicGate">   --->   Core 74 'LogicGate' <Latency = 0> <II = 1> <Delay = 0.12> <FuncUnit> <Opcode : 'and' 'or' 'xor'> <InPorts = 2> <OutPorts = 1>
ST_8 : Operation 136 [1/1] (0.22ns) (out node of the LUT)   --->   "%select_ln1525_1 = select i1 %and_ln1525_1, i32 %select_ln1525, i32 %magnitude" [source/swiftkv_attention.cpp:1525]   --->   Operation 136 'select' 'select_ln1525_1' <Predicate = true> <Delay = 0.22> <CoreInst = "Sel">   --->   Core 73 'Sel' <Latency = 0> <II = 1> <Delay = 0.22> <FuncUnit> <Opcode : 'select'> <InPorts = 3> <OutPorts = 1>
ST_8 : Operation 137 [1/1] (0.22ns) (out node of the LUT)   --->   "%magnitude_2 = select i1 %tmp_20, i32 %select_ln1525_1, i32 %normalized_value_2" [source/swiftkv_attention.cpp:1525]   --->   Operation 137 'select' 'magnitude_2' <Predicate = true> <Delay = 0.22> <CoreInst = "Sel">   --->   Core 73 'Sel' <Latency = 0> <II = 1> <Delay = 0.22> <FuncUnit> <Opcode : 'select'> <InPorts = 3> <OutPorts = 1>
ST_8 : Operation 145 [1/1] (0.00ns)   --->   "%max_abs_load = load i32 %max_abs"   --->   Operation 145 'load' 'max_abs_load' <Predicate = (icmp_ln1494)> <Delay = 0.00>
ST_8 : Operation 146 [1/1] (0.00ns)   --->   "%write_ln0 = write void @_ssdm_op_Write.ap_auto.i32P0A, i32 %max_abs_out, i32 %max_abs_load"   --->   Operation 146 'write' 'write_ln0' <Predicate = (icmp_ln1494)> <Delay = 0.00>
ST_8 : Operation 147 [1/1] (0.00ns)   --->   "%ret_ln0 = ret"   --->   Operation 147 'ret' 'ret_ln0' <Predicate = (icmp_ln1494)> <Delay = 0.00>

State 9 <SV = 8> <Delay = 1.49>
ST_9 : Operation 138 [1/1] (0.00ns)   --->   "%max_abs_load_1 = load i32 %max_abs" [source/swiftkv_attention.cpp:1526]   --->   Operation 138 'load' 'max_abs_load_1' <Predicate = true> <Delay = 0.00>
ST_9 : Operation 139 [1/1] (0.00ns)   --->   "%rbegin = specregionbegin i32 @_ssdm_op_SpecRegionBegin, void @empty_11" [source/swiftkv_attention.cpp:1515]   --->   Operation 139 'specregionbegin' 'rbegin' <Predicate = true> <Delay = 0.00>
ST_9 : Operation 140 [1/1] (0.00ns)   --->   "%rend = specregionend i32 @_ssdm_op_SpecRegionEnd, void @empty_11, i32 %rbegin" [source/swiftkv_attention.cpp:1515]   --->   Operation 140 'specregionend' 'rend' <Predicate = true> <Delay = 0.00>
ST_9 : Operation 141 [1/1] (0.88ns)   --->   "%icmp_ln1526 = icmp_sgt  i32 %magnitude_2, i32 %max_abs_load_1" [source/swiftkv_attention.cpp:1526]   --->   Operation 141 'icmp' 'icmp_ln1526' <Predicate = true> <Delay = 0.88> <CoreInst = "Cmp">   --->   Core 9 'Cmp' <Latency = 0> <II = 1> <Delay = 0.88> <FuncUnit> <Opcode : 'icmp'> <InPorts = 2> <OutPorts = 1>
ST_9 : Operation 142 [1/1] (0.22ns)   --->   "%max_abs_2 = select i1 %icmp_ln1526, i32 %magnitude_2, i32 %max_abs_load_1" [source/swiftkv_attention.cpp:1526]   --->   Operation 142 'select' 'max_abs_2' <Predicate = true> <Delay = 0.22> <CoreInst = "Sel">   --->   Core 73 'Sel' <Latency = 0> <II = 1> <Delay = 0.22> <FuncUnit> <Opcode : 'select'> <InPorts = 3> <OutPorts = 1>
ST_9 : Operation 143 [1/1] (0.38ns)   --->   "%store_ln1491 = store i32 %max_abs_2, i32 %max_abs" [source/swiftkv_attention.cpp:1491]   --->   Operation 143 'store' 'store_ln1491' <Predicate = true> <Delay = 0.38>
ST_9 : Operation 144 [1/1] (0.00ns)   --->   "%br_ln1494 = br void %for.body7" [source/swiftkv_attention.cpp:1494]   --->   Operation 144 'br' 'br_ln1494' <Predicate = true> <Delay = 0.00>


============================================================
+ Verbose Summary: Timing violations
============================================================
Target clock period: 3.333ns, clock uncertainty: 0.900ns.

 <State 1>: 1.583ns
The critical path consists of the following:
	'store' operation 0 bit ('store_ln1494', source/swiftkv_attention.cpp:1494) of constant 0 on local variable 'lane', source/swiftkv_attention.cpp:1494 [43]  (0.387 ns)
	'load' operation 6 bit ('lane') on local variable 'lane', source/swiftkv_attention.cpp:1494 [47]  (0.000 ns)
	'getelementptr' operation 3 bit ('weighted_value_engine0_addr', source/swiftkv_attention.cpp:1507) [85]  (0.000 ns)
	'load' operation 32 bit ('weighted_value_engine0_load', source/swiftkv_attention.cpp:1507) on array 'weighted_value_engine0' [89]  (1.196 ns)

 <State 2>: 2.101ns
The critical path consists of the following:
	'load' operation 32 bit ('weighted_value_engine3_load', source/swiftkv_attention.cpp:1513) on array 'weighted_value_engine3' [100]  (1.196 ns)
	'sparsemux' operation 32 bit ('weighted_value', source/swiftkv_attention.cpp:1513) [104]  (0.453 ns)
	blocking operation 0.452714 ns on control path)

 <State 3>: 1.611ns
The critical path consists of the following:
	'phi' operation 32 bit ('weighted_value') with incoming values : ('weighted_value', source/swiftkv_attention.cpp:1511) ('weighted_value', source/swiftkv_attention.cpp:1509) ('weighted_value', source/swiftkv_attention.cpp:1507) ('weighted_value', source/swiftkv_attention.cpp:1513) [107]  (0.000 ns)
	'mul' operation 49 bit ('mul_ln1517', source/swiftkv_attention.cpp:1517) [111]  (1.611 ns)

 <State 4>: 1.611ns
The critical path consists of the following:
	'mul' operation 49 bit ('mul_ln1517', source/swiftkv_attention.cpp:1517) [111]  (1.611 ns)

 <State 5>: 1.611ns
The critical path consists of the following:
	'mul' operation 49 bit ('mul_ln1517', source/swiftkv_attention.cpp:1517) [111]  (1.611 ns)

 <State 6>: 1.611ns
The critical path consists of the following:
	'mul' operation 49 bit ('mul_ln1517', source/swiftkv_attention.cpp:1517) [111]  (1.611 ns)

 <State 7>: 2.396ns
The critical path consists of the following:
	'mul' operation 49 bit ('mul_ln1517', source/swiftkv_attention.cpp:1517) [111]  (1.611 ns)
	'icmp' operation 1 bit ('icmp_ln1516', source/swiftkv_attention.cpp:1516) [117]  (0.785 ns)

 <State 8>: 2.214ns
The critical path consists of the following:
	'add' operation 32 bit ('normalized_value', source/swiftkv_attention.cpp:1516) [121]  (0.880 ns)
	'sub' operation 32 bit ('magnitude', source/swiftkv_attention.cpp:1525) [126]  (0.880 ns)
	'select' operation 32 bit ('select_ln1525_1', source/swiftkv_attention.cpp:1525) [134]  (0.227 ns)
	'select' operation 32 bit ('magnitude', source/swiftkv_attention.cpp:1525) [135]  (0.227 ns)

 <State 9>: 1.494ns
The critical path consists of the following:
	'load' operation 32 bit ('max_abs_load_1', source/swiftkv_attention.cpp:1526) on local variable 'max_abs', source/swiftkv_attention.cpp:1491 [108]  (0.000 ns)
	'icmp' operation 1 bit ('icmp_ln1526', source/swiftkv_attention.cpp:1526) [136]  (0.880 ns)
	'select' operation 32 bit ('max_abs', source/swiftkv_attention.cpp:1526) [137]  (0.227 ns)
	'store' operation 0 bit ('store_ln1491', source/swiftkv_attention.cpp:1491) of variable 'max_abs', source/swiftkv_attention.cpp:1526 on local variable 'max_abs', source/swiftkv_attention.cpp:1491 [139]  (0.387 ns)


============================================================
+ Verbose Summary: Binding
============================================================
N/A
* FSMD analyzer results:
  - Output states:
 - Input state : 
  - Chain level:
	State 1
	State 2
	State 3
	State 4
	State 5
	State 6
	State 7
	State 8
	State 9


============================================================
+ Verbose Summary: Datapath Resource usage 
============================================================
N/A
