

================================================================
== Vitis HLS Report for 'swiftkv_update_values_and_quantize'
================================================================
* Date:           Tue Aug 11 09:17:00 2026

* Version:        2023.2 (Build 4023990 on Oct 11 2023)
* Project:        proj_int4_decoder_xo
* Solution:       solution1 (Vitis Kernel Flow Target)
* Product family: virtexuplus
* Target device:  xcu250-figd2104-2L-e


================================================================
== Performance Estimates
================================================================
+ Timing: 
    * Summary: 
    +--------+---------+----------+------------+
    |  Clock |  Target | Estimated| Uncertainty|
    +--------+---------+----------+------------+
    |ap_clk  |  3.33 ns|  2.433 ns|     0.90 ns|
    +--------+---------+----------+------------+

+ Latency: 
    * Summary: 
    +---------+---------+----------+----------+-----+-------+---------+
    |  Latency (cycles) |  Latency (absolute) |   Interval  | Pipeline|
    |   min   |   max   |    min   |    max   | min |  max  |   Type  |
    +---------+---------+----------+----------+-----+-------+---------+
    |      510|    33270|  1.700 us|  0.111 ms|  510|  33270|       no|
    +---------+---------+----------+----------+-----+-------+---------+

    + Detail: 
        * Instance: 
        N/A

        * Loop: 
        +------------------------------+---------+---------+----------+-----------+-----------+------+----------+
        |                              |  Latency (cycles) | Iteration|  Initiation Interval  | Trip |          |
        |           Loop Name          |   min   |   max   |  Latency |  achieved |   target  | Count| Pipelined|
        +------------------------------+---------+---------+----------+-----------+-----------+------+----------+
        |- attention_quant_group_loop  |      476|      476|       119|          -|          -|     4|        no|
        +------------------------------+---------+---------+----------+-----------+-----------+------+----------+

============================================================
+ Verbose Summary: Synthesis Manager
============================================================
InlineROM: 1
ExposeGlobal: 0
============================================================
+ Verbose Summary: CDFG Model
============================================================
IsTopModel: 0
ResetActiveHigh: 1
IsCombinational: 2
IsDatapathOnly: 0
HasWiredReturn: 1
HasMFsm: 0
HasVarLatency: 1
IsPipeline: 0
IsRtlPipelined: 0
IsInstanceOverlapped: 0
IsDontTouch: 0
HasImplIP: 0
IsGatedGlobalClock: 0


============================================================
+ Verbose Summary: Schedule
============================================================
* Number of FSM states : 24
* Pipeline : 0
* Dataflow Pipeline: 0

* FSM state transitions: 
1 --> 2 
2 --> 3 
3 --> 4 
4 --> 5 
5 --> 6 
6 --> 7 
7 --> 8 
8 --> 9 
9 --> 10 
10 --> 11 
11 --> 12 
12 --> 13 
13 --> 14 
14 --> 15 
15 --> 16 
16 --> 17 
17 --> 18 
18 --> 19 
19 --> 20 
20 --> 21 
21 --> 22 
22 --> 23 
23 --> 24 
24 --> 3 

* FSM state operations: 

State 1 <SV = 0> <Delay = 2.43>
ST_1 : Operation 25 [1/1] (0.00ns)   --->   "%group = alloca i32 1" [source/swiftkv_attention.cpp:1488]   --->   Operation 25 'alloca' 'group' <Predicate = true> <Delay = 0.00>
ST_1 : Operation 26 [1/1] (0.00ns)   --->   "%quantized_word_loc = alloca i64 1"   --->   Operation 26 'alloca' 'quantized_word_loc' <Predicate = true> <Delay = 0.00>
ST_1 : Operation 27 [1/1] (0.00ns)   --->   "%max_abs_loc = alloca i64 1"   --->   Operation 27 'alloca' 'max_abs_loc' <Predicate = true> <Delay = 0.00>
ST_1 : Operation 28 [1/1] (1.21ns)   --->   "%position_read = read i12 @_ssdm_op_Read.ap_fifo.i12P0A, i12 %position"   --->   Operation 28 'read' 'position_read' <Predicate = true> <Delay = 1.21> <CoreInst = "FIFO_SRL">   --->   Core 81 'FIFO_SRL' <Latency = 0> <II = 1> <Delay = 1.34> <Storage> <Opcode : 'read' 'write' 'nbread' 'nbwrite'> <Ports = 0> <Width = 12> <Depth = 2> <FIFO>
ST_1 : Operation 29 [1/1] (0.00ns)   --->   "%weighted_value_engine0 = alloca i64 1" [source/swiftkv_attention.cpp:1449]   --->   Operation 29 'alloca' 'weighted_value_engine0' <Predicate = true> <Delay = 0.00> <CoreInst = "RAM_2P_BRAM">   --->   Core 94 'RAM_2P_BRAM' <Latency = 1> <II = 1> <Delay = 1.19> <Storage> <Opcode : 'load' 'store'> <Ports = 2> <Width = 32> <Depth = 8> <RAM>
ST_1 : Operation 30 [1/1] (0.00ns)   --->   "%weighted_value_engine0_1 = alloca i64 1" [source/swiftkv_attention.cpp:1449]   --->   Operation 30 'alloca' 'weighted_value_engine0_1' <Predicate = true> <Delay = 0.00> <CoreInst = "RAM_2P_BRAM">   --->   Core 94 'RAM_2P_BRAM' <Latency = 1> <II = 1> <Delay = 1.19> <Storage> <Opcode : 'load' 'store'> <Ports = 2> <Width = 32> <Depth = 8> <RAM>
ST_1 : Operation 31 [1/1] (0.00ns)   --->   "%weighted_value_engine0_2 = alloca i64 1" [source/swiftkv_attention.cpp:1449]   --->   Operation 31 'alloca' 'weighted_value_engine0_2' <Predicate = true> <Delay = 0.00> <CoreInst = "RAM_2P_BRAM">   --->   Core 94 'RAM_2P_BRAM' <Latency = 1> <II = 1> <Delay = 1.19> <Storage> <Opcode : 'load' 'store'> <Ports = 2> <Width = 32> <Depth = 8> <RAM>
ST_1 : Operation 32 [1/1] (0.00ns)   --->   "%weighted_value_engine0_3 = alloca i64 1" [source/swiftkv_attention.cpp:1449]   --->   Operation 32 'alloca' 'weighted_value_engine0_3' <Predicate = true> <Delay = 0.00> <CoreInst = "RAM_2P_BRAM">   --->   Core 94 'RAM_2P_BRAM' <Latency = 1> <II = 1> <Delay = 1.19> <Storage> <Opcode : 'load' 'store'> <Ports = 2> <Width = 32> <Depth = 8> <RAM>
ST_1 : Operation 33 [1/1] (0.00ns)   --->   "%weighted_value_engine1 = alloca i64 1" [source/swiftkv_attention.cpp:1451]   --->   Operation 33 'alloca' 'weighted_value_engine1' <Predicate = true> <Delay = 0.00> <CoreInst = "RAM_2P_BRAM">   --->   Core 94 'RAM_2P_BRAM' <Latency = 1> <II = 1> <Delay = 1.19> <Storage> <Opcode : 'load' 'store'> <Ports = 2> <Width = 32> <Depth = 8> <RAM>
ST_1 : Operation 34 [1/1] (0.00ns)   --->   "%weighted_value_engine1_1 = alloca i64 1" [source/swiftkv_attention.cpp:1451]   --->   Operation 34 'alloca' 'weighted_value_engine1_1' <Predicate = true> <Delay = 0.00> <CoreInst = "RAM_2P_BRAM">   --->   Core 94 'RAM_2P_BRAM' <Latency = 1> <II = 1> <Delay = 1.19> <Storage> <Opcode : 'load' 'store'> <Ports = 2> <Width = 32> <Depth = 8> <RAM>
ST_1 : Operation 35 [1/1] (0.00ns)   --->   "%weighted_value_engine1_2 = alloca i64 1" [source/swiftkv_attention.cpp:1451]   --->   Operation 35 'alloca' 'weighted_value_engine1_2' <Predicate = true> <Delay = 0.00> <CoreInst = "RAM_2P_BRAM">   --->   Core 94 'RAM_2P_BRAM' <Latency = 1> <II = 1> <Delay = 1.19> <Storage> <Opcode : 'load' 'store'> <Ports = 2> <Width = 32> <Depth = 8> <RAM>
ST_1 : Operation 36 [1/1] (0.00ns)   --->   "%weighted_value_engine1_3 = alloca i64 1" [source/swiftkv_attention.cpp:1451]   --->   Operation 36 'alloca' 'weighted_value_engine1_3' <Predicate = true> <Delay = 0.00> <CoreInst = "RAM_2P_BRAM">   --->   Core 94 'RAM_2P_BRAM' <Latency = 1> <II = 1> <Delay = 1.19> <Storage> <Opcode : 'load' 'store'> <Ports = 2> <Width = 32> <Depth = 8> <RAM>
ST_1 : Operation 37 [1/1] (0.00ns)   --->   "%weighted_value_engine2 = alloca i64 1" [source/swiftkv_attention.cpp:1453]   --->   Operation 37 'alloca' 'weighted_value_engine2' <Predicate = true> <Delay = 0.00> <CoreInst = "RAM_2P_BRAM">   --->   Core 94 'RAM_2P_BRAM' <Latency = 1> <II = 1> <Delay = 1.19> <Storage> <Opcode : 'load' 'store'> <Ports = 2> <Width = 32> <Depth = 8> <RAM>
ST_1 : Operation 38 [1/1] (0.00ns)   --->   "%weighted_value_engine2_1 = alloca i64 1" [source/swiftkv_attention.cpp:1453]   --->   Operation 38 'alloca' 'weighted_value_engine2_1' <Predicate = true> <Delay = 0.00> <CoreInst = "RAM_2P_BRAM">   --->   Core 94 'RAM_2P_BRAM' <Latency = 1> <II = 1> <Delay = 1.19> <Storage> <Opcode : 'load' 'store'> <Ports = 2> <Width = 32> <Depth = 8> <RAM>
ST_1 : Operation 39 [1/1] (0.00ns)   --->   "%weighted_value_engine2_2 = alloca i64 1" [source/swiftkv_attention.cpp:1453]   --->   Operation 39 'alloca' 'weighted_value_engine2_2' <Predicate = true> <Delay = 0.00> <CoreInst = "RAM_2P_BRAM">   --->   Core 94 'RAM_2P_BRAM' <Latency = 1> <II = 1> <Delay = 1.19> <Storage> <Opcode : 'load' 'store'> <Ports = 2> <Width = 32> <Depth = 8> <RAM>
ST_1 : Operation 40 [1/1] (0.00ns)   --->   "%weighted_value_engine2_3 = alloca i64 1" [source/swiftkv_attention.cpp:1453]   --->   Operation 40 'alloca' 'weighted_value_engine2_3' <Predicate = true> <Delay = 0.00> <CoreInst = "RAM_2P_BRAM">   --->   Core 94 'RAM_2P_BRAM' <Latency = 1> <II = 1> <Delay = 1.19> <Storage> <Opcode : 'load' 'store'> <Ports = 2> <Width = 32> <Depth = 8> <RAM>
ST_1 : Operation 41 [1/1] (0.00ns)   --->   "%weighted_value_engine3 = alloca i64 1" [source/swiftkv_attention.cpp:1455]   --->   Operation 41 'alloca' 'weighted_value_engine3' <Predicate = true> <Delay = 0.00> <CoreInst = "RAM_2P_BRAM">   --->   Core 94 'RAM_2P_BRAM' <Latency = 1> <II = 1> <Delay = 1.19> <Storage> <Opcode : 'load' 'store'> <Ports = 2> <Width = 32> <Depth = 8> <RAM>
ST_1 : Operation 42 [1/1] (0.00ns)   --->   "%weighted_value_engine3_1 = alloca i64 1" [source/swiftkv_attention.cpp:1455]   --->   Operation 42 'alloca' 'weighted_value_engine3_1' <Predicate = true> <Delay = 0.00> <CoreInst = "RAM_2P_BRAM">   --->   Core 94 'RAM_2P_BRAM' <Latency = 1> <II = 1> <Delay = 1.19> <Storage> <Opcode : 'load' 'store'> <Ports = 2> <Width = 32> <Depth = 8> <RAM>
ST_1 : Operation 43 [1/1] (0.00ns)   --->   "%weighted_value_engine3_2 = alloca i64 1" [source/swiftkv_attention.cpp:1455]   --->   Operation 43 'alloca' 'weighted_value_engine3_2' <Predicate = true> <Delay = 0.00> <CoreInst = "RAM_2P_BRAM">   --->   Core 94 'RAM_2P_BRAM' <Latency = 1> <II = 1> <Delay = 1.19> <Storage> <Opcode : 'load' 'store'> <Ports = 2> <Width = 32> <Depth = 8> <RAM>
ST_1 : Operation 44 [1/1] (0.00ns)   --->   "%weighted_value_engine3_3 = alloca i64 1" [source/swiftkv_attention.cpp:1455]   --->   Operation 44 'alloca' 'weighted_value_engine3_3' <Predicate = true> <Delay = 0.00> <CoreInst = "RAM_2P_BRAM">   --->   Core 94 'RAM_2P_BRAM' <Latency = 1> <II = 1> <Delay = 1.19> <Storage> <Opcode : 'load' 'store'> <Ports = 2> <Width = 32> <Depth = 8> <RAM>
ST_1 : Operation 45 [1/1] (0.00ns)   --->   "%attention_group = alloca i64 1" [source/swiftkv_attention.cpp:1484]   --->   Operation 45 'alloca' 'attention_group' <Predicate = true> <Delay = 0.00> <CoreInst = "RAM_1P_BRAM">   --->   Core 90 'RAM_1P_BRAM' <Latency = 1> <II = 1> <Delay = 1.19> <Storage> <Opcode : 'load' 'store'> <Ports = 1> <Width = 32> <Depth = 32> <RAM>
ST_1 : Operation 46 [2/2] (1.21ns)   --->   "%call_ln1465 = call void @swiftkv_accumulate_values_split, i40 %value_metadata_stream, i128 %value0_engine0_stream, i128 %value0_engine1_stream, i128 %value0_engine2_stream, i128 %value0_engine3_stream, i128 %value1_engine0_stream, i128 %value1_engine1_stream, i128 %value1_engine2_stream, i128 %value1_engine3_stream, i19 %control_stream, i12 %position_read, i32 %weighted_value_engine0, i32 %weighted_value_engine0_1, i32 %weighted_value_engine0_2, i32 %weighted_value_engine0_3, i32 %weighted_value_engine1, i32 %weighted_value_engine1_1, i32 %weighted_value_engine1_2, i32 %weighted_value_engine1_3, i32 %weighted_value_engine2, i32 %weighted_value_engine2_1, i32 %weighted_value_engine2_2, i32 %weighted_value_engine2_3, i32 %weighted_value_engine3, i32 %weighted_value_engine3_1, i32 %weighted_value_engine3_2, i32 %weighted_value_engine3_3" [source/swiftkv_attention.cpp:1465]   --->   Operation 46 'call' 'call_ln1465' <Predicate = true> <Delay = 1.21> <CoreType = "Generic">   --->   Core 0 '' <Latency = 0> <II = 1> <Delay = 1.00> <Generic> <Opcode : >
ST_1 : Operation 47 [1/1] (1.21ns)   --->   "%inverse_normalization = read i32 @_ssdm_op_Read.ap_fifo.volatile.i32P0A, i32 %inverse_normalization_stream" [source/swiftkv_attention.cpp:1483]   --->   Operation 47 'read' 'inverse_normalization' <Predicate = true> <Delay = 1.21> <CoreInst = "FIFO_SRL">   --->   Core 81 'FIFO_SRL' <Latency = 0> <II = 1> <Delay = 1.39> <Storage> <Opcode : 'read' 'write' 'nbread' 'nbwrite'> <Ports = 0> <Width = 32> <Depth = 2> <FIFO>
ST_1 : Operation 48 [1/1] (0.38ns)   --->   "%store_ln1488 = store i3 0, i3 %group" [source/swiftkv_attention.cpp:1488]   --->   Operation 48 'store' 'store_ln1488' <Predicate = true> <Delay = 0.38>

State 2 <SV = 1> <Delay = 0.00>
ST_2 : Operation 49 [1/1] (0.00ns)   --->   "%specinterface_ln0 = specinterface void @_ssdm_op_SpecInterface, i12 %position, void @ap_fifo_str, i32 0, i32 0, void @p_str, i32 0, i32 0, void @p_str, void @p_str, void @p_str, i32 2, i32 2, i32 16, i32 16, void @p_str, void @ScalarProp_str, i32 4294967295, i32 0"   --->   Operation 49 'specinterface' 'specinterface_ln0' <Predicate = true> <Delay = 0.00>
ST_2 : Operation 50 [1/1] (0.00ns)   --->   "%specmemcore_ln0 = specmemcore void @_ssdm_op_SpecMemCore, i32 %inverse_normalization_stream, i64 666, i64 10, i64 18446744073709551615"   --->   Operation 50 'specmemcore' 'specmemcore_ln0' <Predicate = true> <Delay = 0.00>
ST_2 : Operation 51 [1/1] (0.00ns)   --->   "%specmemcore_ln0 = specmemcore void @_ssdm_op_SpecMemCore, i19 %control_stream, i64 666, i64 10, i64 18446744073709551615"   --->   Operation 51 'specmemcore' 'specmemcore_ln0' <Predicate = true> <Delay = 0.00>
ST_2 : Operation 52 [1/1] (0.00ns)   --->   "%specmemcore_ln0 = specmemcore void @_ssdm_op_SpecMemCore, i128 %value1_engine3_stream, i64 666, i64 11, i64 18446744073709551615"   --->   Operation 52 'specmemcore' 'specmemcore_ln0' <Predicate = true> <Delay = 0.00>
ST_2 : Operation 53 [1/1] (0.00ns)   --->   "%specmemcore_ln0 = specmemcore void @_ssdm_op_SpecMemCore, i128 %value1_engine2_stream, i64 666, i64 11, i64 18446744073709551615"   --->   Operation 53 'specmemcore' 'specmemcore_ln0' <Predicate = true> <Delay = 0.00>
ST_2 : Operation 54 [1/1] (0.00ns)   --->   "%specmemcore_ln0 = specmemcore void @_ssdm_op_SpecMemCore, i128 %value1_engine1_stream, i64 666, i64 11, i64 18446744073709551615"   --->   Operation 54 'specmemcore' 'specmemcore_ln0' <Predicate = true> <Delay = 0.00>
ST_2 : Operation 55 [1/1] (0.00ns)   --->   "%specmemcore_ln0 = specmemcore void @_ssdm_op_SpecMemCore, i128 %value1_engine0_stream, i64 666, i64 11, i64 18446744073709551615"   --->   Operation 55 'specmemcore' 'specmemcore_ln0' <Predicate = true> <Delay = 0.00>
ST_2 : Operation 56 [1/1] (0.00ns)   --->   "%specmemcore_ln0 = specmemcore void @_ssdm_op_SpecMemCore, i128 %value0_engine3_stream, i64 666, i64 11, i64 18446744073709551615"   --->   Operation 56 'specmemcore' 'specmemcore_ln0' <Predicate = true> <Delay = 0.00>
ST_2 : Operation 57 [1/1] (0.00ns)   --->   "%specmemcore_ln0 = specmemcore void @_ssdm_op_SpecMemCore, i128 %value0_engine2_stream, i64 666, i64 11, i64 18446744073709551615"   --->   Operation 57 'specmemcore' 'specmemcore_ln0' <Predicate = true> <Delay = 0.00>
ST_2 : Operation 58 [1/1] (0.00ns)   --->   "%specmemcore_ln0 = specmemcore void @_ssdm_op_SpecMemCore, i128 %value0_engine1_stream, i64 666, i64 11, i64 18446744073709551615"   --->   Operation 58 'specmemcore' 'specmemcore_ln0' <Predicate = true> <Delay = 0.00>
ST_2 : Operation 59 [1/1] (0.00ns)   --->   "%specmemcore_ln0 = specmemcore void @_ssdm_op_SpecMemCore, i128 %value0_engine0_stream, i64 666, i64 11, i64 18446744073709551615"   --->   Operation 59 'specmemcore' 'specmemcore_ln0' <Predicate = true> <Delay = 0.00>
ST_2 : Operation 60 [1/1] (0.00ns)   --->   "%specmemcore_ln0 = specmemcore void @_ssdm_op_SpecMemCore, i40 %value_metadata_stream, i64 666, i64 10, i64 18446744073709551615"   --->   Operation 60 'specmemcore' 'specmemcore_ln0' <Predicate = true> <Delay = 0.00>
ST_2 : Operation 61 [1/1] (0.00ns)   --->   "%specmemcore_ln0 = specmemcore void @_ssdm_op_SpecMemCore, i480 %quantized_pe0, i64 666, i64 8, i64 18446744073709551615"   --->   Operation 61 'specmemcore' 'specmemcore_ln0' <Predicate = true> <Delay = 0.00>
ST_2 : Operation 62 [1/1] (0.00ns)   --->   "%specmemcore_ln0 = specmemcore void @_ssdm_op_SpecMemCore, i32 %scale_pe0, i64 666, i64 10, i64 18446744073709551615"   --->   Operation 62 'specmemcore' 'specmemcore_ln0' <Predicate = true> <Delay = 0.00>
ST_2 : Operation 63 [1/1] (0.00ns)   --->   "%specinterface_ln0 = specinterface void @_ssdm_op_SpecInterface, i32 %inverse_normalization_stream, void @empty_447, i32 0, i32 0, void @empty_418, i32 0, i32 0, void @empty_418, void @empty_418, void @empty_418, i32 0, i32 0, i32 0, i32 0, void @empty_418, void @empty_418, i32 4294967295, i32 0"   --->   Operation 63 'specinterface' 'specinterface_ln0' <Predicate = true> <Delay = 0.00>
ST_2 : Operation 64 [1/1] (0.00ns)   --->   "%specinterface_ln0 = specinterface void @_ssdm_op_SpecInterface, i19 %control_stream, void @empty_447, i32 0, i32 0, void @empty_418, i32 0, i32 0, void @empty_418, void @empty_418, void @empty_418, i32 0, i32 0, i32 0, i32 0, void @empty_418, void @empty_418, i32 4294967295, i32 0"   --->   Operation 64 'specinterface' 'specinterface_ln0' <Predicate = true> <Delay = 0.00>
ST_2 : Operation 65 [1/1] (0.00ns)   --->   "%specinterface_ln0 = specinterface void @_ssdm_op_SpecInterface, i128 %value1_engine3_stream, void @empty_447, i32 0, i32 0, void @empty_418, i32 0, i32 0, void @empty_418, void @empty_418, void @empty_418, i32 0, i32 0, i32 0, i32 0, void @empty_418, void @empty_418, i32 4294967295, i32 0"   --->   Operation 65 'specinterface' 'specinterface_ln0' <Predicate = true> <Delay = 0.00>
ST_2 : Operation 66 [1/1] (0.00ns)   --->   "%specinterface_ln0 = specinterface void @_ssdm_op_SpecInterface, i128 %value1_engine2_stream, void @empty_447, i32 0, i32 0, void @empty_418, i32 0, i32 0, void @empty_418, void @empty_418, void @empty_418, i32 0, i32 0, i32 0, i32 0, void @empty_418, void @empty_418, i32 4294967295, i32 0"   --->   Operation 66 'specinterface' 'specinterface_ln0' <Predicate = true> <Delay = 0.00>
ST_2 : Operation 67 [1/1] (0.00ns)   --->   "%specinterface_ln0 = specinterface void @_ssdm_op_SpecInterface, i128 %value1_engine1_stream, void @empty_447, i32 0, i32 0, void @empty_418, i32 0, i32 0, void @empty_418, void @empty_418, void @empty_418, i32 0, i32 0, i32 0, i32 0, void @empty_418, void @empty_418, i32 4294967295, i32 0"   --->   Operation 67 'specinterface' 'specinterface_ln0' <Predicate = true> <Delay = 0.00>
ST_2 : Operation 68 [1/1] (0.00ns)   --->   "%specinterface_ln0 = specinterface void @_ssdm_op_SpecInterface, i128 %value1_engine0_stream, void @empty_447, i32 0, i32 0, void @empty_418, i32 0, i32 0, void @empty_418, void @empty_418, void @empty_418, i32 0, i32 0, i32 0, i32 0, void @empty_418, void @empty_418, i32 4294967295, i32 0"   --->   Operation 68 'specinterface' 'specinterface_ln0' <Predicate = true> <Delay = 0.00>
ST_2 : Operation 69 [1/1] (0.00ns)   --->   "%specinterface_ln0 = specinterface void @_ssdm_op_SpecInterface, i128 %value0_engine3_stream, void @empty_447, i32 0, i32 0, void @empty_418, i32 0, i32 0, void @empty_418, void @empty_418, void @empty_418, i32 0, i32 0, i32 0, i32 0, void @empty_418, void @empty_418, i32 4294967295, i32 0"   --->   Operation 69 'specinterface' 'specinterface_ln0' <Predicate = true> <Delay = 0.00>
ST_2 : Operation 70 [1/1] (0.00ns)   --->   "%specinterface_ln0 = specinterface void @_ssdm_op_SpecInterface, i128 %value0_engine2_stream, void @empty_447, i32 0, i32 0, void @empty_418, i32 0, i32 0, void @empty_418, void @empty_418, void @empty_418, i32 0, i32 0, i32 0, i32 0, void @empty_418, void @empty_418, i32 4294967295, i32 0"   --->   Operation 70 'specinterface' 'specinterface_ln0' <Predicate = true> <Delay = 0.00>
ST_2 : Operation 71 [1/1] (0.00ns)   --->   "%specinterface_ln0 = specinterface void @_ssdm_op_SpecInterface, i128 %value0_engine1_stream, void @empty_447, i32 0, i32 0, void @empty_418, i32 0, i32 0, void @empty_418, void @empty_418, void @empty_418, i32 0, i32 0, i32 0, i32 0, void @empty_418, void @empty_418, i32 4294967295, i32 0"   --->   Operation 71 'specinterface' 'specinterface_ln0' <Predicate = true> <Delay = 0.00>
ST_2 : Operation 72 [1/1] (0.00ns)   --->   "%specinterface_ln0 = specinterface void @_ssdm_op_SpecInterface, i128 %value0_engine0_stream, void @empty_447, i32 0, i32 0, void @empty_418, i32 0, i32 0, void @empty_418, void @empty_418, void @empty_418, i32 0, i32 0, i32 0, i32 0, void @empty_418, void @empty_418, i32 4294967295, i32 0"   --->   Operation 72 'specinterface' 'specinterface_ln0' <Predicate = true> <Delay = 0.00>
ST_2 : Operation 73 [1/1] (0.00ns)   --->   "%specinterface_ln0 = specinterface void @_ssdm_op_SpecInterface, i40 %value_metadata_stream, void @empty_447, i32 0, i32 0, void @empty_418, i32 0, i32 0, void @empty_418, void @empty_418, void @empty_418, i32 0, i32 0, i32 0, i32 0, void @empty_418, void @empty_418, i32 4294967295, i32 0"   --->   Operation 73 'specinterface' 'specinterface_ln0' <Predicate = true> <Delay = 0.00>
ST_2 : Operation 74 [1/1] (0.00ns)   --->   "%specinterface_ln0 = specinterface void @_ssdm_op_SpecInterface, i480 %quantized_pe0, void @empty_447, i32 0, i32 0, void @empty_418, i32 0, i32 0, void @empty_418, void @empty_418, void @empty_418, i32 0, i32 0, i32 0, i32 0, void @empty_418, void @empty_418, i32 4294967295, i32 0"   --->   Operation 74 'specinterface' 'specinterface_ln0' <Predicate = true> <Delay = 0.00>
ST_2 : Operation 75 [1/1] (0.00ns)   --->   "%specinterface_ln0 = specinterface void @_ssdm_op_SpecInterface, i32 %scale_pe0, void @empty_447, i32 0, i32 0, void @empty_418, i32 0, i32 0, void @empty_418, void @empty_418, void @empty_418, i32 0, i32 0, i32 0, i32 0, void @empty_418, void @empty_418, i32 4294967295, i32 0"   --->   Operation 75 'specinterface' 'specinterface_ln0' <Predicate = true> <Delay = 0.00>
ST_2 : Operation 76 [1/1] (0.00ns)   --->   "%specmemcore_ln1460 = specmemcore void @_ssdm_op_SpecMemCore, i32 %weighted_value_engine0_3, i64 666, i64 22, i64 1" [source/swiftkv_attention.cpp:1460]   --->   Operation 76 'specmemcore' 'specmemcore_ln1460' <Predicate = true> <Delay = 0.00>
ST_2 : Operation 77 [1/1] (0.00ns)   --->   "%specmemcore_ln1460 = specmemcore void @_ssdm_op_SpecMemCore, i32 %weighted_value_engine0_2, i64 666, i64 22, i64 1" [source/swiftkv_attention.cpp:1460]   --->   Operation 77 'specmemcore' 'specmemcore_ln1460' <Predicate = true> <Delay = 0.00>
ST_2 : Operation 78 [1/1] (0.00ns)   --->   "%specmemcore_ln1460 = specmemcore void @_ssdm_op_SpecMemCore, i32 %weighted_value_engine0_1, i64 666, i64 22, i64 1" [source/swiftkv_attention.cpp:1460]   --->   Operation 78 'specmemcore' 'specmemcore_ln1460' <Predicate = true> <Delay = 0.00>
ST_2 : Operation 79 [1/1] (0.00ns)   --->   "%specmemcore_ln1460 = specmemcore void @_ssdm_op_SpecMemCore, i32 %weighted_value_engine0, i64 666, i64 22, i64 1" [source/swiftkv_attention.cpp:1460]   --->   Operation 79 'specmemcore' 'specmemcore_ln1460' <Predicate = true> <Delay = 0.00>
ST_2 : Operation 80 [1/1] (0.00ns)   --->   "%specmemcore_ln1461 = specmemcore void @_ssdm_op_SpecMemCore, i32 %weighted_value_engine1_3, i64 666, i64 22, i64 1" [source/swiftkv_attention.cpp:1461]   --->   Operation 80 'specmemcore' 'specmemcore_ln1461' <Predicate = true> <Delay = 0.00>
ST_2 : Operation 81 [1/1] (0.00ns)   --->   "%specmemcore_ln1461 = specmemcore void @_ssdm_op_SpecMemCore, i32 %weighted_value_engine1_2, i64 666, i64 22, i64 1" [source/swiftkv_attention.cpp:1461]   --->   Operation 81 'specmemcore' 'specmemcore_ln1461' <Predicate = true> <Delay = 0.00>
ST_2 : Operation 82 [1/1] (0.00ns)   --->   "%specmemcore_ln1461 = specmemcore void @_ssdm_op_SpecMemCore, i32 %weighted_value_engine1_1, i64 666, i64 22, i64 1" [source/swiftkv_attention.cpp:1461]   --->   Operation 82 'specmemcore' 'specmemcore_ln1461' <Predicate = true> <Delay = 0.00>
ST_2 : Operation 83 [1/1] (0.00ns)   --->   "%specmemcore_ln1461 = specmemcore void @_ssdm_op_SpecMemCore, i32 %weighted_value_engine1, i64 666, i64 22, i64 1" [source/swiftkv_attention.cpp:1461]   --->   Operation 83 'specmemcore' 'specmemcore_ln1461' <Predicate = true> <Delay = 0.00>
ST_2 : Operation 84 [1/1] (0.00ns)   --->   "%specmemcore_ln1462 = specmemcore void @_ssdm_op_SpecMemCore, i32 %weighted_value_engine2_3, i64 666, i64 22, i64 1" [source/swiftkv_attention.cpp:1462]   --->   Operation 84 'specmemcore' 'specmemcore_ln1462' <Predicate = true> <Delay = 0.00>
ST_2 : Operation 85 [1/1] (0.00ns)   --->   "%specmemcore_ln1462 = specmemcore void @_ssdm_op_SpecMemCore, i32 %weighted_value_engine2_2, i64 666, i64 22, i64 1" [source/swiftkv_attention.cpp:1462]   --->   Operation 85 'specmemcore' 'specmemcore_ln1462' <Predicate = true> <Delay = 0.00>
ST_2 : Operation 86 [1/1] (0.00ns)   --->   "%specmemcore_ln1462 = specmemcore void @_ssdm_op_SpecMemCore, i32 %weighted_value_engine2_1, i64 666, i64 22, i64 1" [source/swiftkv_attention.cpp:1462]   --->   Operation 86 'specmemcore' 'specmemcore_ln1462' <Predicate = true> <Delay = 0.00>
ST_2 : Operation 87 [1/1] (0.00ns)   --->   "%specmemcore_ln1462 = specmemcore void @_ssdm_op_SpecMemCore, i32 %weighted_value_engine2, i64 666, i64 22, i64 1" [source/swiftkv_attention.cpp:1462]   --->   Operation 87 'specmemcore' 'specmemcore_ln1462' <Predicate = true> <Delay = 0.00>
ST_2 : Operation 88 [1/1] (0.00ns)   --->   "%specmemcore_ln1463 = specmemcore void @_ssdm_op_SpecMemCore, i32 %weighted_value_engine3_3, i64 666, i64 22, i64 1" [source/swiftkv_attention.cpp:1463]   --->   Operation 88 'specmemcore' 'specmemcore_ln1463' <Predicate = true> <Delay = 0.00>
ST_2 : Operation 89 [1/1] (0.00ns)   --->   "%specmemcore_ln1463 = specmemcore void @_ssdm_op_SpecMemCore, i32 %weighted_value_engine3_2, i64 666, i64 22, i64 1" [source/swiftkv_attention.cpp:1463]   --->   Operation 89 'specmemcore' 'specmemcore_ln1463' <Predicate = true> <Delay = 0.00>
ST_2 : Operation 90 [1/1] (0.00ns)   --->   "%specmemcore_ln1463 = specmemcore void @_ssdm_op_SpecMemCore, i32 %weighted_value_engine3_1, i64 666, i64 22, i64 1" [source/swiftkv_attention.cpp:1463]   --->   Operation 90 'specmemcore' 'specmemcore_ln1463' <Predicate = true> <Delay = 0.00>
ST_2 : Operation 91 [1/1] (0.00ns)   --->   "%specmemcore_ln1463 = specmemcore void @_ssdm_op_SpecMemCore, i32 %weighted_value_engine3, i64 666, i64 22, i64 1" [source/swiftkv_attention.cpp:1463]   --->   Operation 91 'specmemcore' 'specmemcore_ln1463' <Predicate = true> <Delay = 0.00>
ST_2 : Operation 92 [1/2] (0.00ns)   --->   "%call_ln1465 = call void @swiftkv_accumulate_values_split, i40 %value_metadata_stream, i128 %value0_engine0_stream, i128 %value0_engine1_stream, i128 %value0_engine2_stream, i128 %value0_engine3_stream, i128 %value1_engine0_stream, i128 %value1_engine1_stream, i128 %value1_engine2_stream, i128 %value1_engine3_stream, i19 %control_stream, i12 %position_read, i32 %weighted_value_engine0, i32 %weighted_value_engine0_1, i32 %weighted_value_engine0_2, i32 %weighted_value_engine0_3, i32 %weighted_value_engine1, i32 %weighted_value_engine1_1, i32 %weighted_value_engine1_2, i32 %weighted_value_engine1_3, i32 %weighted_value_engine2, i32 %weighted_value_engine2_1, i32 %weighted_value_engine2_2, i32 %weighted_value_engine2_3, i32 %weighted_value_engine3, i32 %weighted_value_engine3_1, i32 %weighted_value_engine3_2, i32 %weighted_value_engine3_3" [source/swiftkv_attention.cpp:1465]   --->   Operation 92 'call' 'call_ln1465' <Predicate = true> <Delay = 0.00> <CoreType = "Generic">   --->   Core 0 '' <Latency = 0> <II = 1> <Delay = 1.00> <Generic> <Opcode : >
ST_2 : Operation 93 [1/1] (0.00ns)   --->   "%specmemcore_ln1485 = specmemcore void @_ssdm_op_SpecMemCore, i32 %attention_group, i64 666, i64 18, i64 18446744073709551615" [source/swiftkv_attention.cpp:1485]   --->   Operation 93 'specmemcore' 'specmemcore_ln1485' <Predicate = true> <Delay = 0.00>
ST_2 : Operation 94 [1/1] (0.00ns)   --->   "%br_ln1488 = br void %for.body" [source/swiftkv_attention.cpp:1488]   --->   Operation 94 'br' 'br_ln1488' <Predicate = true> <Delay = 0.00>

State 3 <SV = 2> <Delay = 1.76>
ST_3 : Operation 95 [1/1] (0.00ns)   --->   "%group_1 = load i3 %group"   --->   Operation 95 'load' 'group_1' <Predicate = true> <Delay = 0.00>
ST_3 : Operation 96 [1/1] (0.57ns)   --->   "%icmp_ln1489 = icmp_eq  i3 %group_1, i3 4" [source/swiftkv_attention.cpp:1489]   --->   Operation 96 'icmp' 'icmp_ln1489' <Predicate = true> <Delay = 0.57> <CoreInst = "Cmp">   --->   Core 9 'Cmp' <Latency = 0> <II = 1> <Delay = 0.57> <FuncUnit> <Opcode : 'icmp'> <InPorts = 2> <OutPorts = 1>
ST_3 : Operation 97 [1/1] (0.57ns)   --->   "%add_ln1490 = add i3 %group_1, i3 1" [source/swiftkv_attention.cpp:1490]   --->   Operation 97 'add' 'add_ln1490' <Predicate = true> <Delay = 0.57> <CoreInst = "Adder">   --->   Core 1 'Adder' <Latency = 0> <II = 1> <Delay = 0.57> <FuncUnit> <Opcode : 'add' 'sub'> <InPorts = 2> <OutPorts = 1>
ST_3 : Operation 98 [1/1] (0.00ns)   --->   "%br_ln1488 = br i1 %icmp_ln1489, void %for.body.split, void %for.end75" [source/swiftkv_attention.cpp:1488]   --->   Operation 98 'br' 'br_ln1488' <Predicate = true> <Delay = 0.00>
ST_3 : Operation 99 [1/1] (0.00ns)   --->   "%empty = trunc i3 %group_1"   --->   Operation 99 'trunc' 'empty' <Predicate = (!icmp_ln1489)> <Delay = 0.00>
ST_3 : Operation 100 [2/2] (1.19ns)   --->   "%call_ln1483 = call void @swiftkv_update_values_and_quantize_Pipeline_attention_normalize_lane_loop, i32 %inverse_normalization, i32 %attention_group, i32 %weighted_value_engine0, i32 %weighted_value_engine0_1, i32 %weighted_value_engine0_2, i32 %weighted_value_engine0_3, i2 %empty, i32 %weighted_value_engine1, i32 %weighted_value_engine1_1, i32 %weighted_value_engine1_2, i32 %weighted_value_engine1_3, i32 %weighted_value_engine2, i32 %weighted_value_engine2_1, i32 %weighted_value_engine2_2, i32 %weighted_value_engine2_3, i32 %weighted_value_engine3, i32 %weighted_value_engine3_1, i32 %weighted_value_engine3_2, i32 %weighted_value_engine3_3, i32 %max_abs_loc" [source/swiftkv_attention.cpp:1483]   --->   Operation 100 'call' 'call_ln1483' <Predicate = (!icmp_ln1489)> <Delay = 1.19> <CoreType = "Generic">   --->   Core 0 '' <Latency = 0> <II = 1> <Delay = 1.00> <Generic> <Opcode : >
ST_3 : Operation 101 [1/1] (0.38ns)   --->   "%store_ln1488 = store i3 %add_ln1490, i3 %group" [source/swiftkv_attention.cpp:1488]   --->   Operation 101 'store' 'store_ln1488' <Predicate = (!icmp_ln1489)> <Delay = 0.38>
ST_3 : Operation 102 [1/1] (0.00ns)   --->   "%ret_ln1564 = ret" [source/swiftkv_attention.cpp:1564]   --->   Operation 102 'ret' 'ret_ln1564' <Predicate = (icmp_ln1489)> <Delay = 0.00>

State 4 <SV = 3> <Delay = 0.00>
ST_4 : Operation 103 [1/2] (0.00ns)   --->   "%call_ln1483 = call void @swiftkv_update_values_and_quantize_Pipeline_attention_normalize_lane_loop, i32 %inverse_normalization, i32 %attention_group, i32 %weighted_value_engine0, i32 %weighted_value_engine0_1, i32 %weighted_value_engine0_2, i32 %weighted_value_engine0_3, i2 %empty, i32 %weighted_value_engine1, i32 %weighted_value_engine1_1, i32 %weighted_value_engine1_2, i32 %weighted_value_engine1_3, i32 %weighted_value_engine2, i32 %weighted_value_engine2_1, i32 %weighted_value_engine2_2, i32 %weighted_value_engine2_3, i32 %weighted_value_engine3, i32 %weighted_value_engine3_1, i32 %weighted_value_engine3_2, i32 %weighted_value_engine3_3, i32 %max_abs_loc" [source/swiftkv_attention.cpp:1483]   --->   Operation 103 'call' 'call_ln1483' <Predicate = true> <Delay = 0.00> <CoreType = "Generic">   --->   Core 0 '' <Latency = 0> <II = 1> <Delay = 1.00> <Generic> <Opcode : >

State 5 <SV = 4> <Delay = 1.98>
ST_5 : Operation 104 [1/1] (0.00ns)   --->   "%max_abs_loc_load = load i32 %max_abs_loc"   --->   Operation 104 'load' 'max_abs_loc_load' <Predicate = true> <Delay = 0.00>
ST_5 : Operation 105 [1/1] (0.88ns)   --->   "%icmp_ln1531 = icmp_eq  i32 %max_abs_loc_load, i32 0" [source/swiftkv_attention.cpp:1531]   --->   Operation 105 'icmp' 'icmp_ln1531' <Predicate = true> <Delay = 0.88> <CoreInst = "Cmp">   --->   Core 9 'Cmp' <Latency = 0> <II = 1> <Delay = 0.88> <FuncUnit> <Opcode : 'icmp'> <InPorts = 2> <OutPorts = 1>
ST_5 : Operation 106 [1/1] (0.00ns)   --->   "%tmp_22 = bitselect i1 @_ssdm_op_BitSelect.i1.i32.i32, i32 %max_abs_loc_load, i32 31" [source/swiftkv_attention.cpp:1531]   --->   Operation 106 'bitselect' 'tmp_22' <Predicate = true> <Delay = 0.00>
ST_5 : Operation 107 [1/1] (0.88ns)   --->   "%sub_ln1531 = sub i32 0, i32 %max_abs_loc_load" [source/swiftkv_attention.cpp:1531]   --->   Operation 107 'sub' 'sub_ln1531' <Predicate = true> <Delay = 0.88> <CoreInst = "Adder">   --->   Core 1 'Adder' <Latency = 0> <II = 1> <Delay = 0.88> <FuncUnit> <Opcode : 'add' 'sub'> <InPorts = 2> <OutPorts = 1>
ST_5 : Operation 108 [1/1] (0.22ns)   --->   "%select_ln1531 = select i1 %tmp_22, i32 %sub_ln1531, i32 %max_abs_loc_load" [source/swiftkv_attention.cpp:1531]   --->   Operation 108 'select' 'select_ln1531' <Predicate = true> <Delay = 0.22> <CoreInst = "Sel">   --->   Core 73 'Sel' <Latency = 0> <II = 1> <Delay = 0.22> <FuncUnit> <Opcode : 'select'> <InPorts = 3> <OutPorts = 1>
ST_5 : Operation 109 [1/1] (0.00ns)   --->   "%tmp = partselect i32 @llvm.part.select.i32, i32 %select_ln1531, i32 31, i32 0" [source/swiftkv_attention.cpp:1531]   --->   Operation 109 'partselect' 'tmp' <Predicate = true> <Delay = 0.00>
ST_5 : Operation 110 [1/1] (0.00ns)   --->   "%tmp_1 = cttz i32 @llvm.cttz.i32, i32 %tmp, i1 1" [source/swiftkv_attention.cpp:1531]   --->   Operation 110 'cttz' 'tmp_1' <Predicate = true> <Delay = 0.00>
ST_5 : Operation 111 [1/1] (0.00ns)   --->   "%trunc_ln1531 = trunc i32 %tmp_1" [source/swiftkv_attention.cpp:1531]   --->   Operation 111 'trunc' 'trunc_ln1531' <Predicate = true> <Delay = 0.00>
ST_5 : Operation 112 [1/1] (0.88ns)   --->   "%sub_ln1531_1 = sub i32 32, i32 %tmp_1" [source/swiftkv_attention.cpp:1531]   --->   Operation 112 'sub' 'sub_ln1531_1' <Predicate = true> <Delay = 0.88> <CoreInst = "Adder">   --->   Core 1 'Adder' <Latency = 0> <II = 1> <Delay = 0.88> <FuncUnit> <Opcode : 'add' 'sub'> <InPorts = 2> <OutPorts = 1>
ST_5 : Operation 113 [1/1] (0.00ns)   --->   "%trunc_ln1531_1 = trunc i32 %sub_ln1531_1" [source/swiftkv_attention.cpp:1531]   --->   Operation 113 'trunc' 'trunc_ln1531_1' <Predicate = true> <Delay = 0.00>

State 6 <SV = 5> <Delay = 2.30>
ST_6 : Operation 114 [1/1] (0.88ns)   --->   "%add_ln1531 = add i32 %sub_ln1531_1, i32 4294967272" [source/swiftkv_attention.cpp:1531]   --->   Operation 114 'add' 'add_ln1531' <Predicate = (!icmp_ln1531)> <Delay = 0.88> <CoreInst = "Adder">   --->   Core 1 'Adder' <Latency = 0> <II = 1> <Delay = 0.88> <FuncUnit> <Opcode : 'add' 'sub'> <InPorts = 2> <OutPorts = 1>
ST_6 : Operation 115 [1/1] (0.00ns)   --->   "%tmp_23 = partselect i31 @_ssdm_op_PartSelect.i31.i32.i32.i32, i32 %add_ln1531, i32 1, i32 31" [source/swiftkv_attention.cpp:1531]   --->   Operation 115 'partselect' 'tmp_23' <Predicate = (!icmp_ln1531)> <Delay = 0.00>
ST_6 : Operation 116 [1/1] (0.87ns)   --->   "%icmp_ln1531_1 = icmp_sgt  i31 %tmp_23, i31 0" [source/swiftkv_attention.cpp:1531]   --->   Operation 116 'icmp' 'icmp_ln1531_1' <Predicate = (!icmp_ln1531)> <Delay = 0.87> <CoreInst = "Cmp">   --->   Core 9 'Cmp' <Latency = 0> <II = 1> <Delay = 0.87> <FuncUnit> <Opcode : 'icmp'> <InPorts = 2> <OutPorts = 1>
ST_6 : Operation 117 [1/1] (0.70ns)   --->   "%sub_ln1531_4 = sub i5 25, i5 %trunc_ln1531_1" [source/swiftkv_attention.cpp:1531]   --->   Operation 117 'sub' 'sub_ln1531_4' <Predicate = (!icmp_ln1531)> <Delay = 0.70> <CoreInst = "Adder">   --->   Core 1 'Adder' <Latency = 0> <II = 1> <Delay = 0.70> <FuncUnit> <Opcode : 'add' 'sub'> <InPorts = 2> <OutPorts = 1>
ST_6 : Operation 118 [1/1] (0.00ns)   --->   "%zext_ln1531_5 = zext i5 %sub_ln1531_4" [source/swiftkv_attention.cpp:1531]   --->   Operation 118 'zext' 'zext_ln1531_5' <Predicate = (!icmp_ln1531)> <Delay = 0.00>
ST_6 : Operation 119 [1/1] (0.59ns)   --->   "%lshr_ln1531_2 = lshr i32 4294967295, i32 %zext_ln1531_5" [source/swiftkv_attention.cpp:1531]   --->   Operation 119 'lshr' 'lshr_ln1531_2' <Predicate = (!icmp_ln1531)> <Delay = 0.59> <CoreInst = "Shifter">   --->   Core 75 'Shifter' <Latency = 0> <II = 1> <Delay = 0.59> <FuncUnit> <Opcode : 'shl' 'lshr' 'ashr'> <InPorts = 2> <OutPorts = 1>
ST_6 : Operation 120 [1/1] (0.00ns) (grouped into LUT with out node icmp_ln1531_2)   --->   "%and_ln1531_2 = and i32 %select_ln1531, i32 %lshr_ln1531_2" [source/swiftkv_attention.cpp:1531]   --->   Operation 120 'and' 'and_ln1531_2' <Predicate = (!icmp_ln1531)> <Delay = 0.00> <CoreInst = "LogicGate">   --->   Core 74 'LogicGate' <Latency = 0> <II = 1> <Delay = 0.21> <FuncUnit> <Opcode : 'and' 'or' 'xor'> <InPorts = 2> <OutPorts = 1>
ST_6 : Operation 121 [1/1] (0.88ns) (out node of the LUT)   --->   "%icmp_ln1531_2 = icmp_ne  i32 %and_ln1531_2, i32 0" [source/swiftkv_attention.cpp:1531]   --->   Operation 121 'icmp' 'icmp_ln1531_2' <Predicate = (!icmp_ln1531)> <Delay = 0.88> <CoreInst = "Cmp">   --->   Core 9 'Cmp' <Latency = 0> <II = 1> <Delay = 0.88> <FuncUnit> <Opcode : 'icmp'> <InPorts = 2> <OutPorts = 1>
ST_6 : Operation 122 [1/1] (0.00ns) (grouped into LUT with out node or_ln)   --->   "%and_ln1531 = and i1 %icmp_ln1531_1, i1 %icmp_ln1531_2" [source/swiftkv_attention.cpp:1531]   --->   Operation 122 'and' 'and_ln1531' <Predicate = (!icmp_ln1531)> <Delay = 0.00> <CoreInst = "LogicGate">   --->   Core 74 'LogicGate' <Latency = 0> <II = 1> <Delay = 0.12> <FuncUnit> <Opcode : 'and' 'or' 'xor'> <InPorts = 2> <OutPorts = 1>
ST_6 : Operation 123 [1/1] (0.00ns) (grouped into LUT with out node or_ln)   --->   "%tmp_24 = bitselect i1 @_ssdm_op_BitSelect.i1.i32.i32, i32 %add_ln1531, i32 31" [source/swiftkv_attention.cpp:1531]   --->   Operation 123 'bitselect' 'tmp_24' <Predicate = (!icmp_ln1531)> <Delay = 0.00>
ST_6 : Operation 124 [1/1] (0.00ns) (grouped into LUT with out node or_ln)   --->   "%xor_ln1531 = xor i1 %tmp_24, i1 1" [source/swiftkv_attention.cpp:1531]   --->   Operation 124 'xor' 'xor_ln1531' <Predicate = (!icmp_ln1531)> <Delay = 0.00> <CoreInst = "LogicGate">   --->   Core 74 'LogicGate' <Latency = 0> <II = 1> <Delay = 0.12> <FuncUnit> <Opcode : 'and' 'or' 'xor'> <InPorts = 2> <OutPorts = 1>
ST_6 : Operation 125 [1/1] (0.00ns)   --->   "%bit_select27_i_i1 = bitselect i1 @_ssdm_op_BitSelect.i1.i32.i32, i32 %select_ln1531, i32 %add_ln1531" [source/swiftkv_attention.cpp:1531]   --->   Operation 125 'bitselect' 'bit_select27_i_i1' <Predicate = (!icmp_ln1531)> <Delay = 0.00>
ST_6 : Operation 126 [1/1] (0.00ns) (grouped into LUT with out node or_ln)   --->   "%and_ln1531_1 = and i1 %bit_select27_i_i1, i1 %xor_ln1531" [source/swiftkv_attention.cpp:1531]   --->   Operation 126 'and' 'and_ln1531_1' <Predicate = (!icmp_ln1531)> <Delay = 0.00> <CoreInst = "LogicGate">   --->   Core 74 'LogicGate' <Latency = 0> <II = 1> <Delay = 0.12> <FuncUnit> <Opcode : 'and' 'or' 'xor'> <InPorts = 2> <OutPorts = 1>
ST_6 : Operation 127 [1/1] (0.00ns) (grouped into LUT with out node or_ln)   --->   "%or_ln1531 = or i1 %and_ln1531_1, i1 %and_ln1531" [source/swiftkv_attention.cpp:1531]   --->   Operation 127 'or' 'or_ln1531' <Predicate = (!icmp_ln1531)> <Delay = 0.00> <CoreInst = "LogicGate">   --->   Core 74 'LogicGate' <Latency = 0> <II = 1> <Delay = 0.12> <FuncUnit> <Opcode : 'and' 'or' 'xor'> <InPorts = 2> <OutPorts = 1>
ST_6 : Operation 128 [1/1] (0.12ns) (out node of the LUT)   --->   "%or_ln = bitconcatenate i2 @_ssdm_op_BitConcatenate.i2.i1.i1, i1 0, i1 %or_ln1531" [source/swiftkv_attention.cpp:1531]   --->   Operation 128 'bitconcatenate' 'or_ln' <Predicate = (!icmp_ln1531)> <Delay = 0.12>
ST_6 : Operation 129 [1/1] (0.00ns)   --->   "%zext_ln1531 = zext i32 %select_ln1531" [source/swiftkv_attention.cpp:1531]   --->   Operation 129 'zext' 'zext_ln1531' <Predicate = (!icmp_ln1531)> <Delay = 0.00>
ST_6 : Operation 130 [1/1] (0.88ns)   --->   "%icmp_ln1531_3 = icmp_sgt  i32 %add_ln1531, i32 0" [source/swiftkv_attention.cpp:1531]   --->   Operation 130 'icmp' 'icmp_ln1531_3' <Predicate = (!icmp_ln1531)> <Delay = 0.88> <CoreInst = "Cmp">   --->   Core 9 'Cmp' <Latency = 0> <II = 1> <Delay = 0.88> <FuncUnit> <Opcode : 'icmp'> <InPorts = 2> <OutPorts = 1>
ST_6 : Operation 131 [1/1] (0.88ns)   --->   "%add_ln1531_1 = add i32 %sub_ln1531_1, i32 4294967271" [source/swiftkv_attention.cpp:1531]   --->   Operation 131 'add' 'add_ln1531_1' <Predicate = (!icmp_ln1531)> <Delay = 0.88> <CoreInst = "Adder">   --->   Core 1 'Adder' <Latency = 0> <II = 1> <Delay = 0.88> <FuncUnit> <Opcode : 'add' 'sub'> <InPorts = 2> <OutPorts = 1>
ST_6 : Operation 132 [1/1] (0.00ns)   --->   "%zext_ln1531_1 = zext i32 %add_ln1531_1" [source/swiftkv_attention.cpp:1531]   --->   Operation 132 'zext' 'zext_ln1531_1' <Predicate = (!icmp_ln1531)> <Delay = 0.00>
ST_6 : Operation 133 [1/1] (1.05ns)   --->   "%lshr_ln1531 = lshr i64 %zext_ln1531, i64 %zext_ln1531_1" [source/swiftkv_attention.cpp:1531]   --->   Operation 133 'lshr' 'lshr_ln1531' <Predicate = (!icmp_ln1531)> <Delay = 1.05> <CoreInst = "Shifter">   --->   Core 75 'Shifter' <Latency = 0> <II = 1> <Delay = 1.05> <FuncUnit> <Opcode : 'shl' 'lshr' 'ashr'> <InPorts = 2> <OutPorts = 1>
ST_6 : Operation 134 [1/1] (0.88ns)   --->   "%sub_ln1531_2 = sub i32 25, i32 %sub_ln1531_1" [source/swiftkv_attention.cpp:1531]   --->   Operation 134 'sub' 'sub_ln1531_2' <Predicate = (!icmp_ln1531)> <Delay = 0.88> <CoreInst = "Adder">   --->   Core 1 'Adder' <Latency = 0> <II = 1> <Delay = 0.88> <FuncUnit> <Opcode : 'add' 'sub'> <InPorts = 2> <OutPorts = 1>
ST_6 : Operation 135 [1/1] (0.00ns)   --->   "%zext_ln1531_2 = zext i32 %sub_ln1531_2" [source/swiftkv_attention.cpp:1531]   --->   Operation 135 'zext' 'zext_ln1531_2' <Predicate = (!icmp_ln1531)> <Delay = 0.00>
ST_6 : Operation 136 [1/1] (1.05ns)   --->   "%shl_ln1531 = shl i64 %zext_ln1531, i64 %zext_ln1531_2" [source/swiftkv_attention.cpp:1531]   --->   Operation 136 'shl' 'shl_ln1531' <Predicate = (!icmp_ln1531)> <Delay = 1.05> <CoreInst = "Shifter">   --->   Core 75 'Shifter' <Latency = 0> <II = 1> <Delay = 1.05> <FuncUnit> <Opcode : 'shl' 'lshr' 'ashr'> <InPorts = 2> <OutPorts = 1>

State 7 <SV = 6> <Delay = 2.28>
ST_7 : Operation 137 [1/1] (0.00ns) (grouped into LUT with out node add_ln1531_2)   --->   "%select_ln1531_1 = select i1 %icmp_ln1531_3, i64 %lshr_ln1531, i64 %shl_ln1531" [source/swiftkv_attention.cpp:1531]   --->   Operation 137 'select' 'select_ln1531_1' <Predicate = (!icmp_ln1531)> <Delay = 0.00> <CoreInst = "Sel">   --->   Core 73 'Sel' <Latency = 0> <II = 1> <Delay = 0.41> <FuncUnit> <Opcode : 'select'> <InPorts = 3> <OutPorts = 1>
ST_7 : Operation 138 [1/1] (0.00ns) (grouped into LUT with out node add_ln1531_2)   --->   "%zext_ln1531_3 = zext i2 %or_ln" [source/swiftkv_attention.cpp:1531]   --->   Operation 138 'zext' 'zext_ln1531_3' <Predicate = (!icmp_ln1531)> <Delay = 0.00>
ST_7 : Operation 139 [1/1] (1.14ns) (out node of the LUT)   --->   "%add_ln1531_2 = add i64 %select_ln1531_1, i64 %zext_ln1531_3" [source/swiftkv_attention.cpp:1531]   --->   Operation 139 'add' 'add_ln1531_2' <Predicate = (!icmp_ln1531)> <Delay = 1.14> <CoreInst = "Adder">   --->   Core 1 'Adder' <Latency = 0> <II = 1> <Delay = 1.14> <FuncUnit> <Opcode : 'add' 'sub'> <InPorts = 2> <OutPorts = 1>
ST_7 : Operation 140 [1/1] (0.00ns)   --->   "%lshr_ln1531_1 = partselect i63 @_ssdm_op_PartSelect.i63.i64.i32.i32, i64 %add_ln1531_2, i32 1, i32 63" [source/swiftkv_attention.cpp:1531]   --->   Operation 140 'partselect' 'lshr_ln1531_1' <Predicate = (!icmp_ln1531)> <Delay = 0.00>
ST_7 : Operation 141 [1/1] (0.00ns)   --->   "%zext_ln1531_4 = zext i63 %lshr_ln1531_1" [source/swiftkv_attention.cpp:1531]   --->   Operation 141 'zext' 'zext_ln1531_4' <Predicate = (!icmp_ln1531)> <Delay = 0.00>
ST_7 : Operation 142 [1/1] (0.00ns)   --->   "%tmp_25 = bitselect i1 @_ssdm_op_BitSelect.i1.i64.i32, i64 %add_ln1531_2, i32 25" [source/swiftkv_attention.cpp:1531]   --->   Operation 142 'bitselect' 'tmp_25' <Predicate = (!icmp_ln1531)> <Delay = 0.00>
ST_7 : Operation 143 [1/1] (0.30ns)   --->   "%select_ln1531_2 = select i1 %tmp_25, i8 127, i8 126" [source/swiftkv_attention.cpp:1531]   --->   Operation 143 'select' 'select_ln1531_2' <Predicate = (!icmp_ln1531)> <Delay = 0.30> <CoreInst = "Sel">   --->   Core 73 'Sel' <Latency = 0> <II = 1> <Delay = 0.30> <FuncUnit> <Opcode : 'select'> <InPorts = 3> <OutPorts = 1>
ST_7 : Operation 144 [1/1] (0.00ns) (grouped into TernaryAdder)   --->   "%sub_ln1531_3 = sub i8 15, i8 %trunc_ln1531" [source/swiftkv_attention.cpp:1531]   --->   Operation 144 'sub' 'sub_ln1531_3' <Predicate = (!icmp_ln1531)> <Delay = 0.00> <CoreInst = "TAddSub">   --->   Core 10 'TAddSub' <Latency = 0> <II = 1> <Delay = 0.41> <IPBlock> <Opcode : '' 'add' 'sub'> <InPorts = 3> <OutPorts = 1> <Sync> <CReg>
ST_7 : Operation 145 [1/1] (0.83ns) (root node of TernaryAdder)   --->   "%add_ln1531_3 = add i8 %sub_ln1531_3, i8 %select_ln1531_2" [source/swiftkv_attention.cpp:1531]   --->   Operation 145 'add' 'add_ln1531_3' <Predicate = (!icmp_ln1531)> <Delay = 0.83> <CoreInst = "TAddSub">   --->   Core 10 'TAddSub' <Latency = 0> <II = 1> <Delay = 0.41> <IPBlock> <Opcode : '' 'add' 'sub'> <InPorts = 3> <OutPorts = 1> <Sync> <CReg>
ST_7 : Operation 146 [1/1] (0.00ns)   --->   "%tmp_8 = bitconcatenate i9 @_ssdm_op_BitConcatenate.i9.i1.i8, i1 %tmp_22, i8 %add_ln1531_3" [source/swiftkv_attention.cpp:1531]   --->   Operation 146 'bitconcatenate' 'tmp_8' <Predicate = (!icmp_ln1531)> <Delay = 0.00>
ST_7 : Operation 147 [1/1] (0.00ns)   --->   "%pi_assign = partset i64 @_ssdm_op_PartSet.i64.i64.i9.i32.i32, i64 %zext_ln1531_4, i9 %tmp_8, i32 23, i32 31" [source/swiftkv_attention.cpp:1531]   --->   Operation 147 'partset' 'pi_assign' <Predicate = (!icmp_ln1531)> <Delay = 0.00>
ST_7 : Operation 148 [1/1] (0.00ns)   --->   "%LD = trunc i64 %pi_assign" [source/swiftkv_attention.cpp:1531]   --->   Operation 148 'trunc' 'LD' <Predicate = (!icmp_ln1531)> <Delay = 0.00>

State 8 <SV = 7> <Delay = 1.87>
ST_8 : Operation 149 [1/1] (0.00ns)   --->   "%bitcast_ln766 = bitcast i32 %LD" [source/swiftkv_attention.cpp:1531]   --->   Operation 149 'bitcast' 'bitcast_ln766' <Predicate = (!icmp_ln1531)> <Delay = 0.00>
ST_8 : Operation 150 [1/1] (0.22ns)   --->   "%max_float = select i1 %icmp_ln1531, i32 0, i32 %bitcast_ln766" [source/swiftkv_attention.cpp:1531]   --->   Operation 150 'select' 'max_float' <Predicate = true> <Delay = 0.22> <CoreInst = "Sel">   --->   Core 73 'Sel' <Latency = 0> <II = 1> <Delay = 0.22> <FuncUnit> <Opcode : 'select'> <InPorts = 3> <OutPorts = 1>
ST_8 : Operation 151 [2/2] (1.64ns)   --->   "%tmp_9 = fcmp_oeq  i32 %max_float, i32 0" [source/swiftkv_attention.cpp:1533]   --->   Operation 151 'fcmp' 'tmp_9' <Predicate = true> <Delay = 1.64> <CoreInst = "FCompare">   --->   Core 19 'FCompare' <Latency = 1> <II = 1> <Delay = 1.64> <FuncUnit> <Opcode : 'fcmp'> <InPorts = 2> <OutPorts = 1>

State 9 <SV = 8> <Delay = 1.77>
ST_9 : Operation 152 [1/1] (0.00ns)   --->   "%bitcast_ln1533 = bitcast i32 %max_float" [source/swiftkv_attention.cpp:1533]   --->   Operation 152 'bitcast' 'bitcast_ln1533' <Predicate = true> <Delay = 0.00>
ST_9 : Operation 153 [1/1] (0.00ns)   --->   "%tmp_4 = partselect i8 @_ssdm_op_PartSelect.i8.i32.i32.i32, i32 %bitcast_ln1533, i32 23, i32 30" [source/swiftkv_attention.cpp:1533]   --->   Operation 153 'partselect' 'tmp_4' <Predicate = true> <Delay = 0.00>
ST_9 : Operation 154 [1/1] (0.00ns)   --->   "%trunc_ln1533 = trunc i32 %bitcast_ln1533" [source/swiftkv_attention.cpp:1533]   --->   Operation 154 'trunc' 'trunc_ln1533' <Predicate = true> <Delay = 0.00>
ST_9 : Operation 155 [1/1] (0.70ns)   --->   "%icmp_ln1533 = icmp_ne  i8 %tmp_4, i8 255" [source/swiftkv_attention.cpp:1533]   --->   Operation 155 'icmp' 'icmp_ln1533' <Predicate = true> <Delay = 0.70> <CoreInst = "Cmp">   --->   Core 9 'Cmp' <Latency = 0> <II = 1> <Delay = 0.70> <FuncUnit> <Opcode : 'icmp'> <InPorts = 2> <OutPorts = 1>
ST_9 : Operation 156 [1/1] (0.82ns)   --->   "%icmp_ln1533_1 = icmp_eq  i23 %trunc_ln1533, i23 0" [source/swiftkv_attention.cpp:1533]   --->   Operation 156 'icmp' 'icmp_ln1533_1' <Predicate = true> <Delay = 0.82> <CoreInst = "Cmp">   --->   Core 9 'Cmp' <Latency = 0> <II = 1> <Delay = 0.82> <FuncUnit> <Opcode : 'icmp'> <InPorts = 2> <OutPorts = 1>
ST_9 : Operation 157 [1/1] (0.00ns) (grouped into LUT with out node and_ln1533)   --->   "%or_ln1533 = or i1 %icmp_ln1533_1, i1 %icmp_ln1533" [source/swiftkv_attention.cpp:1533]   --->   Operation 157 'or' 'or_ln1533' <Predicate = true> <Delay = 0.00> <CoreInst = "LogicGate">   --->   Core 74 'LogicGate' <Latency = 0> <II = 1> <Delay = 0.12> <FuncUnit> <Opcode : 'and' 'or' 'xor'> <InPorts = 2> <OutPorts = 1>
ST_9 : Operation 158 [1/2] (1.64ns)   --->   "%tmp_9 = fcmp_oeq  i32 %max_float, i32 0" [source/swiftkv_attention.cpp:1533]   --->   Operation 158 'fcmp' 'tmp_9' <Predicate = true> <Delay = 1.64> <CoreInst = "FCompare">   --->   Core 19 'FCompare' <Latency = 1> <II = 1> <Delay = 1.64> <FuncUnit> <Opcode : 'fcmp'> <InPorts = 2> <OutPorts = 1>
ST_9 : Operation 159 [1/1] (0.12ns) (out node of the LUT)   --->   "%and_ln1533 = and i1 %or_ln1533, i1 %tmp_9" [source/swiftkv_attention.cpp:1533]   --->   Operation 159 'and' 'and_ln1533' <Predicate = true> <Delay = 0.12> <CoreInst = "LogicGate">   --->   Core 74 'LogicGate' <Latency = 0> <II = 1> <Delay = 0.12> <FuncUnit> <Opcode : 'and' 'or' 'xor'> <InPorts = 2> <OutPorts = 1>

State 10 <SV = 9> <Delay = 2.32>
ST_10 : Operation 160 [12/12] (2.32ns)   --->   "%div = fdiv i32 16383, i32 %max_float" [source/swiftkv_attention.cpp:1537]   --->   Operation 160 'fdiv' 'div' <Predicate = (!and_ln1533)> <Delay = 2.32> <CoreInst = "FDiv">   --->   Core 20 'FDiv' <Latency = 11> <II = 1> <Delay = 2.32> <FuncUnit> <Opcode : 'fdiv' 'frem'> <InPorts = 2> <OutPorts = 1>

State 11 <SV = 10> <Delay = 2.32>
ST_11 : Operation 161 [11/12] (2.32ns)   --->   "%div = fdiv i32 16383, i32 %max_float" [source/swiftkv_attention.cpp:1537]   --->   Operation 161 'fdiv' 'div' <Predicate = (!and_ln1533)> <Delay = 2.32> <CoreInst = "FDiv">   --->   Core 20 'FDiv' <Latency = 11> <II = 1> <Delay = 2.32> <FuncUnit> <Opcode : 'fdiv' 'frem'> <InPorts = 2> <OutPorts = 1>

State 12 <SV = 11> <Delay = 2.32>
ST_12 : Operation 162 [10/12] (2.32ns)   --->   "%div = fdiv i32 16383, i32 %max_float" [source/swiftkv_attention.cpp:1537]   --->   Operation 162 'fdiv' 'div' <Predicate = (!and_ln1533)> <Delay = 2.32> <CoreInst = "FDiv">   --->   Core 20 'FDiv' <Latency = 11> <II = 1> <Delay = 2.32> <FuncUnit> <Opcode : 'fdiv' 'frem'> <InPorts = 2> <OutPorts = 1>

State 13 <SV = 12> <Delay = 2.32>
ST_13 : Operation 163 [9/12] (2.32ns)   --->   "%div = fdiv i32 16383, i32 %max_float" [source/swiftkv_attention.cpp:1537]   --->   Operation 163 'fdiv' 'div' <Predicate = (!and_ln1533)> <Delay = 2.32> <CoreInst = "FDiv">   --->   Core 20 'FDiv' <Latency = 11> <II = 1> <Delay = 2.32> <FuncUnit> <Opcode : 'fdiv' 'frem'> <InPorts = 2> <OutPorts = 1>

State 14 <SV = 13> <Delay = 2.32>
ST_14 : Operation 164 [8/12] (2.32ns)   --->   "%div = fdiv i32 16383, i32 %max_float" [source/swiftkv_attention.cpp:1537]   --->   Operation 164 'fdiv' 'div' <Predicate = (!and_ln1533)> <Delay = 2.32> <CoreInst = "FDiv">   --->   Core 20 'FDiv' <Latency = 11> <II = 1> <Delay = 2.32> <FuncUnit> <Opcode : 'fdiv' 'frem'> <InPorts = 2> <OutPorts = 1>

State 15 <SV = 14> <Delay = 2.32>
ST_15 : Operation 165 [7/12] (2.32ns)   --->   "%div = fdiv i32 16383, i32 %max_float" [source/swiftkv_attention.cpp:1537]   --->   Operation 165 'fdiv' 'div' <Predicate = (!and_ln1533)> <Delay = 2.32> <CoreInst = "FDiv">   --->   Core 20 'FDiv' <Latency = 11> <II = 1> <Delay = 2.32> <FuncUnit> <Opcode : 'fdiv' 'frem'> <InPorts = 2> <OutPorts = 1>

State 16 <SV = 15> <Delay = 2.32>
ST_16 : Operation 166 [6/12] (2.32ns)   --->   "%div = fdiv i32 16383, i32 %max_float" [source/swiftkv_attention.cpp:1537]   --->   Operation 166 'fdiv' 'div' <Predicate = (!and_ln1533)> <Delay = 2.32> <CoreInst = "FDiv">   --->   Core 20 'FDiv' <Latency = 11> <II = 1> <Delay = 2.32> <FuncUnit> <Opcode : 'fdiv' 'frem'> <InPorts = 2> <OutPorts = 1>

State 17 <SV = 16> <Delay = 2.32>
ST_17 : Operation 167 [5/12] (2.32ns)   --->   "%div = fdiv i32 16383, i32 %max_float" [source/swiftkv_attention.cpp:1537]   --->   Operation 167 'fdiv' 'div' <Predicate = (!and_ln1533)> <Delay = 2.32> <CoreInst = "FDiv">   --->   Core 20 'FDiv' <Latency = 11> <II = 1> <Delay = 2.32> <FuncUnit> <Opcode : 'fdiv' 'frem'> <InPorts = 2> <OutPorts = 1>

State 18 <SV = 17> <Delay = 2.32>
ST_18 : Operation 168 [4/4] (2.32ns)   --->   "%mul = fmul i32 %max_float, i32 6.10389e-05" [source/swiftkv_attention.cpp:1535]   --->   Operation 168 'fmul' 'mul' <Predicate = (!and_ln1533)> <Delay = 2.32> <CoreInst = "FMul_maxdsp">   --->   Core 30 'FMul_maxdsp' <Latency = 3> <II = 1> <Delay = 2.32> <FuncUnit> <Opcode : 'fmul'> <InPorts = 2> <OutPorts = 1>
ST_18 : Operation 169 [4/12] (2.32ns)   --->   "%div = fdiv i32 16383, i32 %max_float" [source/swiftkv_attention.cpp:1537]   --->   Operation 169 'fdiv' 'div' <Predicate = (!and_ln1533)> <Delay = 2.32> <CoreInst = "FDiv">   --->   Core 20 'FDiv' <Latency = 11> <II = 1> <Delay = 2.32> <FuncUnit> <Opcode : 'fdiv' 'frem'> <InPorts = 2> <OutPorts = 1>

State 19 <SV = 18> <Delay = 2.32>
ST_19 : Operation 170 [3/4] (2.32ns)   --->   "%mul = fmul i32 %max_float, i32 6.10389e-05" [source/swiftkv_attention.cpp:1535]   --->   Operation 170 'fmul' 'mul' <Predicate = (!and_ln1533)> <Delay = 2.32> <CoreInst = "FMul_maxdsp">   --->   Core 30 'FMul_maxdsp' <Latency = 3> <II = 1> <Delay = 2.32> <FuncUnit> <Opcode : 'fmul'> <InPorts = 2> <OutPorts = 1>
ST_19 : Operation 171 [3/12] (2.32ns)   --->   "%div = fdiv i32 16383, i32 %max_float" [source/swiftkv_attention.cpp:1537]   --->   Operation 171 'fdiv' 'div' <Predicate = (!and_ln1533)> <Delay = 2.32> <CoreInst = "FDiv">   --->   Core 20 'FDiv' <Latency = 11> <II = 1> <Delay = 2.32> <FuncUnit> <Opcode : 'fdiv' 'frem'> <InPorts = 2> <OutPorts = 1>

State 20 <SV = 19> <Delay = 2.32>
ST_20 : Operation 172 [2/4] (2.32ns)   --->   "%mul = fmul i32 %max_float, i32 6.10389e-05" [source/swiftkv_attention.cpp:1535]   --->   Operation 172 'fmul' 'mul' <Predicate = (!and_ln1533)> <Delay = 2.32> <CoreInst = "FMul_maxdsp">   --->   Core 30 'FMul_maxdsp' <Latency = 3> <II = 1> <Delay = 2.32> <FuncUnit> <Opcode : 'fmul'> <InPorts = 2> <OutPorts = 1>
ST_20 : Operation 173 [2/12] (2.32ns)   --->   "%div = fdiv i32 16383, i32 %max_float" [source/swiftkv_attention.cpp:1537]   --->   Operation 173 'fdiv' 'div' <Predicate = (!and_ln1533)> <Delay = 2.32> <CoreInst = "FDiv">   --->   Core 20 'FDiv' <Latency = 11> <II = 1> <Delay = 2.32> <FuncUnit> <Opcode : 'fdiv' 'frem'> <InPorts = 2> <OutPorts = 1>

State 21 <SV = 20> <Delay = 2.32>
ST_21 : Operation 174 [1/4] (2.32ns)   --->   "%mul = fmul i32 %max_float, i32 6.10389e-05" [source/swiftkv_attention.cpp:1535]   --->   Operation 174 'fmul' 'mul' <Predicate = (!and_ln1533)> <Delay = 2.32> <CoreInst = "FMul_maxdsp">   --->   Core 30 'FMul_maxdsp' <Latency = 3> <II = 1> <Delay = 2.32> <FuncUnit> <Opcode : 'fmul'> <InPorts = 2> <OutPorts = 1>
ST_21 : Operation 175 [1/12] (2.32ns)   --->   "%div = fdiv i32 16383, i32 %max_float" [source/swiftkv_attention.cpp:1537]   --->   Operation 175 'fdiv' 'div' <Predicate = (!and_ln1533)> <Delay = 2.32> <CoreInst = "FDiv">   --->   Core 20 'FDiv' <Latency = 11> <II = 1> <Delay = 2.32> <FuncUnit> <Opcode : 'fdiv' 'frem'> <InPorts = 2> <OutPorts = 1>

State 22 <SV = 21> <Delay = 0.22>
ST_22 : Operation 176 [1/1] (0.22ns)   --->   "%inverse_scale = select i1 %and_ln1533, i32 0, i32 %div" [source/swiftkv_attention.cpp:1537]   --->   Operation 176 'select' 'inverse_scale' <Predicate = true> <Delay = 0.22> <CoreInst = "Sel">   --->   Core 73 'Sel' <Latency = 0> <II = 1> <Delay = 0.22> <FuncUnit> <Opcode : 'select'> <InPorts = 3> <OutPorts = 1>
ST_22 : Operation 177 [1/1] (0.00ns)   --->   "%bitcast_ln1538 = bitcast i32 %mul" [source/swiftkv_attention.cpp:1538]   --->   Operation 177 'bitcast' 'bitcast_ln1538' <Predicate = (!and_ln1533)> <Delay = 0.00>
ST_22 : Operation 178 [1/1] (0.22ns)   --->   "%select_ln1538 = select i1 %and_ln1533, i32 0, i32 %bitcast_ln1538" [source/swiftkv_attention.cpp:1538]   --->   Operation 178 'select' 'select_ln1538' <Predicate = true> <Delay = 0.22> <CoreInst = "Sel">   --->   Core 73 'Sel' <Latency = 0> <II = 1> <Delay = 0.22> <FuncUnit> <Opcode : 'select'> <InPorts = 3> <OutPorts = 1>
ST_22 : Operation 179 [2/2] (0.00ns)   --->   "%call_ln1537 = call void @swiftkv_update_values_and_quantize_Pipeline_attention_quantize_reverse_loop, i32 %attention_group, i32 %inverse_scale, i480 %quantized_word_loc" [source/swiftkv_attention.cpp:1537]   --->   Operation 179 'call' 'call_ln1537' <Predicate = true> <Delay = 0.00> <CoreType = "Generic">   --->   Core 0 '' <Latency = 0> <II = 1> <Delay = 1.00> <Generic> <Opcode : >

State 23 <SV = 22> <Delay = 0.00>
ST_23 : Operation 180 [1/2] (0.00ns)   --->   "%call_ln1537 = call void @swiftkv_update_values_and_quantize_Pipeline_attention_quantize_reverse_loop, i32 %attention_group, i32 %inverse_scale, i480 %quantized_word_loc" [source/swiftkv_attention.cpp:1537]   --->   Operation 180 'call' 'call_ln1537' <Predicate = true> <Delay = 0.00> <CoreType = "Generic">   --->   Core 0 '' <Latency = 0> <II = 1> <Delay = 1.00> <Generic> <Opcode : >

State 24 <SV = 23> <Delay = 1.21>
ST_24 : Operation 181 [1/1] (0.00ns)   --->   "%speclooptripcount_ln1488 = speclooptripcount void @_ssdm_op_SpecLoopTripCount, i64 4, i64 4, i64 4" [source/swiftkv_attention.cpp:1488]   --->   Operation 181 'speclooptripcount' 'speclooptripcount_ln1488' <Predicate = true> <Delay = 0.00>
ST_24 : Operation 182 [1/1] (0.00ns)   --->   "%specloopname_ln1488 = specloopname void @_ssdm_op_SpecLoopName, void @empty_482" [source/swiftkv_attention.cpp:1488]   --->   Operation 182 'specloopname' 'specloopname_ln1488' <Predicate = true> <Delay = 0.00>
ST_24 : Operation 183 [1/1] (1.21ns)   --->   "%write_ln1538 = write void @_ssdm_op_Write.ap_fifo.volatile.i32P0A, i32 %scale_pe0, i32 %select_ln1538" [source/swiftkv_attention.cpp:1538]   --->   Operation 183 'write' 'write_ln1538' <Predicate = true> <Delay = 1.21> <CoreInst = "FIFO_SRL">   --->   Core 81 'FIFO_SRL' <Latency = 0> <II = 1> <Delay = 1.46> <Storage> <Opcode : 'read' 'write' 'nbread' 'nbwrite'> <Ports = 0> <Width = 32> <Depth = 4> <FIFO>
ST_24 : Operation 184 [1/1] (0.00ns)   --->   "%quantized_word_loc_load = load i480 %quantized_word_loc"   --->   Operation 184 'load' 'quantized_word_loc_load' <Predicate = true> <Delay = 0.00>
ST_24 : Operation 185 [1/1] (1.21ns)   --->   "%write_ln1562 = write void @_ssdm_op_Write.ap_fifo.volatile.i480P0A, i480 %quantized_pe0, i480 %quantized_word_loc_load" [source/swiftkv_attention.cpp:1562]   --->   Operation 185 'write' 'write_ln1562' <Predicate = true> <Delay = 1.21> <CoreInst = "FIFO_BRAM">   --->   Core 79 'FIFO_BRAM' <Latency = 0> <II = 1> <Delay = 1.42> <Storage> <Opcode : 'read' 'write' 'nbread' 'nbwrite'> <Ports = 0> <Width = 480> <Depth = 4> <FIFO>
ST_24 : Operation 186 [1/1] (0.00ns)   --->   "%br_ln1488 = br void %for.body" [source/swiftkv_attention.cpp:1488]   --->   Operation 186 'br' 'br_ln1488' <Predicate = true> <Delay = 0.00>


============================================================
+ Verbose Summary: Timing violations
============================================================
Target clock period: 3.333ns, clock uncertainty: 0.900ns.

 <State 1>: 2.433ns
The critical path consists of the following:
	fifo read operation ('position_read') on port 'position' [19]  (1.217 ns)
	'call' operation 0 bit ('call_ln1465', source/swiftkv_attention.cpp:1465) to 'swiftkv_accumulate_values_split' [79]  (1.217 ns)

 <State 2>: 0.000ns
The critical path consists of the following:

 <State 3>: 1.768ns
The critical path consists of the following:
	'load' operation 3 bit ('group') on local variable 'group', source/swiftkv_attention.cpp:1488 [85]  (0.000 ns)
	'icmp' operation 1 bit ('icmp_ln1489', source/swiftkv_attention.cpp:1489) [86]  (0.572 ns)
	'call' operation 0 bit ('call_ln1483', source/swiftkv_attention.cpp:1483) to 'swiftkv_update_values_and_quantize_Pipeline_attention_normalize_lane_loop' [93]  (1.196 ns)

 <State 4>: 0.000ns
The critical path consists of the following:

 <State 5>: 1.987ns
The critical path consists of the following:
	'load' operation 32 bit ('max_abs_loc_load') on local variable 'max_abs_loc' [94]  (0.000 ns)
	'sub' operation 32 bit ('sub_ln1531', source/swiftkv_attention.cpp:1531) [97]  (0.880 ns)
	'select' operation 32 bit ('select_ln1531', source/swiftkv_attention.cpp:1531) [98]  (0.227 ns)
	'cttz' operation 32 bit ('tmp_1', source/swiftkv_attention.cpp:1531) [100]  (0.000 ns)
	'sub' operation 32 bit ('sub_ln1531_1', source/swiftkv_attention.cpp:1531) [102]  (0.880 ns)

 <State 6>: 2.301ns
The critical path consists of the following:
	'sub' operation 5 bit ('sub_ln1531_4', source/swiftkv_attention.cpp:1531) [107]  (0.707 ns)
	'lshr' operation 32 bit ('lshr_ln1531_2', source/swiftkv_attention.cpp:1531) [109]  (0.592 ns)
	'and' operation 32 bit ('and_ln1531_2', source/swiftkv_attention.cpp:1531) [110]  (0.000 ns)
	'icmp' operation 1 bit ('icmp_ln1531_2', source/swiftkv_attention.cpp:1531) [111]  (0.880 ns)
	'and' operation 1 bit ('and_ln1531', source/swiftkv_attention.cpp:1531) [112]  (0.000 ns)
	'or' operation 1 bit ('or_ln1531', source/swiftkv_attention.cpp:1531) [117]  (0.000 ns)
	blocking operation 0.122 ns on control path)

 <State 7>: 2.288ns
The critical path consists of the following:
	'select' operation 64 bit ('select_ln1531_1', source/swiftkv_attention.cpp:1531) [127]  (0.000 ns)
	'add' operation 64 bit ('add_ln1531_2', source/swiftkv_attention.cpp:1531) [129]  (1.147 ns)
	'select' operation 8 bit ('select_ln1531_2', source/swiftkv_attention.cpp:1531) [133]  (0.303 ns)
	'add' operation 8 bit ('add_ln1531_3', source/swiftkv_attention.cpp:1531) [135]  (0.838 ns)

 <State 8>: 1.876ns
The critical path consists of the following:
	'select' operation 32 bit ('max_float', source/swiftkv_attention.cpp:1531) [140]  (0.227 ns)
	'fcmp' operation 1 bit ('tmp_9', source/swiftkv_attention.cpp:1533) [147]  (1.649 ns)

 <State 9>: 1.771ns
The critical path consists of the following:
	'fcmp' operation 1 bit ('tmp_9', source/swiftkv_attention.cpp:1533) [147]  (1.649 ns)
	'and' operation 1 bit ('and_ln1533', source/swiftkv_attention.cpp:1533) [148]  (0.122 ns)

 <State 10>: 2.327ns
The critical path consists of the following:
	'fdiv' operation 32 bit ('div', source/swiftkv_attention.cpp:1537) [150]  (2.327 ns)

 <State 11>: 2.327ns
The critical path consists of the following:
	'fdiv' operation 32 bit ('div', source/swiftkv_attention.cpp:1537) [150]  (2.327 ns)

 <State 12>: 2.327ns
The critical path consists of the following:
	'fdiv' operation 32 bit ('div', source/swiftkv_attention.cpp:1537) [150]  (2.327 ns)

 <State 13>: 2.327ns
The critical path consists of the following:
	'fdiv' operation 32 bit ('div', source/swiftkv_attention.cpp:1537) [150]  (2.327 ns)

 <State 14>: 2.327ns
The critical path consists of the following:
	'fdiv' operation 32 bit ('div', source/swiftkv_attention.cpp:1537) [150]  (2.327 ns)

 <State 15>: 2.327ns
The critical path consists of the following:
	'fdiv' operation 32 bit ('div', source/swiftkv_attention.cpp:1537) [150]  (2.327 ns)

 <State 16>: 2.327ns
The critical path consists of the following:
	'fdiv' operation 32 bit ('div', source/swiftkv_attention.cpp:1537) [150]  (2.327 ns)

 <State 17>: 2.327ns
The critical path consists of the following:
	'fdiv' operation 32 bit ('div', source/swiftkv_attention.cpp:1537) [150]  (2.327 ns)

 <State 18>: 2.327ns
The critical path consists of the following:
	'fdiv' operation 32 bit ('div', source/swiftkv_attention.cpp:1537) [150]  (2.327 ns)

 <State 19>: 2.327ns
The critical path consists of the following:
	'fdiv' operation 32 bit ('div', source/swiftkv_attention.cpp:1537) [150]  (2.327 ns)

 <State 20>: 2.327ns
The critical path consists of the following:
	'fdiv' operation 32 bit ('div', source/swiftkv_attention.cpp:1537) [150]  (2.327 ns)

 <State 21>: 2.327ns
The critical path consists of the following:
	'fdiv' operation 32 bit ('div', source/swiftkv_attention.cpp:1537) [150]  (2.327 ns)

 <State 22>: 0.227ns
The critical path consists of the following:
	'select' operation 32 bit ('inverse_scale', source/swiftkv_attention.cpp:1537) [151]  (0.227 ns)

 <State 23>: 0.000ns
The critical path consists of the following:

 <State 24>: 1.217ns
The critical path consists of the following:
	fifo write operation ('write_ln1538', source/swiftkv_attention.cpp:1538) on port 'scale_pe0' (source/swiftkv_attention.cpp:1538) [154]  (1.217 ns)


============================================================
+ Verbose Summary: Binding
============================================================
N/A
* FSMD analyzer results:
  - Output states:
 - Input state : 
  - Chain level:
	State 1
	State 2
	State 3
	State 4
	State 5
	State 6
	State 7
	State 8
	State 9
	State 10
	State 11
	State 12
	State 13
	State 14
	State 15
	State 16
	State 17
	State 18
	State 19
	State 20
	State 21
	State 22
	State 23
	State 24


============================================================
+ Verbose Summary: Datapath Resource usage 
============================================================
N/A
