================================================================
== Design Size Report
================================================================

* Total Instructions per Compilation Phase
+---------------+-----------------------------+--------------+----------------------------------------------------------------------------------------+
| Phase         | Step                        | Instructions | Description                                                                            |
+---------------+-----------------------------+--------------+----------------------------------------------------------------------------------------+
| Compile/Link  |                             | 272,593 *    | After all functions are compiled and linked into a single design                       |
|               |                             |              |                                                                                        |
| Unroll/Inline |                             |              | After user unroll and inline pragmas are applied                                       |
|               | (1) unroll                  |  66,492      | user unroll pragmas are applied                                                        |
|               | (2) simplification          |  38,501      | simplification of applied user unroll pragmas                                          |
|               | (3) inline                  |  32,466      | user inline pragmas are applied                                                        |
|               | (4) simplification          |  30,645      | simplification of applied user inline pragmas                                          |
|               |                             |              |                                                                                        |
| Array/Struct  |                             |              | After user array partition and struct aggregate/disaggregate pragmas are applied       |
|               | (1) array partition         |  39,796      | user array partition pragmas are applied                                               |
|               | (2) simplification          |  28,954      | simplification of applied user array partition & struct aggregate/disaggregate pragmas |
|               | (3) aggregate/disaggregate  |  28,962      | user struct aggregate/disaggregate pragmas are applied                                 |
|               | (4) array reshape           |  28,930      | apply array reshape pragmas                                                            |
|               | (5) access patterns         |  29,485      | array access pattern optmizations                                                      |
|               |                             |              |                                                                                        |
| Performance   |                             |              | After transformations are applied to meet performance pragma targets                   |
|               | (1) loop simplification     |  28,845      | loop and instruction simplification                                                    |
|               | (2) parallelization         |  28,778      | loops are unrolled or pipelined to meet performance targets                            |
|               | (3) array partition         |  28,794      | arrays are partitioned to meet performance targets                                     |
|               | (4) simplification          |  28,794      | simplification of design after performance transformations                             |
|               |                             |              |                                                                                        |
| HW Transforms |                             |              | After hardware transfomations                                                          |
|               | (1) lowering                |  29,131      | initial conversion to HW specific instructions                                         |
|               | (2) optimizations           |  30,323      | high level synthesis optimizations                                                     |
+---------------+-----------------------------+--------------+----------------------------------------------------------------------------------------+
    * - Exceeded design size warning message threshold

* Instructions per Function for each Compilation Phase
+--------------------------------------------+---------------------------------+-------------------+-----------------+-----------------+-----------------+-----------------+
| Function                                   | Location                        | Compile/Link      | Unroll/Inline   | Array/Struct    | Performance     | HW Transforms   |
+--------------------------------------------+---------------------------------+-------------------+-----------------+-----------------+-----------------+-----------------+
| + int4_decoder_token_controlle...          | int4_decoder_controller.cpp:509 | 272,593 *         | 30,645          | 29,485          | 28,794          | 30,323          |
|    swiftkv_preload_rope_lut                | swiftkv_attention.cpp:1662      |    220            |    19           |    20           |    20           |    23           |
|    int4_preload_model_prefix_4d...         | int4_decoder_controller.cpp:405 |     51            |    35           |    51           |    43           |    48           |
|    swiftkv_load_rope_position              | swiftkv_attention.cpp:1691      |    346            |    29           |    29           |    28           |    36           |
|    int4_load_residual_4ddr                 | int4_decoder_controller.cpp:457 |     34            |    22           |    30           |    30           |    35           |
|    int4_model_weight_base                  | int4_model_layout.hpp:196       |      8 (4 calls)  |                 |                 |                 |                 |
|    Int4Controller                          | int4_linear_controller.hpp:138  |    267            |                 |                 |                 |                 |
|    int4_norm_offset                        | int4_model_layout.hpp:202       |     11            |                 |                 |                 |                 |
|  + int4_dispatch_linear_registe...         | int4_decoder_controller.cpp:317 | 58,328            | 13,047          | 12,125          | 11,857          | 12,588          |
|   + int4_execute_dispatch_linear...        | int4_decoder_controller.cpp:166 | 58,283            | 13,033          | 12,117          | 11,849          | 12,575          |
|    + int4_run_preprocess_and_line...       | int4_decoder_controller.cpp:46  | 57,928            | 12,813          | 11,896          | 11,629          | 12,308          |
|     + int4_preprocess_activation_s...      | int4_decoder_controller.cpp:10  | 23,597            | 2,397           | 1,855           | 1,698           | 2,020           |
|      + int4_rmsnorm_quantize_stream...     | int4_decoder_blocks.cpp:440     | 12,182            | 1,442           | 1,210           | 1,066           | 1,272           |
|       + int4_rms_sumsq_four_pes            | int4_decoder_blocks.cpp:302     |    818            |   524           |   598           |   466           |   549           |
|        + int4_rms_sumsq_pe                 | int4_decoder_blocks.cpp:40      |    700 (4 calls)  |   476 (4 calls) |   568 (4 calls) |   436 (4 calls) |   496 (4 calls) |
|           int4_block_unpack_fp32_lanes...  | int4_decoder_blocks.cpp:26      |    288 (4 calls)  |                 |                 |                 |                 |
|           int4_block_bits_to_float         | int4_decoder_blocks.cpp:12      |     72 (4 calls)  |                 |                 |                 |                 |
|        + int4_rms_merge_and_rsqrt          | int4_decoder_blocks.cpp:84      |     62            |    12           |    12           |    12           |    25           |
|           rsqrtf                           | rsqrtfloat.cpp:20               |      2            |                 |                 |                 |                 |
|       + int4_rms_normalize_quantize_...    | int4_decoder_blocks.cpp:386     | 11,351            |   909           |   603           |   591           |   716           |
|        + int4_rms_normalize_quantize_...   | int4_decoder_blocks.cpp:100     | 11,072 (4 calls)  |   828 (4 calls) |   536 (4 calls) |   524 (4 calls) |   604 (4 calls) |
|           int4_block_unpack_fp32_lanes...  | int4_decoder_blocks.cpp:26      |    576 (8 calls)  |                 |                 |                 |                 |
|           int4_block_bits_to_float         | int4_decoder_blocks.cpp:12      |    216 (12 calls) |                 |                 |                 |                 |
|           int4_block_float_to_bits         | int4_decoder_blocks.cpp:19      |    104 (4 calls)  |                 |                 |                 |                 |
|          int4_rms_gather_streams           | int4_decoder_blocks.cpp:254     |    191            |    33           |    33           |    33           |    64           |
|      + int4_swiglu_quantize_stream_...     | int4_decoder_blocks.cpp:1147    | 11,405            |   948           |   638           |   625           |   740           |
|       + int4_swiglu_quantize_four_pe...    | int4_decoder_blocks.cpp:1043    | 11,400            |   946           |   636           |   623           |   737           |
|        + int4_swiglu_quantize_pe0          | int4_decoder_blocks.cpp:804     |  2,778            |   214           |   140           |   137           |   154           |
|         + int4_swiglu_quantize_pe<88>      | int4_decoder_blocks.cpp:706     |  2,776            |                 |                 |                 |                 |
|            int4_block_unpack_fp32_lanes... | int4_decoder_blocks.cpp:26      |    144 (2 calls)  |                 |                 |                 |                 |
|            int4_block_bits_to_float        | int4_decoder_blocks.cpp:12      |     54 (3 calls)  |                 |                 |                 |                 |
|          + expf                            | expfloat.cpp:20                 |      4            |                 |                 |                 |                 |
|             exp                            | hls_exp_float.cpp:15            |      2            |                 |                 |                 |                 |
|            int4_block_float_to_bits        | int4_decoder_blocks.cpp:19      |     26            |                 |                 |                 |                 |
|        + int4_swiglu_quantize_pe1          | int4_decoder_blocks.cpp:815     |  2,778            |   214           |   140           |   137           |   154           |
|         + int4_swiglu_quantize_pe<88>      | int4_decoder_blocks.cpp:706     |  2,776            |                 |                 |                 |                 |
|            int4_block_unpack_fp32_lanes... | int4_decoder_blocks.cpp:26      |    144 (2 calls)  |                 |                 |                 |                 |
|            int4_block_bits_to_float        | int4_decoder_blocks.cpp:12      |     54 (3 calls)  |                 |                 |                 |                 |
|          + expf                            | expfloat.cpp:20                 |      4            |                 |                 |                 |                 |
|             exp                            | hls_exp_float.cpp:15            |      2            |                 |                 |                 |                 |
|            int4_block_float_to_bits        | int4_decoder_blocks.cpp:19      |     26            |                 |                 |                 |                 |
|        + int4_swiglu_quantize_pe2          | int4_decoder_blocks.cpp:826     |  2,778            |   214           |   140           |   137           |   154           |
|         + int4_swiglu_quantize_pe<84>      | int4_decoder_blocks.cpp:706     |  2,776            |                 |                 |                 |                 |
|            int4_block_unpack_fp32_lanes... | int4_decoder_blocks.cpp:26      |    144 (2 calls)  |                 |                 |                 |                 |
|            int4_block_bits_to_float        | int4_decoder_blocks.cpp:12      |     54 (3 calls)  |                 |                 |                 |                 |
|          + expf                            | expfloat.cpp:20                 |      4            |                 |                 |                 |                 |
|             exp                            | hls_exp_float.cpp:15            |      2            |                 |                 |                 |                 |
|            int4_block_float_to_bits        | int4_decoder_blocks.cpp:19      |     26            |                 |                 |                 |                 |
|        + int4_swiglu_quantize_pe3          | int4_decoder_blocks.cpp:837     |  2,778            |   214           |   140           |   137           |   154           |
|         + int4_swiglu_quantize_pe<84>      | int4_decoder_blocks.cpp:706     |  2,776            |                 |                 |                 |                 |
|            int4_block_unpack_fp32_lanes... | int4_decoder_blocks.cpp:26      |    144 (2 calls)  |                 |                 |                 |                 |
|            int4_block_bits_to_float        | int4_decoder_blocks.cpp:12      |     54 (3 calls)  |                 |                 |                 |                 |
|          + expf                            | expfloat.cpp:20                 |      4            |                 |                 |                 |                 |
|             exp                            | hls_exp_float.cpp:15            |      2            |                 |                 |                 |                 |
|            int4_block_float_to_bits        | int4_decoder_blocks.cpp:19      |     26            |                 |                 |                 |                 |
|          int4_swiglu_gather_streams        | int4_decoder_blocks.cpp:930     |    196            |    38           |    38           |    37           |    69           |
|     + int4_linear_4pe_from_stream          | int4_linear_controller.cpp:1431 | 34,301            | 10,396          | 10,029          | 9,919           | 10,271          |
|        int4_linear_shape_from_contr...     | int4_linear_controller.cpp:123  |     59            |                 |                 |                 |                 |
|        int4_local_tile_count               | int4_linear_controller.cpp:169  |     40 (4 calls)  |                 |                 |                 |                 |
|      + int4_run_four_pes                   | int4_linear_controller.cpp:928  | 33,015            | 10,289          | 9,922           | 9,812           | 10,163          |
|       + int4_broadcast_linear_comman...    | int4_linear_controller.cpp:791  |    985            |    14           |    14           |    14           |    23           |
|          int4_pack_linear_pe_command       | int4_linear_controller.cpp:776  |    940 (4 calls)  |                 |                 |                 |                 |
|       + int4_broadcast_activation          | int4_linear_controller.cpp:248  |    935            |    84           |    85           |    83           |   103           |
|          int4_float_to_bits                | int4_linear_controller.cpp:21   |     26            |                 |                 |                 |                 |
|          int4_bits_to_float                | int4_linear_controller.cpp:14   |     18            |                 |                 |                 |                 |
|       + int4_run_pe_dataflow<0>            | int4_linear_controller.cpp:816  |  7,736            | 2,525           | 2,442           | 2,415           | 2,491           |
|          int4_stream_pe_inputs             | int4_linear_controller.cpp:392  |     18            |    15           |    19           |    17           |    25           |
|          int4_cache_and_replay_activa...   | int4_linear_controller.cpp:355  |     87            |    45           |    45           |    42           |    56           |
|        + int4_stream_integer_blocks        | int4_linear_controller.cpp:447  |  1,928            | 1,720           | 1,715           | 1,713           | 1,729           |
|           int4_pack_two_weights            | int4_linear_controller.cpp:178  |    273            |                 |                 |                 |                 |
|           int4_unpack_pair_sum             | int4_linear_controller.cpp:195  |    752 (2 calls)  |                 |                 |                 |                 |
|        + int4_dequantize_final_blocks...   | int4_linear_controller.cpp:536  |  2,234            |   321           |   325           |   324           |   332           |
|         + int4_half_bits_to_float          | int4_linear_controller.cpp:28   |  1,424            |                 |                 |                 |                 |
|            int4_bits_to_float              | int4_linear_controller.cpp:14   |     18            |                 |                 |                 |                 |
|           int4_float_to_bits               | int4_linear_controller.cpp:21   |     26            |                 |                 |                 |                 |
|        + int4_pack_dequantized_output...   | int4_linear_controller.cpp:653  |  2,654            |   103           |   103           |   102           |   108           |
|           int4_bits_to_float               | int4_linear_controller.cpp:14   |     18            |                 |                 |                 |                 |
|         + int4_float_to_fxp_bits           | int4_linear_controller.cpp:72   |  2,047            |                 |                 |                 |                 |
|            int4_float_to_bits              | int4_linear_controller.cpp:21   |     26            |                 |                 |                 |                 |
|        + int4_write_outputs                | int4_linear_controller.cpp:689  |    386            |   235           |   185           |   167           |   180           |
|           int4_bits_to_float               | int4_linear_controller.cpp:14   |     36 (2 calls)  |                 |                 |                 |                 |
|           int4_float_to_bits               | int4_linear_controller.cpp:21   |     26            |                 |                 |                 |                 |
|       + int4_run_pe_dataflow<1>            | int4_linear_controller.cpp:816  |  7,736            | 2,525           | 2,442           | 2,415           | 2,491           |
|          int4_stream_pe_inputs             | int4_linear_controller.cpp:392  |     18            |    15           |    19           |    17           |    25           |
|          int4_cache_and_replay_activa...   | int4_linear_controller.cpp:355  |     87            |    45           |    45           |    42           |    56           |
|        + int4_stream_integer_blocks        | int4_linear_controller.cpp:447  |  1,928            | 1,720           | 1,715           | 1,713           | 1,729           |
|           int4_pack_two_weights            | int4_linear_controller.cpp:178  |    273            |                 |                 |                 |                 |
|           int4_unpack_pair_sum             | int4_linear_controller.cpp:195  |    752 (2 calls)  |                 |                 |                 |                 |
|        + int4_dequantize_final_blocks...   | int4_linear_controller.cpp:536  |  2,234            |   321           |   325           |   324           |   332           |
|         + int4_half_bits_to_float          | int4_linear_controller.cpp:28   |  1,424            |                 |                 |                 |                 |
|            int4_bits_to_float              | int4_linear_controller.cpp:14   |     18            |                 |                 |                 |                 |
|           int4_float_to_bits               | int4_linear_controller.cpp:21   |     26            |                 |                 |                 |                 |
|        + int4_pack_dequantized_output...   | int4_linear_controller.cpp:653  |  2,654            |   103           |   103           |   102           |   108           |
|           int4_bits_to_float               | int4_linear_controller.cpp:14   |     18            |                 |                 |                 |                 |
|         + int4_float_to_fxp_bits           | int4_linear_controller.cpp:72   |  2,047            |                 |                 |                 |                 |
|            int4_float_to_bits              | int4_linear_controller.cpp:21   |     26            |                 |                 |                 |                 |
|        + int4_write_outputs                | int4_linear_controller.cpp:689  |    386            |   235           |   185           |   167           |   180           |
|           int4_bits_to_float               | int4_linear_controller.cpp:14   |     36 (2 calls)  |                 |                 |                 |                 |
|           int4_float_to_bits               | int4_linear_controller.cpp:21   |     26            |                 |                 |                 |                 |
|       + int4_run_pe_dataflow<2>            | int4_linear_controller.cpp:816  |  7,736            | 2,525           | 2,442           | 2,415           | 2,491           |
|          int4_stream_pe_inputs             | int4_linear_controller.cpp:392  |     18            |    15           |    19           |    17           |    25           |
|          int4_cache_and_replay_activa...   | int4_linear_controller.cpp:355  |     87            |    45           |    45           |    42           |    56           |
|        + int4_stream_integer_blocks        | int4_linear_controller.cpp:447  |  1,928            | 1,720           | 1,715           | 1,713           | 1,729           |
|           int4_pack_two_weights            | int4_linear_controller.cpp:178  |    273            |                 |                 |                 |                 |
|           int4_unpack_pair_sum             | int4_linear_controller.cpp:195  |    752 (2 calls)  |                 |                 |                 |                 |
|        + int4_dequantize_final_blocks...   | int4_linear_controller.cpp:536  |  2,234            |   321           |   325           |   324           |   332           |
|         + int4_half_bits_to_float          | int4_linear_controller.cpp:28   |  1,424            |                 |                 |                 |                 |
|            int4_bits_to_float              | int4_linear_controller.cpp:14   |     18            |                 |                 |                 |                 |
|           int4_float_to_bits               | int4_linear_controller.cpp:21   |     26            |                 |                 |                 |                 |
|        + int4_pack_dequantized_output...   | int4_linear_controller.cpp:653  |  2,654            |   103           |   103           |   102           |   108           |
|           int4_bits_to_float               | int4_linear_controller.cpp:14   |     18            |                 |                 |                 |                 |
|         + int4_float_to_fxp_bits           | int4_linear_controller.cpp:72   |  2,047            |                 |                 |                 |                 |
|            int4_float_to_bits              | int4_linear_controller.cpp:21   |     26            |                 |                 |                 |                 |
|        + int4_write_outputs                | int4_linear_controller.cpp:689  |    386            |   235           |   185           |   167           |   180           |
|           int4_bits_to_float               | int4_linear_controller.cpp:14   |     36 (2 calls)  |                 |                 |                 |                 |
|           int4_float_to_bits               | int4_linear_controller.cpp:21   |     26            |                 |                 |                 |                 |
|       + int4_run_pe_dataflow<3>            | int4_linear_controller.cpp:816  |  7,736            | 2,525           | 2,442           | 2,415           | 2,491           |
|          int4_stream_pe_inputs             | int4_linear_controller.cpp:392  |     18            |    15           |    19           |    17           |    25           |
|          int4_cache_and_replay_activa...   | int4_linear_controller.cpp:355  |     87            |    45           |    45           |    42           |    56           |
|        + int4_stream_integer_blocks        | int4_linear_controller.cpp:447  |  1,928            | 1,720           | 1,715           | 1,713           | 1,729           |
|           int4_pack_two_weights            | int4_linear_controller.cpp:178  |    273            |                 |                 |                 |                 |
|           int4_unpack_pair_sum             | int4_linear_controller.cpp:195  |    752 (2 calls)  |                 |                 |                 |                 |
|        + int4_dequantize_final_blocks...   | int4_linear_controller.cpp:536  |  2,234            |   321           |   325           |   324           |   332           |
|         + int4_half_bits_to_float          | int4_linear_controller.cpp:28   |  1,424            |                 |                 |                 |                 |
|            int4_bits_to_float              | int4_linear_controller.cpp:14   |     18            |                 |                 |                 |                 |
|           int4_float_to_bits               | int4_linear_controller.cpp:21   |     26            |                 |                 |                 |                 |
|        + int4_pack_dequantized_output...   | int4_linear_controller.cpp:653  |  2,654            |   103           |   103           |   102           |   108           |
|           int4_bits_to_float               | int4_linear_controller.cpp:14   |     18            |                 |                 |                 |                 |
|         + int4_float_to_fxp_bits           | int4_linear_controller.cpp:72   |  2,047            |                 |                 |                 |                 |
|            int4_float_to_bits              | int4_linear_controller.cpp:21   |     26            |                 |                 |                 |                 |
|        + int4_write_outputs                | int4_linear_controller.cpp:689  |    386            |   235           |   185           |   167           |   180           |
|           int4_bits_to_float               | int4_linear_controller.cpp:14   |     36 (2 calls)  |                 |                 |                 |                 |
|           int4_float_to_bits               | int4_linear_controller.cpp:21   |     26            |                 |                 |                 |                 |
|        int4_advance_model_offsets_a...     | int4_linear_controller.cpp:1096 |    294            |                 |                 |                 |                 |
|        int4_advance_controller_afte...     | int4_linear_controller.cpp:1043 |    646            |                 |                 |                 |                 |
|      int4_route_linear_projection...       | int4_decoder_controller.cpp:125 |     34            |    22           |    22           |    22           |    27           |
|      int4_route_linear_projection...       | int4_decoder_controller.cpp:125 |     34            |    22           |    22           |    22           |    27           |
|      int4_route_linear_projection...       | int4_decoder_controller.cpp:125 |     34            |    22           |    22           |    22           |    27           |
|      int4_route_linear_projection...       | int4_decoder_controller.cpp:125 |     34            |    22           |    22           |    22           |    27           |
|      int4_route_linear_projection...       | int4_decoder_controller.cpp:125 |     34            |    22           |    22           |    22           |    27           |
|      int4_route_linear_projection...       | int4_decoder_controller.cpp:125 |     34            |    22           |    30           |    30           |    39           |
|      int4_route_linear_projection...       | int4_decoder_controller.cpp:125 |     34            |    22           |    22           |    22           |    27           |
|  + int4_swiftkv_attention_4pe              | swiftkv_attention.cpp:2280      | 212,334           |                 |                 |                 |                 |
|   + swiftkv_run_four_pes                   | swiftkv_attention.cpp:2135      | 212,195           |                 |                 |                 |                 |
|    + swiftkv_broadcast_pe_command...       | swiftkv_attention.cpp:1781      |    164            |                 |                 |                 |                 |
|       swiftkv_pack_pe_command              | swiftkv_attention.cpp:1770      |    131            |                 |                 |                 |                 |
|      swiftkv_broadcast_rope                | swiftkv_attention.cpp:1730      |     68            |                 |                 |                 |                 |
|    + swiftkv_run_pe<0>                     | swiftkv_attention.cpp:1969      | 52,811            |                 |                 |                 |                 |
|     + swiftkv_run_bank                     | swiftkv_attention.cpp:1798      | 52,683            |                 |                 |                 |                 |
|        swiftkv_q17_mul_add_rope_raw...     | swiftkv_attention.cpp:37        |  2,438 (2 calls)  |                 |                 |                 |                 |
|        swiftkv_fxp_to_bits                 | swiftkv_attention.cpp:32        |     98 (2 calls)  |                 |                 |                 |                 |
|      + swiftkv_quantize_kv_record          | swiftkv_attention.cpp:387       |  6,918            |                 |                 |                 |                 |
|         swiftkv_raw_magnitude              | swiftkv_attention.cpp:310       |    496 (2 calls)  |                 |                 |                 |                 |
|         swiftkv_kv_power2_shift            | swiftkv_attention.cpp:320       |  3,088 (2 calls)  |                 |                 |                 |                 |
|       + swiftkv_quantize_kv_raw            | swiftkv_attention.cpp:353       |  1,770 (2 calls)  |                 |                 |                 |                 |
|          swiftkv_raw_magnitude             | swiftkv_attention.cpp:310       |    496 (2 calls)  |                 |                 |                 |                 |
|      + swiftkv_attention_head              | swiftkv_attention.cpp:1566      | 41,777            |                 |                 |                 |                 |
|         swiftkv_read_compressed_kv_c...    | swiftkv_attention.cpp:668       |     27            |                 |                 |                 |                 |
|       + swiftkv_route_compressed_kv_...    | swiftkv_attention.cpp:688       |  2,017            |                 |                 |                 |                 |
|        + swiftkv_route_compressed_kv_...   | swiftkv_attention.cpp:622       |  1,966 (2 calls)  |                 |                 |                 |                 |
|         + swiftkv_write_split_update_w...  | swiftkv_attention.cpp:602       |  1,768 (4 calls)  |                 |                 |                 |                 |
|            swiftkv_split_update_word       | swiftkv_attention.cpp:545       |  1,300 (4 calls)  |                 |                 |                 |                 |
|       + swiftkv_process_compressed_k...    | swiftkv_attention.cpp:834       |  3,959            |                 |                 |                 |                 |
|          swiftkv_dot16_int8                | swiftkv_attention.cpp:768       |  1,801            |                 |                 |                 |                 |
|       + swiftkv_coefficient_producer...    | swiftkv_attention.cpp:1082      | 14,444            |                 |                 |                 |                 |
|          swiftkv_exp_negative              | swiftkv_attention.cpp:161       |  9,828 (2 calls)  |                 |                 |                 |                 |
|          swiftkv_reciprocal_normaliza...   | swiftkv_attention.cpp:233       |    952            |                 |                 |                 |                 |
|       + swiftkv_update_values_and_qu...    | swiftkv_attention.cpp:1427      | 21,123            |                 |                 |                 |                 |
|        + swiftkv_accumulate_values_sp...   | swiftkv_attention.cpp:1332      | 16,484            |                 |                 |                 |                 |
|           swiftkv_broadcast_update_con...  | swiftkv_attention.cpp:1137      |    197            |                 |                 |                 |                 |
|           swiftkv_prepare_update_engin...  | swiftkv_attention.cpp:1163      |  1,672            |                 |                 |                 |                 |
|           swiftkv_prepare_update_engin...  | swiftkv_attention.cpp:1163      |  1,672            |                 |                 |                 |                 |
|           swiftkv_prepare_update_engin...  | swiftkv_attention.cpp:1163      |  1,672            |                 |                 |                 |                 |
|           swiftkv_prepare_update_engin...  | swiftkv_attention.cpp:1163      |  1,672            |                 |                 |                 |                 |
|         + swiftkv_update_value_engine<...  | swiftkv_attention.cpp:1241      |  2,364            |                 |                 |                 |                 |
|            swiftkv_dequantize_kv_raw       | swiftkv_attention.cpp:376       |     94            |                 |                 |                 |                 |
|         + swiftkv_update_value_engine<...  | swiftkv_attention.cpp:1241      |  2,364            |                 |                 |                 |                 |
|            swiftkv_dequantize_kv_raw       | swiftkv_attention.cpp:376       |     94            |                 |                 |                 |                 |
|         + swiftkv_update_value_engine<...  | swiftkv_attention.cpp:1241      |  2,364            |                 |                 |                 |                 |
|            swiftkv_dequantize_kv_raw       | swiftkv_attention.cpp:376       |     94            |                 |                 |                 |                 |
|         + swiftkv_update_value_engine<...  | swiftkv_attention.cpp:1241      |  2,364            |                 |                 |                 |                 |
|            swiftkv_dequantize_kv_raw       | swiftkv_attention.cpp:376       |     94            |                 |                 |                 |                 |
|    + swiftkv_run_pe<1>                     | swiftkv_attention.cpp:1969      | 52,811            |                 |                 |                 |                 |
|     + swiftkv_run_bank                     | swiftkv_attention.cpp:1798      | 52,683            |                 |                 |                 |                 |
|        swiftkv_q17_mul_add_rope_raw...     | swiftkv_attention.cpp:37        |  2,438 (2 calls)  |                 |                 |                 |                 |
|        swiftkv_fxp_to_bits                 | swiftkv_attention.cpp:32        |     98 (2 calls)  |                 |                 |                 |                 |
|      + swiftkv_quantize_kv_record          | swiftkv_attention.cpp:387       |  6,918            |                 |                 |                 |                 |
|         swiftkv_raw_magnitude              | swiftkv_attention.cpp:310       |    496 (2 calls)  |                 |                 |                 |                 |
|         swiftkv_kv_power2_shift            | swiftkv_attention.cpp:320       |  3,088 (2 calls)  |                 |                 |                 |                 |
|       + swiftkv_quantize_kv_raw            | swiftkv_attention.cpp:353       |  1,770 (2 calls)  |                 |                 |                 |                 |
|          swiftkv_raw_magnitude             | swiftkv_attention.cpp:310       |    496 (2 calls)  |                 |                 |                 |                 |
|      + swiftkv_attention_head              | swiftkv_attention.cpp:1566      | 41,777            |                 |                 |                 |                 |
|         swiftkv_read_compressed_kv_c...    | swiftkv_attention.cpp:668       |     27            |                 |                 |                 |                 |
|       + swiftkv_route_compressed_kv_...    | swiftkv_attention.cpp:688       |  2,017            |                 |                 |                 |                 |
|        + swiftkv_route_compressed_kv_...   | swiftkv_attention.cpp:622       |  1,966 (2 calls)  |                 |                 |                 |                 |
|         + swiftkv_write_split_update_w...  | swiftkv_attention.cpp:602       |  1,768 (4 calls)  |                 |                 |                 |                 |
|            swiftkv_split_update_word       | swiftkv_attention.cpp:545       |  1,300 (4 calls)  |                 |                 |                 |                 |
|       + swiftkv_process_compressed_k...    | swiftkv_attention.cpp:834       |  3,959            |                 |                 |                 |                 |
|          swiftkv_dot16_int8                | swiftkv_attention.cpp:768       |  1,801            |                 |                 |                 |                 |
|       + swiftkv_coefficient_producer...    | swiftkv_attention.cpp:1082      | 14,444            |                 |                 |                 |                 |
|          swiftkv_exp_negative              | swiftkv_attention.cpp:161       |  9,828 (2 calls)  |                 |                 |                 |                 |
|          swiftkv_reciprocal_normaliza...   | swiftkv_attention.cpp:233       |    952            |                 |                 |                 |                 |
|       + swiftkv_update_values_and_qu...    | swiftkv_attention.cpp:1427      | 21,123            |                 |                 |                 |                 |
|        + swiftkv_accumulate_values_sp...   | swiftkv_attention.cpp:1332      | 16,484            |                 |                 |                 |                 |
|           swiftkv_broadcast_update_con...  | swiftkv_attention.cpp:1137      |    197            |                 |                 |                 |                 |
|           swiftkv_prepare_update_engin...  | swiftkv_attention.cpp:1163      |  1,672            |                 |                 |                 |                 |
|           swiftkv_prepare_update_engin...  | swiftkv_attention.cpp:1163      |  1,672            |                 |                 |                 |                 |
|           swiftkv_prepare_update_engin...  | swiftkv_attention.cpp:1163      |  1,672            |                 |                 |                 |                 |
|           swiftkv_prepare_update_engin...  | swiftkv_attention.cpp:1163      |  1,672            |                 |                 |                 |                 |
|         + swiftkv_update_value_engine<...  | swiftkv_attention.cpp:1241      |  2,364            |                 |                 |                 |                 |
|            swiftkv_dequantize_kv_raw       | swiftkv_attention.cpp:376       |     94            |                 |                 |                 |                 |
|         + swiftkv_update_value_engine<...  | swiftkv_attention.cpp:1241      |  2,364            |                 |                 |                 |                 |
|            swiftkv_dequantize_kv_raw       | swiftkv_attention.cpp:376       |     94            |                 |                 |                 |                 |
|         + swiftkv_update_value_engine<...  | swiftkv_attention.cpp:1241      |  2,364            |                 |                 |                 |                 |
|            swiftkv_dequantize_kv_raw       | swiftkv_attention.cpp:376       |     94            |                 |                 |                 |                 |
|         + swiftkv_update_value_engine<...  | swiftkv_attention.cpp:1241      |  2,364            |                 |                 |                 |                 |
|            swiftkv_dequantize_kv_raw       | swiftkv_attention.cpp:376       |     94            |                 |                 |                 |                 |
|    + swiftkv_run_pe<2>                     | swiftkv_attention.cpp:1969      | 52,811            |                 |                 |                 |                 |
|     + swiftkv_run_bank                     | swiftkv_attention.cpp:1798      | 52,683            |                 |                 |                 |                 |
|        swiftkv_q17_mul_add_rope_raw...     | swiftkv_attention.cpp:37        |  2,438 (2 calls)  |                 |                 |                 |                 |
|        swiftkv_fxp_to_bits                 | swiftkv_attention.cpp:32        |     98 (2 calls)  |                 |                 |                 |                 |
|      + swiftkv_quantize_kv_record          | swiftkv_attention.cpp:387       |  6,918            |                 |                 |                 |                 |
|         swiftkv_raw_magnitude              | swiftkv_attention.cpp:310       |    496 (2 calls)  |                 |                 |                 |                 |
|         swiftkv_kv_power2_shift            | swiftkv_attention.cpp:320       |  3,088 (2 calls)  |                 |                 |                 |                 |
|       + swiftkv_quantize_kv_raw            | swiftkv_attention.cpp:353       |  1,770 (2 calls)  |                 |                 |                 |                 |
|          swiftkv_raw_magnitude             | swiftkv_attention.cpp:310       |    496 (2 calls)  |                 |                 |                 |                 |
|      + swiftkv_attention_head              | swiftkv_attention.cpp:1566      | 41,777            |                 |                 |                 |                 |
|         swiftkv_read_compressed_kv_c...    | swiftkv_attention.cpp:668       |     27            |                 |                 |                 |                 |
|       + swiftkv_route_compressed_kv_...    | swiftkv_attention.cpp:688       |  2,017            |                 |                 |                 |                 |
|        + swiftkv_route_compressed_kv_...   | swiftkv_attention.cpp:622       |  1,966 (2 calls)  |                 |                 |                 |                 |
|         + swiftkv_write_split_update_w...  | swiftkv_attention.cpp:602       |  1,768 (4 calls)  |                 |                 |                 |                 |
|            swiftkv_split_update_word       | swiftkv_attention.cpp:545       |  1,300 (4 calls)  |                 |                 |                 |                 |
|       + swiftkv_process_compressed_k...    | swiftkv_attention.cpp:834       |  3,959            |                 |                 |                 |                 |
|          swiftkv_dot16_int8                | swiftkv_attention.cpp:768       |  1,801            |                 |                 |                 |                 |
|       + swiftkv_coefficient_producer...    | swiftkv_attention.cpp:1082      | 14,444            |                 |                 |                 |                 |
|          swiftkv_exp_negative              | swiftkv_attention.cpp:161       |  9,828 (2 calls)  |                 |                 |                 |                 |
|          swiftkv_reciprocal_normaliza...   | swiftkv_attention.cpp:233       |    952            |                 |                 |                 |                 |
|       + swiftkv_update_values_and_qu...    | swiftkv_attention.cpp:1427      | 21,123            |                 |                 |                 |                 |
|        + swiftkv_accumulate_values_sp...   | swiftkv_attention.cpp:1332      | 16,484            |                 |                 |                 |                 |
|           swiftkv_broadcast_update_con...  | swiftkv_attention.cpp:1137      |    197            |                 |                 |                 |                 |
|           swiftkv_prepare_update_engin...  | swiftkv_attention.cpp:1163      |  1,672            |                 |                 |                 |                 |
|           swiftkv_prepare_update_engin...  | swiftkv_attention.cpp:1163      |  1,672            |                 |                 |                 |                 |
|           swiftkv_prepare_update_engin...  | swiftkv_attention.cpp:1163      |  1,672            |                 |                 |                 |                 |
|           swiftkv_prepare_update_engin...  | swiftkv_attention.cpp:1163      |  1,672            |                 |                 |                 |                 |
|         + swiftkv_update_value_engine<...  | swiftkv_attention.cpp:1241      |  2,364            |                 |                 |                 |                 |
|            swiftkv_dequantize_kv_raw       | swiftkv_attention.cpp:376       |     94            |                 |                 |                 |                 |
|         + swiftkv_update_value_engine<...  | swiftkv_attention.cpp:1241      |  2,364            |                 |                 |                 |                 |
|            swiftkv_dequantize_kv_raw       | swiftkv_attention.cpp:376       |     94            |                 |                 |                 |                 |
|         + swiftkv_update_value_engine<...  | swiftkv_attention.cpp:1241      |  2,364            |                 |                 |                 |                 |
|            swiftkv_dequantize_kv_raw       | swiftkv_attention.cpp:376       |     94            |                 |                 |                 |                 |
|         + swiftkv_update_value_engine<...  | swiftkv_attention.cpp:1241      |  2,364            |                 |                 |                 |                 |
|            swiftkv_dequantize_kv_raw       | swiftkv_attention.cpp:376       |     94            |                 |                 |                 |                 |
|    + swiftkv_run_pe<3>                     | swiftkv_attention.cpp:1969      | 52,811            |                 |                 |                 |                 |
|     + swiftkv_run_bank                     | swiftkv_attention.cpp:1798      | 52,683            |                 |                 |                 |                 |
|        swiftkv_q17_mul_add_rope_raw...     | swiftkv_attention.cpp:37        |  2,438 (2 calls)  |                 |                 |                 |                 |
|        swiftkv_fxp_to_bits                 | swiftkv_attention.cpp:32        |     98 (2 calls)  |                 |                 |                 |                 |
|      + swiftkv_quantize_kv_record          | swiftkv_attention.cpp:387       |  6,918            |                 |                 |                 |                 |
|         swiftkv_raw_magnitude              | swiftkv_attention.cpp:310       |    496 (2 calls)  |                 |                 |                 |                 |
|         swiftkv_kv_power2_shift            | swiftkv_attention.cpp:320       |  3,088 (2 calls)  |                 |                 |                 |                 |
|       + swiftkv_quantize_kv_raw            | swiftkv_attention.cpp:353       |  1,770 (2 calls)  |                 |                 |                 |                 |
|          swiftkv_raw_magnitude             | swiftkv_attention.cpp:310       |    496 (2 calls)  |                 |                 |                 |                 |
|      + swiftkv_attention_head              | swiftkv_attention.cpp:1566      | 41,777            |                 |                 |                 |                 |
|         swiftkv_read_compressed_kv_c...    | swiftkv_attention.cpp:668       |     27            |                 |                 |                 |                 |
|       + swiftkv_route_compressed_kv_...    | swiftkv_attention.cpp:688       |  2,017            |                 |                 |                 |                 |
|        + swiftkv_route_compressed_kv_...   | swiftkv_attention.cpp:622       |  1,966 (2 calls)  |                 |                 |                 |                 |
|         + swiftkv_write_split_update_w...  | swiftkv_attention.cpp:602       |  1,768 (4 calls)  |                 |                 |                 |                 |
|            swiftkv_split_update_word       | swiftkv_attention.cpp:545       |  1,300 (4 calls)  |                 |                 |                 |                 |
|       + swiftkv_process_compressed_k...    | swiftkv_attention.cpp:834       |  3,959            |                 |                 |                 |                 |
|          swiftkv_dot16_int8                | swiftkv_attention.cpp:768       |  1,801            |                 |                 |                 |                 |
|       + swiftkv_coefficient_producer...    | swiftkv_attention.cpp:1082      | 14,444            |                 |                 |                 |                 |
|          swiftkv_exp_negative              | swiftkv_attention.cpp:161       |  9,828 (2 calls)  |                 |                 |                 |                 |
|          swiftkv_reciprocal_normaliza...   | swiftkv_attention.cpp:233       |    952            |                 |                 |                 |                 |
|       + swiftkv_update_values_and_qu...    | swiftkv_attention.cpp:1427      | 21,123            |                 |                 |                 |                 |
|        + swiftkv_accumulate_values_sp...   | swiftkv_attention.cpp:1332      | 16,484            |                 |                 |                 |                 |
|           swiftkv_broadcast_update_con...  | swiftkv_attention.cpp:1137      |    197            |                 |                 |                 |                 |
|           swiftkv_prepare_update_engin...  | swiftkv_attention.cpp:1163      |  1,672            |                 |                 |                 |                 |
|           swiftkv_prepare_update_engin...  | swiftkv_attention.cpp:1163      |  1,672            |                 |                 |                 |                 |
|           swiftkv_prepare_update_engin...  | swiftkv_attention.cpp:1163      |  1,672            |                 |                 |                 |                 |
|           swiftkv_prepare_update_engin...  | swiftkv_attention.cpp:1163      |  1,672            |                 |                 |                 |                 |
|         + swiftkv_update_value_engine<...  | swiftkv_attention.cpp:1241      |  2,364            |                 |                 |                 |                 |
|            swiftkv_dequantize_kv_raw       | swiftkv_attention.cpp:376       |     94            |                 |                 |                 |                 |
|         + swiftkv_update_value_engine<...  | swiftkv_attention.cpp:1241      |  2,364            |                 |                 |                 |                 |
|            swiftkv_dequantize_kv_raw       | swiftkv_attention.cpp:376       |     94            |                 |                 |                 |                 |
|         + swiftkv_update_value_engine<...  | swiftkv_attention.cpp:1241      |  2,364            |                 |                 |                 |                 |
|            swiftkv_dequantize_kv_raw       | swiftkv_attention.cpp:376       |     94            |                 |                 |                 |                 |
|         + swiftkv_update_value_engine<...  | swiftkv_attention.cpp:1241      |  2,364            |                 |                 |                 |                 |
|            swiftkv_dequantize_kv_raw       | swiftkv_attention.cpp:376       |     94            |                 |                 |                 |                 |
|    + swiftkv_gather_attention_str...       | swiftkv_attention.cpp:2080      |    487            |                 |                 |                 |                 |
|       swiftkv_float_to_bits                | swiftkv_attention.cpp:18        |     26            |                 |                 |                 |                 |
|    int4_store_residual_4ddr                | int4_decoder_controller.cpp:481 |     34            |    22           |    30           |    30           |    39           |
|  + swiftkv_run_four_pes                    | swiftkv_attention.cpp:2135      |                   | 17,181          | 16,947          | 16,539          | 17,345          |
|     swiftkv_broadcast_pe_command...        | swiftkv_attention.cpp:1781      |                   |     8           |     8           |     8           |    17           |
|     swiftkv_broadcast_rope                 | swiftkv_attention.cpp:1730      |                   |    18           |    18           |    18           |    39           |
|   + swiftkv_run_pe<0>                      | swiftkv_attention.cpp:1969      |                   | 4,245           | 4,195           | 4,094           | 4,275           |
|    + swiftkv_run_bank                      | swiftkv_attention.cpp:1798      |                   | 4,236           | 4,186           | 4,089           | 4,267           |
|       swiftkv_quantize_kv_record           | swiftkv_attention.cpp:387       |                   |   878           |   766           |   691           |   703           |
|     + swiftkv_attention_head               | swiftkv_attention.cpp:1566      |                   | 3,127           | 2,941           | 2,924           | 3,127           |
|        swiftkv_read_compressed_kv_c...     | swiftkv_attention.cpp:668       |                   |    19           |    20           |    20           |    28           |
|        swiftkv_route_compressed_kv_...     | swiftkv_attention.cpp:688       |                   |   147           |   152           |   146           |   203           |
|        swiftkv_process_compressed_k...     | swiftkv_attention.cpp:834       |                   |   529           |   423           |   423           |   436           |
|      + swiftkv_coefficient_producer...     | swiftkv_attention.cpp:1082      |                   |   324           |   326           |   321           |   334           |
|         swiftkv_reciprocal_normaliza...    | swiftkv_attention.cpp:233       |                   |    34           |    35           |    33           |    38           |
|      + swiftkv_update_values_and_qu...     | swiftkv_attention.cpp:1427      |                   | 1,985           | 1,939           | 1,934           | 2,028           |
|       + swiftkv_accumulate_values_sp...    | swiftkv_attention.cpp:1332      |                   | 1,708           | 1,586           | 1,585           | 1,660           |
|          swiftkv_broadcast_update_con...   | swiftkv_attention.cpp:1137      |                   |    17           |    17           |    17           |    34           |
|          swiftkv_prepare_update_engin...   | swiftkv_attention.cpp:1163      |                   |    58           |    55           |    55           |    68           |
|          swiftkv_prepare_update_engin...   | swiftkv_attention.cpp:1163      |                   |    58           |    55           |    55           |    68           |
|          swiftkv_prepare_update_engin...   | swiftkv_attention.cpp:1163      |                   |    58           |    55           |    55           |    68           |
|          swiftkv_prepare_update_engin...   | swiftkv_attention.cpp:1163      |                   |    58           |    55           |    55           |    68           |
|          swiftkv_update_value_engine<...   | swiftkv_attention.cpp:1241      |                   |   341           |   322           |   322           |   321           |
|          swiftkv_update_value_engine<...   | swiftkv_attention.cpp:1241      |                   |   341           |   322           |   322           |   321           |
|          swiftkv_update_value_engine<...   | swiftkv_attention.cpp:1241      |                   |   341           |   322           |   322           |   321           |
|          swiftkv_update_value_engine<...   | swiftkv_attention.cpp:1241      |                   |   341           |   322           |   322           |   321           |
|   + swiftkv_run_pe<1>                      | swiftkv_attention.cpp:1969      |                   | 4,245           | 4,195           | 4,094           | 4,275           |
|    + swiftkv_run_bank                      | swiftkv_attention.cpp:1798      |                   | 4,236           | 4,186           | 4,089           | 4,267           |
|       swiftkv_quantize_kv_record           | swiftkv_attention.cpp:387       |                   |   878           |   766           |   691           |   703           |
|     + swiftkv_attention_head               | swiftkv_attention.cpp:1566      |                   | 3,127           | 2,941           | 2,924           | 3,127           |
|        swiftkv_read_compressed_kv_c...     | swiftkv_attention.cpp:668       |                   |    19           |    20           |    20           |    28           |
|        swiftkv_route_compressed_kv_...     | swiftkv_attention.cpp:688       |                   |   147           |   152           |   146           |   203           |
|        swiftkv_process_compressed_k...     | swiftkv_attention.cpp:834       |                   |   529           |   423           |   423           |   436           |
|      + swiftkv_coefficient_producer...     | swiftkv_attention.cpp:1082      |                   |   324           |   326           |   321           |   334           |
|         swiftkv_reciprocal_normaliza...    | swiftkv_attention.cpp:233       |                   |    34           |    35           |    33           |    38           |
|      + swiftkv_update_values_and_qu...     | swiftkv_attention.cpp:1427      |                   | 1,985           | 1,939           | 1,934           | 2,028           |
|       + swiftkv_accumulate_values_sp...    | swiftkv_attention.cpp:1332      |                   | 1,708           | 1,586           | 1,585           | 1,660           |
|          swiftkv_broadcast_update_con...   | swiftkv_attention.cpp:1137      |                   |    17           |    17           |    17           |    34           |
|          swiftkv_prepare_update_engin...   | swiftkv_attention.cpp:1163      |                   |    58           |    55           |    55           |    68           |
|          swiftkv_prepare_update_engin...   | swiftkv_attention.cpp:1163      |                   |    58           |    55           |    55           |    68           |
|          swiftkv_prepare_update_engin...   | swiftkv_attention.cpp:1163      |                   |    58           |    55           |    55           |    68           |
|          swiftkv_prepare_update_engin...   | swiftkv_attention.cpp:1163      |                   |    58           |    55           |    55           |    68           |
|          swiftkv_update_value_engine<...   | swiftkv_attention.cpp:1241      |                   |   341           |   322           |   322           |   321           |
|          swiftkv_update_value_engine<...   | swiftkv_attention.cpp:1241      |                   |   341           |   322           |   322           |   321           |
|          swiftkv_update_value_engine<...   | swiftkv_attention.cpp:1241      |                   |   341           |   322           |   322           |   321           |
|          swiftkv_update_value_engine<...   | swiftkv_attention.cpp:1241      |                   |   341           |   322           |   322           |   321           |
|   + swiftkv_run_pe<2>                      | swiftkv_attention.cpp:1969      |                   | 4,245           | 4,195           | 4,094           | 4,275           |
|    + swiftkv_run_bank                      | swiftkv_attention.cpp:1798      |                   | 4,236           | 4,186           | 4,089           | 4,267           |
|       swiftkv_quantize_kv_record           | swiftkv_attention.cpp:387       |                   |   878           |   766           |   691           |   703           |
|     + swiftkv_attention_head               | swiftkv_attention.cpp:1566      |                   | 3,127           | 2,941           | 2,924           | 3,127           |
|        swiftkv_read_compressed_kv_c...     | swiftkv_attention.cpp:668       |                   |    19           |    20           |    20           |    28           |
|        swiftkv_route_compressed_kv_...     | swiftkv_attention.cpp:688       |                   |   147           |   152           |   146           |   203           |
|        swiftkv_process_compressed_k...     | swiftkv_attention.cpp:834       |                   |   529           |   423           |   423           |   436           |
|      + swiftkv_coefficient_producer...     | swiftkv_attention.cpp:1082      |                   |   324           |   326           |   321           |   334           |
|         swiftkv_reciprocal_normaliza...    | swiftkv_attention.cpp:233       |                   |    34           |    35           |    33           |    38           |
|      + swiftkv_update_values_and_qu...     | swiftkv_attention.cpp:1427      |                   | 1,985           | 1,939           | 1,934           | 2,028           |
|       + swiftkv_accumulate_values_sp...    | swiftkv_attention.cpp:1332      |                   | 1,708           | 1,586           | 1,585           | 1,660           |
|          swiftkv_broadcast_update_con...   | swiftkv_attention.cpp:1137      |                   |    17           |    17           |    17           |    34           |
|          swiftkv_prepare_update_engin...   | swiftkv_attention.cpp:1163      |                   |    58           |    55           |    55           |    68           |
|          swiftkv_prepare_update_engin...   | swiftkv_attention.cpp:1163      |                   |    58           |    55           |    55           |    68           |
|          swiftkv_prepare_update_engin...   | swiftkv_attention.cpp:1163      |                   |    58           |    55           |    55           |    68           |
|          swiftkv_prepare_update_engin...   | swiftkv_attention.cpp:1163      |                   |    58           |    55           |    55           |    68           |
|          swiftkv_update_value_engine<...   | swiftkv_attention.cpp:1241      |                   |   341           |   322           |   322           |   321           |
|          swiftkv_update_value_engine<...   | swiftkv_attention.cpp:1241      |                   |   341           |   322           |   322           |   321           |
|          swiftkv_update_value_engine<...   | swiftkv_attention.cpp:1241      |                   |   341           |   322           |   322           |   321           |
|          swiftkv_update_value_engine<...   | swiftkv_attention.cpp:1241      |                   |   341           |   322           |   322           |   321           |
|   + swiftkv_run_pe<3>                      | swiftkv_attention.cpp:1969      |                   | 4,245           | 4,195           | 4,094           | 4,275           |
|    + swiftkv_run_bank                      | swiftkv_attention.cpp:1798      |                   | 4,236           | 4,186           | 4,089           | 4,267           |
|       swiftkv_quantize_kv_record           | swiftkv_attention.cpp:387       |                   |   878           |   766           |   691           |   703           |
|     + swiftkv_attention_head               | swiftkv_attention.cpp:1566      |                   | 3,127           | 2,941           | 2,924           | 3,127           |
|        swiftkv_read_compressed_kv_c...     | swiftkv_attention.cpp:668       |                   |    19           |    20           |    20           |    28           |
|        swiftkv_route_compressed_kv_...     | swiftkv_attention.cpp:688       |                   |   147           |   152           |   146           |   203           |
|        swiftkv_process_compressed_k...     | swiftkv_attention.cpp:834       |                   |   529           |   423           |   423           |   436           |
|      + swiftkv_coefficient_producer...     | swiftkv_attention.cpp:1082      |                   |   324           |   326           |   321           |   334           |
|         swiftkv_reciprocal_normaliza...    | swiftkv_attention.cpp:233       |                   |    34           |    35           |    33           |    38           |
|      + swiftkv_update_values_and_qu...     | swiftkv_attention.cpp:1427      |                   | 1,985           | 1,939           | 1,934           | 2,028           |
|       + swiftkv_accumulate_values_sp...    | swiftkv_attention.cpp:1332      |                   | 1,708           | 1,586           | 1,585           | 1,660           |
|          swiftkv_broadcast_update_con...   | swiftkv_attention.cpp:1137      |                   |    17           |    17           |    17           |    34           |
|          swiftkv_prepare_update_engin...   | swiftkv_attention.cpp:1163      |                   |    58           |    55           |    55           |    68           |
|          swiftkv_prepare_update_engin...   | swiftkv_attention.cpp:1163      |                   |    58           |    55           |    55           |    68           |
|          swiftkv_prepare_update_engin...   | swiftkv_attention.cpp:1163      |                   |    58           |    55           |    55           |    68           |
|          swiftkv_prepare_update_engin...   | swiftkv_attention.cpp:1163      |                   |    58           |    55           |    55           |    68           |
|          swiftkv_update_value_engine<...   | swiftkv_attention.cpp:1241      |                   |   341           |   322           |   322           |   321           |
|          swiftkv_update_value_engine<...   | swiftkv_attention.cpp:1241      |                   |   341           |   322           |   322           |   321           |
|          swiftkv_update_value_engine<...   | swiftkv_attention.cpp:1241      |                   |   341           |   322           |   322           |   321           |
|          swiftkv_update_value_engine<...   | swiftkv_attention.cpp:1241      |                   |   341           |   322           |   322           |   321           |
|     swiftkv_gather_attention_str...        | swiftkv_attention.cpp:2080      |                   |    45           |    47           |    45           |    71           |
+--------------------------------------------+---------------------------------+-------------------+-----------------+-----------------+-----------------+-----------------+
    * - Exceeded design size warning message threshold

* Design Size Message Settings
+---------------------------------------------+--------+------------------------------------------------------------------+
| Message Setting                             | Value  | Description                                                      |
+---------------------------------------------+--------+------------------------------------------------------------------+
| config_compile -design_size_maximum_warning | 100000 | Show a warning when total design instructions exceeds this value |
+---------------------------------------------+--------+------------------------------------------------------------------+


