

================================================================
== Vitis HLS Report for 'int4_swiglu_quantize_pe3_Pipeline_swiglu_quantize_reverse_loop'
================================================================
* Date:           Tue Aug 11 09:18:32 2026

* Version:        2023.2 (Build 4023990 on Oct 11 2023)
* Project:        proj_int4_decoder_xo
* Solution:       solution1 (Vitis Kernel Flow Target)
* Product family: virtexuplus
* Target device:  xcu250-figd2104-2L-e


================================================================
== Performance Estimates
================================================================
+ Timing: 
    * Summary: 
    +--------+---------+----------+------------+
    |  Clock |  Target | Estimated| Uncertainty|
    +--------+---------+----------+------------+
    |ap_clk  |  3.33 ns|  2.353 ns|     0.90 ns|
    +--------+---------+----------+------------+

+ Latency: 
    * Summary: 
    +---------+---------+----------+----------+-----+-----+---------+
    |  Latency (cycles) |  Latency (absolute) |  Interval | Pipeline|
    |   min   |   max   |    min   |    max   | min | max |   Type  |
    +---------+---------+----------+----------+-----+-----+---------+
    |       53|       53|  0.177 us|  0.177 us|   53|   53|       no|
    +---------+---------+----------+----------+-----+-----+---------+

    + Detail: 
        * Instance: 
        N/A

        * Loop: 
        +--------------------------------+---------+---------+----------+-----------+-----------+------+----------+
        |                                |  Latency (cycles) | Iteration|  Initiation Interval  | Trip |          |
        |            Loop Name           |   min   |   max   |  Latency |  achieved |   target  | Count| Pipelined|
        +--------------------------------+---------+---------+----------+-----------+-----------+------+----------+
        |- swiglu_quantize_reverse_loop  |       51|       51|        21|          1|          1|    32|       yes|
        +--------------------------------+---------+---------+----------+-----------+-----------+------+----------+



================================================================
== Utilization Estimates
================================================================
* Summary: 
+---------------------+---------+-------+---------+---------+------+
|         Name        | BRAM_18K|  DSP  |    FF   |   LUT   | URAM |
+---------------------+---------+-------+---------+---------+------+
|DSP                  |        -|      -|        -|        -|     -|
|Expression           |        -|      -|        0|      834|     -|
|FIFO                 |        -|      -|        -|        -|     -|
|Instance             |        -|      -|        -|        -|     -|
|Memory               |        -|      -|        -|        -|     -|
|Multiplexer          |        -|      -|        -|       45|     -|
|Register             |        -|      -|      897|       64|     -|
+---------------------+---------+-------+---------+---------+------+
|Total                |        0|      0|      897|      943|     0|
+---------------------+---------+-------+---------+---------+------+
|Available SLR        |     1344|   3072|   864000|   432000|   320|
+---------------------+---------+-------+---------+---------+------+
|Utilization SLR (%)  |        0|      0|       ~0|       ~0|     0|
+---------------------+---------+-------+---------+---------+------+
|Available            |     5376|  12288|  3456000|  1728000|  1280|
+---------------------+---------+-------+---------+---------+------+
|Utilization (%)      |        0|      0|       ~0|       ~0|     0|
+---------------------+---------+-------+---------+---------+------+

+ Detail: 
    * Instance: 
    +-----------------------------------+-----------------------------+---------+----+---+----+-----+
    |              Instance             |            Module           | BRAM_18K| DSP| FF| LUT| URAM|
    +-----------------------------------+-----------------------------+---------+----+---+----+-----+
    |fcmp_32ns_32ns_1_2_no_dsp_1_U1049  |fcmp_32ns_32ns_1_2_no_dsp_1  |        0|   0|  0|   0|    0|
    |fcmp_32ns_32ns_1_2_no_dsp_1_U1050  |fcmp_32ns_32ns_1_2_no_dsp_1  |        0|   0|  0|   0|    0|
    +-----------------------------------+-----------------------------+---------+----+---+----+-----+
    |Total                              |                             |        0|   0|  0|   0|    0|
    +-----------------------------------+-----------------------------+---------+----+---+----+-----+

    * DSP: 
    N/A

    * Memory: 
    N/A

    * FIFO: 
    N/A

    * Expression: 
    +------------------------+----------+----+---+-----+------------+------------+
    |      Variable Name     | Operation| DSP| FF| LUT | Bitwidth P0| Bitwidth P1|
    +------------------------+----------+----+---+-----+------------+------------+
    |add_ln317_fu_374_p2     |         +|   0|  0|   16|           9|           8|
    |add_ln778_fu_179_p2     |         +|   0|  0|   13|           6|           2|
    |result_2_fu_456_p2      |         -|   0|  0|   22|           1|          15|
    |sub_ln18_fu_388_p2      |         -|   0|  0|   15|           7|           8|
    |and_ln783_fu_225_p2     |       and|   0|  0|    2|           1|           1|
    |and_ln784_fu_274_p2     |       and|   0|  0|    2|           1|           1|
    |and_ln787_fu_322_p2     |       and|   0|  0|    2|           1|           1|
    |icmp_ln783_1_fu_213_p2  |      icmp|   0|  0|   30|          23|           1|
    |icmp_ln783_fu_207_p2    |      icmp|   0|  0|   15|           8|           2|
    |icmp_ln784_1_fu_262_p2  |      icmp|   0|  0|   30|          23|           1|
    |icmp_ln784_fu_256_p2    |      icmp|   0|  0|   15|           8|           2|
    |icmp_ln787_1_fu_310_p2  |      icmp|   0|  0|   30|          23|           1|
    |icmp_ln787_fu_304_p2    |      icmp|   0|  0|   15|           8|           2|
    |lshr_ln18_fu_413_p2     |      lshr|   0|  0|  242|          79|          79|
    |or_ln783_fu_219_p2      |        or|   0|  0|    2|           1|           1|
    |or_ln784_fu_268_p2      |        or|   0|  0|    2|           1|           1|
    |or_ln787_fu_316_p2      |        or|   0|  0|    2|           1|           1|
    |data_fu_328_p3          |    select|   0|  0|   32|           1|          31|
    |quantized_fu_461_p3     |    select|   0|  0|   15|           1|          15|
    |rounded_2_fu_280_p3     |    select|   0|  0|   32|           1|          31|
    |select_ln18_fu_397_p3   |    select|   0|  0|    9|           1|           9|
    |select_ln783_fu_231_p3  |    select|   0|  0|   32|           1|          30|
    |val_fu_445_p3           |    select|   0|  0|   15|           1|          15|
    |shl_ln18_fu_419_p2      |       shl|   0|  0|  242|          79|          79|
    |ap_enable_pp0           |       xor|   0|  0|    2|           1|           2|
    +------------------------+----------+----+---+-----+------------+------------+
    |Total                   |          |   0|  0|  834|         287|         339|
    +------------------------+----------+----+---+-----+------------+------------+

    * Multiplexer: 
    +--------------------------+----+-----------+-----+-----------+
    |           Name           | LUT| Input Size| Bits| Total Bits|
    +--------------------------+----+-----------+-----+-----------+
    |ap_done_int               |   9|          2|    1|          2|
    |ap_enable_reg_pp0_iter1   |   9|          2|    1|          2|
    |ap_sig_allocacmp_index_2  |   9|          2|    6|         12|
    |index_fu_100              |   9|          2|    6|         12|
    |quantized_word_fu_96      |   9|          2|  480|        960|
    +--------------------------+----+-----------+-----+-----------+
    |Total                     |  45|         10|  494|        988|
    +--------------------------+----+-----------+-----+-----------+

    * Register: 
    +-----------------------------------+-----+----+-----+-----------+
    |                Name               |  FF | LUT| Bits| Const Bits|
    +-----------------------------------+-----+----+-----+-----------+
    |ap_CS_fsm                          |    1|   0|    1|          0|
    |ap_done_reg                        |    1|   0|    1|          0|
    |ap_enable_reg_pp0_iter1            |    1|   0|    1|          0|
    |ap_enable_reg_pp0_iter10           |    1|   0|    1|          0|
    |ap_enable_reg_pp0_iter11           |    1|   0|    1|          0|
    |ap_enable_reg_pp0_iter12           |    1|   0|    1|          0|
    |ap_enable_reg_pp0_iter13           |    1|   0|    1|          0|
    |ap_enable_reg_pp0_iter14           |    1|   0|    1|          0|
    |ap_enable_reg_pp0_iter15           |    1|   0|    1|          0|
    |ap_enable_reg_pp0_iter16           |    1|   0|    1|          0|
    |ap_enable_reg_pp0_iter17           |    1|   0|    1|          0|
    |ap_enable_reg_pp0_iter18           |    1|   0|    1|          0|
    |ap_enable_reg_pp0_iter19           |    1|   0|    1|          0|
    |ap_enable_reg_pp0_iter2            |    1|   0|    1|          0|
    |ap_enable_reg_pp0_iter20           |    1|   0|    1|          0|
    |ap_enable_reg_pp0_iter3            |    1|   0|    1|          0|
    |ap_enable_reg_pp0_iter4            |    1|   0|    1|          0|
    |ap_enable_reg_pp0_iter5            |    1|   0|    1|          0|
    |ap_enable_reg_pp0_iter6            |    1|   0|    1|          0|
    |ap_enable_reg_pp0_iter7            |    1|   0|    1|          0|
    |ap_enable_reg_pp0_iter8            |    1|   0|    1|          0|
    |ap_enable_reg_pp0_iter9            |    1|   0|    1|          0|
    |ap_loop_exit_ready_pp0_iter10_reg  |    1|   0|    1|          0|
    |ap_loop_exit_ready_pp0_iter11_reg  |    1|   0|    1|          0|
    |ap_loop_exit_ready_pp0_iter12_reg  |    1|   0|    1|          0|
    |ap_loop_exit_ready_pp0_iter13_reg  |    1|   0|    1|          0|
    |ap_loop_exit_ready_pp0_iter14_reg  |    1|   0|    1|          0|
    |ap_loop_exit_ready_pp0_iter15_reg  |    1|   0|    1|          0|
    |ap_loop_exit_ready_pp0_iter16_reg  |    1|   0|    1|          0|
    |ap_loop_exit_ready_pp0_iter17_reg  |    1|   0|    1|          0|
    |ap_loop_exit_ready_pp0_iter18_reg  |    1|   0|    1|          0|
    |ap_loop_exit_ready_pp0_iter19_reg  |    1|   0|    1|          0|
    |ap_loop_exit_ready_pp0_iter1_reg   |    1|   0|    1|          0|
    |ap_loop_exit_ready_pp0_iter2_reg   |    1|   0|    1|          0|
    |ap_loop_exit_ready_pp0_iter3_reg   |    1|   0|    1|          0|
    |ap_loop_exit_ready_pp0_iter4_reg   |    1|   0|    1|          0|
    |ap_loop_exit_ready_pp0_iter5_reg   |    1|   0|    1|          0|
    |ap_loop_exit_ready_pp0_iter6_reg   |    1|   0|    1|          0|
    |ap_loop_exit_ready_pp0_iter7_reg   |    1|   0|    1|          0|
    |ap_loop_exit_ready_pp0_iter8_reg   |    1|   0|    1|          0|
    |ap_loop_exit_ready_pp0_iter9_reg   |    1|   0|    1|          0|
    |index_fu_100                       |    6|   0|    6|          0|
    |quantized_word_fu_96               |  480|   0|  480|          0|
    |rounded_2_reg_541                  |   32|   0|   32|          0|
    |rounded_2_reg_541_pp0_iter17_reg   |   32|   0|   32|          0|
    |rounded_reg_534                    |   32|   0|   32|          0|
    |rounded_reg_534_pp0_iter15_reg     |   32|   0|   32|          0|
    |scaled_reg_522                     |   32|   0|   32|          0|
    |select_ln783_reg_529               |    1|   0|   32|         31|
    |swiglu_group_load_reg_517          |   32|   0|   32|          0|
    |tmp_reg_508                        |    1|   0|    1|          0|
    |trunc_ln342_reg_558                |   23|   0|   23|          0|
    |val_reg_563                        |   15|   0|   15|          0|
    |xs_exp_reg_552                     |    8|   0|    8|          0|
    |xs_sign_reg_547                    |    1|   0|    1|          0|
    |xs_sign_reg_547_pp0_iter19_reg     |    1|   0|    1|          0|
    |scaled_reg_522                     |   64|  32|   32|          0|
    |tmp_reg_508                        |   64|  32|    1|          0|
    +-----------------------------------+-----+----+-----+-----------+
    |Total                              |  897|  64|  833|         31|
    +-----------------------------------+-----+----+-----+-----------+



================================================================
== Interface
================================================================
* Summary: 
+---------------------------+-----+-----+------------+----------------------------------------------------------------+--------------+
|         RTL Ports         | Dir | Bits|  Protocol  |                          Source Object                         |    C Type    |
+---------------------------+-----+-----+------------+----------------------------------------------------------------+--------------+
|ap_clk                     |   in|    1|  ap_ctrl_hs|  int4_swiglu_quantize_pe3_Pipeline_swiglu_quantize_reverse_loop|  return value|
|ap_rst                     |   in|    1|  ap_ctrl_hs|  int4_swiglu_quantize_pe3_Pipeline_swiglu_quantize_reverse_loop|  return value|
|ap_start                   |   in|    1|  ap_ctrl_hs|  int4_swiglu_quantize_pe3_Pipeline_swiglu_quantize_reverse_loop|  return value|
|ap_done                    |  out|    1|  ap_ctrl_hs|  int4_swiglu_quantize_pe3_Pipeline_swiglu_quantize_reverse_loop|  return value|
|ap_idle                    |  out|    1|  ap_ctrl_hs|  int4_swiglu_quantize_pe3_Pipeline_swiglu_quantize_reverse_loop|  return value|
|ap_ready                   |  out|    1|  ap_ctrl_hs|  int4_swiglu_quantize_pe3_Pipeline_swiglu_quantize_reverse_loop|  return value|
|grp_fu_308_p_din0          |  out|   32|  ap_ctrl_hs|  int4_swiglu_quantize_pe3_Pipeline_swiglu_quantize_reverse_loop|  return value|
|grp_fu_308_p_din1          |  out|   32|  ap_ctrl_hs|  int4_swiglu_quantize_pe3_Pipeline_swiglu_quantize_reverse_loop|  return value|
|grp_fu_308_p_opcode        |  out|    2|  ap_ctrl_hs|  int4_swiglu_quantize_pe3_Pipeline_swiglu_quantize_reverse_loop|  return value|
|grp_fu_308_p_dout0         |   in|   32|  ap_ctrl_hs|  int4_swiglu_quantize_pe3_Pipeline_swiglu_quantize_reverse_loop|  return value|
|grp_fu_308_p_ce            |  out|    1|  ap_ctrl_hs|  int4_swiglu_quantize_pe3_Pipeline_swiglu_quantize_reverse_loop|  return value|
|grp_fu_124_p_din0          |  out|   32|  ap_ctrl_hs|  int4_swiglu_quantize_pe3_Pipeline_swiglu_quantize_reverse_loop|  return value|
|grp_fu_124_p_din1          |  out|   32|  ap_ctrl_hs|  int4_swiglu_quantize_pe3_Pipeline_swiglu_quantize_reverse_loop|  return value|
|grp_fu_124_p_dout0         |   in|   32|  ap_ctrl_hs|  int4_swiglu_quantize_pe3_Pipeline_swiglu_quantize_reverse_loop|  return value|
|grp_fu_124_p_ce            |  out|    1|  ap_ctrl_hs|  int4_swiglu_quantize_pe3_Pipeline_swiglu_quantize_reverse_loop|  return value|
|grp_fu_134_p_din0          |  out|   32|  ap_ctrl_hs|  int4_swiglu_quantize_pe3_Pipeline_swiglu_quantize_reverse_loop|  return value|
|grp_fu_134_p_din1          |  out|   32|  ap_ctrl_hs|  int4_swiglu_quantize_pe3_Pipeline_swiglu_quantize_reverse_loop|  return value|
|grp_fu_134_p_opcode        |  out|    5|  ap_ctrl_hs|  int4_swiglu_quantize_pe3_Pipeline_swiglu_quantize_reverse_loop|  return value|
|grp_fu_134_p_dout0         |   in|    1|  ap_ctrl_hs|  int4_swiglu_quantize_pe3_Pipeline_swiglu_quantize_reverse_loop|  return value|
|grp_fu_134_p_ce            |  out|    1|  ap_ctrl_hs|  int4_swiglu_quantize_pe3_Pipeline_swiglu_quantize_reverse_loop|  return value|
|swiglu_group_address0      |  out|    5|   ap_memory|                                                    swiglu_group|         array|
|swiglu_group_ce0           |  out|    1|   ap_memory|                                                    swiglu_group|         array|
|swiglu_group_q0            |   in|   32|   ap_memory|                                                    swiglu_group|         array|
|inverse_scale              |   in|   32|     ap_none|                                                   inverse_scale|        scalar|
|quantized_word_out         |  out|  480|      ap_vld|                                              quantized_word_out|       pointer|
|quantized_word_out_ap_vld  |  out|    1|      ap_vld|                                              quantized_word_out|       pointer|
+---------------------------+-----+-----+------------+----------------------------------------------------------------+--------------+

