

================================================================
== Vitis HLS Report for 'int4_stream_integer_blocks_Pipeline_integer_local_tile_loop_integer_col_tile_loo'
================================================================
* Date:           Tue Aug 11 09:18:52 2026

* Version:        2023.2 (Build 4023990 on Oct 11 2023)
* Project:        proj_int4_decoder_xo
* Solution:       solution1 (Vitis Kernel Flow Target)
* Product family: virtexuplus
* Target device:  xcu250-figd2104-2L-e


================================================================
== Performance Estimates
================================================================
+ Timing: 
    * Summary: 
    +--------+---------+----------+------------+
    |  Clock |  Target | Estimated| Uncertainty|
    +--------+---------+----------+------------+
    |ap_clk  |  3.33 ns|  2.338 ns|     0.90 ns|
    +--------+---------+----------+------------+

+ Latency: 
    * Summary: 
    +---------+---------+----------+----------+-------+--------+---------+
    |  Latency (cycles) |  Latency (absolute) |    Interval    | Pipeline|
    |   min   |   max   |    min   |    max   |  min  |   max  |   Type  |
    +---------+---------+----------+----------+-------+--------+---------+
    |    32786|   693522|  0.109 ms|  2.312 ms|  32786|  693522|       no|
    +---------+---------+----------+----------+-------+--------+---------+

    + Detail: 
        * Instance: 
        N/A

        * Loop: 
        +-------------------------------------------------------------------------------------------+---------+---------+----------+-----------+-----------+----------------+----------+
        |                                                                                           |  Latency (cycles) | Iteration|  Initiation Interval  |      Trip      |          |
        |                                         Loop Name                                         |   min   |   max   |  Latency |  achieved |   target  |      Count     | Pipelined|
        +-------------------------------------------------------------------------------------------+---------+---------+----------+-----------+-----------+----------------+----------+
        |- integer_local_tile_loop_integer_col_tile_loop_integer_group_loop_integer_row_block_loop  |    32784|   693520|        18|          1|          1|  32768 ~ 693504|       yes|
        +-------------------------------------------------------------------------------------------+---------+---------+----------+-----------+-----------+----------------+----------+



================================================================
== Utilization Estimates
================================================================
* Summary: 
+---------------------+---------+-------+---------+---------+------+
|         Name        | BRAM_18K|  DSP  |    FF   |   LUT   | URAM |
+---------------------+---------+-------+---------+---------+------+
|DSP                  |        -|     40|        -|        -|     -|
|Expression           |        -|      -|        0|     1366|     -|
|FIFO                 |        -|      -|        -|        -|     -|
|Instance             |        -|     24|      552|     2944|     -|
|Memory               |        -|      -|        -|        -|     -|
|Multiplexer          |        -|      -|        -|       99|     -|
|Register             |        -|      -|     7625|     2624|     -|
+---------------------+---------+-------+---------+---------+------+
|Total                |        0|     64|     8177|     7033|     0|
+---------------------+---------+-------+---------+---------+------+
|Available SLR        |     1344|   3072|   864000|   432000|   320|
+---------------------+---------+-------+---------+---------+------+
|Utilization SLR (%)  |        0|      2|       ~0|        1|     0|
+---------------------+---------+-------+---------+---------+------+
|Available            |     5376|  12288|  3456000|  1728000|  1280|
+---------------------+---------+-------+---------+---------+------+
|Utilization (%)      |        0|     ~0|       ~0|       ~0|     0|
+---------------------+---------+-------+---------+---------+------+

+ Detail: 
    * Instance: 
    +---------------------------+---------------------+---------+----+----+----+-----+
    |          Instance         |        Module       | BRAM_18K| DSP| FF | LUT| URAM|
    +---------------------------+---------------------+---------+----+----+----+-----+
    |add_27ns_27s_27_2_1_U1566  |add_27ns_27s_27_2_1  |        0|   0|   0|  34|    0|
    |add_27ns_27s_27_2_1_U1567  |add_27ns_27s_27_2_1  |        0|   0|   0|  34|    0|
    |add_27ns_27s_27_2_1_U1568  |add_27ns_27s_27_2_1  |        0|   0|   0|  34|    0|
    |add_27ns_27s_27_2_1_U1569  |add_27ns_27s_27_2_1  |        0|   0|   0|  34|    0|
    |add_27ns_27s_27_2_1_U1570  |add_27ns_27s_27_2_1  |        0|   0|   0|  34|    0|
    |add_27ns_27s_27_2_1_U1571  |add_27ns_27s_27_2_1  |        0|   0|   0|  34|    0|
    |add_27ns_27s_27_2_1_U1572  |add_27ns_27s_27_2_1  |        0|   0|   0|  34|    0|
    |add_27ns_27s_27_2_1_U1573  |add_27ns_27s_27_2_1  |        0|   0|   0|  34|    0|
    |add_27ns_27s_27_2_1_U1574  |add_27ns_27s_27_2_1  |        0|   0|   0|  34|    0|
    |add_27ns_27s_27_2_1_U1575  |add_27ns_27s_27_2_1  |        0|   0|   0|  34|    0|
    |add_27ns_27s_27_2_1_U1576  |add_27ns_27s_27_2_1  |        0|   0|   0|  34|    0|
    |add_27ns_27s_27_2_1_U1577  |add_27ns_27s_27_2_1  |        0|   0|   0|  34|    0|
    |add_27ns_27s_27_2_1_U1578  |add_27ns_27s_27_2_1  |        0|   0|   0|  34|    0|
    |add_27ns_27s_27_2_1_U1579  |add_27ns_27s_27_2_1  |        0|   0|   0|  34|    0|
    |add_27ns_27s_27_2_1_U1594  |add_27ns_27s_27_2_1  |        0|   0|   0|  34|    0|
    |add_27ns_27s_27_2_1_U1595  |add_27ns_27s_27_2_1  |        0|   0|   0|  34|    0|
    |add_27ns_27s_27_2_1_U1596  |add_27ns_27s_27_2_1  |        0|   0|   0|  34|    0|
    |add_27ns_27s_27_2_1_U1597  |add_27ns_27s_27_2_1  |        0|   0|   0|  34|    0|
    |add_27ns_27s_27_2_1_U1598  |add_27ns_27s_27_2_1  |        0|   0|   0|  34|    0|
    |add_27ns_27s_27_2_1_U1599  |add_27ns_27s_27_2_1  |        0|   0|   0|  34|    0|
    |add_27ns_27s_27_2_1_U1600  |add_27ns_27s_27_2_1  |        0|   0|   0|  34|    0|
    |add_27ns_27s_27_2_1_U1601  |add_27ns_27s_27_2_1  |        0|   0|   0|  34|    0|
    |add_27ns_27s_27_2_1_U1602  |add_27ns_27s_27_2_1  |        0|   0|   0|  34|    0|
    |add_27ns_27s_27_2_1_U1603  |add_27ns_27s_27_2_1  |        0|   0|   0|  34|    0|
    |add_27ns_27s_27_2_1_U1604  |add_27ns_27s_27_2_1  |        0|   0|   0|  34|    0|
    |add_27ns_27s_27_2_1_U1605  |add_27ns_27s_27_2_1  |        0|   0|   0|  34|    0|
    |add_27ns_27s_27_2_1_U1606  |add_27ns_27s_27_2_1  |        0|   0|   0|  34|    0|
    |add_27ns_27s_27_2_1_U1607  |add_27ns_27s_27_2_1  |        0|   0|   0|  34|    0|
    |add_27ns_27s_27_2_1_U1608  |add_27ns_27s_27_2_1  |        0|   0|   0|  34|    0|
    |add_27ns_27s_27_2_1_U1609  |add_27ns_27s_27_2_1  |        0|   0|   0|  34|    0|
    |add_27ns_27s_27_2_1_U1610  |add_27ns_27s_27_2_1  |        0|   0|   0|  34|    0|
    |add_27ns_27s_27_2_1_U1611  |add_27ns_27s_27_2_1  |        0|   0|   0|  34|    0|
    |add_27ns_27s_27_2_1_U1612  |add_27ns_27s_27_2_1  |        0|   0|   0|  34|    0|
    |add_27ns_27s_27_2_1_U1613  |add_27ns_27s_27_2_1  |        0|   0|   0|  34|    0|
    |add_27ns_27s_27_2_1_U1620  |add_27ns_27s_27_2_1  |        0|   0|   0|  34|    0|
    |add_27ns_27s_27_2_1_U1621  |add_27ns_27s_27_2_1  |        0|   0|   0|  34|    0|
    |add_27ns_27s_27_2_1_U1622  |add_27ns_27s_27_2_1  |        0|   0|   0|  34|    0|
    |add_27ns_27s_27_2_1_U1623  |add_27ns_27s_27_2_1  |        0|   0|   0|  34|    0|
    |add_27ns_27s_27_2_1_U1624  |add_27ns_27s_27_2_1  |        0|   0|   0|  34|    0|
    |add_27ns_27s_27_2_1_U1625  |add_27ns_27s_27_2_1  |        0|   0|   0|  34|    0|
    |add_27ns_27s_27_2_1_U1626  |add_27ns_27s_27_2_1  |        0|   0|   0|  34|    0|
    |add_27ns_27s_27_2_1_U1627  |add_27ns_27s_27_2_1  |        0|   0|   0|  34|    0|
    |add_27ns_27s_27_2_1_U1628  |add_27ns_27s_27_2_1  |        0|   0|   0|  34|    0|
    |add_27ns_27s_27_2_1_U1629  |add_27ns_27s_27_2_1  |        0|   0|   0|  34|    0|
    |add_27ns_27s_27_2_1_U1630  |add_27ns_27s_27_2_1  |        0|   0|   0|  34|    0|
    |add_27ns_27s_27_2_1_U1631  |add_27ns_27s_27_2_1  |        0|   0|   0|  34|    0|
    |add_27ns_27s_27_2_1_U1632  |add_27ns_27s_27_2_1  |        0|   0|   0|  34|    0|
    |add_27ns_27s_27_2_1_U1633  |add_27ns_27s_27_2_1  |        0|   0|   0|  34|    0|
    |add_27ns_27s_27_2_1_U1634  |add_27ns_27s_27_2_1  |        0|   0|   0|  34|    0|
    |add_27ns_27s_27_2_1_U1635  |add_27ns_27s_27_2_1  |        0|   0|   0|  34|    0|
    |add_27ns_27s_27_2_1_U1636  |add_27ns_27s_27_2_1  |        0|   0|   0|  34|    0|
    |add_27ns_27s_27_2_1_U1637  |add_27ns_27s_27_2_1  |        0|   0|   0|  34|    0|
    |add_27ns_27s_27_2_1_U1638  |add_27ns_27s_27_2_1  |        0|   0|   0|  34|    0|
    |add_27ns_27s_27_2_1_U1639  |add_27ns_27s_27_2_1  |        0|   0|   0|  34|    0|
    |add_27ns_27s_27_2_1_U1642  |add_27ns_27s_27_2_1  |        0|   0|   0|  34|    0|
    |add_27ns_27s_27_2_1_U1643  |add_27ns_27s_27_2_1  |        0|   0|   0|  34|    0|
    |add_27ns_27s_27_2_1_U1644  |add_27ns_27s_27_2_1  |        0|   0|   0|  34|    0|
    |add_27ns_27s_27_2_1_U1645  |add_27ns_27s_27_2_1  |        0|   0|   0|  34|    0|
    |add_27ns_27s_27_2_1_U1646  |add_27ns_27s_27_2_1  |        0|   0|   0|  34|    0|
    |add_27ns_27s_27_2_1_U1647  |add_27ns_27s_27_2_1  |        0|   0|   0|  34|    0|
    |add_27ns_27s_27_2_1_U1650  |add_27ns_27s_27_2_1  |        0|   0|   0|  34|    0|
    |add_27ns_27s_27_2_1_U1651  |add_27ns_27s_27_2_1  |        0|   0|   0|  34|    0|
    |add_27ns_27s_27_2_1_U1652  |add_27ns_27s_27_2_1  |        0|   0|   0|  34|    0|
    |add_27ns_27s_27_2_1_U1653  |add_27ns_27s_27_2_1  |        0|   0|   0|  34|    0|
    |mul_27s_15s_42_5_1_U1580   |mul_27s_15s_42_5_1   |        0|   1|  23|  32|    0|
    |mul_27s_15s_42_5_1_U1581   |mul_27s_15s_42_5_1   |        0|   1|  23|  32|    0|
    |mul_27s_15s_42_5_1_U1582   |mul_27s_15s_42_5_1   |        0|   1|  23|  32|    0|
    |mul_27s_15s_42_5_1_U1583   |mul_27s_15s_42_5_1   |        0|   1|  23|  32|    0|
    |mul_27s_15s_42_5_1_U1584   |mul_27s_15s_42_5_1   |        0|   1|  23|  32|    0|
    |mul_27s_15s_42_5_1_U1585   |mul_27s_15s_42_5_1   |        0|   1|  23|  32|    0|
    |mul_27s_15s_42_5_1_U1586   |mul_27s_15s_42_5_1   |        0|   1|  23|  32|    0|
    |mul_27s_15s_42_5_1_U1587   |mul_27s_15s_42_5_1   |        0|   1|  23|  32|    0|
    |mul_27s_15s_42_5_1_U1588   |mul_27s_15s_42_5_1   |        0|   1|  23|  32|    0|
    |mul_27s_15s_42_5_1_U1589   |mul_27s_15s_42_5_1   |        0|   1|  23|  32|    0|
    |mul_27s_15s_42_5_1_U1590   |mul_27s_15s_42_5_1   |        0|   1|  23|  32|    0|
    |mul_27s_15s_42_5_1_U1591   |mul_27s_15s_42_5_1   |        0|   1|  23|  32|    0|
    |mul_27s_15s_42_5_1_U1592   |mul_27s_15s_42_5_1   |        0|   1|  23|  32|    0|
    |mul_27s_15s_42_5_1_U1593   |mul_27s_15s_42_5_1   |        0|   1|  23|  32|    0|
    |mul_27s_15s_42_5_1_U1614   |mul_27s_15s_42_5_1   |        0|   1|  23|  32|    0|
    |mul_27s_15s_42_5_1_U1615   |mul_27s_15s_42_5_1   |        0|   1|  23|  32|    0|
    |mul_27s_15s_42_5_1_U1616   |mul_27s_15s_42_5_1   |        0|   1|  23|  32|    0|
    |mul_27s_15s_42_5_1_U1617   |mul_27s_15s_42_5_1   |        0|   1|  23|  32|    0|
    |mul_27s_15s_42_5_1_U1618   |mul_27s_15s_42_5_1   |        0|   1|  23|  32|    0|
    |mul_27s_15s_42_5_1_U1619   |mul_27s_15s_42_5_1   |        0|   1|  23|  32|    0|
    |mul_27s_15s_42_5_1_U1640   |mul_27s_15s_42_5_1   |        0|   1|  23|  32|    0|
    |mul_27s_15s_42_5_1_U1641   |mul_27s_15s_42_5_1   |        0|   1|  23|  32|    0|
    |mul_27s_15s_42_5_1_U1648   |mul_27s_15s_42_5_1   |        0|   1|  23|  32|    0|
    |mul_27s_15s_42_5_1_U1649   |mul_27s_15s_42_5_1   |        0|   1|  23|  32|    0|
    +---------------------------+---------------------+---------+----+----+----+-----+
    |Total                      |                     |        0|  24| 552|2944|    0|
    +---------------------------+---------------------+---------+----+----+----+-----+

    * DSP: 
    +-------------------------------------+-------------------------------+--------------+
    |               Instance              |             Module            |  Expression  |
    +-------------------------------------+-------------------------------+--------------+
    |mac_muladd_27s_15s_42s_43_5_1_U1654  |mac_muladd_27s_15s_42s_43_5_1  |  i0 + i1 * i2|
    |mac_muladd_27s_15s_42s_43_5_1_U1655  |mac_muladd_27s_15s_42s_43_5_1  |  i0 + i1 * i2|
    |mac_muladd_27s_15s_42s_43_5_1_U1656  |mac_muladd_27s_15s_42s_43_5_1  |  i0 + i1 * i2|
    |mac_muladd_27s_15s_42s_43_5_1_U1657  |mac_muladd_27s_15s_42s_43_5_1  |  i0 + i1 * i2|
    |mac_muladd_27s_15s_42s_43_5_1_U1658  |mac_muladd_27s_15s_42s_43_5_1  |  i0 + i1 * i2|
    |mac_muladd_27s_15s_42s_43_5_1_U1659  |mac_muladd_27s_15s_42s_43_5_1  |  i0 + i1 * i2|
    |mac_muladd_27s_15s_42s_43_5_1_U1660  |mac_muladd_27s_15s_42s_43_5_1  |  i0 + i1 * i2|
    |mac_muladd_27s_15s_42s_43_5_1_U1661  |mac_muladd_27s_15s_42s_43_5_1  |  i0 + i1 * i2|
    |mac_muladd_27s_15s_42s_43_5_1_U1662  |mac_muladd_27s_15s_42s_43_5_1  |  i0 + i1 * i2|
    |mac_muladd_27s_15s_42s_43_5_1_U1663  |mac_muladd_27s_15s_42s_43_5_1  |  i0 + i1 * i2|
    |mac_muladd_27s_15s_42s_43_5_1_U1664  |mac_muladd_27s_15s_42s_43_5_1  |  i0 + i1 * i2|
    |mac_muladd_27s_15s_42s_43_5_1_U1665  |mac_muladd_27s_15s_42s_43_5_1  |  i0 + i1 * i2|
    |mac_muladd_27s_15s_42s_43_5_1_U1666  |mac_muladd_27s_15s_42s_43_5_1  |  i0 + i1 * i2|
    |mac_muladd_27s_15s_42s_43_5_1_U1667  |mac_muladd_27s_15s_42s_43_5_1  |  i0 + i1 * i2|
    |mac_muladd_27s_15s_42s_43_5_1_U1672  |mac_muladd_27s_15s_42s_43_5_1  |  i0 + i1 * i2|
    |mac_muladd_27s_15s_42s_43_5_1_U1673  |mac_muladd_27s_15s_42s_43_5_1  |  i0 + i1 * i2|
    |mac_muladd_27s_15s_42s_43_5_1_U1676  |mac_muladd_27s_15s_42s_43_5_1  |  i0 + i1 * i2|
    |mac_muladd_27s_15s_42s_43_5_1_U1677  |mac_muladd_27s_15s_42s_43_5_1  |  i0 + i1 * i2|
    |mac_muladd_27s_15s_42s_43_5_1_U1682  |mac_muladd_27s_15s_42s_43_5_1  |  i0 + i1 * i2|
    |mac_muladd_27s_15s_42s_43_5_1_U1683  |mac_muladd_27s_15s_42s_43_5_1  |  i0 + i1 * i2|
    |mac_muladd_27s_15s_42s_43_5_1_U1688  |mac_muladd_27s_15s_42s_43_5_1  |  i0 + i1 * i2|
    |mac_muladd_27s_15s_42s_43_5_1_U1689  |mac_muladd_27s_15s_42s_43_5_1  |  i0 + i1 * i2|
    |mac_muladd_27s_15s_42s_43_5_1_U1690  |mac_muladd_27s_15s_42s_43_5_1  |  i0 + i1 * i2|
    |mac_muladd_27s_15s_42s_43_5_1_U1691  |mac_muladd_27s_15s_42s_43_5_1  |  i0 + i1 * i2|
    |mac_muladd_27s_15s_43s_43_5_1_U1668  |mac_muladd_27s_15s_43s_43_5_1  |  i0 + i1 * i2|
    |mac_muladd_27s_15s_43s_43_5_1_U1669  |mac_muladd_27s_15s_43s_43_5_1  |  i0 + i1 * i2|
    |mac_muladd_27s_15s_43s_43_5_1_U1670  |mac_muladd_27s_15s_43s_43_5_1  |  i0 + i1 * i2|
    |mac_muladd_27s_15s_43s_43_5_1_U1671  |mac_muladd_27s_15s_43s_43_5_1  |  i0 + i1 * i2|
    |mac_muladd_27s_15s_43s_43_5_1_U1674  |mac_muladd_27s_15s_43s_43_5_1  |  i0 + i1 * i2|
    |mac_muladd_27s_15s_43s_43_5_1_U1675  |mac_muladd_27s_15s_43s_43_5_1  |  i0 + i1 * i2|
    |mac_muladd_27s_15s_43s_43_5_1_U1678  |mac_muladd_27s_15s_43s_43_5_1  |  i0 + i1 * i2|
    |mac_muladd_27s_15s_43s_43_5_1_U1679  |mac_muladd_27s_15s_43s_43_5_1  |  i0 + i1 * i2|
    |mac_muladd_27s_15s_43s_43_5_1_U1680  |mac_muladd_27s_15s_43s_43_5_1  |  i0 + i1 * i2|
    |mac_muladd_27s_15s_43s_43_5_1_U1681  |mac_muladd_27s_15s_43s_43_5_1  |  i0 + i1 * i2|
    |mac_muladd_27s_15s_43s_44_5_1_U1684  |mac_muladd_27s_15s_43s_44_5_1  |  i0 + i1 * i2|
    |mac_muladd_27s_15s_43s_44_5_1_U1685  |mac_muladd_27s_15s_43s_44_5_1  |  i0 + i1 * i2|
    |mac_muladd_27s_15s_44s_45_5_1_U1686  |mac_muladd_27s_15s_44s_45_5_1  |  i0 + i1 * i2|
    |mac_muladd_27s_15s_44s_45_5_1_U1687  |mac_muladd_27s_15s_44s_45_5_1  |  i0 + i1 * i2|
    |mac_muladd_27s_15s_45s_46_5_1_U1692  |mac_muladd_27s_15s_45s_46_5_1  |  i0 + i1 * i2|
    |mac_muladd_27s_15s_45s_46_5_1_U1693  |mac_muladd_27s_15s_45s_46_5_1  |  i0 + i1 * i2|
    +-------------------------------------+-------------------------------+--------------+

    * Memory: 
    N/A

    * FIFO: 
    N/A

    * Expression: 
    +------------------------------------+----------+----+---+----+------------+------------+
    |            Variable Name           | Operation| DSP| FF| LUT| Bitwidth P0| Bitwidth P1|
    +------------------------------------+----------+----+---+----+------------+------------+
    |add_ln457_fu_1042_p2                |         +|   0|  0|  27|          20|           1|
    |add_ln460_fu_1165_p2                |         +|   0|  0|  22|          15|           1|
    |add_ln466_fu_1145_p2                |         +|   0|  0|  17|          10|           1|
    |add_ln476_fu_1119_p2                |         +|   0|  0|  13|           6|           1|
    |add_ln510_12_fu_4377_p2             |         +|   0|  0|  51|          44|          44|
    |add_ln510_13_fu_4609_p2             |         +|   0|  0|  45|          45|          45|
    |add_ln510_16_fu_4643_p2             |         +|   0|  0|  53|          46|          46|
    |add_ln510_20_fu_4389_p2             |         +|   0|  0|  51|          44|          44|
    |add_ln510_21_fu_4651_p2             |         +|   0|  0|  46|          46|          46|
    |add_ln510_24_fu_4209_p2             |         +|   0|  0|  51|          44|          44|
    |add_ln510_28_fu_4404_p2             |         +|   0|  0|  51|          44|          44|
    |add_ln510_29_fu_4414_p2             |         +|   0|  0|  52|          45|          45|
    |add_ln510_36_fu_4581_p2             |         +|   0|  0|  51|          44|          44|
    |add_ln510_39_fu_4622_p2             |         +|   0|  0|  45|          45|          45|
    |add_ln510_43_fu_4429_p2             |         +|   0|  0|  51|          44|          44|
    |add_ln510_44_fu_4630_p2             |         +|   0|  0|  45|          45|          45|
    |add_ln510_47_fu_4669_p2             |         +|   0|  0|  53|          46|          46|
    |add_ln510_51_fu_4441_p2             |         +|   0|  0|  51|          44|          44|
    |add_ln510_52_fu_4677_p2             |         +|   0|  0|  46|          46|          46|
    |add_ln510_55_fu_4221_p2             |         +|   0|  0|  51|          44|          44|
    |add_ln510_59_fu_4456_p2             |         +|   0|  0|  51|          44|          44|
    |add_ln510_5_fu_4569_p2              |         +|   0|  0|  51|          44|          44|
    |add_ln510_60_fu_4466_p2             |         +|   0|  0|  52|          45|          45|
    |add_ln510_8_fu_4601_p2              |         +|   0|  0|  45|          45|          45|
    |packed_4_fu_4686_p2                 |         +|   0|  0|  46|          46|          46|
    |packed_fu_4660_p2                   |         +|   0|  0|  46|          46|          46|
    |r0_fu_4739_p2                       |         +|   0|  0|  30|          23|          23|
    |r2_fu_4747_p2                       |         +|   0|  0|  30|          23|          23|
    |and_ln457_1_fu_1083_p2              |       and|   0|  0|   2|           1|           1|
    |and_ln457_fu_1071_p2                |       and|   0|  0|   2|           1|           1|
    |and_ln460_fu_1101_p2                |       and|   0|  0|   2|           1|           1|
    |ap_block_state19_pp0_stage0_iter18  |       and|   0|  0|   2|           1|           1|
    |icmp_ln457_fu_1037_p2               |      icmp|   0|  0|  27|          20|          20|
    |icmp_ln460_fu_1048_p2               |      icmp|   0|  0|  22|          15|          15|
    |icmp_ln466_fu_1077_p2               |      icmp|   0|  0|  17|          10|           9|
    |icmp_ln475_fu_1065_p2               |      icmp|   0|  0|  14|           6|           7|
    |ap_block_pp0_stage0_01001           |        or|   0|  0|   2|           1|           1|
    |ap_block_state3_pp0_stage0_iter2    |        or|   0|  0|   2|           1|           1|
    |or_ln457_fu_1053_p2                 |        or|   0|  0|   2|           1|           1|
    |or_ln460_1_fu_1095_p2               |        or|   0|  0|   2|           1|           1|
    |or_ln460_fu_1107_p2                 |        or|   0|  0|   2|           1|           1|
    |or_ln465_fu_1113_p2                 |        or|   0|  0|   2|           1|           1|
    |or_ln466_fu_1151_p2                 |        or|   0|  0|   2|           1|           1|
    |or_ln476_1_fu_1131_p2               |        or|   0|  0|   2|           1|           1|
    |or_ln476_fu_1125_p2                 |        or|   0|  0|   2|           1|           1|
    |row_block_2_fu_1137_p3              |    select|   0|  0|   6|           1|           1|
    |select_ln460_fu_1171_p3             |    select|   0|  0|  15|           1|           1|
    |select_ln466_fu_1157_p3             |    select|   0|  0|  10|           1|           1|
    |ap_enable_pp0                       |       xor|   0|  0|   2|           1|           2|
    |xor_ln457_fu_1059_p2                |       xor|   0|  0|   2|           1|           2|
    |xor_ln460_fu_1089_p2                |       xor|   0|  0|   2|           1|           2|
    +------------------------------------+----------+----+---+----+------------+------------+
    |Total                               |          |   0|  0|1366|        1153|        1109|
    +------------------------------------+----------+----+---+----+------------+------------+

    * Multiplexer: 
    +---------------------------------------+----+-----------+-----+-----------+
    |                  Name                 | LUT| Input Size| Bits| Total Bits|
    +---------------------------------------+----+-----------+-----+-----------+
    |ap_done_int                            |   9|          2|    1|          2|
    |ap_enable_reg_pp0_iter1                |   9|          2|    1|          2|
    |ap_enable_reg_pp0_iter2                |   9|          2|    1|          2|
    |ap_phi_mux_first_iter_0_phi_fu_993_p4  |   9|          2|    1|          2|
    |group_stream_blk_n                     |   9|          2|    1|          2|
    |indvar_flatten14_fu_946                |   9|          2|   15|         30|
    |indvar_flatten35_fu_950                |   9|          2|   20|         40|
    |indvar_flatten_fu_942                  |   9|          2|   10|         20|
    |replay_activation_stream_blk_n         |   9|          2|    1|          2|
    |row_block_fu_938                       |   9|          2|    6|         12|
    |weight_stream_blk_n                    |   9|          2|    1|          2|
    +---------------------------------------+----+-----------+-----+-----------+
    |Total                                  |  99|         22|   58|        116|
    +---------------------------------------+----+-----------+-----+-----------+

    * Register: 
    +--------------------------------------+-----+----+-----+-----------+
    |                 Name                 |  FF | LUT| Bits| Const Bits|
    +--------------------------------------+-----+----+-----+-----------+
    |act_word1_fu_954                      |  480|   0|  480|          0|
    |activation_10_reg_5855                |   15|   0|   15|          0|
    |activation_10_reg_5855_pp0_iter4_reg  |   15|   0|   15|          0|
    |activation_11_reg_5860                |   15|   0|   15|          0|
    |activation_12_reg_5865                |   15|   0|   15|          0|
    |activation_14_reg_5876                |   15|   0|   15|          0|
    |activation_14_reg_5876_pp0_iter4_reg  |   15|   0|   15|          0|
    |activation_15_reg_5881                |   15|   0|   15|          0|
    |activation_15_reg_5881_pp0_iter4_reg  |   15|   0|   15|          0|
    |activation_16_reg_5886                |   15|   0|   15|          0|
    |activation_16_reg_5886_pp0_iter4_reg  |   15|   0|   15|          0|
    |activation_18_reg_5897                |   15|   0|   15|          0|
    |activation_19_reg_5902                |   15|   0|   15|          0|
    |activation_19_reg_5902_pp0_iter4_reg  |   15|   0|   15|          0|
    |activation_1_reg_5809                 |   15|   0|   15|          0|
    |activation_21_reg_5913                |   15|   0|   15|          0|
    |activation_23_reg_5924                |   15|   0|   15|          0|
    |activation_25_reg_5935                |   15|   0|   15|          0|
    |activation_25_reg_5935_pp0_iter4_reg  |   15|   0|   15|          0|
    |activation_26_reg_5940                |   15|   0|   15|          0|
    |activation_27_reg_5945                |   15|   0|   15|          0|
    |activation_27_reg_5945_pp0_iter4_reg  |   15|   0|   15|          0|
    |activation_28_reg_5950                |   15|   0|   15|          0|
    |activation_29_reg_5955                |   15|   0|   15|          0|
    |activation_2_reg_5814                 |   15|   0|   15|          0|
    |activation_2_reg_5814_pp0_iter4_reg   |   15|   0|   15|          0|
    |activation_30_reg_5960                |   15|   0|   15|          0|
    |activation_31_reg_5965                |   15|   0|   15|          0|
    |activation_31_reg_5965_pp0_iter4_reg  |   15|   0|   15|          0|
    |activation_3_reg_5819                 |   15|   0|   15|          0|
    |activation_4_reg_5824                 |   15|   0|   15|          0|
    |activation_6_reg_5835                 |   15|   0|   15|          0|
    |activation_6_reg_5835_pp0_iter4_reg   |   15|   0|   15|          0|
    |activation_7_reg_5840                 |   15|   0|   15|          0|
    |activation_8_reg_5845                 |   15|   0|   15|          0|
    |activation_9_reg_5850                 |   15|   0|   15|          0|
    |add_ln510_12_reg_7038                 |   44|   0|   44|          0|
    |add_ln510_20_reg_7043                 |   44|   0|   44|          0|
    |add_ln510_24_reg_6880                 |   44|   0|   44|          0|
    |add_ln510_24_reg_6880_pp0_iter10_reg  |   44|   0|   44|          0|
    |add_ln510_29_reg_7048                 |   45|   0|   45|          0|
    |add_ln510_35_reg_7058                 |   43|   0|   43|          0|
    |add_ln510_35_reg_7058_pp0_iter12_reg  |   43|   0|   43|          0|
    |add_ln510_43_reg_7063                 |   44|   0|   44|          0|
    |add_ln510_4_reg_7033                  |   43|   0|   43|          0|
    |add_ln510_4_reg_7033_pp0_iter12_reg   |   43|   0|   43|          0|
    |add_ln510_51_reg_7068                 |   44|   0|   44|          0|
    |add_ln510_55_reg_6910                 |   44|   0|   44|          0|
    |add_ln510_55_reg_6910_pp0_iter10_reg  |   44|   0|   44|          0|
    |add_ln510_60_reg_7073                 |   45|   0|   45|          0|
    |ap_CS_fsm                             |    1|   0|    1|          0|
    |ap_done_reg                           |    1|   0|    1|          0|
    |ap_enable_reg_pp0_iter1               |    1|   0|    1|          0|
    |ap_enable_reg_pp0_iter10              |    1|   0|    1|          0|
    |ap_enable_reg_pp0_iter11              |    1|   0|    1|          0|
    |ap_enable_reg_pp0_iter12              |    1|   0|    1|          0|
    |ap_enable_reg_pp0_iter13              |    1|   0|    1|          0|
    |ap_enable_reg_pp0_iter14              |    1|   0|    1|          0|
    |ap_enable_reg_pp0_iter15              |    1|   0|    1|          0|
    |ap_enable_reg_pp0_iter16              |    1|   0|    1|          0|
    |ap_enable_reg_pp0_iter17              |    1|   0|    1|          0|
    |ap_enable_reg_pp0_iter18              |    1|   0|    1|          0|
    |ap_enable_reg_pp0_iter2               |    1|   0|    1|          0|
    |ap_enable_reg_pp0_iter3               |    1|   0|    1|          0|
    |ap_enable_reg_pp0_iter4               |    1|   0|    1|          0|
    |ap_enable_reg_pp0_iter5               |    1|   0|    1|          0|
    |ap_enable_reg_pp0_iter6               |    1|   0|    1|          0|
    |ap_enable_reg_pp0_iter7               |    1|   0|    1|          0|
    |ap_enable_reg_pp0_iter8               |    1|   0|    1|          0|
    |ap_enable_reg_pp0_iter9               |    1|   0|    1|          0|
    |ap_loop_exit_ready_pp0_iter10_reg     |    1|   0|    1|          0|
    |ap_loop_exit_ready_pp0_iter11_reg     |    1|   0|    1|          0|
    |ap_loop_exit_ready_pp0_iter12_reg     |    1|   0|    1|          0|
    |ap_loop_exit_ready_pp0_iter13_reg     |    1|   0|    1|          0|
    |ap_loop_exit_ready_pp0_iter14_reg     |    1|   0|    1|          0|
    |ap_loop_exit_ready_pp0_iter15_reg     |    1|   0|    1|          0|
    |ap_loop_exit_ready_pp0_iter16_reg     |    1|   0|    1|          0|
    |ap_loop_exit_ready_pp0_iter17_reg     |    1|   0|    1|          0|
    |ap_loop_exit_ready_pp0_iter2_reg      |    1|   0|    1|          0|
    |ap_loop_exit_ready_pp0_iter3_reg      |    1|   0|    1|          0|
    |ap_loop_exit_ready_pp0_iter4_reg      |    1|   0|    1|          0|
    |ap_loop_exit_ready_pp0_iter5_reg      |    1|   0|    1|          0|
    |ap_loop_exit_ready_pp0_iter6_reg      |    1|   0|    1|          0|
    |ap_loop_exit_ready_pp0_iter7_reg      |    1|   0|    1|          0|
    |ap_loop_exit_ready_pp0_iter8_reg      |    1|   0|    1|          0|
    |ap_loop_exit_ready_pp0_iter9_reg      |    1|   0|    1|          0|
    |bound6_cast_reg_5150                  |   14|   0|   15|          1|
    |first_iter_0_reg_989                  |    1|   0|    1|          0|
    |high_raw_1_reg_7210                   |   23|   0|   23|          0|
    |high_raw_reg_7195                     |   23|   0|   23|          0|
    |icmp_ln457_reg_5155                   |    1|   0|    1|          0|
    |indvar_flatten14_fu_946               |   15|   0|   15|          0|
    |indvar_flatten35_fu_950               |   20|   0|   20|          0|
    |indvar_flatten_fu_942                 |   10|   0|   10|          0|
    |low_12_reg_5283                       |    4|   0|    4|          0|
    |low_12_reg_5283_pp0_iter3_reg         |    4|   0|    4|          0|
    |low_13_reg_5293                       |    4|   0|    4|          0|
    |low_13_reg_5293_pp0_iter3_reg         |    4|   0|    4|          0|
    |low_14_reg_5303                       |    4|   0|    4|          0|
    |low_15_reg_5313                       |    4|   0|    4|          0|
    |low_16_reg_5323                       |    4|   0|    4|          0|
    |low_17_reg_5333                       |    4|   0|    4|          0|
    |low_18_reg_5343                       |    4|   0|    4|          0|
    |low_19_reg_5353                       |    4|   0|    4|          0|
    |low_20_reg_5363                       |    4|   0|    4|          0|
    |low_20_reg_5363_pp0_iter3_reg         |    4|   0|    4|          0|
    |low_21_reg_5373                       |    4|   0|    4|          0|
    |low_21_reg_5373_pp0_iter3_reg         |    4|   0|    4|          0|
    |low_22_reg_5383                       |    4|   0|    4|          0|
    |low_23_reg_5393                       |    4|   0|    4|          0|
    |low_24_reg_5403                       |    4|   0|    4|          0|
    |low_25_reg_5413                       |    4|   0|    4|          0|
    |low_28_reg_5443                       |    4|   0|    4|          0|
    |low_28_reg_5443_pp0_iter3_reg         |    4|   0|    4|          0|
    |low_29_reg_5453                       |    4|   0|    4|          0|
    |low_29_reg_5453_pp0_iter3_reg         |    4|   0|    4|          0|
    |low_2_reg_5183                        |    4|   0|    4|          0|
    |low_30_reg_5463                       |    4|   0|    4|          0|
    |low_30_reg_5463_pp0_iter3_reg         |    4|   0|    4|          0|
    |low_31_reg_5473                       |    4|   0|    4|          0|
    |low_31_reg_5473_pp0_iter3_reg         |    4|   0|    4|          0|
    |low_32_reg_5483                       |    4|   0|    4|          0|
    |low_32_reg_5483_pp0_iter3_reg         |    4|   0|    4|          0|
    |low_33_reg_5493                       |    4|   0|    4|          0|
    |low_33_reg_5493_pp0_iter3_reg         |    4|   0|    4|          0|
    |low_36_reg_5523                       |    4|   0|    4|          0|
    |low_37_reg_5533                       |    4|   0|    4|          0|
    |low_38_reg_5543                       |    4|   0|    4|          0|
    |low_38_reg_5543_pp0_iter3_reg         |    4|   0|    4|          0|
    |low_39_reg_5553                       |    4|   0|    4|          0|
    |low_39_reg_5553_pp0_iter3_reg         |    4|   0|    4|          0|
    |low_3_reg_5193                        |    4|   0|    4|          0|
    |low_42_reg_5583                       |    4|   0|    4|          0|
    |low_43_reg_5593                       |    4|   0|    4|          0|
    |low_46_reg_5623                       |    4|   0|    4|          0|
    |low_47_reg_5633                       |    4|   0|    4|          0|
    |low_4_reg_5203                        |    4|   0|    4|          0|
    |low_4_reg_5203_pp0_iter3_reg          |    4|   0|    4|          0|
    |low_50_reg_5663                       |    4|   0|    4|          0|
    |low_50_reg_5663_pp0_iter3_reg         |    4|   0|    4|          0|
    |low_51_reg_5673                       |    4|   0|    4|          0|
    |low_51_reg_5673_pp0_iter3_reg         |    4|   0|    4|          0|
    |low_52_reg_5683                       |    4|   0|    4|          0|
    |low_53_reg_5693                       |    4|   0|    4|          0|
    |low_54_reg_5703                       |    4|   0|    4|          0|
    |low_54_reg_5703_pp0_iter3_reg         |    4|   0|    4|          0|
    |low_55_reg_5713                       |    4|   0|    4|          0|
    |low_55_reg_5713_pp0_iter3_reg         |    4|   0|    4|          0|
    |low_56_reg_5723                       |    4|   0|    4|          0|
    |low_57_reg_5733                       |    4|   0|    4|          0|
    |low_58_reg_5743                       |    4|   0|    4|          0|
    |low_59_reg_5753                       |    4|   0|    4|          0|
    |low_5_reg_5213                        |    4|   0|    4|          0|
    |low_5_reg_5213_pp0_iter3_reg          |    4|   0|    4|          0|
    |low_60_reg_5763                       |    4|   0|    4|          0|
    |low_61_reg_5773                       |    4|   0|    4|          0|
    |low_62_reg_5783                       |    4|   0|    4|          0|
    |low_62_reg_5783_pp0_iter3_reg         |    4|   0|    4|          0|
    |low_63_reg_5793                       |    4|   0|    4|          0|
    |low_63_reg_5793_pp0_iter3_reg         |    4|   0|    4|          0|
    |low_6_reg_5223                        |    4|   0|    4|          0|
    |low_7_reg_5233                        |    4|   0|    4|          0|
    |low_8_reg_5243                        |    4|   0|    4|          0|
    |low_9_reg_5253                        |    4|   0|    4|          0|
    |low_value_1_reg_7205                  |   23|   0|   23|          0|
    |low_value_reg_7190                    |   23|   0|   23|          0|
    |or_ln465_reg_5159                     |    1|   0|    1|          0|
    |row_block_fu_938                      |    6|   0|    6|          0|
    |tmp_100_reg_5698                      |    4|   0|    4|          0|
    |tmp_101_reg_5708                      |    4|   0|    4|          0|
    |tmp_101_reg_5708_pp0_iter3_reg        |    4|   0|    4|          0|
    |tmp_102_reg_5718                      |    4|   0|    4|          0|
    |tmp_102_reg_5718_pp0_iter3_reg        |    4|   0|    4|          0|
    |tmp_103_reg_5728                      |    4|   0|    4|          0|
    |tmp_104_reg_5738                      |    4|   0|    4|          0|
    |tmp_105_reg_5748                      |    4|   0|    4|          0|
    |tmp_106_reg_5758                      |    4|   0|    4|          0|
    |tmp_107_reg_5768                      |    4|   0|    4|          0|
    |tmp_108_reg_5778                      |    4|   0|    4|          0|
    |tmp_109_reg_5788                      |    4|   0|    4|          0|
    |tmp_109_reg_5788_pp0_iter3_reg        |    4|   0|    4|          0|
    |tmp_110_reg_5798                      |    4|   0|    4|          0|
    |tmp_110_reg_5798_pp0_iter3_reg        |    4|   0|    4|          0|
    |tmp_207_reg_7215                      |    1|   0|    1|          0|
    |tmp_49_reg_5188                       |    4|   0|    4|          0|
    |tmp_50_reg_5198                       |    4|   0|    4|          0|
    |tmp_51_reg_5208                       |    4|   0|    4|          0|
    |tmp_51_reg_5208_pp0_iter3_reg         |    4|   0|    4|          0|
    |tmp_52_reg_5218                       |    4|   0|    4|          0|
    |tmp_52_reg_5218_pp0_iter3_reg         |    4|   0|    4|          0|
    |tmp_53_reg_5228                       |    4|   0|    4|          0|
    |tmp_54_reg_5238                       |    4|   0|    4|          0|
    |tmp_55_reg_5248                       |    4|   0|    4|          0|
    |tmp_56_reg_5258                       |    4|   0|    4|          0|
    |tmp_59_reg_5288                       |    4|   0|    4|          0|
    |tmp_59_reg_5288_pp0_iter3_reg         |    4|   0|    4|          0|
    |tmp_60_reg_5298                       |    4|   0|    4|          0|
    |tmp_60_reg_5298_pp0_iter3_reg         |    4|   0|    4|          0|
    |tmp_61_reg_5308                       |    4|   0|    4|          0|
    |tmp_62_reg_5318                       |    4|   0|    4|          0|
    |tmp_63_reg_5328                       |    4|   0|    4|          0|
    |tmp_64_reg_5338                       |    4|   0|    4|          0|
    |tmp_65_reg_5348                       |    4|   0|    4|          0|
    |tmp_66_reg_5358                       |    4|   0|    4|          0|
    |tmp_67_reg_5368                       |    4|   0|    4|          0|
    |tmp_67_reg_5368_pp0_iter3_reg         |    4|   0|    4|          0|
    |tmp_68_reg_5378                       |    4|   0|    4|          0|
    |tmp_68_reg_5378_pp0_iter3_reg         |    4|   0|    4|          0|
    |tmp_69_reg_5388                       |    4|   0|    4|          0|
    |tmp_70_reg_5398                       |    4|   0|    4|          0|
    |tmp_71_reg_5408                       |    4|   0|    4|          0|
    |tmp_72_reg_5418                       |    4|   0|    4|          0|
    |tmp_75_reg_5448                       |    4|   0|    4|          0|
    |tmp_75_reg_5448_pp0_iter3_reg         |    4|   0|    4|          0|
    |tmp_76_reg_5458                       |    4|   0|    4|          0|
    |tmp_76_reg_5458_pp0_iter3_reg         |    4|   0|    4|          0|
    |tmp_77_reg_5468                       |    4|   0|    4|          0|
    |tmp_77_reg_5468_pp0_iter3_reg         |    4|   0|    4|          0|
    |tmp_78_reg_5478                       |    4|   0|    4|          0|
    |tmp_78_reg_5478_pp0_iter3_reg         |    4|   0|    4|          0|
    |tmp_79_reg_5488                       |    4|   0|    4|          0|
    |tmp_79_reg_5488_pp0_iter3_reg         |    4|   0|    4|          0|
    |tmp_80_reg_5498                       |    4|   0|    4|          0|
    |tmp_80_reg_5498_pp0_iter3_reg         |    4|   0|    4|          0|
    |tmp_83_reg_5528                       |    4|   0|    4|          0|
    |tmp_84_reg_5538                       |    4|   0|    4|          0|
    |tmp_85_reg_5548                       |    4|   0|    4|          0|
    |tmp_85_reg_5548_pp0_iter3_reg         |    4|   0|    4|          0|
    |tmp_86_reg_5558                       |    4|   0|    4|          0|
    |tmp_86_reg_5558_pp0_iter3_reg         |    4|   0|    4|          0|
    |tmp_89_reg_5588                       |    4|   0|    4|          0|
    |tmp_90_reg_5598                       |    4|   0|    4|          0|
    |tmp_93_reg_5628                       |    4|   0|    4|          0|
    |tmp_94_reg_5638                       |    4|   0|    4|          0|
    |tmp_97_reg_5668                       |    4|   0|    4|          0|
    |tmp_97_reg_5668_pp0_iter3_reg         |    4|   0|    4|          0|
    |tmp_98_reg_5678                       |    4|   0|    4|          0|
    |tmp_98_reg_5678_pp0_iter3_reg         |    4|   0|    4|          0|
    |tmp_99_reg_5688                       |    4|   0|    4|          0|
    |tmp_reg_7200                          |    1|   0|    1|          0|
    |activation_11_reg_5860                |   64|  32|   15|          0|
    |activation_12_reg_5865                |   64|  32|   15|          0|
    |activation_18_reg_5897                |   64|  32|   15|          0|
    |activation_1_reg_5809                 |   64|  32|   15|          0|
    |activation_21_reg_5913                |   64|  32|   15|          0|
    |activation_23_reg_5924                |   64|  32|   15|          0|
    |activation_26_reg_5940                |   64|  32|   15|          0|
    |activation_28_reg_5950                |   64|  32|   15|          0|
    |activation_29_reg_5955                |   64|  32|   15|          0|
    |activation_30_reg_5960                |   64|  32|   15|          0|
    |activation_3_reg_5819                 |   64|  32|   15|          0|
    |activation_4_reg_5824                 |   64|  32|   15|          0|
    |activation_7_reg_5840                 |   64|  32|   15|          0|
    |activation_8_reg_5845                 |   64|  32|   15|          0|
    |activation_9_reg_5850                 |   64|  32|   15|          0|
    |add_ln510_12_reg_7038                 |   64|  32|   44|          0|
    |add_ln510_20_reg_7043                 |   64|  32|   44|          0|
    |add_ln510_29_reg_7048                 |   64|  32|   45|          0|
    |add_ln510_43_reg_7063                 |   64|  32|   44|          0|
    |add_ln510_51_reg_7068                 |   64|  32|   44|          0|
    |add_ln510_60_reg_7073                 |   64|  32|   45|          0|
    |icmp_ln457_reg_5155                   |   64|  32|    1|          0|
    |low_14_reg_5303                       |   64|  32|    4|          0|
    |low_15_reg_5313                       |   64|  32|    4|          0|
    |low_16_reg_5323                       |   64|  32|    4|          0|
    |low_17_reg_5333                       |   64|  32|    4|          0|
    |low_18_reg_5343                       |   64|  32|    4|          0|
    |low_19_reg_5353                       |   64|  32|    4|          0|
    |low_22_reg_5383                       |   64|  32|    4|          0|
    |low_23_reg_5393                       |   64|  32|    4|          0|
    |low_24_reg_5403                       |   64|  32|    4|          0|
    |low_25_reg_5413                       |   64|  32|    4|          0|
    |low_2_reg_5183                        |   64|  32|    4|          0|
    |low_36_reg_5523                       |   64|  32|    4|          0|
    |low_37_reg_5533                       |   64|  32|    4|          0|
    |low_3_reg_5193                        |   64|  32|    4|          0|
    |low_42_reg_5583                       |   64|  32|    4|          0|
    |low_43_reg_5593                       |   64|  32|    4|          0|
    |low_46_reg_5623                       |   64|  32|    4|          0|
    |low_47_reg_5633                       |   64|  32|    4|          0|
    |low_52_reg_5683                       |   64|  32|    4|          0|
    |low_53_reg_5693                       |   64|  32|    4|          0|
    |low_56_reg_5723                       |   64|  32|    4|          0|
    |low_57_reg_5733                       |   64|  32|    4|          0|
    |low_58_reg_5743                       |   64|  32|    4|          0|
    |low_59_reg_5753                       |   64|  32|    4|          0|
    |low_60_reg_5763                       |   64|  32|    4|          0|
    |low_61_reg_5773                       |   64|  32|    4|          0|
    |low_6_reg_5223                        |   64|  32|    4|          0|
    |low_7_reg_5233                        |   64|  32|    4|          0|
    |low_8_reg_5243                        |   64|  32|    4|          0|
    |low_9_reg_5253                        |   64|  32|    4|          0|
    |tmp_100_reg_5698                      |   64|  32|    4|          0|
    |tmp_103_reg_5728                      |   64|  32|    4|          0|
    |tmp_104_reg_5738                      |   64|  32|    4|          0|
    |tmp_105_reg_5748                      |   64|  32|    4|          0|
    |tmp_106_reg_5758                      |   64|  32|    4|          0|
    |tmp_107_reg_5768                      |   64|  32|    4|          0|
    |tmp_108_reg_5778                      |   64|  32|    4|          0|
    |tmp_49_reg_5188                       |   64|  32|    4|          0|
    |tmp_50_reg_5198                       |   64|  32|    4|          0|
    |tmp_53_reg_5228                       |   64|  32|    4|          0|
    |tmp_54_reg_5238                       |   64|  32|    4|          0|
    |tmp_55_reg_5248                       |   64|  32|    4|          0|
    |tmp_56_reg_5258                       |   64|  32|    4|          0|
    |tmp_61_reg_5308                       |   64|  32|    4|          0|
    |tmp_62_reg_5318                       |   64|  32|    4|          0|
    |tmp_63_reg_5328                       |   64|  32|    4|          0|
    |tmp_64_reg_5338                       |   64|  32|    4|          0|
    |tmp_65_reg_5348                       |   64|  32|    4|          0|
    |tmp_66_reg_5358                       |   64|  32|    4|          0|
    |tmp_69_reg_5388                       |   64|  32|    4|          0|
    |tmp_70_reg_5398                       |   64|  32|    4|          0|
    |tmp_71_reg_5408                       |   64|  32|    4|          0|
    |tmp_72_reg_5418                       |   64|  32|    4|          0|
    |tmp_83_reg_5528                       |   64|  32|    4|          0|
    |tmp_84_reg_5538                       |   64|  32|    4|          0|
    |tmp_89_reg_5588                       |   64|  32|    4|          0|
    |tmp_90_reg_5598                       |   64|  32|    4|          0|
    |tmp_93_reg_5628                       |   64|  32|    4|          0|
    |tmp_94_reg_5638                       |   64|  32|    4|          0|
    |tmp_99_reg_5688                       |   64|  32|    4|          0|
    +--------------------------------------+-----+----+-----+-----------+
    |Total                                 | 7625|2624| 3110|          1|
    +--------------------------------------+-----+----+-----+-----------+



================================================================
== Interface
================================================================
* Summary: 
+-----------------------------------------+-----+-----+------------+----------------------------------------------------------------------------------+--------------+
|                RTL Ports                | Dir | Bits|  Protocol  |                                   Source Object                                  |    C Type    |
+-----------------------------------------+-----+-----+------------+----------------------------------------------------------------------------------+--------------+
|ap_clk                                   |   in|    1|  ap_ctrl_hs|  int4_stream_integer_blocks_Pipeline_integer_local_tile_loop_integer_col_tile_loo|  return value|
|ap_rst                                   |   in|    1|  ap_ctrl_hs|  int4_stream_integer_blocks_Pipeline_integer_local_tile_loop_integer_col_tile_loo|  return value|
|ap_start                                 |   in|    1|  ap_ctrl_hs|  int4_stream_integer_blocks_Pipeline_integer_local_tile_loop_integer_col_tile_loo|  return value|
|ap_done                                  |  out|    1|  ap_ctrl_hs|  int4_stream_integer_blocks_Pipeline_integer_local_tile_loop_integer_col_tile_loo|  return value|
|ap_idle                                  |  out|    1|  ap_ctrl_hs|  int4_stream_integer_blocks_Pipeline_integer_local_tile_loop_integer_col_tile_loo|  return value|
|ap_ready                                 |  out|    1|  ap_ctrl_hs|  int4_stream_integer_blocks_Pipeline_integer_local_tile_loop_integer_col_tile_loo|  return value|
|replay_activation_stream_dout            |   in|  480|     ap_fifo|                                                          replay_activation_stream|       pointer|
|replay_activation_stream_num_data_valid  |   in|    3|     ap_fifo|                                                          replay_activation_stream|       pointer|
|replay_activation_stream_fifo_cap        |   in|    3|     ap_fifo|                                                          replay_activation_stream|       pointer|
|replay_activation_stream_empty_n         |   in|    1|     ap_fifo|                                                          replay_activation_stream|       pointer|
|replay_activation_stream_read            |  out|    1|     ap_fifo|                                                          replay_activation_stream|       pointer|
|weight_stream_dout                       |   in|  512|     ap_fifo|                                                                     weight_stream|       pointer|
|weight_stream_num_data_valid             |   in|   15|     ap_fifo|                                                                     weight_stream|       pointer|
|weight_stream_fifo_cap                   |   in|   15|     ap_fifo|                                                                     weight_stream|       pointer|
|weight_stream_empty_n                    |   in|    1|     ap_fifo|                                                                     weight_stream|       pointer|
|weight_stream_read                       |  out|    1|     ap_fifo|                                                                     weight_stream|       pointer|
|group_stream_din                         |  out|   92|     ap_fifo|                                                                      group_stream|       pointer|
|group_stream_num_data_valid              |   in|    7|     ap_fifo|                                                                      group_stream|       pointer|
|group_stream_fifo_cap                    |   in|    7|     ap_fifo|                                                                      group_stream|       pointer|
|group_stream_full_n                      |   in|    1|     ap_fifo|                                                                      group_stream|       pointer|
|group_stream_write                       |  out|    1|     ap_fifo|                                                                      group_stream|       pointer|
|bound19                                  |   in|   20|     ap_none|                                                                           bound19|        scalar|
|bound6                                   |   in|   14|     ap_none|                                                                            bound6|        scalar|
+-----------------------------------------+-----+-----+------------+----------------------------------------------------------------------------------+--------------+

