

================================================================
== Vitis HLS Report for 'int4_run_pe_dataflow_0_Block_entry2_proc20'
================================================================
* Date:           Tue Aug 11 09:18:50 2026

* Version:        2023.2 (Build 4023990 on Oct 11 2023)
* Project:        proj_int4_decoder_xo
* Solution:       solution1 (Vitis Kernel Flow Target)
* Product family: virtexuplus
* Target device:  xcu250-figd2104-2L-e


================================================================
== Performance Estimates
================================================================
+ Timing: 
    * Summary: 
    +--------+---------+----------+------------+
    |  Clock |  Target | Estimated| Uncertainty|
    +--------+---------+----------+------------+
    |ap_clk  |  3.33 ns|  1.230 ns|     0.90 ns|
    +--------+---------+----------+------------+

+ Latency: 
    * Summary: 
    +---------+---------+----------+----------+-----+-----+---------+
    |  Latency (cycles) |  Latency (absolute) |  Interval | Pipeline|
    |   min   |   max   |    min   |    max   | min | max |   Type  |
    +---------+---------+----------+----------+-----+-----+---------+
    |        1|        1|  3.333 ns|  3.333 ns|    1|    1|       no|
    +---------+---------+----------+----------+-----+-----+---------+

    + Detail: 
        * Instance: 
        N/A

        * Loop: 
        N/A



================================================================
== Utilization Estimates
================================================================
* Summary: 
+---------------------+---------+-------+---------+---------+------+
|         Name        | BRAM_18K|  DSP  |    FF   |   LUT   | URAM |
+---------------------+---------+-------+---------+---------+------+
|DSP                  |        -|      -|        -|        -|     -|
|Expression           |        -|      -|        0|        2|     -|
|FIFO                 |        -|      -|        -|        -|     -|
|Instance             |        -|      0|        0|       23|     -|
|Memory               |        -|      -|        -|        -|     -|
|Multiplexer          |        -|      -|        -|       32|     -|
|Register             |        -|      -|       17|        -|     -|
+---------------------+---------+-------+---------+---------+------+
|Total                |        0|      0|       17|       57|     0|
+---------------------+---------+-------+---------+---------+------+
|Available SLR        |     1344|   3072|   864000|   432000|   320|
+---------------------+---------+-------+---------+---------+------+
|Utilization SLR (%)  |        0|      0|       ~0|       ~0|     0|
+---------------------+---------+-------+---------+---------+------+
|Available            |     5376|  12288|  3456000|  1728000|  1280|
+---------------------+---------+-------+---------+---------+------+
|Utilization (%)      |        0|      0|       ~0|       ~0|     0|
+---------------------+---------+-------+---------+---------+------+

+ Detail: 
    * Instance: 
    +--------------------------+--------------------+---------+----+---+----+-----+
    |         Instance         |       Module       | BRAM_18K| DSP| FF| LUT| URAM|
    +--------------------------+--------------------+---------+----+---+----+-----+
    |mul_6ns_6ns_12_1_1_U1535  |mul_6ns_6ns_12_1_1  |        0|   0|  0|  23|    0|
    +--------------------------+--------------------+---------+----+---+----+-----+
    |Total                     |                    |        0|   0|  0|  23|    0|
    +--------------------------+--------------------+---------+----+---+----+-----+

    * DSP: 
    N/A

    * Memory: 
    N/A

    * FIFO: 
    N/A

    * Expression: 
    +-----------------+----------+----+---+----+------------+------------+
    |  Variable Name  | Operation| DSP| FF| LUT| Bitwidth P0| Bitwidth P1|
    +-----------------+----------+----+---+----+------------+------------+
    |ap_block_state1  |        or|   0|  0|   2|           1|           1|
    +-----------------+----------+----+---+----+------------+------------+
    |Total            |          |   0|  0|   2|           1|           1|
    +-----------------+----------+----+---+----+------------+------------+

    * Multiplexer: 
    +--------------------------+----+-----------+-----+-----------+
    |           Name           | LUT| Input Size| Bits| Total Bits|
    +--------------------------+----+-----------+-----+-----------+
    |ap_NS_fsm                 |  14|          3|    1|          3|
    |ap_done                   |   9|          2|    1|          2|
    |linear_command_pe0_blk_n  |   9|          2|    1|          2|
    +--------------------------+----+-----------+-----+-----------+
    |Total                     |  32|          7|    3|          7|
    +--------------------------+----+-----------+-----+-----------+

    * Register: 
    +-----------------------+---+----+-----+-----------+
    |          Name         | FF| LUT| Bits| Const Bits|
    +-----------------------+---+----+-----+-----------+
    |ap_CS_fsm              |  2|   0|    2|          0|
    |ap_done_reg            |  1|   0|    1|          0|
    |fuse_residual_reg_127  |  1|   0|    1|          0|
    |input_tiles_reg_116    |  6|   0|    6|          0|
    |local_tiles_reg_110    |  6|   0|    6|          0|
    |output_fxp_reg_122     |  1|   0|    1|          0|
    +-----------------------+---+----+-----+-----------+
    |Total                  | 17|   0|   17|          0|
    +-----------------------+---+----+-----+-----------+



================================================================
== Interface
================================================================
* Summary: 
+-----------------------------------+-----+-----+------------+---------------------------------------------+--------------+
|             RTL Ports             | Dir | Bits|  Protocol  |                Source Object                |    C Type    |
+-----------------------------------+-----+-----+------------+---------------------------------------------+--------------+
|ap_clk                             |   in|    1|  ap_ctrl_hs|  int4_run_pe_dataflow<0>_Block_entry2_proc20|  return value|
|ap_rst                             |   in|    1|  ap_ctrl_hs|  int4_run_pe_dataflow<0>_Block_entry2_proc20|  return value|
|ap_start                           |   in|    1|  ap_ctrl_hs|  int4_run_pe_dataflow<0>_Block_entry2_proc20|  return value|
|ap_done                            |  out|    1|  ap_ctrl_hs|  int4_run_pe_dataflow<0>_Block_entry2_proc20|  return value|
|ap_continue                        |   in|    1|  ap_ctrl_hs|  int4_run_pe_dataflow<0>_Block_entry2_proc20|  return value|
|ap_idle                            |  out|    1|  ap_ctrl_hs|  int4_run_pe_dataflow<0>_Block_entry2_proc20|  return value|
|ap_ready                           |  out|    1|  ap_ctrl_hs|  int4_run_pe_dataflow<0>_Block_entry2_proc20|  return value|
|ap_return_0                        |  out|   12|  ap_ctrl_hs|  int4_run_pe_dataflow<0>_Block_entry2_proc20|  return value|
|ap_return_1                        |  out|    1|  ap_ctrl_hs|  int4_run_pe_dataflow<0>_Block_entry2_proc20|  return value|
|ap_return_2                        |  out|    1|  ap_ctrl_hs|  int4_run_pe_dataflow<0>_Block_entry2_proc20|  return value|
|ap_return_3                        |  out|    6|  ap_ctrl_hs|  int4_run_pe_dataflow<0>_Block_entry2_proc20|  return value|
|ap_return_4                        |  out|    6|  ap_ctrl_hs|  int4_run_pe_dataflow<0>_Block_entry2_proc20|  return value|
|linear_command_pe0_dout            |   in|   14|     ap_fifo|                           linear_command_pe0|       pointer|
|linear_command_pe0_num_data_valid  |   in|    3|     ap_fifo|                           linear_command_pe0|       pointer|
|linear_command_pe0_fifo_cap        |   in|    3|     ap_fifo|                           linear_command_pe0|       pointer|
|linear_command_pe0_empty_n         |   in|    1|     ap_fifo|                           linear_command_pe0|       pointer|
|linear_command_pe0_read            |  out|    1|     ap_fifo|                           linear_command_pe0|       pointer|
+-----------------------------------+-----+-----+------------+---------------------------------------------+--------------+

