

================================================================
== Vitis HLS Report for 'swiftkv_update_values_and_quantize'
================================================================
* Date:           Tue Aug 11 09:18:20 2026

* Version:        2023.2 (Build 4023990 on Oct 11 2023)
* Project:        proj_int4_decoder_xo
* Solution:       solution1 (Vitis Kernel Flow Target)
* Product family: virtexuplus
* Target device:  xcu250-figd2104-2L-e


================================================================
== Performance Estimates
================================================================
+ Timing: 
    * Summary: 
    +--------+---------+----------+------------+
    |  Clock |  Target | Estimated| Uncertainty|
    +--------+---------+----------+------------+
    |ap_clk  |  3.33 ns|  2.433 ns|     0.90 ns|
    +--------+---------+----------+------------+

+ Latency: 
    * Summary: 
    +---------+---------+----------+----------+-----+-------+---------+
    |  Latency (cycles) |  Latency (absolute) |   Interval  | Pipeline|
    |   min   |   max   |    min   |    max   | min |  max  |   Type  |
    +---------+---------+----------+----------+-----+-------+---------+
    |      510|    33270|  1.700 us|  0.111 ms|  510|  33270|       no|
    +---------+---------+----------+----------+-----+-------+---------+

    + Detail: 
        * Instance: 
        +----------------------------------------------------------------------------------------+-----------------------------------------------------------------------------+---------+---------+----------+----------+-----+-------+----------+
        |                                                                                        |                                                                             |  Latency (cycles) |  Latency (absolute) |   Interval  | Pipeline |
        |                                        Instance                                        |                                    Module                                   |   min   |   max   |    min   |    max   | min |  max  |   Type   |
        +----------------------------------------------------------------------------------------+-----------------------------------------------------------------------------+---------+---------+----------+----------+-----+-------+----------+
        |grp_swiftkv_accumulate_values_split_fu_262                                              |swiftkv_accumulate_values_split                                              |       32|    32792|  0.107 us|  0.109 ms|   31|  32791|  dataflow|
        |grp_swiftkv_update_values_and_quantize_Pipeline_attention_normalize_lane_loop_fu_320    |swiftkv_update_values_and_quantize_Pipeline_attention_normalize_lane_loop    |       41|       41|  0.137 us|  0.137 us|   41|     41|        no|
        |grp_swiftkv_update_values_and_quantize_Pipeline_attention_quantize_reverse_loop_fu_344  |swiftkv_update_values_and_quantize_Pipeline_attention_quantize_reverse_loop  |       56|       56|  0.187 us|  0.187 us|   56|     56|        no|
        +----------------------------------------------------------------------------------------+-----------------------------------------------------------------------------+---------+---------+----------+----------+-----+-------+----------+

        * Loop: 
        +------------------------------+---------+---------+----------+-----------+-----------+------+----------+
        |                              |  Latency (cycles) | Iteration|  Initiation Interval  | Trip |          |
        |           Loop Name          |   min   |   max   |  Latency |  achieved |   target  | Count| Pipelined|
        +------------------------------+---------+---------+----------+-----------+-----------+------+----------+
        |- attention_quant_group_loop  |      476|      476|       119|          -|          -|     4|        no|
        +------------------------------+---------+---------+----------+-----------+-----------+------+----------+



================================================================
== Utilization Estimates
================================================================
* Summary: 
+---------------------+---------+-------+---------+---------+------+
|         Name        | BRAM_18K|  DSP  |    FF   |   LUT   | URAM |
+---------------------+---------+-------+---------+---------+------+
|DSP                  |        -|      -|        -|        -|     -|
|Expression           |        -|      -|        0|     1244|     -|
|FIFO                 |        -|      -|        -|        -|     -|
|Instance             |        -|     41|    12451|    17503|     -|
|Memory               |       17|      -|        0|        0|     -|
|Multiplexer          |        -|      -|        -|     1128|     -|
|Register             |        -|      -|      481|        -|     -|
+---------------------+---------+-------+---------+---------+------+
|Total                |       17|     41|    12932|    19875|     0|
+---------------------+---------+-------+---------+---------+------+
|Available SLR        |     1344|   3072|   864000|   432000|   320|
+---------------------+---------+-------+---------+---------+------+
|Utilization SLR (%)  |        1|      1|        1|        4|     0|
+---------------------+---------+-------+---------+---------+------+
|Available            |     5376|  12288|  3456000|  1728000|  1280|
+---------------------+---------+-------+---------+---------+------+
|Utilization (%)      |       ~0|     ~0|       ~0|        1|     0|
+---------------------+---------+-------+---------+---------+------+

+ Detail: 
    * Instance: 
    +----------------------------------------------------------------------------------------+-----------------------------------------------------------------------------+---------+----+-------+-------+-----+
    |                                        Instance                                        |                                    Module                                   | BRAM_18K| DSP|   FF  |  LUT  | URAM|
    +----------------------------------------------------------------------------------------+-----------------------------------------------------------------------------+---------+----+-------+-------+-----+
    |fcmp_32ns_32ns_1_2_no_dsp_1_U732                                                        |fcmp_32ns_32ns_1_2_no_dsp_1                                                  |        0|   0|      0|      0|    0|
    |fdiv_32ns_32ns_32_12_no_dsp_1_U731                                                      |fdiv_32ns_32ns_32_12_no_dsp_1                                                |        0|   0|      0|      0|    0|
    |fmul_32ns_32ns_32_4_max_dsp_1_U730                                                      |fmul_32ns_32ns_32_4_max_dsp_1                                                |        0|   3|    143|     78|    0|
    |grp_swiftkv_accumulate_values_split_fu_262                                              |swiftkv_accumulate_values_split                                              |        0|  32|  10263|  14538|    0|
    |grp_swiftkv_update_values_and_quantize_Pipeline_attention_normalize_lane_loop_fu_320    |swiftkv_update_values_and_quantize_Pipeline_attention_normalize_lane_loop    |        0|   4|    421|    613|    0|
    |grp_swiftkv_update_values_and_quantize_Pipeline_attention_quantize_reverse_loop_fu_344  |swiftkv_update_values_and_quantize_Pipeline_attention_quantize_reverse_loop  |        0|   2|   1624|   2274|    0|
    +----------------------------------------------------------------------------------------+-----------------------------------------------------------------------------+---------+----+-------+-------+-----+
    |Total                                                                                   |                                                                             |        0|  41|  12451|  17503|    0|
    +----------------------------------------------------------------------------------------+-----------------------------------------------------------------------------+---------+----+-------+-------+-----+

    * DSP: 
    N/A

    * Memory: 
    +----------------------------+----------------------------------------------------------------------------+---------+---+----+-----+------+-----+------+-------------+
    |           Memory           |                                   Module                                   | BRAM_18K| FF| LUT| URAM| Words| Bits| Banks| W*Bits*Banks|
    +----------------------------+----------------------------------------------------------------------------+---------+---+----+-----+------+-----+------+-------------+
    |attention_group_U           |swiftkv_update_values_and_quantize_attention_group_RAM_1P_BRAM_1R1W         |        1|  0|   0|    0|    32|   32|     1|         1024|
    |weighted_value_engine0_U    |swiftkv_update_values_and_quantize_weighted_value_engine0_RAM_2P_BRAM_1R1W  |        1|  0|   0|    0|     8|   32|     1|          256|
    |weighted_value_engine0_1_U  |swiftkv_update_values_and_quantize_weighted_value_engine0_RAM_2P_BRAM_1R1W  |        1|  0|   0|    0|     8|   32|     1|          256|
    |weighted_value_engine0_2_U  |swiftkv_update_values_and_quantize_weighted_value_engine0_RAM_2P_BRAM_1R1W  |        1|  0|   0|    0|     8|   32|     1|          256|
    |weighted_value_engine0_3_U  |swiftkv_update_values_and_quantize_weighted_value_engine0_RAM_2P_BRAM_1R1W  |        1|  0|   0|    0|     8|   32|     1|          256|
    |weighted_value_engine1_U    |swiftkv_update_values_and_quantize_weighted_value_engine0_RAM_2P_BRAM_1R1W  |        1|  0|   0|    0|     8|   32|     1|          256|
    |weighted_value_engine1_1_U  |swiftkv_update_values_and_quantize_weighted_value_engine0_RAM_2P_BRAM_1R1W  |        1|  0|   0|    0|     8|   32|     1|          256|
    |weighted_value_engine1_2_U  |swiftkv_update_values_and_quantize_weighted_value_engine0_RAM_2P_BRAM_1R1W  |        1|  0|   0|    0|     8|   32|     1|          256|
    |weighted_value_engine1_3_U  |swiftkv_update_values_and_quantize_weighted_value_engine0_RAM_2P_BRAM_1R1W  |        1|  0|   0|    0|     8|   32|     1|          256|
    |weighted_value_engine2_U    |swiftkv_update_values_and_quantize_weighted_value_engine0_RAM_2P_BRAM_1R1W  |        1|  0|   0|    0|     8|   32|     1|          256|
    |weighted_value_engine2_1_U  |swiftkv_update_values_and_quantize_weighted_value_engine0_RAM_2P_BRAM_1R1W  |        1|  0|   0|    0|     8|   32|     1|          256|
    |weighted_value_engine2_2_U  |swiftkv_update_values_and_quantize_weighted_value_engine0_RAM_2P_BRAM_1R1W  |        1|  0|   0|    0|     8|   32|     1|          256|
    |weighted_value_engine2_3_U  |swiftkv_update_values_and_quantize_weighted_value_engine0_RAM_2P_BRAM_1R1W  |        1|  0|   0|    0|     8|   32|     1|          256|
    |weighted_value_engine3_U    |swiftkv_update_values_and_quantize_weighted_value_engine0_RAM_2P_BRAM_1R1W  |        1|  0|   0|    0|     8|   32|     1|          256|
    |weighted_value_engine3_1_U  |swiftkv_update_values_and_quantize_weighted_value_engine0_RAM_2P_BRAM_1R1W  |        1|  0|   0|    0|     8|   32|     1|          256|
    |weighted_value_engine3_2_U  |swiftkv_update_values_and_quantize_weighted_value_engine0_RAM_2P_BRAM_1R1W  |        1|  0|   0|    0|     8|   32|     1|          256|
    |weighted_value_engine3_3_U  |swiftkv_update_values_and_quantize_weighted_value_engine0_RAM_2P_BRAM_1R1W  |        1|  0|   0|    0|     8|   32|     1|          256|
    +----------------------------+----------------------------------------------------------------------------+---------+---+----+-----+------+-----+------+-------------+
    |Total                       |                                                                            |       17|  0|   0|    0|   160|  544|    17|         5120|
    +----------------------------+----------------------------------------------------------------------------+---------+---+----+-----+------+-----+------+-------------+

    * FIFO: 
    N/A

    * Expression: 
    +-------------------------------------------------------------+----------+----+---+-----+------------+------------+
    |                        Variable Name                        | Operation| DSP| FF| LUT | Bitwidth P0| Bitwidth P1|
    +-------------------------------------------------------------+----------+----+---+-----+------------+------------+
    |add_ln1490_fu_380_p2                                         |         +|   0|  0|   10|           3|           1|
    |add_ln1531_1_fu_562_p2                                       |         +|   0|  0|   39|          32|           6|
    |add_ln1531_2_fu_600_p2                                       |         +|   0|  0|   71|          64|          64|
    |add_ln1531_3_fu_641_p2                                       |         +|   0|  0|   19|           8|           8|
    |add_ln1531_fu_459_p2                                         |         +|   0|  0|   39|          32|           6|
    |sub_ln1531_1_fu_449_p2                                       |         -|   0|  0|   39|           6|          32|
    |sub_ln1531_2_fu_577_p2                                       |         -|   0|  0|   39|           5|          32|
    |sub_ln1531_3_fu_636_p2                                       |         -|   0|  0|   19|           4|           8|
    |sub_ln1531_4_fu_480_p2                                       |         -|   0|  0|   12|           4|           5|
    |sub_ln1531_fu_413_p2                                         |         -|   0|  0|   39|           1|          32|
    |and_ln1531_1_fu_533_p2                                       |       and|   0|  0|    2|           1|           1|
    |and_ln1531_2_fu_495_p2                                       |       and|   0|  0|   32|          32|          32|
    |and_ln1531_fu_506_p2                                         |       and|   0|  0|    2|           1|           1|
    |and_ln1533_fu_716_p2                                         |       and|   0|  0|    2|           1|           1|
    |icmp_ln1489_fu_374_p2                                        |      icmp|   0|  0|   12|           3|           4|
    |icmp_ln1531_1_fu_474_p2                                      |      icmp|   0|  0|   38|          31|           1|
    |icmp_ln1531_2_fu_500_p2                                      |      icmp|   0|  0|   39|          32|           1|
    |icmp_ln1531_3_fu_556_p2                                      |      icmp|   0|  0|   39|          32|           1|
    |icmp_ln1531_fu_399_p2                                        |      icmp|   0|  0|   39|          32|           1|
    |icmp_ln1533_1_fu_704_p2                                      |      icmp|   0|  0|   30|          23|           1|
    |icmp_ln1533_fu_698_p2                                        |      icmp|   0|  0|   15|           8|           2|
    |lshr_ln1531_2_fu_489_p2                                      |      lshr|   0|  0|   92|           2|          32|
    |lshr_ln1531_fu_571_p2                                        |      lshr|   0|  0|  182|          64|          64|
    |ap_block_state1                                              |        or|   0|  0|    2|           1|           1|
    |ap_block_state24                                             |        or|   0|  0|    2|           1|           1|
    |ap_sync_grp_swiftkv_accumulate_values_split_fu_262_ap_done   |        or|   0|  0|    2|           1|           1|
    |ap_sync_grp_swiftkv_accumulate_values_split_fu_262_ap_ready  |        or|   0|  0|    2|           1|           1|
    |or_ln1531_fu_539_p2                                          |        or|   0|  0|    2|           1|           1|
    |or_ln1533_fu_710_p2                                          |        or|   0|  0|    2|           1|           1|
    |inverse_scale_fu_722_p3                                      |    select|   0|  0|   32|           1|           1|
    |max_float_fu_673_p3                                          |    select|   0|  0|   32|           1|           1|
    |select_ln1531_1_fu_592_p3                                    |    select|   0|  0|   63|           1|          64|
    |select_ln1531_2_fu_628_p3                                    |    select|   0|  0|    7|           1|           7|
    |select_ln1531_fu_419_p3                                      |    select|   0|  0|   32|           1|          32|
    |select_ln1538_fu_732_p3                                      |    select|   0|  0|   32|           1|           1|
    |shl_ln1531_fu_586_p2                                         |       shl|   0|  0|  182|          64|          64|
    |xor_ln1531_fu_520_p2                                         |       xor|   0|  0|    2|           1|           2|
    +-------------------------------------------------------------+----------+----+---+-----+------------+------------+
    |Total                                                        |          |   0|  0| 1244|         498|         514|
    +-------------------------------------------------------------+----------+----+---+-----+------------+------------+

    * Multiplexer: 
    +------------------------------------+-----+-----------+-----+-----------+
    |                Name                | LUT | Input Size| Bits| Total Bits|
    +------------------------------------+-----+-----------+-----+-----------+
    |ap_NS_fsm                           |  123|         25|    1|         25|
    |ap_done                             |    9|          2|    1|          2|
    |attention_group_address0            |   14|          3|    5|         15|
    |attention_group_ce0                 |   14|          3|    1|          3|
    |attention_group_we0                 |    9|          2|    1|          2|
    |control_stream_read                 |    9|          2|    1|          2|
    |group_fu_156                        |    9|          2|    3|          6|
    |grp_fu_351_ce                       |    9|          2|    1|          2|
    |grp_fu_351_p0                       |   14|          3|   32|         96|
    |grp_fu_351_p1                       |   14|          3|   32|         96|
    |grp_fu_361_ce                       |    9|          2|    1|          2|
    |grp_fu_361_opcode                   |   14|          3|    5|         15|
    |grp_fu_361_p0                       |   14|          3|   32|         96|
    |grp_fu_361_p1                       |   14|          3|   32|         96|
    |inverse_normalization_stream_blk_n  |    9|          2|    1|          2|
    |position_blk_n                      |    9|          2|    1|          2|
    |quantized_pe0_blk_n                 |    9|          2|    1|          2|
    |scale_pe0_blk_n                     |    9|          2|    1|          2|
    |value0_engine0_stream_read          |    9|          2|    1|          2|
    |value0_engine1_stream_read          |    9|          2|    1|          2|
    |value0_engine2_stream_read          |    9|          2|    1|          2|
    |value0_engine3_stream_read          |    9|          2|    1|          2|
    |value1_engine0_stream_read          |    9|          2|    1|          2|
    |value1_engine1_stream_read          |    9|          2|    1|          2|
    |value1_engine2_stream_read          |    9|          2|    1|          2|
    |value1_engine3_stream_read          |    9|          2|    1|          2|
    |value_metadata_stream_read          |    9|          2|    1|          2|
    |weighted_value_engine0_1_address0   |   14|          3|    3|          9|
    |weighted_value_engine0_1_ce0        |   14|          3|    1|          3|
    |weighted_value_engine0_1_ce1        |    9|          2|    1|          2|
    |weighted_value_engine0_1_we1        |    9|          2|    1|          2|
    |weighted_value_engine0_2_address0   |   14|          3|    3|          9|
    |weighted_value_engine0_2_ce0        |   14|          3|    1|          3|
    |weighted_value_engine0_2_ce1        |    9|          2|    1|          2|
    |weighted_value_engine0_2_we1        |    9|          2|    1|          2|
    |weighted_value_engine0_3_address0   |   14|          3|    3|          9|
    |weighted_value_engine0_3_ce0        |   14|          3|    1|          3|
    |weighted_value_engine0_3_ce1        |    9|          2|    1|          2|
    |weighted_value_engine0_3_we1        |    9|          2|    1|          2|
    |weighted_value_engine0_address0     |   14|          3|    3|          9|
    |weighted_value_engine0_ce0          |   14|          3|    1|          3|
    |weighted_value_engine0_ce1          |    9|          2|    1|          2|
    |weighted_value_engine0_we1          |    9|          2|    1|          2|
    |weighted_value_engine1_1_address0   |   14|          3|    3|          9|
    |weighted_value_engine1_1_ce0        |   14|          3|    1|          3|
    |weighted_value_engine1_1_ce1        |    9|          2|    1|          2|
    |weighted_value_engine1_1_we1        |    9|          2|    1|          2|
    |weighted_value_engine1_2_address0   |   14|          3|    3|          9|
    |weighted_value_engine1_2_ce0        |   14|          3|    1|          3|
    |weighted_value_engine1_2_ce1        |    9|          2|    1|          2|
    |weighted_value_engine1_2_we1        |    9|          2|    1|          2|
    |weighted_value_engine1_3_address0   |   14|          3|    3|          9|
    |weighted_value_engine1_3_ce0        |   14|          3|    1|          3|
    |weighted_value_engine1_3_ce1        |    9|          2|    1|          2|
    |weighted_value_engine1_3_we1        |    9|          2|    1|          2|
    |weighted_value_engine1_address0     |   14|          3|    3|          9|
    |weighted_value_engine1_ce0          |   14|          3|    1|          3|
    |weighted_value_engine1_ce1          |    9|          2|    1|          2|
    |weighted_value_engine1_we1          |    9|          2|    1|          2|
    |weighted_value_engine2_1_address0   |   14|          3|    3|          9|
    |weighted_value_engine2_1_ce0        |   14|          3|    1|          3|
    |weighted_value_engine2_1_ce1        |    9|          2|    1|          2|
    |weighted_value_engine2_1_we1        |    9|          2|    1|          2|
    |weighted_value_engine2_2_address0   |   14|          3|    3|          9|
    |weighted_value_engine2_2_ce0        |   14|          3|    1|          3|
    |weighted_value_engine2_2_ce1        |    9|          2|    1|          2|
    |weighted_value_engine2_2_we1        |    9|          2|    1|          2|
    |weighted_value_engine2_3_address0   |   14|          3|    3|          9|
    |weighted_value_engine2_3_ce0        |   14|          3|    1|          3|
    |weighted_value_engine2_3_ce1        |    9|          2|    1|          2|
    |weighted_value_engine2_3_we1        |    9|          2|    1|          2|
    |weighted_value_engine2_address0     |   14|          3|    3|          9|
    |weighted_value_engine2_ce0          |   14|          3|    1|          3|
    |weighted_value_engine2_ce1          |    9|          2|    1|          2|
    |weighted_value_engine2_we1          |    9|          2|    1|          2|
    |weighted_value_engine3_1_address0   |   14|          3|    3|          9|
    |weighted_value_engine3_1_ce0        |   14|          3|    1|          3|
    |weighted_value_engine3_1_ce1        |    9|          2|    1|          2|
    |weighted_value_engine3_1_we1        |    9|          2|    1|          2|
    |weighted_value_engine3_2_address0   |   14|          3|    3|          9|
    |weighted_value_engine3_2_ce0        |   14|          3|    1|          3|
    |weighted_value_engine3_2_ce1        |    9|          2|    1|          2|
    |weighted_value_engine3_2_we1        |    9|          2|    1|          2|
    |weighted_value_engine3_3_address0   |   14|          3|    3|          9|
    |weighted_value_engine3_3_ce0        |   14|          3|    1|          3|
    |weighted_value_engine3_3_ce1        |    9|          2|    1|          2|
    |weighted_value_engine3_3_we1        |    9|          2|    1|          2|
    |weighted_value_engine3_address0     |   14|          3|    3|          9|
    |weighted_value_engine3_ce0          |   14|          3|    1|          3|
    |weighted_value_engine3_ce1          |    9|          2|    1|          2|
    |weighted_value_engine3_we1          |    9|          2|    1|          2|
    +------------------------------------+-----+-----------+-----+-----------+
    |Total                               | 1128|        244|  257|        740|
    +------------------------------------+-----+-----------+-----+-----------+

    * Register: 
    +-----------------------------------------------------------------------------------------------------+----+----+-----+-----------+
    |                                                 Name                                                | FF | LUT| Bits| Const Bits|
    +-----------------------------------------------------------------------------------------------------+----+----+-----+-----------+
    |LD_reg_834                                                                                           |  32|   0|   32|          0|
    |and_ln1533_reg_847                                                                                   |   1|   0|    1|          0|
    |ap_CS_fsm                                                                                            |  24|   0|   24|          0|
    |ap_done_reg                                                                                          |   1|   0|    1|          0|
    |ap_sync_reg_grp_swiftkv_accumulate_values_split_fu_262_ap_done                                       |   1|   0|    1|          0|
    |ap_sync_reg_grp_swiftkv_accumulate_values_split_fu_262_ap_ready                                      |   1|   0|    1|          0|
    |div_reg_858                                                                                          |  32|   0|   32|          0|
    |empty_reg_775                                                                                        |   2|   0|    2|          0|
    |group_fu_156                                                                                         |   3|   0|    3|          0|
    |grp_swiftkv_accumulate_values_split_fu_262_ap_start_reg                                              |   1|   0|    1|          0|
    |grp_swiftkv_update_values_and_quantize_Pipeline_attention_normalize_lane_loop_fu_320_ap_start_reg    |   1|   0|    1|          0|
    |grp_swiftkv_update_values_and_quantize_Pipeline_attention_quantize_reverse_loop_fu_344_ap_start_reg  |   1|   0|    1|          0|
    |icmp_ln1531_3_reg_819                                                                                |   1|   0|    1|          0|
    |icmp_ln1531_reg_780                                                                                  |   1|   0|    1|          0|
    |inverse_normalization_reg_767                                                                        |  32|   0|   32|          0|
    |inverse_scale_reg_863                                                                                |  32|   0|   32|          0|
    |lshr_ln1531_reg_824                                                                                  |  64|   0|   64|          0|
    |max_float_reg_839                                                                                    |  32|   0|   32|          0|
    |mul_reg_853                                                                                          |  32|   0|   32|          0|
    |or_ln_reg_814                                                                                        |   1|   0|    2|          1|
    |position_read_reg_762                                                                                |  12|   0|   12|          0|
    |select_ln1531_reg_790                                                                                |  32|   0|   32|          0|
    |select_ln1538_reg_868                                                                                |  32|   0|   32|          0|
    |shl_ln1531_reg_829                                                                                   |  64|   0|   64|          0|
    |sub_ln1531_1_reg_802                                                                                 |  32|   0|   32|          0|
    |tmp_22_reg_785                                                                                       |   1|   0|    1|          0|
    |trunc_ln1531_1_reg_809                                                                               |   5|   0|    5|          0|
    |trunc_ln1531_reg_797                                                                                 |   8|   0|    8|          0|
    +-----------------------------------------------------------------------------------------------------+----+----+-----+-----------+
    |Total                                                                                                | 481|   0|  482|          1|
    +-----------------------------------------------------------------------------------------------------+----+----+-----+-----------+



================================================================
== Interface
================================================================
* Summary: 
+---------------------------------------------+-----+-----+------------+------------------------------------+--------------+
|                  RTL Ports                  | Dir | Bits|  Protocol  |            Source Object           |    C Type    |
+---------------------------------------------+-----+-----+------------+------------------------------------+--------------+
|ap_clk                                       |   in|    1|  ap_ctrl_hs|  swiftkv_update_values_and_quantize|  return value|
|ap_rst                                       |   in|    1|  ap_ctrl_hs|  swiftkv_update_values_and_quantize|  return value|
|ap_start                                     |   in|    1|  ap_ctrl_hs|  swiftkv_update_values_and_quantize|  return value|
|ap_done                                      |  out|    1|  ap_ctrl_hs|  swiftkv_update_values_and_quantize|  return value|
|ap_continue                                  |   in|    1|  ap_ctrl_hs|  swiftkv_update_values_and_quantize|  return value|
|ap_idle                                      |  out|    1|  ap_ctrl_hs|  swiftkv_update_values_and_quantize|  return value|
|ap_ready                                     |  out|    1|  ap_ctrl_hs|  swiftkv_update_values_and_quantize|  return value|
|value_metadata_stream_dout                   |   in|   40|     ap_fifo|               value_metadata_stream|       pointer|
|value_metadata_stream_num_data_valid         |   in|    6|     ap_fifo|               value_metadata_stream|       pointer|
|value_metadata_stream_fifo_cap               |   in|    6|     ap_fifo|               value_metadata_stream|       pointer|
|value_metadata_stream_empty_n                |   in|    1|     ap_fifo|               value_metadata_stream|       pointer|
|value_metadata_stream_read                   |  out|    1|     ap_fifo|               value_metadata_stream|       pointer|
|value0_engine0_stream_dout                   |   in|  128|     ap_fifo|               value0_engine0_stream|       pointer|
|value0_engine0_stream_num_data_valid         |   in|    6|     ap_fifo|               value0_engine0_stream|       pointer|
|value0_engine0_stream_fifo_cap               |   in|    6|     ap_fifo|               value0_engine0_stream|       pointer|
|value0_engine0_stream_empty_n                |   in|    1|     ap_fifo|               value0_engine0_stream|       pointer|
|value0_engine0_stream_read                   |  out|    1|     ap_fifo|               value0_engine0_stream|       pointer|
|value0_engine1_stream_dout                   |   in|  128|     ap_fifo|               value0_engine1_stream|       pointer|
|value0_engine1_stream_num_data_valid         |   in|    6|     ap_fifo|               value0_engine1_stream|       pointer|
|value0_engine1_stream_fifo_cap               |   in|    6|     ap_fifo|               value0_engine1_stream|       pointer|
|value0_engine1_stream_empty_n                |   in|    1|     ap_fifo|               value0_engine1_stream|       pointer|
|value0_engine1_stream_read                   |  out|    1|     ap_fifo|               value0_engine1_stream|       pointer|
|value0_engine2_stream_dout                   |   in|  128|     ap_fifo|               value0_engine2_stream|       pointer|
|value0_engine2_stream_num_data_valid         |   in|    6|     ap_fifo|               value0_engine2_stream|       pointer|
|value0_engine2_stream_fifo_cap               |   in|    6|     ap_fifo|               value0_engine2_stream|       pointer|
|value0_engine2_stream_empty_n                |   in|    1|     ap_fifo|               value0_engine2_stream|       pointer|
|value0_engine2_stream_read                   |  out|    1|     ap_fifo|               value0_engine2_stream|       pointer|
|value0_engine3_stream_dout                   |   in|  128|     ap_fifo|               value0_engine3_stream|       pointer|
|value0_engine3_stream_num_data_valid         |   in|    6|     ap_fifo|               value0_engine3_stream|       pointer|
|value0_engine3_stream_fifo_cap               |   in|    6|     ap_fifo|               value0_engine3_stream|       pointer|
|value0_engine3_stream_empty_n                |   in|    1|     ap_fifo|               value0_engine3_stream|       pointer|
|value0_engine3_stream_read                   |  out|    1|     ap_fifo|               value0_engine3_stream|       pointer|
|value1_engine0_stream_dout                   |   in|  128|     ap_fifo|               value1_engine0_stream|       pointer|
|value1_engine0_stream_num_data_valid         |   in|    6|     ap_fifo|               value1_engine0_stream|       pointer|
|value1_engine0_stream_fifo_cap               |   in|    6|     ap_fifo|               value1_engine0_stream|       pointer|
|value1_engine0_stream_empty_n                |   in|    1|     ap_fifo|               value1_engine0_stream|       pointer|
|value1_engine0_stream_read                   |  out|    1|     ap_fifo|               value1_engine0_stream|       pointer|
|value1_engine1_stream_dout                   |   in|  128|     ap_fifo|               value1_engine1_stream|       pointer|
|value1_engine1_stream_num_data_valid         |   in|    6|     ap_fifo|               value1_engine1_stream|       pointer|
|value1_engine1_stream_fifo_cap               |   in|    6|     ap_fifo|               value1_engine1_stream|       pointer|
|value1_engine1_stream_empty_n                |   in|    1|     ap_fifo|               value1_engine1_stream|       pointer|
|value1_engine1_stream_read                   |  out|    1|     ap_fifo|               value1_engine1_stream|       pointer|
|value1_engine2_stream_dout                   |   in|  128|     ap_fifo|               value1_engine2_stream|       pointer|
|value1_engine2_stream_num_data_valid         |   in|    6|     ap_fifo|               value1_engine2_stream|       pointer|
|value1_engine2_stream_fifo_cap               |   in|    6|     ap_fifo|               value1_engine2_stream|       pointer|
|value1_engine2_stream_empty_n                |   in|    1|     ap_fifo|               value1_engine2_stream|       pointer|
|value1_engine2_stream_read                   |  out|    1|     ap_fifo|               value1_engine2_stream|       pointer|
|value1_engine3_stream_dout                   |   in|  128|     ap_fifo|               value1_engine3_stream|       pointer|
|value1_engine3_stream_num_data_valid         |   in|    6|     ap_fifo|               value1_engine3_stream|       pointer|
|value1_engine3_stream_fifo_cap               |   in|    6|     ap_fifo|               value1_engine3_stream|       pointer|
|value1_engine3_stream_empty_n                |   in|    1|     ap_fifo|               value1_engine3_stream|       pointer|
|value1_engine3_stream_read                   |  out|    1|     ap_fifo|               value1_engine3_stream|       pointer|
|control_stream_dout                          |   in|   19|     ap_fifo|                      control_stream|       pointer|
|control_stream_num_data_valid                |   in|    5|     ap_fifo|                      control_stream|       pointer|
|control_stream_fifo_cap                      |   in|    5|     ap_fifo|                      control_stream|       pointer|
|control_stream_empty_n                       |   in|    1|     ap_fifo|                      control_stream|       pointer|
|control_stream_read                          |  out|    1|     ap_fifo|                      control_stream|       pointer|
|inverse_normalization_stream_dout            |   in|   32|     ap_fifo|        inverse_normalization_stream|       pointer|
|inverse_normalization_stream_num_data_valid  |   in|    3|     ap_fifo|        inverse_normalization_stream|       pointer|
|inverse_normalization_stream_fifo_cap        |   in|    3|     ap_fifo|        inverse_normalization_stream|       pointer|
|inverse_normalization_stream_empty_n         |   in|    1|     ap_fifo|        inverse_normalization_stream|       pointer|
|inverse_normalization_stream_read            |  out|    1|     ap_fifo|        inverse_normalization_stream|       pointer|
|position_dout                                |   in|   12|     ap_fifo|                            position|       pointer|
|position_num_data_valid                      |   in|    3|     ap_fifo|                            position|       pointer|
|position_fifo_cap                            |   in|    3|     ap_fifo|                            position|       pointer|
|position_empty_n                             |   in|    1|     ap_fifo|                            position|       pointer|
|position_read                                |  out|    1|     ap_fifo|                            position|       pointer|
|quantized_pe0_din                            |  out|  480|     ap_fifo|                       quantized_pe0|       pointer|
|quantized_pe0_num_data_valid                 |   in|    3|     ap_fifo|                       quantized_pe0|       pointer|
|quantized_pe0_fifo_cap                       |   in|    3|     ap_fifo|                       quantized_pe0|       pointer|
|quantized_pe0_full_n                         |   in|    1|     ap_fifo|                       quantized_pe0|       pointer|
|quantized_pe0_write                          |  out|    1|     ap_fifo|                       quantized_pe0|       pointer|
|scale_pe0_din                                |  out|   32|     ap_fifo|                           scale_pe0|       pointer|
|scale_pe0_num_data_valid                     |   in|    3|     ap_fifo|                           scale_pe0|       pointer|
|scale_pe0_fifo_cap                           |   in|    3|     ap_fifo|                           scale_pe0|       pointer|
|scale_pe0_full_n                             |   in|    1|     ap_fifo|                           scale_pe0|       pointer|
|scale_pe0_write                              |  out|    1|     ap_fifo|                           scale_pe0|       pointer|
+---------------------------------------------+-----+-----+------------+------------------------------------+--------------+

