

================================================================
== Vitis HLS Report for 'swiftkv_preload_rope_lut_Pipeline_preload_rope_lut_loop'
================================================================
* Date:           Tue Aug 11 09:17:58 2026

* Version:        2023.2 (Build 4023990 on Oct 11 2023)
* Project:        proj_int4_decoder_xo
* Solution:       solution1 (Vitis Kernel Flow Target)
* Product family: virtexuplus
* Target device:  xcu250-figd2104-2L-e


================================================================
== Performance Estimates
================================================================
+ Timing: 
    * Summary: 
    +--------+---------+----------+------------+
    |  Clock |  Target | Estimated| Uncertainty|
    +--------+---------+----------+------------+
    |ap_clk  |  3.33 ns|  2.461 ns|     0.90 ns|
    +--------+---------+----------+------------+

+ Latency: 
    * Summary: 
    +---------+---------+----------+----------+-------+-------+---------+
    |  Latency (cycles) |  Latency (absolute) |    Interval   | Pipeline|
    |   min   |   max   |    min   |    max   |  min  |  max  |   Type  |
    +---------+---------+----------+----------+-------+-------+---------+
    |    32771|    32771|  0.109 ms|  0.109 ms|  32771|  32771|       no|
    +---------+---------+----------+----------+-------+-------+---------+

    + Detail: 
        * Instance: 
        N/A

        * Loop: 
        +-------------------------+---------+---------+----------+-----------+-----------+-------+----------+
        |                         |  Latency (cycles) | Iteration|  Initiation Interval  |  Trip |          |
        |        Loop Name        |   min   |   max   |  Latency |  achieved |   target  | Count | Pipelined|
        +-------------------------+---------+---------+----------+-----------+-----------+-------+----------+
        |- preload_rope_lut_loop  |    32769|    32769|         4|          2|          2|  16384|       yes|
        +-------------------------+---------+---------+----------+-----------+-----------+-------+----------+



================================================================
== Utilization Estimates
================================================================
* Summary: 
+---------------------+---------+-------+---------+---------+------+
|         Name        | BRAM_18K|  DSP  |    FF   |   LUT   | URAM |
+---------------------+---------+-------+---------+---------+------+
|DSP                  |        -|      -|        -|        -|     -|
|Expression           |        -|      -|        0|       53|     -|
|FIFO                 |        -|      -|        -|        -|     -|
|Instance             |        -|      -|        -|        -|     -|
|Memory               |        -|      -|        -|        -|     -|
|Multiplexer          |        -|      -|        -|       68|     -|
|Register             |        -|      -|      659|        -|     -|
+---------------------+---------+-------+---------+---------+------+
|Total                |        0|      0|      659|      121|     0|
+---------------------+---------+-------+---------+---------+------+
|Available SLR        |     1344|   3072|   864000|   432000|   320|
+---------------------+---------+-------+---------+---------+------+
|Utilization SLR (%)  |        0|      0|       ~0|       ~0|     0|
+---------------------+---------+-------+---------+---------+------+
|Available            |     5376|  12288|  3456000|  1728000|  1280|
+---------------------+---------+-------+---------+---------+------+
|Utilization (%)      |        0|      0|       ~0|       ~0|     0|
+---------------------+---------+-------+---------+---------+------+

+ Detail: 
    * Instance: 
    N/A

    * DSP: 
    N/A

    * Memory: 
    N/A

    * FIFO: 
    N/A

    * Expression: 
    +----------------------------------+----------+----+---+----+------------+------------+
    |           Variable Name          | Operation| DSP| FF| LUT| Bitwidth P0| Bitwidth P1|
    +----------------------------------+----------+----+---+----+------------+------------+
    |add_ln1675_fu_110_p2              |         +|   0|  0|  22|          15|           1|
    |ap_block_pp0_stage0_11001         |       and|   0|  0|   2|           1|           1|
    |ap_block_pp0_stage1_11001         |       and|   0|  0|   2|           1|           1|
    |ap_block_state2_pp0_stage1_iter0  |       and|   0|  0|   2|           1|           1|
    |icmp_ln1674_fu_104_p2             |      icmp|   0|  0|  23|          15|          16|
    |ap_enable_pp0                     |       xor|   0|  0|   2|           1|           2|
    +----------------------------------+----------+----+---+----+------------+------------+
    |Total                             |          |   0|  0|  53|          34|          22|
    +----------------------------------+----------+----+---+----+------------+------------+

    * Multiplexer: 
    +----------------------------+----+-----------+-----+-----------+
    |            Name            | LUT| Input Size| Bits| Total Bits|
    +----------------------------+----+-----------+-----+-----------+
    |address_fu_64               |   9|          2|   15|         30|
    |ap_NS_fsm                   |  14|          3|    1|          3|
    |ap_done_int                 |   9|          2|    1|          2|
    |ap_enable_reg_pp0_iter0     |   9|          2|    1|          2|
    |ap_enable_reg_pp0_iter1     |   9|          2|    1|          2|
    |ap_sig_allocacmp_address_1  |   9|          2|   15|         30|
    |gmem0_blk_n_R               |   9|          2|    1|          2|
    +----------------------------+----+-----------+-----+-----------+
    |Total                       |  68|         15|   35|         71|
    +----------------------------+----+-----------+-----+-----------+

    * Register: 
    +---------------------------------+-----+----+-----+-----------+
    |               Name              |  FF | LUT| Bits| Const Bits|
    +---------------------------------+-----+----+-----+-----------+
    |address_1_reg_154                |   15|   0|   15|          0|
    |address_1_reg_154_pp0_iter1_reg  |   15|   0|   15|          0|
    |address_fu_64                    |   15|   0|   15|          0|
    |ap_CS_fsm                        |    2|   0|    2|          0|
    |ap_done_reg                      |    1|   0|    1|          0|
    |ap_enable_reg_pp0_iter0_reg      |    1|   0|    1|          0|
    |ap_enable_reg_pp0_iter1          |    1|   0|    1|          0|
    |icmp_ln1674_reg_159              |    1|   0|    1|          0|
    |low_reg_168                      |  512|   0|  512|          0|
    |trunc_ln1685_reg_173             |   96|   0|   96|          0|
    +---------------------------------+-----+----+-----+-----------+
    |Total                            |  659|   0|  659|          0|
    +---------------------------------+-----+----+-----+-----------+



================================================================
== Interface
================================================================
* Summary: 
+----------------------+-----+-----+------------+---------------------------------------------------------+--------------+
|       RTL Ports      | Dir | Bits|  Protocol  |                      Source Object                      |    C Type    |
+----------------------+-----+-----+------------+---------------------------------------------------------+--------------+
|ap_clk                |   in|    1|  ap_ctrl_hs|  swiftkv_preload_rope_lut_Pipeline_preload_rope_lut_loop|  return value|
|ap_rst                |   in|    1|  ap_ctrl_hs|  swiftkv_preload_rope_lut_Pipeline_preload_rope_lut_loop|  return value|
|ap_start              |   in|    1|  ap_ctrl_hs|  swiftkv_preload_rope_lut_Pipeline_preload_rope_lut_loop|  return value|
|ap_done               |  out|    1|  ap_ctrl_hs|  swiftkv_preload_rope_lut_Pipeline_preload_rope_lut_loop|  return value|
|ap_idle               |  out|    1|  ap_ctrl_hs|  swiftkv_preload_rope_lut_Pipeline_preload_rope_lut_loop|  return value|
|ap_ready              |  out|    1|  ap_ctrl_hs|  swiftkv_preload_rope_lut_Pipeline_preload_rope_lut_loop|  return value|
|m_axi_gmem0_AWVALID   |  out|    1|       m_axi|                                                    gmem0|       pointer|
|m_axi_gmem0_AWREADY   |   in|    1|       m_axi|                                                    gmem0|       pointer|
|m_axi_gmem0_AWADDR    |  out|   64|       m_axi|                                                    gmem0|       pointer|
|m_axi_gmem0_AWID      |  out|    1|       m_axi|                                                    gmem0|       pointer|
|m_axi_gmem0_AWLEN     |  out|   32|       m_axi|                                                    gmem0|       pointer|
|m_axi_gmem0_AWSIZE    |  out|    3|       m_axi|                                                    gmem0|       pointer|
|m_axi_gmem0_AWBURST   |  out|    2|       m_axi|                                                    gmem0|       pointer|
|m_axi_gmem0_AWLOCK    |  out|    2|       m_axi|                                                    gmem0|       pointer|
|m_axi_gmem0_AWCACHE   |  out|    4|       m_axi|                                                    gmem0|       pointer|
|m_axi_gmem0_AWPROT    |  out|    3|       m_axi|                                                    gmem0|       pointer|
|m_axi_gmem0_AWQOS     |  out|    4|       m_axi|                                                    gmem0|       pointer|
|m_axi_gmem0_AWREGION  |  out|    4|       m_axi|                                                    gmem0|       pointer|
|m_axi_gmem0_AWUSER    |  out|    1|       m_axi|                                                    gmem0|       pointer|
|m_axi_gmem0_WVALID    |  out|    1|       m_axi|                                                    gmem0|       pointer|
|m_axi_gmem0_WREADY    |   in|    1|       m_axi|                                                    gmem0|       pointer|
|m_axi_gmem0_WDATA     |  out|  512|       m_axi|                                                    gmem0|       pointer|
|m_axi_gmem0_WSTRB     |  out|   64|       m_axi|                                                    gmem0|       pointer|
|m_axi_gmem0_WLAST     |  out|    1|       m_axi|                                                    gmem0|       pointer|
|m_axi_gmem0_WID       |  out|    1|       m_axi|                                                    gmem0|       pointer|
|m_axi_gmem0_WUSER     |  out|    1|       m_axi|                                                    gmem0|       pointer|
|m_axi_gmem0_ARVALID   |  out|    1|       m_axi|                                                    gmem0|       pointer|
|m_axi_gmem0_ARREADY   |   in|    1|       m_axi|                                                    gmem0|       pointer|
|m_axi_gmem0_ARADDR    |  out|   64|       m_axi|                                                    gmem0|       pointer|
|m_axi_gmem0_ARID      |  out|    1|       m_axi|                                                    gmem0|       pointer|
|m_axi_gmem0_ARLEN     |  out|   32|       m_axi|                                                    gmem0|       pointer|
|m_axi_gmem0_ARSIZE    |  out|    3|       m_axi|                                                    gmem0|       pointer|
|m_axi_gmem0_ARBURST   |  out|    2|       m_axi|                                                    gmem0|       pointer|
|m_axi_gmem0_ARLOCK    |  out|    2|       m_axi|                                                    gmem0|       pointer|
|m_axi_gmem0_ARCACHE   |  out|    4|       m_axi|                                                    gmem0|       pointer|
|m_axi_gmem0_ARPROT    |  out|    3|       m_axi|                                                    gmem0|       pointer|
|m_axi_gmem0_ARQOS     |  out|    4|       m_axi|                                                    gmem0|       pointer|
|m_axi_gmem0_ARREGION  |  out|    4|       m_axi|                                                    gmem0|       pointer|
|m_axi_gmem0_ARUSER    |  out|    1|       m_axi|                                                    gmem0|       pointer|
|m_axi_gmem0_RVALID    |   in|    1|       m_axi|                                                    gmem0|       pointer|
|m_axi_gmem0_RREADY    |  out|    1|       m_axi|                                                    gmem0|       pointer|
|m_axi_gmem0_RDATA     |   in|  512|       m_axi|                                                    gmem0|       pointer|
|m_axi_gmem0_RLAST     |   in|    1|       m_axi|                                                    gmem0|       pointer|
|m_axi_gmem0_RID       |   in|    1|       m_axi|                                                    gmem0|       pointer|
|m_axi_gmem0_RFIFONUM  |   in|   12|       m_axi|                                                    gmem0|       pointer|
|m_axi_gmem0_RUSER     |   in|    1|       m_axi|                                                    gmem0|       pointer|
|m_axi_gmem0_RRESP     |   in|    2|       m_axi|                                                    gmem0|       pointer|
|m_axi_gmem0_BVALID    |   in|    1|       m_axi|                                                    gmem0|       pointer|
|m_axi_gmem0_BREADY    |  out|    1|       m_axi|                                                    gmem0|       pointer|
|m_axi_gmem0_BRESP     |   in|    2|       m_axi|                                                    gmem0|       pointer|
|m_axi_gmem0_BID       |   in|    1|       m_axi|                                                    gmem0|       pointer|
|m_axi_gmem0_BUSER     |   in|    1|       m_axi|                                                    gmem0|       pointer|
|sext_ln1673           |   in|   58|     ap_none|                                              sext_ln1673|        scalar|
|rope_lut_address0     |  out|   14|   ap_memory|                                                 rope_lut|         array|
|rope_lut_ce0          |  out|    1|   ap_memory|                                                 rope_lut|         array|
|rope_lut_we0          |  out|    1|   ap_memory|                                                 rope_lut|         array|
|rope_lut_d0           |  out|  608|   ap_memory|                                                 rope_lut|         array|
+----------------------+-----+-----+------------+---------------------------------------------------------+--------------+

