

================================================================
== Vitis HLS Report for 'swiftkv_run_four_pes'
================================================================
* Date:           Tue Aug 11 09:18:25 2026

* Version:        2023.2 (Build 4023990 on Oct 11 2023)
* Project:        proj_int4_decoder_xo
* Solution:       solution1 (Vitis Kernel Flow Target)
* Product family: virtexuplus
* Target device:  xcu250-figd2104-2L-e


================================================================
== Performance Estimates
================================================================
+ Timing: 
    * Summary: 
    +--------+---------+----------+------------+
    |  Clock |  Target | Estimated| Uncertainty|
    +--------+---------+----------+------------+
    |ap_clk  |  3.33 ns|  2.793 ns|     0.90 ns|
    +--------+---------+----------+------------+

+ Latency: 
    * Summary: 
    +---------+---------+-----------+----------+------+--------+----------+
    |  Latency (cycles) |  Latency (absolute)  |    Interval   | Pipeline |
    |   min   |   max   |    min    |    max   |  min |   max  |   Type   |
    +---------+---------+-----------+----------+------+--------+----------+
    |     7951|   270031|  26.501 us|  0.900 ms|  7951|  270031|  dataflow|
    +---------+---------+-----------+----------+------+--------+----------+

    + Detail: 
        * Instance: 
        +-------------------------------------+----------------------------------+---------+---------+-----------+----------+------+--------+---------+
        |                                     |                                  |  Latency (cycles) |  Latency (absolute)  |    Interval   | Pipeline|
        |               Instance              |              Module              |   min   |   max   |    min    |    max   |  min |   max  |   Type  |
        +-------------------------------------+----------------------------------+---------+---------+-----------+----------+------+--------+---------+
        |swiftkv_broadcast_rope_U0            |swiftkv_broadcast_rope            |       66|       66|   0.220 us|  0.220 us|    66|      66|       no|
        |swiftkv_broadcast_pe_commands_U0     |swiftkv_broadcast_pe_commands     |        0|        0|       0 ns|      0 ns|     0|       0|       no|
        |swiftkv_run_pe_0_U0                  |swiftkv_run_pe_0_s                |     7950|   270030|  26.497 us|  0.900 ms|  7950|  270030|       no|
        |swiftkv_run_pe_1_U0                  |swiftkv_run_pe_1_s                |     7950|   270030|  26.497 us|  0.900 ms|  7950|  270030|       no|
        |swiftkv_run_pe_2_U0                  |swiftkv_run_pe_2_s                |     7950|   270030|  26.497 us|  0.900 ms|  7950|  270030|       no|
        |swiftkv_run_pe_3_U0                  |swiftkv_run_pe_3_s                |     7950|   270030|  26.497 us|  0.900 ms|  7950|  270030|       no|
        |swiftkv_gather_attention_streams_U0  |swiftkv_gather_attention_streams  |      131|      131|   0.437 us|  0.437 us|   131|     131|       no|
        +-------------------------------------+----------------------------------+---------+---------+-----------+----------+------+--------+---------+

        * Loop: 
        N/A



================================================================
== Utilization Estimates
================================================================
* Summary: 
+---------------------+---------+-------+---------+---------+------+
|         Name        | BRAM_18K|  DSP  |    FF   |   LUT   | URAM |
+---------------------+---------+-------+---------+---------+------+
|DSP                  |        -|      -|        -|        -|     -|
|Expression           |        -|      -|        0|       34|     -|
|FIFO                 |       60|      -|     4472|     2576|     -|
|Instance             |      448|    356|   202264|   185278|   128|
|Memory               |        -|      -|        -|        -|     -|
|Multiplexer          |        -|      -|        -|       54|     -|
|Register             |        -|      -|        7|        -|     -|
+---------------------+---------+-------+---------+---------+------+
|Total                |      508|    356|   206743|   187942|   128|
+---------------------+---------+-------+---------+---------+------+
|Available SLR        |     1344|   3072|   864000|   432000|   320|
+---------------------+---------+-------+---------+---------+------+
|Utilization SLR (%)  |       37|     11|       23|       43|    40|
+---------------------+---------+-------+---------+---------+------+
|Available            |     5376|  12288|  3456000|  1728000|  1280|
+---------------------+---------+-------+---------+---------+------+
|Utilization (%)      |        9|      2|        5|       10|    10|
+---------------------+---------+-------+---------+---------+------+

+ Detail: 
    * Instance: 
    +-------------------------------------+----------------------------------+---------+----+-------+-------+-----+
    |               Instance              |              Module              | BRAM_18K| DSP|   FF  |  LUT  | URAM|
    +-------------------------------------+----------------------------------+---------+----+-------+-------+-----+
    |swiftkv_broadcast_pe_commands_U0     |swiftkv_broadcast_pe_commands     |        0|   0|      2|     47|    0|
    |swiftkv_broadcast_rope_U0            |swiftkv_broadcast_rope            |        0|   0|     10|    145|    0|
    |swiftkv_gather_attention_streams_U0  |swiftkv_gather_attention_streams  |        0|   0|   1588|    858|    0|
    |swiftkv_run_pe_0_U0                  |swiftkv_run_pe_0_s                |      112|  89|  50166|  46057|   32|
    |swiftkv_run_pe_1_U0                  |swiftkv_run_pe_1_s                |      112|  89|  50166|  46057|   32|
    |swiftkv_run_pe_2_U0                  |swiftkv_run_pe_2_s                |      112|  89|  50166|  46057|   32|
    |swiftkv_run_pe_3_U0                  |swiftkv_run_pe_3_s                |      112|  89|  50166|  46057|   32|
    +-------------------------------------+----------------------------------+---------+----+-------+-------+-----+
    |Total                                |                                  |      448| 356| 202264| 185278|  128|
    +-------------------------------------+----------------------------------+---------+----+-------+-------+-----+

    * DSP: 
    N/A

    * Memory: 
    N/A

    * FIFO: 
    +-----------------------+---------+------+----+-----+------+-----+---------+
    |          Name         | BRAM_18K|  FF  | LUT| URAM| Depth| Bits| Size:D*B|
    +-----------------------+---------+------+----+-----+------+-----+---------+
    |cos_pe0_U              |        0|     5|   0|    -|     4|   19|       76|
    |cos_pe1_U              |        0|     5|   0|    -|     4|   19|       76|
    |cos_pe2_U              |        0|     5|   0|    -|     4|   19|       76|
    |cos_pe3_U              |        0|     5|   0|    -|     4|   19|       76|
    |quantized_pe0_U        |       15|  1035|   0|    -|     4|  480|     1920|
    |quantized_pe1_U        |       15|  1035|   0|    -|     4|  480|     1920|
    |quantized_pe2_U        |       15|  1035|   0|    -|     4|  480|     1920|
    |quantized_pe3_U        |       15|  1035|   0|    -|     4|  480|     1920|
    |scale_pe0_U            |        0|     5|   0|    -|     4|   32|      128|
    |scale_pe1_U            |        0|     5|   0|    -|     4|   32|      128|
    |scale_pe2_U            |        0|     5|   0|    -|     4|   32|      128|
    |scale_pe3_U            |        0|     5|   0|    -|     4|   32|      128|
    |sin_pe0_U              |        0|     5|   0|    -|     4|   19|       76|
    |sin_pe1_U              |        0|     5|   0|    -|     4|   19|       76|
    |sin_pe2_U              |        0|     5|   0|    -|     4|   19|       76|
    |sin_pe3_U              |        0|     5|   0|    -|     4|   19|       76|
    |swiftkv_command_pe0_U  |        0|    68|   0|    -|     2|   18|       36|
    |swiftkv_command_pe1_U  |        0|    68|   0|    -|     2|   18|       36|
    |swiftkv_command_pe2_U  |        0|    68|   0|    -|     2|   18|       36|
    |swiftkv_command_pe3_U  |        0|    68|   0|    -|     2|   18|       36|
    +-----------------------+---------+------+----+-----+------+-----+---------+
    |Total                  |       60|  4472|   0|    0|    72| 2272|     8944|
    +-----------------------+---------+------+----+-----+------+-----+---------+

    * Expression: 
    +---------------------------------------------------+----------+----+---+----+------------+------------+
    |                   Variable Name                   | Operation| DSP| FF| LUT| Bitwidth P0| Bitwidth P1|
    +---------------------------------------------------+----------+----+---+----+------------+------------+
    |ap_idle                                            |       and|   0|  0|   2|           1|           1|
    |ap_sync_continue                                   |       and|   0|  0|   2|           1|           1|
    |ap_sync_done                                       |       and|   0|  0|   2|           1|           1|
    |ap_sync_ready                                      |       and|   0|  0|   2|           1|           1|
    |swiftkv_broadcast_pe_commands_U0_ap_start          |       and|   0|  0|   2|           1|           1|
    |swiftkv_broadcast_rope_U0_ap_start                 |       and|   0|  0|   2|           1|           1|
    |swiftkv_run_pe_0_U0_ap_start                       |       and|   0|  0|   2|           1|           1|
    |swiftkv_run_pe_1_U0_ap_start                       |       and|   0|  0|   2|           1|           1|
    |swiftkv_run_pe_2_U0_ap_start                       |       and|   0|  0|   2|           1|           1|
    |swiftkv_run_pe_3_U0_ap_start                       |       and|   0|  0|   2|           1|           1|
    |ap_sync_swiftkv_broadcast_pe_commands_U0_ap_ready  |        or|   0|  0|   2|           1|           1|
    |ap_sync_swiftkv_broadcast_rope_U0_ap_ready         |        or|   0|  0|   2|           1|           1|
    |ap_sync_swiftkv_run_pe_0_U0_ap_ready               |        or|   0|  0|   2|           1|           1|
    |ap_sync_swiftkv_run_pe_1_U0_ap_ready               |        or|   0|  0|   2|           1|           1|
    |ap_sync_swiftkv_run_pe_2_U0_ap_ready               |        or|   0|  0|   2|           1|           1|
    |ap_sync_swiftkv_run_pe_3_U0_ap_ready               |        or|   0|  0|   2|           1|           1|
    |swiftkv_gather_attention_streams_U0_ap_start       |        or|   0|  0|   2|           1|           1|
    +---------------------------------------------------+----------+----+---+----+------------+------------+
    |Total                                              |          |   0|  0|  34|          17|          17|
    +---------------------------------------------------+----------+----+---+----+------------+------------+

    * Multiplexer: 
    +-------------------------------------------------------+----+-----------+-----+-----------+
    |                          Name                         | LUT| Input Size| Bits| Total Bits|
    +-------------------------------------------------------+----+-----------+-----+-----------+
    |ap_sync_reg_swiftkv_broadcast_pe_commands_U0_ap_ready  |   9|          2|    1|          2|
    |ap_sync_reg_swiftkv_broadcast_rope_U0_ap_ready         |   9|          2|    1|          2|
    |ap_sync_reg_swiftkv_run_pe_0_U0_ap_ready               |   9|          2|    1|          2|
    |ap_sync_reg_swiftkv_run_pe_1_U0_ap_ready               |   9|          2|    1|          2|
    |ap_sync_reg_swiftkv_run_pe_2_U0_ap_ready               |   9|          2|    1|          2|
    |ap_sync_reg_swiftkv_run_pe_3_U0_ap_ready               |   9|          2|    1|          2|
    +-------------------------------------------------------+----+-----------+-----+-----------+
    |Total                                                  |  54|         12|    6|         12|
    +-------------------------------------------------------+----+-----------+-----+-----------+

    * Register: 
    +----------------------------------------------------------+---+----+-----+-----------+
    |                           Name                           | FF| LUT| Bits| Const Bits|
    +----------------------------------------------------------+---+----+-----+-----------+
    |ap_sync_reg_swiftkv_broadcast_pe_commands_U0_ap_ready     |  1|   0|    1|          0|
    |ap_sync_reg_swiftkv_broadcast_rope_U0_ap_ready            |  1|   0|    1|          0|
    |ap_sync_reg_swiftkv_gather_attention_streams_U0_ap_start  |  1|   0|    1|          0|
    |ap_sync_reg_swiftkv_run_pe_0_U0_ap_ready                  |  1|   0|    1|          0|
    |ap_sync_reg_swiftkv_run_pe_1_U0_ap_ready                  |  1|   0|    1|          0|
    |ap_sync_reg_swiftkv_run_pe_2_U0_ap_ready                  |  1|   0|    1|          0|
    |ap_sync_reg_swiftkv_run_pe_3_U0_ap_ready                  |  1|   0|    1|          0|
    +----------------------------------------------------------+---+----+-----+-----------+
    |Total                                                     |  7|   0|    7|          0|
    +----------------------------------------------------------+---+----+-----+-----------+



================================================================
== Interface
================================================================
* Summary: 
+-----------------------------------+-----+-----+------------+----------------------------+--------------+
|             RTL Ports             | Dir | Bits|  Protocol  |        Source Object       |    C Type    |
+-----------------------------------+-----+-----+------------+----------------------------+--------------+
|q_pe0_address0                     |  out|    6|   ap_memory|                       q_pe0|         array|
|q_pe0_ce0                          |  out|    1|   ap_memory|                       q_pe0|         array|
|q_pe0_d0                           |  out|  512|   ap_memory|                       q_pe0|         array|
|q_pe0_q0                           |   in|  512|   ap_memory|                       q_pe0|         array|
|q_pe0_we0                          |  out|    1|   ap_memory|                       q_pe0|         array|
|q_pe1_address0                     |  out|    6|   ap_memory|                       q_pe1|         array|
|q_pe1_ce0                          |  out|    1|   ap_memory|                       q_pe1|         array|
|q_pe1_d0                           |  out|  512|   ap_memory|                       q_pe1|         array|
|q_pe1_q0                           |   in|  512|   ap_memory|                       q_pe1|         array|
|q_pe1_we0                          |  out|    1|   ap_memory|                       q_pe1|         array|
|q_pe2_address0                     |  out|    6|   ap_memory|                       q_pe2|         array|
|q_pe2_ce0                          |  out|    1|   ap_memory|                       q_pe2|         array|
|q_pe2_d0                           |  out|  512|   ap_memory|                       q_pe2|         array|
|q_pe2_q0                           |   in|  512|   ap_memory|                       q_pe2|         array|
|q_pe2_we0                          |  out|    1|   ap_memory|                       q_pe2|         array|
|q_pe3_address0                     |  out|    6|   ap_memory|                       q_pe3|         array|
|q_pe3_ce0                          |  out|    1|   ap_memory|                       q_pe3|         array|
|q_pe3_d0                           |  out|  512|   ap_memory|                       q_pe3|         array|
|q_pe3_q0                           |   in|  512|   ap_memory|                       q_pe3|         array|
|q_pe3_we0                          |  out|    1|   ap_memory|                       q_pe3|         array|
|k_pe0_address0                     |  out|    6|   ap_memory|                       k_pe0|         array|
|k_pe0_ce0                          |  out|    1|   ap_memory|                       k_pe0|         array|
|k_pe0_d0                           |  out|  512|   ap_memory|                       k_pe0|         array|
|k_pe0_q0                           |   in|  512|   ap_memory|                       k_pe0|         array|
|k_pe0_we0                          |  out|    1|   ap_memory|                       k_pe0|         array|
|k_pe1_address0                     |  out|    6|   ap_memory|                       k_pe1|         array|
|k_pe1_ce0                          |  out|    1|   ap_memory|                       k_pe1|         array|
|k_pe1_d0                           |  out|  512|   ap_memory|                       k_pe1|         array|
|k_pe1_q0                           |   in|  512|   ap_memory|                       k_pe1|         array|
|k_pe1_we0                          |  out|    1|   ap_memory|                       k_pe1|         array|
|k_pe2_address0                     |  out|    6|   ap_memory|                       k_pe2|         array|
|k_pe2_ce0                          |  out|    1|   ap_memory|                       k_pe2|         array|
|k_pe2_d0                           |  out|  512|   ap_memory|                       k_pe2|         array|
|k_pe2_q0                           |   in|  512|   ap_memory|                       k_pe2|         array|
|k_pe2_we0                          |  out|    1|   ap_memory|                       k_pe2|         array|
|k_pe3_address0                     |  out|    6|   ap_memory|                       k_pe3|         array|
|k_pe3_ce0                          |  out|    1|   ap_memory|                       k_pe3|         array|
|k_pe3_d0                           |  out|  512|   ap_memory|                       k_pe3|         array|
|k_pe3_q0                           |   in|  512|   ap_memory|                       k_pe3|         array|
|k_pe3_we0                          |  out|    1|   ap_memory|                       k_pe3|         array|
|v_pe0_address0                     |  out|    6|   ap_memory|                       v_pe0|         array|
|v_pe0_ce0                          |  out|    1|   ap_memory|                       v_pe0|         array|
|v_pe0_d0                           |  out|  512|   ap_memory|                       v_pe0|         array|
|v_pe0_q0                           |   in|  512|   ap_memory|                       v_pe0|         array|
|v_pe0_we0                          |  out|    1|   ap_memory|                       v_pe0|         array|
|v_pe1_address0                     |  out|    6|   ap_memory|                       v_pe1|         array|
|v_pe1_ce0                          |  out|    1|   ap_memory|                       v_pe1|         array|
|v_pe1_d0                           |  out|  512|   ap_memory|                       v_pe1|         array|
|v_pe1_q0                           |   in|  512|   ap_memory|                       v_pe1|         array|
|v_pe1_we0                          |  out|    1|   ap_memory|                       v_pe1|         array|
|v_pe2_address0                     |  out|    6|   ap_memory|                       v_pe2|         array|
|v_pe2_ce0                          |  out|    1|   ap_memory|                       v_pe2|         array|
|v_pe2_d0                           |  out|  512|   ap_memory|                       v_pe2|         array|
|v_pe2_q0                           |   in|  512|   ap_memory|                       v_pe2|         array|
|v_pe2_we0                          |  out|    1|   ap_memory|                       v_pe2|         array|
|v_pe3_address0                     |  out|    6|   ap_memory|                       v_pe3|         array|
|v_pe3_ce0                          |  out|    1|   ap_memory|                       v_pe3|         array|
|v_pe3_d0                           |  out|  512|   ap_memory|                       v_pe3|         array|
|v_pe3_q0                           |   in|  512|   ap_memory|                       v_pe3|         array|
|v_pe3_we0                          |  out|    1|   ap_memory|                       v_pe3|         array|
|m_axi_gmem0_AWVALID                |  out|    1|       m_axi|                       gmem0|       pointer|
|m_axi_gmem0_AWREADY                |   in|    1|       m_axi|                       gmem0|       pointer|
|m_axi_gmem0_AWADDR                 |  out|   64|       m_axi|                       gmem0|       pointer|
|m_axi_gmem0_AWID                   |  out|    1|       m_axi|                       gmem0|       pointer|
|m_axi_gmem0_AWLEN                  |  out|   32|       m_axi|                       gmem0|       pointer|
|m_axi_gmem0_AWSIZE                 |  out|    3|       m_axi|                       gmem0|       pointer|
|m_axi_gmem0_AWBURST                |  out|    2|       m_axi|                       gmem0|       pointer|
|m_axi_gmem0_AWLOCK                 |  out|    2|       m_axi|                       gmem0|       pointer|
|m_axi_gmem0_AWCACHE                |  out|    4|       m_axi|                       gmem0|       pointer|
|m_axi_gmem0_AWPROT                 |  out|    3|       m_axi|                       gmem0|       pointer|
|m_axi_gmem0_AWQOS                  |  out|    4|       m_axi|                       gmem0|       pointer|
|m_axi_gmem0_AWREGION               |  out|    4|       m_axi|                       gmem0|       pointer|
|m_axi_gmem0_AWUSER                 |  out|    1|       m_axi|                       gmem0|       pointer|
|m_axi_gmem0_WVALID                 |  out|    1|       m_axi|                       gmem0|       pointer|
|m_axi_gmem0_WREADY                 |   in|    1|       m_axi|                       gmem0|       pointer|
|m_axi_gmem0_WDATA                  |  out|  512|       m_axi|                       gmem0|       pointer|
|m_axi_gmem0_WSTRB                  |  out|   64|       m_axi|                       gmem0|       pointer|
|m_axi_gmem0_WLAST                  |  out|    1|       m_axi|                       gmem0|       pointer|
|m_axi_gmem0_WID                    |  out|    1|       m_axi|                       gmem0|       pointer|
|m_axi_gmem0_WUSER                  |  out|    1|       m_axi|                       gmem0|       pointer|
|m_axi_gmem0_ARVALID                |  out|    1|       m_axi|                       gmem0|       pointer|
|m_axi_gmem0_ARREADY                |   in|    1|       m_axi|                       gmem0|       pointer|
|m_axi_gmem0_ARADDR                 |  out|   64|       m_axi|                       gmem0|       pointer|
|m_axi_gmem0_ARID                   |  out|    1|       m_axi|                       gmem0|       pointer|
|m_axi_gmem0_ARLEN                  |  out|   32|       m_axi|                       gmem0|       pointer|
|m_axi_gmem0_ARSIZE                 |  out|    3|       m_axi|                       gmem0|       pointer|
|m_axi_gmem0_ARBURST                |  out|    2|       m_axi|                       gmem0|       pointer|
|m_axi_gmem0_ARLOCK                 |  out|    2|       m_axi|                       gmem0|       pointer|
|m_axi_gmem0_ARCACHE                |  out|    4|       m_axi|                       gmem0|       pointer|
|m_axi_gmem0_ARPROT                 |  out|    3|       m_axi|                       gmem0|       pointer|
|m_axi_gmem0_ARQOS                  |  out|    4|       m_axi|                       gmem0|       pointer|
|m_axi_gmem0_ARREGION               |  out|    4|       m_axi|                       gmem0|       pointer|
|m_axi_gmem0_ARUSER                 |  out|    1|       m_axi|                       gmem0|       pointer|
|m_axi_gmem0_RVALID                 |   in|    1|       m_axi|                       gmem0|       pointer|
|m_axi_gmem0_RREADY                 |  out|    1|       m_axi|                       gmem0|       pointer|
|m_axi_gmem0_RDATA                  |   in|  512|       m_axi|                       gmem0|       pointer|
|m_axi_gmem0_RLAST                  |   in|    1|       m_axi|                       gmem0|       pointer|
|m_axi_gmem0_RID                    |   in|    1|       m_axi|                       gmem0|       pointer|
|m_axi_gmem0_RFIFONUM               |   in|   12|       m_axi|                       gmem0|       pointer|
|m_axi_gmem0_RUSER                  |   in|    1|       m_axi|                       gmem0|       pointer|
|m_axi_gmem0_RRESP                  |   in|    2|       m_axi|                       gmem0|       pointer|
|m_axi_gmem0_BVALID                 |   in|    1|       m_axi|                       gmem0|       pointer|
|m_axi_gmem0_BREADY                 |  out|    1|       m_axi|                       gmem0|       pointer|
|m_axi_gmem0_BRESP                  |   in|    2|       m_axi|                       gmem0|       pointer|
|m_axi_gmem0_BID                    |   in|    1|       m_axi|                       gmem0|       pointer|
|m_axi_gmem0_BUSER                  |   in|    1|       m_axi|                       gmem0|       pointer|
|kv_cache_pe0                       |   in|   64|     ap_none|                kv_cache_pe0|        scalar|
|kv_cache_pe0_ap_vld                |   in|    1|     ap_none|                kv_cache_pe0|        scalar|
|m_axi_gmem1_AWVALID                |  out|    1|       m_axi|                       gmem1|       pointer|
|m_axi_gmem1_AWREADY                |   in|    1|       m_axi|                       gmem1|       pointer|
|m_axi_gmem1_AWADDR                 |  out|   64|       m_axi|                       gmem1|       pointer|
|m_axi_gmem1_AWID                   |  out|    1|       m_axi|                       gmem1|       pointer|
|m_axi_gmem1_AWLEN                  |  out|   32|       m_axi|                       gmem1|       pointer|
|m_axi_gmem1_AWSIZE                 |  out|    3|       m_axi|                       gmem1|       pointer|
|m_axi_gmem1_AWBURST                |  out|    2|       m_axi|                       gmem1|       pointer|
|m_axi_gmem1_AWLOCK                 |  out|    2|       m_axi|                       gmem1|       pointer|
|m_axi_gmem1_AWCACHE                |  out|    4|       m_axi|                       gmem1|       pointer|
|m_axi_gmem1_AWPROT                 |  out|    3|       m_axi|                       gmem1|       pointer|
|m_axi_gmem1_AWQOS                  |  out|    4|       m_axi|                       gmem1|       pointer|
|m_axi_gmem1_AWREGION               |  out|    4|       m_axi|                       gmem1|       pointer|
|m_axi_gmem1_AWUSER                 |  out|    1|       m_axi|                       gmem1|       pointer|
|m_axi_gmem1_WVALID                 |  out|    1|       m_axi|                       gmem1|       pointer|
|m_axi_gmem1_WREADY                 |   in|    1|       m_axi|                       gmem1|       pointer|
|m_axi_gmem1_WDATA                  |  out|  512|       m_axi|                       gmem1|       pointer|
|m_axi_gmem1_WSTRB                  |  out|   64|       m_axi|                       gmem1|       pointer|
|m_axi_gmem1_WLAST                  |  out|    1|       m_axi|                       gmem1|       pointer|
|m_axi_gmem1_WID                    |  out|    1|       m_axi|                       gmem1|       pointer|
|m_axi_gmem1_WUSER                  |  out|    1|       m_axi|                       gmem1|       pointer|
|m_axi_gmem1_ARVALID                |  out|    1|       m_axi|                       gmem1|       pointer|
|m_axi_gmem1_ARREADY                |   in|    1|       m_axi|                       gmem1|       pointer|
|m_axi_gmem1_ARADDR                 |  out|   64|       m_axi|                       gmem1|       pointer|
|m_axi_gmem1_ARID                   |  out|    1|       m_axi|                       gmem1|       pointer|
|m_axi_gmem1_ARLEN                  |  out|   32|       m_axi|                       gmem1|       pointer|
|m_axi_gmem1_ARSIZE                 |  out|    3|       m_axi|                       gmem1|       pointer|
|m_axi_gmem1_ARBURST                |  out|    2|       m_axi|                       gmem1|       pointer|
|m_axi_gmem1_ARLOCK                 |  out|    2|       m_axi|                       gmem1|       pointer|
|m_axi_gmem1_ARCACHE                |  out|    4|       m_axi|                       gmem1|       pointer|
|m_axi_gmem1_ARPROT                 |  out|    3|       m_axi|                       gmem1|       pointer|
|m_axi_gmem1_ARQOS                  |  out|    4|       m_axi|                       gmem1|       pointer|
|m_axi_gmem1_ARREGION               |  out|    4|       m_axi|                       gmem1|       pointer|
|m_axi_gmem1_ARUSER                 |  out|    1|       m_axi|                       gmem1|       pointer|
|m_axi_gmem1_RVALID                 |   in|    1|       m_axi|                       gmem1|       pointer|
|m_axi_gmem1_RREADY                 |  out|    1|       m_axi|                       gmem1|       pointer|
|m_axi_gmem1_RDATA                  |   in|  512|       m_axi|                       gmem1|       pointer|
|m_axi_gmem1_RLAST                  |   in|    1|       m_axi|                       gmem1|       pointer|
|m_axi_gmem1_RID                    |   in|    1|       m_axi|                       gmem1|       pointer|
|m_axi_gmem1_RFIFONUM               |   in|   12|       m_axi|                       gmem1|       pointer|
|m_axi_gmem1_RUSER                  |   in|    1|       m_axi|                       gmem1|       pointer|
|m_axi_gmem1_RRESP                  |   in|    2|       m_axi|                       gmem1|       pointer|
|m_axi_gmem1_BVALID                 |   in|    1|       m_axi|                       gmem1|       pointer|
|m_axi_gmem1_BREADY                 |  out|    1|       m_axi|                       gmem1|       pointer|
|m_axi_gmem1_BRESP                  |   in|    2|       m_axi|                       gmem1|       pointer|
|m_axi_gmem1_BID                    |   in|    1|       m_axi|                       gmem1|       pointer|
|m_axi_gmem1_BUSER                  |   in|    1|       m_axi|                       gmem1|       pointer|
|kv_cache_pe1                       |   in|   64|     ap_none|                kv_cache_pe1|        scalar|
|kv_cache_pe1_ap_vld                |   in|    1|     ap_none|                kv_cache_pe1|        scalar|
|m_axi_gmem2_AWVALID                |  out|    1|       m_axi|                       gmem2|       pointer|
|m_axi_gmem2_AWREADY                |   in|    1|       m_axi|                       gmem2|       pointer|
|m_axi_gmem2_AWADDR                 |  out|   64|       m_axi|                       gmem2|       pointer|
|m_axi_gmem2_AWID                   |  out|    1|       m_axi|                       gmem2|       pointer|
|m_axi_gmem2_AWLEN                  |  out|   32|       m_axi|                       gmem2|       pointer|
|m_axi_gmem2_AWSIZE                 |  out|    3|       m_axi|                       gmem2|       pointer|
|m_axi_gmem2_AWBURST                |  out|    2|       m_axi|                       gmem2|       pointer|
|m_axi_gmem2_AWLOCK                 |  out|    2|       m_axi|                       gmem2|       pointer|
|m_axi_gmem2_AWCACHE                |  out|    4|       m_axi|                       gmem2|       pointer|
|m_axi_gmem2_AWPROT                 |  out|    3|       m_axi|                       gmem2|       pointer|
|m_axi_gmem2_AWQOS                  |  out|    4|       m_axi|                       gmem2|       pointer|
|m_axi_gmem2_AWREGION               |  out|    4|       m_axi|                       gmem2|       pointer|
|m_axi_gmem2_AWUSER                 |  out|    1|       m_axi|                       gmem2|       pointer|
|m_axi_gmem2_WVALID                 |  out|    1|       m_axi|                       gmem2|       pointer|
|m_axi_gmem2_WREADY                 |   in|    1|       m_axi|                       gmem2|       pointer|
|m_axi_gmem2_WDATA                  |  out|  512|       m_axi|                       gmem2|       pointer|
|m_axi_gmem2_WSTRB                  |  out|   64|       m_axi|                       gmem2|       pointer|
|m_axi_gmem2_WLAST                  |  out|    1|       m_axi|                       gmem2|       pointer|
|m_axi_gmem2_WID                    |  out|    1|       m_axi|                       gmem2|       pointer|
|m_axi_gmem2_WUSER                  |  out|    1|       m_axi|                       gmem2|       pointer|
|m_axi_gmem2_ARVALID                |  out|    1|       m_axi|                       gmem2|       pointer|
|m_axi_gmem2_ARREADY                |   in|    1|       m_axi|                       gmem2|       pointer|
|m_axi_gmem2_ARADDR                 |  out|   64|       m_axi|                       gmem2|       pointer|
|m_axi_gmem2_ARID                   |  out|    1|       m_axi|                       gmem2|       pointer|
|m_axi_gmem2_ARLEN                  |  out|   32|       m_axi|                       gmem2|       pointer|
|m_axi_gmem2_ARSIZE                 |  out|    3|       m_axi|                       gmem2|       pointer|
|m_axi_gmem2_ARBURST                |  out|    2|       m_axi|                       gmem2|       pointer|
|m_axi_gmem2_ARLOCK                 |  out|    2|       m_axi|                       gmem2|       pointer|
|m_axi_gmem2_ARCACHE                |  out|    4|       m_axi|                       gmem2|       pointer|
|m_axi_gmem2_ARPROT                 |  out|    3|       m_axi|                       gmem2|       pointer|
|m_axi_gmem2_ARQOS                  |  out|    4|       m_axi|                       gmem2|       pointer|
|m_axi_gmem2_ARREGION               |  out|    4|       m_axi|                       gmem2|       pointer|
|m_axi_gmem2_ARUSER                 |  out|    1|       m_axi|                       gmem2|       pointer|
|m_axi_gmem2_RVALID                 |   in|    1|       m_axi|                       gmem2|       pointer|
|m_axi_gmem2_RREADY                 |  out|    1|       m_axi|                       gmem2|       pointer|
|m_axi_gmem2_RDATA                  |   in|  512|       m_axi|                       gmem2|       pointer|
|m_axi_gmem2_RLAST                  |   in|    1|       m_axi|                       gmem2|       pointer|
|m_axi_gmem2_RID                    |   in|    1|       m_axi|                       gmem2|       pointer|
|m_axi_gmem2_RFIFONUM               |   in|   12|       m_axi|                       gmem2|       pointer|
|m_axi_gmem2_RUSER                  |   in|    1|       m_axi|                       gmem2|       pointer|
|m_axi_gmem2_RRESP                  |   in|    2|       m_axi|                       gmem2|       pointer|
|m_axi_gmem2_BVALID                 |   in|    1|       m_axi|                       gmem2|       pointer|
|m_axi_gmem2_BREADY                 |  out|    1|       m_axi|                       gmem2|       pointer|
|m_axi_gmem2_BRESP                  |   in|    2|       m_axi|                       gmem2|       pointer|
|m_axi_gmem2_BID                    |   in|    1|       m_axi|                       gmem2|       pointer|
|m_axi_gmem2_BUSER                  |   in|    1|       m_axi|                       gmem2|       pointer|
|kv_cache_pe2                       |   in|   64|     ap_none|                kv_cache_pe2|        scalar|
|kv_cache_pe2_ap_vld                |   in|    1|     ap_none|                kv_cache_pe2|        scalar|
|m_axi_gmem3_AWVALID                |  out|    1|       m_axi|                       gmem3|       pointer|
|m_axi_gmem3_AWREADY                |   in|    1|       m_axi|                       gmem3|       pointer|
|m_axi_gmem3_AWADDR                 |  out|   64|       m_axi|                       gmem3|       pointer|
|m_axi_gmem3_AWID                   |  out|    1|       m_axi|                       gmem3|       pointer|
|m_axi_gmem3_AWLEN                  |  out|   32|       m_axi|                       gmem3|       pointer|
|m_axi_gmem3_AWSIZE                 |  out|    3|       m_axi|                       gmem3|       pointer|
|m_axi_gmem3_AWBURST                |  out|    2|       m_axi|                       gmem3|       pointer|
|m_axi_gmem3_AWLOCK                 |  out|    2|       m_axi|                       gmem3|       pointer|
|m_axi_gmem3_AWCACHE                |  out|    4|       m_axi|                       gmem3|       pointer|
|m_axi_gmem3_AWPROT                 |  out|    3|       m_axi|                       gmem3|       pointer|
|m_axi_gmem3_AWQOS                  |  out|    4|       m_axi|                       gmem3|       pointer|
|m_axi_gmem3_AWREGION               |  out|    4|       m_axi|                       gmem3|       pointer|
|m_axi_gmem3_AWUSER                 |  out|    1|       m_axi|                       gmem3|       pointer|
|m_axi_gmem3_WVALID                 |  out|    1|       m_axi|                       gmem3|       pointer|
|m_axi_gmem3_WREADY                 |   in|    1|       m_axi|                       gmem3|       pointer|
|m_axi_gmem3_WDATA                  |  out|  512|       m_axi|                       gmem3|       pointer|
|m_axi_gmem3_WSTRB                  |  out|   64|       m_axi|                       gmem3|       pointer|
|m_axi_gmem3_WLAST                  |  out|    1|       m_axi|                       gmem3|       pointer|
|m_axi_gmem3_WID                    |  out|    1|       m_axi|                       gmem3|       pointer|
|m_axi_gmem3_WUSER                  |  out|    1|       m_axi|                       gmem3|       pointer|
|m_axi_gmem3_ARVALID                |  out|    1|       m_axi|                       gmem3|       pointer|
|m_axi_gmem3_ARREADY                |   in|    1|       m_axi|                       gmem3|       pointer|
|m_axi_gmem3_ARADDR                 |  out|   64|       m_axi|                       gmem3|       pointer|
|m_axi_gmem3_ARID                   |  out|    1|       m_axi|                       gmem3|       pointer|
|m_axi_gmem3_ARLEN                  |  out|   32|       m_axi|                       gmem3|       pointer|
|m_axi_gmem3_ARSIZE                 |  out|    3|       m_axi|                       gmem3|       pointer|
|m_axi_gmem3_ARBURST                |  out|    2|       m_axi|                       gmem3|       pointer|
|m_axi_gmem3_ARLOCK                 |  out|    2|       m_axi|                       gmem3|       pointer|
|m_axi_gmem3_ARCACHE                |  out|    4|       m_axi|                       gmem3|       pointer|
|m_axi_gmem3_ARPROT                 |  out|    3|       m_axi|                       gmem3|       pointer|
|m_axi_gmem3_ARQOS                  |  out|    4|       m_axi|                       gmem3|       pointer|
|m_axi_gmem3_ARREGION               |  out|    4|       m_axi|                       gmem3|       pointer|
|m_axi_gmem3_ARUSER                 |  out|    1|       m_axi|                       gmem3|       pointer|
|m_axi_gmem3_RVALID                 |   in|    1|       m_axi|                       gmem3|       pointer|
|m_axi_gmem3_RREADY                 |  out|    1|       m_axi|                       gmem3|       pointer|
|m_axi_gmem3_RDATA                  |   in|  512|       m_axi|                       gmem3|       pointer|
|m_axi_gmem3_RLAST                  |   in|    1|       m_axi|                       gmem3|       pointer|
|m_axi_gmem3_RID                    |   in|    1|       m_axi|                       gmem3|       pointer|
|m_axi_gmem3_RFIFONUM               |   in|   12|       m_axi|                       gmem3|       pointer|
|m_axi_gmem3_RUSER                  |   in|    1|       m_axi|                       gmem3|       pointer|
|m_axi_gmem3_RRESP                  |   in|    2|       m_axi|                       gmem3|       pointer|
|m_axi_gmem3_BVALID                 |   in|    1|       m_axi|                       gmem3|       pointer|
|m_axi_gmem3_BREADY                 |  out|    1|       m_axi|                       gmem3|       pointer|
|m_axi_gmem3_BRESP                  |   in|    2|       m_axi|                       gmem3|       pointer|
|m_axi_gmem3_BID                    |   in|    1|       m_axi|                       gmem3|       pointer|
|m_axi_gmem3_BUSER                  |   in|    1|       m_axi|                       gmem3|       pointer|
|kv_cache_pe3                       |   in|   64|     ap_none|                kv_cache_pe3|        scalar|
|kv_cache_pe3_ap_vld                |   in|    1|     ap_none|                kv_cache_pe3|        scalar|
|current_cos_address0               |  out|    6|   ap_memory|                 current_cos|         array|
|current_cos_ce0                    |  out|    1|   ap_memory|                 current_cos|         array|
|current_cos_d0                     |  out|   19|   ap_memory|                 current_cos|         array|
|current_cos_q0                     |   in|   19|   ap_memory|                 current_cos|         array|
|current_cos_we0                    |  out|    1|   ap_memory|                 current_cos|         array|
|current_sin_address0               |  out|    6|   ap_memory|                 current_sin|         array|
|current_sin_ce0                    |  out|    1|   ap_memory|                 current_sin|         array|
|current_sin_d0                     |  out|   19|   ap_memory|                 current_sin|         array|
|current_sin_q0                     |   in|   19|   ap_memory|                 current_sin|         array|
|current_sin_we0                    |  out|    1|   ap_memory|                 current_sin|         array|
|activation_q_address0              |  out|    9|   ap_memory|                activation_q|         array|
|activation_q_ce0                   |  out|    1|   ap_memory|                activation_q|         array|
|activation_q_d0                    |  out|  480|   ap_memory|                activation_q|         array|
|activation_q_q0                    |   in|  480|   ap_memory|                activation_q|         array|
|activation_q_we0                   |  out|    1|   ap_memory|                activation_q|         array|
|activation_scale_address0          |  out|    5|   ap_memory|            activation_scale|         array|
|activation_scale_ce0               |  out|    1|   ap_memory|            activation_scale|         array|
|activation_scale_d0                |  out|  512|   ap_memory|            activation_scale|         array|
|activation_scale_q0                |   in|  512|   ap_memory|            activation_scale|         array|
|activation_scale_we0               |  out|    1|   ap_memory|            activation_scale|         array|
|controller_layer_index_val         |   in|    6|     ap_none|  controller_layer_index_val|        scalar|
|controller_layer_index_val_ap_vld  |   in|    1|     ap_none|  controller_layer_index_val|        scalar|
|controller_position_val            |   in|   12|     ap_none|     controller_position_val|        scalar|
|controller_position_val_ap_vld     |   in|    1|     ap_none|     controller_position_val|        scalar|
|ap_clk                             |   in|    1|  ap_ctrl_hs|        swiftkv_run_four_pes|  return value|
|ap_rst                             |   in|    1|  ap_ctrl_hs|        swiftkv_run_four_pes|  return value|
|ap_start                           |   in|    1|  ap_ctrl_hs|        swiftkv_run_four_pes|  return value|
|ap_done                            |  out|    1|  ap_ctrl_hs|        swiftkv_run_four_pes|  return value|
|ap_ready                           |  out|    1|  ap_ctrl_hs|        swiftkv_run_four_pes|  return value|
|ap_idle                            |  out|    1|  ap_ctrl_hs|        swiftkv_run_four_pes|  return value|
|ap_continue                        |   in|    1|  ap_ctrl_hs|        swiftkv_run_four_pes|  return value|
+-----------------------------------+-----+-----+------------+----------------------------+--------------+

