

================================================================
== Vitis HLS Report for 'swiftkv_run_bank_Pipeline_pe_load_q_word_loop'
================================================================
* Date:           Tue Aug 11 09:18:04 2026

* Version:        2023.2 (Build 4023990 on Oct 11 2023)
* Project:        proj_int4_decoder_xo
* Solution:       solution1 (Vitis Kernel Flow Target)
* Product family: virtexuplus
* Target device:  xcu250-figd2104-2L-e


================================================================
== Performance Estimates
================================================================
+ Timing: 
    * Summary: 
    +--------+---------+----------+------------+
    |  Clock |  Target | Estimated| Uncertainty|
    +--------+---------+----------+------------+
    |ap_clk  |  3.33 ns|  2.400 ns|     0.90 ns|
    +--------+---------+----------+------------+

+ Latency: 
    * Summary: 
    +---------+---------+-----------+-----------+-----+-----+---------+
    |  Latency (cycles) |   Latency (absolute)  |  Interval | Pipeline|
    |   min   |   max   |    min    |    max    | min | max |   Type  |
    +---------+---------+-----------+-----------+-----+-----+---------+
    |       10|       10|  33.330 ns|  33.330 ns|   10|   10|       no|
    +---------+---------+-----------+-----------+-----+-----+---------+

    + Detail: 
        * Instance: 
        N/A

        * Loop: 
        +-----------------------+---------+---------+----------+-----------+-----------+------+----------+
        |                       |  Latency (cycles) | Iteration|  Initiation Interval  | Trip |          |
        |       Loop Name       |   min   |   max   |  Latency |  achieved |   target  | Count| Pipelined|
        +-----------------------+---------+---------+----------+-----------+-----------+------+----------+
        |- pe_load_q_word_loop  |        8|        8|         2|          1|          1|     8|       yes|
        +-----------------------+---------+---------+----------+-----------+-----------+------+----------+



================================================================
== Utilization Estimates
================================================================
* Summary: 
+---------------------+---------+-------+---------+---------+------+
|         Name        | BRAM_18K|  DSP  |    FF   |   LUT   | URAM |
+---------------------+---------+-------+---------+---------+------+
|DSP                  |        -|      -|        -|        -|     -|
|Expression           |        -|      -|        0|       39|     -|
|FIFO                 |        -|      -|        -|        -|     -|
|Instance             |        -|      -|        -|        -|     -|
|Memory               |        -|      -|        -|        -|     -|
|Multiplexer          |        -|      -|        -|       36|     -|
|Register             |        -|      -|       11|        -|     -|
+---------------------+---------+-------+---------+---------+------+
|Total                |        0|      0|       11|       75|     0|
+---------------------+---------+-------+---------+---------+------+
|Available SLR        |     1344|   3072|   864000|   432000|   320|
+---------------------+---------+-------+---------+---------+------+
|Utilization SLR (%)  |        0|      0|       ~0|       ~0|     0|
+---------------------+---------+-------+---------+---------+------+
|Available            |     5376|  12288|  3456000|  1728000|  1280|
+---------------------+---------+-------+---------+---------+------+
|Utilization (%)      |        0|      0|       ~0|       ~0|     0|
+---------------------+---------+-------+---------+---------+------+

+ Detail: 
    * Instance: 
    N/A

    * DSP: 
    N/A

    * Memory: 
    N/A

    * FIFO: 
    N/A

    * Expression: 
    +----------------------+----------+----+---+----+------------+------------+
    |     Variable Name    | Operation| DSP| FF| LUT| Bitwidth P0| Bitwidth P1|
    +----------------------+----------+----+---+----+------------+------------+
    |add_ln1861_fu_91_p2   |         +|   0|  0|  12|           4|           1|
    |add_ln1864_fu_101_p2  |         +|   0|  0|  13|           6|           6|
    |icmp_ln1860_fu_85_p2  |      icmp|   0|  0|  12|           4|           5|
    |ap_enable_pp0         |       xor|   0|  0|   2|           1|           2|
    +----------------------+----------+----+---+----+------------+------------+
    |Total                 |          |   0|  0|  39|          15|          14|
    +----------------------+----------+----+---+----+------------+------------+

    * Multiplexer: 
    +-------------------------+----+-----------+-----+-----------+
    |           Name          | LUT| Input Size| Bits| Total Bits|
    +-------------------------+----+-----------+-----+-----------+
    |ap_done_int              |   9|          2|    1|          2|
    |ap_enable_reg_pp0_iter1  |   9|          2|    1|          2|
    |ap_sig_allocacmp_word_3  |   9|          2|    4|          8|
    |word_fu_40               |   9|          2|    4|          8|
    +-------------------------+----+-----------+-----+-----------+
    |Total                    |  36|          8|   10|         20|
    +-------------------------+----+-----------+-----+-----------+

    * Register: 
    +-------------------------+---+----+-----+-----------+
    |           Name          | FF| LUT| Bits| Const Bits|
    +-------------------------+---+----+-----+-----------+
    |ap_CS_fsm                |  1|   0|    1|          0|
    |ap_done_reg              |  1|   0|    1|          0|
    |ap_enable_reg_pp0_iter1  |  1|   0|    1|          0|
    |word_3_reg_128           |  4|   0|    4|          0|
    |word_fu_40               |  4|   0|    4|          0|
    +-------------------------+---+----+-----+-----------+
    |Total                    | 11|   0|   11|          0|
    +-------------------------+---+----+-----+-----------+



================================================================
== Interface
================================================================
* Summary: 
+------------------+-----+-----+------------+-----------------------------------------------+--------------+
|     RTL Ports    | Dir | Bits|  Protocol  |                 Source Object                 |    C Type    |
+------------------+-----+-----+------------+-----------------------------------------------+--------------+
|ap_clk            |   in|    1|  ap_ctrl_hs|  swiftkv_run_bank_Pipeline_pe_load_q_word_loop|  return value|
|ap_rst            |   in|    1|  ap_ctrl_hs|  swiftkv_run_bank_Pipeline_pe_load_q_word_loop|  return value|
|ap_start          |   in|    1|  ap_ctrl_hs|  swiftkv_run_bank_Pipeline_pe_load_q_word_loop|  return value|
|ap_done           |  out|    1|  ap_ctrl_hs|  swiftkv_run_bank_Pipeline_pe_load_q_word_loop|  return value|
|ap_idle           |  out|    1|  ap_ctrl_hs|  swiftkv_run_bank_Pipeline_pe_load_q_word_loop|  return value|
|ap_ready          |  out|    1|  ap_ctrl_hs|  swiftkv_run_bank_Pipeline_pe_load_q_word_loop|  return value|
|tmp_13            |   in|    6|     ap_none|                                         tmp_13|        scalar|
|q_address0        |  out|    6|   ap_memory|                                              q|         array|
|q_ce0             |  out|    1|   ap_memory|                                              q|         array|
|q_q0              |   in|  512|   ap_memory|                                              q|         array|
|q_words_address0  |  out|    3|   ap_memory|                                        q_words|         array|
|q_words_ce0       |  out|    1|   ap_memory|                                        q_words|         array|
|q_words_we0       |  out|    1|   ap_memory|                                        q_words|         array|
|q_words_d0        |  out|  512|   ap_memory|                                        q_words|         array|
+------------------+-----+-----+------------+-----------------------------------------------+--------------+

