

================================================================
== Vitis HLS Report for 'swiftkv_gather_attention_streams'
================================================================
* Date:           Tue Aug 11 09:18:24 2026

* Version:        2023.2 (Build 4023990 on Oct 11 2023)
* Project:        proj_int4_decoder_xo
* Solution:       solution1 (Vitis Kernel Flow Target)
* Product family: virtexuplus
* Target device:  xcu250-figd2104-2L-e


================================================================
== Performance Estimates
================================================================
+ Timing: 
    * Summary: 
    +--------+---------+----------+------------+
    |  Clock |  Target | Estimated| Uncertainty|
    +--------+---------+----------+------------+
    |ap_clk  |  3.33 ns|  2.793 ns|     0.90 ns|
    +--------+---------+----------+------------+

+ Latency: 
    * Summary: 
    +---------+---------+----------+----------+-----+-----+---------+
    |  Latency (cycles) |  Latency (absolute) |  Interval | Pipeline|
    |   min   |   max   |    min   |    max   | min | max |   Type  |
    +---------+---------+----------+----------+-----+-----+---------+
    |      131|      131|  0.437 us|  0.437 us|  131|  131|       no|
    +---------+---------+----------+----------+-----+-----+---------+

    + Detail: 
        * Instance: 
        N/A

        * Loop: 
        +--------------------------------------------------------------------------------------------+---------+---------+----------+-----------+-----------+------+----------+
        |                                                                                            |  Latency (cycles) | Iteration|  Initiation Interval  | Trip |          |
        |                                          Loop Name                                         |   min   |   max   |  Latency |  achieved |   target  | Count| Pipelined|
        +--------------------------------------------------------------------------------------------+---------+---------+----------+-----------+-----------+------+----------+
        |- integrated_gather_local_head_loop_integrated_gather_pe_loop_integrated_gather_group_loop  |      129|      129|         3|          1|          1|   128|       yes|
        +--------------------------------------------------------------------------------------------+---------+---------+----------+-----------+-----------+------+----------+



================================================================
== Utilization Estimates
================================================================
* Summary: 
+---------------------+---------+-------+---------+---------+------+
|         Name        | BRAM_18K|  DSP  |    FF   |   LUT   | URAM |
+---------------------+---------+-------+---------+---------+------+
|DSP                  |        -|      -|        -|        -|     -|
|Expression           |        -|      -|        0|      608|     -|
|FIFO                 |        -|      -|        -|        -|     -|
|Instance             |        -|      -|        -|        -|     -|
|Memory               |        -|      -|        -|        -|     -|
|Multiplexer          |        -|      -|        -|      250|     -|
|Register             |        -|      -|     1588|        -|     -|
+---------------------+---------+-------+---------+---------+------+
|Total                |        0|      0|     1588|      858|     0|
+---------------------+---------+-------+---------+---------+------+
|Available SLR        |     1344|   3072|   864000|   432000|   320|
+---------------------+---------+-------+---------+---------+------+
|Utilization SLR (%)  |        0|      0|       ~0|       ~0|     0|
+---------------------+---------+-------+---------+---------+------+
|Available            |     5376|  12288|  3456000|  1728000|  1280|
+---------------------+---------+-------+---------+---------+------+
|Utilization (%)      |        0|      0|       ~0|       ~0|     0|
+---------------------+---------+-------+---------+---------+------+

+ Detail: 
    * Instance: 
    N/A

    * DSP: 
    N/A

    * Memory: 
    N/A

    * FIFO: 
    N/A

    * Expression: 
    +----------------------------------+----------+----+---+-----+------------+------------+
    |           Variable Name          | Operation| DSP| FF| LUT | Bitwidth P0| Bitwidth P1|
    +----------------------------------+----------+----+---+-----+------------+------------+
    |add_ln2096_fu_271_p2              |         +|   0|  0|   15|           8|           1|
    |add_ln2097_fu_402_p2              |         +|   0|  0|   12|           4|           1|
    |add_ln2100_1_fu_365_p2            |         +|   0|  0|   13|           6|           1|
    |add_ln2100_fu_315_p2              |         +|   0|  0|   10|           3|           1|
    |add_ln2104_fu_347_p2              |         +|   0|  0|   10|           3|           1|
    |add_ln2123_fu_449_p2              |         +|   0|  0|   14|           7|           7|
    |and_ln2095_fu_309_p2              |       and|   0|  0|    2|           1|           1|
    |ap_condition_249                  |       and|   0|  0|    2|           1|           1|
    |ap_condition_251                  |       and|   0|  0|    2|           1|           1|
    |ap_predicate_op70_read_state2     |       and|   0|  0|    2|           1|           1|
    |ap_predicate_op73_read_state2     |       and|   0|  0|    2|           1|           1|
    |ap_predicate_op76_read_state2     |       and|   0|  0|    2|           1|           1|
    |ap_predicate_op79_read_state2     |       and|   0|  0|    2|           1|           1|
    |icmp_ln2096_fu_265_p2             |      icmp|   0|  0|   16|           8|           9|
    |icmp_ln2100_1_fu_359_p2           |      icmp|   0|  0|   10|           3|           2|
    |icmp_ln2100_fu_283_p2             |      icmp|   0|  0|   13|           6|           5|
    |icmp_ln2103_1_fu_353_p2           |      icmp|   0|  0|   12|           3|           4|
    |icmp_ln2103_fu_303_p2             |      icmp|   0|  0|   12|           3|           4|
    |ap_block_pp0_stage0_11001         |        or|   0|  0|    2|           1|           1|
    |ap_block_state2_pp0_stage0_iter1  |        or|   0|  0|    2|           1|           1|
    |or_ln2098_fu_321_p2               |        or|   0|  0|    2|           1|           1|
    |select_ln2095_1_fu_423_p3         |    select|   0|  0|  428|           1|           1|
    |select_ln2095_fu_289_p3           |    select|   0|  0|    3|           1|           1|
    |select_ln2096_fu_408_p3           |    select|   0|  0|    4|           1|           4|
    |select_ln2098_fu_327_p3           |    select|   0|  0|    3|           1|           1|
    |select_ln2100_1_fu_371_p3         |    select|   0|  0|    6|           1|           1|
    |select_ln2100_fu_335_p3           |    select|   0|  0|    3|           1|           3|
    |ap_enable_pp0                     |       xor|   0|  0|    2|           1|           2|
    |xor_ln2095_fu_297_p2              |       xor|   0|  0|    2|           1|           2|
    +----------------------------------+----------+----+---+-----+------------+------------+
    |Total                             |          |   0|  0|  608|          72|          61|
    +----------------------------------+----------+----+---+-----+------------+------------+

    * Multiplexer: 
    +------------------------------------------+----+-----------+-----+-----------+
    |                   Name                   | LUT| Input Size| Bits| Total Bits|
    +------------------------------------------+----+-----------+-----+-----------+
    |ap_done_int                               |   9|          2|    1|          2|
    |ap_enable_reg_pp0_iter1                   |   9|          2|    1|          2|
    |ap_phi_reg_pp0_iter2_empty_reg_216        |  26|          5|   32|        160|
    |ap_phi_reg_pp0_iter2_quantized_2_reg_202  |  26|          5|  480|       2400|
    |ap_sig_allocacmp_group_load               |   9|          2|    3|          6|
    |ap_sig_allocacmp_indvar_flatten14_load    |   9|          2|    8|         16|
    |ap_sig_allocacmp_indvar_flatten_load      |   9|          2|    6|         12|
    |ap_sig_allocacmp_local_head_load          |   9|          2|    4|          8|
    |ap_sig_allocacmp_packed_scales_1_load     |   9|          2|  512|       1024|
    |ap_sig_allocacmp_pe_load                  |   9|          2|    3|          6|
    |group_fu_108                              |   9|          2|    3|          6|
    |indvar_flatten14_fu_124                   |   9|          2|    8|         16|
    |indvar_flatten_fu_116                     |   9|          2|    6|         12|
    |local_head_fu_120                         |   9|          2|    4|          8|
    |packed_scales_1_fu_104                    |   9|          2|  512|       1024|
    |pe_fu_112                                 |   9|          2|    3|          6|
    |quantized_pe0_blk_n                       |   9|          2|    1|          2|
    |quantized_pe1_blk_n                       |   9|          2|    1|          2|
    |quantized_pe2_blk_n                       |   9|          2|    1|          2|
    |quantized_pe3_blk_n                       |   9|          2|    1|          2|
    |scale_pe0_blk_n                           |   9|          2|    1|          2|
    |scale_pe1_blk_n                           |   9|          2|    1|          2|
    |scale_pe2_blk_n                           |   9|          2|    1|          2|
    |scale_pe3_blk_n                           |   9|          2|    1|          2|
    +------------------------------------------+----+-----------+-----+-----------+
    |Total                                     | 250|         54| 1594|       4724|
    +------------------------------------------+----+-----------+-----+-----------+

    * Register: 
    +------------------------------------------+-----+----+-----+-----------+
    |                   Name                   |  FF | LUT| Bits| Const Bits|
    +------------------------------------------+-----+----+-----+-----------+
    |ap_CS_fsm                                 |    1|   0|    1|          0|
    |ap_done_reg                               |    1|   0|    1|          0|
    |ap_enable_reg_pp0_iter1                   |    1|   0|    1|          0|
    |ap_enable_reg_pp0_iter2                   |    1|   0|    1|          0|
    |ap_loop_exit_ready_pp0_iter1_reg          |    1|   0|    1|          0|
    |ap_loop_init_pp0_iter1_reg                |    1|   0|    1|          0|
    |ap_loop_init_pp0_iter2_reg                |    1|   0|    1|          0|
    |ap_phi_reg_pp0_iter1_empty_reg_216        |   32|   0|   32|          0|
    |ap_phi_reg_pp0_iter1_quantized_2_reg_202  |  480|   0|  480|          0|
    |ap_phi_reg_pp0_iter2_empty_reg_216        |   32|   0|   32|          0|
    |ap_phi_reg_pp0_iter2_quantized_2_reg_202  |  480|   0|  480|          0|
    |empty_738_reg_541                         |    2|   0|    2|          0|
    |empty_738_reg_541_pp0_iter1_reg           |    2|   0|    2|          0|
    |group_fu_108                              |    3|   0|    3|          0|
    |icmp_ln2096_reg_526                       |    1|   0|    1|          0|
    |icmp_ln2100_1_reg_550                     |    1|   0|    1|          0|
    |icmp_ln2100_1_reg_550_pp0_iter1_reg       |    1|   0|    1|          0|
    |icmp_ln2100_reg_530                       |    1|   0|    1|          0|
    |icmp_ln2100_reg_530_pp0_iter1_reg         |    1|   0|    1|          0|
    |icmp_ln2103_1_reg_546                     |    1|   0|    1|          0|
    |icmp_ln2103_1_reg_546_pp0_iter1_reg       |    1|   0|    1|          0|
    |indvar_flatten14_fu_124                   |    8|   0|    8|          0|
    |indvar_flatten_fu_116                     |    6|   0|    6|          0|
    |local_head_fu_120                         |    4|   0|    4|          0|
    |packed_scales_1_fu_104                    |  512|   0|  512|          0|
    |pe_fu_112                                 |    3|   0|    3|          0|
    |select_ln2096_reg_554                     |    4|   0|    4|          0|
    |select_ln2098_reg_536                     |    3|   0|    3|          0|
    |select_ln2098_reg_536_pp0_iter1_reg       |    3|   0|    3|          0|
    +------------------------------------------+-----+----+-----+-----------+
    |Total                                     | 1588|   0| 1588|          0|
    +------------------------------------------+-----+----+-----+-----------+



================================================================
== Interface
================================================================
* Summary: 
+------------------------------+-----+-----+------------+----------------------------------+--------------+
|           RTL Ports          | Dir | Bits|  Protocol  |           Source Object          |    C Type    |
+------------------------------+-----+-----+------------+----------------------------------+--------------+
|ap_clk                        |   in|    1|  ap_ctrl_hs|  swiftkv_gather_attention_streams|  return value|
|ap_rst                        |   in|    1|  ap_ctrl_hs|  swiftkv_gather_attention_streams|  return value|
|ap_start                      |   in|    1|  ap_ctrl_hs|  swiftkv_gather_attention_streams|  return value|
|ap_done                       |  out|    1|  ap_ctrl_hs|  swiftkv_gather_attention_streams|  return value|
|ap_continue                   |   in|    1|  ap_ctrl_hs|  swiftkv_gather_attention_streams|  return value|
|ap_idle                       |  out|    1|  ap_ctrl_hs|  swiftkv_gather_attention_streams|  return value|
|ap_ready                      |  out|    1|  ap_ctrl_hs|  swiftkv_gather_attention_streams|  return value|
|quantized_pe2_dout            |   in|  480|     ap_fifo|                     quantized_pe2|       pointer|
|quantized_pe2_num_data_valid  |   in|    3|     ap_fifo|                     quantized_pe2|       pointer|
|quantized_pe2_fifo_cap        |   in|    3|     ap_fifo|                     quantized_pe2|       pointer|
|quantized_pe2_empty_n         |   in|    1|     ap_fifo|                     quantized_pe2|       pointer|
|quantized_pe2_read            |  out|    1|     ap_fifo|                     quantized_pe2|       pointer|
|scale_pe2_dout                |   in|   32|     ap_fifo|                         scale_pe2|       pointer|
|scale_pe2_num_data_valid      |   in|    3|     ap_fifo|                         scale_pe2|       pointer|
|scale_pe2_fifo_cap            |   in|    3|     ap_fifo|                         scale_pe2|       pointer|
|scale_pe2_empty_n             |   in|    1|     ap_fifo|                         scale_pe2|       pointer|
|scale_pe2_read                |  out|    1|     ap_fifo|                         scale_pe2|       pointer|
|quantized_pe1_dout            |   in|  480|     ap_fifo|                     quantized_pe1|       pointer|
|quantized_pe1_num_data_valid  |   in|    3|     ap_fifo|                     quantized_pe1|       pointer|
|quantized_pe1_fifo_cap        |   in|    3|     ap_fifo|                     quantized_pe1|       pointer|
|quantized_pe1_empty_n         |   in|    1|     ap_fifo|                     quantized_pe1|       pointer|
|quantized_pe1_read            |  out|    1|     ap_fifo|                     quantized_pe1|       pointer|
|scale_pe1_dout                |   in|   32|     ap_fifo|                         scale_pe1|       pointer|
|scale_pe1_num_data_valid      |   in|    3|     ap_fifo|                         scale_pe1|       pointer|
|scale_pe1_fifo_cap            |   in|    3|     ap_fifo|                         scale_pe1|       pointer|
|scale_pe1_empty_n             |   in|    1|     ap_fifo|                         scale_pe1|       pointer|
|scale_pe1_read                |  out|    1|     ap_fifo|                         scale_pe1|       pointer|
|quantized_pe0_dout            |   in|  480|     ap_fifo|                     quantized_pe0|       pointer|
|quantized_pe0_num_data_valid  |   in|    3|     ap_fifo|                     quantized_pe0|       pointer|
|quantized_pe0_fifo_cap        |   in|    3|     ap_fifo|                     quantized_pe0|       pointer|
|quantized_pe0_empty_n         |   in|    1|     ap_fifo|                     quantized_pe0|       pointer|
|quantized_pe0_read            |  out|    1|     ap_fifo|                     quantized_pe0|       pointer|
|scale_pe0_dout                |   in|   32|     ap_fifo|                         scale_pe0|       pointer|
|scale_pe0_num_data_valid      |   in|    3|     ap_fifo|                         scale_pe0|       pointer|
|scale_pe0_fifo_cap            |   in|    3|     ap_fifo|                         scale_pe0|       pointer|
|scale_pe0_empty_n             |   in|    1|     ap_fifo|                         scale_pe0|       pointer|
|scale_pe0_read                |  out|    1|     ap_fifo|                         scale_pe0|       pointer|
|quantized_pe3_dout            |   in|  480|     ap_fifo|                     quantized_pe3|       pointer|
|quantized_pe3_num_data_valid  |   in|    3|     ap_fifo|                     quantized_pe3|       pointer|
|quantized_pe3_fifo_cap        |   in|    3|     ap_fifo|                     quantized_pe3|       pointer|
|quantized_pe3_empty_n         |   in|    1|     ap_fifo|                     quantized_pe3|       pointer|
|quantized_pe3_read            |  out|    1|     ap_fifo|                     quantized_pe3|       pointer|
|scale_pe3_dout                |   in|   32|     ap_fifo|                         scale_pe3|       pointer|
|scale_pe3_num_data_valid      |   in|    3|     ap_fifo|                         scale_pe3|       pointer|
|scale_pe3_fifo_cap            |   in|    3|     ap_fifo|                         scale_pe3|       pointer|
|scale_pe3_empty_n             |   in|    1|     ap_fifo|                         scale_pe3|       pointer|
|scale_pe3_read                |  out|    1|     ap_fifo|                         scale_pe3|       pointer|
|activation_q_address0         |  out|    9|   ap_memory|                      activation_q|         array|
|activation_q_ce0              |  out|    1|   ap_memory|                      activation_q|         array|
|activation_q_we0              |  out|    1|   ap_memory|                      activation_q|         array|
|activation_q_d0               |  out|  480|   ap_memory|                      activation_q|         array|
|activation_scale_address0     |  out|    5|   ap_memory|                  activation_scale|         array|
|activation_scale_ce0          |  out|    1|   ap_memory|                  activation_scale|         array|
|activation_scale_we0          |  out|    1|   ap_memory|                  activation_scale|         array|
|activation_scale_d0           |  out|  512|   ap_memory|                  activation_scale|         array|
+------------------------------+-----+-----+------------+----------------------------------+--------------+

