

================================================================
== Vitis HLS Report for 'swiftkv_route_compressed_kv_cache'
================================================================
* Date:           Tue Aug 11 09:18:09 2026

* Version:        2023.2 (Build 4023990 on Oct 11 2023)
* Project:        proj_int4_decoder_xo
* Solution:       solution1 (Vitis Kernel Flow Target)
* Product family: virtexuplus
* Target device:  xcu250-figd2104-2L-e


================================================================
== Performance Estimates
================================================================
+ Timing: 
    * Summary: 
    +--------+---------+----------+------------+
    |  Clock |  Target | Estimated| Uncertainty|
    +--------+---------+----------+------------+
    |ap_clk  |  3.33 ns|  2.616 ns|     0.90 ns|
    +--------+---------+----------+------------+

+ Latency: 
    * Summary: 
    +---------+---------+-----------+-----------+-----+-------+---------+
    |  Latency (cycles) |   Latency (absolute)  |   Interval  | Pipeline|
    |   min   |   max   |    min    |    max    | min |  max  |   Type  |
    +---------+---------+-----------+-----------+-----+-------+---------+
    |       14|    20489|  46.662 ns|  68.290 us|   14|  20489|       no|
    +---------+---------+-----------+-----------+-----+-------+---------+

    + Detail: 
        * Instance: 
        +-----------------------------------------------------------------------------------------+------------------------------------------------------------------------------+---------+---------+-----------+-----------+-----+-------+---------+
        |                                                                                         |                                                                              |  Latency (cycles) |   Latency (absolute)  |   Interval  | Pipeline|
        |                                         Instance                                        |                                    Module                                    |   min   |   max   |    min    |    max    | min |  max  |   Type  |
        +-----------------------------------------------------------------------------------------+------------------------------------------------------------------------------+---------+---------+-----------+-----------+-----+-------+---------+
        |grp_swiftkv_route_compressed_kv_cache_Pipeline_route_cached_compressed_kv_loop_fu_120    |swiftkv_route_compressed_kv_cache_Pipeline_route_cached_compressed_kv_loop    |        2|    20477|   6.666 ns|  68.250 us|    2|  20477|       no|
        |grp_swiftkv_route_compressed_kv_cache_Pipeline_stream_current_compressed_kv_loop_fu_151  |swiftkv_route_compressed_kv_cache_Pipeline_stream_current_compressed_kv_loop  |        7|        7|  23.331 ns|  23.331 ns|    7|      7|       no|
        +-----------------------------------------------------------------------------------------+------------------------------------------------------------------------------+---------+---------+-----------+-----------+-----+-------+---------+

        * Loop: 
        N/A



================================================================
== Utilization Estimates
================================================================
* Summary: 
+---------------------+---------+-------+---------+---------+------+
|         Name        | BRAM_18K|  DSP  |    FF   |   LUT   | URAM |
+---------------------+---------+-------+---------+---------+------+
|DSP                  |        -|      -|        -|        -|     -|
|Expression           |        -|      -|        0|       24|     -|
|FIFO                 |        -|      -|        -|        -|     -|
|Instance             |        -|      -|      557|      480|     -|
|Memory               |        -|      -|        -|        -|     -|
|Multiplexer          |        -|      -|        -|      385|     -|
|Register             |        -|      -|     2596|        -|     -|
+---------------------+---------+-------+---------+---------+------+
|Total                |        0|      0|     3153|      889|     0|
+---------------------+---------+-------+---------+---------+------+
|Available SLR        |     1344|   3072|   864000|   432000|   320|
+---------------------+---------+-------+---------+---------+------+
|Utilization SLR (%)  |        0|      0|       ~0|       ~0|     0|
+---------------------+---------+-------+---------+---------+------+
|Available            |     5376|  12288|  3456000|  1728000|  1280|
+---------------------+---------+-------+---------+---------+------+
|Utilization (%)      |        0|      0|       ~0|       ~0|     0|
+---------------------+---------+-------+---------+---------+------+

+ Detail: 
    * Instance: 
    +-----------------------------------------------------------------------------------------+------------------------------------------------------------------------------+---------+----+-----+-----+-----+
    |                                         Instance                                        |                                    Module                                    | BRAM_18K| DSP|  FF | LUT | URAM|
    +-----------------------------------------------------------------------------------------+------------------------------------------------------------------------------+---------+----+-----+-----+-----+
    |grp_swiftkv_route_compressed_kv_cache_Pipeline_route_cached_compressed_kv_loop_fu_120    |swiftkv_route_compressed_kv_cache_Pipeline_route_cached_compressed_kv_loop    |        0|   0|   36|  282|    0|
    |grp_swiftkv_route_compressed_kv_cache_Pipeline_stream_current_compressed_kv_loop_fu_151  |swiftkv_route_compressed_kv_cache_Pipeline_stream_current_compressed_kv_loop  |        0|   0|  521|  198|    0|
    +-----------------------------------------------------------------------------------------+------------------------------------------------------------------------------+---------+----+-----+-----+-----+
    |Total                                                                                    |                                                                              |        0|   0|  557|  480|    0|
    +-----------------------------------------------------------------------------------------+------------------------------------------------------------------------------+---------+----+-----+-----+-----+

    * DSP: 
    N/A

    * Memory: 
    N/A

    * FIFO: 
    N/A

    * Expression: 
    +---------------------+----------+----+---+----+------------+------------+
    |    Variable Name    | Operation| DSP| FF| LUT| Bitwidth P0| Bitwidth P1|
    +---------------------+----------+----+---+----+------------+------------+
    |add_ln712_fu_198_p2  |         +|   0|  0|  22|          15|          15|
    |ap_block_state1      |        or|   0|  0|   2|           1|           1|
    +---------------------+----------+----+---+----+------------+------------+
    |Total                |          |   0|  0|  24|          16|          16|
    +---------------------+----------+----+---+----+------------+------------+

    * Multiplexer: 
    +-----------------------------+----+-----------+-----+-----------+
    |             Name            | LUT| Input Size| Bits| Total Bits|
    +-----------------------------+----+-----------+-----+-----------+
    |ap_NS_fsm                    |  37|          7|    1|          7|
    |ap_done                      |   9|          2|    1|          2|
    |cached_kv_word_stream_read   |   9|          2|    1|          2|
    |current_record_0_val_blk_n   |   9|          2|    1|          2|
    |current_record_1_val_blk_n   |   9|          2|    1|          2|
    |current_record_2_val_blk_n   |   9|          2|    1|          2|
    |current_record_3_val_blk_n   |   9|          2|    1|          2|
    |current_record_4_val_blk_n   |   9|          2|    1|          2|
    |key0_stream_din              |   9|          2|  512|       1024|
    |key0_stream_write            |  14|          3|    1|          3|
    |key1_stream_din              |   9|          2|  512|       1024|
    |key1_stream_write            |  14|          3|    1|          3|
    |key_metadata_stream_din      |   9|          2|   40|         80|
    |key_metadata_stream_write    |  14|          3|    1|          3|
    |position_blk_n               |   9|          2|    1|          2|
    |value0_engine0_stream_din    |   9|          2|  128|        256|
    |value0_engine0_stream_write  |  14|          3|    1|          3|
    |value0_engine1_stream_din    |   9|          2|  128|        256|
    |value0_engine1_stream_write  |  14|          3|    1|          3|
    |value0_engine2_stream_din    |   9|          2|  128|        256|
    |value0_engine2_stream_write  |  14|          3|    1|          3|
    |value0_engine3_stream_din    |   9|          2|  128|        256|
    |value0_engine3_stream_write  |  14|          3|    1|          3|
    |value1_engine0_stream_din    |   9|          2|  128|        256|
    |value1_engine0_stream_write  |  14|          3|    1|          3|
    |value1_engine1_stream_din    |   9|          2|  128|        256|
    |value1_engine1_stream_write  |  14|          3|    1|          3|
    |value1_engine2_stream_din    |   9|          2|  128|        256|
    |value1_engine2_stream_write  |  14|          3|    1|          3|
    |value1_engine3_stream_din    |   9|          2|  128|        256|
    |value1_engine3_stream_write  |  14|          3|    1|          3|
    |value_metadata_stream_din    |   9|          2|   40|         80|
    |value_metadata_stream_write  |  14|          3|    1|          3|
    +-----------------------------+----+-----------+-----+-----------+
    |Total                        | 385|         83| 2149|       4315|
    +-----------------------------+----+-----------+-----+-----------+

    * Register: 
    +------------------------------------------------------------------------------------------------------+-----+----+-----+-----------+
    |                                                 Name                                                 |  FF | LUT| Bits| Const Bits|
    +------------------------------------------------------------------------------------------------------+-----+----+-----+-----------+
    |add_ln712_reg_236                                                                                     |   15|   0|   15|          0|
    |ap_CS_fsm                                                                                             |    6|   0|    6|          0|
    |ap_done_reg                                                                                           |    1|   0|    1|          0|
    |cached_tokens_reg_205                                                                                 |   12|   0|   12|          0|
    |current_record_0_val_read_reg_231                                                                     |  512|   0|  512|          0|
    |current_record_1_val_read_reg_226                                                                     |  512|   0|  512|          0|
    |current_record_2_val_read_reg_221                                                                     |  512|   0|  512|          0|
    |current_record_3_val_read_reg_216                                                                     |  512|   0|  512|          0|
    |current_record_4_val_read_reg_211                                                                     |  512|   0|  512|          0|
    |grp_swiftkv_route_compressed_kv_cache_Pipeline_route_cached_compressed_kv_loop_fu_120_ap_start_reg    |    1|   0|    1|          0|
    |grp_swiftkv_route_compressed_kv_cache_Pipeline_stream_current_compressed_kv_loop_fu_151_ap_start_reg  |    1|   0|    1|          0|
    +------------------------------------------------------------------------------------------------------+-----+----+-----+-----------+
    |Total                                                                                                 | 2596|   0| 2596|          0|
    +------------------------------------------------------------------------------------------------------+-----+----+-----+-----------+



================================================================
== Interface
================================================================
* Summary: 
+--------------------------------------+-----+-----+------------+-----------------------------------+--------------+
|               RTL Ports              | Dir | Bits|  Protocol  |           Source Object           |    C Type    |
+--------------------------------------+-----+-----+------------+-----------------------------------+--------------+
|ap_clk                                |   in|    1|  ap_ctrl_hs|  swiftkv_route_compressed_kv_cache|  return value|
|ap_rst                                |   in|    1|  ap_ctrl_hs|  swiftkv_route_compressed_kv_cache|  return value|
|ap_start                              |   in|    1|  ap_ctrl_hs|  swiftkv_route_compressed_kv_cache|  return value|
|ap_done                               |  out|    1|  ap_ctrl_hs|  swiftkv_route_compressed_kv_cache|  return value|
|ap_continue                           |   in|    1|  ap_ctrl_hs|  swiftkv_route_compressed_kv_cache|  return value|
|ap_idle                               |  out|    1|  ap_ctrl_hs|  swiftkv_route_compressed_kv_cache|  return value|
|ap_ready                              |  out|    1|  ap_ctrl_hs|  swiftkv_route_compressed_kv_cache|  return value|
|position_dout                         |   in|   12|     ap_fifo|                           position|       pointer|
|position_num_data_valid               |   in|    3|     ap_fifo|                           position|       pointer|
|position_fifo_cap                     |   in|    3|     ap_fifo|                           position|       pointer|
|position_empty_n                      |   in|    1|     ap_fifo|                           position|       pointer|
|position_read                         |  out|    1|     ap_fifo|                           position|       pointer|
|current_record_0_val_dout             |   in|  512|     ap_fifo|               current_record_0_val|       pointer|
|current_record_0_val_num_data_valid   |   in|    3|     ap_fifo|               current_record_0_val|       pointer|
|current_record_0_val_fifo_cap         |   in|    3|     ap_fifo|               current_record_0_val|       pointer|
|current_record_0_val_empty_n          |   in|    1|     ap_fifo|               current_record_0_val|       pointer|
|current_record_0_val_read             |  out|    1|     ap_fifo|               current_record_0_val|       pointer|
|current_record_1_val_dout             |   in|  512|     ap_fifo|               current_record_1_val|       pointer|
|current_record_1_val_num_data_valid   |   in|    3|     ap_fifo|               current_record_1_val|       pointer|
|current_record_1_val_fifo_cap         |   in|    3|     ap_fifo|               current_record_1_val|       pointer|
|current_record_1_val_empty_n          |   in|    1|     ap_fifo|               current_record_1_val|       pointer|
|current_record_1_val_read             |  out|    1|     ap_fifo|               current_record_1_val|       pointer|
|current_record_2_val_dout             |   in|  512|     ap_fifo|               current_record_2_val|       pointer|
|current_record_2_val_num_data_valid   |   in|    3|     ap_fifo|               current_record_2_val|       pointer|
|current_record_2_val_fifo_cap         |   in|    3|     ap_fifo|               current_record_2_val|       pointer|
|current_record_2_val_empty_n          |   in|    1|     ap_fifo|               current_record_2_val|       pointer|
|current_record_2_val_read             |  out|    1|     ap_fifo|               current_record_2_val|       pointer|
|current_record_3_val_dout             |   in|  512|     ap_fifo|               current_record_3_val|       pointer|
|current_record_3_val_num_data_valid   |   in|    3|     ap_fifo|               current_record_3_val|       pointer|
|current_record_3_val_fifo_cap         |   in|    3|     ap_fifo|               current_record_3_val|       pointer|
|current_record_3_val_empty_n          |   in|    1|     ap_fifo|               current_record_3_val|       pointer|
|current_record_3_val_read             |  out|    1|     ap_fifo|               current_record_3_val|       pointer|
|current_record_4_val_dout             |   in|  512|     ap_fifo|               current_record_4_val|       pointer|
|current_record_4_val_num_data_valid   |   in|    3|     ap_fifo|               current_record_4_val|       pointer|
|current_record_4_val_fifo_cap         |   in|    3|     ap_fifo|               current_record_4_val|       pointer|
|current_record_4_val_empty_n          |   in|    1|     ap_fifo|               current_record_4_val|       pointer|
|current_record_4_val_read             |  out|    1|     ap_fifo|               current_record_4_val|       pointer|
|cached_kv_word_stream_dout            |   in|  512|     ap_fifo|              cached_kv_word_stream|       pointer|
|cached_kv_word_stream_num_data_valid  |   in|    7|     ap_fifo|              cached_kv_word_stream|       pointer|
|cached_kv_word_stream_fifo_cap        |   in|    7|     ap_fifo|              cached_kv_word_stream|       pointer|
|cached_kv_word_stream_empty_n         |   in|    1|     ap_fifo|              cached_kv_word_stream|       pointer|
|cached_kv_word_stream_read            |  out|    1|     ap_fifo|              cached_kv_word_stream|       pointer|
|key_metadata_stream_din               |  out|   40|     ap_fifo|                key_metadata_stream|       pointer|
|key_metadata_stream_num_data_valid    |   in|    6|     ap_fifo|                key_metadata_stream|       pointer|
|key_metadata_stream_fifo_cap          |   in|    6|     ap_fifo|                key_metadata_stream|       pointer|
|key_metadata_stream_full_n            |   in|    1|     ap_fifo|                key_metadata_stream|       pointer|
|key_metadata_stream_write             |  out|    1|     ap_fifo|                key_metadata_stream|       pointer|
|value_metadata_stream_din             |  out|   40|     ap_fifo|              value_metadata_stream|       pointer|
|value_metadata_stream_num_data_valid  |   in|    6|     ap_fifo|              value_metadata_stream|       pointer|
|value_metadata_stream_fifo_cap        |   in|    6|     ap_fifo|              value_metadata_stream|       pointer|
|value_metadata_stream_full_n          |   in|    1|     ap_fifo|              value_metadata_stream|       pointer|
|value_metadata_stream_write           |  out|    1|     ap_fifo|              value_metadata_stream|       pointer|
|key0_stream_din                       |  out|  512|     ap_fifo|                        key0_stream|       pointer|
|key0_stream_num_data_valid            |   in|    6|     ap_fifo|                        key0_stream|       pointer|
|key0_stream_fifo_cap                  |   in|    6|     ap_fifo|                        key0_stream|       pointer|
|key0_stream_full_n                    |   in|    1|     ap_fifo|                        key0_stream|       pointer|
|key0_stream_write                     |  out|    1|     ap_fifo|                        key0_stream|       pointer|
|key1_stream_din                       |  out|  512|     ap_fifo|                        key1_stream|       pointer|
|key1_stream_num_data_valid            |   in|    6|     ap_fifo|                        key1_stream|       pointer|
|key1_stream_fifo_cap                  |   in|    6|     ap_fifo|                        key1_stream|       pointer|
|key1_stream_full_n                    |   in|    1|     ap_fifo|                        key1_stream|       pointer|
|key1_stream_write                     |  out|    1|     ap_fifo|                        key1_stream|       pointer|
|value0_engine0_stream_din             |  out|  128|     ap_fifo|              value0_engine0_stream|       pointer|
|value0_engine0_stream_num_data_valid  |   in|    6|     ap_fifo|              value0_engine0_stream|       pointer|
|value0_engine0_stream_fifo_cap        |   in|    6|     ap_fifo|              value0_engine0_stream|       pointer|
|value0_engine0_stream_full_n          |   in|    1|     ap_fifo|              value0_engine0_stream|       pointer|
|value0_engine0_stream_write           |  out|    1|     ap_fifo|              value0_engine0_stream|       pointer|
|value0_engine1_stream_din             |  out|  128|     ap_fifo|              value0_engine1_stream|       pointer|
|value0_engine1_stream_num_data_valid  |   in|    6|     ap_fifo|              value0_engine1_stream|       pointer|
|value0_engine1_stream_fifo_cap        |   in|    6|     ap_fifo|              value0_engine1_stream|       pointer|
|value0_engine1_stream_full_n          |   in|    1|     ap_fifo|              value0_engine1_stream|       pointer|
|value0_engine1_stream_write           |  out|    1|     ap_fifo|              value0_engine1_stream|       pointer|
|value0_engine2_stream_din             |  out|  128|     ap_fifo|              value0_engine2_stream|       pointer|
|value0_engine2_stream_num_data_valid  |   in|    6|     ap_fifo|              value0_engine2_stream|       pointer|
|value0_engine2_stream_fifo_cap        |   in|    6|     ap_fifo|              value0_engine2_stream|       pointer|
|value0_engine2_stream_full_n          |   in|    1|     ap_fifo|              value0_engine2_stream|       pointer|
|value0_engine2_stream_write           |  out|    1|     ap_fifo|              value0_engine2_stream|       pointer|
|value0_engine3_stream_din             |  out|  128|     ap_fifo|              value0_engine3_stream|       pointer|
|value0_engine3_stream_num_data_valid  |   in|    6|     ap_fifo|              value0_engine3_stream|       pointer|
|value0_engine3_stream_fifo_cap        |   in|    6|     ap_fifo|              value0_engine3_stream|       pointer|
|value0_engine3_stream_full_n          |   in|    1|     ap_fifo|              value0_engine3_stream|       pointer|
|value0_engine3_stream_write           |  out|    1|     ap_fifo|              value0_engine3_stream|       pointer|
|value1_engine0_stream_din             |  out|  128|     ap_fifo|              value1_engine0_stream|       pointer|
|value1_engine0_stream_num_data_valid  |   in|    6|     ap_fifo|              value1_engine0_stream|       pointer|
|value1_engine0_stream_fifo_cap        |   in|    6|     ap_fifo|              value1_engine0_stream|       pointer|
|value1_engine0_stream_full_n          |   in|    1|     ap_fifo|              value1_engine0_stream|       pointer|
|value1_engine0_stream_write           |  out|    1|     ap_fifo|              value1_engine0_stream|       pointer|
|value1_engine1_stream_din             |  out|  128|     ap_fifo|              value1_engine1_stream|       pointer|
|value1_engine1_stream_num_data_valid  |   in|    6|     ap_fifo|              value1_engine1_stream|       pointer|
|value1_engine1_stream_fifo_cap        |   in|    6|     ap_fifo|              value1_engine1_stream|       pointer|
|value1_engine1_stream_full_n          |   in|    1|     ap_fifo|              value1_engine1_stream|       pointer|
|value1_engine1_stream_write           |  out|    1|     ap_fifo|              value1_engine1_stream|       pointer|
|value1_engine2_stream_din             |  out|  128|     ap_fifo|              value1_engine2_stream|       pointer|
|value1_engine2_stream_num_data_valid  |   in|    6|     ap_fifo|              value1_engine2_stream|       pointer|
|value1_engine2_stream_fifo_cap        |   in|    6|     ap_fifo|              value1_engine2_stream|       pointer|
|value1_engine2_stream_full_n          |   in|    1|     ap_fifo|              value1_engine2_stream|       pointer|
|value1_engine2_stream_write           |  out|    1|     ap_fifo|              value1_engine2_stream|       pointer|
|value1_engine3_stream_din             |  out|  128|     ap_fifo|              value1_engine3_stream|       pointer|
|value1_engine3_stream_num_data_valid  |   in|    6|     ap_fifo|              value1_engine3_stream|       pointer|
|value1_engine3_stream_fifo_cap        |   in|    6|     ap_fifo|              value1_engine3_stream|       pointer|
|value1_engine3_stream_full_n          |   in|    1|     ap_fifo|              value1_engine3_stream|       pointer|
|value1_engine3_stream_write           |  out|    1|     ap_fifo|              value1_engine3_stream|       pointer|
+--------------------------------------+-----+-----+------------+-----------------------------------+--------------+

