

================================================================
== Vitis HLS Report for 'int4_swiglu_quantize_stream_4pe'
================================================================
* Date:           Tue Aug 11 09:18:34 2026

* Version:        2023.2 (Build 4023990 on Oct 11 2023)
* Project:        proj_int4_decoder_xo
* Solution:       solution1 (Vitis Kernel Flow Target)
* Product family: virtexuplus
* Target device:  xcu250-figd2104-2L-e


================================================================
== Performance Estimates
================================================================
+ Timing: 
    * Summary: 
    +--------+---------+----------+------------+
    |  Clock |  Target | Estimated| Uncertainty|
    +--------+---------+----------+------------+
    |ap_clk  |  3.33 ns|  2.466 ns|     0.90 ns|
    +--------+---------+----------+------------+

+ Latency: 
    * Summary: 
    +---------+---------+-----------+-----------+-------+-------+---------+
    |  Latency (cycles) |   Latency (absolute)  |    Interval   | Pipeline|
    |   min   |   max   |    min    |    max    |  min  |  max  |   Type  |
    +---------+---------+-----------+-----------+-------+-------+---------+
    |    13202|    13202|  44.002 us|  44.002 us|  13202|  13202|       no|
    +---------+---------+-----------+-----------+-------+-------+---------+

    + Detail: 
        * Instance: 
        +------------------------------------------------+--------------------------------------+---------+---------+-----------+-----------+-------+-------+----------+
        |                                                |                                      |  Latency (cycles) |   Latency (absolute)  |    Interval   | Pipeline |
        |                    Instance                    |                Module                |   min   |   max   |    min    |    max    |  min  |  max  |   Type   |
        +------------------------------------------------+--------------------------------------+---------+---------+-----------+-----------+-------+-------+----------+
        |grp_int4_swiglu_quantize_four_pes_stream_fu_44  |int4_swiglu_quantize_four_pes_stream  |    13201|    13201|  43.999 us|  43.999 us|  13202|  13202|  dataflow|
        +------------------------------------------------+--------------------------------------+---------+---------+-----------+-----------+-------+-------+----------+

        * Loop: 
        N/A



================================================================
== Utilization Estimates
================================================================
* Summary: 
+---------------------+---------+-------+---------+---------+------+
|         Name        | BRAM_18K|  DSP  |    FF   |   LUT   | URAM |
+---------------------+---------+-------+---------+---------+------+
|DSP                  |        -|      -|        -|        -|     -|
|Expression           |        -|      -|        0|        4|     -|
|FIFO                 |        -|      -|        -|        -|     -|
|Instance             |       64|     60|    20871|    15494|     -|
|Memory               |        -|      -|        -|        -|     -|
|Multiplexer          |        -|      -|        -|       32|     -|
|Register             |        -|      -|        5|        -|     -|
+---------------------+---------+-------+---------+---------+------+
|Total                |       64|     60|    20876|    15530|     0|
+---------------------+---------+-------+---------+---------+------+
|Available SLR        |     1344|   3072|   864000|   432000|   320|
+---------------------+---------+-------+---------+---------+------+
|Utilization SLR (%)  |        4|      1|        2|        3|     0|
+---------------------+---------+-------+---------+---------+------+
|Available            |     5376|  12288|  3456000|  1728000|  1280|
+---------------------+---------+-------+---------+---------+------+
|Utilization (%)      |        1|     ~0|       ~0|       ~0|     0|
+---------------------+---------+-------+---------+---------+------+

+ Detail: 
    * Instance: 
    +------------------------------------------------+--------------------------------------+---------+----+-------+-------+-----+
    |                    Instance                    |                Module                | BRAM_18K| DSP|   FF  |  LUT  | URAM|
    +------------------------------------------------+--------------------------------------+---------+----+-------+-------+-----+
    |grp_int4_swiglu_quantize_four_pes_stream_fu_44  |int4_swiglu_quantize_four_pes_stream  |       64|  60|  20871|  15494|    0|
    +------------------------------------------------+--------------------------------------+---------+----+-------+-------+-----+
    |Total                                           |                                      |       64|  60|  20871|  15494|    0|
    +------------------------------------------------+--------------------------------------+---------+----+-------+-------+-----+

    * DSP: 
    N/A

    * Memory: 
    N/A

    * FIFO: 
    N/A

    * Expression: 
    +-----------------------------------------------------------------+----------+----+---+----+------------+------------+
    |                          Variable Name                          | Operation| DSP| FF| LUT| Bitwidth P0| Bitwidth P1|
    +-----------------------------------------------------------------+----------+----+---+----+------------+------------+
    |ap_sync_grp_int4_swiglu_quantize_four_pes_stream_fu_44_ap_done   |        or|   0|  0|   2|           1|           1|
    |ap_sync_grp_int4_swiglu_quantize_four_pes_stream_fu_44_ap_ready  |        or|   0|  0|   2|           1|           1|
    +-----------------------------------------------------------------+----------+----+---+----+------------+------------+
    |Total                                                            |          |   0|  0|   4|           2|           2|
    +-----------------------------------------------------------------+----------+----+---+----+------------+------------+

    * Multiplexer: 
    +------------------------+----+-----------+-----+-----------+
    |          Name          | LUT| Input Size| Bits| Total Bits|
    +------------------------+----+-----------+-----+-----------+
    |ap_NS_fsm               |  14|          3|    1|          3|
    |quantized_stream_write  |   9|          2|    1|          2|
    |scale_stream_write      |   9|          2|    1|          2|
    +------------------------+----+-----------+-----+-----------+
    |Total                   |  32|          7|    3|          7|
    +------------------------+----+-----------+-----+-----------+

    * Register: 
    +---------------------------------------------------------------------+---+----+-----+-----------+
    |                                 Name                                | FF| LUT| Bits| Const Bits|
    +---------------------------------------------------------------------+---+----+-----+-----------+
    |ap_CS_fsm                                                            |  2|   0|    2|          0|
    |ap_sync_reg_grp_int4_swiglu_quantize_four_pes_stream_fu_44_ap_done   |  1|   0|    1|          0|
    |ap_sync_reg_grp_int4_swiglu_quantize_four_pes_stream_fu_44_ap_ready  |  1|   0|    1|          0|
    |grp_int4_swiglu_quantize_four_pes_stream_fu_44_ap_start_reg          |  1|   0|    1|          0|
    +---------------------------------------------------------------------+---+----+-----+-----------+
    |Total                                                                |  5|   0|    5|          0|
    +---------------------------------------------------------------------+---+----+-----+-----------+



================================================================
== Interface
================================================================
* Summary: 
+---------------------------------+-----+-----+------------+---------------------------------+--------------+
|            RTL Ports            | Dir | Bits|  Protocol  |          Source Object          |    C Type    |
+---------------------------------+-----+-----+------------+---------------------------------+--------------+
|ap_clk                           |   in|    1|  ap_ctrl_hs|  int4_swiglu_quantize_stream_4pe|  return value|
|ap_rst                           |   in|    1|  ap_ctrl_hs|  int4_swiglu_quantize_stream_4pe|  return value|
|ap_start                         |   in|    1|  ap_ctrl_hs|  int4_swiglu_quantize_stream_4pe|  return value|
|ap_done                          |  out|    1|  ap_ctrl_hs|  int4_swiglu_quantize_stream_4pe|  return value|
|ap_idle                          |  out|    1|  ap_ctrl_hs|  int4_swiglu_quantize_stream_4pe|  return value|
|ap_ready                         |  out|    1|  ap_ctrl_hs|  int4_swiglu_quantize_stream_4pe|  return value|
|gate_pe0_address0                |  out|    8|   ap_memory|                         gate_pe0|         array|
|gate_pe0_ce0                     |  out|    1|   ap_memory|                         gate_pe0|         array|
|gate_pe0_q0                      |   in|  512|   ap_memory|                         gate_pe0|         array|
|gate_pe1_address0                |  out|    8|   ap_memory|                         gate_pe1|         array|
|gate_pe1_ce0                     |  out|    1|   ap_memory|                         gate_pe1|         array|
|gate_pe1_q0                      |   in|  512|   ap_memory|                         gate_pe1|         array|
|gate_pe2_address0                |  out|    8|   ap_memory|                         gate_pe2|         array|
|gate_pe2_ce0                     |  out|    1|   ap_memory|                         gate_pe2|         array|
|gate_pe2_q0                      |   in|  512|   ap_memory|                         gate_pe2|         array|
|gate_pe3_address0                |  out|    8|   ap_memory|                         gate_pe3|         array|
|gate_pe3_ce0                     |  out|    1|   ap_memory|                         gate_pe3|         array|
|gate_pe3_q0                      |   in|  512|   ap_memory|                         gate_pe3|         array|
|up_pe0_address0                  |  out|    8|   ap_memory|                           up_pe0|         array|
|up_pe0_ce0                       |  out|    1|   ap_memory|                           up_pe0|         array|
|up_pe0_q0                        |   in|  512|   ap_memory|                           up_pe0|         array|
|up_pe1_address0                  |  out|    8|   ap_memory|                           up_pe1|         array|
|up_pe1_ce0                       |  out|    1|   ap_memory|                           up_pe1|         array|
|up_pe1_q0                        |   in|  512|   ap_memory|                           up_pe1|         array|
|up_pe2_address0                  |  out|    8|   ap_memory|                           up_pe2|         array|
|up_pe2_ce0                       |  out|    1|   ap_memory|                           up_pe2|         array|
|up_pe2_q0                        |   in|  512|   ap_memory|                           up_pe2|         array|
|up_pe3_address0                  |  out|    8|   ap_memory|                           up_pe3|         array|
|up_pe3_ce0                       |  out|    1|   ap_memory|                           up_pe3|         array|
|up_pe3_q0                        |   in|  512|   ap_memory|                           up_pe3|         array|
|quantized_stream_din             |  out|  480|     ap_fifo|                 quantized_stream|       pointer|
|quantized_stream_num_data_valid  |   in|    3|     ap_fifo|                 quantized_stream|       pointer|
|quantized_stream_fifo_cap        |   in|    3|     ap_fifo|                 quantized_stream|       pointer|
|quantized_stream_full_n          |   in|    1|     ap_fifo|                 quantized_stream|       pointer|
|quantized_stream_write           |  out|    1|     ap_fifo|                 quantized_stream|       pointer|
|scale_stream_din                 |  out|   32|     ap_fifo|                     scale_stream|       pointer|
|scale_stream_num_data_valid      |   in|    3|     ap_fifo|                     scale_stream|       pointer|
|scale_stream_fifo_cap            |   in|    3|     ap_fifo|                     scale_stream|       pointer|
|scale_stream_full_n              |   in|    1|     ap_fifo|                     scale_stream|       pointer|
|scale_stream_write               |  out|    1|     ap_fifo|                     scale_stream|       pointer|
+---------------------------------+-----+-----+------------+---------------------------------+--------------+

