

================================================================
== Vitis HLS Report for 'int4_rms_sumsq_four_pes'
================================================================
* Date:           Tue Aug 11 09:18:40 2026

* Version:        2023.2 (Build 4023990 on Oct 11 2023)
* Project:        proj_int4_decoder_xo
* Solution:       solution1 (Vitis Kernel Flow Target)
* Product family: virtexuplus
* Target device:  xcu250-figd2104-2L-e


================================================================
== Performance Estimates
================================================================
+ Timing: 
    * Summary: 
    +--------+---------+----------+------------+
    |  Clock |  Target | Estimated| Uncertainty|
    +--------+---------+----------+------------+
    |ap_clk  |  3.33 ns|  2.602 ns|     0.90 ns|
    +--------+---------+----------+------------+

+ Latency: 
    * Summary: 
    +---------+---------+-----------+-----------+------+------+----------+
    |  Latency (cycles) |   Latency (absolute)  |   Interval  | Pipeline |
    |   min   |   max   |    min    |    max    |  min |  max |   Type   |
    +---------+---------+-----------+-----------+------+------+----------+
    |     4175|     4175|  13.915 us|  13.915 us|  4176|  4176|  dataflow|
    +---------+---------+-----------+-----------+------+------+----------+

    + Detail: 
        * Instance: 
        +-----------------------------+--------------------------+---------+---------+-----------+-----------+------+------+---------+
        |                             |                          |  Latency (cycles) |   Latency (absolute)  |   Interval  | Pipeline|
        |           Instance          |          Module          |   min   |   max   |    min    |    max    |  min |  max |   Type  |
        +-----------------------------+--------------------------+---------+---------+-----------+-----------+------+------+---------+
        |int4_rms_sumsq_pe_U0         |int4_rms_sumsq_pe         |     4175|     4175|  13.915 us|  13.915 us|  4175|  4175|       no|
        |int4_rms_sumsq_pe_10_U0      |int4_rms_sumsq_pe_10      |     4175|     4175|  13.915 us|  13.915 us|  4175|  4175|       no|
        |int4_rms_sumsq_pe_11_U0      |int4_rms_sumsq_pe_11      |     4175|     4175|  13.915 us|  13.915 us|  4175|  4175|       no|
        |int4_rms_sumsq_pe_12_U0      |int4_rms_sumsq_pe_12      |     4175|     4175|  13.915 us|  13.915 us|  4175|  4175|       no|
        |int4_rms_merge_and_rsqrt_U0  |int4_rms_merge_and_rsqrt  |       49|       49|   0.163 us|   0.163 us|    49|    49|       no|
        +-----------------------------+--------------------------+---------+---------+-----------+-----------+------+------+---------+

        * Loop: 
        N/A



================================================================
== Utilization Estimates
================================================================
* Summary: 
+---------------------+---------+-------+---------+---------+------+
|         Name        | BRAM_18K|  DSP  |    FF   |   LUT   | URAM |
+---------------------+---------+-------+---------+---------+------+
|DSP                  |        -|      -|        -|        -|     -|
|Expression           |        -|      -|        0|       22|     -|
|FIFO                 |        -|      -|      272|      160|     -|
|Instance             |        -|     26|     5794|     6391|     -|
|Memory               |        -|      -|        -|        -|     -|
|Multiplexer          |        -|      -|        -|       36|     -|
|Register             |        -|      -|        5|        -|     -|
+---------------------+---------+-------+---------+---------+------+
|Total                |        0|     26|     6071|     6609|     0|
+---------------------+---------+-------+---------+---------+------+
|Available SLR        |     1344|   3072|   864000|   432000|   320|
+---------------------+---------+-------+---------+---------+------+
|Utilization SLR (%)  |        0|     ~0|       ~0|        1|     0|
+---------------------+---------+-------+---------+---------+------+
|Available            |     5376|  12288|  3456000|  1728000|  1280|
+---------------------+---------+-------+---------+---------+------+
|Utilization (%)      |        0|     ~0|       ~0|       ~0|     0|
+---------------------+---------+-------+---------+---------+------+

+ Detail: 
    * Instance: 
    +-----------------------------+--------------------------+---------+----+------+------+-----+
    |           Instance          |          Module          | BRAM_18K| DSP|  FF  |  LUT | URAM|
    +-----------------------------+--------------------------+---------+----+------+------+-----+
    |int4_rms_merge_and_rsqrt_U0  |int4_rms_merge_and_rsqrt  |        0|  14|  1106|   935|    0|
    |int4_rms_sumsq_pe_U0         |int4_rms_sumsq_pe         |        0|   3|  1172|  1364|    0|
    |int4_rms_sumsq_pe_10_U0      |int4_rms_sumsq_pe_10      |        0|   3|  1172|  1364|    0|
    |int4_rms_sumsq_pe_11_U0      |int4_rms_sumsq_pe_11      |        0|   3|  1172|  1364|    0|
    |int4_rms_sumsq_pe_12_U0      |int4_rms_sumsq_pe_12      |        0|   3|  1172|  1364|    0|
    +-----------------------------+--------------------------+---------+----+------+------+-----+
    |Total                        |                          |        0|  26|  5794|  6391|    0|
    +-----------------------------+--------------------------+---------+----+------+------+-----+

    * DSP: 
    N/A

    * Memory: 
    N/A

    * FIFO: 
    +-------------+---------+----+----+-----+------+-----+---------+
    |     Name    | BRAM_18K| FF | LUT| URAM| Depth| Bits| Size:D*B|
    +-------------+---------+----+----+-----+------+-----+---------+
    |partial_0_U  |        0|  68|   0|    -|     2|   32|       64|
    |partial_1_U  |        0|  68|   0|    -|     2|   32|       64|
    |partial_2_U  |        0|  68|   0|    -|     2|   32|       64|
    |partial_3_U  |        0|  68|   0|    -|     2|   32|       64|
    +-------------+---------+----+----+-----+------+-----+---------+
    |Total        |        0| 272|   0|    0|     8|  128|      256|
    +-------------+---------+----+----+-----+------+-----+---------+

    * Expression: 
    +------------------------------------------+----------+----+---+----+------------+------------+
    |               Variable Name              | Operation| DSP| FF| LUT| Bitwidth P0| Bitwidth P1|
    +------------------------------------------+----------+----+---+----+------------+------------+
    |ap_idle                                   |       and|   0|  0|   2|           1|           1|
    |ap_sync_ready                             |       and|   0|  0|   2|           1|           1|
    |int4_rms_sumsq_pe_10_U0_ap_start          |       and|   0|  0|   2|           1|           1|
    |int4_rms_sumsq_pe_11_U0_ap_start          |       and|   0|  0|   2|           1|           1|
    |int4_rms_sumsq_pe_12_U0_ap_start          |       and|   0|  0|   2|           1|           1|
    |int4_rms_sumsq_pe_U0_ap_start             |       and|   0|  0|   2|           1|           1|
    |ap_sync_int4_rms_sumsq_pe_10_U0_ap_ready  |        or|   0|  0|   2|           1|           1|
    |ap_sync_int4_rms_sumsq_pe_11_U0_ap_ready  |        or|   0|  0|   2|           1|           1|
    |ap_sync_int4_rms_sumsq_pe_12_U0_ap_ready  |        or|   0|  0|   2|           1|           1|
    |ap_sync_int4_rms_sumsq_pe_U0_ap_ready     |        or|   0|  0|   2|           1|           1|
    |int4_rms_merge_and_rsqrt_U0_ap_start      |        or|   0|  0|   2|           1|           1|
    +------------------------------------------+----------+----+---+----+------------+------------+
    |Total                                     |          |   0|  0|  22|          11|          11|
    +------------------------------------------+----------+----+---+----+------------+------------+

    * Multiplexer: 
    +----------------------------------------------+----+-----------+-----+-----------+
    |                     Name                     | LUT| Input Size| Bits| Total Bits|
    +----------------------------------------------+----+-----------+-----+-----------+
    |ap_sync_reg_int4_rms_sumsq_pe_10_U0_ap_ready  |   9|          2|    1|          2|
    |ap_sync_reg_int4_rms_sumsq_pe_11_U0_ap_ready  |   9|          2|    1|          2|
    |ap_sync_reg_int4_rms_sumsq_pe_12_U0_ap_ready  |   9|          2|    1|          2|
    |ap_sync_reg_int4_rms_sumsq_pe_U0_ap_ready     |   9|          2|    1|          2|
    +----------------------------------------------+----+-----------+-----+-----------+
    |Total                                         |  36|          8|    4|          8|
    +----------------------------------------------+----+-----------+-----+-----------+

    * Register: 
    +--------------------------------------------------+---+----+-----+-----------+
    |                       Name                       | FF| LUT| Bits| Const Bits|
    +--------------------------------------------------+---+----+-----+-----------+
    |ap_sync_reg_int4_rms_merge_and_rsqrt_U0_ap_start  |  1|   0|    1|          0|
    |ap_sync_reg_int4_rms_sumsq_pe_10_U0_ap_ready      |  1|   0|    1|          0|
    |ap_sync_reg_int4_rms_sumsq_pe_11_U0_ap_ready      |  1|   0|    1|          0|
    |ap_sync_reg_int4_rms_sumsq_pe_12_U0_ap_ready      |  1|   0|    1|          0|
    |ap_sync_reg_int4_rms_sumsq_pe_U0_ap_ready         |  1|   0|    1|          0|
    +--------------------------------------------------+---+----+-----+-----------+
    |Total                                             |  5|   0|    5|          0|
    +--------------------------------------------------+---+----+-----+-----------+



================================================================
== Interface
================================================================
* Summary: 
+-----------------------+-----+-----+------------+-------------------------+--------------+
|       RTL Ports       | Dir | Bits|  Protocol  |      Source Object      |    C Type    |
+-----------------------+-----+-----+------------+-------------------------+--------------+
|input_pe0_address0     |  out|    6|   ap_memory|                input_pe0|         array|
|input_pe0_ce0          |  out|    1|   ap_memory|                input_pe0|         array|
|input_pe0_d0           |  out|  512|   ap_memory|                input_pe0|         array|
|input_pe0_q0           |   in|  512|   ap_memory|                input_pe0|         array|
|input_pe0_we0          |  out|    1|   ap_memory|                input_pe0|         array|
|input_pe0_address1     |  out|    6|   ap_memory|                input_pe0|         array|
|input_pe0_ce1          |  out|    1|   ap_memory|                input_pe0|         array|
|input_pe0_d1           |  out|  512|   ap_memory|                input_pe0|         array|
|input_pe0_q1           |   in|  512|   ap_memory|                input_pe0|         array|
|input_pe0_we1          |  out|    1|   ap_memory|                input_pe0|         array|
|input_pe1_address0     |  out|    6|   ap_memory|                input_pe1|         array|
|input_pe1_ce0          |  out|    1|   ap_memory|                input_pe1|         array|
|input_pe1_d0           |  out|  512|   ap_memory|                input_pe1|         array|
|input_pe1_q0           |   in|  512|   ap_memory|                input_pe1|         array|
|input_pe1_we0          |  out|    1|   ap_memory|                input_pe1|         array|
|input_pe1_address1     |  out|    6|   ap_memory|                input_pe1|         array|
|input_pe1_ce1          |  out|    1|   ap_memory|                input_pe1|         array|
|input_pe1_d1           |  out|  512|   ap_memory|                input_pe1|         array|
|input_pe1_q1           |   in|  512|   ap_memory|                input_pe1|         array|
|input_pe1_we1          |  out|    1|   ap_memory|                input_pe1|         array|
|input_pe2_address0     |  out|    6|   ap_memory|                input_pe2|         array|
|input_pe2_ce0          |  out|    1|   ap_memory|                input_pe2|         array|
|input_pe2_d0           |  out|  512|   ap_memory|                input_pe2|         array|
|input_pe2_q0           |   in|  512|   ap_memory|                input_pe2|         array|
|input_pe2_we0          |  out|    1|   ap_memory|                input_pe2|         array|
|input_pe2_address1     |  out|    6|   ap_memory|                input_pe2|         array|
|input_pe2_ce1          |  out|    1|   ap_memory|                input_pe2|         array|
|input_pe2_d1           |  out|  512|   ap_memory|                input_pe2|         array|
|input_pe2_q1           |   in|  512|   ap_memory|                input_pe2|         array|
|input_pe2_we1          |  out|    1|   ap_memory|                input_pe2|         array|
|input_pe3_address0     |  out|    6|   ap_memory|                input_pe3|         array|
|input_pe3_ce0          |  out|    1|   ap_memory|                input_pe3|         array|
|input_pe3_d0           |  out|  512|   ap_memory|                input_pe3|         array|
|input_pe3_q0           |   in|  512|   ap_memory|                input_pe3|         array|
|input_pe3_we0          |  out|    1|   ap_memory|                input_pe3|         array|
|input_pe3_address1     |  out|    6|   ap_memory|                input_pe3|         array|
|input_pe3_ce1          |  out|    1|   ap_memory|                input_pe3|         array|
|input_pe3_d1           |  out|  512|   ap_memory|                input_pe3|         array|
|input_pe3_q1           |   in|  512|   ap_memory|                input_pe3|         array|
|input_pe3_we1          |  out|    1|   ap_memory|                input_pe3|         array|
|reciprocal_rms         |  out|   32|      ap_vld|           reciprocal_rms|       pointer|
|reciprocal_rms_ap_vld  |  out|    1|      ap_vld|           reciprocal_rms|       pointer|
|ap_clk                 |   in|    1|  ap_ctrl_hs|  int4_rms_sumsq_four_pes|  return value|
|ap_rst                 |   in|    1|  ap_ctrl_hs|  int4_rms_sumsq_four_pes|  return value|
|ap_start               |   in|    1|  ap_ctrl_hs|  int4_rms_sumsq_four_pes|  return value|
|ap_done                |  out|    1|  ap_ctrl_hs|  int4_rms_sumsq_four_pes|  return value|
|ap_ready               |  out|    1|  ap_ctrl_hs|  int4_rms_sumsq_four_pes|  return value|
|ap_idle                |  out|    1|  ap_ctrl_hs|  int4_rms_sumsq_four_pes|  return value|
|ap_continue            |   in|    1|  ap_ctrl_hs|  int4_rms_sumsq_four_pes|  return value|
+-----------------------+-----+-----+------------+-------------------------+--------------+

