

================================================================
== Vitis HLS Report for 'int4_rms_sumsq_pe'
================================================================
* Date:           Tue Aug 11 09:18:35 2026

* Version:        2023.2 (Build 4023990 on Oct 11 2023)
* Project:        proj_int4_decoder_xo
* Solution:       solution1 (Vitis Kernel Flow Target)
* Product family: virtexuplus
* Target device:  xcu250-figd2104-2L-e


================================================================
== Performance Estimates
================================================================
+ Timing: 
    * Summary: 
    +--------+---------+----------+------------+
    |  Clock |  Target | Estimated| Uncertainty|
    +--------+---------+----------+------------+
    |ap_clk  |  3.33 ns|  2.602 ns|     0.90 ns|
    +--------+---------+----------+------------+

+ Latency: 
    * Summary: 
    +---------+---------+-----------+-----------+------+------+---------+
    |  Latency (cycles) |   Latency (absolute)  |   Interval  | Pipeline|
    |   min   |   max   |    min    |    max    |  min |  max |   Type  |
    +---------+---------+-----------+-----------+------+------+---------+
    |     4175|     4175|  13.915 us|  13.915 us|  4175|  4175|       no|
    +---------+---------+-----------+-----------+------+------+---------+

    + Detail: 
        * Instance: 
        +-----------------------------------------------------------------------+------------------------------------------------------------+---------+---------+-----------+-----------+------+------+---------+
        |                                                                       |                                                            |  Latency (cycles) |   Latency (absolute)  |   Interval  | Pipeline|
        |                                Instance                               |                           Module                           |   min   |   max   |    min    |    max    |  min |  max |   Type  |
        +-----------------------------------------------------------------------+------------------------------------------------------------+---------+---------+-----------+-----------+------+------+---------+
        |grp_int4_rms_sumsq_pe_Pipeline_sumsq_word_loop_sumsq_lane_loop_fu_105  |int4_rms_sumsq_pe_Pipeline_sumsq_word_loop_sumsq_lane_loop  |     4104|     4104|  13.679 us|  13.679 us|  4104|  4104|       no|
        |grp_int4_rms_sumsq_pe_Pipeline_merge_sumsq_lane_loop_fu_127            |int4_rms_sumsq_pe_Pipeline_merge_sumsq_lane_loop            |       67|       67|   0.223 us|   0.223 us|    67|    67|       no|
        +-----------------------------------------------------------------------+------------------------------------------------------------+---------+---------+-----------+-----------+------+------+---------+

        * Loop: 
        N/A



================================================================
== Utilization Estimates
================================================================
* Summary: 
+---------------------+---------+-------+---------+---------+------+
|         Name        | BRAM_18K|  DSP  |    FF   |   LUT   | URAM |
+---------------------+---------+-------+---------+---------+------+
|DSP                  |        -|      -|        -|        -|     -|
|Expression           |        -|      -|        0|        2|     -|
|FIFO                 |        -|      -|        -|        -|     -|
|Instance             |        -|      3|     1164|     1271|     -|
|Memory               |        -|      -|        -|        -|     -|
|Multiplexer          |        -|      -|        -|       91|     -|
|Register             |        -|      -|        8|        -|     -|
+---------------------+---------+-------+---------+---------+------+
|Total                |        0|      3|     1172|     1364|     0|
+---------------------+---------+-------+---------+---------+------+
|Available SLR        |     1344|   3072|   864000|   432000|   320|
+---------------------+---------+-------+---------+---------+------+
|Utilization SLR (%)  |        0|     ~0|       ~0|       ~0|     0|
+---------------------+---------+-------+---------+---------+------+
|Available            |     5376|  12288|  3456000|  1728000|  1280|
+---------------------+---------+-------+---------+---------+------+
|Utilization (%)      |        0|     ~0|       ~0|       ~0|     0|
+---------------------+---------+-------+---------+---------+------+

+ Detail: 
    * Instance: 
    +-----------------------------------------------------------------------+------------------------------------------------------------+---------+----+-----+-----+-----+
    |                                Instance                               |                           Module                           | BRAM_18K| DSP|  FF | LUT | URAM|
    +-----------------------------------------------------------------------+------------------------------------------------------------+---------+----+-----+-----+-----+
    |fadd_32ns_32ns_32_5_no_dsp_1_U1151                                     |fadd_32ns_32ns_32_5_no_dsp_1                                |        0|   0|  243|  338|    0|
    |grp_int4_rms_sumsq_pe_Pipeline_merge_sumsq_lane_loop_fu_127            |int4_rms_sumsq_pe_Pipeline_merge_sumsq_lane_loop            |        0|   0|   77|  190|    0|
    |grp_int4_rms_sumsq_pe_Pipeline_sumsq_word_loop_sumsq_lane_loop_fu_105  |int4_rms_sumsq_pe_Pipeline_sumsq_word_loop_sumsq_lane_loop  |        0|   3|  844|  743|    0|
    +-----------------------------------------------------------------------+------------------------------------------------------------+---------+----+-----+-----+-----+
    |Total                                                                  |                                                            |        0|   3| 1164| 1271|    0|
    +-----------------------------------------------------------------------+------------------------------------------------------------+---------+----+-----+-----+-----+

    * DSP: 
    N/A

    * Memory: 
    N/A

    * FIFO: 
    N/A

    * Expression: 
    +-----------------+----------+----+---+----+------------+------------+
    |  Variable Name  | Operation| DSP| FF| LUT| Bitwidth P0| Bitwidth P1|
    +-----------------+----------+----+---+----+------------+------------+
    |ap_block_state1  |        or|   0|  0|   2|           1|           1|
    +-----------------+----------+----+---+----+------------+------------+
    |Total            |          |   0|  0|   2|           1|           1|
    +-----------------+----------+----+---+----+------------+------------+

    * Multiplexer: 
    +-----------------+----+-----------+-----+-----------+
    |       Name      | LUT| Input Size| Bits| Total Bits|
    +-----------------+----+-----------+-----+-----------+
    |ap_NS_fsm        |  31|          6|    1|          6|
    |ap_done          |   9|          2|    1|          2|
    |grp_fu_370_ce    |  14|          3|    1|          3|
    |grp_fu_370_p0    |  14|          3|   32|         96|
    |grp_fu_370_p1    |  14|          3|   32|         96|
    |partial_0_blk_n  |   9|          2|    1|          2|
    +-----------------+----+-----------+-----+-----------+
    |Total            |  91|         19|   68|        205|
    +-----------------+----+-----------+-----+-----------+

    * Register: 
    +------------------------------------------------------------------------------------+---+----+-----+-----------+
    |                                        Name                                        | FF| LUT| Bits| Const Bits|
    +------------------------------------------------------------------------------------+---+----+-----+-----------+
    |ap_CS_fsm                                                                           |  5|   0|    5|          0|
    |ap_done_reg                                                                         |  1|   0|    1|          0|
    |grp_int4_rms_sumsq_pe_Pipeline_merge_sumsq_lane_loop_fu_127_ap_start_reg            |  1|   0|    1|          0|
    |grp_int4_rms_sumsq_pe_Pipeline_sumsq_word_loop_sumsq_lane_loop_fu_105_ap_start_reg  |  1|   0|    1|          0|
    +------------------------------------------------------------------------------------+---+----+-----+-----------+
    |Total                                                                               |  8|   0|    8|          0|
    +------------------------------------------------------------------------------------+---+----+-----+-----------+



================================================================
== Interface
================================================================
* Summary: 
+--------------------------+-----+-----+------------+-------------------+--------------+
|         RTL Ports        | Dir | Bits|  Protocol  |   Source Object   |    C Type    |
+--------------------------+-----+-----+------------+-------------------+--------------+
|ap_clk                    |   in|    1|  ap_ctrl_hs|  int4_rms_sumsq_pe|  return value|
|ap_rst                    |   in|    1|  ap_ctrl_hs|  int4_rms_sumsq_pe|  return value|
|ap_start                  |   in|    1|  ap_ctrl_hs|  int4_rms_sumsq_pe|  return value|
|ap_done                   |  out|    1|  ap_ctrl_hs|  int4_rms_sumsq_pe|  return value|
|ap_continue               |   in|    1|  ap_ctrl_hs|  int4_rms_sumsq_pe|  return value|
|ap_idle                   |  out|    1|  ap_ctrl_hs|  int4_rms_sumsq_pe|  return value|
|ap_ready                  |  out|    1|  ap_ctrl_hs|  int4_rms_sumsq_pe|  return value|
|input_r_address0          |  out|    6|   ap_memory|            input_r|         array|
|input_r_ce0               |  out|    1|   ap_memory|            input_r|         array|
|input_r_q0                |   in|  512|   ap_memory|            input_r|         array|
|partial_0_din             |  out|   32|     ap_fifo|          partial_0|       pointer|
|partial_0_num_data_valid  |   in|    3|     ap_fifo|          partial_0|       pointer|
|partial_0_fifo_cap        |   in|    3|     ap_fifo|          partial_0|       pointer|
|partial_0_full_n          |   in|    1|     ap_fifo|          partial_0|       pointer|
|partial_0_write           |  out|    1|     ap_fifo|          partial_0|       pointer|
+--------------------------+-----+-----+------------+-------------------+--------------+

