

================================================================
== Vitis HLS Report for 'int4_cache_and_replay_activation_1_s'
================================================================
* Date:           Tue Aug 11 09:19:01 2026

* Version:        2023.2 (Build 4023990 on Oct 11 2023)
* Project:        proj_int4_decoder_xo
* Solution:       solution1 (Vitis Kernel Flow Target)
* Product family: virtexuplus
* Target device:  xcu250-figd2104-2L-e


================================================================
== Performance Estimates
================================================================
+ Timing: 
    * Summary: 
    +--------+---------+----------+------------+
    |  Clock |  Target | Estimated| Uncertainty|
    +--------+---------+----------+------------+
    |ap_clk  |  3.33 ns|  2.605 ns|     0.90 ns|
    +--------+---------+----------+------------+

+ Latency: 
    * Summary: 
    +---------+---------+----------+-----------+------+-------+---------+
    |  Latency (cycles) |  Latency (absolute)  |   Interval   | Pipeline|
    |   min   |   max   |    min   |    max    |  min |  max  |   Type  |
    +---------+---------+----------+-----------+------+-------+---------+
    |     1161|    22025|  3.870 us|  73.409 us|  1161|  22025|       no|
    +---------+---------+----------+-----------+------+-------+---------+

    + Detail: 
        * Instance: 
        +-----------------------------------------------------------------------------------------------+------------------------------------------------------------------------------------+---------+---------+----------+-----------+------+-------+---------+
        |                                                                                               |                                                                                    |  Latency (cycles) |  Latency (absolute)  |   Interval   | Pipeline|
        |                                            Instance                                           |                                       Module                                       |   min   |   max   |    min   |    max    |  min |  max  |   Type  |
        +-----------------------------------------------------------------------------------------------+------------------------------------------------------------------------------------+---------+---------+----------+-----------+------+-------+---------+
        |grp_int4_cache_and_replay_activation_1_Pipeline_cache_local_activation_loop_fu_100             |int4_cache_and_replay_activation_1_Pipeline_cache_local_activation_loop             |      130|      346|  0.433 us|   1.153 us|   130|    346|       no|
        |grp_int4_cache_and_replay_activation_Pipeline_replay_local_activation_tile_loop_repl_2_fu_111  |int4_cache_and_replay_activation_Pipeline_replay_local_activation_tile_loop_repl_2  |     1026|    21674|  3.420 us|  72.239 us|  1026|  21674|       no|
        +-----------------------------------------------------------------------------------------------+------------------------------------------------------------------------------------+---------+---------+----------+-----------+------+-------+---------+

        * Loop: 
        N/A



================================================================
== Utilization Estimates
================================================================
* Summary: 
+---------------------+---------+-------+---------+---------+------+
|         Name        | BRAM_18K|  DSP  |    FF   |   LUT   | URAM |
+---------------------+---------+-------+---------+---------+------+
|DSP                  |        -|      -|        -|        -|     -|
|Expression           |        -|      -|        0|        2|     -|
|FIFO                 |        -|      -|        -|        -|     -|
|Instance             |        -|      0|       48|      304|     -|
|Memory               |       11|      -|        0|        0|     -|
|Multiplexer          |        -|      -|        -|      174|     -|
|Register             |        -|      -|       30|        -|     -|
+---------------------+---------+-------+---------+---------+------+
|Total                |       11|      0|       78|      480|     0|
+---------------------+---------+-------+---------+---------+------+
|Available SLR        |     1344|   3072|   864000|   432000|   320|
+---------------------+---------+-------+---------+---------+------+
|Utilization SLR (%)  |       ~0|      0|       ~0|       ~0|     0|
+---------------------+---------+-------+---------+---------+------+
|Available            |     5376|  12288|  3456000|  1728000|  1280|
+---------------------+---------+-------+---------+---------+------+
|Utilization (%)      |       ~0|      0|       ~0|       ~0|     0|
+---------------------+---------+-------+---------+---------+------+

+ Detail: 
    * Instance: 
    +-----------------------------------------------------------------------------------------------+------------------------------------------------------------------------------------+---------+----+----+-----+-----+
    |                                            Instance                                           |                                       Module                                       | BRAM_18K| DSP| FF | LUT | URAM|
    +-----------------------------------------------------------------------------------------------+------------------------------------------------------------------------------------+---------+----+----+-----+-----+
    |grp_int4_cache_and_replay_activation_1_Pipeline_cache_local_activation_loop_fu_100             |int4_cache_and_replay_activation_1_Pipeline_cache_local_activation_loop             |        0|   0|  21|   92|    0|
    |grp_int4_cache_and_replay_activation_Pipeline_replay_local_activation_tile_loop_repl_2_fu_111  |int4_cache_and_replay_activation_Pipeline_replay_local_activation_tile_loop_repl_2  |        0|   0|  27|  163|    0|
    |mul_6ns_9ns_15_1_1_U1861                                                                       |mul_6ns_9ns_15_1_1                                                                  |        0|   0|   0|   49|    0|
    +-----------------------------------------------------------------------------------------------+------------------------------------------------------------------------------------+---------+----+----+-----+-----+
    |Total                                                                                          |                                                                                    |        0|   0|  48|  304|    0|
    +-----------------------------------------------------------------------------------------------+------------------------------------------------------------------------------------+---------+----+----+-----+-----+

    * DSP: 
    N/A

    * Memory: 
    +--------------------+------------------------------------------------------------------------+---------+---+----+-----+------+-----+------+-------------+
    |       Memory       |                                 Module                                 | BRAM_18K| FF| LUT| URAM| Words| Bits| Banks| W*Bits*Banks|
    +--------------------+------------------------------------------------------------------------+---------+---+----+-----+------+-----+------+-------------+
    |activation_cache_U  |int4_cache_and_replay_activation_0_s_activation_cache_RAM_1P_BRAM_1R1W  |       10|  0|   0|    0|   344|  480|     1|       165120|
    |scale_cache_U       |int4_cache_and_replay_activation_0_s_scale_cache_RAM_1P_BRAM_1R1W       |        1|  0|   0|    0|   344|   32|     1|        11008|
    +--------------------+------------------------------------------------------------------------+---------+---+----+-----+------+-----+------+-------------+
    |Total               |                                                                        |       11|  0|   0|    0|   688|  512|     2|       176128|
    +--------------------+------------------------------------------------------------------------+---------+---+----+-----+------+-----+------+-------------+

    * FIFO: 
    N/A

    * Expression: 
    +-----------------+----------+----+---+----+------------+------------+
    |  Variable Name  | Operation| DSP| FF| LUT| Bitwidth P0| Bitwidth P1|
    +-----------------+----------+----+---+----+------------+------------+
    |ap_block_state1  |        or|   0|  0|   2|           1|           1|
    +-----------------+----------+----+---+----+------------+------------+
    |Total            |          |   0|  0|   2|           1|           1|
    +-----------------+----------+----+---+----+------------+------------+

    * Multiplexer: 
    +--------------------------------+----+-----------+-----+-----------+
    |              Name              | LUT| Input Size| Bits| Total Bits|
    +--------------------------------+----+-----------+-----+-----------+
    |activation_cache_address0       |  14|          3|    9|         27|
    |activation_cache_ce0            |  14|          3|    1|          3|
    |activation_cache_we0            |   9|          2|    1|          2|
    |activation_scale_pe1_read       |   9|          2|    1|          2|
    |ap_NS_fsm                       |  37|          7|    1|          7|
    |ap_done                         |   9|          2|    1|          2|
    |input_tiles_loc_c16_blk_n       |   9|          2|    1|          2|
    |local_tiles_loc_c20_blk_n       |   9|          2|    1|          2|
    |quantized_pe1_read              |   9|          2|    1|          2|
    |replay_activation_stream_write  |   9|          2|    1|          2|
    |replay_scale_stream_write       |   9|          2|    1|          2|
    |scale_cache_address0            |  14|          3|    9|         27|
    |scale_cache_ce0                 |  14|          3|    1|          3|
    |scale_cache_we0                 |   9|          2|    1|          2|
    +--------------------------------+----+-----------+-----+-----------+
    |Total                           | 174|         37|   30|         85|
    +--------------------------------+----+-----------+-----+-----------+

    * Register: 
    +------------------------------------------------------------------------------------------------------------+----+----+-----+-----------+
    |                                                    Name                                                    | FF | LUT| Bits| Const Bits|
    +------------------------------------------------------------------------------------------------------------+----+----+-----+-----------+
    |ap_CS_fsm                                                                                                   |   6|   0|    6|          0|
    |ap_done_reg                                                                                                 |   1|   0|    1|          0|
    |grp_int4_cache_and_replay_activation_1_Pipeline_cache_local_activation_loop_fu_100_ap_start_reg             |   1|   0|    1|          0|
    |grp_int4_cache_and_replay_activation_Pipeline_replay_local_activation_tile_loop_repl_2_fu_111_ap_start_reg  |   1|   0|    1|          0|
    |mul_ln380_reg_160                                                                                           |  15|   0|   15|          0|
    |shl_ln_reg_153                                                                                              |   6|   0|    9|          3|
    +------------------------------------------------------------------------------------------------------------+----+----+-----+-----------+
    |Total                                                                                                       |  30|   0|   33|          3|
    +------------------------------------------------------------------------------------------------------------+----+----+-----+-----------+



================================================================
== Interface
================================================================
* Summary: 
+-----------------------------------------+-----+-----+------------+-------------------------------------+--------------+
|                RTL Ports                | Dir | Bits|  Protocol  |            Source Object            |    C Type    |
+-----------------------------------------+-----+-----+------------+-------------------------------------+--------------+
|ap_clk                                   |   in|    1|  ap_ctrl_hs|  int4_cache_and_replay_activation<1>|  return value|
|ap_rst                                   |   in|    1|  ap_ctrl_hs|  int4_cache_and_replay_activation<1>|  return value|
|ap_start                                 |   in|    1|  ap_ctrl_hs|  int4_cache_and_replay_activation<1>|  return value|
|ap_done                                  |  out|    1|  ap_ctrl_hs|  int4_cache_and_replay_activation<1>|  return value|
|ap_continue                              |   in|    1|  ap_ctrl_hs|  int4_cache_and_replay_activation<1>|  return value|
|ap_idle                                  |  out|    1|  ap_ctrl_hs|  int4_cache_and_replay_activation<1>|  return value|
|ap_ready                                 |  out|    1|  ap_ctrl_hs|  int4_cache_and_replay_activation<1>|  return value|
|quantized_pe1_dout                       |   in|  480|     ap_fifo|                        quantized_pe1|       pointer|
|quantized_pe1_num_data_valid             |   in|    3|     ap_fifo|                        quantized_pe1|       pointer|
|quantized_pe1_fifo_cap                   |   in|    3|     ap_fifo|                        quantized_pe1|       pointer|
|quantized_pe1_empty_n                    |   in|    1|     ap_fifo|                        quantized_pe1|       pointer|
|quantized_pe1_read                       |  out|    1|     ap_fifo|                        quantized_pe1|       pointer|
|activation_scale_pe1_dout                |   in|   32|     ap_fifo|                 activation_scale_pe1|       pointer|
|activation_scale_pe1_num_data_valid      |   in|    3|     ap_fifo|                 activation_scale_pe1|       pointer|
|activation_scale_pe1_fifo_cap            |   in|    3|     ap_fifo|                 activation_scale_pe1|       pointer|
|activation_scale_pe1_empty_n             |   in|    1|     ap_fifo|                 activation_scale_pe1|       pointer|
|activation_scale_pe1_read                |  out|    1|     ap_fifo|                 activation_scale_pe1|       pointer|
|replay_activation_stream_din             |  out|  480|     ap_fifo|             replay_activation_stream|       pointer|
|replay_activation_stream_num_data_valid  |   in|    3|     ap_fifo|             replay_activation_stream|       pointer|
|replay_activation_stream_fifo_cap        |   in|    3|     ap_fifo|             replay_activation_stream|       pointer|
|replay_activation_stream_full_n          |   in|    1|     ap_fifo|             replay_activation_stream|       pointer|
|replay_activation_stream_write           |  out|    1|     ap_fifo|             replay_activation_stream|       pointer|
|replay_scale_stream_din                  |  out|   32|     ap_fifo|                  replay_scale_stream|       pointer|
|replay_scale_stream_num_data_valid       |   in|    3|     ap_fifo|                  replay_scale_stream|       pointer|
|replay_scale_stream_fifo_cap             |   in|    3|     ap_fifo|                  replay_scale_stream|       pointer|
|replay_scale_stream_full_n               |   in|    1|     ap_fifo|                  replay_scale_stream|       pointer|
|replay_scale_stream_write                |  out|    1|     ap_fifo|                  replay_scale_stream|       pointer|
|p_read                                   |   in|    6|     ap_none|                               p_read|        scalar|
|p_read1                                  |   in|    6|     ap_none|                              p_read1|        scalar|
|input_tiles_loc_c16_din                  |  out|    6|     ap_fifo|                  input_tiles_loc_c16|       pointer|
|input_tiles_loc_c16_num_data_valid       |   in|    3|     ap_fifo|                  input_tiles_loc_c16|       pointer|
|input_tiles_loc_c16_fifo_cap             |   in|    3|     ap_fifo|                  input_tiles_loc_c16|       pointer|
|input_tiles_loc_c16_full_n               |   in|    1|     ap_fifo|                  input_tiles_loc_c16|       pointer|
|input_tiles_loc_c16_write                |  out|    1|     ap_fifo|                  input_tiles_loc_c16|       pointer|
|local_tiles_loc_c20_din                  |  out|    6|     ap_fifo|                  local_tiles_loc_c20|       pointer|
|local_tiles_loc_c20_num_data_valid       |   in|    3|     ap_fifo|                  local_tiles_loc_c20|       pointer|
|local_tiles_loc_c20_fifo_cap             |   in|    3|     ap_fifo|                  local_tiles_loc_c20|       pointer|
|local_tiles_loc_c20_full_n               |   in|    1|     ap_fifo|                  local_tiles_loc_c20|       pointer|
|local_tiles_loc_c20_write                |  out|    1|     ap_fifo|                  local_tiles_loc_c20|       pointer|
+-----------------------------------------+-----+-----+------------+-------------------------------------+--------------+

