

================================================================
== Vitis HLS Report for 'int4_cache_and_replay_activation_2_Pipeline_cache_local_activation_loop'
================================================================
* Date:           Tue Aug 11 09:19:10 2026

* Version:        2023.2 (Build 4023990 on Oct 11 2023)
* Project:        proj_int4_decoder_xo
* Solution:       solution1 (Vitis Kernel Flow Target)
* Product family: virtexuplus
* Target device:  xcu250-figd2104-2L-e


================================================================
== Performance Estimates
================================================================
+ Timing: 
    * Summary: 
    +--------+---------+----------+------------+
    |  Clock |  Target | Estimated| Uncertainty|
    +--------+---------+----------+------------+
    |ap_clk  |  3.33 ns|  2.417 ns|     0.90 ns|
    +--------+---------+----------+------------+

+ Latency: 
    * Summary: 
    +---------+---------+----------+----------+-----+-----+---------+
    |  Latency (cycles) |  Latency (absolute) |  Interval | Pipeline|
    |   min   |   max   |    min   |    max   | min | max |   Type  |
    +---------+---------+----------+----------+-----+-----+---------+
    |      130|      346|  0.433 us|  1.153 us|  130|  346|       no|
    +---------+---------+----------+----------+-----+-----+---------+

    + Detail: 
        * Instance: 
        N/A

        * Loop: 
        +-------------------------------+---------+---------+----------+-----------+-----------+-----------+----------+
        |                               |  Latency (cycles) | Iteration|  Initiation Interval  |    Trip   |          |
        |           Loop Name           |   min   |   max   |  Latency |  achieved |   target  |   Count   | Pipelined|
        +-------------------------------+---------+---------+----------+-----------+-----------+-----------+----------+
        |- cache_local_activation_loop  |      128|      344|         2|          1|          1|  128 ~ 344|       yes|
        +-------------------------------+---------+---------+----------+-----------+-----------+-----------+----------+



================================================================
== Utilization Estimates
================================================================
* Summary: 
+---------------------+---------+-------+---------+---------+------+
|         Name        | BRAM_18K|  DSP  |    FF   |   LUT   | URAM |
+---------------------+---------+-------+---------+---------+------+
|DSP                  |        -|      -|        -|        -|     -|
|Expression           |        -|      -|        0|       38|     -|
|FIFO                 |        -|      -|        -|        -|     -|
|Instance             |        -|      -|        -|        -|     -|
|Memory               |        -|      -|        -|        -|     -|
|Multiplexer          |        -|      -|        -|       54|     -|
|Register             |        -|      -|       21|        -|     -|
+---------------------+---------+-------+---------+---------+------+
|Total                |        0|      0|       21|       92|     0|
+---------------------+---------+-------+---------+---------+------+
|Available SLR        |     1344|   3072|   864000|   432000|   320|
+---------------------+---------+-------+---------+---------+------+
|Utilization SLR (%)  |        0|      0|       ~0|       ~0|     0|
+---------------------+---------+-------+---------+---------+------+
|Available            |     5376|  12288|  3456000|  1728000|  1280|
+---------------------+---------+-------+---------+---------+------+
|Utilization (%)      |        0|      0|       ~0|       ~0|     0|
+---------------------+---------+-------+---------+---------+------+

+ Detail: 
    * Instance: 
    N/A

    * DSP: 
    N/A

    * Memory: 
    N/A

    * FIFO: 
    N/A

    * Expression: 
    +----------------------------------+----------+----+---+----+------------+------------+
    |           Variable Name          | Operation| DSP| FF| LUT| Bitwidth P0| Bitwidth P1|
    +----------------------------------+----------+----+---+----+------------+------------+
    |add_ln372_fu_125_p2               |         +|   0|  0|  16|           9|           1|
    |ap_block_pp0_stage0_11001         |       and|   0|  0|   2|           1|           1|
    |icmp_ln372_fu_119_p2              |      icmp|   0|  0|  16|           9|           9|
    |ap_block_state2_pp0_stage0_iter1  |        or|   0|  0|   2|           1|           1|
    |ap_enable_pp0                     |       xor|   0|  0|   2|           1|           2|
    +----------------------------------+----------+----+---+----+------------+------------+
    |Total                             |          |   0|  0|  38|          21|          14|
    +----------------------------------+----------+----+---+----+------------+------------+

    * Multiplexer: 
    +----------------------------+----+-----------+-----+-----------+
    |            Name            | LUT| Input Size| Bits| Total Bits|
    +----------------------------+----+-----------+-----+-----------+
    |activation_scale_pe2_blk_n  |   9|          2|    1|          2|
    |ap_done_int                 |   9|          2|    1|          2|
    |ap_enable_reg_pp0_iter1     |   9|          2|    1|          2|
    |ap_sig_allocacmp_group_15   |   9|          2|    9|         18|
    |group_fu_62                 |   9|          2|    9|         18|
    |quantized_pe2_blk_n         |   9|          2|    1|          2|
    +----------------------------+----+-----------+-----+-----------+
    |Total                       |  54|         12|   22|         44|
    +----------------------------+----+-----------+-----+-----------+

    * Register: 
    +-------------------------+---+----+-----+-----------+
    |           Name          | FF| LUT| Bits| Const Bits|
    +-------------------------+---+----+-----+-----------+
    |ap_CS_fsm                |  1|   0|    1|          0|
    |ap_done_reg              |  1|   0|    1|          0|
    |ap_enable_reg_pp0_iter1  |  1|   0|    1|          0|
    |group_15_reg_153         |  9|   0|    9|          0|
    |group_fu_62              |  9|   0|    9|          0|
    +-------------------------+---+----+-----+-----------+
    |Total                    | 21|   0|   21|          0|
    +-------------------------+---+----+-----+-----------+



================================================================
== Interface
================================================================
* Summary: 
+-------------------------------------+-----+-----+------------+--------------------------------------------------------------------------+--------------+
|              RTL Ports              | Dir | Bits|  Protocol  |                               Source Object                              |    C Type    |
+-------------------------------------+-----+-----+------------+--------------------------------------------------------------------------+--------------+
|ap_clk                               |   in|    1|  ap_ctrl_hs|  int4_cache_and_replay_activation<2>_Pipeline_cache_local_activation_loop|  return value|
|ap_rst                               |   in|    1|  ap_ctrl_hs|  int4_cache_and_replay_activation<2>_Pipeline_cache_local_activation_loop|  return value|
|ap_start                             |   in|    1|  ap_ctrl_hs|  int4_cache_and_replay_activation<2>_Pipeline_cache_local_activation_loop|  return value|
|ap_done                              |  out|    1|  ap_ctrl_hs|  int4_cache_and_replay_activation<2>_Pipeline_cache_local_activation_loop|  return value|
|ap_idle                              |  out|    1|  ap_ctrl_hs|  int4_cache_and_replay_activation<2>_Pipeline_cache_local_activation_loop|  return value|
|ap_ready                             |  out|    1|  ap_ctrl_hs|  int4_cache_and_replay_activation<2>_Pipeline_cache_local_activation_loop|  return value|
|quantized_pe2_dout                   |   in|  480|     ap_fifo|                                                             quantized_pe2|       pointer|
|quantized_pe2_num_data_valid         |   in|    3|     ap_fifo|                                                             quantized_pe2|       pointer|
|quantized_pe2_fifo_cap               |   in|    3|     ap_fifo|                                                             quantized_pe2|       pointer|
|quantized_pe2_empty_n                |   in|    1|     ap_fifo|                                                             quantized_pe2|       pointer|
|quantized_pe2_read                   |  out|    1|     ap_fifo|                                                             quantized_pe2|       pointer|
|activation_scale_pe2_dout            |   in|   32|     ap_fifo|                                                      activation_scale_pe2|       pointer|
|activation_scale_pe2_num_data_valid  |   in|    3|     ap_fifo|                                                      activation_scale_pe2|       pointer|
|activation_scale_pe2_fifo_cap        |   in|    3|     ap_fifo|                                                      activation_scale_pe2|       pointer|
|activation_scale_pe2_empty_n         |   in|    1|     ap_fifo|                                                      activation_scale_pe2|       pointer|
|activation_scale_pe2_read            |  out|    1|     ap_fifo|                                                      activation_scale_pe2|       pointer|
|shl_ln                               |   in|    9|     ap_none|                                                                    shl_ln|        scalar|
|activation_cache_address0            |  out|    9|   ap_memory|                                                          activation_cache|         array|
|activation_cache_ce0                 |  out|    1|   ap_memory|                                                          activation_cache|         array|
|activation_cache_we0                 |  out|    1|   ap_memory|                                                          activation_cache|         array|
|activation_cache_d0                  |  out|  480|   ap_memory|                                                          activation_cache|         array|
|scale_cache_address0                 |  out|    9|   ap_memory|                                                               scale_cache|         array|
|scale_cache_ce0                      |  out|    1|   ap_memory|                                                               scale_cache|         array|
|scale_cache_we0                      |  out|    1|   ap_memory|                                                               scale_cache|         array|
|scale_cache_d0                       |  out|   32|   ap_memory|                                                               scale_cache|         array|
+-------------------------------------+-----+-----+------------+--------------------------------------------------------------------------+--------------+

