

================================================================
== Vitis HLS Report for 'int4_swiglu_quantize_four_pes_stream'
================================================================
* Date:           Tue Aug 11 09:18:34 2026

* Version:        2023.2 (Build 4023990 on Oct 11 2023)
* Project:        proj_int4_decoder_xo
* Solution:       solution1 (Vitis Kernel Flow Target)
* Product family: virtexuplus
* Target device:  xcu250-figd2104-2L-e


================================================================
== Performance Estimates
================================================================
+ Timing: 
    * Summary: 
    +--------+---------+----------+------------+
    |  Clock |  Target | Estimated| Uncertainty|
    +--------+---------+----------+------------+
    |ap_clk  |  3.33 ns|  2.466 ns|     0.90 ns|
    +--------+---------+----------+------------+

+ Latency: 
    * Summary: 
    +---------+---------+-----------+-----------+-------+-------+----------+
    |  Latency (cycles) |   Latency (absolute)  |    Interval   | Pipeline |
    |   min   |   max   |    min    |    max    |  min  |  max  |   Type   |
    +---------+---------+-----------+-----------+-------+-------+----------+
    |    13201|    13201|  43.999 us|  43.999 us|  13202|  13202|  dataflow|
    +---------+---------+-----------+-----------+-------+-------+----------+

    + Detail: 
        * Instance: 
        +-------------------------------+----------------------------+---------+---------+-----------+-----------+-------+-------+---------+
        |                               |                            |  Latency (cycles) |   Latency (absolute)  |    Interval   | Pipeline|
        |            Instance           |           Module           |   min   |   max   |    min    |    max    |  min  |  max  |   Type  |
        +-------------------------------+----------------------------+---------+---------+-----------+-----------+-------+-------+---------+
        |int4_swiglu_quantize_pe0_U0    |int4_swiglu_quantize_pe0    |    13201|    13201|  43.999 us|  43.999 us|  13201|  13201|       no|
        |int4_swiglu_quantize_pe1_U0    |int4_swiglu_quantize_pe1    |    13201|    13201|  43.999 us|  43.999 us|  13201|  13201|       no|
        |int4_swiglu_quantize_pe2_U0    |int4_swiglu_quantize_pe2    |    12601|    12601|  41.999 us|  41.999 us|  12601|  12601|       no|
        |int4_swiglu_quantize_pe3_U0    |int4_swiglu_quantize_pe3    |    12601|    12601|  41.999 us|  41.999 us|  12601|  12601|       no|
        |int4_swiglu_gather_streams_U0  |int4_swiglu_gather_streams  |      177|      881|   0.590 us|   2.936 us|    177|    881|       no|
        +-------------------------------+----------------------------+---------+---------+-----------+-----------+-------+-------+---------+

        * Loop: 
        N/A



================================================================
== Utilization Estimates
================================================================
* Summary: 
+---------------------+---------+-------+---------+---------+------+
|         Name        | BRAM_18K|  DSP  |    FF   |   LUT   | URAM |
+---------------------+---------+-------+---------+---------+------+
|DSP                  |        -|      -|        -|        -|     -|
|Expression           |        -|      -|        0|       22|     -|
|FIFO                 |       60|      -|     4160|     2208|     -|
|Instance             |        4|     60|    16706|    13228|     -|
|Memory               |        -|      -|        -|        -|     -|
|Multiplexer          |        -|      -|        -|       36|     -|
|Register             |        -|      -|        5|        -|     -|
+---------------------+---------+-------+---------+---------+------+
|Total                |       64|     60|    20871|    15494|     0|
+---------------------+---------+-------+---------+---------+------+
|Available SLR        |     1344|   3072|   864000|   432000|   320|
+---------------------+---------+-------+---------+---------+------+
|Utilization SLR (%)  |        4|      1|        2|        3|     0|
+---------------------+---------+-------+---------+---------+------+
|Available            |     5376|  12288|  3456000|  1728000|  1280|
+---------------------+---------+-------+---------+---------+------+
|Utilization (%)      |        1|     ~0|       ~0|       ~0|     0|
+---------------------+---------+-------+---------+---------+------+

+ Detail: 
    * Instance: 
    +-------------------------------+----------------------------+---------+----+------+------+-----+
    |            Instance           |           Module           | BRAM_18K| DSP|  FF  |  LUT | URAM|
    +-------------------------------+----------------------------+---------+----+------+------+-----+
    |int4_swiglu_gather_streams_U0  |int4_swiglu_gather_streams  |        0|   0|  1070|   472|    0|
    |int4_swiglu_quantize_pe0_U0    |int4_swiglu_quantize_pe0    |        1|  15|  3909|  3189|    0|
    |int4_swiglu_quantize_pe1_U0    |int4_swiglu_quantize_pe1    |        1|  15|  3909|  3189|    0|
    |int4_swiglu_quantize_pe2_U0    |int4_swiglu_quantize_pe2    |        1|  15|  3909|  3189|    0|
    |int4_swiglu_quantize_pe3_U0    |int4_swiglu_quantize_pe3    |        1|  15|  3909|  3189|    0|
    +-------------------------------+----------------------------+---------+----+------+------+-----+
    |Total                          |                            |        4|  60| 16706| 13228|    0|
    +-------------------------------+----------------------------+---------+----+------+------+-----+

    * DSP: 
    N/A

    * Memory: 
    N/A

    * FIFO: 
    +-----------------+---------+------+----+-----+------+-----+---------+
    |       Name      | BRAM_18K|  FF  | LUT| URAM| Depth| Bits| Size:D*B|
    +-----------------+---------+------+----+-----+------+-----+---------+
    |quantized_pe0_U  |       15|  1035|   0|    -|     4|  480|     1920|
    |quantized_pe1_U  |       15|  1035|   0|    -|     4|  480|     1920|
    |quantized_pe2_U  |       15|  1035|   0|    -|     4|  480|     1920|
    |quantized_pe3_U  |       15|  1035|   0|    -|     4|  480|     1920|
    |scale_pe0_U      |        0|     5|   0|    -|     4|   32|      128|
    |scale_pe1_U      |        0|     5|   0|    -|     4|   32|      128|
    |scale_pe2_U      |        0|     5|   0|    -|     4|   32|      128|
    |scale_pe3_U      |        0|     5|   0|    -|     4|   32|      128|
    +-----------------+---------+------+----+-----+------+-----+---------+
    |Total            |       60|  4160|   0|    0|    32| 2048|     8192|
    +-----------------+---------+------+----+-----+------+-----+---------+

    * Expression: 
    +----------------------------------------------+----------+----+---+----+------------+------------+
    |                 Variable Name                | Operation| DSP| FF| LUT| Bitwidth P0| Bitwidth P1|
    +----------------------------------------------+----------+----+---+----+------------+------------+
    |ap_idle                                       |       and|   0|  0|   2|           1|           1|
    |ap_sync_ready                                 |       and|   0|  0|   2|           1|           1|
    |int4_swiglu_quantize_pe0_U0_ap_start          |       and|   0|  0|   2|           1|           1|
    |int4_swiglu_quantize_pe1_U0_ap_start          |       and|   0|  0|   2|           1|           1|
    |int4_swiglu_quantize_pe2_U0_ap_start          |       and|   0|  0|   2|           1|           1|
    |int4_swiglu_quantize_pe3_U0_ap_start          |       and|   0|  0|   2|           1|           1|
    |ap_sync_int4_swiglu_quantize_pe0_U0_ap_ready  |        or|   0|  0|   2|           1|           1|
    |ap_sync_int4_swiglu_quantize_pe1_U0_ap_ready  |        or|   0|  0|   2|           1|           1|
    |ap_sync_int4_swiglu_quantize_pe2_U0_ap_ready  |        or|   0|  0|   2|           1|           1|
    |ap_sync_int4_swiglu_quantize_pe3_U0_ap_ready  |        or|   0|  0|   2|           1|           1|
    |int4_swiglu_gather_streams_U0_ap_start        |        or|   0|  0|   2|           1|           1|
    +----------------------------------------------+----------+----+---+----+------------+------------+
    |Total                                         |          |   0|  0|  22|          11|          11|
    +----------------------------------------------+----------+----+---+----+------------+------------+

    * Multiplexer: 
    +--------------------------------------------------+----+-----------+-----+-----------+
    |                       Name                       | LUT| Input Size| Bits| Total Bits|
    +--------------------------------------------------+----+-----------+-----+-----------+
    |ap_sync_reg_int4_swiglu_quantize_pe0_U0_ap_ready  |   9|          2|    1|          2|
    |ap_sync_reg_int4_swiglu_quantize_pe1_U0_ap_ready  |   9|          2|    1|          2|
    |ap_sync_reg_int4_swiglu_quantize_pe2_U0_ap_ready  |   9|          2|    1|          2|
    |ap_sync_reg_int4_swiglu_quantize_pe3_U0_ap_ready  |   9|          2|    1|          2|
    +--------------------------------------------------+----+-----------+-----+-----------+
    |Total                                             |  36|          8|    4|          8|
    +--------------------------------------------------+----+-----------+-----+-----------+

    * Register: 
    +----------------------------------------------------+---+----+-----+-----------+
    |                        Name                        | FF| LUT| Bits| Const Bits|
    +----------------------------------------------------+---+----+-----+-----------+
    |ap_sync_reg_int4_swiglu_gather_streams_U0_ap_start  |  1|   0|    1|          0|
    |ap_sync_reg_int4_swiglu_quantize_pe0_U0_ap_ready    |  1|   0|    1|          0|
    |ap_sync_reg_int4_swiglu_quantize_pe1_U0_ap_ready    |  1|   0|    1|          0|
    |ap_sync_reg_int4_swiglu_quantize_pe2_U0_ap_ready    |  1|   0|    1|          0|
    |ap_sync_reg_int4_swiglu_quantize_pe3_U0_ap_ready    |  1|   0|    1|          0|
    +----------------------------------------------------+---+----+-----+-----------+
    |Total                                               |  5|   0|    5|          0|
    +----------------------------------------------------+---+----+-----+-----------+



================================================================
== Interface
================================================================
* Summary: 
+-------------------------+-----+-----+------------+--------------------------------------+--------------+
|        RTL Ports        | Dir | Bits|  Protocol  |             Source Object            |    C Type    |
+-------------------------+-----+-----+------------+--------------------------------------+--------------+
|gate_pe0_address0        |  out|    8|   ap_memory|                              gate_pe0|         array|
|gate_pe0_ce0             |  out|    1|   ap_memory|                              gate_pe0|         array|
|gate_pe0_d0              |  out|  512|   ap_memory|                              gate_pe0|         array|
|gate_pe0_q0              |   in|  512|   ap_memory|                              gate_pe0|         array|
|gate_pe0_we0             |  out|    1|   ap_memory|                              gate_pe0|         array|
|gate_pe1_address0        |  out|    8|   ap_memory|                              gate_pe1|         array|
|gate_pe1_ce0             |  out|    1|   ap_memory|                              gate_pe1|         array|
|gate_pe1_d0              |  out|  512|   ap_memory|                              gate_pe1|         array|
|gate_pe1_q0              |   in|  512|   ap_memory|                              gate_pe1|         array|
|gate_pe1_we0             |  out|    1|   ap_memory|                              gate_pe1|         array|
|gate_pe2_address0        |  out|    8|   ap_memory|                              gate_pe2|         array|
|gate_pe2_ce0             |  out|    1|   ap_memory|                              gate_pe2|         array|
|gate_pe2_d0              |  out|  512|   ap_memory|                              gate_pe2|         array|
|gate_pe2_q0              |   in|  512|   ap_memory|                              gate_pe2|         array|
|gate_pe2_we0             |  out|    1|   ap_memory|                              gate_pe2|         array|
|gate_pe3_address0        |  out|    8|   ap_memory|                              gate_pe3|         array|
|gate_pe3_ce0             |  out|    1|   ap_memory|                              gate_pe3|         array|
|gate_pe3_d0              |  out|  512|   ap_memory|                              gate_pe3|         array|
|gate_pe3_q0              |   in|  512|   ap_memory|                              gate_pe3|         array|
|gate_pe3_we0             |  out|    1|   ap_memory|                              gate_pe3|         array|
|up_pe0_address0          |  out|    8|   ap_memory|                                up_pe0|         array|
|up_pe0_ce0               |  out|    1|   ap_memory|                                up_pe0|         array|
|up_pe0_d0                |  out|  512|   ap_memory|                                up_pe0|         array|
|up_pe0_q0                |   in|  512|   ap_memory|                                up_pe0|         array|
|up_pe0_we0               |  out|    1|   ap_memory|                                up_pe0|         array|
|up_pe1_address0          |  out|    8|   ap_memory|                                up_pe1|         array|
|up_pe1_ce0               |  out|    1|   ap_memory|                                up_pe1|         array|
|up_pe1_d0                |  out|  512|   ap_memory|                                up_pe1|         array|
|up_pe1_q0                |   in|  512|   ap_memory|                                up_pe1|         array|
|up_pe1_we0               |  out|    1|   ap_memory|                                up_pe1|         array|
|up_pe2_address0          |  out|    8|   ap_memory|                                up_pe2|         array|
|up_pe2_ce0               |  out|    1|   ap_memory|                                up_pe2|         array|
|up_pe2_d0                |  out|  512|   ap_memory|                                up_pe2|         array|
|up_pe2_q0                |   in|  512|   ap_memory|                                up_pe2|         array|
|up_pe2_we0               |  out|    1|   ap_memory|                                up_pe2|         array|
|up_pe3_address0          |  out|    8|   ap_memory|                                up_pe3|         array|
|up_pe3_ce0               |  out|    1|   ap_memory|                                up_pe3|         array|
|up_pe3_d0                |  out|  512|   ap_memory|                                up_pe3|         array|
|up_pe3_q0                |   in|  512|   ap_memory|                                up_pe3|         array|
|up_pe3_we0               |  out|    1|   ap_memory|                                up_pe3|         array|
|quantized_stream_din     |  out|  480|     ap_fifo|                      quantized_stream|       pointer|
|quantized_stream_full_n  |   in|    1|     ap_fifo|                      quantized_stream|       pointer|
|quantized_stream_write   |  out|    1|     ap_fifo|                      quantized_stream|       pointer|
|scale_stream_din         |  out|   32|     ap_fifo|                          scale_stream|       pointer|
|scale_stream_full_n      |   in|    1|     ap_fifo|                          scale_stream|       pointer|
|scale_stream_write       |  out|    1|     ap_fifo|                          scale_stream|       pointer|
|ap_clk                   |   in|    1|  ap_ctrl_hs|  int4_swiglu_quantize_four_pes_stream|  return value|
|ap_rst                   |   in|    1|  ap_ctrl_hs|  int4_swiglu_quantize_four_pes_stream|  return value|
|ap_start                 |   in|    1|  ap_ctrl_hs|  int4_swiglu_quantize_four_pes_stream|  return value|
|ap_done                  |  out|    1|  ap_ctrl_hs|  int4_swiglu_quantize_four_pes_stream|  return value|
|ap_ready                 |  out|    1|  ap_ctrl_hs|  int4_swiglu_quantize_four_pes_stream|  return value|
|ap_idle                  |  out|    1|  ap_ctrl_hs|  int4_swiglu_quantize_four_pes_stream|  return value|
|ap_continue              |   in|    1|  ap_ctrl_hs|  int4_swiglu_quantize_four_pes_stream|  return value|
+-------------------------+-----+-----+------------+--------------------------------------+--------------+

