

================================================================
== Vitis HLS Report for 'int4_rms_normalize_quantize_four_pes_stream'
================================================================
* Date:           Tue Aug 11 09:18:47 2026

* Version:        2023.2 (Build 4023990 on Oct 11 2023)
* Project:        proj_int4_decoder_xo
* Solution:       solution1 (Vitis Kernel Flow Target)
* Product family: virtexuplus
* Target device:  xcu250-figd2104-2L-e


================================================================
== Performance Estimates
================================================================
+ Timing: 
    * Summary: 
    +--------+---------+----------+------------+
    |  Clock |  Target | Estimated| Uncertainty|
    +--------+---------+----------+------------+
    |ap_clk  |  3.33 ns|  2.608 ns|     0.90 ns|
    +--------+---------+----------+------------+

+ Latency: 
    * Summary: 
    +---------+---------+-----------+-----------+------+------+----------+
    |  Latency (cycles) |   Latency (absolute)  |   Interval  | Pipeline |
    |   min   |   max   |    min    |    max    |  min |  max |   Type   |
    +---------+---------+-----------+-----------+------+------+----------+
    |     3713|     3713|  12.375 us|  12.375 us|  3714|  3714|  dataflow|
    +---------+---------+-----------+-----------+------+------+----------+

    + Detail: 
        * Instance: 
        +--------------------------------------+-----------------------------------+---------+---------+-----------+-----------+------+------+---------+
        |                                      |                                   |  Latency (cycles) |   Latency (absolute)  |   Interval  | Pipeline|
        |               Instance               |               Module              |   min   |   max   |    min    |    max    |  min |  max |   Type  |
        +--------------------------------------+-----------------------------------+---------+---------+-----------+-----------+------+------+---------+
        |int4_rms_normalize_quantize_pe_U0     |int4_rms_normalize_quantize_pe     |     3713|     3713|  12.375 us|  12.375 us|  3713|  3713|       no|
        |int4_rms_normalize_quantize_pe_13_U0  |int4_rms_normalize_quantize_pe_13  |     3713|     3713|  12.375 us|  12.375 us|  3713|  3713|       no|
        |int4_rms_normalize_quantize_pe_14_U0  |int4_rms_normalize_quantize_pe_14  |     3713|     3713|  12.375 us|  12.375 us|  3713|  3713|       no|
        |int4_rms_normalize_quantize_pe_15_U0  |int4_rms_normalize_quantize_pe_15  |     3713|     3713|  12.375 us|  12.375 us|  3713|  3713|       no|
        |int4_rms_gather_streams_U0            |int4_rms_gather_streams            |      131|      131|   0.437 us|   0.437 us|   131|   131|       no|
        +--------------------------------------+-----------------------------------+---------+---------+-----------+-----------+------+------+---------+

        * Loop: 
        N/A



================================================================
== Utilization Estimates
================================================================
* Summary: 
+---------------------+---------+-------+---------+---------+------+
|         Name        | BRAM_18K|  DSP  |    FF   |   LUT   | URAM |
+---------------------+---------+-------+---------+---------+------+
|DSP                  |        -|      -|        -|        -|     -|
|Expression           |        -|      -|        0|       22|     -|
|FIFO                 |       60|      -|     4160|     2208|     -|
|Instance             |        4|     32|    11569|     9218|     -|
|Memory               |        -|      -|        -|        -|     -|
|Multiplexer          |        -|      -|        -|       36|     -|
|Register             |        -|      -|        5|        -|     -|
+---------------------+---------+-------+---------+---------+------+
|Total                |       64|     32|    15734|    11484|     0|
+---------------------+---------+-------+---------+---------+------+
|Available SLR        |     1344|   3072|   864000|   432000|   320|
+---------------------+---------+-------+---------+---------+------+
|Utilization SLR (%)  |        4|      1|        1|        2|     0|
+---------------------+---------+-------+---------+---------+------+
|Available            |     5376|  12288|  3456000|  1728000|  1280|
+---------------------+---------+-------+---------+---------+------+
|Utilization (%)      |        1|     ~0|       ~0|       ~0|     0|
+---------------------+---------+-------+---------+---------+------+

+ Detail: 
    * Instance: 
    +--------------------------------------+-----------------------------------+---------+----+------+------+-----+
    |               Instance               |               Module              | BRAM_18K| DSP|  FF  |  LUT | URAM|
    +--------------------------------------+-----------------------------------+---------+----+------+------+-----+
    |int4_rms_gather_streams_U0            |int4_rms_gather_streams            |        0|   0|  1053|   362|    0|
    |int4_rms_normalize_quantize_pe_U0     |int4_rms_normalize_quantize_pe     |        1|   8|  2629|  2214|    0|
    |int4_rms_normalize_quantize_pe_13_U0  |int4_rms_normalize_quantize_pe_13  |        1|   8|  2629|  2214|    0|
    |int4_rms_normalize_quantize_pe_14_U0  |int4_rms_normalize_quantize_pe_14  |        1|   8|  2629|  2214|    0|
    |int4_rms_normalize_quantize_pe_15_U0  |int4_rms_normalize_quantize_pe_15  |        1|   8|  2629|  2214|    0|
    +--------------------------------------+-----------------------------------+---------+----+------+------+-----+
    |Total                                 |                                   |        4|  32| 11569|  9218|    0|
    +--------------------------------------+-----------------------------------+---------+----+------+------+-----+

    * DSP: 
    N/A

    * Memory: 
    N/A

    * FIFO: 
    +-----------------+---------+------+----+-----+------+-----+---------+
    |       Name      | BRAM_18K|  FF  | LUT| URAM| Depth| Bits| Size:D*B|
    +-----------------+---------+------+----+-----+------+-----+---------+
    |quantized_pe0_U  |       15|  1035|   0|    -|     4|  480|     1920|
    |quantized_pe1_U  |       15|  1035|   0|    -|     4|  480|     1920|
    |quantized_pe2_U  |       15|  1035|   0|    -|     4|  480|     1920|
    |quantized_pe3_U  |       15|  1035|   0|    -|     4|  480|     1920|
    |scale_pe0_U      |        0|     5|   0|    -|     4|   32|      128|
    |scale_pe1_U      |        0|     5|   0|    -|     4|   32|      128|
    |scale_pe2_U      |        0|     5|   0|    -|     4|   32|      128|
    |scale_pe3_U      |        0|     5|   0|    -|     4|   32|      128|
    +-----------------+---------+------+----+-----+------+-----+---------+
    |Total            |       60|  4160|   0|    0|    32| 2048|     8192|
    +-----------------+---------+------+----+-----+------+-----+---------+

    * Expression: 
    +-------------------------------------------------------+----------+----+---+----+------------+------------+
    |                     Variable Name                     | Operation| DSP| FF| LUT| Bitwidth P0| Bitwidth P1|
    +-------------------------------------------------------+----------+----+---+----+------------+------------+
    |ap_idle                                                |       and|   0|  0|   2|           1|           1|
    |ap_sync_ready                                          |       and|   0|  0|   2|           1|           1|
    |int4_rms_normalize_quantize_pe_13_U0_ap_start          |       and|   0|  0|   2|           1|           1|
    |int4_rms_normalize_quantize_pe_14_U0_ap_start          |       and|   0|  0|   2|           1|           1|
    |int4_rms_normalize_quantize_pe_15_U0_ap_start          |       and|   0|  0|   2|           1|           1|
    |int4_rms_normalize_quantize_pe_U0_ap_start             |       and|   0|  0|   2|           1|           1|
    |ap_sync_int4_rms_normalize_quantize_pe_13_U0_ap_ready  |        or|   0|  0|   2|           1|           1|
    |ap_sync_int4_rms_normalize_quantize_pe_14_U0_ap_ready  |        or|   0|  0|   2|           1|           1|
    |ap_sync_int4_rms_normalize_quantize_pe_15_U0_ap_ready  |        or|   0|  0|   2|           1|           1|
    |ap_sync_int4_rms_normalize_quantize_pe_U0_ap_ready     |        or|   0|  0|   2|           1|           1|
    |int4_rms_gather_streams_U0_ap_start                    |        or|   0|  0|   2|           1|           1|
    +-------------------------------------------------------+----------+----+---+----+------------+------------+
    |Total                                                  |          |   0|  0|  22|          11|          11|
    +-------------------------------------------------------+----------+----+---+----+------------+------------+

    * Multiplexer: 
    +-----------------------------------------------------------+----+-----------+-----+-----------+
    |                            Name                           | LUT| Input Size| Bits| Total Bits|
    +-----------------------------------------------------------+----+-----------+-----+-----------+
    |ap_sync_reg_int4_rms_normalize_quantize_pe_13_U0_ap_ready  |   9|          2|    1|          2|
    |ap_sync_reg_int4_rms_normalize_quantize_pe_14_U0_ap_ready  |   9|          2|    1|          2|
    |ap_sync_reg_int4_rms_normalize_quantize_pe_15_U0_ap_ready  |   9|          2|    1|          2|
    |ap_sync_reg_int4_rms_normalize_quantize_pe_U0_ap_ready     |   9|          2|    1|          2|
    +-----------------------------------------------------------+----+-----------+-----+-----------+
    |Total                                                      |  36|          8|    4|          8|
    +-----------------------------------------------------------+----+-----------+-----+-----------+

    * Register: 
    +-----------------------------------------------------------+---+----+-----+-----------+
    |                            Name                           | FF| LUT| Bits| Const Bits|
    +-----------------------------------------------------------+---+----+-----+-----------+
    |ap_sync_reg_int4_rms_gather_streams_U0_ap_start            |  1|   0|    1|          0|
    |ap_sync_reg_int4_rms_normalize_quantize_pe_13_U0_ap_ready  |  1|   0|    1|          0|
    |ap_sync_reg_int4_rms_normalize_quantize_pe_14_U0_ap_ready  |  1|   0|    1|          0|
    |ap_sync_reg_int4_rms_normalize_quantize_pe_15_U0_ap_ready  |  1|   0|    1|          0|
    |ap_sync_reg_int4_rms_normalize_quantize_pe_U0_ap_ready     |  1|   0|    1|          0|
    +-----------------------------------------------------------+---+----+-----+-----------+
    |Total                                                      |  5|   0|    5|          0|
    +-----------------------------------------------------------+---+----+-----+-----------+



================================================================
== Interface
================================================================
* Summary: 
+----------------------------+-----+-----+------------+---------------------------------------------+--------------+
|          RTL Ports         | Dir | Bits|  Protocol  |                Source Object                |    C Type    |
+----------------------------+-----+-----+------------+---------------------------------------------+--------------+
|input_pe0_address0          |  out|    6|   ap_memory|                                    input_pe0|         array|
|input_pe0_ce0               |  out|    1|   ap_memory|                                    input_pe0|         array|
|input_pe0_d0                |  out|  512|   ap_memory|                                    input_pe0|         array|
|input_pe0_q0                |   in|  512|   ap_memory|                                    input_pe0|         array|
|input_pe0_we0               |  out|    1|   ap_memory|                                    input_pe0|         array|
|input_pe0_address1          |  out|    6|   ap_memory|                                    input_pe0|         array|
|input_pe0_ce1               |  out|    1|   ap_memory|                                    input_pe0|         array|
|input_pe0_d1                |  out|  512|   ap_memory|                                    input_pe0|         array|
|input_pe0_q1                |   in|  512|   ap_memory|                                    input_pe0|         array|
|input_pe0_we1               |  out|    1|   ap_memory|                                    input_pe0|         array|
|input_pe1_address0          |  out|    6|   ap_memory|                                    input_pe1|         array|
|input_pe1_ce0               |  out|    1|   ap_memory|                                    input_pe1|         array|
|input_pe1_d0                |  out|  512|   ap_memory|                                    input_pe1|         array|
|input_pe1_q0                |   in|  512|   ap_memory|                                    input_pe1|         array|
|input_pe1_we0               |  out|    1|   ap_memory|                                    input_pe1|         array|
|input_pe1_address1          |  out|    6|   ap_memory|                                    input_pe1|         array|
|input_pe1_ce1               |  out|    1|   ap_memory|                                    input_pe1|         array|
|input_pe1_d1                |  out|  512|   ap_memory|                                    input_pe1|         array|
|input_pe1_q1                |   in|  512|   ap_memory|                                    input_pe1|         array|
|input_pe1_we1               |  out|    1|   ap_memory|                                    input_pe1|         array|
|input_pe2_address0          |  out|    6|   ap_memory|                                    input_pe2|         array|
|input_pe2_ce0               |  out|    1|   ap_memory|                                    input_pe2|         array|
|input_pe2_d0                |  out|  512|   ap_memory|                                    input_pe2|         array|
|input_pe2_q0                |   in|  512|   ap_memory|                                    input_pe2|         array|
|input_pe2_we0               |  out|    1|   ap_memory|                                    input_pe2|         array|
|input_pe2_address1          |  out|    6|   ap_memory|                                    input_pe2|         array|
|input_pe2_ce1               |  out|    1|   ap_memory|                                    input_pe2|         array|
|input_pe2_d1                |  out|  512|   ap_memory|                                    input_pe2|         array|
|input_pe2_q1                |   in|  512|   ap_memory|                                    input_pe2|         array|
|input_pe2_we1               |  out|    1|   ap_memory|                                    input_pe2|         array|
|input_pe3_address0          |  out|    6|   ap_memory|                                    input_pe3|         array|
|input_pe3_ce0               |  out|    1|   ap_memory|                                    input_pe3|         array|
|input_pe3_d0                |  out|  512|   ap_memory|                                    input_pe3|         array|
|input_pe3_q0                |   in|  512|   ap_memory|                                    input_pe3|         array|
|input_pe3_we0               |  out|    1|   ap_memory|                                    input_pe3|         array|
|input_pe3_address1          |  out|    6|   ap_memory|                                    input_pe3|         array|
|input_pe3_ce1               |  out|    1|   ap_memory|                                    input_pe3|         array|
|input_pe3_d1                |  out|  512|   ap_memory|                                    input_pe3|         array|
|input_pe3_q1                |   in|  512|   ap_memory|                                    input_pe3|         array|
|input_pe3_we1               |  out|    1|   ap_memory|                                    input_pe3|         array|
|reciprocal_rms              |   in|   32|     ap_none|                               reciprocal_rms|        scalar|
|reciprocal_rms_ap_vld       |   in|    1|     ap_none|                               reciprocal_rms|        scalar|
|quantized_stream_din        |  out|  480|     ap_fifo|                             quantized_stream|       pointer|
|quantized_stream_full_n     |   in|    1|     ap_fifo|                             quantized_stream|       pointer|
|quantized_stream_write      |  out|    1|     ap_fifo|                             quantized_stream|       pointer|
|scale_stream_din            |  out|   32|     ap_fifo|                                 scale_stream|       pointer|
|scale_stream_full_n         |   in|    1|     ap_fifo|                                 scale_stream|       pointer|
|scale_stream_write          |  out|    1|     ap_fifo|                                 scale_stream|       pointer|
|idx                         |   in|   13|     ap_none|                                          idx|        scalar|
|idx_ap_vld                  |   in|    1|     ap_none|                                          idx|        scalar|
|idx1                        |   in|   13|     ap_none|                                         idx1|        scalar|
|idx1_ap_vld                 |   in|    1|     ap_none|                                         idx1|        scalar|
|idx2                        |   in|   13|     ap_none|                                         idx2|        scalar|
|idx2_ap_vld                 |   in|    1|     ap_none|                                         idx2|        scalar|
|idx3                        |   in|   13|     ap_none|                                         idx3|        scalar|
|idx3_ap_vld                 |   in|    1|     ap_none|                                         idx3|        scalar|
|model_norm_cache0_address0  |  out|   13|   ap_memory|                            model_norm_cache0|         array|
|model_norm_cache0_ce0       |  out|    1|   ap_memory|                            model_norm_cache0|         array|
|model_norm_cache0_d0        |  out|  512|   ap_memory|                            model_norm_cache0|         array|
|model_norm_cache0_q0        |   in|  512|   ap_memory|                            model_norm_cache0|         array|
|model_norm_cache0_we0       |  out|    1|   ap_memory|                            model_norm_cache0|         array|
|model_norm_cache1_address0  |  out|   13|   ap_memory|                            model_norm_cache1|         array|
|model_norm_cache1_ce0       |  out|    1|   ap_memory|                            model_norm_cache1|         array|
|model_norm_cache1_d0        |  out|  512|   ap_memory|                            model_norm_cache1|         array|
|model_norm_cache1_q0        |   in|  512|   ap_memory|                            model_norm_cache1|         array|
|model_norm_cache1_we0       |  out|    1|   ap_memory|                            model_norm_cache1|         array|
|model_norm_cache2_address0  |  out|   13|   ap_memory|                            model_norm_cache2|         array|
|model_norm_cache2_ce0       |  out|    1|   ap_memory|                            model_norm_cache2|         array|
|model_norm_cache2_d0        |  out|  512|   ap_memory|                            model_norm_cache2|         array|
|model_norm_cache2_q0        |   in|  512|   ap_memory|                            model_norm_cache2|         array|
|model_norm_cache2_we0       |  out|    1|   ap_memory|                            model_norm_cache2|         array|
|model_norm_cache3_address0  |  out|   13|   ap_memory|                            model_norm_cache3|         array|
|model_norm_cache3_ce0       |  out|    1|   ap_memory|                            model_norm_cache3|         array|
|model_norm_cache3_d0        |  out|  512|   ap_memory|                            model_norm_cache3|         array|
|model_norm_cache3_q0        |   in|  512|   ap_memory|                            model_norm_cache3|         array|
|model_norm_cache3_we0       |  out|    1|   ap_memory|                            model_norm_cache3|         array|
|ap_clk                      |   in|    1|  ap_ctrl_hs|  int4_rms_normalize_quantize_four_pes_stream|  return value|
|ap_rst                      |   in|    1|  ap_ctrl_hs|  int4_rms_normalize_quantize_four_pes_stream|  return value|
|ap_start                    |   in|    1|  ap_ctrl_hs|  int4_rms_normalize_quantize_four_pes_stream|  return value|
|ap_done                     |  out|    1|  ap_ctrl_hs|  int4_rms_normalize_quantize_four_pes_stream|  return value|
|ap_ready                    |  out|    1|  ap_ctrl_hs|  int4_rms_normalize_quantize_four_pes_stream|  return value|
|ap_idle                     |  out|    1|  ap_ctrl_hs|  int4_rms_normalize_quantize_four_pes_stream|  return value|
|ap_continue                 |   in|    1|  ap_ctrl_hs|  int4_rms_normalize_quantize_four_pes_stream|  return value|
+----------------------------+-----+-----+------------+---------------------------------------------+--------------+

