

================================================================
== Vitis HLS Report for 'int4_linear_4pe_from_stream'
================================================================
* Date:           Tue Aug 11 09:19:34 2026

* Version:        2023.2 (Build 4023990 on Oct 11 2023)
* Project:        proj_int4_decoder_xo
* Solution:       solution1 (Vitis Kernel Flow Target)
* Product family: virtexuplus
* Target device:  xcu250-figd2104-2L-e


================================================================
== Performance Estimates
================================================================
+ Timing: 
    * Summary: 
    +--------+---------+----------+------------+
    |  Clock |  Target | Estimated| Uncertainty|
    +--------+---------+----------+------------+
    |ap_clk  |  3.33 ns|  2.605 ns|     0.90 ns|
    +--------+---------+----------+------------+

+ Latency: 
    * Summary: 
    +---------+---------+----------+----------+-----+--------+---------+
    |  Latency (cycles) |  Latency (absolute) |   Interval   | Pipeline|
    |   min   |   max   |    min   |    max   | min |   max  |   Type  |
    +---------+---------+----------+----------+-----+--------+---------+
    |        1|   693618|  3.333 ns|  2.312 ms|    1|  693618|       no|
    +---------+---------+----------+----------+-----+--------+---------+

    + Detail: 
        * Instance: 
        +------------------------------+-------------------+---------+---------+----------+----------+-------+--------+----------+
        |                              |                   |  Latency (cycles) |  Latency (absolute) |    Interval    | Pipeline |
        |           Instance           |       Module      |   min   |   max   |    min   |    max   |  min  |   max  |   Type   |
        +------------------------------+-------------------+---------+---------+----------+----------+-------+--------+----------+
        |grp_int4_run_four_pes_fu_572  |int4_run_four_pes  |    32879|   693615|  0.110 ms|  2.312 ms|  32843|  693532|  dataflow|
        +------------------------------+-------------------+---------+---------+----------+----------+-------+--------+----------+

        * Loop: 
        N/A



================================================================
== Utilization Estimates
================================================================
* Summary: 
+---------------------+---------+-------+---------+---------+------+
|         Name        | BRAM_18K|  DSP  |    FF   |   LUT   | URAM |
+---------------------+---------+-------+---------+---------+------+
|DSP                  |        -|      -|        -|        -|     -|
|Expression           |        -|      -|        0|      176|     -|
|FIFO                 |        -|      -|        -|        -|     -|
|Instance             |      240|    364|    98433|    69954|   128|
|Memory               |        -|      -|        -|        -|     -|
|Multiplexer          |        -|      -|        -|      467|     -|
|Register             |        -|      -|      141|        -|     -|
+---------------------+---------+-------+---------+---------+------+
|Total                |      240|    364|    98574|    70597|   128|
+---------------------+---------+-------+---------+---------+------+
|Available SLR        |     1344|   3072|   864000|   432000|   320|
+---------------------+---------+-------+---------+---------+------+
|Utilization SLR (%)  |       17|     11|       11|       16|    40|
+---------------------+---------+-------+---------+---------+------+
|Available            |     5376|  12288|  3456000|  1728000|  1280|
+---------------------+---------+-------+---------+---------+------+
|Utilization (%)      |        4|      2|        2|        4|    10|
+---------------------+---------+-------+---------+---------+------+

+ Detail: 
    * Instance: 
    +------------------------------+-------------------+---------+-----+-------+-------+-----+
    |           Instance           |       Module      | BRAM_18K| DSP |   FF  |  LUT  | URAM|
    +------------------------------+-------------------+---------+-----+-------+-------+-----+
    |grp_int4_run_four_pes_fu_572  |int4_run_four_pes  |      240|  364|  98433|  69954|  128|
    +------------------------------+-------------------+---------+-----+-------+-------+-----+
    |Total                         |                   |      240|  364|  98433|  69954|  128|
    +------------------------------+-------------------+---------+-----+-------+-------+-----+

    * DSP: 
    N/A

    * Memory: 
    N/A

    * FIFO: 
    N/A

    * Expression: 
    +-----------------------------------------------+----------+----+---+----+------------+------------+
    |                 Variable Name                 | Operation| DSP| FF| LUT| Bitwidth P0| Bitwidth P1|
    +-----------------------------------------------+----------+----+---+----+------------+------------+
    |add_ln1077_fu_744_p2                           |         +|   0|  0|  14|           7|           1|
    |add_ln1079_fu_766_p2                           |         +|   0|  0|  13|           6|           1|
    |add_ln1128_fu_715_p2                           |         +|   0|  0|  31|          24|          24|
    |add_ln1129_fu_728_p2                           |         +|   0|  0|  18|          11|          11|
    |ap_condition_778                               |       and|   0|  0|   2|           1|           1|
    |icmp_ln1077_fu_760_p2                          |      icmp|   0|  0|   9|           2|           1|
    |icmp_ln1468_fu_653_p2                          |      icmp|   0|  0|  10|           3|           2|
    |icmp_ln1469_fu_659_p2                          |      icmp|   0|  0|  10|           3|           3|
    |icmp_ln171_1_fu_693_p2                         |      icmp|   0|  0|  15|           8|           2|
    |icmp_ln171_fu_679_p2                           |      icmp|   0|  0|  14|           7|           1|
    |output_fxp_fu_647_p2                           |      icmp|   0|  0|  10|           3|           2|
    |ap_block_state1                                |        or|   0|  0|   2|           1|           1|
    |ap_sync_grp_int4_run_four_pes_fu_572_ap_done   |        or|   0|  0|   2|           1|           1|
    |ap_sync_grp_int4_run_four_pes_fu_572_ap_ready  |        or|   0|  0|   2|           1|           1|
    |fuse_residual_fu_665_p2                        |        or|   0|  0|   2|           1|           1|
    |local_tiles_1_fu_685_p3                        |    select|   0|  0|   6|           1|           1|
    |local_tiles_2_fu_699_p3                        |    select|   0|  0|   6|           1|           1|
    |select_ln1077_1_fu_780_p3                      |    select|   0|  0|   3|           1|           1|
    |select_ln1077_fu_771_p3                        |    select|   0|  0|   7|           1|           6|
    +-----------------------------------------------+----------+----+---+----+------------+------------+
    |Total                                          |          |   0|  0| 176|          83|          62|
    +-----------------------------------------------+----------+----+---+----+------------+------------+

    * Multiplexer: 
    +---------------------------------------------------------------------------------------+----+-----------+-----+-----------+
    |                                          Name                                         | LUT| Input Size| Bits| Total Bits|
    +---------------------------------------------------------------------------------------+----+-----------+-----+-----------+
    |ap_NS_fsm                                                                              |  26|          5|    1|          5|
    |ap_done                                                                                |   9|          2|    1|          2|
    |ap_phi_mux_controller_layer_index_ininout_tmp_2_phi_fu_487_p18                         |  14|          3|    6|         18|
    |ap_phi_mux_controller_linear_mode_ininout_tmp_2_phi_fu_511_p18                         |  37|          7|    3|         21|
    |ap_phi_mux_controller_run_linear_ininout_tmp_2_phi_fu_543_p18                          |  14|          3|    1|          3|
    |ap_phi_mux_controller_weight_scale_word_offset_constprop_ininout_tmp_1_phi_fu_463_p18  |   9|          2|   11|         22|
    |ap_phi_mux_controller_weight_word_offset_constprop_ininout_tmp_1_phi_fu_439_p18        |   9|          2|   24|         48|
    |ap_phi_mux_local_tiles_0_phi_fu_354_p10                                                |  20|          4|    6|         24|
    |controller_exit                                                                        |   9|          2|    1|          2|
    |controller_layer_index_ininout_tmp_2_reg_484                                           |   9|          2|    6|         12|
    |controller_layer_index_out                                                             |   9|          2|    6|         12|
    |controller_linear_mode_ininout_tmp_2_reg_508                                           |  37|          7|    3|         21|
    |controller_linear_mode_out                                                             |   9|          2|    3|          6|
    |controller_rmsnorm_mode                                                                |  14|          3|    2|          6|
    |controller_rmsnorm_mode_preg                                                           |   9|          2|    2|          4|
    |controller_run_linear_ininout_tmp_2_reg_540                                            |  14|          3|    1|          3|
    |controller_run_linear_out                                                              |   9|          2|    1|          2|
    |controller_run_rmsnorm                                                                 |   9|          2|    1|          2|
    |controller_run_rope                                                                    |   9|          2|    1|          2|
    |controller_run_swiglu                                                                  |   9|          2|    1|          2|
    |controller_weight_scale_word_offset_constprop_ininout_tmp_1_reg_460                    |   9|          2|   11|         22|
    |controller_weight_scale_word_offset_constprop_out                                      |   9|          2|   11|         22|
    |controller_weight_word_offset_constprop_ininout_tmp_1_reg_436                          |   9|          2|   24|         48|
    |controller_weight_word_offset_constprop_out                                            |   9|          2|   24|         48|
    |local_tiles_0_reg_351                                                                  |  14|          3|    6|         18|
    |m_axi_gmem0_ARVALID                                                                    |   9|          2|    1|          2|
    |m_axi_gmem0_RREADY                                                                     |   9|          2|    1|          2|
    |m_axi_gmem1_ARVALID                                                                    |   9|          2|    1|          2|
    |m_axi_gmem1_RREADY                                                                     |   9|          2|    1|          2|
    |m_axi_gmem2_ARVALID                                                                    |   9|          2|    1|          2|
    |m_axi_gmem2_RREADY                                                                     |   9|          2|    1|          2|
    |m_axi_gmem3_ARVALID                                                                    |   9|          2|    1|          2|
    |m_axi_gmem3_RREADY                                                                     |   9|          2|    1|          2|
    |quantized_stream_i_read                                                                |   9|          2|    1|          2|
    |scale_stream_i_read                                                                    |   9|          2|    1|          2|
    |scale_words_reg_395                                                                    |  14|          3|    5|         15|
    |shape_input_tiles_reg_372                                                              |   9|          2|    5|         10|
    |weight_words_reg_415                                                                   |  20|          4|    7|         28|
    +---------------------------------------------------------------------------------------+----+-----------+-----+-----------+
    |Total                                                                                  | 467|         99|  184|        448|
    +---------------------------------------------------------------------------------------+----+-----------+-----+-----------+

    * Register: 
    +---------------------------------------------------------------------+----+----+-----+-----------+
    |                                 Name                                | FF | LUT| Bits| Const Bits|
    +---------------------------------------------------------------------+----+----+-----+-----------+
    |ap_CS_fsm                                                            |   4|   0|    4|          0|
    |ap_done_reg                                                          |   1|   0|    1|          0|
    |ap_sync_reg_grp_int4_run_four_pes_fu_572_ap_done                     |   1|   0|    1|          0|
    |ap_sync_reg_grp_int4_run_four_pes_fu_572_ap_ready                    |   1|   0|    1|          0|
    |controller_exit_preg                                                 |   1|   0|    1|          0|
    |controller_layer_index_ininout_tmp_2_reg_484                         |   6|   0|    6|          0|
    |controller_layer_index_out_preg                                      |   6|   0|    6|          0|
    |controller_linear_mode_ininout_tmp_2_reg_508                         |   3|   0|    3|          0|
    |controller_linear_mode_out_preg                                      |   3|   0|    3|          0|
    |controller_rmsnorm_mode_preg                                         |   2|   0|    2|          0|
    |controller_run_linear_ininout_tmp_2_reg_540                          |   1|   0|    1|          0|
    |controller_run_linear_out_preg                                       |   1|   0|    1|          0|
    |controller_run_rmsnorm_preg                                          |   1|   0|    1|          0|
    |controller_run_rope_preg                                             |   1|   0|    1|          0|
    |controller_run_swiglu_preg                                           |   1|   0|    1|          0|
    |controller_weight_scale_word_offset_constprop_ininout_tmp_1_reg_460  |  11|   0|   11|          0|
    |controller_weight_scale_word_offset_constprop_out_preg               |  11|   0|   11|          0|
    |controller_weight_word_offset_constprop_ininout_tmp_1_reg_436        |  24|   0|   24|          0|
    |controller_weight_word_offset_constprop_out_preg                     |  24|   0|   24|          0|
    |fuse_residual_reg_865                                                |   1|   0|    1|          0|
    |grp_int4_run_four_pes_fu_572_ap_start_reg                            |   1|   0|    1|          0|
    |local_tiles_0_reg_351                                                |   6|   0|    6|          0|
    |local_tiles_1_reg_870                                                |   6|   0|    6|          0|
    |local_tiles_2_reg_875                                                |   6|   0|    6|          0|
    |output_fxp_reg_860                                                   |   1|   0|    1|          0|
    |scale_words_reg_395                                                  |   5|   0|    6|          1|
    |shape_input_tiles_reg_372                                            |   5|   0|    6|          1|
    |weight_words_reg_415                                                 |   7|   0|   18|         11|
    +---------------------------------------------------------------------+----+----+-----+-----------+
    |Total                                                                | 141|   0|  154|         13|
    +---------------------------------------------------------------------+----+----+-----+-----------+



================================================================
== Interface
================================================================
* Summary: 
+----------------------------------------------------------+-----+-----+------------+---------------------------------------------------+--------------+
|                         RTL Ports                        | Dir | Bits|  Protocol  |                   Source Object                   |    C Type    |
+----------------------------------------------------------+-----+-----+------------+---------------------------------------------------+--------------+
|ap_clk                                                    |   in|    1|  ap_ctrl_hs|                        int4_linear_4pe_from_stream|  return value|
|ap_rst                                                    |   in|    1|  ap_ctrl_hs|                        int4_linear_4pe_from_stream|  return value|
|ap_start                                                  |   in|    1|  ap_ctrl_hs|                        int4_linear_4pe_from_stream|  return value|
|ap_done                                                   |  out|    1|  ap_ctrl_hs|                        int4_linear_4pe_from_stream|  return value|
|ap_continue                                               |   in|    1|  ap_ctrl_hs|                        int4_linear_4pe_from_stream|  return value|
|ap_idle                                                   |  out|    1|  ap_ctrl_hs|                        int4_linear_4pe_from_stream|  return value|
|ap_ready                                                  |  out|    1|  ap_ctrl_hs|                        int4_linear_4pe_from_stream|  return value|
|m_axi_gmem0_AWVALID                                       |  out|    1|       m_axi|                                              gmem0|       pointer|
|m_axi_gmem0_AWREADY                                       |   in|    1|       m_axi|                                              gmem0|       pointer|
|m_axi_gmem0_AWADDR                                        |  out|   64|       m_axi|                                              gmem0|       pointer|
|m_axi_gmem0_AWID                                          |  out|    1|       m_axi|                                              gmem0|       pointer|
|m_axi_gmem0_AWLEN                                         |  out|   32|       m_axi|                                              gmem0|       pointer|
|m_axi_gmem0_AWSIZE                                        |  out|    3|       m_axi|                                              gmem0|       pointer|
|m_axi_gmem0_AWBURST                                       |  out|    2|       m_axi|                                              gmem0|       pointer|
|m_axi_gmem0_AWLOCK                                        |  out|    2|       m_axi|                                              gmem0|       pointer|
|m_axi_gmem0_AWCACHE                                       |  out|    4|       m_axi|                                              gmem0|       pointer|
|m_axi_gmem0_AWPROT                                        |  out|    3|       m_axi|                                              gmem0|       pointer|
|m_axi_gmem0_AWQOS                                         |  out|    4|       m_axi|                                              gmem0|       pointer|
|m_axi_gmem0_AWREGION                                      |  out|    4|       m_axi|                                              gmem0|       pointer|
|m_axi_gmem0_AWUSER                                        |  out|    1|       m_axi|                                              gmem0|       pointer|
|m_axi_gmem0_WVALID                                        |  out|    1|       m_axi|                                              gmem0|       pointer|
|m_axi_gmem0_WREADY                                        |   in|    1|       m_axi|                                              gmem0|       pointer|
|m_axi_gmem0_WDATA                                         |  out|  512|       m_axi|                                              gmem0|       pointer|
|m_axi_gmem0_WSTRB                                         |  out|   64|       m_axi|                                              gmem0|       pointer|
|m_axi_gmem0_WLAST                                         |  out|    1|       m_axi|                                              gmem0|       pointer|
|m_axi_gmem0_WID                                           |  out|    1|       m_axi|                                              gmem0|       pointer|
|m_axi_gmem0_WUSER                                         |  out|    1|       m_axi|                                              gmem0|       pointer|
|m_axi_gmem0_ARVALID                                       |  out|    1|       m_axi|                                              gmem0|       pointer|
|m_axi_gmem0_ARREADY                                       |   in|    1|       m_axi|                                              gmem0|       pointer|
|m_axi_gmem0_ARADDR                                        |  out|   64|       m_axi|                                              gmem0|       pointer|
|m_axi_gmem0_ARID                                          |  out|    1|       m_axi|                                              gmem0|       pointer|
|m_axi_gmem0_ARLEN                                         |  out|   32|       m_axi|                                              gmem0|       pointer|
|m_axi_gmem0_ARSIZE                                        |  out|    3|       m_axi|                                              gmem0|       pointer|
|m_axi_gmem0_ARBURST                                       |  out|    2|       m_axi|                                              gmem0|       pointer|
|m_axi_gmem0_ARLOCK                                        |  out|    2|       m_axi|                                              gmem0|       pointer|
|m_axi_gmem0_ARCACHE                                       |  out|    4|       m_axi|                                              gmem0|       pointer|
|m_axi_gmem0_ARPROT                                        |  out|    3|       m_axi|                                              gmem0|       pointer|
|m_axi_gmem0_ARQOS                                         |  out|    4|       m_axi|                                              gmem0|       pointer|
|m_axi_gmem0_ARREGION                                      |  out|    4|       m_axi|                                              gmem0|       pointer|
|m_axi_gmem0_ARUSER                                        |  out|    1|       m_axi|                                              gmem0|       pointer|
|m_axi_gmem0_RVALID                                        |   in|    1|       m_axi|                                              gmem0|       pointer|
|m_axi_gmem0_RREADY                                        |  out|    1|       m_axi|                                              gmem0|       pointer|
|m_axi_gmem0_RDATA                                         |   in|  512|       m_axi|                                              gmem0|       pointer|
|m_axi_gmem0_RLAST                                         |   in|    1|       m_axi|                                              gmem0|       pointer|
|m_axi_gmem0_RID                                           |   in|    1|       m_axi|                                              gmem0|       pointer|
|m_axi_gmem0_RFIFONUM                                      |   in|   12|       m_axi|                                              gmem0|       pointer|
|m_axi_gmem0_RUSER                                         |   in|    1|       m_axi|                                              gmem0|       pointer|
|m_axi_gmem0_RRESP                                         |   in|    2|       m_axi|                                              gmem0|       pointer|
|m_axi_gmem0_BVALID                                        |   in|    1|       m_axi|                                              gmem0|       pointer|
|m_axi_gmem0_BREADY                                        |  out|    1|       m_axi|                                              gmem0|       pointer|
|m_axi_gmem0_BRESP                                         |   in|    2|       m_axi|                                              gmem0|       pointer|
|m_axi_gmem0_BID                                           |   in|    1|       m_axi|                                              gmem0|       pointer|
|m_axi_gmem0_BUSER                                         |   in|    1|       m_axi|                                              gmem0|       pointer|
|weight_bank0                                              |   in|   64|     ap_none|                                       weight_bank0|        scalar|
|m_axi_gmem1_AWVALID                                       |  out|    1|       m_axi|                                              gmem1|       pointer|
|m_axi_gmem1_AWREADY                                       |   in|    1|       m_axi|                                              gmem1|       pointer|
|m_axi_gmem1_AWADDR                                        |  out|   64|       m_axi|                                              gmem1|       pointer|
|m_axi_gmem1_AWID                                          |  out|    1|       m_axi|                                              gmem1|       pointer|
|m_axi_gmem1_AWLEN                                         |  out|   32|       m_axi|                                              gmem1|       pointer|
|m_axi_gmem1_AWSIZE                                        |  out|    3|       m_axi|                                              gmem1|       pointer|
|m_axi_gmem1_AWBURST                                       |  out|    2|       m_axi|                                              gmem1|       pointer|
|m_axi_gmem1_AWLOCK                                        |  out|    2|       m_axi|                                              gmem1|       pointer|
|m_axi_gmem1_AWCACHE                                       |  out|    4|       m_axi|                                              gmem1|       pointer|
|m_axi_gmem1_AWPROT                                        |  out|    3|       m_axi|                                              gmem1|       pointer|
|m_axi_gmem1_AWQOS                                         |  out|    4|       m_axi|                                              gmem1|       pointer|
|m_axi_gmem1_AWREGION                                      |  out|    4|       m_axi|                                              gmem1|       pointer|
|m_axi_gmem1_AWUSER                                        |  out|    1|       m_axi|                                              gmem1|       pointer|
|m_axi_gmem1_WVALID                                        |  out|    1|       m_axi|                                              gmem1|       pointer|
|m_axi_gmem1_WREADY                                        |   in|    1|       m_axi|                                              gmem1|       pointer|
|m_axi_gmem1_WDATA                                         |  out|  512|       m_axi|                                              gmem1|       pointer|
|m_axi_gmem1_WSTRB                                         |  out|   64|       m_axi|                                              gmem1|       pointer|
|m_axi_gmem1_WLAST                                         |  out|    1|       m_axi|                                              gmem1|       pointer|
|m_axi_gmem1_WID                                           |  out|    1|       m_axi|                                              gmem1|       pointer|
|m_axi_gmem1_WUSER                                         |  out|    1|       m_axi|                                              gmem1|       pointer|
|m_axi_gmem1_ARVALID                                       |  out|    1|       m_axi|                                              gmem1|       pointer|
|m_axi_gmem1_ARREADY                                       |   in|    1|       m_axi|                                              gmem1|       pointer|
|m_axi_gmem1_ARADDR                                        |  out|   64|       m_axi|                                              gmem1|       pointer|
|m_axi_gmem1_ARID                                          |  out|    1|       m_axi|                                              gmem1|       pointer|
|m_axi_gmem1_ARLEN                                         |  out|   32|       m_axi|                                              gmem1|       pointer|
|m_axi_gmem1_ARSIZE                                        |  out|    3|       m_axi|                                              gmem1|       pointer|
|m_axi_gmem1_ARBURST                                       |  out|    2|       m_axi|                                              gmem1|       pointer|
|m_axi_gmem1_ARLOCK                                        |  out|    2|       m_axi|                                              gmem1|       pointer|
|m_axi_gmem1_ARCACHE                                       |  out|    4|       m_axi|                                              gmem1|       pointer|
|m_axi_gmem1_ARPROT                                        |  out|    3|       m_axi|                                              gmem1|       pointer|
|m_axi_gmem1_ARQOS                                         |  out|    4|       m_axi|                                              gmem1|       pointer|
|m_axi_gmem1_ARREGION                                      |  out|    4|       m_axi|                                              gmem1|       pointer|
|m_axi_gmem1_ARUSER                                        |  out|    1|       m_axi|                                              gmem1|       pointer|
|m_axi_gmem1_RVALID                                        |   in|    1|       m_axi|                                              gmem1|       pointer|
|m_axi_gmem1_RREADY                                        |  out|    1|       m_axi|                                              gmem1|       pointer|
|m_axi_gmem1_RDATA                                         |   in|  512|       m_axi|                                              gmem1|       pointer|
|m_axi_gmem1_RLAST                                         |   in|    1|       m_axi|                                              gmem1|       pointer|
|m_axi_gmem1_RID                                           |   in|    1|       m_axi|                                              gmem1|       pointer|
|m_axi_gmem1_RFIFONUM                                      |   in|   12|       m_axi|                                              gmem1|       pointer|
|m_axi_gmem1_RUSER                                         |   in|    1|       m_axi|                                              gmem1|       pointer|
|m_axi_gmem1_RRESP                                         |   in|    2|       m_axi|                                              gmem1|       pointer|
|m_axi_gmem1_BVALID                                        |   in|    1|       m_axi|                                              gmem1|       pointer|
|m_axi_gmem1_BREADY                                        |  out|    1|       m_axi|                                              gmem1|       pointer|
|m_axi_gmem1_BRESP                                         |   in|    2|       m_axi|                                              gmem1|       pointer|
|m_axi_gmem1_BID                                           |   in|    1|       m_axi|                                              gmem1|       pointer|
|m_axi_gmem1_BUSER                                         |   in|    1|       m_axi|                                              gmem1|       pointer|
|weight_bank1                                              |   in|   64|     ap_none|                                       weight_bank1|        scalar|
|m_axi_gmem2_AWVALID                                       |  out|    1|       m_axi|                                              gmem2|       pointer|
|m_axi_gmem2_AWREADY                                       |   in|    1|       m_axi|                                              gmem2|       pointer|
|m_axi_gmem2_AWADDR                                        |  out|   64|       m_axi|                                              gmem2|       pointer|
|m_axi_gmem2_AWID                                          |  out|    1|       m_axi|                                              gmem2|       pointer|
|m_axi_gmem2_AWLEN                                         |  out|   32|       m_axi|                                              gmem2|       pointer|
|m_axi_gmem2_AWSIZE                                        |  out|    3|       m_axi|                                              gmem2|       pointer|
|m_axi_gmem2_AWBURST                                       |  out|    2|       m_axi|                                              gmem2|       pointer|
|m_axi_gmem2_AWLOCK                                        |  out|    2|       m_axi|                                              gmem2|       pointer|
|m_axi_gmem2_AWCACHE                                       |  out|    4|       m_axi|                                              gmem2|       pointer|
|m_axi_gmem2_AWPROT                                        |  out|    3|       m_axi|                                              gmem2|       pointer|
|m_axi_gmem2_AWQOS                                         |  out|    4|       m_axi|                                              gmem2|       pointer|
|m_axi_gmem2_AWREGION                                      |  out|    4|       m_axi|                                              gmem2|       pointer|
|m_axi_gmem2_AWUSER                                        |  out|    1|       m_axi|                                              gmem2|       pointer|
|m_axi_gmem2_WVALID                                        |  out|    1|       m_axi|                                              gmem2|       pointer|
|m_axi_gmem2_WREADY                                        |   in|    1|       m_axi|                                              gmem2|       pointer|
|m_axi_gmem2_WDATA                                         |  out|  512|       m_axi|                                              gmem2|       pointer|
|m_axi_gmem2_WSTRB                                         |  out|   64|       m_axi|                                              gmem2|       pointer|
|m_axi_gmem2_WLAST                                         |  out|    1|       m_axi|                                              gmem2|       pointer|
|m_axi_gmem2_WID                                           |  out|    1|       m_axi|                                              gmem2|       pointer|
|m_axi_gmem2_WUSER                                         |  out|    1|       m_axi|                                              gmem2|       pointer|
|m_axi_gmem2_ARVALID                                       |  out|    1|       m_axi|                                              gmem2|       pointer|
|m_axi_gmem2_ARREADY                                       |   in|    1|       m_axi|                                              gmem2|       pointer|
|m_axi_gmem2_ARADDR                                        |  out|   64|       m_axi|                                              gmem2|       pointer|
|m_axi_gmem2_ARID                                          |  out|    1|       m_axi|                                              gmem2|       pointer|
|m_axi_gmem2_ARLEN                                         |  out|   32|       m_axi|                                              gmem2|       pointer|
|m_axi_gmem2_ARSIZE                                        |  out|    3|       m_axi|                                              gmem2|       pointer|
|m_axi_gmem2_ARBURST                                       |  out|    2|       m_axi|                                              gmem2|       pointer|
|m_axi_gmem2_ARLOCK                                        |  out|    2|       m_axi|                                              gmem2|       pointer|
|m_axi_gmem2_ARCACHE                                       |  out|    4|       m_axi|                                              gmem2|       pointer|
|m_axi_gmem2_ARPROT                                        |  out|    3|       m_axi|                                              gmem2|       pointer|
|m_axi_gmem2_ARQOS                                         |  out|    4|       m_axi|                                              gmem2|       pointer|
|m_axi_gmem2_ARREGION                                      |  out|    4|       m_axi|                                              gmem2|       pointer|
|m_axi_gmem2_ARUSER                                        |  out|    1|       m_axi|                                              gmem2|       pointer|
|m_axi_gmem2_RVALID                                        |   in|    1|       m_axi|                                              gmem2|       pointer|
|m_axi_gmem2_RREADY                                        |  out|    1|       m_axi|                                              gmem2|       pointer|
|m_axi_gmem2_RDATA                                         |   in|  512|       m_axi|                                              gmem2|       pointer|
|m_axi_gmem2_RLAST                                         |   in|    1|       m_axi|                                              gmem2|       pointer|
|m_axi_gmem2_RID                                           |   in|    1|       m_axi|                                              gmem2|       pointer|
|m_axi_gmem2_RFIFONUM                                      |   in|   12|       m_axi|                                              gmem2|       pointer|
|m_axi_gmem2_RUSER                                         |   in|    1|       m_axi|                                              gmem2|       pointer|
|m_axi_gmem2_RRESP                                         |   in|    2|       m_axi|                                              gmem2|       pointer|
|m_axi_gmem2_BVALID                                        |   in|    1|       m_axi|                                              gmem2|       pointer|
|m_axi_gmem2_BREADY                                        |  out|    1|       m_axi|                                              gmem2|       pointer|
|m_axi_gmem2_BRESP                                         |   in|    2|       m_axi|                                              gmem2|       pointer|
|m_axi_gmem2_BID                                           |   in|    1|       m_axi|                                              gmem2|       pointer|
|m_axi_gmem2_BUSER                                         |   in|    1|       m_axi|                                              gmem2|       pointer|
|weight_bank2                                              |   in|   64|     ap_none|                                       weight_bank2|        scalar|
|m_axi_gmem3_AWVALID                                       |  out|    1|       m_axi|                                              gmem3|       pointer|
|m_axi_gmem3_AWREADY                                       |   in|    1|       m_axi|                                              gmem3|       pointer|
|m_axi_gmem3_AWADDR                                        |  out|   64|       m_axi|                                              gmem3|       pointer|
|m_axi_gmem3_AWID                                          |  out|    1|       m_axi|                                              gmem3|       pointer|
|m_axi_gmem3_AWLEN                                         |  out|   32|       m_axi|                                              gmem3|       pointer|
|m_axi_gmem3_AWSIZE                                        |  out|    3|       m_axi|                                              gmem3|       pointer|
|m_axi_gmem3_AWBURST                                       |  out|    2|       m_axi|                                              gmem3|       pointer|
|m_axi_gmem3_AWLOCK                                        |  out|    2|       m_axi|                                              gmem3|       pointer|
|m_axi_gmem3_AWCACHE                                       |  out|    4|       m_axi|                                              gmem3|       pointer|
|m_axi_gmem3_AWPROT                                        |  out|    3|       m_axi|                                              gmem3|       pointer|
|m_axi_gmem3_AWQOS                                         |  out|    4|       m_axi|                                              gmem3|       pointer|
|m_axi_gmem3_AWREGION                                      |  out|    4|       m_axi|                                              gmem3|       pointer|
|m_axi_gmem3_AWUSER                                        |  out|    1|       m_axi|                                              gmem3|       pointer|
|m_axi_gmem3_WVALID                                        |  out|    1|       m_axi|                                              gmem3|       pointer|
|m_axi_gmem3_WREADY                                        |   in|    1|       m_axi|                                              gmem3|       pointer|
|m_axi_gmem3_WDATA                                         |  out|  512|       m_axi|                                              gmem3|       pointer|
|m_axi_gmem3_WSTRB                                         |  out|   64|       m_axi|                                              gmem3|       pointer|
|m_axi_gmem3_WLAST                                         |  out|    1|       m_axi|                                              gmem3|       pointer|
|m_axi_gmem3_WID                                           |  out|    1|       m_axi|                                              gmem3|       pointer|
|m_axi_gmem3_WUSER                                         |  out|    1|       m_axi|                                              gmem3|       pointer|
|m_axi_gmem3_ARVALID                                       |  out|    1|       m_axi|                                              gmem3|       pointer|
|m_axi_gmem3_ARREADY                                       |   in|    1|       m_axi|                                              gmem3|       pointer|
|m_axi_gmem3_ARADDR                                        |  out|   64|       m_axi|                                              gmem3|       pointer|
|m_axi_gmem3_ARID                                          |  out|    1|       m_axi|                                              gmem3|       pointer|
|m_axi_gmem3_ARLEN                                         |  out|   32|       m_axi|                                              gmem3|       pointer|
|m_axi_gmem3_ARSIZE                                        |  out|    3|       m_axi|                                              gmem3|       pointer|
|m_axi_gmem3_ARBURST                                       |  out|    2|       m_axi|                                              gmem3|       pointer|
|m_axi_gmem3_ARLOCK                                        |  out|    2|       m_axi|                                              gmem3|       pointer|
|m_axi_gmem3_ARCACHE                                       |  out|    4|       m_axi|                                              gmem3|       pointer|
|m_axi_gmem3_ARPROT                                        |  out|    3|       m_axi|                                              gmem3|       pointer|
|m_axi_gmem3_ARQOS                                         |  out|    4|       m_axi|                                              gmem3|       pointer|
|m_axi_gmem3_ARREGION                                      |  out|    4|       m_axi|                                              gmem3|       pointer|
|m_axi_gmem3_ARUSER                                        |  out|    1|       m_axi|                                              gmem3|       pointer|
|m_axi_gmem3_RVALID                                        |   in|    1|       m_axi|                                              gmem3|       pointer|
|m_axi_gmem3_RREADY                                        |  out|    1|       m_axi|                                              gmem3|       pointer|
|m_axi_gmem3_RDATA                                         |   in|  512|       m_axi|                                              gmem3|       pointer|
|m_axi_gmem3_RLAST                                         |   in|    1|       m_axi|                                              gmem3|       pointer|
|m_axi_gmem3_RID                                           |   in|    1|       m_axi|                                              gmem3|       pointer|
|m_axi_gmem3_RFIFONUM                                      |   in|   12|       m_axi|                                              gmem3|       pointer|
|m_axi_gmem3_RUSER                                         |   in|    1|       m_axi|                                              gmem3|       pointer|
|m_axi_gmem3_RRESP                                         |   in|    2|       m_axi|                                              gmem3|       pointer|
|m_axi_gmem3_BVALID                                        |   in|    1|       m_axi|                                              gmem3|       pointer|
|m_axi_gmem3_BREADY                                        |  out|    1|       m_axi|                                              gmem3|       pointer|
|m_axi_gmem3_BRESP                                         |   in|    2|       m_axi|                                              gmem3|       pointer|
|m_axi_gmem3_BID                                           |   in|    1|       m_axi|                                              gmem3|       pointer|
|m_axi_gmem3_BUSER                                         |   in|    1|       m_axi|                                              gmem3|       pointer|
|weight_bank3                                              |   in|   64|     ap_none|                                       weight_bank3|        scalar|
|activation_q_address0                                     |  out|    9|   ap_memory|                                       activation_q|         array|
|activation_q_ce0                                          |  out|    1|   ap_memory|                                       activation_q|         array|
|activation_q_we0                                          |  out|    1|   ap_memory|                                       activation_q|         array|
|activation_q_d0                                           |  out|  480|   ap_memory|                                       activation_q|         array|
|activation_q_q0                                           |   in|  480|   ap_memory|                                       activation_q|         array|
|activation_scale_address0                                 |  out|    5|   ap_memory|                                   activation_scale|         array|
|activation_scale_ce0                                      |  out|    1|   ap_memory|                                   activation_scale|         array|
|activation_scale_we0                                      |  out|    1|   ap_memory|                                   activation_scale|         array|
|activation_scale_d0                                       |  out|  512|   ap_memory|                                   activation_scale|         array|
|activation_scale_q0                                       |   in|  512|   ap_memory|                                   activation_scale|         array|
|quantized_stream_i_dout                                   |   in|  480|     ap_fifo|                                 quantized_stream_i|       pointer|
|quantized_stream_i_num_data_valid                         |   in|    3|     ap_fifo|                                 quantized_stream_i|       pointer|
|quantized_stream_i_fifo_cap                               |   in|    3|     ap_fifo|                                 quantized_stream_i|       pointer|
|quantized_stream_i_empty_n                                |   in|    1|     ap_fifo|                                 quantized_stream_i|       pointer|
|quantized_stream_i_read                                   |  out|    1|     ap_fifo|                                 quantized_stream_i|       pointer|
|scale_stream_i_dout                                       |   in|   32|     ap_fifo|                                     scale_stream_i|       pointer|
|scale_stream_i_num_data_valid                             |   in|    3|     ap_fifo|                                     scale_stream_i|       pointer|
|scale_stream_i_fifo_cap                                   |   in|    3|     ap_fifo|                                     scale_stream_i|       pointer|
|scale_stream_i_empty_n                                    |   in|    1|     ap_fifo|                                     scale_stream_i|       pointer|
|scale_stream_i_read                                       |  out|    1|     ap_fifo|                                     scale_stream_i|       pointer|
|p_read                                                    |   in|    1|     ap_none|                                             p_read|        scalar|
|output_pe0_address0                                       |  out|    9|   ap_memory|                                         output_pe0|         array|
|output_pe0_ce0                                            |  out|    1|   ap_memory|                                         output_pe0|         array|
|output_pe0_q0                                             |   in|  512|   ap_memory|                                         output_pe0|         array|
|output_pe0_address1                                       |  out|    9|   ap_memory|                                         output_pe0|         array|
|output_pe0_ce1                                            |  out|    1|   ap_memory|                                         output_pe0|         array|
|output_pe0_we1                                            |  out|    1|   ap_memory|                                         output_pe0|         array|
|output_pe0_d1                                             |  out|  512|   ap_memory|                                         output_pe0|         array|
|output_pe1_address0                                       |  out|    9|   ap_memory|                                         output_pe1|         array|
|output_pe1_ce0                                            |  out|    1|   ap_memory|                                         output_pe1|         array|
|output_pe1_q0                                             |   in|  512|   ap_memory|                                         output_pe1|         array|
|output_pe1_address1                                       |  out|    9|   ap_memory|                                         output_pe1|         array|
|output_pe1_ce1                                            |  out|    1|   ap_memory|                                         output_pe1|         array|
|output_pe1_we1                                            |  out|    1|   ap_memory|                                         output_pe1|         array|
|output_pe1_d1                                             |  out|  512|   ap_memory|                                         output_pe1|         array|
|output_pe2_address0                                       |  out|    9|   ap_memory|                                         output_pe2|         array|
|output_pe2_ce0                                            |  out|    1|   ap_memory|                                         output_pe2|         array|
|output_pe2_q0                                             |   in|  512|   ap_memory|                                         output_pe2|         array|
|output_pe2_address1                                       |  out|    9|   ap_memory|                                         output_pe2|         array|
|output_pe2_ce1                                            |  out|    1|   ap_memory|                                         output_pe2|         array|
|output_pe2_we1                                            |  out|    1|   ap_memory|                                         output_pe2|         array|
|output_pe2_d1                                             |  out|  512|   ap_memory|                                         output_pe2|         array|
|output_pe3_address0                                       |  out|    9|   ap_memory|                                         output_pe3|         array|
|output_pe3_ce0                                            |  out|    1|   ap_memory|                                         output_pe3|         array|
|output_pe3_q0                                             |   in|  512|   ap_memory|                                         output_pe3|         array|
|output_pe3_address1                                       |  out|    9|   ap_memory|                                         output_pe3|         array|
|output_pe3_ce1                                            |  out|    1|   ap_memory|                                         output_pe3|         array|
|output_pe3_we1                                            |  out|    1|   ap_memory|                                         output_pe3|         array|
|output_pe3_d1                                             |  out|  512|   ap_memory|                                         output_pe3|         array|
|controller_run_rmsnorm                                    |  out|    1|      ap_vld|                             controller_run_rmsnorm|       pointer|
|controller_run_rmsnorm_ap_vld                             |  out|    1|      ap_vld|                             controller_run_rmsnorm|       pointer|
|controller_rmsnorm_mode                                   |  out|    2|      ap_vld|                            controller_rmsnorm_mode|       pointer|
|controller_rmsnorm_mode_ap_vld                            |  out|    1|      ap_vld|                            controller_rmsnorm_mode|       pointer|
|p_read1                                                   |   in|    1|     ap_none|                                            p_read1|        scalar|
|controller_run_linear_out                                 |  out|    1|      ap_vld|                          controller_run_linear_out|       pointer|
|controller_run_linear_out_ap_vld                          |  out|    1|      ap_vld|                          controller_run_linear_out|       pointer|
|p_read2                                                   |   in|    3|     ap_none|                                            p_read2|        scalar|
|controller_linear_mode_out                                |  out|    3|      ap_vld|                         controller_linear_mode_out|       pointer|
|controller_linear_mode_out_ap_vld                         |  out|    1|      ap_vld|                         controller_linear_mode_out|       pointer|
|controller_run_rope                                       |  out|    1|      ap_vld|                                controller_run_rope|       pointer|
|controller_run_rope_ap_vld                                |  out|    1|      ap_vld|                                controller_run_rope|       pointer|
|controller_run_swiglu                                     |  out|    1|      ap_vld|                              controller_run_swiglu|       pointer|
|controller_run_swiglu_ap_vld                              |  out|    1|      ap_vld|                              controller_run_swiglu|       pointer|
|p_read3                                                   |   in|    6|     ap_none|                                            p_read3|        scalar|
|controller_layer_index_out                                |  out|    6|      ap_vld|                         controller_layer_index_out|       pointer|
|controller_layer_index_out_ap_vld                         |  out|    1|      ap_vld|                         controller_layer_index_out|       pointer|
|controller_exit                                           |  out|    1|      ap_vld|                                    controller_exit|       pointer|
|controller_exit_ap_vld                                    |  out|    1|      ap_vld|                                    controller_exit|       pointer|
|idx                                                       |   in|   25|     ap_none|                                                idx|        scalar|
|idx4                                                      |   in|   11|     ap_none|                                               idx4|        scalar|
|controller_weight_scale_word_offset_constprop_out         |  out|   11|      ap_vld|  controller_weight_scale_word_offset_constprop_out|       pointer|
|controller_weight_scale_word_offset_constprop_out_ap_vld  |  out|    1|      ap_vld|  controller_weight_scale_word_offset_constprop_out|       pointer|
|controller_weight_word_offset_constprop_out               |  out|   24|      ap_vld|        controller_weight_word_offset_constprop_out|       pointer|
|controller_weight_word_offset_constprop_out_ap_vld        |  out|    1|      ap_vld|        controller_weight_word_offset_constprop_out|       pointer|
|controller_weight_word_offset_constprop                   |   in|   24|     ap_none|            controller_weight_word_offset_constprop|       pointer|
|controller_weight_scale_word_offset_constprop             |   in|   11|     ap_none|      controller_weight_scale_word_offset_constprop|       pointer|
|model_scale_cache0_address0                               |  out|   11|   ap_memory|                                 model_scale_cache0|         array|
|model_scale_cache0_ce0                                    |  out|    1|   ap_memory|                                 model_scale_cache0|         array|
|model_scale_cache0_q0                                     |   in|  512|   ap_memory|                                 model_scale_cache0|         array|
|model_scale_cache1_address0                               |  out|   11|   ap_memory|                                 model_scale_cache1|         array|
|model_scale_cache1_ce0                                    |  out|    1|   ap_memory|                                 model_scale_cache1|         array|
|model_scale_cache1_q0                                     |   in|  512|   ap_memory|                                 model_scale_cache1|         array|
|model_scale_cache2_address0                               |  out|   11|   ap_memory|                                 model_scale_cache2|         array|
|model_scale_cache2_ce0                                    |  out|    1|   ap_memory|                                 model_scale_cache2|         array|
|model_scale_cache2_q0                                     |   in|  512|   ap_memory|                                 model_scale_cache2|         array|
|model_scale_cache3_address0                               |  out|   11|   ap_memory|                                 model_scale_cache3|         array|
|model_scale_cache3_ce0                                    |  out|    1|   ap_memory|                                 model_scale_cache3|         array|
|model_scale_cache3_q0                                     |   in|  512|   ap_memory|                                 model_scale_cache3|         array|
+----------------------------------------------------------+-----+-----+------------+---------------------------------------------------+--------------+

