

================================================================
== Vitis HLS Report for 'int4_decoder_token_controller'
================================================================
* Date:           Tue Aug 11 09:19:53 2026

* Version:        2023.2 (Build 4023990 on Oct 11 2023)
* Project:        proj_int4_decoder_xo
* Solution:       solution1 (Vitis Kernel Flow Target)
* Product family: virtexuplus
* Target device:  xcu250-figd2104-2L-e


================================================================
== Performance Estimates
================================================================
+ Timing: 
    * Summary: 
    +--------+---------+----------+------------+
    |  Clock |  Target | Estimated| Uncertainty|
    +--------+---------+----------+------------+
    |ap_clk  |  3.33 ns|  2.793 ns|     0.90 ns|
    +--------+---------+----------+------------+

+ Latency: 
    * Summary: 
    +---------+---------+----------+----------+-----+-----+---------+
    |  Latency (cycles) |  Latency (absolute) |  Interval | Pipeline|
    |   min   |   max   |    min   |    max   | min | max |   Type  |
    +---------+---------+----------+----------+-----+-----+---------+
    |        ?|        ?|         ?|         ?|    ?|    ?|       no|
    +---------+---------+----------+----------+-----+-----+---------+

    + Detail: 
        * Instance: 
        +--------------------------------------------+---------------------------------+---------+---------+-----------+-----------+-------+--------+----------+
        |                                            |                                 |  Latency (cycles) |   Latency (absolute)  |    Interval    | Pipeline |
        |                  Instance                  |              Module             |   min   |   max   |    min    |    max    |  min  |   max  |   Type   |
        +--------------------------------------------+---------------------------------+---------+---------+-----------+-----------+-------+--------+----------+
        |grp_swiftkv_preload_rope_lut_fu_604         |swiftkv_preload_rope_lut         |    32843|    32843|   0.109 ms|   0.109 ms|  32843|   32843|        no|
        |grp_int4_preload_model_prefix_4ddr_fu_613   |int4_preload_model_prefix_4ddr   |     5835|     5835|  19.448 us|  19.448 us|   5835|    5835|        no|
        |grp_swiftkv_load_rope_position_fu_645       |swiftkv_load_rope_position       |       70|       70|   0.233 us|   0.233 us|     70|      70|        no|
        |grp_int4_load_residual_4ddr_fu_654          |int4_load_residual_4ddr          |      139|      139|   0.463 us|   0.463 us|    139|     139|        no|
        |grp_swiftkv_run_four_pes_fu_674             |swiftkv_run_four_pes             |     7951|   270031|  26.501 us|   0.900 ms|   7951|  270031|  dataflow|
        |grp_int4_dispatch_linear_registered_fu_710  |int4_dispatch_linear_registered  |       80|   694274|   0.267 us|   2.314 ms|     80|  694274|  dataflow|
        |grp_int4_store_residual_4ddr_fu_797         |int4_store_residual_4ddr         |      137|      137|   0.457 us|   0.457 us|    137|     137|        no|
        +--------------------------------------------+---------------------------------+---------+---------+-----------+-----------+-------+--------+----------+

        * Loop: 
        +----------+---------+---------+------------+-----------+-----------+------+----------+
        |          |  Latency (cycles) |  Iteration |  Initiation Interval  | Trip |          |
        | Loop Name|   min   |   max   |   Latency  |  achieved |   target  | Count| Pipelined|
        +----------+---------+---------+------------+-----------+-----------+------+----------+
        |- Loop 1  |        ?|        ?|  3 ~ 694279|          -|          -|     ?|        no|
        +----------+---------+---------+------------+-----------+-----------+------+----------+



================================================================
== Utilization Estimates
================================================================
* Summary: 
+---------------------+---------+-------+---------+---------+------+
|         Name        | BRAM_18K|  DSP  |    FF   |   LUT   | URAM |
+---------------------+---------+-------+---------+---------+------+
|DSP                  |        -|      -|        -|        -|     -|
|Expression           |        -|      -|        0|      170|     -|
|FIFO                 |        -|      -|        -|        -|     -|
|Instance             |     1011|    838|   391406|   313826|   256|
|Memory               |      367|      -|       13|     5032|   166|
|Multiplexer          |        -|      -|        -|     2547|     -|
|Register             |        -|      -|     1230|        -|     -|
+---------------------+---------+-------+---------+---------+------+
|Total                |     1378|    838|   392649|   321575|   422|
+---------------------+---------+-------+---------+---------+------+
|Available SLR        |     1344|   3072|   864000|   432000|   320|
+---------------------+---------+-------+---------+---------+------+
|Utilization SLR (%)  |      102|     27|       45|       74|   131|
+---------------------+---------+-------+---------+---------+------+
|Available            |     5376|  12288|  3456000|  1728000|  1280|
+---------------------+---------+-------+---------+---------+------+
|Utilization (%)      |       25|      6|       11|       18|    32|
+---------------------+---------+-------+---------+---------+------+

+ Detail: 
    * Instance: 
    +--------------------------------------------+---------------------------------+---------+-----+--------+--------+-----+
    |                  Instance                  |              Module             | BRAM_18K| DSP |   FF   |   LUT  | URAM|
    +--------------------------------------------+---------------------------------+---------+-----+--------+--------+-----+
    |control_s_axi_U                             |control_s_axi                    |        0|    0|    1244|    2240|    0|
    |gmem0_m_axi_U                               |gmem0_m_axi                      |       30|    0|    3521|    2689|    0|
    |gmem1_m_axi_U                               |gmem1_m_axi                      |       30|    0|    3521|    2689|    0|
    |gmem2_m_axi_U                               |gmem2_m_axi                      |       30|    0|    3521|    2689|    0|
    |gmem3_m_axi_U                               |gmem3_m_axi                      |       30|    0|    3521|    2689|    0|
    |grp_int4_dispatch_linear_registered_fu_710  |int4_dispatch_linear_registered  |      383|  482|  159971|  108829|  128|
    |grp_int4_load_residual_4ddr_fu_654          |int4_load_residual_4ddr          |        0|    0|    2380|    1011|    0|
    |grp_int4_preload_model_prefix_4ddr_fu_613   |int4_preload_model_prefix_4ddr   |        0|    0|    2412|    1062|    0|
    |grp_int4_store_residual_4ddr_fu_797         |int4_store_residual_4ddr         |        0|    0|    2364|    1092|    0|
    |grp_swiftkv_load_rope_position_fu_645       |swiftkv_load_rope_position       |        0|    0|    1417|     294|    0|
    |grp_swiftkv_preload_rope_lut_fu_604         |swiftkv_preload_rope_lut         |        0|    0|     791|     600|    0|
    |grp_swiftkv_run_four_pes_fu_674             |swiftkv_run_four_pes             |      508|  356|  206743|  187942|  128|
    +--------------------------------------------+---------------------------------+---------+-----+--------+--------+-----+
    |Total                                       |                                 |     1011|  838|  391406|  313826|  256|
    +--------------------------------------------+---------------------------------+---------+-----+--------+--------+-----+

    * DSP: 
    N/A

    * Memory: 
    +----------------------+-------------------------------------+---------+---+------+-----+-------+-----+------+-------------+
    |        Memory        |                Module               | BRAM_18K| FF|  LUT | URAM| Words | Bits| Banks| W*Bits*Banks|
    +----------------------+-------------------------------------+---------+---+------+-----+-------+-----+------+-------------+
    |activation_q_U        |activation_q_RAM_1P_BRAM_1R1W        |       10|  0|     0|    0|    344|  480|     1|       165120|
    |activation_scale_U    |activation_scale_RAM_1P_BRAM_1R1W    |       11|  0|     0|    0|     22|  512|     1|        11264|
    |current_cos_U         |current_cos_RAM_1P_BRAM_1R1W         |        1|  0|     0|    0|     64|   19|     1|         1216|
    |current_sin_U         |current_cos_RAM_1P_BRAM_1R1W         |        1|  0|     0|    0|     64|   19|     1|         1216|
    |gate_pe0_U            |gate_pe0_RAM_1P_BRAM_1R1W            |       11|  0|     0|    0|    176|  512|     1|        90112|
    |gate_pe1_U            |gate_pe0_RAM_1P_BRAM_1R1W            |       11|  0|     0|    0|    176|  512|     1|        90112|
    |gate_pe2_U            |gate_pe0_RAM_1P_BRAM_1R1W            |       11|  0|     0|    0|    176|  512|     1|        90112|
    |gate_pe3_U            |gate_pe0_RAM_1P_BRAM_1R1W            |       11|  0|     0|    0|    176|  512|     1|        90112|
    |up_pe0_U              |gate_pe0_RAM_1P_BRAM_1R1W            |       11|  0|     0|    0|    176|  512|     1|        90112|
    |up_pe1_U              |gate_pe0_RAM_1P_BRAM_1R1W            |       11|  0|     0|    0|    176|  512|     1|        90112|
    |up_pe2_U              |gate_pe0_RAM_1P_BRAM_1R1W            |       11|  0|     0|    0|    176|  512|     1|        90112|
    |up_pe3_U              |gate_pe0_RAM_1P_BRAM_1R1W            |       11|  0|     0|    0|    176|  512|     1|        90112|
    |linear_stage0_U       |linear_stage0_RAM_2P_URAM_1R1W       |        0|  0|     0|    8|    504|  512|     1|       258048|
    |linear_stage1_U       |linear_stage0_RAM_2P_URAM_1R1W       |        0|  0|     0|    8|    504|  512|     1|       258048|
    |linear_stage2_U       |linear_stage0_RAM_2P_URAM_1R1W       |        0|  0|     0|    8|    504|  512|     1|       258048|
    |linear_stage3_U       |linear_stage0_RAM_2P_URAM_1R1W       |        0|  0|     0|    8|    504|  512|     1|       258048|
    |model_norm_cache0_U   |model_norm_cache0_RAM_1P_URAM_2R1W   |        0|  2|   951|   16|   4160|  512|     1|      2129920|
    |model_norm_cache1_U   |model_norm_cache0_RAM_1P_URAM_2R1W   |        0|  2|   951|   16|   4160|  512|     1|      2129920|
    |model_norm_cache2_U   |model_norm_cache0_RAM_1P_URAM_2R1W   |        0|  2|   951|   16|   4160|  512|     1|      2129920|
    |model_norm_cache3_U   |model_norm_cache0_RAM_1P_URAM_2R1W   |        0|  2|   951|   16|   4160|  512|     1|      2129920|
    |model_scale_cache0_U  |model_scale_cache0_RAM_1P_URAM_1R1W  |        0|  0|     0|    8|   1600|  512|     1|       819200|
    |model_scale_cache1_U  |model_scale_cache0_RAM_1P_URAM_1R1W  |        0|  0|     0|    8|   1600|  512|     1|       819200|
    |model_scale_cache2_U  |model_scale_cache0_RAM_1P_URAM_1R1W  |        0|  0|     0|    8|   1600|  512|     1|       819200|
    |model_scale_cache3_U  |model_scale_cache0_RAM_1P_URAM_1R1W  |        0|  0|     0|    8|   1600|  512|     1|       819200|
    |q_pe0_U               |q_pe0_RAM_1P_BRAM_1R1W               |       16|  0|     0|    0|     64|  512|     1|        32768|
    |q_pe1_U               |q_pe0_RAM_1P_BRAM_1R1W               |       16|  0|     0|    0|     64|  512|     1|        32768|
    |q_pe2_U               |q_pe0_RAM_1P_BRAM_1R1W               |       16|  0|     0|    0|     64|  512|     1|        32768|
    |q_pe3_U               |q_pe0_RAM_1P_BRAM_1R1W               |       16|  0|     0|    0|     64|  512|     1|        32768|
    |k_pe0_U               |q_pe0_RAM_1P_BRAM_1R1W               |       16|  0|     0|    0|     64|  512|     1|        32768|
    |k_pe1_U               |q_pe0_RAM_1P_BRAM_1R1W               |       16|  0|     0|    0|     64|  512|     1|        32768|
    |k_pe2_U               |q_pe0_RAM_1P_BRAM_1R1W               |       16|  0|     0|    0|     64|  512|     1|        32768|
    |k_pe3_U               |q_pe0_RAM_1P_BRAM_1R1W               |       16|  0|     0|    0|     64|  512|     1|        32768|
    |v_pe0_U               |q_pe0_RAM_1P_BRAM_1R1W               |       16|  0|     0|    0|     64|  512|     1|        32768|
    |v_pe1_U               |q_pe0_RAM_1P_BRAM_1R1W               |       16|  0|     0|    0|     64|  512|     1|        32768|
    |v_pe2_U               |q_pe0_RAM_1P_BRAM_1R1W               |       16|  0|     0|    0|     64|  512|     1|        32768|
    |v_pe3_U               |q_pe0_RAM_1P_BRAM_1R1W               |       16|  0|     0|    0|     64|  512|     1|        32768|
    |residual_buffer0_U    |residual_buffer0_RAM_2P_BRAM_1R1W    |       16|  0|     0|    0|     64|  512|     1|        32768|
    |residual_buffer1_U    |residual_buffer0_RAM_2P_BRAM_1R1W    |       16|  0|     0|    0|     64|  512|     1|        32768|
    |residual_buffer2_U    |residual_buffer0_RAM_2P_BRAM_1R1W    |       16|  0|     0|    0|     64|  512|     1|        32768|
    |residual_buffer3_U    |residual_buffer0_RAM_2P_BRAM_1R1W    |       16|  0|     0|    0|     64|  512|     1|        32768|
    |rope_lut_U            |rope_lut_RAM_1P_URAM_2R1W            |        0|  5|  1228|   38|  16384|  608|     1|      9961472|
    +----------------------+-------------------------------------+---------+---+------+-----+-------+-----+------+-------------+
    |Total                 |                                     |      367| 13|  5032|  166|  44366|20070|    41|     24214144|
    +----------------------+-------------------------------------+---------+---+------+-----+-------+-----+------+-------------+

    * FIFO: 
    N/A

    * Expression: 
    +-------------------------------------------------------------+----------+----+---+----+------------+------------+
    |                        Variable Name                        | Operation| DSP| FF| LUT| Bitwidth P0| Bitwidth P1|
    +-------------------------------------------------------------+----------+----+---+----+------------+------------+
    |add_ln766_fu_1008_p2                                         |         +|   0|  0|  39|          32|           1|
    |and_ln764_fu_999_p2                                          |       and|   0|  0|   2|           1|           1|
    |ap_condition_2521                                            |       and|   0|  0|   2|           1|           1|
    |ap_condition_2524                                            |       and|   0|  0|   2|           1|           1|
    |icmp_ln203_fu_902_p2                                         |      icmp|   0|  0|  10|           2|           3|
    |icmp_ln207_fu_908_p2                                         |      icmp|   0|  0|   9|           2|           1|
    |icmp_ln716_fu_821_p2                                         |      icmp|   0|  0|  19|          12|           1|
    |icmp_ln764_fu_993_p2                                         |      icmp|   0|  0|  39|          32|           9|
    |icmp_ln779_fu_937_p2                                         |      icmp|   0|  0|   9|           2|           1|
    |ap_block_state1                                              |        or|   0|  0|   2|           1|           1|
    |ap_block_state7_on_subcall_done                              |        or|   0|  0|   2|           1|           1|
    |ap_sync_grp_int4_dispatch_linear_registered_fu_710_ap_done   |        or|   0|  0|   2|           1|           1|
    |ap_sync_grp_int4_dispatch_linear_registered_fu_710_ap_ready  |        or|   0|  0|   2|           1|           1|
    |ap_sync_grp_swiftkv_run_four_pes_fu_674_ap_done              |        or|   0|  0|   2|           1|           1|
    |ap_sync_grp_swiftkv_run_four_pes_fu_674_ap_ready             |        or|   0|  0|   2|           1|           1|
    |or_ln767_fu_885_p2                                           |        or|   0|  0|   2|           1|           1|
    |or_ln779_fu_951_p2                                           |        or|   0|  0|   2|           1|           1|
    |controller_linear_mode_fu_957_p3                             |    select|   0|  0|   3|           1|           3|
    |norm_offset_fu_924_p3                                        |    select|   0|  0|  14|           1|          14|
    |select_ln779_fu_943_p3                                       |    select|   0|  0|   4|           1|           1|
    |xor_ln831_fu_987_p2                                          |       xor|   0|  0|   2|           1|           2|
    +-------------------------------------------------------------+----------+----+---+----+------------+------------+
    |Total                                                        |          |   0|  0| 170|          97|          47|
    +-------------------------------------------------------------+----------+----+---+----+------------+------------+

    * Multiplexer: 
    +-----------------------------------------------+----+-----------+-----+-----------+
    |                      Name                     | LUT| Input Size| Bits| Total Bits|
    +-----------------------------------------------+----+-----------+-----+-----------+
    |activation_q_address0                          |  14|          3|    9|         27|
    |activation_q_ce0                               |  14|          3|    1|          3|
    |activation_q_d0                                |  14|          3|  480|       1440|
    |activation_q_we0                               |  14|          3|    1|          3|
    |activation_scale_address0                      |  14|          3|    5|         15|
    |activation_scale_ce0                           |  14|          3|    1|          3|
    |activation_scale_d0                            |  14|          3|  512|       1536|
    |activation_scale_we0                           |  14|          3|    1|          3|
    |ap_NS_fsm                                      |  65|         15|    1|         15|
    |ap_done                                        |   9|          2|    1|          2|
    |controller_exit_fu_376                         |   9|          2|    1|          2|
    |controller_linear_mode_0_fu_384                |  14|          3|    3|          9|
    |controller_linear_mode_18_reg_524              |  14|          3|    3|          9|
    |controller_rmsnorm_mode_fu_364                 |   9|          2|    2|          4|
    |controller_run_linear_0_reg_500                |   9|          2|    1|          2|
    |controller_run_linear_17_reg_538               |   9|          2|    1|          2|
    |controller_run_linear_3_reg_587                |  14|          3|    1|          3|
    |controller_run_rmsnorm_fu_360                  |  14|          3|    1|          3|
    |controller_run_rope_fu_368                     |   9|          2|    1|          2|
    |controller_run_swiglu_fu_372                   |   9|          2|    1|          2|
    |controller_weight_scale_word_offset_constprop  |   9|          2|   11|         22|
    |controller_weight_word_offset_constprop        |   9|          2|   24|         48|
    |current_cos_address0                           |  14|          3|    6|         18|
    |current_cos_ce0                                |  14|          3|    1|          3|
    |current_cos_we0                                |   9|          2|    1|          2|
    |current_sin_address0                           |  14|          3|    6|         18|
    |current_sin_ce0                                |  14|          3|    1|          3|
    |current_sin_we0                                |   9|          2|    1|          2|
    |empty_reg_512                                  |   9|          2|    1|          2|
    |gmem0_ARADDR                                   |  31|          6|   64|        384|
    |gmem0_ARLEN                                    |  31|          6|   32|        192|
    |gmem0_ARVALID                                  |  31|          6|    1|          6|
    |gmem0_AWADDR                                   |  20|          4|   64|        256|
    |gmem0_AWLEN                                    |  20|          4|   32|        128|
    |gmem0_AWVALID                                  |  20|          4|    1|          4|
    |gmem0_BREADY                                   |  20|          4|    1|          4|
    |gmem0_RREADY                                   |  31|          6|    1|          6|
    |gmem0_WDATA                                    |  20|          4|  512|       2048|
    |gmem0_WSTRB                                    |  20|          4|   64|        256|
    |gmem0_WVALID                                   |  20|          4|    1|          4|
    |gmem1_ARADDR                                   |  26|          5|   64|        320|
    |gmem1_ARLEN                                    |  26|          5|   32|        160|
    |gmem1_ARVALID                                  |  26|          5|    1|          5|
    |gmem1_AWADDR                                   |  20|          4|   64|        256|
    |gmem1_AWLEN                                    |  20|          4|   32|        128|
    |gmem1_AWVALID                                  |  20|          4|    1|          4|
    |gmem1_BREADY                                   |  20|          4|    1|          4|
    |gmem1_RREADY                                   |  26|          5|    1|          5|
    |gmem1_WDATA                                    |  20|          4|  512|       2048|
    |gmem1_WSTRB                                    |  20|          4|   64|        256|
    |gmem1_WVALID                                   |  20|          4|    1|          4|
    |gmem2_ARADDR                                   |  26|          5|   64|        320|
    |gmem2_ARLEN                                    |  26|          5|   32|        160|
    |gmem2_ARVALID                                  |  26|          5|    1|          5|
    |gmem2_AWADDR                                   |  20|          4|   64|        256|
    |gmem2_AWLEN                                    |  20|          4|   32|        128|
    |gmem2_AWVALID                                  |  20|          4|    1|          4|
    |gmem2_BREADY                                   |  20|          4|    1|          4|
    |gmem2_RREADY                                   |  26|          5|    1|          5|
    |gmem2_WDATA                                    |  20|          4|  512|       2048|
    |gmem2_WSTRB                                    |  20|          4|   64|        256|
    |gmem2_WVALID                                   |  20|          4|    1|          4|
    |gmem3_ARADDR                                   |  26|          5|   64|        320|
    |gmem3_ARLEN                                    |  26|          5|   32|        160|
    |gmem3_ARVALID                                  |  26|          5|    1|          5|
    |gmem3_AWADDR                                   |  20|          4|   64|        256|
    |gmem3_AWLEN                                    |  20|          4|   32|        128|
    |gmem3_AWVALID                                  |  20|          4|    1|          4|
    |gmem3_BREADY                                   |  20|          4|    1|          4|
    |gmem3_RREADY                                   |  26|          5|    1|          5|
    |gmem3_WDATA                                    |  20|          4|  512|       2048|
    |gmem3_WSTRB                                    |  20|          4|   64|        256|
    |gmem3_WVALID                                   |  20|          4|    1|          4|
    |k_pe0_address0                                 |  14|          3|    6|         18|
    |k_pe0_ce0                                      |  14|          3|    1|          3|
    |k_pe0_we0                                      |   9|          2|    1|          2|
    |k_pe1_address0                                 |  14|          3|    6|         18|
    |k_pe1_ce0                                      |  14|          3|    1|          3|
    |k_pe1_we0                                      |   9|          2|    1|          2|
    |k_pe2_address0                                 |  14|          3|    6|         18|
    |k_pe2_ce0                                      |  14|          3|    1|          3|
    |k_pe2_we0                                      |   9|          2|    1|          2|
    |k_pe3_address0                                 |  14|          3|    6|         18|
    |k_pe3_ce0                                      |  14|          3|    1|          3|
    |k_pe3_we0                                      |   9|          2|    1|          2|
    |layer_assign_fu_388                            |   9|          2|    6|         12|
    |model_norm_cache0_address0                     |  14|          3|   13|         39|
    |model_norm_cache0_ce0                          |  14|          3|    1|          3|
    |model_norm_cache0_we0                          |   9|          2|    1|          2|
    |model_norm_cache1_address0                     |  14|          3|   13|         39|
    |model_norm_cache1_ce0                          |  14|          3|    1|          3|
    |model_norm_cache1_we0                          |   9|          2|    1|          2|
    |model_norm_cache2_address0                     |  14|          3|   13|         39|
    |model_norm_cache2_ce0                          |  14|          3|    1|          3|
    |model_norm_cache2_we0                          |   9|          2|    1|          2|
    |model_norm_cache3_address0                     |  14|          3|   13|         39|
    |model_norm_cache3_ce0                          |  14|          3|    1|          3|
    |model_norm_cache3_we0                          |   9|          2|    1|          2|
    |model_scale_cache0_address0                    |  14|          3|   11|         33|
    |model_scale_cache0_ce0                         |  14|          3|    1|          3|
    |model_scale_cache0_we0                         |   9|          2|    1|          2|
    |model_scale_cache1_address0                    |  14|          3|   11|         33|
    |model_scale_cache1_ce0                         |  14|          3|    1|          3|
    |model_scale_cache1_we0                         |   9|          2|    1|          2|
    |model_scale_cache2_address0                    |  14|          3|   11|         33|
    |model_scale_cache2_ce0                         |  14|          3|    1|          3|
    |model_scale_cache2_we0                         |   9|          2|    1|          2|
    |model_scale_cache3_address0                    |  14|          3|   11|         33|
    |model_scale_cache3_ce0                         |  14|          3|    1|          3|
    |model_scale_cache3_we0                         |   9|          2|    1|          2|
    |norm_offset_1_reg_572                          |   9|          2|    7|         14|
    |preprocess_mode_reg_554                        |  14|          3|    2|          6|
    |q_pe0_address0                                 |  14|          3|    6|         18|
    |q_pe0_ce0                                      |  14|          3|    1|          3|
    |q_pe0_we0                                      |   9|          2|    1|          2|
    |q_pe1_address0                                 |  14|          3|    6|         18|
    |q_pe1_ce0                                      |  14|          3|    1|          3|
    |q_pe1_we0                                      |   9|          2|    1|          2|
    |q_pe2_address0                                 |  14|          3|    6|         18|
    |q_pe2_ce0                                      |  14|          3|    1|          3|
    |q_pe2_we0                                      |   9|          2|    1|          2|
    |q_pe3_address0                                 |  14|          3|    6|         18|
    |q_pe3_ce0                                      |  14|          3|    1|          3|
    |q_pe3_we0                                      |   9|          2|    1|          2|
    |residual_buffer0_address0                      |  14|          3|    6|         18|
    |residual_buffer0_address1                      |  14|          3|    6|         18|
    |residual_buffer0_ce0                           |  14|          3|    1|          3|
    |residual_buffer0_ce1                           |  14|          3|    1|          3|
    |residual_buffer0_d1                            |  14|          3|  512|       1536|
    |residual_buffer0_we1                           |  14|          3|    1|          3|
    |residual_buffer1_address0                      |  14|          3|    6|         18|
    |residual_buffer1_address1                      |  14|          3|    6|         18|
    |residual_buffer1_ce0                           |  14|          3|    1|          3|
    |residual_buffer1_ce1                           |  14|          3|    1|          3|
    |residual_buffer1_d1                            |  14|          3|  512|       1536|
    |residual_buffer1_we1                           |  14|          3|    1|          3|
    |residual_buffer2_address0                      |  14|          3|    6|         18|
    |residual_buffer2_address1                      |  14|          3|    6|         18|
    |residual_buffer2_ce0                           |  14|          3|    1|          3|
    |residual_buffer2_ce1                           |  14|          3|    1|          3|
    |residual_buffer2_d1                            |  14|          3|  512|       1536|
    |residual_buffer2_we1                           |  14|          3|    1|          3|
    |residual_buffer3_address0                      |  14|          3|    6|         18|
    |residual_buffer3_address1                      |  14|          3|    6|         18|
    |residual_buffer3_ce0                           |  14|          3|    1|          3|
    |residual_buffer3_ce1                           |  14|          3|    1|          3|
    |residual_buffer3_d1                            |  14|          3|  512|       1536|
    |residual_buffer3_we1                           |  14|          3|    1|          3|
    |rope_lut_address0                              |  14|          3|   14|         42|
    |rope_lut_ce0                                   |  14|          3|    1|          3|
    |rope_lut_we0                                   |   9|          2|    1|          2|
    |step_fu_380                                    |   9|          2|   32|         64|
    |v_pe0_address0                                 |  14|          3|    6|         18|
    |v_pe0_ce0                                      |  14|          3|    1|          3|
    |v_pe0_we0                                      |   9|          2|    1|          2|
    |v_pe1_address0                                 |  14|          3|    6|         18|
    |v_pe1_ce0                                      |  14|          3|    1|          3|
    |v_pe1_we0                                      |   9|          2|    1|          2|
    |v_pe2_address0                                 |  14|          3|    6|         18|
    |v_pe2_ce0                                      |  14|          3|    1|          3|
    |v_pe2_we0                                      |   9|          2|    1|          2|
    |v_pe3_address0                                 |  14|          3|    6|         18|
    |v_pe3_ce0                                      |  14|          3|    1|          3|
    |v_pe3_we0                                      |   9|          2|    1|          2|
    +-----------------------------------------------+----+-----------+-----+-----------+
    |Total                                          |2547|        532| 6550|      23132|
    +-----------------------------------------------+----+-----------+-----+-----------+

    * Register: 
    +-----------------------------------------------------------------+----+----+-----+-----------+
    |                               Name                              | FF | LUT| Bits| Const Bits|
    +-----------------------------------------------------------------+----+----+-----+-----------+
    |and_ln764_reg_1228                                               |   1|   0|    1|          0|
    |ap_CS_fsm                                                        |  14|   0|   14|          0|
    |ap_done_reg                                                      |   1|   0|    1|          0|
    |ap_rst_n_inv                                                     |   1|   0|    1|          0|
    |ap_rst_reg_1                                                     |   1|   0|    1|          0|
    |ap_rst_reg_2                                                     |   1|   0|    1|          0|
    |ap_sync_reg_grp_int4_dispatch_linear_registered_fu_710_ap_done   |   1|   0|    1|          0|
    |ap_sync_reg_grp_int4_dispatch_linear_registered_fu_710_ap_ready  |   1|   0|    1|          0|
    |ap_sync_reg_grp_swiftkv_run_four_pes_fu_674_ap_done              |   1|   0|    1|          0|
    |ap_sync_reg_grp_swiftkv_run_four_pes_fu_674_ap_ready             |   1|   0|    1|          0|
    |controller_exit_fu_376                                           |   1|   0|    1|          0|
    |controller_linear_mode_0_fu_384                                  |   3|   0|    3|          0|
    |controller_linear_mode_18_reg_524                                |   3|   0|    3|          0|
    |controller_rmsnorm_mode_fu_364                                   |   2|   0|    2|          0|
    |controller_run_linear_0_reg_500                                  |   1|   0|    1|          0|
    |controller_run_linear_17_reg_538                                 |   1|   0|    1|          0|
    |controller_run_linear_3_reg_587                                  |   1|   0|    1|          0|
    |controller_run_linear_copyout_fu_228                             |   1|   0|    1|          0|
    |controller_run_rmsnorm_fu_360                                    |   1|   0|    1|          0|
    |controller_run_rope_fu_368                                       |   1|   0|    1|          0|
    |controller_run_swiglu_fu_372                                     |   1|   0|    1|          0|
    |controller_weight_scale_word_offset_constprop                    |  11|   0|   11|          0|
    |controller_weight_word_offset_constprop                          |  24|   0|   24|          0|
    |empty_reg_512                                                    |   1|   0|    1|          0|
    |grp_int4_dispatch_linear_registered_fu_710_ap_start_reg          |   1|   0|    1|          0|
    |grp_int4_load_residual_4ddr_fu_654_ap_start_reg                  |   1|   0|    1|          0|
    |grp_int4_preload_model_prefix_4ddr_fu_613_ap_start_reg           |   1|   0|    1|          0|
    |grp_int4_store_residual_4ddr_fu_797_ap_start_reg                 |   1|   0|    1|          0|
    |grp_swiftkv_load_rope_position_fu_645_ap_start_reg               |   1|   0|    1|          0|
    |grp_swiftkv_preload_rope_lut_fu_604_ap_start_reg                 |   1|   0|    1|          0|
    |grp_swiftkv_run_four_pes_fu_674_ap_start_reg                     |   1|   0|    1|          0|
    |kv_cache_pe0_read_reg_1033                                       |  64|   0|   64|          0|
    |kv_cache_pe1_read_reg_1028                                       |  64|   0|   64|          0|
    |kv_cache_pe2_read_reg_1023                                       |  64|   0|   64|          0|
    |kv_cache_pe3_read_reg_1018                                       |  64|   0|   64|          0|
    |layer_assign_fu_388                                              |   6|   0|    6|          0|
    |layer_assign_load_1_reg_1217                                     |   6|   0|    6|          0|
    |layer_assign_load_2_reg_1202                                     |   6|   0|    6|          0|
    |logits_pe0_read_reg_1053                                         |  64|   0|   64|          0|
    |logits_pe1_read_reg_1048                                         |  64|   0|   64|          0|
    |logits_pe2_read_reg_1043                                         |  64|   0|   64|          0|
    |logits_pe3_read_reg_1038                                         |  64|   0|   64|          0|
    |model_bank0_read_reg_1105                                        |  64|   0|   64|          0|
    |model_bank1_read_reg_1099                                        |  64|   0|   64|          0|
    |model_bank2_read_reg_1093                                        |  64|   0|   64|          0|
    |model_bank3_read_reg_1087                                        |  64|   0|   64|          0|
    |norm_offset_1_reg_572                                            |   7|   0|   13|          6|
    |or_ln767_reg_1195                                                |   1|   0|    1|          0|
    |preprocess_mode_reg_554                                          |   2|   0|    2|          0|
    |residual_pe0_read_reg_1076                                       |  64|   0|   64|          0|
    |residual_pe1_read_reg_1070                                       |  64|   0|   64|          0|
    |residual_pe2_read_reg_1064                                       |  64|   0|   64|          0|
    |residual_pe3_read_reg_1058                                       |  64|   0|   64|          0|
    |rope_lut_ddr_read_reg_1082                                       |  64|   0|   64|          0|
    |step_fu_380                                                      |  32|   0|   32|          0|
    +-----------------------------------------------------------------+----+----+-----+-----------+
    |Total                                                            |1230|   0| 1236|          6|
    +-----------------------------------------------------------------+----+----+-----+-----------+



================================================================
== Interface
================================================================
* Summary: 
+-----------------------+-----+-----+---------------+-------------------------------+--------------+
|       RTL Ports       | Dir | Bits|    Protocol   |         Source Object         |    C Type    |
+-----------------------+-----+-----+---------------+-------------------------------+--------------+
|s_axi_control_AWVALID  |   in|    1|          s_axi|                        control|        scalar|
|s_axi_control_AWREADY  |  out|    1|          s_axi|                        control|        scalar|
|s_axi_control_AWADDR   |   in|    8|          s_axi|                        control|        scalar|
|s_axi_control_WVALID   |   in|    1|          s_axi|                        control|        scalar|
|s_axi_control_WREADY   |  out|    1|          s_axi|                        control|        scalar|
|s_axi_control_WDATA    |   in|   32|          s_axi|                        control|        scalar|
|s_axi_control_WSTRB    |   in|    4|          s_axi|                        control|        scalar|
|s_axi_control_ARVALID  |   in|    1|          s_axi|                        control|        scalar|
|s_axi_control_ARREADY  |  out|    1|          s_axi|                        control|        scalar|
|s_axi_control_ARADDR   |   in|    8|          s_axi|                        control|        scalar|
|s_axi_control_RVALID   |  out|    1|          s_axi|                        control|        scalar|
|s_axi_control_RREADY   |   in|    1|          s_axi|                        control|        scalar|
|s_axi_control_RDATA    |  out|   32|          s_axi|                        control|        scalar|
|s_axi_control_RRESP    |  out|    2|          s_axi|                        control|        scalar|
|s_axi_control_BVALID   |  out|    1|          s_axi|                        control|        scalar|
|s_axi_control_BREADY   |   in|    1|          s_axi|                        control|        scalar|
|s_axi_control_BRESP    |  out|    2|          s_axi|                        control|        scalar|
|ap_clk                 |   in|    1|  ap_ctrl_chain|  int4_decoder_token_controller|  return value|
|ap_rst_n               |   in|    1|  ap_ctrl_chain|  int4_decoder_token_controller|  return value|
|interrupt              |  out|    1|  ap_ctrl_chain|  int4_decoder_token_controller|  return value|
|m_axi_gmem0_AWVALID    |  out|    1|          m_axi|                          gmem0|       pointer|
|m_axi_gmem0_AWREADY    |   in|    1|          m_axi|                          gmem0|       pointer|
|m_axi_gmem0_AWADDR     |  out|   64|          m_axi|                          gmem0|       pointer|
|m_axi_gmem0_AWID       |  out|    1|          m_axi|                          gmem0|       pointer|
|m_axi_gmem0_AWLEN      |  out|    8|          m_axi|                          gmem0|       pointer|
|m_axi_gmem0_AWSIZE     |  out|    3|          m_axi|                          gmem0|       pointer|
|m_axi_gmem0_AWBURST    |  out|    2|          m_axi|                          gmem0|       pointer|
|m_axi_gmem0_AWLOCK     |  out|    2|          m_axi|                          gmem0|       pointer|
|m_axi_gmem0_AWCACHE    |  out|    4|          m_axi|                          gmem0|       pointer|
|m_axi_gmem0_AWPROT     |  out|    3|          m_axi|                          gmem0|       pointer|
|m_axi_gmem0_AWQOS      |  out|    4|          m_axi|                          gmem0|       pointer|
|m_axi_gmem0_AWREGION   |  out|    4|          m_axi|                          gmem0|       pointer|
|m_axi_gmem0_AWUSER     |  out|    1|          m_axi|                          gmem0|       pointer|
|m_axi_gmem0_WVALID     |  out|    1|          m_axi|                          gmem0|       pointer|
|m_axi_gmem0_WREADY     |   in|    1|          m_axi|                          gmem0|       pointer|
|m_axi_gmem0_WDATA      |  out|  512|          m_axi|                          gmem0|       pointer|
|m_axi_gmem0_WSTRB      |  out|   64|          m_axi|                          gmem0|       pointer|
|m_axi_gmem0_WLAST      |  out|    1|          m_axi|                          gmem0|       pointer|
|m_axi_gmem0_WID        |  out|    1|          m_axi|                          gmem0|       pointer|
|m_axi_gmem0_WUSER      |  out|    1|          m_axi|                          gmem0|       pointer|
|m_axi_gmem0_ARVALID    |  out|    1|          m_axi|                          gmem0|       pointer|
|m_axi_gmem0_ARREADY    |   in|    1|          m_axi|                          gmem0|       pointer|
|m_axi_gmem0_ARADDR     |  out|   64|          m_axi|                          gmem0|       pointer|
|m_axi_gmem0_ARID       |  out|    1|          m_axi|                          gmem0|       pointer|
|m_axi_gmem0_ARLEN      |  out|    8|          m_axi|                          gmem0|       pointer|
|m_axi_gmem0_ARSIZE     |  out|    3|          m_axi|                          gmem0|       pointer|
|m_axi_gmem0_ARBURST    |  out|    2|          m_axi|                          gmem0|       pointer|
|m_axi_gmem0_ARLOCK     |  out|    2|          m_axi|                          gmem0|       pointer|
|m_axi_gmem0_ARCACHE    |  out|    4|          m_axi|                          gmem0|       pointer|
|m_axi_gmem0_ARPROT     |  out|    3|          m_axi|                          gmem0|       pointer|
|m_axi_gmem0_ARQOS      |  out|    4|          m_axi|                          gmem0|       pointer|
|m_axi_gmem0_ARREGION   |  out|    4|          m_axi|                          gmem0|       pointer|
|m_axi_gmem0_ARUSER     |  out|    1|          m_axi|                          gmem0|       pointer|
|m_axi_gmem0_RVALID     |   in|    1|          m_axi|                          gmem0|       pointer|
|m_axi_gmem0_RREADY     |  out|    1|          m_axi|                          gmem0|       pointer|
|m_axi_gmem0_RDATA      |   in|  512|          m_axi|                          gmem0|       pointer|
|m_axi_gmem0_RLAST      |   in|    1|          m_axi|                          gmem0|       pointer|
|m_axi_gmem0_RID        |   in|    1|          m_axi|                          gmem0|       pointer|
|m_axi_gmem0_RUSER      |   in|    1|          m_axi|                          gmem0|       pointer|
|m_axi_gmem0_RRESP      |   in|    2|          m_axi|                          gmem0|       pointer|
|m_axi_gmem0_BVALID     |   in|    1|          m_axi|                          gmem0|       pointer|
|m_axi_gmem0_BREADY     |  out|    1|          m_axi|                          gmem0|       pointer|
|m_axi_gmem0_BRESP      |   in|    2|          m_axi|                          gmem0|       pointer|
|m_axi_gmem0_BID        |   in|    1|          m_axi|                          gmem0|       pointer|
|m_axi_gmem0_BUSER      |   in|    1|          m_axi|                          gmem0|       pointer|
|m_axi_gmem1_AWVALID    |  out|    1|          m_axi|                          gmem1|       pointer|
|m_axi_gmem1_AWREADY    |   in|    1|          m_axi|                          gmem1|       pointer|
|m_axi_gmem1_AWADDR     |  out|   64|          m_axi|                          gmem1|       pointer|
|m_axi_gmem1_AWID       |  out|    1|          m_axi|                          gmem1|       pointer|
|m_axi_gmem1_AWLEN      |  out|    8|          m_axi|                          gmem1|       pointer|
|m_axi_gmem1_AWSIZE     |  out|    3|          m_axi|                          gmem1|       pointer|
|m_axi_gmem1_AWBURST    |  out|    2|          m_axi|                          gmem1|       pointer|
|m_axi_gmem1_AWLOCK     |  out|    2|          m_axi|                          gmem1|       pointer|
|m_axi_gmem1_AWCACHE    |  out|    4|          m_axi|                          gmem1|       pointer|
|m_axi_gmem1_AWPROT     |  out|    3|          m_axi|                          gmem1|       pointer|
|m_axi_gmem1_AWQOS      |  out|    4|          m_axi|                          gmem1|       pointer|
|m_axi_gmem1_AWREGION   |  out|    4|          m_axi|                          gmem1|       pointer|
|m_axi_gmem1_AWUSER     |  out|    1|          m_axi|                          gmem1|       pointer|
|m_axi_gmem1_WVALID     |  out|    1|          m_axi|                          gmem1|       pointer|
|m_axi_gmem1_WREADY     |   in|    1|          m_axi|                          gmem1|       pointer|
|m_axi_gmem1_WDATA      |  out|  512|          m_axi|                          gmem1|       pointer|
|m_axi_gmem1_WSTRB      |  out|   64|          m_axi|                          gmem1|       pointer|
|m_axi_gmem1_WLAST      |  out|    1|          m_axi|                          gmem1|       pointer|
|m_axi_gmem1_WID        |  out|    1|          m_axi|                          gmem1|       pointer|
|m_axi_gmem1_WUSER      |  out|    1|          m_axi|                          gmem1|       pointer|
|m_axi_gmem1_ARVALID    |  out|    1|          m_axi|                          gmem1|       pointer|
|m_axi_gmem1_ARREADY    |   in|    1|          m_axi|                          gmem1|       pointer|
|m_axi_gmem1_ARADDR     |  out|   64|          m_axi|                          gmem1|       pointer|
|m_axi_gmem1_ARID       |  out|    1|          m_axi|                          gmem1|       pointer|
|m_axi_gmem1_ARLEN      |  out|    8|          m_axi|                          gmem1|       pointer|
|m_axi_gmem1_ARSIZE     |  out|    3|          m_axi|                          gmem1|       pointer|
|m_axi_gmem1_ARBURST    |  out|    2|          m_axi|                          gmem1|       pointer|
|m_axi_gmem1_ARLOCK     |  out|    2|          m_axi|                          gmem1|       pointer|
|m_axi_gmem1_ARCACHE    |  out|    4|          m_axi|                          gmem1|       pointer|
|m_axi_gmem1_ARPROT     |  out|    3|          m_axi|                          gmem1|       pointer|
|m_axi_gmem1_ARQOS      |  out|    4|          m_axi|                          gmem1|       pointer|
|m_axi_gmem1_ARREGION   |  out|    4|          m_axi|                          gmem1|       pointer|
|m_axi_gmem1_ARUSER     |  out|    1|          m_axi|                          gmem1|       pointer|
|m_axi_gmem1_RVALID     |   in|    1|          m_axi|                          gmem1|       pointer|
|m_axi_gmem1_RREADY     |  out|    1|          m_axi|                          gmem1|       pointer|
|m_axi_gmem1_RDATA      |   in|  512|          m_axi|                          gmem1|       pointer|
|m_axi_gmem1_RLAST      |   in|    1|          m_axi|                          gmem1|       pointer|
|m_axi_gmem1_RID        |   in|    1|          m_axi|                          gmem1|       pointer|
|m_axi_gmem1_RUSER      |   in|    1|          m_axi|                          gmem1|       pointer|
|m_axi_gmem1_RRESP      |   in|    2|          m_axi|                          gmem1|       pointer|
|m_axi_gmem1_BVALID     |   in|    1|          m_axi|                          gmem1|       pointer|
|m_axi_gmem1_BREADY     |  out|    1|          m_axi|                          gmem1|       pointer|
|m_axi_gmem1_BRESP      |   in|    2|          m_axi|                          gmem1|       pointer|
|m_axi_gmem1_BID        |   in|    1|          m_axi|                          gmem1|       pointer|
|m_axi_gmem1_BUSER      |   in|    1|          m_axi|                          gmem1|       pointer|
|m_axi_gmem2_AWVALID    |  out|    1|          m_axi|                          gmem2|       pointer|
|m_axi_gmem2_AWREADY    |   in|    1|          m_axi|                          gmem2|       pointer|
|m_axi_gmem2_AWADDR     |  out|   64|          m_axi|                          gmem2|       pointer|
|m_axi_gmem2_AWID       |  out|    1|          m_axi|                          gmem2|       pointer|
|m_axi_gmem2_AWLEN      |  out|    8|          m_axi|                          gmem2|       pointer|
|m_axi_gmem2_AWSIZE     |  out|    3|          m_axi|                          gmem2|       pointer|
|m_axi_gmem2_AWBURST    |  out|    2|          m_axi|                          gmem2|       pointer|
|m_axi_gmem2_AWLOCK     |  out|    2|          m_axi|                          gmem2|       pointer|
|m_axi_gmem2_AWCACHE    |  out|    4|          m_axi|                          gmem2|       pointer|
|m_axi_gmem2_AWPROT     |  out|    3|          m_axi|                          gmem2|       pointer|
|m_axi_gmem2_AWQOS      |  out|    4|          m_axi|                          gmem2|       pointer|
|m_axi_gmem2_AWREGION   |  out|    4|          m_axi|                          gmem2|       pointer|
|m_axi_gmem2_AWUSER     |  out|    1|          m_axi|                          gmem2|       pointer|
|m_axi_gmem2_WVALID     |  out|    1|          m_axi|                          gmem2|       pointer|
|m_axi_gmem2_WREADY     |   in|    1|          m_axi|                          gmem2|       pointer|
|m_axi_gmem2_WDATA      |  out|  512|          m_axi|                          gmem2|       pointer|
|m_axi_gmem2_WSTRB      |  out|   64|          m_axi|                          gmem2|       pointer|
|m_axi_gmem2_WLAST      |  out|    1|          m_axi|                          gmem2|       pointer|
|m_axi_gmem2_WID        |  out|    1|          m_axi|                          gmem2|       pointer|
|m_axi_gmem2_WUSER      |  out|    1|          m_axi|                          gmem2|       pointer|
|m_axi_gmem2_ARVALID    |  out|    1|          m_axi|                          gmem2|       pointer|
|m_axi_gmem2_ARREADY    |   in|    1|          m_axi|                          gmem2|       pointer|
|m_axi_gmem2_ARADDR     |  out|   64|          m_axi|                          gmem2|       pointer|
|m_axi_gmem2_ARID       |  out|    1|          m_axi|                          gmem2|       pointer|
|m_axi_gmem2_ARLEN      |  out|    8|          m_axi|                          gmem2|       pointer|
|m_axi_gmem2_ARSIZE     |  out|    3|          m_axi|                          gmem2|       pointer|
|m_axi_gmem2_ARBURST    |  out|    2|          m_axi|                          gmem2|       pointer|
|m_axi_gmem2_ARLOCK     |  out|    2|          m_axi|                          gmem2|       pointer|
|m_axi_gmem2_ARCACHE    |  out|    4|          m_axi|                          gmem2|       pointer|
|m_axi_gmem2_ARPROT     |  out|    3|          m_axi|                          gmem2|       pointer|
|m_axi_gmem2_ARQOS      |  out|    4|          m_axi|                          gmem2|       pointer|
|m_axi_gmem2_ARREGION   |  out|    4|          m_axi|                          gmem2|       pointer|
|m_axi_gmem2_ARUSER     |  out|    1|          m_axi|                          gmem2|       pointer|
|m_axi_gmem2_RVALID     |   in|    1|          m_axi|                          gmem2|       pointer|
|m_axi_gmem2_RREADY     |  out|    1|          m_axi|                          gmem2|       pointer|
|m_axi_gmem2_RDATA      |   in|  512|          m_axi|                          gmem2|       pointer|
|m_axi_gmem2_RLAST      |   in|    1|          m_axi|                          gmem2|       pointer|
|m_axi_gmem2_RID        |   in|    1|          m_axi|                          gmem2|       pointer|
|m_axi_gmem2_RUSER      |   in|    1|          m_axi|                          gmem2|       pointer|
|m_axi_gmem2_RRESP      |   in|    2|          m_axi|                          gmem2|       pointer|
|m_axi_gmem2_BVALID     |   in|    1|          m_axi|                          gmem2|       pointer|
|m_axi_gmem2_BREADY     |  out|    1|          m_axi|                          gmem2|       pointer|
|m_axi_gmem2_BRESP      |   in|    2|          m_axi|                          gmem2|       pointer|
|m_axi_gmem2_BID        |   in|    1|          m_axi|                          gmem2|       pointer|
|m_axi_gmem2_BUSER      |   in|    1|          m_axi|                          gmem2|       pointer|
|m_axi_gmem3_AWVALID    |  out|    1|          m_axi|                          gmem3|       pointer|
|m_axi_gmem3_AWREADY    |   in|    1|          m_axi|                          gmem3|       pointer|
|m_axi_gmem3_AWADDR     |  out|   64|          m_axi|                          gmem3|       pointer|
|m_axi_gmem3_AWID       |  out|    1|          m_axi|                          gmem3|       pointer|
|m_axi_gmem3_AWLEN      |  out|    8|          m_axi|                          gmem3|       pointer|
|m_axi_gmem3_AWSIZE     |  out|    3|          m_axi|                          gmem3|       pointer|
|m_axi_gmem3_AWBURST    |  out|    2|          m_axi|                          gmem3|       pointer|
|m_axi_gmem3_AWLOCK     |  out|    2|          m_axi|                          gmem3|       pointer|
|m_axi_gmem3_AWCACHE    |  out|    4|          m_axi|                          gmem3|       pointer|
|m_axi_gmem3_AWPROT     |  out|    3|          m_axi|                          gmem3|       pointer|
|m_axi_gmem3_AWQOS      |  out|    4|          m_axi|                          gmem3|       pointer|
|m_axi_gmem3_AWREGION   |  out|    4|          m_axi|                          gmem3|       pointer|
|m_axi_gmem3_AWUSER     |  out|    1|          m_axi|                          gmem3|       pointer|
|m_axi_gmem3_WVALID     |  out|    1|          m_axi|                          gmem3|       pointer|
|m_axi_gmem3_WREADY     |   in|    1|          m_axi|                          gmem3|       pointer|
|m_axi_gmem3_WDATA      |  out|  512|          m_axi|                          gmem3|       pointer|
|m_axi_gmem3_WSTRB      |  out|   64|          m_axi|                          gmem3|       pointer|
|m_axi_gmem3_WLAST      |  out|    1|          m_axi|                          gmem3|       pointer|
|m_axi_gmem3_WID        |  out|    1|          m_axi|                          gmem3|       pointer|
|m_axi_gmem3_WUSER      |  out|    1|          m_axi|                          gmem3|       pointer|
|m_axi_gmem3_ARVALID    |  out|    1|          m_axi|                          gmem3|       pointer|
|m_axi_gmem3_ARREADY    |   in|    1|          m_axi|                          gmem3|       pointer|
|m_axi_gmem3_ARADDR     |  out|   64|          m_axi|                          gmem3|       pointer|
|m_axi_gmem3_ARID       |  out|    1|          m_axi|                          gmem3|       pointer|
|m_axi_gmem3_ARLEN      |  out|    8|          m_axi|                          gmem3|       pointer|
|m_axi_gmem3_ARSIZE     |  out|    3|          m_axi|                          gmem3|       pointer|
|m_axi_gmem3_ARBURST    |  out|    2|          m_axi|                          gmem3|       pointer|
|m_axi_gmem3_ARLOCK     |  out|    2|          m_axi|                          gmem3|       pointer|
|m_axi_gmem3_ARCACHE    |  out|    4|          m_axi|                          gmem3|       pointer|
|m_axi_gmem3_ARPROT     |  out|    3|          m_axi|                          gmem3|       pointer|
|m_axi_gmem3_ARQOS      |  out|    4|          m_axi|                          gmem3|       pointer|
|m_axi_gmem3_ARREGION   |  out|    4|          m_axi|                          gmem3|       pointer|
|m_axi_gmem3_ARUSER     |  out|    1|          m_axi|                          gmem3|       pointer|
|m_axi_gmem3_RVALID     |   in|    1|          m_axi|                          gmem3|       pointer|
|m_axi_gmem3_RREADY     |  out|    1|          m_axi|                          gmem3|       pointer|
|m_axi_gmem3_RDATA      |   in|  512|          m_axi|                          gmem3|       pointer|
|m_axi_gmem3_RLAST      |   in|    1|          m_axi|                          gmem3|       pointer|
|m_axi_gmem3_RID        |   in|    1|          m_axi|                          gmem3|       pointer|
|m_axi_gmem3_RUSER      |   in|    1|          m_axi|                          gmem3|       pointer|
|m_axi_gmem3_RRESP      |   in|    2|          m_axi|                          gmem3|       pointer|
|m_axi_gmem3_BVALID     |   in|    1|          m_axi|                          gmem3|       pointer|
|m_axi_gmem3_BREADY     |  out|    1|          m_axi|                          gmem3|       pointer|
|m_axi_gmem3_BRESP      |   in|    2|          m_axi|                          gmem3|       pointer|
|m_axi_gmem3_BID        |   in|    1|          m_axi|                          gmem3|       pointer|
|m_axi_gmem3_BUSER      |   in|    1|          m_axi|                          gmem3|       pointer|
+-----------------------+-----+-----+---------------+-------------------------------+--------------+

