

================================================================
== Vitis HLS Report for 'swiftkv_update_values_and_quantize_Pipeline_attention_quantize_reverse_loop'
================================================================
* Date:           Tue Aug 11 09:18:19 2026

* Version:        2023.2 (Build 4023990 on Oct 11 2023)
* Project:        proj_int4_decoder_xo
* Solution:       solution1 (Vitis Kernel Flow Target)
* Product family: virtexuplus
* Target device:  xcu250-figd2104-2L-e


================================================================
== Performance Estimates
================================================================
+ Timing: 
    * Summary: 
    +--------+---------+----------+------------+
    |  Clock |  Target | Estimated| Uncertainty|
    +--------+---------+----------+------------+
    |ap_clk  |  3.33 ns|  2.406 ns|     0.90 ns|
    +--------+---------+----------+------------+

+ Latency: 
    * Summary: 
    +---------+---------+----------+----------+-----+-----+---------+
    |  Latency (cycles) |  Latency (absolute) |  Interval | Pipeline|
    |   min   |   max   |    min   |    max   | min | max |   Type  |
    +---------+---------+----------+----------+-----+-----+---------+
    |       56|       56|  0.187 us|  0.187 us|   56|   56|       no|
    +---------+---------+----------+----------+-----+-----+---------+

    + Detail: 
        * Instance: 
        N/A

        * Loop: 
        +-----------------------------------+---------+---------+----------+-----------+-----------+------+----------+
        |                                   |  Latency (cycles) | Iteration|  Initiation Interval  | Trip |          |
        |             Loop Name             |   min   |   max   |  Latency |  achieved |   target  | Count| Pipelined|
        +-----------------------------------+---------+---------+----------+-----------+-----------+------+----------+
        |- attention_quantize_reverse_loop  |       54|       54|        24|          1|          1|    32|       yes|
        +-----------------------------------+---------+---------+----------+-----------+-----------+------+----------+



================================================================
== Utilization Estimates
================================================================
* Summary: 
+---------------------+---------+-------+---------+---------+------+
|         Name        | BRAM_18K|  DSP  |    FF   |   LUT   | URAM |
+---------------------+---------+-------+---------+---------+------+
|DSP                  |        -|      -|        -|        -|     -|
|Expression           |        -|      -|        0|     1935|     -|
|FIFO                 |        -|      -|        -|        -|     -|
|Instance             |        -|      2|      318|      198|     -|
|Memory               |        -|      -|        -|        -|     -|
|Multiplexer          |        -|      -|        -|       45|     -|
|Register             |        -|      -|     1306|       96|     -|
+---------------------+---------+-------+---------+---------+------+
|Total                |        0|      2|     1624|     2274|     0|
+---------------------+---------+-------+---------+---------+------+
|Available SLR        |     1344|   3072|   864000|   432000|   320|
+---------------------+---------+-------+---------+---------+------+
|Utilization SLR (%)  |        0|     ~0|       ~0|       ~0|     0|
+---------------------+---------+-------+---------+---------+------+
|Available            |     5376|  12288|  3456000|  1728000|  1280|
+---------------------+---------+-------+---------+---------+------+
|Utilization (%)      |        0|     ~0|       ~0|       ~0|     0|
+---------------------+---------+-------+---------+---------+------+

+ Detail: 
    * Instance: 
    +-------------------------------------+--------------------------------+---------+----+-----+-----+-----+
    |               Instance              |             Module             | BRAM_18K| DSP|  FF | LUT | URAM|
    +-------------------------------------+--------------------------------+---------+----+-----+-----+-----+
    |fadd_32ns_32ns_32_7_full_dsp_1_U720  |fadd_32ns_32ns_32_7_full_dsp_1  |        0|   2|  318|  198|    0|
    |fcmp_32ns_32ns_1_2_no_dsp_1_U723     |fcmp_32ns_32ns_1_2_no_dsp_1     |        0|   0|    0|    0|    0|
    |fcmp_32ns_32ns_1_2_no_dsp_1_U724     |fcmp_32ns_32ns_1_2_no_dsp_1     |        0|   0|    0|    0|    0|
    +-------------------------------------+--------------------------------+---------+----+-----+-----+-----+
    |Total                                |                                |        0|   2|  318|  198|    0|
    +-------------------------------------+--------------------------------+---------+----+-----+-----+-----+

    * DSP: 
    N/A

    * Memory: 
    N/A

    * FIFO: 
    N/A

    * Expression: 
    +---------------------------+----------+----+---+-----+------------+------------+
    |       Variable Name       | Operation| DSP| FF| LUT | Bitwidth P0| Bitwidth P1|
    +---------------------------+----------+----+---+-----+------------+------------+
    |add_ln1544_fu_215_p2       |         +|   0|  0|   13|           6|           2|
    |add_ln1547_1_fu_322_p2     |         +|   0|  0|   39|          32|           6|
    |add_ln1547_2_fu_425_p2     |         +|   0|  0|   71|          64|          64|
    |add_ln1547_3_fu_464_p2     |         +|   0|  0|   19|           8|           8|
    |add_ln1547_fu_278_p2       |         +|   0|  0|   39|          32|           6|
    |add_ln317_fu_688_p2        |         +|   0|  0|   16|           9|           8|
    |result_1_fu_770_p2         |         -|   0|  0|   22|           1|          15|
    |sub_ln1547_1_fu_272_p2     |         -|   0|  0|   39|           6|          32|
    |sub_ln1547_2_fu_328_p2     |         -|   0|  0|   39|           5|          32|
    |sub_ln1547_3_fu_459_p2     |         -|   0|  0|   19|           4|           8|
    |sub_ln1547_4_fu_298_p2     |         -|   0|  0|   12|           4|           5|
    |sub_ln1547_fu_234_p2       |         -|   0|  0|   39|           1|          32|
    |sub_ln18_fu_702_p2         |         -|   0|  0|   15|           7|           8|
    |and_ln1547_1_fu_368_p2     |       and|   0|  0|    2|           1|           1|
    |and_ln1547_2_fu_339_p2     |       and|   0|  0|   32|          32|          32|
    |and_ln1547_fu_349_p2       |       and|   0|  0|    2|           1|           1|
    |and_ln1549_fu_539_p2       |       and|   0|  0|    2|           1|           1|
    |and_ln1550_fu_588_p2       |       and|   0|  0|    2|           1|           1|
    |and_ln1553_fu_636_p2       |       and|   0|  0|    2|           1|           1|
    |icmp_ln1547_1_fu_334_p2    |      icmp|   0|  0|   38|          31|           1|
    |icmp_ln1547_2_fu_343_p2    |      icmp|   0|  0|   39|          32|           1|
    |icmp_ln1547_3_fu_390_p2    |      icmp|   0|  0|   39|          32|           1|
    |icmp_ln1547_fu_240_p2      |      icmp|   0|  0|   39|          32|           1|
    |icmp_ln1549_1_fu_527_p2    |      icmp|   0|  0|   30|          23|           1|
    |icmp_ln1549_fu_521_p2      |      icmp|   0|  0|   15|           8|           2|
    |icmp_ln1550_1_fu_576_p2    |      icmp|   0|  0|   30|          23|           1|
    |icmp_ln1550_fu_570_p2      |      icmp|   0|  0|   15|           8|           2|
    |icmp_ln1553_1_fu_624_p2    |      icmp|   0|  0|   30|          23|           1|
    |icmp_ln1553_fu_618_p2      |      icmp|   0|  0|   15|           8|           2|
    |lshr_ln1547_2_fu_308_p2    |      lshr|   0|  0|   92|           2|          32|
    |lshr_ln1547_fu_398_p2      |      lshr|   0|  0|  182|          64|          64|
    |lshr_ln18_fu_727_p2        |      lshr|   0|  0|  242|          79|          79|
    |or_ln1547_fu_373_p2        |        or|   0|  0|    2|           1|           1|
    |or_ln1549_fu_533_p2        |        or|   0|  0|    2|           1|           1|
    |or_ln1550_fu_582_p2        |        or|   0|  0|    2|           1|           1|
    |or_ln1553_fu_630_p2        |        or|   0|  0|    2|           1|           1|
    |data_fu_642_p3             |    select|   0|  0|   32|           1|          31|
    |quantized_fu_775_p3        |    select|   0|  0|   15|           1|          15|
    |rounded_1_fu_594_p3        |    select|   0|  0|   32|           1|          31|
    |select_ln1547_1_fu_413_p3  |    select|   0|  0|   63|           1|          64|
    |select_ln1547_2_fu_452_p3  |    select|   0|  0|    7|           1|           7|
    |select_ln1547_3_fu_497_p3  |    select|   0|  0|   32|           1|           1|
    |select_ln1547_fu_245_p3    |    select|   0|  0|   32|           1|          32|
    |select_ln1549_fu_545_p3    |    select|   0|  0|   32|           1|          30|
    |select_ln18_fu_711_p3      |    select|   0|  0|    9|           1|           9|
    |val_fu_759_p3              |    select|   0|  0|   15|           1|          15|
    |shl_ln1547_fu_407_p2       |       shl|   0|  0|  182|          64|          64|
    |shl_ln18_fu_733_p2         |       shl|   0|  0|  242|          79|          79|
    |ap_enable_pp0              |       xor|   0|  0|    2|           1|           2|
    |xor_ln1547_fu_362_p2       |       xor|   0|  0|    2|           1|           2|
    +---------------------------+----------+----+---+-----+------------+------------+
    |Total                      |          |   0|  0| 1935|         740|         837|
    +---------------------------+----------+----+---+-----+------------+------------+

    * Multiplexer: 
    +-------------------------+----+-----------+-----+-----------+
    |           Name          | LUT| Input Size| Bits| Total Bits|
    +-------------------------+----+-----------+-----+-----------+
    |ap_done_int              |   9|          2|    1|          2|
    |ap_enable_reg_pp0_iter1  |   9|          2|    1|          2|
    |ap_sig_allocacmp_lane_1  |   9|          2|    6|         12|
    |lane_fu_136              |   9|          2|    6|         12|
    |quantized_word_fu_132    |   9|          2|  480|        960|
    +-------------------------+----+-----------+-----+-----------+
    |Total                    |  45|         10|  494|        988|
    +-------------------------+----+-----------+-----+-----------+

    * Register: 
    +------------------------------------+-----+----+-----+-----------+
    |                Name                |  FF | LUT| Bits| Const Bits|
    +------------------------------------+-----+----+-----+-----------+
    |add_ln1547_1_reg_885                |   32|   0|   32|          0|
    |add_ln1547_reg_864                  |   32|   0|   32|          0|
    |ap_CS_fsm                           |    1|   0|    1|          0|
    |ap_done_reg                         |    1|   0|    1|          0|
    |ap_enable_reg_pp0_iter1             |    1|   0|    1|          0|
    |ap_enable_reg_pp0_iter10            |    1|   0|    1|          0|
    |ap_enable_reg_pp0_iter11            |    1|   0|    1|          0|
    |ap_enable_reg_pp0_iter12            |    1|   0|    1|          0|
    |ap_enable_reg_pp0_iter13            |    1|   0|    1|          0|
    |ap_enable_reg_pp0_iter14            |    1|   0|    1|          0|
    |ap_enable_reg_pp0_iter15            |    1|   0|    1|          0|
    |ap_enable_reg_pp0_iter16            |    1|   0|    1|          0|
    |ap_enable_reg_pp0_iter17            |    1|   0|    1|          0|
    |ap_enable_reg_pp0_iter18            |    1|   0|    1|          0|
    |ap_enable_reg_pp0_iter19            |    1|   0|    1|          0|
    |ap_enable_reg_pp0_iter2             |    1|   0|    1|          0|
    |ap_enable_reg_pp0_iter20            |    1|   0|    1|          0|
    |ap_enable_reg_pp0_iter21            |    1|   0|    1|          0|
    |ap_enable_reg_pp0_iter22            |    1|   0|    1|          0|
    |ap_enable_reg_pp0_iter23            |    1|   0|    1|          0|
    |ap_enable_reg_pp0_iter3             |    1|   0|    1|          0|
    |ap_enable_reg_pp0_iter4             |    1|   0|    1|          0|
    |ap_enable_reg_pp0_iter5             |    1|   0|    1|          0|
    |ap_enable_reg_pp0_iter6             |    1|   0|    1|          0|
    |ap_enable_reg_pp0_iter7             |    1|   0|    1|          0|
    |ap_enable_reg_pp0_iter8             |    1|   0|    1|          0|
    |ap_enable_reg_pp0_iter9             |    1|   0|    1|          0|
    |ap_loop_exit_ready_pp0_iter10_reg   |    1|   0|    1|          0|
    |ap_loop_exit_ready_pp0_iter11_reg   |    1|   0|    1|          0|
    |ap_loop_exit_ready_pp0_iter12_reg   |    1|   0|    1|          0|
    |ap_loop_exit_ready_pp0_iter13_reg   |    1|   0|    1|          0|
    |ap_loop_exit_ready_pp0_iter14_reg   |    1|   0|    1|          0|
    |ap_loop_exit_ready_pp0_iter15_reg   |    1|   0|    1|          0|
    |ap_loop_exit_ready_pp0_iter16_reg   |    1|   0|    1|          0|
    |ap_loop_exit_ready_pp0_iter17_reg   |    1|   0|    1|          0|
    |ap_loop_exit_ready_pp0_iter18_reg   |    1|   0|    1|          0|
    |ap_loop_exit_ready_pp0_iter19_reg   |    1|   0|    1|          0|
    |ap_loop_exit_ready_pp0_iter1_reg    |    1|   0|    1|          0|
    |ap_loop_exit_ready_pp0_iter20_reg   |    1|   0|    1|          0|
    |ap_loop_exit_ready_pp0_iter21_reg   |    1|   0|    1|          0|
    |ap_loop_exit_ready_pp0_iter22_reg   |    1|   0|    1|          0|
    |ap_loop_exit_ready_pp0_iter2_reg    |    1|   0|    1|          0|
    |ap_loop_exit_ready_pp0_iter3_reg    |    1|   0|    1|          0|
    |ap_loop_exit_ready_pp0_iter4_reg    |    1|   0|    1|          0|
    |ap_loop_exit_ready_pp0_iter5_reg    |    1|   0|    1|          0|
    |ap_loop_exit_ready_pp0_iter6_reg    |    1|   0|    1|          0|
    |ap_loop_exit_ready_pp0_iter7_reg    |    1|   0|    1|          0|
    |ap_loop_exit_ready_pp0_iter8_reg    |    1|   0|    1|          0|
    |ap_loop_exit_ready_pp0_iter9_reg    |    1|   0|    1|          0|
    |attention_group_load_reg_831        |   32|   0|   32|          0|
    |bit_select27_i_i_reg_880            |    1|   0|    1|          0|
    |icmp_ln1547_reg_848                 |    1|   0|    1|          0|
    |icmp_ln1547_reg_848_pp0_iter3_reg   |    1|   0|    1|          0|
    |lane_fu_136                         |    6|   0|    6|          0|
    |lshr_ln1547_1_reg_895               |   63|   0|   63|          0|
    |lshr_ln1547_2_reg_875               |   32|   0|   32|          0|
    |quantized_word_fu_132               |  480|   0|  480|          0|
    |rounded_1_reg_929                   |   32|   0|   32|          0|
    |rounded_1_reg_929_pp0_iter20_reg    |   32|   0|   32|          0|
    |rounded_reg_922                     |   32|   0|   32|          0|
    |rounded_reg_922_pp0_iter18_reg      |   32|   0|   32|          0|
    |scaled_reg_910                      |   32|   0|   32|          0|
    |select_ln1547_3_reg_905             |   32|   0|   32|          0|
    |select_ln1547_reg_853               |   32|   0|   32|          0|
    |select_ln1549_reg_917               |    1|   0|   32|         31|
    |sub_ln1547_2_reg_890                |   32|   0|   32|          0|
    |sub_ln1547_reg_843                  |   32|   0|   32|          0|
    |tmp_1_reg_837                       |    1|   0|    1|          0|
    |tmp_3_reg_870                       |   31|   0|   31|          0|
    |tmp_5_reg_900                       |    1|   0|    1|          0|
    |tmp_reg_822                         |    1|   0|    1|          0|
    |trunc_ln1547_reg_859                |    8|   0|    8|          0|
    |trunc_ln1547_reg_859_pp0_iter3_reg  |    8|   0|    8|          0|
    |trunc_ln342_reg_946                 |   23|   0|   23|          0|
    |val_reg_951                         |   15|   0|   15|          0|
    |xs_exp_reg_940                      |    8|   0|    8|          0|
    |xs_sign_reg_935                     |    1|   0|    1|          0|
    |xs_sign_reg_935_pp0_iter22_reg      |    1|   0|    1|          0|
    |scaled_reg_910                      |   64|  32|   32|          0|
    |tmp_1_reg_837                       |   64|  32|    1|          0|
    |tmp_reg_822                         |   64|  32|    1|          0|
    +------------------------------------+-----+----+-----+-----------+
    |Total                               | 1306|  96| 1179|         31|
    +------------------------------------+-----+----+-----+-----------+



================================================================
== Interface
================================================================
* Summary: 
+---------------------------+-----+-----+------------+-----------------------------------------------------------------------------+--------------+
|         RTL Ports         | Dir | Bits|  Protocol  |                                Source Object                                |    C Type    |
+---------------------------+-----+-----+------------+-----------------------------------------------------------------------------+--------------+
|ap_clk                     |   in|    1|  ap_ctrl_hs|  swiftkv_update_values_and_quantize_Pipeline_attention_quantize_reverse_loop|  return value|
|ap_rst                     |   in|    1|  ap_ctrl_hs|  swiftkv_update_values_and_quantize_Pipeline_attention_quantize_reverse_loop|  return value|
|ap_start                   |   in|    1|  ap_ctrl_hs|  swiftkv_update_values_and_quantize_Pipeline_attention_quantize_reverse_loop|  return value|
|ap_done                    |  out|    1|  ap_ctrl_hs|  swiftkv_update_values_and_quantize_Pipeline_attention_quantize_reverse_loop|  return value|
|ap_idle                    |  out|    1|  ap_ctrl_hs|  swiftkv_update_values_and_quantize_Pipeline_attention_quantize_reverse_loop|  return value|
|ap_ready                   |  out|    1|  ap_ctrl_hs|  swiftkv_update_values_and_quantize_Pipeline_attention_quantize_reverse_loop|  return value|
|grp_fu_351_p_din0          |  out|   32|  ap_ctrl_hs|  swiftkv_update_values_and_quantize_Pipeline_attention_quantize_reverse_loop|  return value|
|grp_fu_351_p_din1          |  out|   32|  ap_ctrl_hs|  swiftkv_update_values_and_quantize_Pipeline_attention_quantize_reverse_loop|  return value|
|grp_fu_351_p_dout0         |   in|   32|  ap_ctrl_hs|  swiftkv_update_values_and_quantize_Pipeline_attention_quantize_reverse_loop|  return value|
|grp_fu_351_p_ce            |  out|    1|  ap_ctrl_hs|  swiftkv_update_values_and_quantize_Pipeline_attention_quantize_reverse_loop|  return value|
|grp_fu_361_p_din0          |  out|   32|  ap_ctrl_hs|  swiftkv_update_values_and_quantize_Pipeline_attention_quantize_reverse_loop|  return value|
|grp_fu_361_p_din1          |  out|   32|  ap_ctrl_hs|  swiftkv_update_values_and_quantize_Pipeline_attention_quantize_reverse_loop|  return value|
|grp_fu_361_p_opcode        |  out|    5|  ap_ctrl_hs|  swiftkv_update_values_and_quantize_Pipeline_attention_quantize_reverse_loop|  return value|
|grp_fu_361_p_dout0         |   in|    1|  ap_ctrl_hs|  swiftkv_update_values_and_quantize_Pipeline_attention_quantize_reverse_loop|  return value|
|grp_fu_361_p_ce            |  out|    1|  ap_ctrl_hs|  swiftkv_update_values_and_quantize_Pipeline_attention_quantize_reverse_loop|  return value|
|attention_group_address0   |  out|    5|   ap_memory|                                                              attention_group|         array|
|attention_group_ce0        |  out|    1|   ap_memory|                                                              attention_group|         array|
|attention_group_q0         |   in|   32|   ap_memory|                                                              attention_group|         array|
|inverse_scale              |   in|   32|     ap_none|                                                                inverse_scale|        scalar|
|quantized_word_out         |  out|  480|      ap_vld|                                                           quantized_word_out|       pointer|
|quantized_word_out_ap_vld  |  out|    1|      ap_vld|                                                           quantized_word_out|       pointer|
+---------------------------+-----+-----+------------+-----------------------------------------------------------------------------+--------------+

