

================================================================
== Vitis HLS Report for 'swiftkv_quantize_kv_record_Pipeline_find_kv_group_max_block_loop'
================================================================
* Date:           Tue Aug 11 09:18:05 2026

* Version:        2023.2 (Build 4023990 on Oct 11 2023)
* Project:        proj_int4_decoder_xo
* Solution:       solution1 (Vitis Kernel Flow Target)
* Product family: virtexuplus
* Target device:  xcu250-figd2104-2L-e


================================================================
== Performance Estimates
================================================================
+ Timing: 
    * Summary: 
    +--------+---------+----------+------------+
    |  Clock |  Target | Estimated| Uncertainty|
    +--------+---------+----------+------------+
    |ap_clk  |  3.33 ns|  2.214 ns|     0.90 ns|
    +--------+---------+----------+------------+

+ Latency: 
    * Summary: 
    +---------+---------+-----------+-----------+-----+-----+---------+
    |  Latency (cycles) |   Latency (absolute)  |  Interval | Pipeline|
    |   min   |   max   |    min    |    max    | min | max |   Type  |
    +---------+---------+-----------+-----------+-----+-----+---------+
    |       11|       11|  36.663 ns|  36.663 ns|   11|   11|       no|
    +---------+---------+-----------+-----------+-----+-----+---------+

    + Detail: 
        * Instance: 
        N/A

        * Loop: 
        +--------------------------------+---------+---------+----------+-----------+-----------+------+----------+
        |                                |  Latency (cycles) | Iteration|  Initiation Interval  | Trip |          |
        |            Loop Name           |   min   |   max   |  Latency |  achieved |   target  | Count| Pipelined|
        +--------------------------------+---------+---------+----------+-----------+-----------+------+----------+
        |- find_kv_group_max_block_loop  |        9|        9|         3|          1|          1|     8|       yes|
        +--------------------------------+---------+---------+----------+-----------+-----------+------+----------+



================================================================
== Utilization Estimates
================================================================
* Summary: 
+---------------------+---------+-------+---------+---------+------+
|         Name        | BRAM_18K|  DSP  |    FF   |   LUT   | URAM |
+---------------------+---------+-------+---------+---------+------+
|DSP                  |        -|      -|        -|        -|     -|
|Expression           |        -|      -|        0|     1170|     -|
|FIFO                 |        -|      -|        -|        -|     -|
|Instance             |        -|      -|        0|      344|     -|
|Memory               |        -|      -|        -|        -|     -|
|Multiplexer          |        -|      -|        -|       54|     -|
|Register             |        -|      -|      394|        -|     -|
+---------------------+---------+-------+---------+---------+------+
|Total                |        0|      0|      394|     1568|     0|
+---------------------+---------+-------+---------+---------+------+
|Available SLR        |     1344|   3072|   864000|   432000|   320|
+---------------------+---------+-------+---------+---------+------+
|Utilization SLR (%)  |        0|      0|       ~0|       ~0|     0|
+---------------------+---------+-------+---------+---------+------+
|Available            |     5376|  12288|  3456000|  1728000|  1280|
+---------------------+---------+-------+---------+---------+------+
|Utilization (%)      |        0|      0|       ~0|       ~0|     0|
+---------------------+---------+-------+---------+---------+------+

+ Detail: 
    * Instance: 
    +----------------------------+-----------------------+---------+----+---+----+-----+
    |          Instance          |         Module        | BRAM_18K| DSP| FF| LUT| URAM|
    +----------------------------+-----------------------+---------+----+---+----+-----+
    |sparsemux_17_3_32_1_1_U122  |sparsemux_17_3_32_1_1  |        0|   0|  0|  43|    0|
    |sparsemux_17_3_32_1_1_U123  |sparsemux_17_3_32_1_1  |        0|   0|  0|  43|    0|
    |sparsemux_17_3_32_1_1_U124  |sparsemux_17_3_32_1_1  |        0|   0|  0|  43|    0|
    |sparsemux_17_3_32_1_1_U125  |sparsemux_17_3_32_1_1  |        0|   0|  0|  43|    0|
    |sparsemux_17_3_32_1_1_U126  |sparsemux_17_3_32_1_1  |        0|   0|  0|  43|    0|
    |sparsemux_17_3_32_1_1_U127  |sparsemux_17_3_32_1_1  |        0|   0|  0|  43|    0|
    |sparsemux_17_3_32_1_1_U128  |sparsemux_17_3_32_1_1  |        0|   0|  0|  43|    0|
    |sparsemux_17_3_32_1_1_U129  |sparsemux_17_3_32_1_1  |        0|   0|  0|  43|    0|
    +----------------------------+-----------------------+---------+----+---+----+-----+
    |Total                       |                       |        0|   0|  0| 344|    0|
    +----------------------------+-----------------------+---------+----+---+----+-----+

    * DSP: 
    N/A

    * Memory: 
    N/A

    * FIFO: 
    N/A

    * Expression: 
    +--------------------------+----------+----+---+----+------------+------------+
    |       Variable Name      | Operation| DSP| FF| LUT| Bitwidth P0| Bitwidth P1|
    +--------------------------+----------+----+---+----+------------+------------+
    |add_ln445_fu_618_p2       |         +|   0|  0|  12|           4|           1|
    |sub_ln316_1_fu_738_p2     |         -|   0|  0|  39|           1|          32|
    |sub_ln316_2_fu_800_p2     |         -|   0|  0|  39|           1|          32|
    |sub_ln316_3_fu_862_p2     |         -|   0|  0|  39|           1|          32|
    |sub_ln316_4_fu_924_p2     |         -|   0|  0|  39|           1|          32|
    |sub_ln316_5_fu_986_p2     |         -|   0|  0|  39|           1|          32|
    |sub_ln316_6_fu_1048_p2    |         -|   0|  0|  39|           1|          32|
    |sub_ln316_7_fu_1110_p2    |         -|   0|  0|  39|           1|          32|
    |sub_ln316_fu_676_p2       |         -|   0|  0|  39|           1|          32|
    |icmp_ln444_fu_612_p2      |      icmp|   0|  0|  12|           4|           5|
    |icmp_ln461_fu_1129_p2     |      icmp|   0|  0|  39|          32|          32|
    |icmp_ln464_fu_1145_p2     |      icmp|   0|  0|  39|          32|          32|
    |icmp_ln467_fu_1161_p2     |      icmp|   0|  0|  39|          32|          32|
    |icmp_ln469_fu_1175_p2     |      icmp|   0|  0|  39|          32|          32|
    |icmp_ln472_fu_1191_p2     |      icmp|   0|  0|  39|          32|          32|
    |icmp_ln475_fu_1207_p2     |      icmp|   0|  0|  39|          32|          32|
    |icmp_ln476_fu_1227_p2     |      icmp|   0|  0|  39|          32|          32|
    |icmp_ln479_fu_1239_p2     |      icmp|   0|  0|  39|          32|          32|
    |block_max_k_fu_1167_p3    |    select|   0|  0|  32|           1|          32|
    |block_max_v_fu_1213_p3    |    select|   0|  0|  32|           1|          32|
    |magnitude_k_1_fu_744_p3   |    select|   0|  0|  32|           1|          32|
    |magnitude_k_2_fu_806_p3   |    select|   0|  0|  32|           1|          32|
    |magnitude_k_3_fu_868_p3   |    select|   0|  0|  32|           1|          32|
    |magnitude_k_fu_682_p3     |    select|   0|  0|  32|           1|          32|
    |magnitude_v_1_fu_992_p3   |    select|   0|  0|  32|           1|          32|
    |magnitude_v_2_fu_1054_p3  |    select|   0|  0|  32|           1|          32|
    |magnitude_v_3_fu_1116_p3  |    select|   0|  0|  32|           1|          32|
    |magnitude_v_fu_930_p3     |    select|   0|  0|  32|           1|          32|
    |max_k_01_fu_1139_p3       |    select|   0|  0|  32|           1|          32|
    |max_k_23_fu_1155_p3       |    select|   0|  0|  32|           1|          32|
    |max_v_01_fu_1185_p3       |    select|   0|  0|  32|           1|          32|
    |max_v_23_fu_1201_p3       |    select|   0|  0|  32|           1|          32|
    |maximum_k_1_fu_1232_p3    |    select|   0|  0|  32|           1|          32|
    |maximum_v_2_fu_1244_p3    |    select|   0|  0|  32|           1|          32|
    |ap_enable_pp0             |       xor|   0|  0|   2|           1|           2|
    |xor_ln461_fu_1133_p2      |       xor|   0|  0|   2|           1|           2|
    |xor_ln464_fu_1149_p2      |       xor|   0|  0|   2|           1|           2|
    |xor_ln469_fu_1179_p2      |       xor|   0|  0|   2|           1|           2|
    |xor_ln472_fu_1195_p2      |       xor|   0|  0|   2|           1|           2|
    +--------------------------+----------+----+---+----+------------+------------+
    |Total                     |          |   0|  0|1170|         293|        1040|
    +--------------------------+----------+----+---+----+------------+------------+

    * Multiplexer: 
    +--------------------------+----+-----------+-----+-----------+
    |           Name           | LUT| Input Size| Bits| Total Bits|
    +--------------------------+----+-----------+-----+-----------+
    |ap_done_int               |   9|          2|    1|          2|
    |ap_enable_reg_pp0_iter1   |   9|          2|    1|          2|
    |ap_sig_allocacmp_block_2  |   9|          2|    4|          8|
    |block_fu_192              |   9|          2|    4|          8|
    |maximum_k_fu_184          |   9|          2|   32|         64|
    |maximum_v_fu_188          |   9|          2|   32|         64|
    +--------------------------+----+-----------+-----+-----------+
    |Total                     |  54|         12|   74|        148|
    +--------------------------+----+-----------+-----+-----------+

    * Register: 
    +----------------------------------+----+----+-----+-----------+
    |               Name               | FF | LUT| Bits| Const Bits|
    +----------------------------------+----+----+-----+-----------+
    |ap_CS_fsm                         |   1|   0|    1|          0|
    |ap_done_reg                       |   1|   0|    1|          0|
    |ap_enable_reg_pp0_iter1           |   1|   0|    1|          0|
    |ap_enable_reg_pp0_iter2           |   1|   0|    1|          0|
    |ap_loop_exit_ready_pp0_iter1_reg  |   1|   0|    1|          0|
    |block_fu_192                      |   4|   0|    4|          0|
    |block_max_k_reg_1344              |  32|   0|   32|          0|
    |block_max_v_reg_1350              |  32|   0|   32|          0|
    |icmp_ln444_reg_1292               |   1|   0|    1|          0|
    |magnitude_k_1_reg_1302            |  32|   0|   32|          0|
    |magnitude_k_2_reg_1308            |  32|   0|   32|          0|
    |magnitude_k_3_reg_1314            |  32|   0|   32|          0|
    |magnitude_k_reg_1296              |  32|   0|   32|          0|
    |magnitude_v_1_reg_1326            |  32|   0|   32|          0|
    |magnitude_v_2_reg_1332            |  32|   0|   32|          0|
    |magnitude_v_3_reg_1338            |  32|   0|   32|          0|
    |magnitude_v_reg_1320              |  32|   0|   32|          0|
    |maximum_k_fu_184                  |  32|   0|   32|          0|
    |maximum_v_fu_188                  |  32|   0|   32|          0|
    +----------------------------------+----+----+-----+-----------+
    |Total                             | 394|   0|  394|          0|
    +----------------------------------+----+----+-----+-----------+



================================================================
== Interface
================================================================
* Summary: 
+----------------------+-----+-----+------------+------------------------------------------------------------------+--------------+
|       RTL Ports      | Dir | Bits|  Protocol  |                           Source Object                          |    C Type    |
+----------------------+-----+-----+------------+------------------------------------------------------------------+--------------+
|ap_clk                |   in|    1|  ap_ctrl_hs|  swiftkv_quantize_kv_record_Pipeline_find_kv_group_max_block_loop|  return value|
|ap_rst                |   in|    1|  ap_ctrl_hs|  swiftkv_quantize_kv_record_Pipeline_find_kv_group_max_block_loop|  return value|
|ap_start              |   in|    1|  ap_ctrl_hs|  swiftkv_quantize_kv_record_Pipeline_find_kv_group_max_block_loop|  return value|
|ap_done               |  out|    1|  ap_ctrl_hs|  swiftkv_quantize_kv_record_Pipeline_find_kv_group_max_block_loop|  return value|
|ap_idle               |  out|    1|  ap_ctrl_hs|  swiftkv_quantize_kv_record_Pipeline_find_kv_group_max_block_loop|  return value|
|ap_ready              |  out|    1|  ap_ctrl_hs|  swiftkv_quantize_kv_record_Pipeline_find_kv_group_max_block_loop|  return value|
|empty_612             |   in|   32|     ap_none|                                                         empty_612|        scalar|
|k_raw_3534            |   in|   32|     ap_none|                                                        k_raw_3534|        scalar|
|k_raw_3942            |   in|   32|     ap_none|                                                        k_raw_3942|        scalar|
|k_raw_4350            |   in|   32|     ap_none|                                                        k_raw_4350|        scalar|
|empty_613             |   in|   32|     ap_none|                                                         empty_613|        scalar|
|k_raw_5164            |   in|   32|     ap_none|                                                        k_raw_5164|        scalar|
|k_raw_5572            |   in|   32|     ap_none|                                                        k_raw_5572|        scalar|
|k_raw_5980            |   in|   32|     ap_none|                                                        k_raw_5980|        scalar|
|k_raw_3228            |   in|   32|     ap_none|                                                        k_raw_3228|        scalar|
|k_raw_3636            |   in|   32|     ap_none|                                                        k_raw_3636|        scalar|
|k_raw_4044            |   in|   32|     ap_none|                                                        k_raw_4044|        scalar|
|k_raw_4452            |   in|   32|     ap_none|                                                        k_raw_4452|        scalar|
|k_raw_4858            |   in|   32|     ap_none|                                                        k_raw_4858|        scalar|
|k_raw_5266            |   in|   32|     ap_none|                                                        k_raw_5266|        scalar|
|k_raw_5674            |   in|   32|     ap_none|                                                        k_raw_5674|        scalar|
|k_raw_6082            |   in|   32|     ap_none|                                                        k_raw_6082|        scalar|
|k_raw_3330            |   in|   32|     ap_none|                                                        k_raw_3330|        scalar|
|k_raw_3738            |   in|   32|     ap_none|                                                        k_raw_3738|        scalar|
|k_raw_4146            |   in|   32|     ap_none|                                                        k_raw_4146|        scalar|
|k_raw_4554            |   in|   32|     ap_none|                                                        k_raw_4554|        scalar|
|k_raw_4960            |   in|   32|     ap_none|                                                        k_raw_4960|        scalar|
|k_raw_5368            |   in|   32|     ap_none|                                                        k_raw_5368|        scalar|
|k_raw_5776            |   in|   32|     ap_none|                                                        k_raw_5776|        scalar|
|k_raw_6184            |   in|   32|     ap_none|                                                        k_raw_6184|        scalar|
|k_raw_3432            |   in|   32|     ap_none|                                                        k_raw_3432|        scalar|
|k_raw_3840            |   in|   32|     ap_none|                                                        k_raw_3840|        scalar|
|k_raw_4248            |   in|   32|     ap_none|                                                        k_raw_4248|        scalar|
|k_raw_4656            |   in|   32|     ap_none|                                                        k_raw_4656|        scalar|
|k_raw_5062            |   in|   32|     ap_none|                                                        k_raw_5062|        scalar|
|k_raw_5470            |   in|   32|     ap_none|                                                        k_raw_5470|        scalar|
|k_raw_5878            |   in|   32|     ap_none|                                                        k_raw_5878|        scalar|
|k_raw_6286            |   in|   32|     ap_none|                                                        k_raw_6286|        scalar|
|empty_614             |   in|   32|     ap_none|                                                         empty_614|        scalar|
|v_raw_3535            |   in|   32|     ap_none|                                                        v_raw_3535|        scalar|
|v_raw_3943            |   in|   32|     ap_none|                                                        v_raw_3943|        scalar|
|v_raw_4351            |   in|   32|     ap_none|                                                        v_raw_4351|        scalar|
|empty                 |   in|   32|     ap_none|                                                             empty|        scalar|
|v_raw_5165            |   in|   32|     ap_none|                                                        v_raw_5165|        scalar|
|v_raw_5573            |   in|   32|     ap_none|                                                        v_raw_5573|        scalar|
|v_raw_5981            |   in|   32|     ap_none|                                                        v_raw_5981|        scalar|
|v_raw_3229            |   in|   32|     ap_none|                                                        v_raw_3229|        scalar|
|v_raw_3637            |   in|   32|     ap_none|                                                        v_raw_3637|        scalar|
|v_raw_4045            |   in|   32|     ap_none|                                                        v_raw_4045|        scalar|
|v_raw_4453            |   in|   32|     ap_none|                                                        v_raw_4453|        scalar|
|v_raw_4859            |   in|   32|     ap_none|                                                        v_raw_4859|        scalar|
|v_raw_5267            |   in|   32|     ap_none|                                                        v_raw_5267|        scalar|
|v_raw_5675            |   in|   32|     ap_none|                                                        v_raw_5675|        scalar|
|v_raw_6083            |   in|   32|     ap_none|                                                        v_raw_6083|        scalar|
|v_raw_3331            |   in|   32|     ap_none|                                                        v_raw_3331|        scalar|
|v_raw_3739            |   in|   32|     ap_none|                                                        v_raw_3739|        scalar|
|v_raw_4147            |   in|   32|     ap_none|                                                        v_raw_4147|        scalar|
|v_raw_4555            |   in|   32|     ap_none|                                                        v_raw_4555|        scalar|
|v_raw_4961            |   in|   32|     ap_none|                                                        v_raw_4961|        scalar|
|v_raw_5369            |   in|   32|     ap_none|                                                        v_raw_5369|        scalar|
|v_raw_5777            |   in|   32|     ap_none|                                                        v_raw_5777|        scalar|
|v_raw_6185            |   in|   32|     ap_none|                                                        v_raw_6185|        scalar|
|v_raw_3433            |   in|   32|     ap_none|                                                        v_raw_3433|        scalar|
|v_raw_3841            |   in|   32|     ap_none|                                                        v_raw_3841|        scalar|
|v_raw_4249            |   in|   32|     ap_none|                                                        v_raw_4249|        scalar|
|v_raw_4657            |   in|   32|     ap_none|                                                        v_raw_4657|        scalar|
|v_raw_5063            |   in|   32|     ap_none|                                                        v_raw_5063|        scalar|
|v_raw_5471            |   in|   32|     ap_none|                                                        v_raw_5471|        scalar|
|v_raw_5879            |   in|   32|     ap_none|                                                        v_raw_5879|        scalar|
|v_raw_6287            |   in|   32|     ap_none|                                                        v_raw_6287|        scalar|
|maximum_v_out         |  out|   32|      ap_vld|                                                     maximum_v_out|       pointer|
|maximum_v_out_ap_vld  |  out|    1|      ap_vld|                                                     maximum_v_out|       pointer|
|maximum_k_out         |  out|   32|      ap_vld|                                                     maximum_k_out|       pointer|
|maximum_k_out_ap_vld  |  out|    1|      ap_vld|                                                     maximum_k_out|       pointer|
+----------------------+-----+-----+------------+------------------------------------------------------------------+--------------+

