

================================================================
== Vitis HLS Report for 'swiftkv_run_bank_Pipeline_pe_rope_word_loop_pe_rope_pair_phase_loop'
================================================================
* Date:           Tue Aug 11 09:18:04 2026

* Version:        2023.2 (Build 4023990 on Oct 11 2023)
* Project:        proj_int4_decoder_xo
* Solution:       solution1 (Vitis Kernel Flow Target)
* Product family: virtexuplus
* Target device:  xcu250-figd2104-2L-e


================================================================
== Performance Estimates
================================================================
+ Timing: 
    * Summary: 
    +--------+---------+----------+------------+
    |  Clock |  Target | Estimated| Uncertainty|
    +--------+---------+----------+------------+
    |ap_clk  |  3.33 ns|  2.787 ns|     0.90 ns|
    +--------+---------+----------+------------+

+ Latency: 
    * Summary: 
    +---------+---------+----------+----------+-----+-----+---------+
    |  Latency (cycles) |  Latency (absolute) |  Interval | Pipeline|
    |   min   |   max   |    min   |    max   | min | max |   Type  |
    +---------+---------+----------+----------+-----+-----+---------+
    |      137|      137|  0.457 us|  0.457 us|  137|  137|       no|
    +---------+---------+----------+----------+-----+-----+---------+

    + Detail: 
        * Instance: 
        N/A

        * Loop: 
        +---------------------------------------------+---------+---------+----------+-----------+-----------+------+----------+
        |                                             |  Latency (cycles) | Iteration|  Initiation Interval  | Trip |          |
        |                  Loop Name                  |   min   |   max   |  Latency |  achieved |   target  | Count| Pipelined|
        +---------------------------------------------+---------+---------+----------+-----------+-----------+------+----------+
        |- pe_rope_word_loop_pe_rope_pair_phase_loop  |      135|      135|         9|          1|          1|   128|       yes|
        +---------------------------------------------+---------+---------+----------+-----------+-----------+------+----------+



================================================================
== Utilization Estimates
================================================================
* Summary: 
+---------------------+---------+-------+---------+---------+------+
|         Name        | BRAM_18K|  DSP  |    FF   |   LUT   | URAM |
+---------------------+---------+-------+---------+---------+------+
|DSP                  |        -|      -|        -|        -|     -|
|Expression           |        -|      -|        0|     1092|     -|
|FIFO                 |        -|      -|        -|        -|     -|
|Instance             |        -|      8|      136|      188|     -|
|Memory               |        -|      -|        -|        -|     -|
|Multiplexer          |        -|      -|        -|      132|     -|
|Register             |        -|      -|     2354|      192|     -|
+---------------------+---------+-------+---------+---------+------+
|Total                |        0|      8|     2490|     1604|     0|
+---------------------+---------+-------+---------+---------+------+
|Available SLR        |     1344|   3072|   864000|   432000|   320|
+---------------------+---------+-------+---------+---------+------+
|Utilization SLR (%)  |        0|     ~0|       ~0|       ~0|     0|
+---------------------+---------+-------+---------+---------+------+
|Available            |     5376|  12288|  3456000|  1728000|  1280|
+---------------------+---------+-------+---------+---------+------+
|Utilization (%)      |        0|     ~0|       ~0|       ~0|     0|
+---------------------+---------+-------+---------+---------+------+

+ Detail: 
    * Instance: 
    +------------------------+--------------------+---------+----+----+----+-----+
    |        Instance        |       Module       | BRAM_18K| DSP| FF | LUT| URAM|
    +------------------------+--------------------+---------+----+----+----+-----+
    |mul_32s_19s_51_4_1_U96  |mul_32s_19s_51_4_1  |        0|   2|  34|  47|    0|
    |mul_32s_19s_51_4_1_U97  |mul_32s_19s_51_4_1  |        0|   2|  34|  47|    0|
    |mul_32s_19s_51_4_1_U98  |mul_32s_19s_51_4_1  |        0|   2|  34|  47|    0|
    |mul_32s_19s_51_4_1_U99  |mul_32s_19s_51_4_1  |        0|   2|  34|  47|    0|
    +------------------------+--------------------+---------+----+----+----+-----+
    |Total                   |                    |        0|   8| 136| 188|    0|
    +------------------------+--------------------+---------+----+----+----+-----+

    * DSP: 
    N/A

    * Memory: 
    N/A

    * FIFO: 
    N/A

    * Expression: 
    +-----------------------------+----------+----+---+-----+------------+------------+
    |        Variable Name        | Operation| DSP| FF| LUT | Bitwidth P0| Bitwidth P1|
    +-----------------------------+----------+----+---+-----+------------+------------+
    |add_ln1890_fu_568_p2         |         +|   0|  0|   15|           8|           1|
    |add_ln1891_fu_600_p2         |         +|   0|  0|   12|           4|           1|
    |add_ln50_fu_922_p2           |         +|   0|  0|   56|          49|          49|
    |combined_1_fu_926_p2         |         +|   0|  0|   59|          52|          52|
    |phase_5_fu_661_p2            |         +|   0|  0|   12|           5|           1|
    |combined_fu_848_p2           |         -|   0|  0|   58|          51|          51|
    |ap_condition_838             |       and|   0|  0|    2|           1|           1|
    |ap_predicate_pred459_state8  |       and|   0|  0|    2|           1|           1|
    |ap_predicate_pred465_state8  |       and|   0|  0|    2|           1|           1|
    |ap_predicate_pred471_state8  |       and|   0|  0|    2|           1|           1|
    |ap_predicate_pred477_state8  |       and|   0|  0|    2|           1|           1|
    |ap_predicate_pred483_state8  |       and|   0|  0|    2|           1|           1|
    |ap_predicate_pred489_state8  |       and|   0|  0|    2|           1|           1|
    |ap_predicate_pred494_state8  |       and|   0|  0|    2|           1|           1|
    |ap_predicate_pred511_state8  |       and|   0|  0|    2|           1|           1|
    |icmp_ln1890_fu_562_p2        |      icmp|   0|  0|   16|           8|           9|
    |icmp_ln1903_1_fu_667_p2      |      icmp|   0|  0|   13|           5|           6|
    |icmp_ln1903_fu_580_p2        |      icmp|   0|  0|   13|           5|           6|
    |icmp_ln61_1_fu_952_p2        |      icmp|   0|  0|   12|           4|           1|
    |icmp_ln61_fu_872_p2          |      icmp|   0|  0|   10|           3|           1|
    |icmp_ln64_1_fu_958_p2        |      icmp|   0|  0|   42|          35|          33|
    |icmp_ln64_fu_878_p2          |      icmp|   0|  0|   41|          34|          33|
    |or_ln1889_fu_586_p2          |        or|   0|  0|    2|           1|           1|
    |or_ln61_1_fu_982_p2          |        or|   0|  0|    2|           1|           1|
    |or_ln61_fu_902_p2            |        or|   0|  0|    2|           1|           1|
    |cosine_2_fu_751_p3           |    select|   0|  0|   19|           1|          19|
    |input_0_fu_744_p3            |    select|   0|  0|   32|           1|          32|
    |input_1_3_fu_765_p3          |    select|   0|  0|   32|           1|          32|
    |rotated_0_fu_908_p3          |    select|   0|  0|   32|           1|          32|
    |rotated_1_fu_988_p3          |    select|   0|  0|   32|           1|          32|
    |select_ln1889_1_fu_702_p3    |    select|   0|  0|   19|           1|           1|
    |select_ln1889_2_fu_709_p3    |    select|   0|  0|   19|           1|           1|
    |select_ln1889_3_fu_999_p3    |    select|   0|  0|  428|           1|           1|
    |select_ln1889_fu_592_p3      |    select|   0|  0|    5|           1|           1|
    |select_ln1890_fu_606_p3      |    select|   0|  0|    4|           1|           4|
    |select_ln61_2_fu_974_p3      |    select|   0|  0|   33|           1|          31|
    |select_ln61_fu_894_p3        |    select|   0|  0|   33|           1|          31|
    |sine_2_fu_758_p3             |    select|   0|  0|   19|           1|          19|
    |ap_enable_pp0                |       xor|   0|  0|    2|           1|           2|
    +-----------------------------+----------+----+---+-----+------------+------------+
    |Total                        |          |   0|  0| 1092|         289|         494|
    +-----------------------------+----------+----+---+-----+------------+------------+

    * Multiplexer: 
    +--------------------------------------+----+-----------+-----+-----------+
    |                 Name                 | LUT| Input Size| Bits| Total Bits|
    +--------------------------------------+----+-----------+-----+-----------+
    |ap_done_int                           |   9|          2|    1|          2|
    |ap_enable_reg_pp0_iter2               |   9|          2|    1|          2|
    |ap_phi_mux_k_shift1_phi_fu_506_p4     |  14|          3|  512|       1536|
    |ap_phi_mux_q_shift2_phi_fu_496_p4     |  14|          3|  512|       1536|
    |ap_sig_allocacmp_indvar_flatten_load  |   9|          2|    8|         16|
    |ap_sig_allocacmp_phase_load           |   9|          2|    5|         10|
    |ap_sig_allocacmp_word_load            |   9|          2|    4|          8|
    |cosine_fu_182                         |   9|          2|   19|         38|
    |indvar_flatten_fu_198                 |   9|          2|    8|         16|
    |phase_fu_190                          |   9|          2|    5|         10|
    |rotated_k_word_fu_178                 |  14|          3|  512|       1536|
    |sine_fu_186                           |   9|          2|   19|         38|
    |word_fu_194                           |   9|          2|    4|          8|
    +--------------------------------------+----+-----------+-----+-----------+
    |Total                                 | 132|         29| 1610|       4756|
    +--------------------------------------+----+-----------+-----+-----------+

    * Register: 
    +----------------------------------+-----+----+-----+-----------+
    |               Name               |  FF | LUT| Bits| Const Bits|
    +----------------------------------+-----+----+-----+-----------+
    |and_ln_reg_1151                   |    3|   0|    4|          1|
    |ap_CS_fsm                         |    1|   0|    1|          0|
    |ap_done_reg                       |    1|   0|    1|          0|
    |ap_enable_reg_pp0_iter1           |    1|   0|    1|          0|
    |ap_enable_reg_pp0_iter2           |    1|   0|    1|          0|
    |ap_enable_reg_pp0_iter3           |    1|   0|    1|          0|
    |ap_enable_reg_pp0_iter4           |    1|   0|    1|          0|
    |ap_enable_reg_pp0_iter5           |    1|   0|    1|          0|
    |ap_enable_reg_pp0_iter6           |    1|   0|    1|          0|
    |ap_enable_reg_pp0_iter7           |    1|   0|    1|          0|
    |ap_enable_reg_pp0_iter8           |    1|   0|    1|          0|
    |ap_loop_exit_ready_pp0_iter1_reg  |    1|   0|    1|          0|
    |ap_loop_exit_ready_pp0_iter2_reg  |    1|   0|    1|          0|
    |ap_loop_exit_ready_pp0_iter3_reg  |    1|   0|    1|          0|
    |ap_loop_exit_ready_pp0_iter4_reg  |    1|   0|    1|          0|
    |ap_loop_exit_ready_pp0_iter5_reg  |    1|   0|    1|          0|
    |ap_loop_exit_ready_pp0_iter6_reg  |    1|   0|    1|          0|
    |ap_loop_exit_ready_pp0_iter7_reg  |    1|   0|    1|          0|
    |ap_predicate_pred459_state8       |    1|   0|    1|          0|
    |ap_predicate_pred465_state8       |    1|   0|    1|          0|
    |ap_predicate_pred471_state8       |    1|   0|    1|          0|
    |ap_predicate_pred477_state8       |    1|   0|    1|          0|
    |ap_predicate_pred483_state8       |    1|   0|    1|          0|
    |ap_predicate_pred489_state8       |    1|   0|    1|          0|
    |ap_predicate_pred494_state8       |    1|   0|    1|          0|
    |ap_predicate_pred511_state8       |    1|   0|    1|          0|
    |cosine_2_reg_1179                 |   19|   0|   19|          0|
    |cosine_fu_182                     |   19|   0|   19|          0|
    |empty_reg_1138                    |    3|   0|    3|          0|
    |icmp_ln1890_reg_1113              |    1|   0|    1|          0|
    |icmp_ln1903_1_reg_1165            |    1|   0|    1|          0|
    |icmp_ln1903_reg_1117              |    1|   0|    1|          0|
    |indvar_flatten_fu_198             |    8|   0|    8|          0|
    |input_0_reg_1174                  |   32|   0|   32|          0|
    |input_1_3_reg_1189                |   32|   0|   32|          0|
    |k_shift_1_fu_206                  |  448|   0|  512|         64|
    |or_ln1889_reg_1124                |    1|   0|    1|          0|
    |phase_fu_190                      |    5|   0|    5|          0|
    |product_0_1_reg_1228              |   51|   0|   51|          0|
    |product_0_reg_1218                |   51|   0|   51|          0|
    |product_1_1_reg_1238              |   51|   0|   51|          0|
    |product_1_reg_1223                |   51|   0|   51|          0|
    |q_shift_1_fu_202                  |  448|   0|  512|         64|
    |rotate_k_reg_1143                 |    1|   0|    1|          0|
    |rotated_0_reg_1248                |   32|   0|   32|          0|
    |rotated_1_reg_1261                |   32|   0|   32|          0|
    |rotated_k_word_fu_178             |  512|   0|  512|          0|
    |rotated_k_words_addr_reg_1169     |    3|   0|    3|          0|
    |sine_2_reg_1184                   |   19|   0|   19|          0|
    |sine_fu_186                       |   19|   0|   19|          0|
    |trunc_ln47_reg_1233               |   49|   0|   49|          0|
    |trunc_ln48_reg_1243               |   49|   0|   49|          0|
    |word_fu_194                       |    4|   0|    4|          0|
    |and_ln_reg_1151                   |   64|  32|    4|          1|
    |empty_reg_1138                    |   64|  32|    3|          0|
    |icmp_ln1903_1_reg_1165            |   64|  32|    1|          0|
    |icmp_ln1903_reg_1117              |   64|  32|    1|          0|
    |rotate_k_reg_1143                 |   64|  32|    1|          0|
    |rotated_k_words_addr_reg_1169     |   64|  32|    3|          0|
    +----------------------------------+-----+----+-----+-----------+
    |Total                             | 2354| 192| 2112|        130|
    +----------------------------------+-----+----+-----+-----------+



================================================================
== Interface
================================================================
* Summary: 
+--------------------------+-----+-----+------------+---------------------------------------------------------------------+--------------+
|         RTL Ports        | Dir | Bits|  Protocol  |                            Source Object                            |    C Type    |
+--------------------------+-----+-----+------------+---------------------------------------------------------------------+--------------+
|ap_clk                    |   in|    1|  ap_ctrl_hs|  swiftkv_run_bank_Pipeline_pe_rope_word_loop_pe_rope_pair_phase_loop|  return value|
|ap_rst                    |   in|    1|  ap_ctrl_hs|  swiftkv_run_bank_Pipeline_pe_rope_word_loop_pe_rope_pair_phase_loop|  return value|
|ap_start                  |   in|    1|  ap_ctrl_hs|  swiftkv_run_bank_Pipeline_pe_rope_word_loop_pe_rope_pair_phase_loop|  return value|
|ap_done                   |  out|    1|  ap_ctrl_hs|  swiftkv_run_bank_Pipeline_pe_rope_word_loop_pe_rope_pair_phase_loop|  return value|
|ap_idle                   |  out|    1|  ap_ctrl_hs|  swiftkv_run_bank_Pipeline_pe_rope_word_loop_pe_rope_pair_phase_loop|  return value|
|ap_ready                  |  out|    1|  ap_ctrl_hs|  swiftkv_run_bank_Pipeline_pe_rope_word_loop_pe_rope_pair_phase_loop|  return value|
|rotated_k_words_address0  |  out|    3|   ap_memory|                                                      rotated_k_words|         array|
|rotated_k_words_ce0       |  out|    1|   ap_memory|                                                      rotated_k_words|         array|
|rotated_k_words_we0       |  out|    1|   ap_memory|                                                      rotated_k_words|         array|
|rotated_k_words_d0        |  out|  512|   ap_memory|                                                      rotated_k_words|         array|
|query_address0            |  out|    3|   ap_memory|                                                                query|         array|
|query_ce0                 |  out|    1|   ap_memory|                                                                query|         array|
|query_we0                 |  out|    1|   ap_memory|                                                                query|         array|
|query_d0                  |  out|   32|   ap_memory|                                                                query|         array|
|query_2_address0          |  out|    3|   ap_memory|                                                              query_2|         array|
|query_2_ce0               |  out|    1|   ap_memory|                                                              query_2|         array|
|query_2_we0               |  out|    1|   ap_memory|                                                              query_2|         array|
|query_2_d0                |  out|   32|   ap_memory|                                                              query_2|         array|
|query_4_address0          |  out|    3|   ap_memory|                                                              query_4|         array|
|query_4_ce0               |  out|    1|   ap_memory|                                                              query_4|         array|
|query_4_we0               |  out|    1|   ap_memory|                                                              query_4|         array|
|query_4_d0                |  out|   32|   ap_memory|                                                              query_4|         array|
|query_6_address0          |  out|    3|   ap_memory|                                                              query_6|         array|
|query_6_ce0               |  out|    1|   ap_memory|                                                              query_6|         array|
|query_6_we0               |  out|    1|   ap_memory|                                                              query_6|         array|
|query_6_d0                |  out|   32|   ap_memory|                                                              query_6|         array|
|query_8_address0          |  out|    3|   ap_memory|                                                              query_8|         array|
|query_8_ce0               |  out|    1|   ap_memory|                                                              query_8|         array|
|query_8_we0               |  out|    1|   ap_memory|                                                              query_8|         array|
|query_8_d0                |  out|   32|   ap_memory|                                                              query_8|         array|
|query_10_address0         |  out|    3|   ap_memory|                                                             query_10|         array|
|query_10_ce0              |  out|    1|   ap_memory|                                                             query_10|         array|
|query_10_we0              |  out|    1|   ap_memory|                                                             query_10|         array|
|query_10_d0               |  out|   32|   ap_memory|                                                             query_10|         array|
|query_12_address0         |  out|    3|   ap_memory|                                                             query_12|         array|
|query_12_ce0              |  out|    1|   ap_memory|                                                             query_12|         array|
|query_12_we0              |  out|    1|   ap_memory|                                                             query_12|         array|
|query_12_d0               |  out|   32|   ap_memory|                                                             query_12|         array|
|query_14_address0         |  out|    3|   ap_memory|                                                             query_14|         array|
|query_14_ce0              |  out|    1|   ap_memory|                                                             query_14|         array|
|query_14_we0              |  out|    1|   ap_memory|                                                             query_14|         array|
|query_14_d0               |  out|   32|   ap_memory|                                                             query_14|         array|
|query_1_address0          |  out|    3|   ap_memory|                                                              query_1|         array|
|query_1_ce0               |  out|    1|   ap_memory|                                                              query_1|         array|
|query_1_we0               |  out|    1|   ap_memory|                                                              query_1|         array|
|query_1_d0                |  out|   32|   ap_memory|                                                              query_1|         array|
|query_3_address0          |  out|    3|   ap_memory|                                                              query_3|         array|
|query_3_ce0               |  out|    1|   ap_memory|                                                              query_3|         array|
|query_3_we0               |  out|    1|   ap_memory|                                                              query_3|         array|
|query_3_d0                |  out|   32|   ap_memory|                                                              query_3|         array|
|query_5_address0          |  out|    3|   ap_memory|                                                              query_5|         array|
|query_5_ce0               |  out|    1|   ap_memory|                                                              query_5|         array|
|query_5_we0               |  out|    1|   ap_memory|                                                              query_5|         array|
|query_5_d0                |  out|   32|   ap_memory|                                                              query_5|         array|
|query_7_address0          |  out|    3|   ap_memory|                                                              query_7|         array|
|query_7_ce0               |  out|    1|   ap_memory|                                                              query_7|         array|
|query_7_we0               |  out|    1|   ap_memory|                                                              query_7|         array|
|query_7_d0                |  out|   32|   ap_memory|                                                              query_7|         array|
|query_9_address0          |  out|    3|   ap_memory|                                                              query_9|         array|
|query_9_ce0               |  out|    1|   ap_memory|                                                              query_9|         array|
|query_9_we0               |  out|    1|   ap_memory|                                                              query_9|         array|
|query_9_d0                |  out|   32|   ap_memory|                                                              query_9|         array|
|query_11_address0         |  out|    3|   ap_memory|                                                             query_11|         array|
|query_11_ce0              |  out|    1|   ap_memory|                                                             query_11|         array|
|query_11_we0              |  out|    1|   ap_memory|                                                             query_11|         array|
|query_11_d0               |  out|   32|   ap_memory|                                                             query_11|         array|
|query_13_address0         |  out|    3|   ap_memory|                                                             query_13|         array|
|query_13_ce0              |  out|    1|   ap_memory|                                                             query_13|         array|
|query_13_we0              |  out|    1|   ap_memory|                                                             query_13|         array|
|query_13_d0               |  out|   32|   ap_memory|                                                             query_13|         array|
|query_15_address0         |  out|    3|   ap_memory|                                                             query_15|         array|
|query_15_ce0              |  out|    1|   ap_memory|                                                             query_15|         array|
|query_15_we0              |  out|    1|   ap_memory|                                                             query_15|         array|
|query_15_d0               |  out|   32|   ap_memory|                                                             query_15|         array|
|local_cosine_address0     |  out|    6|   ap_memory|                                                         local_cosine|         array|
|local_cosine_ce0          |  out|    1|   ap_memory|                                                         local_cosine|         array|
|local_cosine_q0           |   in|   19|   ap_memory|                                                         local_cosine|         array|
|local_sine_address0       |  out|    6|   ap_memory|                                                           local_sine|         array|
|local_sine_ce0            |  out|    1|   ap_memory|                                                           local_sine|         array|
|local_sine_q0             |   in|   19|   ap_memory|                                                           local_sine|         array|
|q_words_address0          |  out|    3|   ap_memory|                                                              q_words|         array|
|q_words_ce0               |  out|    1|   ap_memory|                                                              q_words|         array|
|q_words_q0                |   in|  512|   ap_memory|                                                              q_words|         array|
|k_words_address0          |  out|    3|   ap_memory|                                                              k_words|         array|
|k_words_ce0               |  out|    1|   ap_memory|                                                              k_words|         array|
|k_words_q0                |   in|  512|   ap_memory|                                                              k_words|         array|
+--------------------------+-----+-----+------------+---------------------------------------------------------------------+--------------+

