

================================================================
== Vitis HLS Report for 'swiftkv_broadcast_rope'
================================================================
* Date:           Tue Aug 11 09:18:03 2026

* Version:        2023.2 (Build 4023990 on Oct 11 2023)
* Project:        proj_int4_decoder_xo
* Solution:       solution1 (Vitis Kernel Flow Target)
* Product family: virtexuplus
* Target device:  xcu250-figd2104-2L-e


================================================================
== Performance Estimates
================================================================
+ Timing: 
    * Summary: 
    +--------+---------+----------+------------+
    |  Clock |  Target | Estimated| Uncertainty|
    +--------+---------+----------+------------+
    |ap_clk  |  3.33 ns|  2.413 ns|     0.90 ns|
    +--------+---------+----------+------------+

+ Latency: 
    * Summary: 
    +---------+---------+----------+----------+-----+-----+---------+
    |  Latency (cycles) |  Latency (absolute) |  Interval | Pipeline|
    |   min   |   max   |    min   |    max   | min | max |   Type  |
    +---------+---------+----------+----------+-----+-----+---------+
    |       66|       66|  0.220 us|  0.220 us|   66|   66|       no|
    +---------+---------+----------+----------+-----+-----+---------+

    + Detail: 
        * Instance: 
        N/A

        * Loop: 
        +----------------------------+---------+---------+----------+-----------+-----------+------+----------+
        |                            |  Latency (cycles) | Iteration|  Initiation Interval  | Trip |          |
        |          Loop Name         |   min   |   max   |  Latency |  achieved |   target  | Count| Pipelined|
        +----------------------------+---------+---------+----------+-----------+-----------+------+----------+
        |- rope_broadcast_pair_loop  |       64|       64|         2|          1|          1|    64|       yes|
        +----------------------------+---------+---------+----------+-----------+-----------+------+----------+



================================================================
== Utilization Estimates
================================================================
* Summary: 
+---------------------+---------+-------+---------+---------+------+
|         Name        | BRAM_18K|  DSP  |    FF   |   LUT   | URAM |
+---------------------+---------+-------+---------+---------+------+
|DSP                  |        -|      -|        -|        -|     -|
|Expression           |        -|      -|        0|       37|     -|
|FIFO                 |        -|      -|        -|        -|     -|
|Instance             |        -|      -|        -|        -|     -|
|Memory               |        -|      -|        -|        -|     -|
|Multiplexer          |        -|      -|        -|      108|     -|
|Register             |        -|      -|       10|        -|     -|
+---------------------+---------+-------+---------+---------+------+
|Total                |        0|      0|       10|      145|     0|
+---------------------+---------+-------+---------+---------+------+
|Available SLR        |     1344|   3072|   864000|   432000|   320|
+---------------------+---------+-------+---------+---------+------+
|Utilization SLR (%)  |        0|      0|       ~0|       ~0|     0|
+---------------------+---------+-------+---------+---------+------+
|Available            |     5376|  12288|  3456000|  1728000|  1280|
+---------------------+---------+-------+---------+---------+------+
|Utilization (%)      |        0|      0|       ~0|       ~0|     0|
+---------------------+---------+-------+---------+---------+------+

+ Detail: 
    * Instance: 
    N/A

    * DSP: 
    N/A

    * Memory: 
    N/A

    * FIFO: 
    N/A

    * Expression: 
    +----------------------------------+----------+----+---+----+------------+------------+
    |           Variable Name          | Operation| DSP| FF| LUT| Bitwidth P0| Bitwidth P1|
    +----------------------------------+----------+----+---+----+------------+------------+
    |add_ln1748_fu_172_p2              |         +|   0|  0|  14|           7|           1|
    |ap_condition_163                  |       and|   0|  0|   2|           1|           1|
    |icmp_ln1748_fu_166_p2             |      icmp|   0|  0|  15|           7|           8|
    |ap_block_pp0_stage0_01001         |        or|   0|  0|   2|           1|           1|
    |ap_block_state2_pp0_stage0_iter1  |        or|   0|  0|   2|           1|           1|
    |ap_enable_pp0                     |       xor|   0|  0|   2|           1|           2|
    +----------------------------------+----------+----+---+----+------------+------------+
    |Total                             |          |   0|  0|  37|          18|          14|
    +----------------------------------+----------+----+---+----+------------+------------+

    * Multiplexer: 
    +-------------------------+----+-----------+-----+-----------+
    |           Name          | LUT| Input Size| Bits| Total Bits|
    +-------------------------+----+-----------+-----+-----------+
    |ap_done_int              |   9|          2|    1|          2|
    |ap_enable_reg_pp0_iter1  |   9|          2|    1|          2|
    |ap_sig_allocacmp_pair_2  |   9|          2|    7|         14|
    |cos_pe0_blk_n            |   9|          2|    1|          2|
    |cos_pe1_blk_n            |   9|          2|    1|          2|
    |cos_pe2_blk_n            |   9|          2|    1|          2|
    |cos_pe3_blk_n            |   9|          2|    1|          2|
    |pair_fu_64               |   9|          2|    7|         14|
    |sin_pe0_blk_n            |   9|          2|    1|          2|
    |sin_pe1_blk_n            |   9|          2|    1|          2|
    |sin_pe2_blk_n            |   9|          2|    1|          2|
    |sin_pe3_blk_n            |   9|          2|    1|          2|
    +-------------------------+----+-----------+-----+-----------+
    |Total                    | 108|         24|   24|         48|
    +-------------------------+----+-----------+-----+-----------+

    * Register: 
    +-------------------------+---+----+-----+-----------+
    |           Name          | FF| LUT| Bits| Const Bits|
    +-------------------------+---+----+-----+-----------+
    |ap_CS_fsm                |  1|   0|    1|          0|
    |ap_done_reg              |  1|   0|    1|          0|
    |ap_enable_reg_pp0_iter1  |  1|   0|    1|          0|
    |pair_fu_64               |  7|   0|    7|          0|
    +-------------------------+---+----+-----+-----------+
    |Total                    | 10|   0|   10|          0|
    +-------------------------+---+----+-----+-----------+



================================================================
== Interface
================================================================
* Summary: 
+------------------------+-----+-----+------------+------------------------+--------------+
|        RTL Ports       | Dir | Bits|  Protocol  |      Source Object     |    C Type    |
+------------------------+-----+-----+------------+------------------------+--------------+
|ap_clk                  |   in|    1|  ap_ctrl_hs|  swiftkv_broadcast_rope|  return value|
|ap_rst                  |   in|    1|  ap_ctrl_hs|  swiftkv_broadcast_rope|  return value|
|ap_start                |   in|    1|  ap_ctrl_hs|  swiftkv_broadcast_rope|  return value|
|ap_done                 |  out|    1|  ap_ctrl_hs|  swiftkv_broadcast_rope|  return value|
|ap_continue             |   in|    1|  ap_ctrl_hs|  swiftkv_broadcast_rope|  return value|
|ap_idle                 |  out|    1|  ap_ctrl_hs|  swiftkv_broadcast_rope|  return value|
|ap_ready                |  out|    1|  ap_ctrl_hs|  swiftkv_broadcast_rope|  return value|
|cos_pe0_din             |  out|   19|     ap_fifo|                 cos_pe0|       pointer|
|cos_pe0_num_data_valid  |   in|    3|     ap_fifo|                 cos_pe0|       pointer|
|cos_pe0_fifo_cap        |   in|    3|     ap_fifo|                 cos_pe0|       pointer|
|cos_pe0_full_n          |   in|    1|     ap_fifo|                 cos_pe0|       pointer|
|cos_pe0_write           |  out|    1|     ap_fifo|                 cos_pe0|       pointer|
|cos_pe1_din             |  out|   19|     ap_fifo|                 cos_pe1|       pointer|
|cos_pe1_num_data_valid  |   in|    3|     ap_fifo|                 cos_pe1|       pointer|
|cos_pe1_fifo_cap        |   in|    3|     ap_fifo|                 cos_pe1|       pointer|
|cos_pe1_full_n          |   in|    1|     ap_fifo|                 cos_pe1|       pointer|
|cos_pe1_write           |  out|    1|     ap_fifo|                 cos_pe1|       pointer|
|cos_pe2_din             |  out|   19|     ap_fifo|                 cos_pe2|       pointer|
|cos_pe2_num_data_valid  |   in|    3|     ap_fifo|                 cos_pe2|       pointer|
|cos_pe2_fifo_cap        |   in|    3|     ap_fifo|                 cos_pe2|       pointer|
|cos_pe2_full_n          |   in|    1|     ap_fifo|                 cos_pe2|       pointer|
|cos_pe2_write           |  out|    1|     ap_fifo|                 cos_pe2|       pointer|
|cos_pe3_din             |  out|   19|     ap_fifo|                 cos_pe3|       pointer|
|cos_pe3_num_data_valid  |   in|    3|     ap_fifo|                 cos_pe3|       pointer|
|cos_pe3_fifo_cap        |   in|    3|     ap_fifo|                 cos_pe3|       pointer|
|cos_pe3_full_n          |   in|    1|     ap_fifo|                 cos_pe3|       pointer|
|cos_pe3_write           |  out|    1|     ap_fifo|                 cos_pe3|       pointer|
|sin_pe0_din             |  out|   19|     ap_fifo|                 sin_pe0|       pointer|
|sin_pe0_num_data_valid  |   in|    3|     ap_fifo|                 sin_pe0|       pointer|
|sin_pe0_fifo_cap        |   in|    3|     ap_fifo|                 sin_pe0|       pointer|
|sin_pe0_full_n          |   in|    1|     ap_fifo|                 sin_pe0|       pointer|
|sin_pe0_write           |  out|    1|     ap_fifo|                 sin_pe0|       pointer|
|sin_pe1_din             |  out|   19|     ap_fifo|                 sin_pe1|       pointer|
|sin_pe1_num_data_valid  |   in|    3|     ap_fifo|                 sin_pe1|       pointer|
|sin_pe1_fifo_cap        |   in|    3|     ap_fifo|                 sin_pe1|       pointer|
|sin_pe1_full_n          |   in|    1|     ap_fifo|                 sin_pe1|       pointer|
|sin_pe1_write           |  out|    1|     ap_fifo|                 sin_pe1|       pointer|
|sin_pe2_din             |  out|   19|     ap_fifo|                 sin_pe2|       pointer|
|sin_pe2_num_data_valid  |   in|    3|     ap_fifo|                 sin_pe2|       pointer|
|sin_pe2_fifo_cap        |   in|    3|     ap_fifo|                 sin_pe2|       pointer|
|sin_pe2_full_n          |   in|    1|     ap_fifo|                 sin_pe2|       pointer|
|sin_pe2_write           |  out|    1|     ap_fifo|                 sin_pe2|       pointer|
|sin_pe3_din             |  out|   19|     ap_fifo|                 sin_pe3|       pointer|
|sin_pe3_num_data_valid  |   in|    3|     ap_fifo|                 sin_pe3|       pointer|
|sin_pe3_fifo_cap        |   in|    3|     ap_fifo|                 sin_pe3|       pointer|
|sin_pe3_full_n          |   in|    1|     ap_fifo|                 sin_pe3|       pointer|
|sin_pe3_write           |  out|    1|     ap_fifo|                 sin_pe3|       pointer|
|current_cos_address0    |  out|    6|   ap_memory|             current_cos|         array|
|current_cos_ce0         |  out|    1|   ap_memory|             current_cos|         array|
|current_cos_q0          |   in|   19|   ap_memory|             current_cos|         array|
|current_sin_address0    |  out|    6|   ap_memory|             current_sin|         array|
|current_sin_ce0         |  out|    1|   ap_memory|             current_sin|         array|
|current_sin_q0          |   in|   19|   ap_memory|             current_sin|         array|
+------------------------+-----+-----+------------+------------------------+--------------+

