

================================================================
== Vitis HLS Report for 'swiftkv_read_compressed_kv_cache_Pipeline_read_compressed_kv_loop'
================================================================
* Date:           Tue Aug 11 09:18:08 2026

* Version:        2023.2 (Build 4023990 on Oct 11 2023)
* Project:        proj_int4_decoder_xo
* Solution:       solution1 (Vitis Kernel Flow Target)
* Product family: virtexuplus
* Target device:  xcu250-figd2104-2L-e


================================================================
== Performance Estimates
================================================================
+ Timing: 
    * Summary: 
    +--------+---------+----------+------------+
    |  Clock |  Target | Estimated| Uncertainty|
    +--------+---------+----------+------------+
    |ap_clk  |  3.33 ns|  2.433 ns|     0.90 ns|
    +--------+---------+----------+------------+

+ Latency: 
    * Summary: 
    +---------+---------+----------+-----------+-----+-------+---------+
    |  Latency (cycles) |  Latency (absolute)  |   Interval  | Pipeline|
    |   min   |   max   |    min   |    max    | min |  max  |   Type  |
    +---------+---------+----------+-----------+-----+-------+---------+
    |        2|    20478|  6.666 ns|  68.253 us|    2|  20478|       no|
    +---------+---------+----------+-----------+-----+-------+---------+

    + Detail: 
        * Instance: 
        N/A

        * Loop: 
        +---------------------------+---------+---------+----------+-----------+-----------+-----------+----------+
        |                           |  Latency (cycles) | Iteration|  Initiation Interval  |    Trip   |          |
        |         Loop Name         |   min   |   max   |  Latency |  achieved |   target  |   Count   | Pipelined|
        +---------------------------+---------+---------+----------+-----------+-----------+-----------+----------+
        |- read_compressed_kv_loop  |        0|    20476|         3|          1|          1|  0 ~ 20475|       yes|
        +---------------------------+---------+---------+----------+-----------+-----------+-----------+----------+



================================================================
== Utilization Estimates
================================================================
* Summary: 
+---------------------+---------+-------+---------+---------+------+
|         Name        | BRAM_18K|  DSP  |    FF   |   LUT   | URAM |
+---------------------+---------+-------+---------+---------+------+
|DSP                  |        -|      -|        -|        -|     -|
|Expression           |        -|      -|        0|       48|     -|
|FIFO                 |        -|      -|        -|        -|     -|
|Instance             |        -|      -|        -|        -|     -|
|Memory               |        -|      -|        -|        -|     -|
|Multiplexer          |        -|      -|        -|       54|     -|
|Register             |        -|      -|      532|        -|     -|
+---------------------+---------+-------+---------+---------+------+
|Total                |        0|      0|      532|      102|     0|
+---------------------+---------+-------+---------+---------+------+
|Available SLR        |     1344|   3072|   864000|   432000|   320|
+---------------------+---------+-------+---------+---------+------+
|Utilization SLR (%)  |        0|      0|       ~0|       ~0|     0|
+---------------------+---------+-------+---------+---------+------+
|Available            |     5376|  12288|  3456000|  1728000|  1280|
+---------------------+---------+-------+---------+---------+------+
|Utilization (%)      |        0|      0|       ~0|       ~0|     0|
+---------------------+---------+-------+---------+---------+------+

+ Detail: 
    * Instance: 
    N/A

    * DSP: 
    N/A

    * Memory: 
    N/A

    * FIFO: 
    N/A

    * Expression: 
    +---------------------------+----------+----+---+----+------------+------------+
    |       Variable Name       | Operation| DSP| FF| LUT| Bitwidth P0| Bitwidth P1|
    +---------------------------+----------+----+---+----+------------+------------+
    |add_ln681_fu_116_p2        |         +|   0|  0|  22|          15|           1|
    |icmp_ln681_fu_110_p2       |      icmp|   0|  0|  22|          15|          15|
    |ap_block_pp0_stage0_01001  |        or|   0|  0|   2|           1|           1|
    |ap_enable_pp0              |       xor|   0|  0|   2|           1|           2|
    +---------------------------+----------+----+---+----+------------+------------+
    |Total                      |          |   0|  0|  48|          32|          19|
    +---------------------------+----------+----+---+----+------------+------------+

    * Multiplexer: 
    +-----------------------------+----+-----------+-----+-----------+
    |             Name            | LUT| Input Size| Bits| Total Bits|
    +-----------------------------+----+-----------+-----+-----------+
    |ap_done_int                  |   9|          2|    1|          2|
    |ap_enable_reg_pp0_iter1      |   9|          2|    1|          2|
    |ap_sig_allocacmp_word_6      |   9|          2|   15|         30|
    |cached_kv_word_stream_blk_n  |   9|          2|    1|          2|
    |gmem0_blk_n_R                |   9|          2|    1|          2|
    |word_fu_70                   |   9|          2|   15|         30|
    +-----------------------------+----+-----------+-----+-----------+
    |Total                        |  54|         12|   34|         68|
    +-----------------------------+----+-----------+-----+-----------+

    * Register: 
    +----------------------------------+-----+----+-----+-----------+
    |               Name               |  FF | LUT| Bits| Const Bits|
    +----------------------------------+-----+----+-----+-----------+
    |ap_CS_fsm                         |    1|   0|    1|          0|
    |ap_done_reg                       |    1|   0|    1|          0|
    |ap_enable_reg_pp0_iter1           |    1|   0|    1|          0|
    |ap_enable_reg_pp0_iter2           |    1|   0|    1|          0|
    |ap_loop_exit_ready_pp0_iter1_reg  |    1|   0|    1|          0|
    |gmem0_addr_read_reg_149           |  512|   0|  512|          0|
    |word_fu_70                        |   15|   0|   15|          0|
    +----------------------------------+-----+----+-----+-----------+
    |Total                             |  532|   0|  532|          0|
    +----------------------------------+-----+----+-----+-----------+



================================================================
== Interface
================================================================
* Summary: 
+--------------------------------------+-----+-----+------------+-------------------------------------------------------------------+--------------+
|               RTL Ports              | Dir | Bits|  Protocol  |                           Source Object                           |    C Type    |
+--------------------------------------+-----+-----+------------+-------------------------------------------------------------------+--------------+
|ap_clk                                |   in|    1|  ap_ctrl_hs|  swiftkv_read_compressed_kv_cache_Pipeline_read_compressed_kv_loop|  return value|
|ap_rst                                |   in|    1|  ap_ctrl_hs|  swiftkv_read_compressed_kv_cache_Pipeline_read_compressed_kv_loop|  return value|
|ap_start                              |   in|    1|  ap_ctrl_hs|  swiftkv_read_compressed_kv_cache_Pipeline_read_compressed_kv_loop|  return value|
|ap_done                               |  out|    1|  ap_ctrl_hs|  swiftkv_read_compressed_kv_cache_Pipeline_read_compressed_kv_loop|  return value|
|ap_idle                               |  out|    1|  ap_ctrl_hs|  swiftkv_read_compressed_kv_cache_Pipeline_read_compressed_kv_loop|  return value|
|ap_ready                              |  out|    1|  ap_ctrl_hs|  swiftkv_read_compressed_kv_cache_Pipeline_read_compressed_kv_loop|  return value|
|m_axi_gmem0_AWVALID                   |  out|    1|       m_axi|                                                              gmem3|       pointer|
|m_axi_gmem0_AWREADY                   |   in|    1|       m_axi|                                                              gmem3|       pointer|
|m_axi_gmem0_AWADDR                    |  out|   64|       m_axi|                                                              gmem3|       pointer|
|m_axi_gmem0_AWID                      |  out|    1|       m_axi|                                                              gmem3|       pointer|
|m_axi_gmem0_AWLEN                     |  out|   32|       m_axi|                                                              gmem3|       pointer|
|m_axi_gmem0_AWSIZE                    |  out|    3|       m_axi|                                                              gmem3|       pointer|
|m_axi_gmem0_AWBURST                   |  out|    2|       m_axi|                                                              gmem3|       pointer|
|m_axi_gmem0_AWLOCK                    |  out|    2|       m_axi|                                                              gmem3|       pointer|
|m_axi_gmem0_AWCACHE                   |  out|    4|       m_axi|                                                              gmem3|       pointer|
|m_axi_gmem0_AWPROT                    |  out|    3|       m_axi|                                                              gmem3|       pointer|
|m_axi_gmem0_AWQOS                     |  out|    4|       m_axi|                                                              gmem3|       pointer|
|m_axi_gmem0_AWREGION                  |  out|    4|       m_axi|                                                              gmem3|       pointer|
|m_axi_gmem0_AWUSER                    |  out|    1|       m_axi|                                                              gmem3|       pointer|
|m_axi_gmem0_WVALID                    |  out|    1|       m_axi|                                                              gmem3|       pointer|
|m_axi_gmem0_WREADY                    |   in|    1|       m_axi|                                                              gmem3|       pointer|
|m_axi_gmem0_WDATA                     |  out|  512|       m_axi|                                                              gmem3|       pointer|
|m_axi_gmem0_WSTRB                     |  out|   64|       m_axi|                                                              gmem3|       pointer|
|m_axi_gmem0_WLAST                     |  out|    1|       m_axi|                                                              gmem3|       pointer|
|m_axi_gmem0_WID                       |  out|    1|       m_axi|                                                              gmem3|       pointer|
|m_axi_gmem0_WUSER                     |  out|    1|       m_axi|                                                              gmem3|       pointer|
|m_axi_gmem0_ARVALID                   |  out|    1|       m_axi|                                                              gmem3|       pointer|
|m_axi_gmem0_ARREADY                   |   in|    1|       m_axi|                                                              gmem3|       pointer|
|m_axi_gmem0_ARADDR                    |  out|   64|       m_axi|                                                              gmem3|       pointer|
|m_axi_gmem0_ARID                      |  out|    1|       m_axi|                                                              gmem3|       pointer|
|m_axi_gmem0_ARLEN                     |  out|   32|       m_axi|                                                              gmem3|       pointer|
|m_axi_gmem0_ARSIZE                    |  out|    3|       m_axi|                                                              gmem3|       pointer|
|m_axi_gmem0_ARBURST                   |  out|    2|       m_axi|                                                              gmem3|       pointer|
|m_axi_gmem0_ARLOCK                    |  out|    2|       m_axi|                                                              gmem3|       pointer|
|m_axi_gmem0_ARCACHE                   |  out|    4|       m_axi|                                                              gmem3|       pointer|
|m_axi_gmem0_ARPROT                    |  out|    3|       m_axi|                                                              gmem3|       pointer|
|m_axi_gmem0_ARQOS                     |  out|    4|       m_axi|                                                              gmem3|       pointer|
|m_axi_gmem0_ARREGION                  |  out|    4|       m_axi|                                                              gmem3|       pointer|
|m_axi_gmem0_ARUSER                    |  out|    1|       m_axi|                                                              gmem3|       pointer|
|m_axi_gmem0_RVALID                    |   in|    1|       m_axi|                                                              gmem3|       pointer|
|m_axi_gmem0_RREADY                    |  out|    1|       m_axi|                                                              gmem3|       pointer|
|m_axi_gmem0_RDATA                     |   in|  512|       m_axi|                                                              gmem3|       pointer|
|m_axi_gmem0_RLAST                     |   in|    1|       m_axi|                                                              gmem3|       pointer|
|m_axi_gmem0_RID                       |   in|    1|       m_axi|                                                              gmem3|       pointer|
|m_axi_gmem0_RFIFONUM                  |   in|   12|       m_axi|                                                              gmem3|       pointer|
|m_axi_gmem0_RUSER                     |   in|    1|       m_axi|                                                              gmem3|       pointer|
|m_axi_gmem0_RRESP                     |   in|    2|       m_axi|                                                              gmem3|       pointer|
|m_axi_gmem0_BVALID                    |   in|    1|       m_axi|                                                              gmem3|       pointer|
|m_axi_gmem0_BREADY                    |  out|    1|       m_axi|                                                              gmem3|       pointer|
|m_axi_gmem0_BRESP                     |   in|    2|       m_axi|                                                              gmem3|       pointer|
|m_axi_gmem0_BID                       |   in|    1|       m_axi|                                                              gmem3|       pointer|
|m_axi_gmem0_BUSER                     |   in|    1|       m_axi|                                                              gmem3|       pointer|
|cached_kv_word_stream_din             |  out|  512|     ap_fifo|                                              cached_kv_word_stream|       pointer|
|cached_kv_word_stream_num_data_valid  |   in|    7|     ap_fifo|                                              cached_kv_word_stream|       pointer|
|cached_kv_word_stream_fifo_cap        |   in|    7|     ap_fifo|                                              cached_kv_word_stream|       pointer|
|cached_kv_word_stream_full_n          |   in|    1|     ap_fifo|                                              cached_kv_word_stream|       pointer|
|cached_kv_word_stream_write           |  out|    1|     ap_fifo|                                              cached_kv_word_stream|       pointer|
|cached_words                          |   in|   15|     ap_none|                                                       cached_words|        scalar|
|sext_ln681                            |   in|   58|     ap_none|                                                         sext_ln681|        scalar|
+--------------------------------------+-----+-----+------------+-------------------------------------------------------------------+--------------+

