

================================================================
== Vitis HLS Report for 'swiftkv_reciprocal_normalization'
================================================================
* Date:           Tue Aug 11 09:18:11 2026

* Version:        2023.2 (Build 4023990 on Oct 11 2023)
* Project:        proj_int4_decoder_xo
* Solution:       solution1 (Vitis Kernel Flow Target)
* Product family: virtexuplus
* Target device:  xcu250-figd2104-2L-e


================================================================
== Performance Estimates
================================================================
+ Timing: 
    * Summary: 
    +--------+---------+----------+------------+
    |  Clock |  Target | Estimated| Uncertainty|
    +--------+---------+----------+------------+
    |ap_clk  |  3.33 ns|  1.603 ns|     0.90 ns|
    +--------+---------+----------+------------+

+ Latency: 
    * Summary: 
    +---------+---------+----------+----------+-----+-----+---------+
    |  Latency (cycles) |  Latency (absolute) |  Interval | Pipeline|
    |   min   |   max   |    min   |    max   | min | max |   Type  |
    +---------+---------+----------+----------+-----+-----+---------+
    |       37|       37|  0.123 us|  0.123 us|   37|   37|       no|
    +---------+---------+----------+----------+-----+-----+---------+

    + Detail: 
        * Instance: 
        N/A

        * Loop: 
        +------------------------------+---------+---------+----------+-----------+-----------+------+----------+
        |                              |  Latency (cycles) | Iteration|  Initiation Interval  | Trip |          |
        |           Loop Name          |   min   |   max   |  Latency |  achieved |   target  | Count| Pipelined|
        +------------------------------+---------+---------+----------+-----------+-----------+------+----------+
        |- reciprocal_divide_bit_loop  |       35|       35|         1|          1|          1|    35|       yes|
        +------------------------------+---------+---------+----------+-----------+-----------+------+----------+



================================================================
== Utilization Estimates
================================================================
* Summary: 
+---------------------+---------+-------+---------+---------+------+
|         Name        | BRAM_18K|  DSP  |    FF   |   LUT   | URAM |
+---------------------+---------+-------+---------+---------+------+
|DSP                  |        -|      -|        -|        -|     -|
|Expression           |        -|      -|        0|      172|     -|
|FIFO                 |        -|      -|        -|        -|     -|
|Instance             |        -|      -|        -|        -|     -|
|Memory               |        -|      -|        -|        -|     -|
|Multiplexer          |        -|      -|        -|       45|     -|
|Register             |        -|      -|      152|        -|     -|
+---------------------+---------+-------+---------+---------+------+
|Total                |        0|      0|      152|      217|     0|
+---------------------+---------+-------+---------+---------+------+
|Available SLR        |     1344|   3072|   864000|   432000|   320|
+---------------------+---------+-------+---------+---------+------+
|Utilization SLR (%)  |        0|      0|       ~0|       ~0|     0|
+---------------------+---------+-------+---------+---------+------+
|Available            |     5376|  12288|  3456000|  1728000|  1280|
+---------------------+---------+-------+---------+---------+------+
|Utilization (%)      |        0|      0|       ~0|       ~0|     0|
+---------------------+---------+-------+---------+---------+------+

+ Detail: 
    * Instance: 
    N/A

    * DSP: 
    N/A

    * Memory: 
    N/A

    * FIFO: 
    N/A

    * Expression: 
    +-----------------------+----------+----+---+----+------------+------------+
    |     Variable Name     | Operation| DSP| FF| LUT| Bitwidth P0| Bitwidth P1|
    +-----------------------+----------+----+---+----+------------+------------+
    |bit_3_fu_223_p2        |         +|   0|  0|  14|           7|           2|
    |remainder_2_fu_174_p2  |         -|   0|  0|  42|          35|          35|
    |and_ln253_fu_209_p2    |       and|   0|  0|   2|           1|           1|
    |icmp_ln251_fu_169_p2   |      icmp|   0|  0|  43|          36|          36|
    |icmp_ln253_fu_179_p2   |      icmp|   0|  0|  14|           7|           5|
    |quotient_2_fu_215_p3   |    select|   0|  0|  18|           1|          18|
    |remainder_3_fu_195_p3  |    select|   0|  0|  35|           1|          35|
    |ap_enable_pp0          |       xor|   0|  0|   2|           1|           2|
    |xor_ln251_fu_203_p2    |       xor|   0|  0|   2|           1|           2|
    +-----------------------+----------+----+---+----+------------+------------+
    |Total                  |          |   0|  0| 172|          90|         136|
    +-----------------------+----------+----+---+----+------------+------------+

    * Multiplexer: 
    +-------------------------+----+-----------+-----+-----------+
    |           Name          | LUT| Input Size| Bits| Total Bits|
    +-------------------------+----+-----------+-----+-----------+
    |ap_done_int              |   9|          2|    1|          2|
    |ap_enable_reg_pp0_iter1  |   9|          2|    1|          2|
    |bit_fu_62                |   9|          2|    7|         14|
    |quotient_fu_58           |   9|          2|   18|         36|
    |remainder_fu_54          |   9|          2|   35|         70|
    +-------------------------+----+-----------+-----+-----------+
    |Total                    |  45|         10|   62|        124|
    +-------------------------+----+-----------+-----+-----------+

    * Register: 
    +-------------------------+----+----+-----+-----------+
    |           Name          | FF | LUT| Bits| Const Bits|
    +-------------------------+----+----+-----+-----------+
    |ap_CS_fsm                |   1|   0|    1|          0|
    |ap_done_reg              |   1|   0|    1|          0|
    |ap_enable_reg_pp0_iter1  |   1|   0|    1|          0|
    |bit_fu_62                |   7|   0|    7|          0|
    |quotient_fu_58           |  18|   0|   18|          0|
    |remainder_fu_54          |  35|   0|   35|          0|
    |zext_ln240_reg_279       |  29|   0|   36|          7|
    |zext_ln242_1_reg_274     |  30|   0|   35|          5|
    |zext_ln242_reg_269       |  30|   0|   36|          6|
    +-------------------------+----+----+-----+-----------+
    |Total                    | 152|   0|  170|         18|
    +-------------------------+----+----+-----+-----------+



================================================================
== Interface
================================================================
* Summary: 
+-------------------+-----+-----+------------+----------------------------------+--------------+
|     RTL Ports     | Dir | Bits|  Protocol  |           Source Object          |    C Type    |
+-------------------+-----+-----+------------+----------------------------------+--------------+
|ap_clk             |   in|    1|  ap_ctrl_hs|  swiftkv_reciprocal_normalization|  return value|
|ap_rst             |   in|    1|  ap_ctrl_hs|  swiftkv_reciprocal_normalization|  return value|
|ap_start           |   in|    1|  ap_ctrl_hs|  swiftkv_reciprocal_normalization|  return value|
|ap_done            |  out|    1|  ap_ctrl_hs|  swiftkv_reciprocal_normalization|  return value|
|ap_idle            |  out|    1|  ap_ctrl_hs|  swiftkv_reciprocal_normalization|  return value|
|ap_ready           |  out|    1|  ap_ctrl_hs|  swiftkv_reciprocal_normalization|  return value|
|ap_return          |  out|   18|  ap_ctrl_hs|  swiftkv_reciprocal_normalization|  return value|
|normalization_val  |   in|   30|     ap_none|                 normalization_val|        scalar|
+-------------------+-----+-----+------------+----------------------------------+--------------+

