

================================================================
== Vitis HLS Report for 'swiftkv_broadcast_update_controls'
================================================================
* Date:           Tue Aug 11 09:18:11 2026

* Version:        2023.2 (Build 4023990 on Oct 11 2023)
* Project:        proj_int4_decoder_xo
* Solution:       solution1 (Vitis Kernel Flow Target)
* Product family: virtexuplus
* Target device:  xcu250-figd2104-2L-e


================================================================
== Performance Estimates
================================================================
+ Timing: 
    * Summary: 
    +--------+---------+----------+------------+
    |  Clock |  Target | Estimated| Uncertainty|
    +--------+---------+----------+------------+
    |ap_clk  |  3.33 ns|  2.433 ns|     0.90 ns|
    +--------+---------+----------+------------+

+ Latency: 
    * Summary: 
    +---------+---------+-----------+-----------+-----+------+---------+
    |  Latency (cycles) |   Latency (absolute)  |  Interval  | Pipeline|
    |   min   |   max   |    min    |    max    | min |  max |   Type  |
    +---------+---------+-----------+-----------+-----+------+---------+
    |        5|     4100|  16.665 ns|  13.665 us|    5|  4100|       no|
    +---------+---------+-----------+-----------+-----+------+---------+

    + Detail: 
        * Instance: 
        +------------------------------------------------------------------------------------+--------------------------------------------------------------------------+---------+---------+----------+-----------+-----+------+---------+
        |                                                                                    |                                                                          |  Latency (cycles) |  Latency (absolute)  |  Interval  | Pipeline|
        |                                      Instance                                      |                                  Module                                  |   min   |   max   |    min   |    max    | min |  max |   Type  |
        +------------------------------------------------------------------------------------+--------------------------------------------------------------------------+---------+---------+----------+-----------+-----+------+---------+
        |grp_swiftkv_broadcast_update_controls_Pipeline_broadcast_update_control_loop_fu_98  |swiftkv_broadcast_update_controls_Pipeline_broadcast_update_control_loop  |        3|     4098|  9.999 ns|  13.659 us|    3|  4098|       no|
        +------------------------------------------------------------------------------------+--------------------------------------------------------------------------+---------+---------+----------+-----------+-----+------+---------+

        * Loop: 
        N/A



================================================================
== Utilization Estimates
================================================================
* Summary: 
+---------------------+---------+-------+---------+---------+------+
|         Name        | BRAM_18K|  DSP  |    FF   |   LUT   | URAM |
+---------------------+---------+-------+---------+---------+------+
|DSP                  |        -|      -|        -|        -|     -|
|Expression           |        -|      -|        0|       22|     -|
|FIFO                 |        -|      -|        -|        -|     -|
|Instance             |        -|      -|       16|      136|     -|
|Memory               |        -|      -|        -|        -|     -|
|Multiplexer          |        -|      -|        -|      119|     -|
|Register             |        -|      -|       18|        -|     -|
+---------------------+---------+-------+---------+---------+------+
|Total                |        0|      0|       34|      277|     0|
+---------------------+---------+-------+---------+---------+------+
|Available SLR        |     1344|   3072|   864000|   432000|   320|
+---------------------+---------+-------+---------+---------+------+
|Utilization SLR (%)  |        0|      0|       ~0|       ~0|     0|
+---------------------+---------+-------+---------+---------+------+
|Available            |     5376|  12288|  3456000|  1728000|  1280|
+---------------------+---------+-------+---------+---------+------+
|Utilization (%)      |        0|      0|       ~0|       ~0|     0|
+---------------------+---------+-------+---------+---------+------+

+ Detail: 
    * Instance: 
    +------------------------------------------------------------------------------------+--------------------------------------------------------------------------+---------+----+----+-----+-----+
    |                                      Instance                                      |                                  Module                                  | BRAM_18K| DSP| FF | LUT | URAM|
    +------------------------------------------------------------------------------------+--------------------------------------------------------------------------+---------+----+----+-----+-----+
    |grp_swiftkv_broadcast_update_controls_Pipeline_broadcast_update_control_loop_fu_98  |swiftkv_broadcast_update_controls_Pipeline_broadcast_update_control_loop  |        0|   0|  16|  136|    0|
    +------------------------------------------------------------------------------------+--------------------------------------------------------------------------+---------+----+----+-----+-----+
    |Total                                                                               |                                                                          |        0|   0|  16|  136|    0|
    +------------------------------------------------------------------------------------+--------------------------------------------------------------------------+---------+----+----+-----+-----+

    * DSP: 
    N/A

    * Memory: 
    N/A

    * FIFO: 
    N/A

    * Expression: 
    +----------------------+----------+----+---+----+------------+------------+
    |     Variable Name    | Operation| DSP| FF| LUT| Bitwidth P0| Bitwidth P1|
    +----------------------+----------+----+---+----+------------+------------+
    |add_ln1149_fu_118_p2  |         +|   0|  0|  20|          13|           1|
    |ap_block_state1       |        or|   0|  0|   2|           1|           1|
    +----------------------+----------+----+---+----+------------+------------+
    |Total                 |          |   0|  0|  22|          14|           2|
    +----------------------+----------+----+---+----+------------+------------+

    * Multiplexer: 
    +------------------------------+----+-----------+-----+-----------+
    |             Name             | LUT| Input Size| Bits| Total Bits|
    +------------------------------+----+-----------+-----+-----------+
    |ap_NS_fsm                     |  20|          4|    1|          4|
    |ap_done                       |   9|          2|    1|          2|
    |control_stream_read           |   9|          2|    1|          2|
    |engine0_control_stream_write  |   9|          2|    1|          2|
    |engine1_control_stream_write  |   9|          2|    1|          2|
    |engine2_control_stream_write  |   9|          2|    1|          2|
    |engine3_control_stream_write  |   9|          2|    1|          2|
    |position_val_c33_blk_n        |   9|          2|    1|          2|
    |position_val_c34_blk_n        |   9|          2|    1|          2|
    |position_val_c35_blk_n        |   9|          2|    1|          2|
    |position_val_c36_blk_n        |   9|          2|    1|          2|
    |value_metadata_stream_read    |   9|          2|    1|          2|
    +------------------------------+----+-----------+-----+-----------+
    |Total                         | 119|         26|   12|         26|
    +------------------------------+----+-----------+-----+-----------+

    * Register: 
    +-------------------------------------------------------------------------------------------------+----+----+-----+-----------+
    |                                               Name                                              | FF | LUT| Bits| Const Bits|
    +-------------------------------------------------------------------------------------------------+----+----+-----+-----------+
    |add_ln1149_reg_130                                                                               |  13|   0|   13|          0|
    |ap_CS_fsm                                                                                        |   3|   0|    3|          0|
    |ap_done_reg                                                                                      |   1|   0|    1|          0|
    |grp_swiftkv_broadcast_update_controls_Pipeline_broadcast_update_control_loop_fu_98_ap_start_reg  |   1|   0|    1|          0|
    +-------------------------------------------------------------------------------------------------+----+----+-----+-----------+
    |Total                                                                                            |  18|   0|   18|          0|
    +-------------------------------------------------------------------------------------------------+----+----+-----+-----------+



================================================================
== Interface
================================================================
* Summary: 
+---------------------------------------+-----+-----+------------+-----------------------------------+--------------+
|               RTL Ports               | Dir | Bits|  Protocol  |           Source Object           |    C Type    |
+---------------------------------------+-----+-----+------------+-----------------------------------+--------------+
|ap_clk                                 |   in|    1|  ap_ctrl_hs|  swiftkv_broadcast_update_controls|  return value|
|ap_rst                                 |   in|    1|  ap_ctrl_hs|  swiftkv_broadcast_update_controls|  return value|
|ap_start                               |   in|    1|  ap_ctrl_hs|  swiftkv_broadcast_update_controls|  return value|
|ap_done                                |  out|    1|  ap_ctrl_hs|  swiftkv_broadcast_update_controls|  return value|
|ap_continue                            |   in|    1|  ap_ctrl_hs|  swiftkv_broadcast_update_controls|  return value|
|ap_idle                                |  out|    1|  ap_ctrl_hs|  swiftkv_broadcast_update_controls|  return value|
|ap_ready                               |  out|    1|  ap_ctrl_hs|  swiftkv_broadcast_update_controls|  return value|
|value_metadata_stream_dout             |   in|   40|     ap_fifo|              value_metadata_stream|       pointer|
|value_metadata_stream_num_data_valid   |   in|    6|     ap_fifo|              value_metadata_stream|       pointer|
|value_metadata_stream_fifo_cap         |   in|    6|     ap_fifo|              value_metadata_stream|       pointer|
|value_metadata_stream_empty_n          |   in|    1|     ap_fifo|              value_metadata_stream|       pointer|
|value_metadata_stream_read             |  out|    1|     ap_fifo|              value_metadata_stream|       pointer|
|control_stream_dout                    |   in|   19|     ap_fifo|                     control_stream|       pointer|
|control_stream_num_data_valid          |   in|    5|     ap_fifo|                     control_stream|       pointer|
|control_stream_fifo_cap                |   in|    5|     ap_fifo|                     control_stream|       pointer|
|control_stream_empty_n                 |   in|    1|     ap_fifo|                     control_stream|       pointer|
|control_stream_read                    |  out|    1|     ap_fifo|                     control_stream|       pointer|
|position                               |   in|   12|     ap_none|                           position|        scalar|
|engine0_control_stream_din             |  out|   59|     ap_fifo|             engine0_control_stream|       pointer|
|engine0_control_stream_num_data_valid  |   in|    3|     ap_fifo|             engine0_control_stream|       pointer|
|engine0_control_stream_fifo_cap        |   in|    3|     ap_fifo|             engine0_control_stream|       pointer|
|engine0_control_stream_full_n          |   in|    1|     ap_fifo|             engine0_control_stream|       pointer|
|engine0_control_stream_write           |  out|    1|     ap_fifo|             engine0_control_stream|       pointer|
|engine1_control_stream_din             |  out|   59|     ap_fifo|             engine1_control_stream|       pointer|
|engine1_control_stream_num_data_valid  |   in|    3|     ap_fifo|             engine1_control_stream|       pointer|
|engine1_control_stream_fifo_cap        |   in|    3|     ap_fifo|             engine1_control_stream|       pointer|
|engine1_control_stream_full_n          |   in|    1|     ap_fifo|             engine1_control_stream|       pointer|
|engine1_control_stream_write           |  out|    1|     ap_fifo|             engine1_control_stream|       pointer|
|engine2_control_stream_din             |  out|   59|     ap_fifo|             engine2_control_stream|       pointer|
|engine2_control_stream_num_data_valid  |   in|    3|     ap_fifo|             engine2_control_stream|       pointer|
|engine2_control_stream_fifo_cap        |   in|    3|     ap_fifo|             engine2_control_stream|       pointer|
|engine2_control_stream_full_n          |   in|    1|     ap_fifo|             engine2_control_stream|       pointer|
|engine2_control_stream_write           |  out|    1|     ap_fifo|             engine2_control_stream|       pointer|
|engine3_control_stream_din             |  out|   59|     ap_fifo|             engine3_control_stream|       pointer|
|engine3_control_stream_num_data_valid  |   in|    3|     ap_fifo|             engine3_control_stream|       pointer|
|engine3_control_stream_fifo_cap        |   in|    3|     ap_fifo|             engine3_control_stream|       pointer|
|engine3_control_stream_full_n          |   in|    1|     ap_fifo|             engine3_control_stream|       pointer|
|engine3_control_stream_write           |  out|    1|     ap_fifo|             engine3_control_stream|       pointer|
|position_val_c33_din                   |  out|   12|     ap_fifo|                   position_val_c33|       pointer|
|position_val_c33_num_data_valid        |   in|    3|     ap_fifo|                   position_val_c33|       pointer|
|position_val_c33_fifo_cap              |   in|    3|     ap_fifo|                   position_val_c33|       pointer|
|position_val_c33_full_n                |   in|    1|     ap_fifo|                   position_val_c33|       pointer|
|position_val_c33_write                 |  out|    1|     ap_fifo|                   position_val_c33|       pointer|
|position_val_c34_din                   |  out|   12|     ap_fifo|                   position_val_c34|       pointer|
|position_val_c34_num_data_valid        |   in|    3|     ap_fifo|                   position_val_c34|       pointer|
|position_val_c34_fifo_cap              |   in|    3|     ap_fifo|                   position_val_c34|       pointer|
|position_val_c34_full_n                |   in|    1|     ap_fifo|                   position_val_c34|       pointer|
|position_val_c34_write                 |  out|    1|     ap_fifo|                   position_val_c34|       pointer|
|position_val_c35_din                   |  out|   12|     ap_fifo|                   position_val_c35|       pointer|
|position_val_c35_num_data_valid        |   in|    3|     ap_fifo|                   position_val_c35|       pointer|
|position_val_c35_fifo_cap              |   in|    3|     ap_fifo|                   position_val_c35|       pointer|
|position_val_c35_full_n                |   in|    1|     ap_fifo|                   position_val_c35|       pointer|
|position_val_c35_write                 |  out|    1|     ap_fifo|                   position_val_c35|       pointer|
|position_val_c36_din                   |  out|   12|     ap_fifo|                   position_val_c36|       pointer|
|position_val_c36_num_data_valid        |   in|    3|     ap_fifo|                   position_val_c36|       pointer|
|position_val_c36_fifo_cap              |   in|    3|     ap_fifo|                   position_val_c36|       pointer|
|position_val_c36_full_n                |   in|    1|     ap_fifo|                   position_val_c36|       pointer|
|position_val_c36_write                 |  out|    1|     ap_fifo|                   position_val_c36|       pointer|
+---------------------------------------+-----+-----+------------+-----------------------------------+--------------+

