

================================================================
== Vitis HLS Report for 'int4_preprocess_activation_stream'
================================================================
* Date:           Tue Aug 11 09:18:48 2026

* Version:        2023.2 (Build 4023990 on Oct 11 2023)
* Project:        proj_int4_decoder_xo
* Solution:       solution1 (Vitis Kernel Flow Target)
* Product family: virtexuplus
* Target device:  xcu250-figd2104-2L-e


================================================================
== Performance Estimates
================================================================
+ Timing: 
    * Summary: 
    +--------+---------+----------+------------+
    |  Clock |  Target | Estimated| Uncertainty|
    +--------+---------+----------+------------+
    |ap_clk  |  3.33 ns|  2.608 ns|     0.90 ns|
    +--------+---------+----------+------------+

+ Latency: 
    * Summary: 
    +---------+---------+----------+-----------+-----+-------+---------+
    |  Latency (cycles) |  Latency (absolute)  |   Interval  | Pipeline|
    |   min   |   max   |    min   |    max    | min |  max  |   Type  |
    +---------+---------+----------+-----------+-----+-------+---------+
    |        1|    13203|  3.333 ns|  44.006 us|    1|  13203|       no|
    +---------+---------+----------+-----------+-----+-------+---------+

    + Detail: 
        * Instance: 
        +---------------------------------------------+----------------------------------+---------+---------+-----------+-----------+-------+-------+---------+
        |                                             |                                  |  Latency (cycles) |   Latency (absolute)  |    Interval   | Pipeline|
        |                   Instance                  |              Module              |   min   |   max   |    min    |    max    |  min  |  max  |   Type  |
        +---------------------------------------------+----------------------------------+---------+---------+-----------+-----------+-------+-------+---------+
        |grp_int4_swiglu_quantize_stream_4pe_fu_112   |int4_swiglu_quantize_stream_4pe   |    13202|    13202|  44.002 us|  44.002 us|  13202|  13202|       no|
        |grp_int4_rmsnorm_quantize_stream_4pe_fu_136  |int4_rmsnorm_quantize_stream_4pe  |     7892|     7892|  26.304 us|  26.304 us|   7892|   7892|       no|
        +---------------------------------------------+----------------------------------+---------+---------+-----------+-----------+-------+-------+---------+

        * Loop: 
        N/A



================================================================
== Utilization Estimates
================================================================
* Summary: 
+---------------------+---------+-------+---------+---------+------+
|         Name        | BRAM_18K|  DSP  |    FF   |   LUT   | URAM |
+---------------------+---------+-------+---------+---------+------+
|DSP                  |        -|      -|        -|        -|     -|
|Expression           |        -|      -|        0|        4|     -|
|FIFO                 |        -|      -|        -|        -|     -|
|Instance             |      128|    118|    42724|    33801|     -|
|Memory               |        -|      -|        -|        -|     -|
|Multiplexer          |        -|      -|        -|       69|     -|
|Register             |        -|      -|        5|        -|     -|
+---------------------+---------+-------+---------+---------+------+
|Total                |      128|    118|    42729|    33874|     0|
+---------------------+---------+-------+---------+---------+------+
|Available SLR        |     1344|   3072|   864000|   432000|   320|
+---------------------+---------+-------+---------+---------+------+
|Utilization SLR (%)  |        9|      3|        4|        7|     0|
+---------------------+---------+-------+---------+---------+------+
|Available            |     5376|  12288|  3456000|  1728000|  1280|
+---------------------+---------+-------+---------+---------+------+
|Utilization (%)      |        2|     ~0|        1|        1|     0|
+---------------------+---------+-------+---------+---------+------+

+ Detail: 
    * Instance: 
    +---------------------------------------------+----------------------------------+---------+----+-------+-------+-----+
    |                   Instance                  |              Module              | BRAM_18K| DSP|   FF  |  LUT  | URAM|
    +---------------------------------------------+----------------------------------+---------+----+-------+-------+-----+
    |grp_int4_rmsnorm_quantize_stream_4pe_fu_136  |int4_rmsnorm_quantize_stream_4pe  |       64|  58|  21848|  18271|    0|
    |grp_int4_swiglu_quantize_stream_4pe_fu_112   |int4_swiglu_quantize_stream_4pe   |       64|  60|  20876|  15530|    0|
    +---------------------------------------------+----------------------------------+---------+----+-------+-------+-----+
    |Total                                        |                                  |      128| 118|  42724|  33801|    0|
    +---------------------------------------------+----------------------------------+---------+----+-------+-------+-----+

    * DSP: 
    N/A

    * Memory: 
    N/A

    * FIFO: 
    N/A

    * Expression: 
    +---------------------------------+----------+----+---+----+------------+------------+
    |          Variable Name          | Operation| DSP| FF| LUT| Bitwidth P0| Bitwidth P1|
    +---------------------------------+----------+----+---+----+------------+------------+
    |ap_block_state1                  |        or|   0|  0|   2|           1|           1|
    |ap_block_state2_on_subcall_done  |        or|   0|  0|   2|           1|           1|
    +---------------------------------+----------+----+---+----+------------+------------+
    |Total                            |          |   0|  0|   4|           2|           2|
    +---------------------------------+----------+----+---+----+------------+------------+

    * Multiplexer: 
    +------------------------+----+-----------+-----+-----------+
    |          Name          | LUT| Input Size| Bits| Total Bits|
    +------------------------+----+-----------+-----+-----------+
    |ap_NS_fsm               |  14|          3|    1|          3|
    |ap_done                 |   9|          2|    1|          2|
    |quantized_stream_din    |   9|          2|  480|        960|
    |quantized_stream_write  |  14|          3|    1|          3|
    |scale_stream_din        |   9|          2|   32|         64|
    |scale_stream_write      |  14|          3|    1|          3|
    +------------------------+----+-----------+-----+-----------+
    |Total                   |  69|         15|  516|       1035|
    +------------------------+----+-----------+-----+-----------+

    * Register: 
    +----------------------------------------------------------+---+----+-----+-----------+
    |                           Name                           | FF| LUT| Bits| Const Bits|
    +----------------------------------------------------------+---+----+-----+-----------+
    |ap_CS_fsm                                                 |  2|   0|    2|          0|
    |ap_done_reg                                               |  1|   0|    1|          0|
    |grp_int4_rmsnorm_quantize_stream_4pe_fu_136_ap_start_reg  |  1|   0|    1|          0|
    |grp_int4_swiglu_quantize_stream_4pe_fu_112_ap_start_reg   |  1|   0|    1|          0|
    +----------------------------------------------------------+---+----+-----+-----------+
    |Total                                                     |  5|   0|    5|          0|
    +----------------------------------------------------------+---+----+-----+-----------+



================================================================
== Interface
================================================================
* Summary: 
+---------------------------------+-----+-----+------------+-----------------------------------+--------------+
|            RTL Ports            | Dir | Bits|  Protocol  |           Source Object           |    C Type    |
+---------------------------------+-----+-----+------------+-----------------------------------+--------------+
|ap_clk                           |   in|    1|  ap_ctrl_hs|  int4_preprocess_activation_stream|  return value|
|ap_rst                           |   in|    1|  ap_ctrl_hs|  int4_preprocess_activation_stream|  return value|
|ap_start                         |   in|    1|  ap_ctrl_hs|  int4_preprocess_activation_stream|  return value|
|ap_done                          |  out|    1|  ap_ctrl_hs|  int4_preprocess_activation_stream|  return value|
|ap_continue                      |   in|    1|  ap_ctrl_hs|  int4_preprocess_activation_stream|  return value|
|ap_idle                          |  out|    1|  ap_ctrl_hs|  int4_preprocess_activation_stream|  return value|
|ap_ready                         |  out|    1|  ap_ctrl_hs|  int4_preprocess_activation_stream|  return value|
|preprocess_mode                  |   in|    2|     ap_none|                    preprocess_mode|        scalar|
|rms_input_pe0_address0           |  out|    6|   ap_memory|                      rms_input_pe0|         array|
|rms_input_pe0_ce0                |  out|    1|   ap_memory|                      rms_input_pe0|         array|
|rms_input_pe0_q0                 |   in|  512|   ap_memory|                      rms_input_pe0|         array|
|rms_input_pe1_address0           |  out|    6|   ap_memory|                      rms_input_pe1|         array|
|rms_input_pe1_ce0                |  out|    1|   ap_memory|                      rms_input_pe1|         array|
|rms_input_pe1_q0                 |   in|  512|   ap_memory|                      rms_input_pe1|         array|
|rms_input_pe2_address0           |  out|    6|   ap_memory|                      rms_input_pe2|         array|
|rms_input_pe2_ce0                |  out|    1|   ap_memory|                      rms_input_pe2|         array|
|rms_input_pe2_q0                 |   in|  512|   ap_memory|                      rms_input_pe2|         array|
|rms_input_pe3_address0           |  out|    6|   ap_memory|                      rms_input_pe3|         array|
|rms_input_pe3_ce0                |  out|    1|   ap_memory|                      rms_input_pe3|         array|
|rms_input_pe3_q0                 |   in|  512|   ap_memory|                      rms_input_pe3|         array|
|gate_pe0_address0                |  out|    8|   ap_memory|                           gate_pe0|         array|
|gate_pe0_ce0                     |  out|    1|   ap_memory|                           gate_pe0|         array|
|gate_pe0_q0                      |   in|  512|   ap_memory|                           gate_pe0|         array|
|gate_pe1_address0                |  out|    8|   ap_memory|                           gate_pe1|         array|
|gate_pe1_ce0                     |  out|    1|   ap_memory|                           gate_pe1|         array|
|gate_pe1_q0                      |   in|  512|   ap_memory|                           gate_pe1|         array|
|gate_pe2_address0                |  out|    8|   ap_memory|                           gate_pe2|         array|
|gate_pe2_ce0                     |  out|    1|   ap_memory|                           gate_pe2|         array|
|gate_pe2_q0                      |   in|  512|   ap_memory|                           gate_pe2|         array|
|gate_pe3_address0                |  out|    8|   ap_memory|                           gate_pe3|         array|
|gate_pe3_ce0                     |  out|    1|   ap_memory|                           gate_pe3|         array|
|gate_pe3_q0                      |   in|  512|   ap_memory|                           gate_pe3|         array|
|up_pe0_address0                  |  out|    8|   ap_memory|                             up_pe0|         array|
|up_pe0_ce0                       |  out|    1|   ap_memory|                             up_pe0|         array|
|up_pe0_q0                        |   in|  512|   ap_memory|                             up_pe0|         array|
|up_pe1_address0                  |  out|    8|   ap_memory|                             up_pe1|         array|
|up_pe1_ce0                       |  out|    1|   ap_memory|                             up_pe1|         array|
|up_pe1_q0                        |   in|  512|   ap_memory|                             up_pe1|         array|
|up_pe2_address0                  |  out|    8|   ap_memory|                             up_pe2|         array|
|up_pe2_ce0                       |  out|    1|   ap_memory|                             up_pe2|         array|
|up_pe2_q0                        |   in|  512|   ap_memory|                             up_pe2|         array|
|up_pe3_address0                  |  out|    8|   ap_memory|                             up_pe3|         array|
|up_pe3_ce0                       |  out|    1|   ap_memory|                             up_pe3|         array|
|up_pe3_q0                        |   in|  512|   ap_memory|                             up_pe3|         array|
|quantized_stream_din             |  out|  480|     ap_fifo|                   quantized_stream|       pointer|
|quantized_stream_num_data_valid  |   in|    3|     ap_fifo|                   quantized_stream|       pointer|
|quantized_stream_fifo_cap        |   in|    3|     ap_fifo|                   quantized_stream|       pointer|
|quantized_stream_full_n          |   in|    1|     ap_fifo|                   quantized_stream|       pointer|
|quantized_stream_write           |  out|    1|     ap_fifo|                   quantized_stream|       pointer|
|scale_stream_din                 |  out|   32|     ap_fifo|                       scale_stream|       pointer|
|scale_stream_num_data_valid      |   in|    3|     ap_fifo|                       scale_stream|       pointer|
|scale_stream_fifo_cap            |   in|    3|     ap_fifo|                       scale_stream|       pointer|
|scale_stream_full_n              |   in|    1|     ap_fifo|                       scale_stream|       pointer|
|scale_stream_write               |  out|    1|     ap_fifo|                       scale_stream|       pointer|
|idx                              |   in|   13|     ap_none|                                idx|        scalar|
|idx1                             |   in|   13|     ap_none|                               idx1|        scalar|
|idx2                             |   in|   13|     ap_none|                               idx2|        scalar|
|idx3                             |   in|   13|     ap_none|                               idx3|        scalar|
|model_norm_cache0_address0       |  out|   13|   ap_memory|                  model_norm_cache0|         array|
|model_norm_cache0_ce0            |  out|    1|   ap_memory|                  model_norm_cache0|         array|
|model_norm_cache0_q0             |   in|  512|   ap_memory|                  model_norm_cache0|         array|
|model_norm_cache1_address0       |  out|   13|   ap_memory|                  model_norm_cache1|         array|
|model_norm_cache1_ce0            |  out|    1|   ap_memory|                  model_norm_cache1|         array|
|model_norm_cache1_q0             |   in|  512|   ap_memory|                  model_norm_cache1|         array|
|model_norm_cache2_address0       |  out|   13|   ap_memory|                  model_norm_cache2|         array|
|model_norm_cache2_ce0            |  out|    1|   ap_memory|                  model_norm_cache2|         array|
|model_norm_cache2_q0             |   in|  512|   ap_memory|                  model_norm_cache2|         array|
|model_norm_cache3_address0       |  out|   13|   ap_memory|                  model_norm_cache3|         array|
|model_norm_cache3_ce0            |  out|    1|   ap_memory|                  model_norm_cache3|         array|
|model_norm_cache3_q0             |   in|  512|   ap_memory|                  model_norm_cache3|         array|
+---------------------------------+-----+-----+------------+-----------------------------------+--------------+

