

================================================================
== Vitis HLS Report for 'int4_swiglu_gather_streams_Pipeline_swiglu_stream_group_loop'
================================================================
* Date:           Tue Aug 11 09:18:33 2026

* Version:        2023.2 (Build 4023990 on Oct 11 2023)
* Project:        proj_int4_decoder_xo
* Solution:       solution1 (Vitis Kernel Flow Target)
* Product family: virtexuplus
* Target device:  xcu250-figd2104-2L-e


================================================================
== Performance Estimates
================================================================
+ Timing: 
    * Summary: 
    +--------+---------+----------+------------+
    |  Clock |  Target | Estimated| Uncertainty|
    +--------+---------+----------+------------+
    |ap_clk  |  3.33 ns|  1.669 ns|     0.90 ns|
    +--------+---------+----------+------------+

+ Latency: 
    * Summary: 
    +---------+---------+-----------+-----------+-----+-----+---------+
    |  Latency (cycles) |   Latency (absolute)  |  Interval | Pipeline|
    |   min   |   max   |    min    |    max    | min | max |   Type  |
    +---------+---------+-----------+-----------+-----+-----+---------+
    |        7|        7|  23.331 ns|  23.331 ns|    7|    7|       no|
    +---------+---------+-----------+-----------+-----+-----+---------+

    + Detail: 
        * Instance: 
        N/A

        * Loop: 
        +----------------------------+---------+---------+----------+-----------+-----------+------+----------+
        |                            |  Latency (cycles) | Iteration|  Initiation Interval  | Trip |          |
        |          Loop Name         |   min   |   max   |  Latency |  achieved |   target  | Count| Pipelined|
        +----------------------------+---------+---------+----------+-----------+-----------+------+----------+
        |- swiglu_stream_group_loop  |        5|        5|         3|          1|          1|     4|       yes|
        +----------------------------+---------+---------+----------+-----------+-----------+------+----------+



================================================================
== Utilization Estimates
================================================================
* Summary: 
+---------------------+---------+-------+---------+---------+------+
|         Name        | BRAM_18K|  DSP  |    FF   |   LUT   | URAM |
+---------------------+---------+-------+---------+---------+------+
|DSP                  |        -|      -|        -|        -|     -|
|Expression           |        -|      -|        0|       40|     -|
|FIFO                 |        -|      -|        -|        -|     -|
|Instance             |        -|      -|        -|        -|     -|
|Memory               |        -|      -|        -|        -|     -|
|Multiplexer          |        -|      -|        -|      178|     -|
|Register             |        -|      -|     1033|        -|     -|
+---------------------+---------+-------+---------+---------+------+
|Total                |        0|      0|     1033|      218|     0|
+---------------------+---------+-------+---------+---------+------+
|Available SLR        |     1344|   3072|   864000|   432000|   320|
+---------------------+---------+-------+---------+---------+------+
|Utilization SLR (%)  |        0|      0|       ~0|       ~0|     0|
+---------------------+---------+-------+---------+---------+------+
|Available            |     5376|  12288|  3456000|  1728000|  1280|
+---------------------+---------+-------+---------+---------+------+
|Utilization (%)      |        0|      0|       ~0|       ~0|     0|
+---------------------+---------+-------+---------+---------+------+

+ Detail: 
    * Instance: 
    N/A

    * DSP: 
    N/A

    * Memory: 
    N/A

    * FIFO: 
    N/A

    * Expression: 
    +----------------------------------+----------+----+---+----+------------+------------+
    |           Variable Name          | Operation| DSP| FF| LUT| Bitwidth P0| Bitwidth P1|
    +----------------------------------+----------+----+---+----+------------+------------+
    |group_8_fu_186_p2                 |         +|   0|  0|  10|           3|           1|
    |ap_condition_122                  |       and|   0|  0|   2|           1|           1|
    |ap_condition_237                  |       and|   0|  0|   2|           1|           1|
    |ap_predicate_op39_read_state2     |       and|   0|  0|   2|           1|           1|
    |ap_predicate_op42_read_state2     |       and|   0|  0|   2|           1|           1|
    |ap_predicate_op45_read_state2     |       and|   0|  0|   2|           1|           1|
    |icmp_ln959_fu_180_p2              |      icmp|   0|  0|  12|           3|           4|
    |ap_block_pp0_stage0_01001         |        or|   0|  0|   2|           1|           1|
    |ap_block_state2_pp0_stage0_iter1  |        or|   0|  0|   2|           1|           1|
    |ap_block_state3_pp0_stage0_iter2  |        or|   0|  0|   2|           1|           1|
    |ap_enable_pp0                     |       xor|   0|  0|   2|           1|           2|
    +----------------------------------+----------+----+---+----+------------+------------+
    |Total                             |          |   0|  0|  40|          15|          15|
    +----------------------------------+----------+----+---+----+------------+------------+

    * Multiplexer: 
    +-------------------------------------------+----+-----------+-----+-----------+
    |                    Name                   | LUT| Input Size| Bits| Total Bits|
    +-------------------------------------------+----+-----------+-----+-----------+
    |ap_done_int                                |   9|          2|    1|          2|
    |ap_enable_reg_pp0_iter1                    |   9|          2|    1|          2|
    |ap_phi_reg_pp0_iter2_p_0_reg_158           |  26|          5|   32|        160|
    |ap_phi_reg_pp0_iter2_quantized_19_reg_144  |  26|          5|  480|       2400|
    |ap_sig_allocacmp_group_7                   |   9|          2|    3|          6|
    |group_fu_72                                |   9|          2|    3|          6|
    |quantized_pe0_blk_n                        |   9|          2|    1|          2|
    |quantized_pe1_blk_n                        |   9|          2|    1|          2|
    |quantized_pe2_blk_n                        |   9|          2|    1|          2|
    |quantized_pe3_blk_n                        |   9|          2|    1|          2|
    |quantized_stream_blk_n                     |   9|          2|    1|          2|
    |scale_pe0_blk_n                            |   9|          2|    1|          2|
    |scale_pe1_blk_n                            |   9|          2|    1|          2|
    |scale_pe2_blk_n                            |   9|          2|    1|          2|
    |scale_pe3_blk_n                            |   9|          2|    1|          2|
    |scale_stream_blk_n                         |   9|          2|    1|          2|
    +-------------------------------------------+----+-----------+-----+-----------+
    |Total                                      | 178|         38|  530|       2596|
    +-------------------------------------------+----+-----------+-----+-----------+

    * Register: 
    +-------------------------------------------+-----+----+-----+-----------+
    |                    Name                   |  FF | LUT| Bits| Const Bits|
    +-------------------------------------------+-----+----+-----+-----------+
    |ap_CS_fsm                                  |    1|   0|    1|          0|
    |ap_done_reg                                |    1|   0|    1|          0|
    |ap_enable_reg_pp0_iter1                    |    1|   0|    1|          0|
    |ap_enable_reg_pp0_iter2                    |    1|   0|    1|          0|
    |ap_loop_exit_ready_pp0_iter1_reg           |    1|   0|    1|          0|
    |ap_phi_reg_pp0_iter1_p_0_reg_158           |   32|   0|   32|          0|
    |ap_phi_reg_pp0_iter1_quantized_19_reg_144  |  480|   0|  480|          0|
    |ap_phi_reg_pp0_iter2_p_0_reg_158           |   32|   0|   32|          0|
    |ap_phi_reg_pp0_iter2_quantized_19_reg_144  |  480|   0|  480|          0|
    |group_fu_72                                |    3|   0|    3|          0|
    |icmp_ln959_reg_208                         |    1|   0|    1|          0|
    +-------------------------------------------+-----+----+-----+-----------+
    |Total                                      | 1033|   0| 1033|          0|
    +-------------------------------------------+-----+----+-----+-----------+



================================================================
== Interface
================================================================
* Summary: 
+---------------------------------+-----+-----+------------+--------------------------------------------------------------+--------------+
|            RTL Ports            | Dir | Bits|  Protocol  |                         Source Object                        |    C Type    |
+---------------------------------+-----+-----+------------+--------------------------------------------------------------+--------------+
|ap_clk                           |   in|    1|  ap_ctrl_hs|  int4_swiglu_gather_streams_Pipeline_swiglu_stream_group_loop|  return value|
|ap_rst                           |   in|    1|  ap_ctrl_hs|  int4_swiglu_gather_streams_Pipeline_swiglu_stream_group_loop|  return value|
|ap_start                         |   in|    1|  ap_ctrl_hs|  int4_swiglu_gather_streams_Pipeline_swiglu_stream_group_loop|  return value|
|ap_done                          |  out|    1|  ap_ctrl_hs|  int4_swiglu_gather_streams_Pipeline_swiglu_stream_group_loop|  return value|
|ap_idle                          |  out|    1|  ap_ctrl_hs|  int4_swiglu_gather_streams_Pipeline_swiglu_stream_group_loop|  return value|
|ap_ready                         |  out|    1|  ap_ctrl_hs|  int4_swiglu_gather_streams_Pipeline_swiglu_stream_group_loop|  return value|
|quantized_pe2_dout               |   in|  480|     ap_fifo|                                                 quantized_pe2|       pointer|
|quantized_pe2_num_data_valid     |   in|    3|     ap_fifo|                                                 quantized_pe2|       pointer|
|quantized_pe2_fifo_cap           |   in|    3|     ap_fifo|                                                 quantized_pe2|       pointer|
|quantized_pe2_empty_n            |   in|    1|     ap_fifo|                                                 quantized_pe2|       pointer|
|quantized_pe2_read               |  out|    1|     ap_fifo|                                                 quantized_pe2|       pointer|
|scale_pe2_dout                   |   in|   32|     ap_fifo|                                                     scale_pe2|       pointer|
|scale_pe2_num_data_valid         |   in|    3|     ap_fifo|                                                     scale_pe2|       pointer|
|scale_pe2_fifo_cap               |   in|    3|     ap_fifo|                                                     scale_pe2|       pointer|
|scale_pe2_empty_n                |   in|    1|     ap_fifo|                                                     scale_pe2|       pointer|
|scale_pe2_read                   |  out|    1|     ap_fifo|                                                     scale_pe2|       pointer|
|quantized_pe1_dout               |   in|  480|     ap_fifo|                                                 quantized_pe1|       pointer|
|quantized_pe1_num_data_valid     |   in|    3|     ap_fifo|                                                 quantized_pe1|       pointer|
|quantized_pe1_fifo_cap           |   in|    3|     ap_fifo|                                                 quantized_pe1|       pointer|
|quantized_pe1_empty_n            |   in|    1|     ap_fifo|                                                 quantized_pe1|       pointer|
|quantized_pe1_read               |  out|    1|     ap_fifo|                                                 quantized_pe1|       pointer|
|scale_pe1_dout                   |   in|   32|     ap_fifo|                                                     scale_pe1|       pointer|
|scale_pe1_num_data_valid         |   in|    3|     ap_fifo|                                                     scale_pe1|       pointer|
|scale_pe1_fifo_cap               |   in|    3|     ap_fifo|                                                     scale_pe1|       pointer|
|scale_pe1_empty_n                |   in|    1|     ap_fifo|                                                     scale_pe1|       pointer|
|scale_pe1_read                   |  out|    1|     ap_fifo|                                                     scale_pe1|       pointer|
|quantized_pe0_dout               |   in|  480|     ap_fifo|                                                 quantized_pe0|       pointer|
|quantized_pe0_num_data_valid     |   in|    3|     ap_fifo|                                                 quantized_pe0|       pointer|
|quantized_pe0_fifo_cap           |   in|    3|     ap_fifo|                                                 quantized_pe0|       pointer|
|quantized_pe0_empty_n            |   in|    1|     ap_fifo|                                                 quantized_pe0|       pointer|
|quantized_pe0_read               |  out|    1|     ap_fifo|                                                 quantized_pe0|       pointer|
|scale_pe0_dout                   |   in|   32|     ap_fifo|                                                     scale_pe0|       pointer|
|scale_pe0_num_data_valid         |   in|    3|     ap_fifo|                                                     scale_pe0|       pointer|
|scale_pe0_fifo_cap               |   in|    3|     ap_fifo|                                                     scale_pe0|       pointer|
|scale_pe0_empty_n                |   in|    1|     ap_fifo|                                                     scale_pe0|       pointer|
|scale_pe0_read                   |  out|    1|     ap_fifo|                                                     scale_pe0|       pointer|
|quantized_pe3_dout               |   in|  480|     ap_fifo|                                                 quantized_pe3|       pointer|
|quantized_pe3_num_data_valid     |   in|    3|     ap_fifo|                                                 quantized_pe3|       pointer|
|quantized_pe3_fifo_cap           |   in|    3|     ap_fifo|                                                 quantized_pe3|       pointer|
|quantized_pe3_empty_n            |   in|    1|     ap_fifo|                                                 quantized_pe3|       pointer|
|quantized_pe3_read               |  out|    1|     ap_fifo|                                                 quantized_pe3|       pointer|
|scale_pe3_dout                   |   in|   32|     ap_fifo|                                                     scale_pe3|       pointer|
|scale_pe3_num_data_valid         |   in|    3|     ap_fifo|                                                     scale_pe3|       pointer|
|scale_pe3_fifo_cap               |   in|    3|     ap_fifo|                                                     scale_pe3|       pointer|
|scale_pe3_empty_n                |   in|    1|     ap_fifo|                                                     scale_pe3|       pointer|
|scale_pe3_read                   |  out|    1|     ap_fifo|                                                     scale_pe3|       pointer|
|quantized_stream_din             |  out|  480|     ap_fifo|                                              quantized_stream|       pointer|
|quantized_stream_num_data_valid  |   in|    3|     ap_fifo|                                              quantized_stream|       pointer|
|quantized_stream_fifo_cap        |   in|    3|     ap_fifo|                                              quantized_stream|       pointer|
|quantized_stream_full_n          |   in|    1|     ap_fifo|                                              quantized_stream|       pointer|
|quantized_stream_write           |  out|    1|     ap_fifo|                                              quantized_stream|       pointer|
|scale_stream_din                 |  out|   32|     ap_fifo|                                                  scale_stream|       pointer|
|scale_stream_num_data_valid      |   in|    3|     ap_fifo|                                                  scale_stream|       pointer|
|scale_stream_fifo_cap            |   in|    3|     ap_fifo|                                                  scale_stream|       pointer|
|scale_stream_full_n              |   in|    1|     ap_fifo|                                                  scale_stream|       pointer|
|scale_stream_write               |  out|    1|     ap_fifo|                                                  scale_stream|       pointer|
|select_ln946                     |   in|    3|     ap_none|                                                  select_ln946|        scalar|
+---------------------------------+-----+-----+------------+--------------------------------------------------------------+--------------+

