

================================================================
== Vitis HLS Report for 'int4_swiglu_gather_streams'
================================================================
* Date:           Tue Aug 11 09:18:33 2026

* Version:        2023.2 (Build 4023990 on Oct 11 2023)
* Project:        proj_int4_decoder_xo
* Solution:       solution1 (Vitis Kernel Flow Target)
* Product family: virtexuplus
* Target device:  xcu250-figd2104-2L-e


================================================================
== Performance Estimates
================================================================
+ Timing: 
    * Summary: 
    +--------+---------+----------+------------+
    |  Clock |  Target | Estimated| Uncertainty|
    +--------+---------+----------+------------+
    |ap_clk  |  3.33 ns|  2.397 ns|     0.90 ns|
    +--------+---------+----------+------------+

+ Latency: 
    * Summary: 
    +---------+---------+----------+----------+-----+-----+---------+
    |  Latency (cycles) |  Latency (absolute) |  Interval | Pipeline|
    |   min   |   max   |    min   |    max   | min | max |   Type  |
    +---------+---------+----------+----------+-----+-----+---------+
    |      177|      881|  0.590 us|  2.936 us|  177|  881|       no|
    +---------+---------+----------+----------+-----+-----+---------+

    + Detail: 
        * Instance: 
        +------------------------------------------------------------------------+--------------------------------------------------------------+---------+---------+-----------+-----------+-----+-----+---------+
        |                                                                        |                                                              |  Latency (cycles) |   Latency (absolute)  |  Interval | Pipeline|
        |                                Instance                                |                            Module                            |   min   |   max   |    min    |    max    | min | max |   Type  |
        +------------------------------------------------------------------------+--------------------------------------------------------------+---------+---------+-----------+-----------+-----+-----+---------+
        |grp_int4_swiglu_gather_streams_Pipeline_swiglu_stream_group_loop_fu_88  |int4_swiglu_gather_streams_Pipeline_swiglu_stream_group_loop  |        7|        7|  23.331 ns|  23.331 ns|    7|    7|       no|
        +------------------------------------------------------------------------+--------------------------------------------------------------+---------+---------+-----------+-----------+-----+-----+---------+

        * Loop: 
        +-------------------------------------------------------+---------+---------+----------+-----------+-----------+------+----------+
        |                                                       |  Latency (cycles) | Iteration|  Initiation Interval  | Trip |          |
        |                       Loop Name                       |   min   |   max   |  Latency |  achieved |   target  | Count| Pipelined|
        +-------------------------------------------------------+---------+---------+----------+-----------+-----------+------+----------+
        |- swiglu_stream_local_tile_loop_swiglu_stream_pe_loop  |      176|      880|    2 ~ 10|          -|          -|    88|        no|
        +-------------------------------------------------------+---------+---------+----------+-----------+-----------+------+----------+



================================================================
== Utilization Estimates
================================================================
* Summary: 
+---------------------+---------+-------+---------+---------+------+
|         Name        | BRAM_18K|  DSP  |    FF   |   LUT   | URAM |
+---------------------+---------+-------+---------+---------+------+
|DSP                  |        -|      -|        -|        -|     -|
|Expression           |        -|      -|        0|      102|     -|
|FIFO                 |        -|      -|        -|        -|     -|
|Instance             |        -|      -|     1033|      218|     -|
|Memory               |        -|      -|        -|        -|     -|
|Multiplexer          |        -|      -|        -|      152|     -|
|Register             |        -|      -|       37|        -|     -|
+---------------------+---------+-------+---------+---------+------+
|Total                |        0|      0|     1070|      472|     0|
+---------------------+---------+-------+---------+---------+------+
|Available SLR        |     1344|   3072|   864000|   432000|   320|
+---------------------+---------+-------+---------+---------+------+
|Utilization SLR (%)  |        0|      0|       ~0|       ~0|     0|
+---------------------+---------+-------+---------+---------+------+
|Available            |     5376|  12288|  3456000|  1728000|  1280|
+---------------------+---------+-------+---------+---------+------+
|Utilization (%)      |        0|      0|       ~0|       ~0|     0|
+---------------------+---------+-------+---------+---------+------+

+ Detail: 
    * Instance: 
    +------------------------------------------------------------------------+--------------------------------------------------------------+---------+----+------+-----+-----+
    |                                Instance                                |                            Module                            | BRAM_18K| DSP|  FF  | LUT | URAM|
    +------------------------------------------------------------------------+--------------------------------------------------------------+---------+----+------+-----+-----+
    |grp_int4_swiglu_gather_streams_Pipeline_swiglu_stream_group_loop_fu_88  |int4_swiglu_gather_streams_Pipeline_swiglu_stream_group_loop  |        0|   0|  1033|  218|    0|
    +------------------------------------------------------------------------+--------------------------------------------------------------+---------+----+------+-----+-----+
    |Total                                                                   |                                                              |        0|   0|  1033|  218|    0|
    +------------------------------------------------------------------------+--------------------------------------------------------------+---------+----+------+-----+-----+

    * DSP: 
    N/A

    * Memory: 
    N/A

    * FIFO: 
    N/A

    * Expression: 
    +---------------------------------+----------+----+---+----+------------+------------+
    |          Variable Name          | Operation| DSP| FF| LUT| Bitwidth P0| Bitwidth P1|
    +---------------------------------+----------+----+---+----+------------+------------+
    |add_ln946_fu_137_p2              |         +|   0|  0|  14|           7|           1|
    |add_ln950_fu_163_p2              |         +|   0|  0|  12|           5|           1|
    |global_tile_fu_189_p2            |         +|   0|  0|  14|           7|           7|
    |pe_1_fu_201_p2                   |         +|   0|  0|  10|           3|           1|
    |ap_block_state4_on_subcall_done  |       and|   0|  0|   2|           1|           1|
    |icmp_ln946_fu_131_p2             |      icmp|   0|  0|  14|           7|           7|
    |icmp_ln952_fu_149_p2             |      icmp|   0|  0|  12|           3|           4|
    |icmp_ln955_fu_195_p2             |      icmp|   0|  0|  14|           7|           7|
    |ap_block_state1                  |        or|   0|  0|   2|           1|           1|
    |select_ln946_1_fu_169_p3         |    select|   0|  0|   5|           1|           5|
    |select_ln946_fu_155_p3           |    select|   0|  0|   3|           1|           1|
    +---------------------------------+----------+----+---+----+------------+------------+
    |Total                            |          |   0|  0| 102|          43|          36|
    +---------------------------------+----------+----+---+----+------------+------------+

    * Multiplexer: 
    +------------------------+----+-----------+-----+-----------+
    |          Name          | LUT| Input Size| Bits| Total Bits|
    +------------------------+----+-----------+-----+-----------+
    |ap_NS_fsm               |  26|          5|    1|          5|
    |ap_done                 |   9|          2|    1|          2|
    |indvar_flatten_fu_84    |   9|          2|    7|         14|
    |local_tile_fu_80        |   9|          2|    5|         10|
    |pe_fu_76                |   9|          2|    3|          6|
    |quantized_pe0_read      |   9|          2|    1|          2|
    |quantized_pe1_read      |   9|          2|    1|          2|
    |quantized_pe2_read      |   9|          2|    1|          2|
    |quantized_pe3_read      |   9|          2|    1|          2|
    |quantized_stream_write  |   9|          2|    1|          2|
    |scale_pe0_read          |   9|          2|    1|          2|
    |scale_pe1_read          |   9|          2|    1|          2|
    |scale_pe2_read          |   9|          2|    1|          2|
    |scale_pe3_read          |   9|          2|    1|          2|
    |scale_stream_write      |   9|          2|    1|          2|
    +------------------------+----+-----------+-----+-----------+
    |Total                   | 152|         33|   27|         57|
    +------------------------+----+-----------+-----+-----------+

    * Register: 
    +-------------------------------------------------------------------------------------+---+----+-----+-----------+
    |                                         Name                                        | FF| LUT| Bits| Const Bits|
    +-------------------------------------------------------------------------------------+---+----+-----+-----------+
    |add_ln946_reg_243                                                                    |  7|   0|    7|          0|
    |ap_CS_fsm                                                                            |  4|   0|    4|          0|
    |ap_done_reg                                                                          |  1|   0|    1|          0|
    |grp_int4_swiglu_gather_streams_Pipeline_swiglu_stream_group_loop_fu_88_ap_start_reg  |  1|   0|    1|          0|
    |icmp_ln955_reg_259                                                                   |  1|   0|    1|          0|
    |indvar_flatten_fu_84                                                                 |  7|   0|    7|          0|
    |local_tile_fu_80                                                                     |  5|   0|    5|          0|
    |pe_fu_76                                                                             |  3|   0|    3|          0|
    |select_ln946_1_reg_254                                                               |  5|   0|    5|          0|
    |select_ln946_reg_248                                                                 |  3|   0|    3|          0|
    +-------------------------------------------------------------------------------------+---+----+-----+-----------+
    |Total                                                                                | 37|   0|   37|          0|
    +-------------------------------------------------------------------------------------+---+----+-----+-----------+



================================================================
== Interface
================================================================
* Summary: 
+---------------------------------+-----+-----+------------+----------------------------+--------------+
|            RTL Ports            | Dir | Bits|  Protocol  |        Source Object       |    C Type    |
+---------------------------------+-----+-----+------------+----------------------------+--------------+
|ap_clk                           |   in|    1|  ap_ctrl_hs|  int4_swiglu_gather_streams|  return value|
|ap_rst                           |   in|    1|  ap_ctrl_hs|  int4_swiglu_gather_streams|  return value|
|ap_start                         |   in|    1|  ap_ctrl_hs|  int4_swiglu_gather_streams|  return value|
|ap_done                          |  out|    1|  ap_ctrl_hs|  int4_swiglu_gather_streams|  return value|
|ap_continue                      |   in|    1|  ap_ctrl_hs|  int4_swiglu_gather_streams|  return value|
|ap_idle                          |  out|    1|  ap_ctrl_hs|  int4_swiglu_gather_streams|  return value|
|ap_ready                         |  out|    1|  ap_ctrl_hs|  int4_swiglu_gather_streams|  return value|
|quantized_pe0_dout               |   in|  480|     ap_fifo|               quantized_pe0|       pointer|
|quantized_pe0_num_data_valid     |   in|    3|     ap_fifo|               quantized_pe0|       pointer|
|quantized_pe0_fifo_cap           |   in|    3|     ap_fifo|               quantized_pe0|       pointer|
|quantized_pe0_empty_n            |   in|    1|     ap_fifo|               quantized_pe0|       pointer|
|quantized_pe0_read               |  out|    1|     ap_fifo|               quantized_pe0|       pointer|
|quantized_pe1_dout               |   in|  480|     ap_fifo|               quantized_pe1|       pointer|
|quantized_pe1_num_data_valid     |   in|    3|     ap_fifo|               quantized_pe1|       pointer|
|quantized_pe1_fifo_cap           |   in|    3|     ap_fifo|               quantized_pe1|       pointer|
|quantized_pe1_empty_n            |   in|    1|     ap_fifo|               quantized_pe1|       pointer|
|quantized_pe1_read               |  out|    1|     ap_fifo|               quantized_pe1|       pointer|
|quantized_pe2_dout               |   in|  480|     ap_fifo|               quantized_pe2|       pointer|
|quantized_pe2_num_data_valid     |   in|    3|     ap_fifo|               quantized_pe2|       pointer|
|quantized_pe2_fifo_cap           |   in|    3|     ap_fifo|               quantized_pe2|       pointer|
|quantized_pe2_empty_n            |   in|    1|     ap_fifo|               quantized_pe2|       pointer|
|quantized_pe2_read               |  out|    1|     ap_fifo|               quantized_pe2|       pointer|
|quantized_pe3_dout               |   in|  480|     ap_fifo|               quantized_pe3|       pointer|
|quantized_pe3_num_data_valid     |   in|    3|     ap_fifo|               quantized_pe3|       pointer|
|quantized_pe3_fifo_cap           |   in|    3|     ap_fifo|               quantized_pe3|       pointer|
|quantized_pe3_empty_n            |   in|    1|     ap_fifo|               quantized_pe3|       pointer|
|quantized_pe3_read               |  out|    1|     ap_fifo|               quantized_pe3|       pointer|
|scale_pe0_dout                   |   in|   32|     ap_fifo|                   scale_pe0|       pointer|
|scale_pe0_num_data_valid         |   in|    3|     ap_fifo|                   scale_pe0|       pointer|
|scale_pe0_fifo_cap               |   in|    3|     ap_fifo|                   scale_pe0|       pointer|
|scale_pe0_empty_n                |   in|    1|     ap_fifo|                   scale_pe0|       pointer|
|scale_pe0_read                   |  out|    1|     ap_fifo|                   scale_pe0|       pointer|
|scale_pe1_dout                   |   in|   32|     ap_fifo|                   scale_pe1|       pointer|
|scale_pe1_num_data_valid         |   in|    3|     ap_fifo|                   scale_pe1|       pointer|
|scale_pe1_fifo_cap               |   in|    3|     ap_fifo|                   scale_pe1|       pointer|
|scale_pe1_empty_n                |   in|    1|     ap_fifo|                   scale_pe1|       pointer|
|scale_pe1_read                   |  out|    1|     ap_fifo|                   scale_pe1|       pointer|
|scale_pe2_dout                   |   in|   32|     ap_fifo|                   scale_pe2|       pointer|
|scale_pe2_num_data_valid         |   in|    3|     ap_fifo|                   scale_pe2|       pointer|
|scale_pe2_fifo_cap               |   in|    3|     ap_fifo|                   scale_pe2|       pointer|
|scale_pe2_empty_n                |   in|    1|     ap_fifo|                   scale_pe2|       pointer|
|scale_pe2_read                   |  out|    1|     ap_fifo|                   scale_pe2|       pointer|
|scale_pe3_dout                   |   in|   32|     ap_fifo|                   scale_pe3|       pointer|
|scale_pe3_num_data_valid         |   in|    3|     ap_fifo|                   scale_pe3|       pointer|
|scale_pe3_fifo_cap               |   in|    3|     ap_fifo|                   scale_pe3|       pointer|
|scale_pe3_empty_n                |   in|    1|     ap_fifo|                   scale_pe3|       pointer|
|scale_pe3_read                   |  out|    1|     ap_fifo|                   scale_pe3|       pointer|
|quantized_stream_din             |  out|  480|     ap_fifo|            quantized_stream|       pointer|
|quantized_stream_num_data_valid  |   in|    3|     ap_fifo|            quantized_stream|       pointer|
|quantized_stream_fifo_cap        |   in|    3|     ap_fifo|            quantized_stream|       pointer|
|quantized_stream_full_n          |   in|    1|     ap_fifo|            quantized_stream|       pointer|
|quantized_stream_write           |  out|    1|     ap_fifo|            quantized_stream|       pointer|
|scale_stream_din                 |  out|   32|     ap_fifo|                scale_stream|       pointer|
|scale_stream_num_data_valid      |   in|    3|     ap_fifo|                scale_stream|       pointer|
|scale_stream_fifo_cap            |   in|    3|     ap_fifo|                scale_stream|       pointer|
|scale_stream_full_n              |   in|    1|     ap_fifo|                scale_stream|       pointer|
|scale_stream_write               |  out|    1|     ap_fifo|                scale_stream|       pointer|
+---------------------------------+-----+-----+------------+----------------------------+--------------+

