

================================================================
== Vitis HLS Report for 'int4_route_linear_projection_2_s'
================================================================
* Date:           Tue Aug 11 09:19:43 2026

* Version:        2023.2 (Build 4023990 on Oct 11 2023)
* Project:        proj_int4_decoder_xo
* Solution:       solution1 (Vitis Kernel Flow Target)
* Product family: virtexuplus
* Target device:  xcu250-figd2104-2L-e


================================================================
== Performance Estimates
================================================================
+ Timing: 
    * Summary: 
    +--------+---------+----------+------------+
    |  Clock |  Target | Estimated| Uncertainty|
    +--------+---------+----------+------------+
    |ap_clk  |  3.33 ns|  2.607 ns|     0.90 ns|
    +--------+---------+----------+------------+

+ Latency: 
    * Summary: 
    +---------+---------+----------+----------+-----+-----+---------+
    |  Latency (cycles) |  Latency (absolute) |  Interval | Pipeline|
    |   min   |   max   |    min   |    max   | min | max |   Type  |
    +---------+---------+----------+----------+-----+-----+---------+
    |       67|       67|  0.223 us|  0.223 us|   67|   67|       no|
    +---------+---------+----------+----------+-----+-----+---------+

    + Detail: 
        * Instance: 
        N/A

        * Loop: 
        +--------------------------------+---------+---------+----------+-----------+-----------+------+----------+
        |                                |  Latency (cycles) | Iteration|  Initiation Interval  | Trip |          |
        |            Loop Name           |   min   |   max   |  Latency |  achieved |   target  | Count| Pipelined|
        +--------------------------------+---------+---------+----------+-----------+-----------+------+----------+
        |- route_linear_projection_loop  |       65|       65|         3|          1|          1|    64|       yes|
        +--------------------------------+---------+---------+----------+-----------+-----------+------+----------+



================================================================
== Utilization Estimates
================================================================
* Summary: 
+---------------------+---------+-------+---------+---------+------+
|         Name        | BRAM_18K|  DSP  |    FF   |   LUT   | URAM |
+---------------------+---------+-------+---------+---------+------+
|DSP                  |        -|      -|        -|        -|     -|
|Expression           |        -|      -|        0|       31|     -|
|FIFO                 |        -|      -|        -|        -|     -|
|Instance             |        -|      -|        -|        -|     -|
|Memory               |        -|      -|        -|        -|     -|
|Multiplexer          |        -|      -|        -|       36|     -|
|Register             |        -|      -|     2074|        -|     -|
+---------------------+---------+-------+---------+---------+------+
|Total                |        0|      0|     2074|       67|     0|
+---------------------+---------+-------+---------+---------+------+
|Available SLR        |     1344|   3072|   864000|   432000|   320|
+---------------------+---------+-------+---------+---------+------+
|Utilization SLR (%)  |        0|      0|       ~0|       ~0|     0|
+---------------------+---------+-------+---------+---------+------+
|Available            |     5376|  12288|  3456000|  1728000|  1280|
+---------------------+---------+-------+---------+---------+------+
|Utilization (%)      |        0|      0|       ~0|       ~0|     0|
+---------------------+---------+-------+---------+---------+------+

+ Detail: 
    * Instance: 
    N/A

    * DSP: 
    N/A

    * Memory: 
    N/A

    * FIFO: 
    N/A

    * Expression: 
    +----------------------+----------+----+---+----+------------+------------+
    |     Variable Name    | Operation| DSP| FF| LUT| Bitwidth P0| Bitwidth P1|
    +----------------------+----------+----+---+----+------------+------------+
    |add_ln157_fu_172_p2   |         +|   0|  0|  14|           7|           1|
    |icmp_ln157_fu_166_p2  |      icmp|   0|  0|  15|           7|           8|
    |ap_enable_pp0         |       xor|   0|  0|   2|           1|           2|
    +----------------------+----------+----+---+----+------------+------------+
    |Total                 |          |   0|  0|  31|          15|          11|
    +----------------------+----------+----+---+----+------------+------------+

    * Multiplexer: 
    +--------------------------+----+-----------+-----+-----------+
    |           Name           | LUT| Input Size| Bits| Total Bits|
    +--------------------------+----+-----------+-----+-----------+
    |ap_done_int               |   9|          2|    1|          2|
    |ap_enable_reg_pp0_iter1   |   9|          2|    1|          2|
    |ap_sig_allocacmp_word_21  |   9|          2|    7|         14|
    |word_fu_50                |   9|          2|    7|         14|
    +--------------------------+----+-----------+-----+-----------+
    |Total                     |  36|          8|   16|         32|
    +--------------------------+----+-----------+-----+-----------+

    * Register: 
    +----------------------------------+-----+----+-----+-----------+
    |               Name               |  FF | LUT| Bits| Const Bits|
    +----------------------------------+-----+----+-----+-----------+
    |ap_CS_fsm                         |    1|   0|    1|          0|
    |ap_done_reg                       |    1|   0|    1|          0|
    |ap_enable_reg_pp0_iter1           |    1|   0|    1|          0|
    |ap_enable_reg_pp0_iter2           |    1|   0|    1|          0|
    |ap_loop_exit_ready_pp0_iter1_reg  |    1|   0|    1|          0|
    |linear_stage0_load_reg_230        |  512|   0|  512|          0|
    |linear_stage1_load_reg_235        |  512|   0|  512|          0|
    |linear_stage2_load_reg_240        |  512|   0|  512|          0|
    |linear_stage3_load_reg_245        |  512|   0|  512|          0|
    |word_fu_50                        |    7|   0|    7|          0|
    |zext_ln157_reg_202                |    7|   0|   64|         57|
    |zext_ln157_reg_202_pp0_iter1_reg  |    7|   0|   64|         57|
    +----------------------------------+-----+----+-----+-----------+
    |Total                             | 2074|   0| 2188|        114|
    +----------------------------------+-----+----+-----+-----------+



================================================================
== Interface
================================================================
* Summary: 
+------------------------+-----+-----+------------+---------------------------------+--------------+
|        RTL Ports       | Dir | Bits|  Protocol  |          Source Object          |    C Type    |
+------------------------+-----+-----+------------+---------------------------------+--------------+
|ap_clk                  |   in|    1|  ap_ctrl_hs|  int4_route_linear_projection<2>|  return value|
|ap_rst                  |   in|    1|  ap_ctrl_hs|  int4_route_linear_projection<2>|  return value|
|ap_start                |   in|    1|  ap_ctrl_hs|  int4_route_linear_projection<2>|  return value|
|ap_done                 |  out|    1|  ap_ctrl_hs|  int4_route_linear_projection<2>|  return value|
|ap_idle                 |  out|    1|  ap_ctrl_hs|  int4_route_linear_projection<2>|  return value|
|ap_ready                |  out|    1|  ap_ctrl_hs|  int4_route_linear_projection<2>|  return value|
|linear_stage0_address0  |  out|    9|   ap_memory|                    linear_stage0|         array|
|linear_stage0_ce0       |  out|    1|   ap_memory|                    linear_stage0|         array|
|linear_stage0_q0        |   in|  512|   ap_memory|                    linear_stage0|         array|
|linear_stage1_address0  |  out|    9|   ap_memory|                    linear_stage1|         array|
|linear_stage1_ce0       |  out|    1|   ap_memory|                    linear_stage1|         array|
|linear_stage1_q0        |   in|  512|   ap_memory|                    linear_stage1|         array|
|linear_stage2_address0  |  out|    9|   ap_memory|                    linear_stage2|         array|
|linear_stage2_ce0       |  out|    1|   ap_memory|                    linear_stage2|         array|
|linear_stage2_q0        |   in|  512|   ap_memory|                    linear_stage2|         array|
|linear_stage3_address0  |  out|    9|   ap_memory|                    linear_stage3|         array|
|linear_stage3_ce0       |  out|    1|   ap_memory|                    linear_stage3|         array|
|linear_stage3_q0        |   in|  512|   ap_memory|                    linear_stage3|         array|
|output0_address0        |  out|    6|   ap_memory|                          output0|         array|
|output0_ce0             |  out|    1|   ap_memory|                          output0|         array|
|output0_we0             |  out|    1|   ap_memory|                          output0|         array|
|output0_d0              |  out|  512|   ap_memory|                          output0|         array|
|output1_address0        |  out|    6|   ap_memory|                          output1|         array|
|output1_ce0             |  out|    1|   ap_memory|                          output1|         array|
|output1_we0             |  out|    1|   ap_memory|                          output1|         array|
|output1_d0              |  out|  512|   ap_memory|                          output1|         array|
|output2_address0        |  out|    6|   ap_memory|                          output2|         array|
|output2_ce0             |  out|    1|   ap_memory|                          output2|         array|
|output2_we0             |  out|    1|   ap_memory|                          output2|         array|
|output2_d0              |  out|  512|   ap_memory|                          output2|         array|
|output3_address0        |  out|    6|   ap_memory|                          output3|         array|
|output3_ce0             |  out|    1|   ap_memory|                          output3|         array|
|output3_we0             |  out|    1|   ap_memory|                          output3|         array|
|output3_d0              |  out|  512|   ap_memory|                          output3|         array|
+------------------------+-----+-----+------------+---------------------------------+--------------+

