

================================================================
== Vitis HLS Report for 'int4_rms_merge_and_rsqrt'
================================================================
* Date:           Tue Aug 11 09:18:40 2026

* Version:        2023.2 (Build 4023990 on Oct 11 2023)
* Project:        proj_int4_decoder_xo
* Solution:       solution1 (Vitis Kernel Flow Target)
* Product family: virtexuplus
* Target device:  xcu250-figd2104-2L-e


================================================================
== Performance Estimates
================================================================
+ Timing: 
    * Summary: 
    +--------+---------+----------+------------+
    |  Clock |  Target | Estimated| Uncertainty|
    +--------+---------+----------+------------+
    |ap_clk  |  3.33 ns|  2.342 ns|     0.90 ns|
    +--------+---------+----------+------------+

+ Latency: 
    * Summary: 
    +---------+---------+----------+----------+-----+-----+---------+
    |  Latency (cycles) |  Latency (absolute) |  Interval | Pipeline|
    |   min   |   max   |    min   |    max   | min | max |   Type  |
    +---------+---------+----------+----------+-----+-----+---------+
    |       49|       49|  0.163 us|  0.163 us|   49|   49|       no|
    +---------+---------+----------+----------+-----+-----+---------+

    + Detail: 
        * Instance: 
        N/A

        * Loop: 
        N/A



================================================================
== Utilization Estimates
================================================================
* Summary: 
+---------------------+---------+-------+---------+---------+------+
|         Name        | BRAM_18K|  DSP  |    FF   |   LUT   | URAM |
+---------------------+---------+-------+---------+---------+------+
|DSP                  |        -|      -|        -|        -|     -|
|Expression           |        -|      -|        0|        2|     -|
|FIFO                 |        -|      -|        -|        -|     -|
|Instance             |        -|     14|      831|      612|     -|
|Memory               |        -|      -|        -|        -|     -|
|Multiplexer          |        -|      -|        -|      321|     -|
|Register             |        -|      -|      275|        -|     -|
+---------------------+---------+-------+---------+---------+------+
|Total                |        0|     14|     1106|      935|     0|
+---------------------+---------+-------+---------+---------+------+
|Available SLR        |     1344|   3072|   864000|   432000|   320|
+---------------------+---------+-------+---------+---------+------+
|Utilization SLR (%)  |        0|     ~0|       ~0|       ~0|     0|
+---------------------+---------+-------+---------+---------+------+
|Available            |     5376|  12288|  3456000|  1728000|  1280|
+---------------------+---------+-------+---------+---------+------+
|Utilization (%)      |        0|     ~0|       ~0|       ~0|     0|
+---------------------+---------+-------+---------+---------+------+

+ Detail: 
    * Instance: 
    +-----------------------------------------+-----------------------------------+---------+----+-----+-----+-----+
    |                 Instance                |               Module              | BRAM_18K| DSP|  FF | LUT | URAM|
    +-----------------------------------------+-----------------------------------+---------+----+-----+-----+-----+
    |fadd_32ns_32ns_32_7_full_dsp_1_U1284     |fadd_32ns_32ns_32_7_full_dsp_1     |        0|   2|  318|  198|    0|
    |fmul_32ns_32ns_32_4_max_dsp_1_U1285      |fmul_32ns_32ns_32_4_max_dsp_1      |        0|   3|  143|   78|    0|
    |frsqrt_32ns_32ns_32_17_full_dsp_1_U1286  |frsqrt_32ns_32ns_32_17_full_dsp_1  |        0|   9|  370|  336|    0|
    +-----------------------------------------+-----------------------------------+---------+----+-----+-----+-----+
    |Total                                    |                                   |        0|  14|  831|  612|    0|
    +-----------------------------------------+-----------------------------------+---------+----+-----+-----+-----+

    * DSP: 
    N/A

    * Memory: 
    N/A

    * FIFO: 
    N/A

    * Expression: 
    +-----------------+----------+----+---+----+------------+------------+
    |  Variable Name  | Operation| DSP| FF| LUT| Bitwidth P0| Bitwidth P1|
    +-----------------+----------+----+---+----+------------+------------+
    |ap_block_state1  |        or|   0|  0|   2|           1|           1|
    +-----------------+----------+----+---+----+------------+------------+
    |Total            |          |   0|  0|   2|           1|           1|
    +-----------------+----------+----+---+----+------------+------------+

    * Multiplexer: 
    +-----------------+-----+-----------+-----+-----------+
    |       Name      | LUT | Input Size| Bits| Total Bits|
    +-----------------+-----+-----------+-----+-----------+
    |ap_NS_fsm        |  221|         51|    1|         51|
    |ap_done          |    9|          2|    1|          2|
    |grp_fu_61_p0     |   20|          4|   32|        128|
    |grp_fu_61_p1     |   26|          5|   32|        160|
    |partial_0_blk_n  |    9|          2|    1|          2|
    |partial_1_blk_n  |    9|          2|    1|          2|
    |partial_2_blk_n  |    9|          2|    1|          2|
    |partial_3_blk_n  |    9|          2|    1|          2|
    |reciprocal_rms   |    9|          2|   32|         64|
    +-----------------+-----+-----------+-----+-----------+
    |Total            |  321|         72|  102|        413|
    +-----------------+-----+-----------+-----+-----------+

    * Register: 
    +------------------------+----+----+-----+-----------+
    |          Name          | FF | LUT| Bits| Const Bits|
    +------------------------+----+----+-----+-----------+
    |ap_CS_fsm               |  50|   0|   50|          0|
    |ap_done_reg             |   1|   0|    1|          0|
    |mul_reg_140             |  32|   0|   32|          0|
    |partial_0_read_reg_100  |  32|   0|   32|          0|
    |partial_1_read_reg_105  |  32|   0|   32|          0|
    |partial_2_read_reg_110  |  32|   0|   32|          0|
    |partial_3_read_reg_115  |  32|   0|   32|          0|
    |reciprocal_rms_preg     |  32|   0|   32|          0|
    |reg_77                  |  32|   0|   32|          0|
    +------------------------+----+----+-----+-----------+
    |Total                   | 275|   0|  275|          0|
    +------------------------+----+----+-----+-----------+



================================================================
== Interface
================================================================
* Summary: 
+--------------------------+-----+-----+------------+--------------------------+--------------+
|         RTL Ports        | Dir | Bits|  Protocol  |       Source Object      |    C Type    |
+--------------------------+-----+-----+------------+--------------------------+--------------+
|ap_clk                    |   in|    1|  ap_ctrl_hs|  int4_rms_merge_and_rsqrt|  return value|
|ap_rst                    |   in|    1|  ap_ctrl_hs|  int4_rms_merge_and_rsqrt|  return value|
|ap_start                  |   in|    1|  ap_ctrl_hs|  int4_rms_merge_and_rsqrt|  return value|
|ap_done                   |  out|    1|  ap_ctrl_hs|  int4_rms_merge_and_rsqrt|  return value|
|ap_continue               |   in|    1|  ap_ctrl_hs|  int4_rms_merge_and_rsqrt|  return value|
|ap_idle                   |  out|    1|  ap_ctrl_hs|  int4_rms_merge_and_rsqrt|  return value|
|ap_ready                  |  out|    1|  ap_ctrl_hs|  int4_rms_merge_and_rsqrt|  return value|
|partial_0_dout            |   in|   32|     ap_fifo|                 partial_0|       pointer|
|partial_0_num_data_valid  |   in|    3|     ap_fifo|                 partial_0|       pointer|
|partial_0_fifo_cap        |   in|    3|     ap_fifo|                 partial_0|       pointer|
|partial_0_empty_n         |   in|    1|     ap_fifo|                 partial_0|       pointer|
|partial_0_read            |  out|    1|     ap_fifo|                 partial_0|       pointer|
|partial_1_dout            |   in|   32|     ap_fifo|                 partial_1|       pointer|
|partial_1_num_data_valid  |   in|    3|     ap_fifo|                 partial_1|       pointer|
|partial_1_fifo_cap        |   in|    3|     ap_fifo|                 partial_1|       pointer|
|partial_1_empty_n         |   in|    1|     ap_fifo|                 partial_1|       pointer|
|partial_1_read            |  out|    1|     ap_fifo|                 partial_1|       pointer|
|partial_2_dout            |   in|   32|     ap_fifo|                 partial_2|       pointer|
|partial_2_num_data_valid  |   in|    3|     ap_fifo|                 partial_2|       pointer|
|partial_2_fifo_cap        |   in|    3|     ap_fifo|                 partial_2|       pointer|
|partial_2_empty_n         |   in|    1|     ap_fifo|                 partial_2|       pointer|
|partial_2_read            |  out|    1|     ap_fifo|                 partial_2|       pointer|
|partial_3_dout            |   in|   32|     ap_fifo|                 partial_3|       pointer|
|partial_3_num_data_valid  |   in|    3|     ap_fifo|                 partial_3|       pointer|
|partial_3_fifo_cap        |   in|    3|     ap_fifo|                 partial_3|       pointer|
|partial_3_empty_n         |   in|    1|     ap_fifo|                 partial_3|       pointer|
|partial_3_read            |  out|    1|     ap_fifo|                 partial_3|       pointer|
|reciprocal_rms            |  out|   32|      ap_vld|            reciprocal_rms|       pointer|
|reciprocal_rms_ap_vld     |  out|    1|      ap_vld|            reciprocal_rms|       pointer|
+--------------------------+-----+-----+------------+--------------------------+--------------+

