

================================================================
== Vitis HLS Report for 'int4_rms_normalize_quantize_pe_14'
================================================================
* Date:           Tue Aug 11 09:18:44 2026

* Version:        2023.2 (Build 4023990 on Oct 11 2023)
* Project:        proj_int4_decoder_xo
* Solution:       solution1 (Vitis Kernel Flow Target)
* Product family: virtexuplus
* Target device:  xcu250-figd2104-2L-e


================================================================
== Performance Estimates
================================================================
+ Timing: 
    * Summary: 
    +--------+---------+----------+------------+
    |  Clock |  Target | Estimated| Uncertainty|
    +--------+---------+----------+------------+
    |ap_clk  |  3.33 ns|  2.466 ns|     0.90 ns|
    +--------+---------+----------+------------+

+ Latency: 
    * Summary: 
    +---------+---------+-----------+-----------+------+------+---------+
    |  Latency (cycles) |   Latency (absolute)  |   Interval  | Pipeline|
    |   min   |   max   |    min    |    max    |  min |  max |   Type  |
    +---------+---------+-----------+-----------+------+------+---------+
    |     3713|     3713|  12.375 us|  12.375 us|  3713|  3713|       no|
    +---------+---------+-----------+-----------+------+------+---------+

    + Detail: 
        * Instance: 
        +---------------------------------------------------------------------------------------------+----------------------------------------------------------------------------------+---------+---------+----------+----------+-----+-----+---------+
        |                                                                                             |                                                                                  |  Latency (cycles) |  Latency (absolute) |  Interval | Pipeline|
        |                                           Instance                                          |                                      Module                                      |   min   |   max   |    min   |    max   | min | max |   Type  |
        +---------------------------------------------------------------------------------------------+----------------------------------------------------------------------------------+---------+---------+----------+----------+-----+-----+---------+
        |grp_int4_rms_normalize_quantize_pe_14_Pipeline_normalize_word_loop_normalize_lane_lo_fu_124  |int4_rms_normalize_quantize_pe_14_Pipeline_normalize_word_loop_normalize_lane_lo  |       44|       44|  0.147 us|  0.147 us|   44|   44|       no|
        |grp_int4_rms_normalize_quantize_pe_14_Pipeline_quantize_reverse_loop_fu_137                  |int4_rms_normalize_quantize_pe_14_Pipeline_quantize_reverse_loop                  |       53|       53|  0.177 us|  0.177 us|   53|   53|       no|
        +---------------------------------------------------------------------------------------------+----------------------------------------------------------------------------------+---------+---------+----------+----------+-----+-----+---------+

        * Loop: 
        +------------------------+---------+---------+----------+-----------+-----------+------+----------+
        |                        |  Latency (cycles) | Iteration|  Initiation Interval  | Trip |          |
        |        Loop Name       |   min   |   max   |  Latency |  achieved |   target  | Count| Pipelined|
        +------------------------+---------+---------+----------+-----------+-----------+------+----------+
        |- normalize_group_loop  |     3712|     3712|       116|          -|          -|    32|        no|
        +------------------------+---------+---------+----------+-----------+-----------+------+----------+



================================================================
== Utilization Estimates
================================================================
* Summary: 
+---------------------+---------+-------+---------+---------+------+
|         Name        | BRAM_18K|  DSP  |    FF   |   LUT   | URAM |
+---------------------+---------+-------+---------+---------+------+
|DSP                  |        -|      -|        -|        -|     -|
|Expression           |        -|      -|        0|      144|     -|
|FIFO                 |        -|      -|        -|        -|     -|
|Instance             |        -|      8|     2432|     1790|     -|
|Memory               |        1|      -|        0|        0|     -|
|Multiplexer          |        -|      -|        -|      280|     -|
|Register             |        -|      -|      197|        -|     -|
+---------------------+---------+-------+---------+---------+------+
|Total                |        1|      8|     2629|     2214|     0|
+---------------------+---------+-------+---------+---------+------+
|Available SLR        |     1344|   3072|   864000|   432000|   320|
+---------------------+---------+-------+---------+---------+------+
|Utilization SLR (%)  |       ~0|     ~0|       ~0|       ~0|     0|
+---------------------+---------+-------+---------+---------+------+
|Available            |     5376|  12288|  3456000|  1728000|  1280|
+---------------------+---------+-------+---------+---------+------+
|Utilization (%)      |       ~0|     ~0|       ~0|       ~0|     0|
+---------------------+---------+-------+---------+---------+------+

+ Detail: 
    * Instance: 
    +---------------------------------------------------------------------------------------------+----------------------------------------------------------------------------------+---------+----+------+------+-----+
    |                                           Instance                                          |                                      Module                                      | BRAM_18K| DSP|  FF  |  LUT | URAM|
    +---------------------------------------------------------------------------------------------+----------------------------------------------------------------------------------+---------+----+------+------+-----+
    |fcmp_32ns_32ns_1_2_no_dsp_1_U1379                                                            |fcmp_32ns_32ns_1_2_no_dsp_1                                                       |        0|   0|     0|     0|    0|
    |fdiv_32ns_32ns_32_12_no_dsp_1_U1378                                                          |fdiv_32ns_32ns_32_12_no_dsp_1                                                     |        0|   0|     0|     0|    0|
    |fmul_32ns_32ns_32_4_max_dsp_1_U1377                                                          |fmul_32ns_32ns_32_4_max_dsp_1                                                     |        0|   3|   143|    78|    0|
    |grp_int4_rms_normalize_quantize_pe_14_Pipeline_normalize_word_loop_normalize_lane_lo_fu_124  |int4_rms_normalize_quantize_pe_14_Pipeline_normalize_word_loop_normalize_lane_lo  |        0|   3|  1074|   571|    0|
    |grp_int4_rms_normalize_quantize_pe_14_Pipeline_quantize_reverse_loop_fu_137                  |int4_rms_normalize_quantize_pe_14_Pipeline_quantize_reverse_loop                  |        0|   2|  1215|  1141|    0|
    +---------------------------------------------------------------------------------------------+----------------------------------------------------------------------------------+---------+----+------+------+-----+
    |Total                                                                                        |                                                                                  |        0|   8|  2432|  1790|    0|
    +---------------------------------------------------------------------------------------------+----------------------------------------------------------------------------------+---------+----+------+------+-----+

    * DSP: 
    N/A

    * Memory: 
    +--------------+--------------------------------------------------------+---------+---+----+-----+------+-----+------+-------------+
    |    Memory    |                         Module                         | BRAM_18K| FF| LUT| URAM| Words| Bits| Banks| W*Bits*Banks|
    +--------------+--------------------------------------------------------+---------+---+----+-----+------+-----+------+-------------+
    |normalized_U  |int4_swiglu_quantize_pe0_swiglu_group_RAM_1P_BRAM_1R1W  |        1|  0|   0|    0|    32|   32|     1|         1024|
    +--------------+--------------------------------------------------------+---------+---+----+-----+------+-----+------+-------------+
    |Total         |                                                        |        1|  0|   0|    0|    32|   32|     1|         1024|
    +--------------+--------------------------------------------------------+---------+---+----+-----+------+-----+------+-------------+

    * FIFO: 
    N/A

    * Expression: 
    +-------------------------+----------+----+---+----+------------+------------+
    |      Variable Name      | Operation| DSP| FF| LUT| Bitwidth P0| Bitwidth P1|
    +-------------------------+----------+----+---+----+------------+------------+
    |add_ln118_fu_173_p2      |         +|   0|  0|  13|           6|           1|
    |and_ln163_fu_229_p2      |       and|   0|  0|   2|           1|           1|
    |icmp_ln117_fu_167_p2     |      icmp|   0|  0|  14|           6|           7|
    |icmp_ln163_2_fu_219_p2   |      icmp|   0|  0|  30|          23|           1|
    |icmp_ln163_fu_213_p2     |      icmp|   0|  0|  15|           8|           2|
    |ap_block_state1          |        or|   0|  0|   2|           1|           1|
    |ap_block_state20         |        or|   0|  0|   2|           1|           1|
    |or_ln163_fu_225_p2       |        or|   0|  0|   2|           1|           1|
    |inverse_scale_fu_245_p3  |    select|   0|  0|  32|           1|           1|
    |select_ln166_fu_238_p3   |    select|   0|  0|  32|           1|           1|
    +-------------------------+----------+----+---+----+------------+------------+
    |Total                    |          |   0|  0| 144|          49|          17|
    +-------------------------+----------+----+---+----+------------+------------+

    * Multiplexer: 
    +---------------------+-----+-----------+-----+-----------+
    |         Name        | LUT | Input Size| Bits| Total Bits|
    +---------------------+-----+-----------+-----+-----------+
    |ap_NS_fsm            |  102|         21|    1|         21|
    |ap_done              |    9|          2|    1|          2|
    |group_fu_82          |    9|          2|    6|         12|
    |grp_fu_144_ce        |   14|          3|    1|          3|
    |grp_fu_144_p0        |   20|          4|   32|        128|
    |grp_fu_144_p1        |   20|          4|   32|        128|
    |grp_fu_154_ce        |    9|          2|    1|          2|
    |grp_fu_154_opcode    |   14|          3|    5|         15|
    |grp_fu_154_p0        |   14|          3|   32|         96|
    |grp_fu_154_p1        |   14|          3|   32|         96|
    |normalized_address0  |   14|          3|    5|         15|
    |normalized_ce0       |   14|          3|    1|          3|
    |normalized_we0       |    9|          2|    1|          2|
    |quantized_pe2_blk_n  |    9|          2|    1|          2|
    |scale_pe2_blk_n      |    9|          2|    1|          2|
    +---------------------+-----+-----------+-----+-----------+
    |Total                |  280|         59|  152|        527|
    +---------------------+-----+-----------+-----+-----------+

    * Register: 
    +----------------------------------------------------------------------------------------------------------+----+----+-----+-----------+
    |                                                   Name                                                   | FF | LUT| Bits| Const Bits|
    +----------------------------------------------------------------------------------------------------------+----+----+-----+-----------+
    |and_ln163_reg_310                                                                                         |   1|   0|    1|          0|
    |ap_CS_fsm                                                                                                 |  20|   0|   20|          0|
    |ap_done_reg                                                                                               |   1|   0|    1|          0|
    |div_reg_321                                                                                               |  32|   0|   32|          0|
    |empty_reg_288                                                                                             |   5|   0|    6|          1|
    |group_fu_82                                                                                               |   6|   0|    6|          0|
    |grp_int4_rms_normalize_quantize_pe_14_Pipeline_normalize_word_loop_normalize_lane_lo_fu_124_ap_start_reg  |   1|   0|    1|          0|
    |grp_int4_rms_normalize_quantize_pe_14_Pipeline_quantize_reverse_loop_fu_137_ap_start_reg                  |   1|   0|    1|          0|
    |icmp_ln163_2_reg_305                                                                                      |   1|   0|    1|          0|
    |icmp_ln163_reg_300                                                                                        |   1|   0|    1|          0|
    |inverse_scale_reg_331                                                                                     |  32|   0|   32|          0|
    |max_abs_reg_293                                                                                           |  32|   0|   32|          0|
    |mul_reg_316                                                                                               |  32|   0|   32|          0|
    |select_ln166_reg_326                                                                                      |  32|   0|   32|          0|
    +----------------------------------------------------------------------------------------------------------+----+----+-----+-----------+
    |Total                                                                                                     | 197|   0|  198|          1|
    +----------------------------------------------------------------------------------------------------------+----+----+-----+-----------+



================================================================
== Interface
================================================================
* Summary: 
+------------------------------+-----+-----+------------+-----------------------------------+--------------+
|           RTL Ports          | Dir | Bits|  Protocol  |           Source Object           |    C Type    |
+------------------------------+-----+-----+------------+-----------------------------------+--------------+
|ap_clk                        |   in|    1|  ap_ctrl_hs|  int4_rms_normalize_quantize_pe.14|  return value|
|ap_rst                        |   in|    1|  ap_ctrl_hs|  int4_rms_normalize_quantize_pe.14|  return value|
|ap_start                      |   in|    1|  ap_ctrl_hs|  int4_rms_normalize_quantize_pe.14|  return value|
|ap_done                       |  out|    1|  ap_ctrl_hs|  int4_rms_normalize_quantize_pe.14|  return value|
|ap_continue                   |   in|    1|  ap_ctrl_hs|  int4_rms_normalize_quantize_pe.14|  return value|
|ap_idle                       |  out|    1|  ap_ctrl_hs|  int4_rms_normalize_quantize_pe.14|  return value|
|ap_ready                      |  out|    1|  ap_ctrl_hs|  int4_rms_normalize_quantize_pe.14|  return value|
|input_r_address0              |  out|    6|   ap_memory|                            input_r|         array|
|input_r_ce0                   |  out|    1|   ap_memory|                            input_r|         array|
|input_r_q0                    |   in|  512|   ap_memory|                            input_r|         array|
|reciprocal_rms                |   in|   32|     ap_none|                     reciprocal_rms|        scalar|
|quantized_pe2_din             |  out|  480|     ap_fifo|                      quantized_pe2|       pointer|
|quantized_pe2_num_data_valid  |   in|    3|     ap_fifo|                      quantized_pe2|       pointer|
|quantized_pe2_fifo_cap        |   in|    3|     ap_fifo|                      quantized_pe2|       pointer|
|quantized_pe2_full_n          |   in|    1|     ap_fifo|                      quantized_pe2|       pointer|
|quantized_pe2_write           |  out|    1|     ap_fifo|                      quantized_pe2|       pointer|
|scale_pe2_din                 |  out|   32|     ap_fifo|                          scale_pe2|       pointer|
|scale_pe2_num_data_valid      |   in|    3|     ap_fifo|                          scale_pe2|       pointer|
|scale_pe2_fifo_cap            |   in|    3|     ap_fifo|                          scale_pe2|       pointer|
|scale_pe2_full_n              |   in|    1|     ap_fifo|                          scale_pe2|       pointer|
|scale_pe2_write               |  out|    1|     ap_fifo|                          scale_pe2|       pointer|
|idx                           |   in|   13|     ap_none|                                idx|        scalar|
|model_norm_cache2_address0    |  out|   13|   ap_memory|                  model_norm_cache2|         array|
|model_norm_cache2_ce0         |  out|    1|   ap_memory|                  model_norm_cache2|         array|
|model_norm_cache2_q0          |   in|  512|   ap_memory|                  model_norm_cache2|         array|
+------------------------------+-----+-----+------------+-----------------------------------+--------------+

