

================================================================
== Vitis HLS Report for 'int4_pack_dequantized_outputs_6_Pipeline_pack_dequantized_value_loop'
================================================================
* Date:           Tue Aug 11 09:19:04 2026

* Version:        2023.2 (Build 4023990 on Oct 11 2023)
* Project:        proj_int4_decoder_xo
* Solution:       solution1 (Vitis Kernel Flow Target)
* Product family: virtexuplus
* Target device:  xcu250-figd2104-2L-e


================================================================
== Performance Estimates
================================================================
+ Timing: 
    * Summary: 
    +--------+---------+----------+------------+
    |  Clock |  Target | Estimated| Uncertainty|
    +--------+---------+----------+------------+
    |ap_clk  |  3.33 ns|  2.324 ns|     0.90 ns|
    +--------+---------+----------+------------+

+ Latency: 
    * Summary: 
    +---------+---------+----------+-----------+------+------+---------+
    |  Latency (cycles) |  Latency (absolute)  |   Interval  | Pipeline|
    |   min   |   max   |    min   |    max    |  min |  max |   Type  |
    +---------+---------+----------+-----------+------+------+---------+
    |     1029|     8069|  3.430 us|  26.894 us|  1029|  8069|       no|
    +---------+---------+----------+-----------+------+------+---------+

    + Detail: 
        * Instance: 
        N/A

        * Loop: 
        +-------------------------------+---------+---------+----------+-----------+-----------+-------------+----------+
        |                               |  Latency (cycles) | Iteration|  Initiation Interval  |     Trip    |          |
        |           Loop Name           |   min   |   max   |  Latency |  achieved |   target  |    Count    | Pipelined|
        +-------------------------------+---------+---------+----------+-----------+-----------+-------------+----------+
        |- pack_dequantized_value_loop  |     1027|     8067|         5|          1|          1|  1024 ~ 8064|       yes|
        +-------------------------------+---------+---------+----------+-----------+-----------+-------------+----------+



================================================================
== Utilization Estimates
================================================================
* Summary: 
+---------------------+---------+-------+---------+---------+------+
|         Name        | BRAM_18K|  DSP  |    FF   |   LUT   | URAM |
+---------------------+---------+-------+---------+---------+------+
|DSP                  |        -|      -|        -|        -|     -|
|Expression           |        -|      -|        0|     1040|     -|
|FIFO                 |        -|      -|        -|        -|     -|
|Instance             |        -|      -|        -|        -|     -|
|Memory               |        -|      -|        -|        -|     -|
|Multiplexer          |        -|      -|        -|      100|     -|
|Register             |        -|      -|     1233|       96|     -|
+---------------------+---------+-------+---------+---------+------+
|Total                |        0|      0|     1233|     1236|     0|
+---------------------+---------+-------+---------+---------+------+
|Available SLR        |     1344|   3072|   864000|   432000|   320|
+---------------------+---------+-------+---------+---------+------+
|Utilization SLR (%)  |        0|      0|       ~0|       ~0|     0|
+---------------------+---------+-------+---------+---------+------+
|Available            |     5376|  12288|  3456000|  1728000|  1280|
+---------------------+---------+-------+---------+---------+------+
|Utilization (%)      |        0|      0|       ~0|       ~0|     0|
+---------------------+---------+-------+---------+---------+------+

+ Detail: 
    * Instance: 
    N/A

    * DSP: 
    N/A

    * Memory: 
    N/A

    * FIFO: 
    N/A

    * Expression: 
    +----------------------------------+----------+----+---+----+------------+------------+
    |           Variable Name          | Operation| DSP| FF| LUT| Bitwidth P0| Bitwidth P1|
    +----------------------------------+----------+----+---+----+------------+------------+
    |add_ln108_fu_351_p2               |         +|   0|  0|  13|           6|           2|
    |left_shift_fu_418_p2              |         +|   0|  0|  12|           4|           4|
    |magnitude_20_fu_475_p2            |         +|   0|  0|  32|          25|          25|
    |remainder_mask_fu_339_p2          |         +|   0|  0|  31|          24|           2|
    |value_index_4_fu_196_p2           |         +|   0|  0|  20|          13|           1|
    |right_shift_fu_305_p2             |         -|   0|  0|  12|           3|           5|
    |signed_raw_fu_531_p2              |         -|   0|  0|  39|           1|          32|
    |sub_ln108_fu_365_p2               |         -|   0|  0|  13|           1|           6|
    |and_ln111_fu_459_p2               |       and|   0|  0|   2|           1|           1|
    |and_ln75_1_fu_557_p2              |       and|   0|  0|   2|           1|           1|
    |and_ln75_fu_552_p2                |       and|   0|  0|   2|           1|           1|
    |and_ln82_1_fu_516_p2              |       and|   0|  0|   2|           1|           1|
    |and_ln82_fu_499_p2                |       and|   0|  0|   2|           1|           1|
    |and_ln85_fu_536_p2                |       and|   0|  0|   2|           1|           1|
    |ap_block_state2_pp0_stage0_iter1  |       and|   0|  0|   2|           1|           1|
    |ap_block_state5_pp0_stage0_iter4  |       and|   0|  0|   2|           1|           1|
    |ap_condition_180                  |       and|   0|  0|   2|           1|           1|
    |ap_predicate_op37_read_state2     |       and|   0|  0|   2|           1|           1|
    |remainder_fu_345_p2               |       and|   0|  0|  24|          24|          24|
    |icmp_ln110_fu_445_p2              |      icmp|   0|  0|  32|          25|          25|
    |icmp_ln111_fu_454_p2              |      icmp|   0|  0|  32|          25|          25|
    |icmp_ln666_fu_190_p2              |      icmp|   0|  0|  20|          13|          13|
    |icmp_ln671_fu_210_p2              |      icmp|   0|  0|   9|           2|           1|
    |icmp_ln682_fu_216_p2              |      icmp|   0|  0|  12|           4|           2|
    |icmp_ln82_fu_267_p2               |      icmp|   0|  0|  15|           8|           7|
    |icmp_ln85_fu_273_p2               |      icmp|   0|  0|  15|           8|           8|
    |icmp_ln94_fu_279_p2               |      icmp|   0|  0|  15|           8|           8|
    |lshr_ln108_fu_375_p2              |      lshr|   0|  0|  92|           1|          32|
    |quotient_fu_433_p2                |      lshr|   0|  0|  92|          32|          32|
    |ap_block_pp0_stage0_01001         |        or|   0|  0|   2|           1|           1|
    |or_ln110_fu_465_p2                |        or|   0|  0|   2|           1|           1|
    |halfway_fu_403_p3                 |    select|   0|  0|  25|           1|          25|
    |magnitude_21_fu_485_p3            |    select|   0|  0|  32|           1|          32|
    |sel_tmp1_fu_492_p3                |    select|   0|  0|  32|           1|          32|
    |select_ln75_fu_562_p3             |    select|   0|  0|  32|           1|          32|
    |select_ln82_fu_503_p3             |    select|   0|  0|  32|           1|           1|
    |select_ln85_fu_540_p3             |    select|   0|  0|  32|           1|          32|
    |select_ln86_fu_524_p3             |    select|   0|  0|  33|           1|          33|
    |magnitude_fu_427_p2               |       shl|   0|  0|  92|          32|          32|
    |shl_ln104_fu_329_p2               |       shl|   0|  0|  92|           1|          32|
    |shl_ln108_fu_393_p2               |       shl|   0|  0|  78|           1|          31|
    |ap_enable_pp0                     |       xor|   0|  0|   2|           1|           2|
    |xor_ln82_fu_511_p2                |       xor|   0|  0|   2|           1|           2|
    |xor_ln85_fu_547_p2                |       xor|   0|  0|   2|           1|           2|
    +----------------------------------+----------+----+---+----+------------+------------+
    |Total                             |          |   0|  0|1040|         283|         554|
    +----------------------------------+----------+----+---+----+------------+------------+

    * Multiplexer: 
    +----------------------------------------+----+-----------+-----+-----------+
    |                  Name                  | LUT| Input Size| Bits| Total Bits|
    +----------------------------------------+----+-----------+-----+-----------+
    |ap_done_int                             |   9|          2|    1|          2|
    |ap_enable_reg_pp0_iter1                 |   9|          2|    1|          2|
    |ap_phi_mux_final_block_2_phi_fu_164_p4  |  14|          3|  128|        384|
    |ap_sig_allocacmp_value_index_3          |   9|          2|   13|         26|
    |final_block_2_reg_161                   |  14|          3|  128|        384|
    |final_block_fu_124                      |   9|          2|   96|        192|
    |final_block_stream_blk_n                |   9|          2|    1|          2|
    |output_stream_blk_n                     |   9|          2|    1|          2|
    |packed_fu_128                           |   9|          2|  480|        960|
    |value_index_fu_132                      |   9|          2|   13|         26|
    +----------------------------------------+----+-----------+-----+-----------+
    |Total                                   | 100|         22|  862|       1980|
    +----------------------------------------+----+-----------+-----+-----------+

    * Register: 
    +-------------------------------------+-----+----+-----+-----------+
    |                 Name                |  FF | LUT| Bits| Const Bits|
    +-------------------------------------+-----+----+-----+-----------+
    |and_ln82_1_reg_716                   |    1|   0|    1|          0|
    |ap_CS_fsm                            |    1|   0|    1|          0|
    |ap_done_reg                          |    1|   0|    1|          0|
    |ap_enable_reg_pp0_iter1              |    1|   0|    1|          0|
    |ap_enable_reg_pp0_iter2              |    1|   0|    1|          0|
    |ap_enable_reg_pp0_iter3              |    1|   0|    1|          0|
    |ap_enable_reg_pp0_iter4              |    1|   0|    1|          0|
    |ap_loop_exit_ready_pp0_iter1_reg     |    1|   0|    1|          0|
    |ap_loop_exit_ready_pp0_iter2_reg     |    1|   0|    1|          0|
    |ap_loop_exit_ready_pp0_iter3_reg     |    1|   0|    1|          0|
    |final_block_2_reg_161                |  128|   0|  128|          0|
    |final_block_2_reg_161_pp0_iter2_reg  |  128|   0|  128|          0|
    |final_block_fu_124                   |   96|   0|   96|          0|
    |fraction_reg_652                     |   23|   0|   23|          0|
    |halfway_reg_700                      |   25|   0|   25|          0|
    |icmp_ln666_reg_634                   |    1|   0|    1|          0|
    |icmp_ln671_reg_638                   |    1|   0|    1|          0|
    |icmp_ln682_reg_642                   |    1|   0|    1|          0|
    |icmp_ln82_reg_657                    |    1|   0|    1|          0|
    |icmp_ln82_reg_657_pp0_iter2_reg      |    1|   0|    1|          0|
    |icmp_ln85_reg_663                    |    1|   0|    1|          0|
    |icmp_ln94_reg_669                    |    1|   0|    1|          0|
    |icmp_ln94_reg_669_pp0_iter2_reg      |    1|   0|    1|          0|
    |magnitude_21_reg_706                 |   32|   0|   32|          0|
    |negative_reg_646                     |    1|   0|    1|          0|
    |packed_fu_128                        |  480|   0|  480|          0|
    |remainder_reg_695                    |   24|   0|   24|          0|
    |right_shift_reg_679                  |    5|   0|    5|          0|
    |select_ln82_reg_711                  |   32|   0|   32|          0|
    |significand_reg_685                  |   23|   0|   24|          1|
    |trunc_ln_i_reg_674                   |    4|   0|    4|          0|
    |trunc_ln_i_reg_674_pp0_iter2_reg     |    4|   0|    4|          0|
    |value_index_fu_132                   |   13|   0|   13|          0|
    |zext_ln102_reg_690                   |    5|   0|   32|         27|
    |icmp_ln682_reg_642                   |   64|  32|    1|          0|
    |icmp_ln85_reg_663                    |   64|  32|    1|          0|
    |negative_reg_646                     |   64|  32|    1|          0|
    +-------------------------------------+-----+----+-----+-----------+
    |Total                                | 1233|  96| 1072|         28|
    +-------------------------------------+-----+----+-----+-----------+



================================================================
== Interface
================================================================
* Summary: 
+-----------------------------------+-----+-----+------------+----------------------------------------------------------------------+--------------+
|             RTL Ports             | Dir | Bits|  Protocol  |                             Source Object                            |    C Type    |
+-----------------------------------+-----+-----+------------+----------------------------------------------------------------------+--------------+
|ap_clk                             |   in|    1|  ap_ctrl_hs|  int4_pack_dequantized_outputs.6_Pipeline_pack_dequantized_value_loop|  return value|
|ap_rst                             |   in|    1|  ap_ctrl_hs|  int4_pack_dequantized_outputs.6_Pipeline_pack_dequantized_value_loop|  return value|
|ap_start                           |   in|    1|  ap_ctrl_hs|  int4_pack_dequantized_outputs.6_Pipeline_pack_dequantized_value_loop|  return value|
|ap_done                            |  out|    1|  ap_ctrl_hs|  int4_pack_dequantized_outputs.6_Pipeline_pack_dequantized_value_loop|  return value|
|ap_idle                            |  out|    1|  ap_ctrl_hs|  int4_pack_dequantized_outputs.6_Pipeline_pack_dequantized_value_loop|  return value|
|ap_ready                           |  out|    1|  ap_ctrl_hs|  int4_pack_dequantized_outputs.6_Pipeline_pack_dequantized_value_loop|  return value|
|final_block_stream_dout            |   in|  128|     ap_fifo|                                                    final_block_stream|       pointer|
|final_block_stream_num_data_valid  |   in|    6|     ap_fifo|                                                    final_block_stream|       pointer|
|final_block_stream_fifo_cap        |   in|    6|     ap_fifo|                                                    final_block_stream|       pointer|
|final_block_stream_empty_n         |   in|    1|     ap_fifo|                                                    final_block_stream|       pointer|
|final_block_stream_read            |  out|    1|     ap_fifo|                                                    final_block_stream|       pointer|
|output_stream_din                  |  out|  512|     ap_fifo|                                                         output_stream|       pointer|
|output_stream_num_data_valid       |   in|    5|     ap_fifo|                                                         output_stream|       pointer|
|output_stream_fifo_cap             |   in|    5|     ap_fifo|                                                         output_stream|       pointer|
|output_stream_full_n               |   in|    1|     ap_fifo|                                                         output_stream|       pointer|
|output_stream_write                |  out|    1|     ap_fifo|                                                         output_stream|       pointer|
|shl_ln                             |   in|   13|     ap_none|                                                                shl_ln|        scalar|
|p_read                             |   in|    1|     ap_none|                                                                p_read|        scalar|
+-----------------------------------+-----+-----+------------+----------------------------------------------------------------------+--------------+

