

================================================================
== Vitis HLS Report for 'int4_dequantize_final_blocks_19'
================================================================
* Date:           Tue Aug 11 09:19:14 2026

* Version:        2023.2 (Build 4023990 on Oct 11 2023)
* Project:        proj_int4_decoder_xo
* Solution:       solution1 (Vitis Kernel Flow Target)
* Product family: virtexuplus
* Target device:  xcu250-figd2104-2L-e


================================================================
== Performance Estimates
================================================================
+ Timing: 
    * Summary: 
    +--------+---------+----------+------------+
    |  Clock |  Target | Estimated| Uncertainty|
    +--------+---------+----------+------------+
    |ap_clk  |  3.33 ns|  2.433 ns|     0.90 ns|
    +--------+---------+----------+------------+

+ Latency: 
    * Summary: 
    +---------+---------+----------+----------+-------+--------+---------+
    |  Latency (cycles) |  Latency (absolute) |    Interval    | Pipeline|
    |   min   |   max   |    min   |    max   |  min  |   max  |   Type  |
    +---------+---------+----------+----------+-------+--------+---------+
    |    32795|   693531|  0.109 ms|  2.312 ms|  32795|  693531|       no|
    +---------+---------+----------+----------+-------+--------+---------+

    + Detail: 
        * Instance: 
        +--------------------------------------------------------------------------------------------+----------------------------------------------------------------------------------+---------+---------+----------+----------+-------+--------+---------+
        |                                                                                            |                                                                                  |  Latency (cycles) |  Latency (absolute) |    Interval    | Pipeline|
        |                                          Instance                                          |                                      Module                                      |   min   |   max   |    min   |    max   |  min  |   max  |   Type  |
        +--------------------------------------------------------------------------------------------+----------------------------------------------------------------------------------+---------+---------+----------+----------+-------+--------+---------+
        |grp_int4_dequantize_final_blocks_19_Pipeline_dequant_local_tile_loop_dequant_flat_bl_fu_90  |int4_dequantize_final_blocks_19_Pipeline_dequant_local_tile_loop_dequant_flat_bl  |    32793|   693529|  0.109 ms|  2.312 ms|  32793|  693529|       no|
        +--------------------------------------------------------------------------------------------+----------------------------------------------------------------------------------+---------+---------+----------+----------+-------+--------+---------+

        * Loop: 
        N/A



================================================================
== Utilization Estimates
================================================================
* Summary: 
+---------------------+---------+-------+---------+---------+------+
|         Name        | BRAM_18K|  DSP  |    FF   |   LUT   | URAM |
+---------------------+---------+-------+---------+---------+------+
|DSP                  |        -|      -|        -|        -|     -|
|Expression           |        -|      -|        0|       24|     -|
|FIFO                 |        -|      -|        -|        -|     -|
|Instance             |        0|     24|     5361|     4052|     0|
|Memory               |        -|      -|        -|        -|     -|
|Multiplexer          |        -|      -|        -|       92|     -|
|Register             |        -|      -|       61|        -|     -|
+---------------------+---------+-------+---------+---------+------+
|Total                |        0|     24|     5422|     4168|     0|
+---------------------+---------+-------+---------+---------+------+
|Available SLR        |     1344|   3072|   864000|   432000|   320|
+---------------------+---------+-------+---------+---------+------+
|Utilization SLR (%)  |        0|     ~0|       ~0|       ~0|     0|
+---------------------+---------+-------+---------+---------+------+
|Available            |     5376|  12288|  3456000|  1728000|  1280|
+---------------------+---------+-------+---------+---------+------+
|Utilization (%)      |        0|     ~0|       ~0|       ~0|     0|
+---------------------+---------+-------+---------+---------+------+

+ Detail: 
    * Instance: 
    +--------------------------------------------------------------------------------------------+----------------------------------------------------------------------------------+---------+----+------+------+-----+
    |                                          Instance                                          |                                      Module                                      | BRAM_18K| DSP|  FF  |  LUT | URAM|
    +--------------------------------------------------------------------------------------------+----------------------------------------------------------------------------------+---------+----+------+------+-----+
    |grp_int4_dequantize_final_blocks_19_Pipeline_dequant_local_tile_loop_dequant_flat_bl_fu_90  |int4_dequantize_final_blocks_19_Pipeline_dequant_local_tile_loop_dequant_flat_bl  |        0|  23|  5361|  4049|    0|
    |mul_6ns_14ns_20_1_1_U2326                                                                   |mul_6ns_14ns_20_1_1                                                               |        0|   1|     0|     3|    0|
    +--------------------------------------------------------------------------------------------+----------------------------------------------------------------------------------+---------+----+------+------+-----+
    |Total                                                                                       |                                                                                  |        0|  24|  5361|  4052|    0|
    +--------------------------------------------------------------------------------------------+----------------------------------------------------------------------------------+---------+----+------+------+-----+

    * DSP: 
    N/A

    * Memory: 
    N/A

    * FIFO: 
    N/A

    * Expression: 
    +-----------------+----------+----+---+----+------------+------------+
    |  Variable Name  | Operation| DSP| FF| LUT| Bitwidth P0| Bitwidth P1|
    +-----------------+----------+----+---+----+------------+------------+
    |sub_i_fu_118_p2  |         +|   0|  0|  22|          15|           7|
    |ap_block_state1  |        or|   0|  0|   2|           1|           1|
    +-----------------+----------+----+---+----+------------+------------+
    |Total            |          |   0|  0|  24|          16|           8|
    +-----------------+----------+----+---+----+------------+------------+

    * Multiplexer: 
    +---------------------------+----+-----------+-----+-----------+
    |            Name           | LUT| Input Size| Bits| Total Bits|
    +---------------------------+----+-----------+-----+-----------+
    |ap_NS_fsm                  |  20|          4|    1|          4|
    |ap_done                    |   9|          2|    1|          2|
    |final_block_stream_write   |   9|          2|    1|          2|
    |group_stream_read          |   9|          2|    1|          2|
    |idx1_blk_n                 |   9|          2|    1|          2|
    |input_tiles_loc_blk_n      |   9|          2|    1|          2|
    |local_tiles_loc_blk_n      |   9|          2|    1|          2|
    |local_tiles_loc_c18_blk_n  |   9|          2|    1|          2|
    |replay_scale_stream_read   |   9|          2|    1|          2|
    +---------------------------+----+-----------+-----+-----------+
    |Total                      |  92|         20|    9|         20|
    +---------------------------+----+-----------+-----+-----------+

    * Register: 
    +---------------------------------------------------------------------------------------------------------+----+----+-----+-----------+
    |                                                   Name                                                  | FF | LUT| Bits| Const Bits|
    +---------------------------------------------------------------------------------------------------------+----+----+-----+-----------+
    |ap_CS_fsm                                                                                                |   3|   0|    3|          0|
    |ap_done_reg                                                                                              |   1|   0|    1|          0|
    |block_count_reg_154                                                                                      |   6|   0|   14|          8|
    |bound_reg_164                                                                                            |  20|   0|   20|          0|
    |grp_int4_dequantize_final_blocks_19_Pipeline_dequant_local_tile_loop_dequant_flat_bl_fu_90_ap_start_reg  |   1|   0|    1|          0|
    |idx1_read_reg_139                                                                                        |  11|   0|   11|          0|
    |input_tiles_loc_read_reg_149                                                                             |   6|   0|    6|          0|
    |local_tiles_loc_read_reg_144                                                                             |   6|   0|    6|          0|
    |sub_i_reg_159                                                                                            |   7|   0|   15|          8|
    +---------------------------------------------------------------------------------------------------------+----+----+-----+-----------+
    |Total                                                                                                    |  61|   0|   77|         16|
    +---------------------------------------------------------------------------------------------------------+----+----+-----+-----------+



================================================================
== Interface
================================================================
* Summary: 
+------------------------------------+-----+-----+------------+---------------------------------+--------------+
|              RTL Ports             | Dir | Bits|  Protocol  |          Source Object          |    C Type    |
+------------------------------------+-----+-----+------------+---------------------------------+--------------+
|ap_clk                              |   in|    1|  ap_ctrl_hs|  int4_dequantize_final_blocks.19|  return value|
|ap_rst                              |   in|    1|  ap_ctrl_hs|  int4_dequantize_final_blocks.19|  return value|
|ap_start                            |   in|    1|  ap_ctrl_hs|  int4_dequantize_final_blocks.19|  return value|
|ap_done                             |  out|    1|  ap_ctrl_hs|  int4_dequantize_final_blocks.19|  return value|
|ap_continue                         |   in|    1|  ap_ctrl_hs|  int4_dequantize_final_blocks.19|  return value|
|ap_idle                             |  out|    1|  ap_ctrl_hs|  int4_dequantize_final_blocks.19|  return value|
|ap_ready                            |  out|    1|  ap_ctrl_hs|  int4_dequantize_final_blocks.19|  return value|
|group_stream_dout                   |   in|   92|     ap_fifo|                     group_stream|       pointer|
|group_stream_num_data_valid         |   in|    7|     ap_fifo|                     group_stream|       pointer|
|group_stream_fifo_cap               |   in|    7|     ap_fifo|                     group_stream|       pointer|
|group_stream_empty_n                |   in|    1|     ap_fifo|                     group_stream|       pointer|
|group_stream_read                   |  out|    1|     ap_fifo|                     group_stream|       pointer|
|replay_scale_stream_dout            |   in|   32|     ap_fifo|              replay_scale_stream|       pointer|
|replay_scale_stream_num_data_valid  |   in|    3|     ap_fifo|              replay_scale_stream|       pointer|
|replay_scale_stream_fifo_cap        |   in|    3|     ap_fifo|              replay_scale_stream|       pointer|
|replay_scale_stream_empty_n         |   in|    1|     ap_fifo|              replay_scale_stream|       pointer|
|replay_scale_stream_read            |  out|    1|     ap_fifo|              replay_scale_stream|       pointer|
|final_block_stream_din              |  out|  128|     ap_fifo|               final_block_stream|       pointer|
|final_block_stream_num_data_valid   |   in|    6|     ap_fifo|               final_block_stream|       pointer|
|final_block_stream_fifo_cap         |   in|    6|     ap_fifo|               final_block_stream|       pointer|
|final_block_stream_full_n           |   in|    1|     ap_fifo|               final_block_stream|       pointer|
|final_block_stream_write            |  out|    1|     ap_fifo|               final_block_stream|       pointer|
|local_tiles_loc_dout                |   in|    6|     ap_fifo|                  local_tiles_loc|       pointer|
|local_tiles_loc_num_data_valid      |   in|    3|     ap_fifo|                  local_tiles_loc|       pointer|
|local_tiles_loc_fifo_cap            |   in|    3|     ap_fifo|                  local_tiles_loc|       pointer|
|local_tiles_loc_empty_n             |   in|    1|     ap_fifo|                  local_tiles_loc|       pointer|
|local_tiles_loc_read                |  out|    1|     ap_fifo|                  local_tiles_loc|       pointer|
|input_tiles_loc_dout                |   in|    6|     ap_fifo|                  input_tiles_loc|       pointer|
|input_tiles_loc_num_data_valid      |   in|    3|     ap_fifo|                  input_tiles_loc|       pointer|
|input_tiles_loc_fifo_cap            |   in|    3|     ap_fifo|                  input_tiles_loc|       pointer|
|input_tiles_loc_empty_n             |   in|    1|     ap_fifo|                  input_tiles_loc|       pointer|
|input_tiles_loc_read                |  out|    1|     ap_fifo|                  input_tiles_loc|       pointer|
|idx1_dout                           |   in|   11|     ap_fifo|                             idx1|       pointer|
|idx1_num_data_valid                 |   in|    4|     ap_fifo|                             idx1|       pointer|
|idx1_fifo_cap                       |   in|    4|     ap_fifo|                             idx1|       pointer|
|idx1_empty_n                        |   in|    1|     ap_fifo|                             idx1|       pointer|
|idx1_read                           |  out|    1|     ap_fifo|                             idx1|       pointer|
|local_tiles_loc_c18_din             |  out|    6|     ap_fifo|              local_tiles_loc_c18|       pointer|
|local_tiles_loc_c18_num_data_valid  |   in|    3|     ap_fifo|              local_tiles_loc_c18|       pointer|
|local_tiles_loc_c18_fifo_cap        |   in|    3|     ap_fifo|              local_tiles_loc_c18|       pointer|
|local_tiles_loc_c18_full_n          |   in|    1|     ap_fifo|              local_tiles_loc_c18|       pointer|
|local_tiles_loc_c18_write           |  out|    1|     ap_fifo|              local_tiles_loc_c18|       pointer|
|model_scale_cache2_address0         |  out|   11|   ap_memory|               model_scale_cache2|         array|
|model_scale_cache2_ce0              |  out|    1|   ap_memory|               model_scale_cache2|         array|
|model_scale_cache2_q0               |   in|  512|   ap_memory|               model_scale_cache2|         array|
+------------------------------------+-----+-----+------------+---------------------------------+--------------+

