

================================================================
== Vitis HLS Report for 'swiftkv_run_bank_Pipeline_pe_write_kv_word_loop'
================================================================
* Date:           Tue Aug 11 09:18:07 2026

* Version:        2023.2 (Build 4023990 on Oct 11 2023)
* Project:        proj_int4_decoder_xo
* Solution:       solution1 (Vitis Kernel Flow Target)
* Product family: virtexuplus
* Target device:  xcu250-figd2104-2L-e


================================================================
== Performance Estimates
================================================================
+ Timing: 
    * Summary: 
    +--------+---------+----------+------------+
    |  Clock |  Target | Estimated| Uncertainty|
    +--------+---------+----------+------------+
    |ap_clk  |  3.33 ns|  2.433 ns|     0.90 ns|
    +--------+---------+----------+------------+

+ Latency: 
    * Summary: 
    +---------+---------+-----------+-----------+-----+-----+---------+
    |  Latency (cycles) |   Latency (absolute)  |  Interval | Pipeline|
    |   min   |   max   |    min    |    max    | min | max |   Type  |
    +---------+---------+-----------+-----------+-----+-----+---------+
    |        7|        7|  23.331 ns|  23.331 ns|    7|    7|       no|
    +---------+---------+-----------+-----------+-----+-----+---------+

    + Detail: 
        * Instance: 
        N/A

        * Loop: 
        +-------------------------+---------+---------+----------+-----------+-----------+------+----------+
        |                         |  Latency (cycles) | Iteration|  Initiation Interval  | Trip |          |
        |        Loop Name        |   min   |   max   |  Latency |  achieved |   target  | Count| Pipelined|
        +-------------------------+---------+---------+----------+-----------+-----------+------+----------+
        |- pe_write_kv_word_loop  |        5|        5|         2|          1|          1|     5|       yes|
        +-------------------------+---------+---------+----------+-----------+-----------+------+----------+



================================================================
== Utilization Estimates
================================================================
* Summary: 
+---------------------+---------+-------+---------+---------+------+
|         Name        | BRAM_18K|  DSP  |    FF   |   LUT   | URAM |
+---------------------+---------+-------+---------+---------+------+
|DSP                  |        -|      -|        -|        -|     -|
|Expression           |        -|      -|        0|       24|     -|
|FIFO                 |        -|      -|        -|        -|     -|
|Instance             |        -|      -|        0|       26|     -|
|Memory               |        -|      -|        -|        -|     -|
|Multiplexer          |        -|      -|        -|       45|     -|
|Register             |        -|      -|      518|        -|     -|
+---------------------+---------+-------+---------+---------+------+
|Total                |        0|      0|      518|       95|     0|
+---------------------+---------+-------+---------+---------+------+
|Available SLR        |     1344|   3072|   864000|   432000|   320|
+---------------------+---------+-------+---------+---------+------+
|Utilization SLR (%)  |        0|      0|       ~0|       ~0|     0|
+---------------------+---------+-------+---------+---------+------+
|Available            |     5376|  12288|  3456000|  1728000|  1280|
+---------------------+---------+-------+---------+---------+------+
|Utilization (%)      |        0|      0|       ~0|       ~0|     0|
+---------------------+---------+-------+---------+---------+------+

+ Detail: 
    * Instance: 
    +-----------------------------+------------------------+---------+----+---+----+-----+
    |           Instance          |         Module         | BRAM_18K| DSP| FF| LUT| URAM|
    +-----------------------------+------------------------+---------+----+---+----+-----+
    |sparsemux_11_3_512_1_1_U339  |sparsemux_11_3_512_1_1  |        0|   0|  0|  26|    0|
    +-----------------------------+------------------------+---------+----+---+----+-----+
    |Total                        |                        |        0|   0|  0|  26|    0|
    +-----------------------------+------------------------+---------+----+---+----+-----+

    * DSP: 
    N/A

    * Memory: 
    N/A

    * FIFO: 
    N/A

    * Expression: 
    +---------------------------+----------+----+---+----+------------+------------+
    |       Variable Name       | Operation| DSP| FF| LUT| Bitwidth P0| Bitwidth P1|
    +---------------------------+----------+----+---+----+------------+------------+
    |add_ln1954_fu_140_p2       |         +|   0|  0|  10|           3|           1|
    |ap_block_pp0_stage0_11001  |       and|   0|  0|   2|           1|           1|
    |icmp_ln1953_fu_134_p2      |      icmp|   0|  0|  10|           3|           3|
    |ap_enable_pp0              |       xor|   0|  0|   2|           1|           2|
    +---------------------------+----------+----+---+----+------------+------------+
    |Total                      |          |   0|  0|  24|           8|           7|
    +---------------------------+----------+----+---+----+------------+------------+

    * Multiplexer: 
    +-------------------------+----+-----------+-----+-----------+
    |           Name          | LUT| Input Size| Bits| Total Bits|
    +-------------------------+----+-----------+-----+-----------+
    |ap_done_int              |   9|          2|    1|          2|
    |ap_enable_reg_pp0_iter1  |   9|          2|    1|          2|
    |ap_sig_allocacmp_word_1  |   9|          2|    3|          6|
    |gmem3_blk_n_W            |   9|          2|    1|          2|
    |word_fu_74               |   9|          2|    3|          6|
    +-------------------------+----+-----------+-----+-----------+
    |Total                    |  45|         10|    9|         18|
    +-------------------------+----+-----------+-----+-----------+

    * Register: 
    +-------------------------+-----+----+-----+-----------+
    |           Name          |  FF | LUT| Bits| Const Bits|
    +-------------------------+-----+----+-----+-----------+
    |ap_CS_fsm                |    1|   0|    1|          0|
    |ap_done_reg              |    1|   0|    1|          0|
    |ap_enable_reg_pp0_iter1  |    1|   0|    1|          0|
    |tmp_reg_200              |  512|   0|  512|          0|
    |word_fu_74               |    3|   0|    3|          0|
    +-------------------------+-----+----+-----+-----------+
    |Total                    |  518|   0|  518|          0|
    +-------------------------+-----+----+-----+-----------+



================================================================
== Interface
================================================================
* Summary: 
+------------------------+-----+-----+------------+-------------------------------------------------+--------------+
|        RTL Ports       | Dir | Bits|  Protocol  |                  Source Object                  |    C Type    |
+------------------------+-----+-----+------------+-------------------------------------------------+--------------+
|ap_clk                  |   in|    1|  ap_ctrl_hs|  swiftkv_run_bank_Pipeline_pe_write_kv_word_loop|  return value|
|ap_rst                  |   in|    1|  ap_ctrl_hs|  swiftkv_run_bank_Pipeline_pe_write_kv_word_loop|  return value|
|ap_start                |   in|    1|  ap_ctrl_hs|  swiftkv_run_bank_Pipeline_pe_write_kv_word_loop|  return value|
|ap_done                 |  out|    1|  ap_ctrl_hs|  swiftkv_run_bank_Pipeline_pe_write_kv_word_loop|  return value|
|ap_idle                 |  out|    1|  ap_ctrl_hs|  swiftkv_run_bank_Pipeline_pe_write_kv_word_loop|  return value|
|ap_ready                |  out|    1|  ap_ctrl_hs|  swiftkv_run_bank_Pipeline_pe_write_kv_word_loop|  return value|
|m_axi_gmem3_AWVALID     |  out|    1|       m_axi|                                            gmem3|       pointer|
|m_axi_gmem3_AWREADY     |   in|    1|       m_axi|                                            gmem3|       pointer|
|m_axi_gmem3_AWADDR      |  out|   64|       m_axi|                                            gmem3|       pointer|
|m_axi_gmem3_AWID        |  out|    1|       m_axi|                                            gmem3|       pointer|
|m_axi_gmem3_AWLEN       |  out|   32|       m_axi|                                            gmem3|       pointer|
|m_axi_gmem3_AWSIZE      |  out|    3|       m_axi|                                            gmem3|       pointer|
|m_axi_gmem3_AWBURST     |  out|    2|       m_axi|                                            gmem3|       pointer|
|m_axi_gmem3_AWLOCK      |  out|    2|       m_axi|                                            gmem3|       pointer|
|m_axi_gmem3_AWCACHE     |  out|    4|       m_axi|                                            gmem3|       pointer|
|m_axi_gmem3_AWPROT      |  out|    3|       m_axi|                                            gmem3|       pointer|
|m_axi_gmem3_AWQOS       |  out|    4|       m_axi|                                            gmem3|       pointer|
|m_axi_gmem3_AWREGION    |  out|    4|       m_axi|                                            gmem3|       pointer|
|m_axi_gmem3_AWUSER      |  out|    1|       m_axi|                                            gmem3|       pointer|
|m_axi_gmem3_WVALID      |  out|    1|       m_axi|                                            gmem3|       pointer|
|m_axi_gmem3_WREADY      |   in|    1|       m_axi|                                            gmem3|       pointer|
|m_axi_gmem3_WDATA       |  out|  512|       m_axi|                                            gmem3|       pointer|
|m_axi_gmem3_WSTRB       |  out|   64|       m_axi|                                            gmem3|       pointer|
|m_axi_gmem3_WLAST       |  out|    1|       m_axi|                                            gmem3|       pointer|
|m_axi_gmem3_WID         |  out|    1|       m_axi|                                            gmem3|       pointer|
|m_axi_gmem3_WUSER       |  out|    1|       m_axi|                                            gmem3|       pointer|
|m_axi_gmem3_ARVALID     |  out|    1|       m_axi|                                            gmem3|       pointer|
|m_axi_gmem3_ARREADY     |   in|    1|       m_axi|                                            gmem3|       pointer|
|m_axi_gmem3_ARADDR      |  out|   64|       m_axi|                                            gmem3|       pointer|
|m_axi_gmem3_ARID        |  out|    1|       m_axi|                                            gmem3|       pointer|
|m_axi_gmem3_ARLEN       |  out|   32|       m_axi|                                            gmem3|       pointer|
|m_axi_gmem3_ARSIZE      |  out|    3|       m_axi|                                            gmem3|       pointer|
|m_axi_gmem3_ARBURST     |  out|    2|       m_axi|                                            gmem3|       pointer|
|m_axi_gmem3_ARLOCK      |  out|    2|       m_axi|                                            gmem3|       pointer|
|m_axi_gmem3_ARCACHE     |  out|    4|       m_axi|                                            gmem3|       pointer|
|m_axi_gmem3_ARPROT      |  out|    3|       m_axi|                                            gmem3|       pointer|
|m_axi_gmem3_ARQOS       |  out|    4|       m_axi|                                            gmem3|       pointer|
|m_axi_gmem3_ARREGION    |  out|    4|       m_axi|                                            gmem3|       pointer|
|m_axi_gmem3_ARUSER      |  out|    1|       m_axi|                                            gmem3|       pointer|
|m_axi_gmem3_RVALID      |   in|    1|       m_axi|                                            gmem3|       pointer|
|m_axi_gmem3_RREADY      |  out|    1|       m_axi|                                            gmem3|       pointer|
|m_axi_gmem3_RDATA       |   in|  512|       m_axi|                                            gmem3|       pointer|
|m_axi_gmem3_RLAST       |   in|    1|       m_axi|                                            gmem3|       pointer|
|m_axi_gmem3_RID         |   in|    1|       m_axi|                                            gmem3|       pointer|
|m_axi_gmem3_RFIFONUM    |   in|   12|       m_axi|                                            gmem3|       pointer|
|m_axi_gmem3_RUSER       |   in|    1|       m_axi|                                            gmem3|       pointer|
|m_axi_gmem3_RRESP       |   in|    2|       m_axi|                                            gmem3|       pointer|
|m_axi_gmem3_BVALID      |   in|    1|       m_axi|                                            gmem3|       pointer|
|m_axi_gmem3_BREADY      |  out|    1|       m_axi|                                            gmem3|       pointer|
|m_axi_gmem3_BRESP       |   in|    2|       m_axi|                                            gmem3|       pointer|
|m_axi_gmem3_BID         |   in|    1|       m_axi|                                            gmem3|       pointer|
|m_axi_gmem3_BUSER       |   in|    1|       m_axi|                                            gmem3|       pointer|
|sext_ln1952             |   in|   58|     ap_none|                                      sext_ln1952|        scalar|
|compressed_kv_record    |   in|  512|     ap_none|                             compressed_kv_record|        scalar|
|compressed_kv_record_1  |   in|  512|     ap_none|                           compressed_kv_record_1|        scalar|
|compressed_kv_record_2  |   in|  512|     ap_none|                           compressed_kv_record_2|        scalar|
|compressed_kv_record_3  |   in|  512|     ap_none|                           compressed_kv_record_3|        scalar|
|compressed_kv_record_4  |   in|  512|     ap_none|                           compressed_kv_record_4|        scalar|
+------------------------+-----+-----+------------+-------------------------------------------------+--------------+

