

================================================================
== Vitis HLS Report for 'swiftkv_update_value_engine_0_s'
================================================================
* Date:           Tue Aug 11 09:18:15 2026

* Version:        2023.2 (Build 4023990 on Oct 11 2023)
* Project:        proj_int4_decoder_xo
* Solution:       solution1 (Vitis Kernel Flow Target)
* Product family: virtexuplus
* Target device:  xcu250-figd2104-2L-e


================================================================
== Performance Estimates
================================================================
+ Timing: 
    * Summary: 
    +--------+---------+----------+------------+
    |  Clock |  Target | Estimated| Uncertainty|
    +--------+---------+----------+------------+
    |ap_clk  |  3.33 ns|  2.396 ns|     0.90 ns|
    +--------+---------+----------+------------+

+ Latency: 
    * Summary: 
    +---------+---------+-----------+----------+-----+-------+---------+
    |  Latency (cycles) |  Latency (absolute)  |   Interval  | Pipeline|
    |   min   |   max   |    min    |    max   | min |  max  |   Type  |
    +---------+---------+-----------+----------+-----+-------+---------+
    |       30|    32790|  99.990 ns|  0.109 ms|   30|  32790|       no|
    +---------+---------+-----------+----------+-----+-------+---------+

    + Detail: 
        * Instance: 
        +----------------------------------------------------------------------------------------------+------------------------------------------------------------------------------------+---------+---------+-----------+-----------+-----+-------+---------+
        |                                                                                              |                                                                                    |  Latency (cycles) |   Latency (absolute)  |   Interval  | Pipeline|
        |                                           Instance                                           |                                       Module                                       |   min   |   max   |    min    |    max    | min |  max  |   Type  |
        +----------------------------------------------------------------------------------------------+------------------------------------------------------------------------------------+---------+---------+-----------+-----------+-----+-------+---------+
        |grp_swiftkv_update_value_engine_Pipeline_initialize_weighted_value_engine_phase_loop_3_fu_64  |swiftkv_update_value_engine_Pipeline_initialize_weighted_value_engine_phase_loop_3  |       10|       10|  33.330 ns|  33.330 ns|   10|     10|       no|
        |grp_swiftkv_update_value_engine_0_Pipeline_update_value_engine_phase_loop_fu_76               |swiftkv_update_value_engine_0_Pipeline_update_value_engine_phase_loop               |       17|    32777|  56.661 ns|   0.109 ms|   17|  32777|       no|
        +----------------------------------------------------------------------------------------------+------------------------------------------------------------------------------------+---------+---------+-----------+-----------+-----+-------+---------+

        * Loop: 
        N/A



================================================================
== Utilization Estimates
================================================================
* Summary: 
+---------------------+---------+-------+---------+---------+------+
|         Name        | BRAM_18K|  DSP  |    FF   |   LUT   | URAM |
+---------------------+---------+-------+---------+---------+------+
|DSP                  |        -|      -|        -|        -|     -|
|Expression           |        -|      -|        0|       25|     -|
|FIFO                 |        -|      -|        -|        -|     -|
|Instance             |        -|      8|     1729|     2708|     -|
|Memory               |        -|      -|        -|        -|     -|
|Multiplexer          |        -|      -|        -|      313|     -|
|Register             |        -|      -|       32|        -|     -|
+---------------------+---------+-------+---------+---------+------+
|Total                |        0|      8|     1761|     3046|     0|
+---------------------+---------+-------+---------+---------+------+
|Available SLR        |     1344|   3072|   864000|   432000|   320|
+---------------------+---------+-------+---------+---------+------+
|Utilization SLR (%)  |        0|     ~0|       ~0|       ~0|     0|
+---------------------+---------+-------+---------+---------+------+
|Available            |     5376|  12288|  3456000|  1728000|  1280|
+---------------------+---------+-------+---------+---------+------+
|Utilization (%)      |        0|     ~0|       ~0|       ~0|     0|
+---------------------+---------+-------+---------+---------+------+

+ Detail: 
    * Instance: 
    +----------------------------------------------------------------------------------------------+------------------------------------------------------------------------------------+---------+----+------+------+-----+
    |                                           Instance                                           |                                       Module                                       | BRAM_18K| DSP|  FF  |  LUT | URAM|
    +----------------------------------------------------------------------------------------------+------------------------------------------------------------------------------------+---------+----+------+------+-----+
    |grp_swiftkv_update_value_engine_0_Pipeline_update_value_engine_phase_loop_fu_76               |swiftkv_update_value_engine_0_Pipeline_update_value_engine_phase_loop               |        0|   8|  1723|  2657|    0|
    |grp_swiftkv_update_value_engine_Pipeline_initialize_weighted_value_engine_phase_loop_3_fu_64  |swiftkv_update_value_engine_Pipeline_initialize_weighted_value_engine_phase_loop_3  |        0|   0|     6|    51|    0|
    +----------------------------------------------------------------------------------------------+------------------------------------------------------------------------------------+---------+----+------+------+-----+
    |Total                                                                                         |                                                                                    |        0|   8|  1729|  2708|    0|
    +----------------------------------------------------------------------------------------------+------------------------------------------------------------------------------------+---------+----+------+------+-----+

    * DSP: 
    N/A

    * Memory: 
    N/A

    * FIFO: 
    N/A

    * Expression: 
    +------------------------------+----------+----+---+----+------------+------------+
    |         Variable Name        | Operation| DSP| FF| LUT| Bitwidth P0| Bitwidth P1|
    +------------------------------+----------+----+---+----+------------+------------+
    |update_phase_count_fu_102_p2  |         +|   0|  0|  23|          16|           4|
    |ap_block_state1               |        or|   0|  0|   2|           1|           1|
    +------------------------------+----------+----+---+----+------------+------------+
    |Total                         |          |   0|  0|  25|          17|           5|
    +------------------------------+----------+----+---+----+------------+------------+

    * Multiplexer: 
    +---------------------------+----+-----------+-----+-----------+
    |            Name           | LUT| Input Size| Bits| Total Bits|
    +---------------------------+----+-----------+-----+-----------+
    |ap_NS_fsm                  |  26|          5|    1|          5|
    |ap_done                    |   9|          2|    1|          2|
    |engine0_phase_stream_read  |   9|          2|    1|          2|
    |position_blk_n             |   9|          2|    1|          2|
    |weighted_value_0_address1  |  14|          3|    3|          9|
    |weighted_value_0_ce0       |   9|          2|    1|          2|
    |weighted_value_0_ce1       |  14|          3|    1|          3|
    |weighted_value_0_d1        |  14|          3|   32|         96|
    |weighted_value_0_we1       |  14|          3|    1|          3|
    |weighted_value_1_address1  |  14|          3|    3|          9|
    |weighted_value_1_ce0       |   9|          2|    1|          2|
    |weighted_value_1_ce1       |  14|          3|    1|          3|
    |weighted_value_1_d1        |  14|          3|   32|         96|
    |weighted_value_1_we1       |  14|          3|    1|          3|
    |weighted_value_2_address1  |  14|          3|    3|          9|
    |weighted_value_2_ce0       |   9|          2|    1|          2|
    |weighted_value_2_ce1       |  14|          3|    1|          3|
    |weighted_value_2_d1        |  14|          3|   32|         96|
    |weighted_value_2_we1       |  14|          3|    1|          3|
    |weighted_value_3_address1  |  14|          3|    3|          9|
    |weighted_value_3_ce0       |   9|          2|    1|          2|
    |weighted_value_3_ce1       |  14|          3|    1|          3|
    |weighted_value_3_d1        |  14|          3|   32|         96|
    |weighted_value_3_we1       |  14|          3|    1|          3|
    +---------------------------+----+-----------+-----+-----------+
    |Total                      | 313|         67|  156|        463|
    +---------------------------+----+-----------+-----+-----------+

    * Register: 
    +-----------------------------------------------------------------------------------------------------------+----+----+-----+-----------+
    |                                                    Name                                                   | FF | LUT| Bits| Const Bits|
    +-----------------------------------------------------------------------------------------------------------+----+----+-----+-----------+
    |ap_CS_fsm                                                                                                  |   4|   0|    4|          0|
    |ap_done_reg                                                                                                |   1|   0|    1|          0|
    |grp_swiftkv_update_value_engine_0_Pipeline_update_value_engine_phase_loop_fu_76_ap_start_reg               |   1|   0|    1|          0|
    |grp_swiftkv_update_value_engine_Pipeline_initialize_weighted_value_engine_phase_loop_3_fu_64_ap_start_reg  |   1|   0|    1|          0|
    |position_read_reg_109                                                                                      |  12|   0|   12|          0|
    |update_phase_count_reg_114                                                                                 |  13|   0|   16|          3|
    +-----------------------------------------------------------------------------------------------------------+----+----+-----+-----------+
    |Total                                                                                                      |  32|   0|   35|          3|
    +-----------------------------------------------------------------------------------------------------------+----+----+-----+-----------+



================================================================
== Interface
================================================================
* Summary: 
+-------------------------------------+-----+-----+------------+--------------------------------+--------------+
|              RTL Ports              | Dir | Bits|  Protocol  |          Source Object         |    C Type    |
+-------------------------------------+-----+-----+------------+--------------------------------+--------------+
|ap_clk                               |   in|    1|  ap_ctrl_hs|  swiftkv_update_value_engine<0>|  return value|
|ap_rst                               |   in|    1|  ap_ctrl_hs|  swiftkv_update_value_engine<0>|  return value|
|ap_start                             |   in|    1|  ap_ctrl_hs|  swiftkv_update_value_engine<0>|  return value|
|ap_done                              |  out|    1|  ap_ctrl_hs|  swiftkv_update_value_engine<0>|  return value|
|ap_continue                          |   in|    1|  ap_ctrl_hs|  swiftkv_update_value_engine<0>|  return value|
|ap_idle                              |  out|    1|  ap_ctrl_hs|  swiftkv_update_value_engine<0>|  return value|
|ap_ready                             |  out|    1|  ap_ctrl_hs|  swiftkv_update_value_engine<0>|  return value|
|engine0_phase_stream_dout            |   in|   57|     ap_fifo|            engine0_phase_stream|       pointer|
|engine0_phase_stream_num_data_valid  |   in|    4|     ap_fifo|            engine0_phase_stream|       pointer|
|engine0_phase_stream_fifo_cap        |   in|    4|     ap_fifo|            engine0_phase_stream|       pointer|
|engine0_phase_stream_empty_n         |   in|    1|     ap_fifo|            engine0_phase_stream|       pointer|
|engine0_phase_stream_read            |  out|    1|     ap_fifo|            engine0_phase_stream|       pointer|
|position_dout                        |   in|   12|     ap_fifo|                        position|       pointer|
|position_num_data_valid              |   in|    3|     ap_fifo|                        position|       pointer|
|position_fifo_cap                    |   in|    3|     ap_fifo|                        position|       pointer|
|position_empty_n                     |   in|    1|     ap_fifo|                        position|       pointer|
|position_read                        |  out|    1|     ap_fifo|                        position|       pointer|
|weighted_value_0_address0            |  out|    3|   ap_memory|                weighted_value_0|         array|
|weighted_value_0_ce0                 |  out|    1|   ap_memory|                weighted_value_0|         array|
|weighted_value_0_q0                  |   in|   32|   ap_memory|                weighted_value_0|         array|
|weighted_value_0_address1            |  out|    3|   ap_memory|                weighted_value_0|         array|
|weighted_value_0_ce1                 |  out|    1|   ap_memory|                weighted_value_0|         array|
|weighted_value_0_we1                 |  out|    1|   ap_memory|                weighted_value_0|         array|
|weighted_value_0_d1                  |  out|   32|   ap_memory|                weighted_value_0|         array|
|weighted_value_1_address0            |  out|    3|   ap_memory|                weighted_value_1|         array|
|weighted_value_1_ce0                 |  out|    1|   ap_memory|                weighted_value_1|         array|
|weighted_value_1_q0                  |   in|   32|   ap_memory|                weighted_value_1|         array|
|weighted_value_1_address1            |  out|    3|   ap_memory|                weighted_value_1|         array|
|weighted_value_1_ce1                 |  out|    1|   ap_memory|                weighted_value_1|         array|
|weighted_value_1_we1                 |  out|    1|   ap_memory|                weighted_value_1|         array|
|weighted_value_1_d1                  |  out|   32|   ap_memory|                weighted_value_1|         array|
|weighted_value_2_address0            |  out|    3|   ap_memory|                weighted_value_2|         array|
|weighted_value_2_ce0                 |  out|    1|   ap_memory|                weighted_value_2|         array|
|weighted_value_2_q0                  |   in|   32|   ap_memory|                weighted_value_2|         array|
|weighted_value_2_address1            |  out|    3|   ap_memory|                weighted_value_2|         array|
|weighted_value_2_ce1                 |  out|    1|   ap_memory|                weighted_value_2|         array|
|weighted_value_2_we1                 |  out|    1|   ap_memory|                weighted_value_2|         array|
|weighted_value_2_d1                  |  out|   32|   ap_memory|                weighted_value_2|         array|
|weighted_value_3_address0            |  out|    3|   ap_memory|                weighted_value_3|         array|
|weighted_value_3_ce0                 |  out|    1|   ap_memory|                weighted_value_3|         array|
|weighted_value_3_q0                  |   in|   32|   ap_memory|                weighted_value_3|         array|
|weighted_value_3_address1            |  out|    3|   ap_memory|                weighted_value_3|         array|
|weighted_value_3_ce1                 |  out|    1|   ap_memory|                weighted_value_3|         array|
|weighted_value_3_we1                 |  out|    1|   ap_memory|                weighted_value_3|         array|
|weighted_value_3_d1                  |  out|   32|   ap_memory|                weighted_value_3|         array|
+-------------------------------------+-----+-----+------------+--------------------------------+--------------+

