

================================================================
== Vitis HLS Report for 'swiftkv_route_compressed_kv_cache_Pipeline_route_cached_compressed_kv_loop'
================================================================
* Date:           Tue Aug 11 09:18:08 2026

* Version:        2023.2 (Build 4023990 on Oct 11 2023)
* Project:        proj_int4_decoder_xo
* Solution:       solution1 (Vitis Kernel Flow Target)
* Product family: virtexuplus
* Target device:  xcu250-figd2104-2L-e


================================================================
== Performance Estimates
================================================================
+ Timing: 
    * Summary: 
    +--------+---------+----------+------------+
    |  Clock |  Target | Estimated| Uncertainty|
    +--------+---------+----------+------------+
    |ap_clk  |  3.33 ns|  2.616 ns|     0.90 ns|
    +--------+---------+----------+------------+

+ Latency: 
    * Summary: 
    +---------+---------+----------+-----------+-----+-------+---------+
    |  Latency (cycles) |  Latency (absolute)  |   Interval  | Pipeline|
    |   min   |   max   |    min   |    max    | min |  max  |   Type  |
    +---------+---------+----------+-----------+-----+-------+---------+
    |        2|    20477|  6.666 ns|  68.250 us|    2|  20477|       no|
    +---------+---------+----------+-----------+-----+-------+---------+

    + Detail: 
        * Instance: 
        N/A

        * Loop: 
        +-----------------------------------+---------+---------+----------+-----------+-----------+-----------+----------+
        |                                   |  Latency (cycles) | Iteration|  Initiation Interval  |    Trip   |          |
        |             Loop Name             |   min   |   max   |  Latency |  achieved |   target  |   Count   | Pipelined|
        +-----------------------------------+---------+---------+----------+-----------+-----------+-----------+----------+
        |- route_cached_compressed_kv_loop  |        0|    20475|         2|          1|          1|  0 ~ 20475|       yes|
        +-----------------------------------+---------+---------+----------+-----------+-----------+-----------+----------+



================================================================
== Utilization Estimates
================================================================
* Summary: 
+---------------------+---------+-------+---------+---------+------+
|         Name        | BRAM_18K|  DSP  |    FF   |   LUT   | URAM |
+---------------------+---------+-------+---------+---------+------+
|DSP                  |        -|      -|        -|        -|     -|
|Expression           |        -|      -|        0|      111|     -|
|FIFO                 |        -|      -|        -|        -|     -|
|Instance             |        -|      -|        -|        -|     -|
|Memory               |        -|      -|        -|        -|     -|
|Multiplexer          |        -|      -|        -|      171|     -|
|Register             |        -|      -|       36|        -|     -|
+---------------------+---------+-------+---------+---------+------+
|Total                |        0|      0|       36|      282|     0|
+---------------------+---------+-------+---------+---------+------+
|Available SLR        |     1344|   3072|   864000|   432000|   320|
+---------------------+---------+-------+---------+---------+------+
|Utilization SLR (%)  |        0|      0|       ~0|       ~0|     0|
+---------------------+---------+-------+---------+---------+------+
|Available            |     5376|  12288|  3456000|  1728000|  1280|
+---------------------+---------+-------+---------+---------+------+
|Utilization (%)      |        0|      0|       ~0|       ~0|     0|
+---------------------+---------+-------+---------+---------+------+

+ Detail: 
    * Instance: 
    N/A

    * DSP: 
    N/A

    * Memory: 
    N/A

    * FIFO: 
    N/A

    * Expression: 
    +----------------------------------+----------+----+---+----+------------+------------+
    |           Variable Name          | Operation| DSP| FF| LUT| Bitwidth P0| Bitwidth P1|
    +----------------------------------+----------+----+---+----+------------+------------+
    |add_ln712_2_fu_442_p2             |         +|   0|  0|  22|          15|           1|
    |word_5_fu_432_p2                  |         +|   0|  0|  22|          15|           1|
    |ap_block_pp0_stage0_01001         |       and|   0|  0|   2|           1|           1|
    |ap_predicate_op110_write_state2   |       and|   0|  0|   2|           1|           1|
    |icmp_ln712_1_fu_448_p2            |      icmp|   0|  0|  22|          15|           3|
    |icmp_ln712_fu_426_p2              |      icmp|   0|  0|  22|          15|          15|
    |ap_block_state2_pp0_stage0_iter1  |        or|   0|  0|   2|           1|           1|
    |select_ln712_fu_454_p3            |    select|   0|  0|  15|           1|          15|
    |ap_enable_pp0                     |       xor|   0|  0|   2|           1|           2|
    +----------------------------------+----------+----+---+----+------------+------------+
    |Total                             |          |   0|  0| 111|          65|          40|
    +----------------------------------+----------+----+---+----+------------+------------+

    * Multiplexer: 
    +--------------------------------+----+-----------+-----+-----------+
    |              Name              | LUT| Input Size| Bits| Total Bits|
    +--------------------------------+----+-----------+-----+-----------+
    |ap_done_int                     |   9|          2|    1|          2|
    |ap_enable_reg_pp0_iter1         |   9|          2|    1|          2|
    |ap_sig_allocacmp_phi_urem_load  |   9|          2|   15|         30|
    |ap_sig_allocacmp_word_4         |   9|          2|   15|         30|
    |cached_kv_word_stream_blk_n     |   9|          2|    1|          2|
    |key0_stream_blk_n               |   9|          2|    1|          2|
    |key1_stream_blk_n               |   9|          2|    1|          2|
    |key_metadata_stream_blk_n       |   9|          2|    1|          2|
    |phi_urem_fu_154                 |   9|          2|   15|         30|
    |value0_engine0_stream_blk_n     |   9|          2|    1|          2|
    |value0_engine1_stream_blk_n     |   9|          2|    1|          2|
    |value0_engine2_stream_blk_n     |   9|          2|    1|          2|
    |value0_engine3_stream_blk_n     |   9|          2|    1|          2|
    |value1_engine0_stream_blk_n     |   9|          2|    1|          2|
    |value1_engine1_stream_blk_n     |   9|          2|    1|          2|
    |value1_engine2_stream_blk_n     |   9|          2|    1|          2|
    |value1_engine3_stream_blk_n     |   9|          2|    1|          2|
    |value_metadata_stream_blk_n     |   9|          2|    1|          2|
    |word_fu_158                     |   9|          2|   15|         30|
    +--------------------------------+----+-----------+-----+-----------+
    |Total                           | 171|         38|   75|        150|
    +--------------------------------+----+-----------+-----+-----------+

    * Register: 
    +-------------------------+----+----+-----+-----------+
    |           Name          | FF | LUT| Bits| Const Bits|
    +-------------------------+----+----+-----+-----------+
    |ap_CS_fsm                |   1|   0|    1|          0|
    |ap_done_reg              |   1|   0|    1|          0|
    |ap_enable_reg_pp0_iter1  |   1|   0|    1|          0|
    |phi_urem_fu_154          |  15|   0|   15|          0|
    |trunc_ln624_reg_607      |   3|   0|    3|          0|
    |word_fu_158              |  15|   0|   15|          0|
    +-------------------------+----+----+-----+-----------+
    |Total                    |  36|   0|   36|          0|
    +-------------------------+----+----+-----+-----------+



================================================================
== Interface
================================================================
* Summary: 
+--------------------------------------+-----+-----+------------+----------------------------------------------------------------------------+--------------+
|               RTL Ports              | Dir | Bits|  Protocol  |                                Source Object                               |    C Type    |
+--------------------------------------+-----+-----+------------+----------------------------------------------------------------------------+--------------+
|ap_clk                                |   in|    1|  ap_ctrl_hs|  swiftkv_route_compressed_kv_cache_Pipeline_route_cached_compressed_kv_loop|  return value|
|ap_rst                                |   in|    1|  ap_ctrl_hs|  swiftkv_route_compressed_kv_cache_Pipeline_route_cached_compressed_kv_loop|  return value|
|ap_start                              |   in|    1|  ap_ctrl_hs|  swiftkv_route_compressed_kv_cache_Pipeline_route_cached_compressed_kv_loop|  return value|
|ap_done                               |  out|    1|  ap_ctrl_hs|  swiftkv_route_compressed_kv_cache_Pipeline_route_cached_compressed_kv_loop|  return value|
|ap_idle                               |  out|    1|  ap_ctrl_hs|  swiftkv_route_compressed_kv_cache_Pipeline_route_cached_compressed_kv_loop|  return value|
|ap_ready                              |  out|    1|  ap_ctrl_hs|  swiftkv_route_compressed_kv_cache_Pipeline_route_cached_compressed_kv_loop|  return value|
|cached_kv_word_stream_dout            |   in|  512|     ap_fifo|                                                       cached_kv_word_stream|       pointer|
|cached_kv_word_stream_num_data_valid  |   in|    7|     ap_fifo|                                                       cached_kv_word_stream|       pointer|
|cached_kv_word_stream_fifo_cap        |   in|    7|     ap_fifo|                                                       cached_kv_word_stream|       pointer|
|cached_kv_word_stream_empty_n         |   in|    1|     ap_fifo|                                                       cached_kv_word_stream|       pointer|
|cached_kv_word_stream_read            |  out|    1|     ap_fifo|                                                       cached_kv_word_stream|       pointer|
|value0_engine0_stream_din             |  out|  128|     ap_fifo|                                                       value0_engine0_stream|       pointer|
|value0_engine0_stream_num_data_valid  |   in|    6|     ap_fifo|                                                       value0_engine0_stream|       pointer|
|value0_engine0_stream_fifo_cap        |   in|    6|     ap_fifo|                                                       value0_engine0_stream|       pointer|
|value0_engine0_stream_full_n          |   in|    1|     ap_fifo|                                                       value0_engine0_stream|       pointer|
|value0_engine0_stream_write           |  out|    1|     ap_fifo|                                                       value0_engine0_stream|       pointer|
|value0_engine1_stream_din             |  out|  128|     ap_fifo|                                                       value0_engine1_stream|       pointer|
|value0_engine1_stream_num_data_valid  |   in|    6|     ap_fifo|                                                       value0_engine1_stream|       pointer|
|value0_engine1_stream_fifo_cap        |   in|    6|     ap_fifo|                                                       value0_engine1_stream|       pointer|
|value0_engine1_stream_full_n          |   in|    1|     ap_fifo|                                                       value0_engine1_stream|       pointer|
|value0_engine1_stream_write           |  out|    1|     ap_fifo|                                                       value0_engine1_stream|       pointer|
|value0_engine2_stream_din             |  out|  128|     ap_fifo|                                                       value0_engine2_stream|       pointer|
|value0_engine2_stream_num_data_valid  |   in|    6|     ap_fifo|                                                       value0_engine2_stream|       pointer|
|value0_engine2_stream_fifo_cap        |   in|    6|     ap_fifo|                                                       value0_engine2_stream|       pointer|
|value0_engine2_stream_full_n          |   in|    1|     ap_fifo|                                                       value0_engine2_stream|       pointer|
|value0_engine2_stream_write           |  out|    1|     ap_fifo|                                                       value0_engine2_stream|       pointer|
|value0_engine3_stream_din             |  out|  128|     ap_fifo|                                                       value0_engine3_stream|       pointer|
|value0_engine3_stream_num_data_valid  |   in|    6|     ap_fifo|                                                       value0_engine3_stream|       pointer|
|value0_engine3_stream_fifo_cap        |   in|    6|     ap_fifo|                                                       value0_engine3_stream|       pointer|
|value0_engine3_stream_full_n          |   in|    1|     ap_fifo|                                                       value0_engine3_stream|       pointer|
|value0_engine3_stream_write           |  out|    1|     ap_fifo|                                                       value0_engine3_stream|       pointer|
|key1_stream_din                       |  out|  512|     ap_fifo|                                                                 key1_stream|       pointer|
|key1_stream_num_data_valid            |   in|    6|     ap_fifo|                                                                 key1_stream|       pointer|
|key1_stream_fifo_cap                  |   in|    6|     ap_fifo|                                                                 key1_stream|       pointer|
|key1_stream_full_n                    |   in|    1|     ap_fifo|                                                                 key1_stream|       pointer|
|key1_stream_write                     |  out|    1|     ap_fifo|                                                                 key1_stream|       pointer|
|key0_stream_din                       |  out|  512|     ap_fifo|                                                                 key0_stream|       pointer|
|key0_stream_num_data_valid            |   in|    6|     ap_fifo|                                                                 key0_stream|       pointer|
|key0_stream_fifo_cap                  |   in|    6|     ap_fifo|                                                                 key0_stream|       pointer|
|key0_stream_full_n                    |   in|    1|     ap_fifo|                                                                 key0_stream|       pointer|
|key0_stream_write                     |  out|    1|     ap_fifo|                                                                 key0_stream|       pointer|
|key_metadata_stream_din               |  out|   40|     ap_fifo|                                                         key_metadata_stream|       pointer|
|key_metadata_stream_num_data_valid    |   in|    6|     ap_fifo|                                                         key_metadata_stream|       pointer|
|key_metadata_stream_fifo_cap          |   in|    6|     ap_fifo|                                                         key_metadata_stream|       pointer|
|key_metadata_stream_full_n            |   in|    1|     ap_fifo|                                                         key_metadata_stream|       pointer|
|key_metadata_stream_write             |  out|    1|     ap_fifo|                                                         key_metadata_stream|       pointer|
|value_metadata_stream_din             |  out|   40|     ap_fifo|                                                       value_metadata_stream|       pointer|
|value_metadata_stream_num_data_valid  |   in|    6|     ap_fifo|                                                       value_metadata_stream|       pointer|
|value_metadata_stream_fifo_cap        |   in|    6|     ap_fifo|                                                       value_metadata_stream|       pointer|
|value_metadata_stream_full_n          |   in|    1|     ap_fifo|                                                       value_metadata_stream|       pointer|
|value_metadata_stream_write           |  out|    1|     ap_fifo|                                                       value_metadata_stream|       pointer|
|value1_engine0_stream_din             |  out|  128|     ap_fifo|                                                       value1_engine0_stream|       pointer|
|value1_engine0_stream_num_data_valid  |   in|    6|     ap_fifo|                                                       value1_engine0_stream|       pointer|
|value1_engine0_stream_fifo_cap        |   in|    6|     ap_fifo|                                                       value1_engine0_stream|       pointer|
|value1_engine0_stream_full_n          |   in|    1|     ap_fifo|                                                       value1_engine0_stream|       pointer|
|value1_engine0_stream_write           |  out|    1|     ap_fifo|                                                       value1_engine0_stream|       pointer|
|value1_engine1_stream_din             |  out|  128|     ap_fifo|                                                       value1_engine1_stream|       pointer|
|value1_engine1_stream_num_data_valid  |   in|    6|     ap_fifo|                                                       value1_engine1_stream|       pointer|
|value1_engine1_stream_fifo_cap        |   in|    6|     ap_fifo|                                                       value1_engine1_stream|       pointer|
|value1_engine1_stream_full_n          |   in|    1|     ap_fifo|                                                       value1_engine1_stream|       pointer|
|value1_engine1_stream_write           |  out|    1|     ap_fifo|                                                       value1_engine1_stream|       pointer|
|value1_engine2_stream_din             |  out|  128|     ap_fifo|                                                       value1_engine2_stream|       pointer|
|value1_engine2_stream_num_data_valid  |   in|    6|     ap_fifo|                                                       value1_engine2_stream|       pointer|
|value1_engine2_stream_fifo_cap        |   in|    6|     ap_fifo|                                                       value1_engine2_stream|       pointer|
|value1_engine2_stream_full_n          |   in|    1|     ap_fifo|                                                       value1_engine2_stream|       pointer|
|value1_engine2_stream_write           |  out|    1|     ap_fifo|                                                       value1_engine2_stream|       pointer|
|value1_engine3_stream_din             |  out|  128|     ap_fifo|                                                       value1_engine3_stream|       pointer|
|value1_engine3_stream_num_data_valid  |   in|    6|     ap_fifo|                                                       value1_engine3_stream|       pointer|
|value1_engine3_stream_fifo_cap        |   in|    6|     ap_fifo|                                                       value1_engine3_stream|       pointer|
|value1_engine3_stream_full_n          |   in|    1|     ap_fifo|                                                       value1_engine3_stream|       pointer|
|value1_engine3_stream_write           |  out|    1|     ap_fifo|                                                       value1_engine3_stream|       pointer|
|add_ln712                             |   in|   15|     ap_none|                                                                   add_ln712|        scalar|
+--------------------------------------+-----+-----+------------+----------------------------------------------------------------------------+--------------+

